
Note: Compatibility modes selected: hs a


Circuit: * amp-openloop @ res_ss_-40c_3.30v -- generated by sim/harness, do not edit

Doing analysis at TEMP = -40.000000 and TNOM = 27.000000

Using SPARSE 1.3 as Direct Linear Solver
 Reference value :  0.00000e+00
No. of Data Rows : 1
Doing analysis at TEMP = -40.000000 and TNOM = 27.000000

Using SPARSE 1.3 as Direct Linear Solver

No. of Data Rows : 401
a0_db               =  1.12503e+02
ugbw_hz             =  2.70706e+06
ph_ugbw             =  1.50058e+02
g1k_db              =  5.76446e+01
ph1k                =  -8.86645e+01
a0ll_db             =  1.11326e+02
g1kll_db            =  5.83517e+01
a0dr_db             =  1.08217e+02
g1kdr_db            =  5.29215e+01
apk_db              =  2.51218e+01 at=  2.11349e+05
a200k_db            =  2.51849e+01
apkll_db            =  3.67985e+01 at=  2.11349e+05
a200kll_db          =  3.72319e+01
Doing analysis at TEMP = -40.000000 and TNOM = 27.000000

Using SPARSE 1.3 as Direct Linear Solver
 Reference value :  1.00000e+03
No. of Data Rows : 1
m_a0_db = 1.1250310000e+02
m_ugbw_khz = 2.7070560000e+03
m_pm_deg = 3.3005840000e+02
m_gain_1k_db = 5.7644590000e+01
m_phase_1k_deg = -8.866454000e+01
m_a0_lightload_db = 1.1132590000e+02
m_gain_1k_lightload_db = 5.8351700000e+01
m_a0_dropout_db = 1.0821700000e+02
m_gain_1k_dropout_db = 5.2921530000e+01
m_vos_sys_uv = 3.4981977349e+02
m_iq_ua = 7.1487703893e+00
m_iq_dropout_ua = 3.7661503671e+00
m_tail_hdr_mv = 3.8007487834e+02
m_tail_hdr_dropout_mv = 3.9762220048e+02
m_vg_pulldown_mv = 5.2821266619e-04
m_vg_pullup_hdr_mv = 3.9853804505e-02
m_peak_excess_db = -6.308000000e-02
m_peak_excess_lightload_db = -4.333300000e-01
Note: Simulation executed from .control section 

Warning: m=xx on .subckt line will override multiplier m hierarchy!

Note: Starting dynamic gmin stepping
Note: Dynamic gmin stepping completed
Note: Starting dynamic gmin stepping
Note: Dynamic gmin stepping completed
Note: Starting dynamic gmin stepping
Note: Dynamic gmin stepping completed
