
Note: Compatibility modes selected: hs a


Circuit: * loop-stability -- tian dual-injection loop-gain testbench for ldo_core (issue #10)

* corner_id=tt_125c_2.97v corner=tt temp_c=125 vin_v=2.97
* ac sweep: dec 400 0.01 1e9 ; Tian dual injection at ERRAMP_OUT->PASS_GATE
* columns: ROW iload_a= ceff_f= esr_ohm= vout_v= dcgain_db= f0_hz= phase_at_f0_deg=
*          f180_hz= gain_at_f180_db= f0_rising_hz= resurgence_db=
* (phase margin = 180 + phase_at_f0_deg ; gain margin = -gain_at_f180_db ;
*  resurgence_db = max |T| in dB above the first 0 dB crossing, DR-0008 ;
*  an empty f180/gain field means the phase never reaches -180 deg in band)
* Fields are written key=value BECAUSE a failed meas leaves its value
* empty: with bare positional fields an empty one vanishes into the
* whitespace and every field after it is read as the wrong quantity.
Doing analysis at TEMP = 125.000000 and TNOM = 27.000000

Using SPARSE 1.3 as Direct Linear Solver
 Reference value :  0.00000e+00
No. of Data Rows : 1
Doing analysis at TEMP = 125.000000 and TNOM = 27.000000

Using SPARSE 1.3 as Direct Linear Solver
 Reference value :  2.01837e-01
No. of Data Rows : 4401
Doing analysis at TEMP = 125.000000 and TNOM = 27.000000

Using SPARSE 1.3 as Direct Linear Solver
 Reference value :  1.00000e-02
No. of Data Rows : 4401
dcg                 =  1.25590e+02
f0                  =  1.88873e+03
phx                 =  -1.63134e+02
f180                =  3.37942e+05
gmx                 =  -6.24661e+01
 meas ac f0r when tdb=0 rise=1 failed!

tres                =  -8.15191e-01 at=  1.98381e+03
ROW iload_a=0 ceff_f=3.3e-07 esr_ohm=0.001 vout_v=1.7992 dcgain_db=125.59 f0_hz=1888.73 phase_at_f0_deg=-163.134 f180_hz=337942 gain_at_f180_db=-62.4661 f0_rising_hz= resurgence_db=-0.815191
Doing analysis at TEMP = 125.000000 and TNOM = 27.000000

Using SPARSE 1.3 as Direct Linear Solver
 Reference value :  0.00000e+00
No. of Data Rows : 1
Doing analysis at TEMP = 125.000000 and TNOM = 27.000000

Using SPARSE 1.3 as Direct Linear Solver
 Reference value :  4.67735e+03
No. of Data Rows : 4401
Doing analysis at TEMP = 125.000000 and TNOM = 27.000000

Using SPARSE 1.3 as Direct Linear Solver
 Reference value :  1.00000e-02
No. of Data Rows : 4401
dcg                 =  1.25590e+02
f0                  =  1.88873e+03
phx                 =  -1.63123e+02
f180                =  3.55870e+05
gmx                 =  -6.33231e+01
 meas ac f0r when tdb=0 rise=1 failed!

tres                =  -8.15192e-01 at=  1.98381e+03
ROW iload_a=0 ceff_f=3.3e-07 esr_ohm=0.05 vout_v=1.7992 dcgain_db=125.59 f0_hz=1888.73 phase_at_f0_deg=-163.123 f180_hz=355870 gain_at_f180_db=-63.323 f0_rising_hz= resurgence_db=-0.815192
Doing analysis at TEMP = 125.000000 and TNOM = 27.000000

Using SPARSE 1.3 as Direct Linear Solver
 Reference value :  0.00000e+00
No. of Data Rows : 1
Doing analysis at TEMP = 125.000000 and TNOM = 27.000000

Using SPARSE 1.3 as Direct Linear Solver
 Reference value :  1.32587e+06
No. of Data Rows : 4401
Doing analysis at TEMP = 125.000000 and TNOM = 27.000000

Using SPARSE 1.3 as Direct Linear Solver
 Reference value :  1.44544e+03
No. of Data Rows : 4401
dcg                 =  1.25590e+02
f0                  =  1.88873e+03
phx                 =  -1.63089e+02
f180                =  4.33760e+05
gmx                 =  -6.65596e+01
 meas ac f0r when tdb=0 rise=1 failed!

tres                =  -8.15191e-01 at=  1.98381e+03
ROW iload_a=0 ceff_f=3.3e-07 esr_ohm=0.2 vout_v=1.7992 dcgain_db=125.59 f0_hz=1888.73 phase_at_f0_deg=-163.089 f180_hz=433760 gain_at_f180_db=-66.5596 f0_rising_hz= resurgence_db=-0.815191
Doing analysis at TEMP = 125.000000 and TNOM = 27.000000

Using SPARSE 1.3 as Direct Linear Solver

No. of Data Rows : 1
Doing analysis at TEMP = 125.000000 and TNOM = 27.000000

Using SPARSE 1.3 as Direct Linear Solver
 Reference value :  1.00000e-02
No. of Data Rows : 4401
Doing analysis at TEMP = 125.000000 and TNOM = 27.000000

Using SPARSE 1.3 as Direct Linear Solver
 Reference value :  1.00000e-02
No. of Data Rows : 4401
dcg                 =  1.25590e+02
f0                  =  1.88873e+03
phx                 =  -1.63022e+02
f180                =  9.09473e+05
gmx                 =  -7.77135e+01
 meas ac f0r when tdb=0 rise=1 failed!

tres                =  -8.15179e-01 at=  1.98381e+03
ROW iload_a=0 ceff_f=3.3e-07 esr_ohm=0.5 vout_v=1.7992 dcgain_db=125.59 f0_hz=1888.73 phase_at_f0_deg=-163.022 f180_hz=909473 gain_at_f180_db=-77.7135 f0_rising_hz= resurgence_db=-0.815179
Doing analysis at TEMP = 125.000000 and TNOM = 27.000000

Using SPARSE 1.3 as Direct Linear Solver
 Reference value :  0.00000e+00
No. of Data Rows : 1
Doing analysis at TEMP = 125.000000 and TNOM = 27.000000

Using SPARSE 1.3 as Direct Linear Solver
 Reference value :  2.66073e+04
No. of Data Rows : 4401
Doing analysis at TEMP = 125.000000 and TNOM = 27.000000

Using SPARSE 1.3 as Direct Linear Solver
 Reference value :  1.34122e-02
No. of Data Rows : 4401
dcg                 =  1.25582e+02
f0                  =  1.06891e+03
phx                 =  -1.70165e+02
f180                =  3.34482e+05
gmx                 =  -7.19484e+01
 meas ac f0r when tdb=0 rise=1 failed!

tres                =  -9.28086e-01 at=  1.12850e+03
ROW iload_a=0 ceff_f=1e-06 esr_ohm=0.001 vout_v=1.7992 dcgain_db=125.582 f0_hz=1068.91 phase_at_f0_deg=-170.165 f180_hz=334482 gain_at_f180_db=-71.9484 f0_rising_hz= resurgence_db=-0.928087
Doing analysis at TEMP = 125.000000 and TNOM = 27.000000

Using SPARSE 1.3 as Direct Linear Solver
 Reference value :  0.00000e+00
No. of Data Rows : 1
Doing analysis at TEMP = 125.000000 and TNOM = 27.000000

Using SPARSE 1.3 as Direct Linear Solver
 Reference value :  4.67735e+03
No. of Data Rows : 4401
Doing analysis at TEMP = 125.000000 and TNOM = 27.000000

Using SPARSE 1.3 as Direct Linear Solver
 Reference value :  3.93550e-02
No. of Data Rows : 4401
dcg                 =  1.25582e+02
f0                  =  1.06891e+03
phx                 =  -1.70147e+02
f180                =  3.97887e+05
gmx                 =  -7.48508e+01
 meas ac f0r when tdb=0 rise=1 failed!

tres                =  -9.28087e-01 at=  1.12850e+03
ROW iload_a=0 ceff_f=1e-06 esr_ohm=0.05 vout_v=1.7992 dcgain_db=125.582 f0_hz=1068.91 phase_at_f0_deg=-170.147 f180_hz=397887 gain_at_f180_db=-74.8508 f0_rising_hz= resurgence_db=-0.928087
Doing analysis at TEMP = 125.000000 and TNOM = 27.000000

Using SPARSE 1.3 as Direct Linear Solver
 Reference value :  0.00000e+00
No. of Data Rows : 1
Doing analysis at TEMP = 125.000000 and TNOM = 27.000000

Using SPARSE 1.3 as Direct Linear Solver
 Reference value :  5.37032e+03
No. of Data Rows : 4401
Doing analysis at TEMP = 125.000000 and TNOM = 27.000000

Using SPARSE 1.3 as Direct Linear Solver
 Reference value :  1.00000e-02
No. of Data Rows : 4401
dcg                 =  1.25582e+02
f0                  =  1.06891e+03
phx                 =  -1.70089e+02
f180                =  6.36209e+06
gmx                 =  -8.09867e+01
 meas ac f0r when tdb=0 rise=1 failed!

tres                =  -9.28080e-01 at=  1.12850e+03
ROW iload_a=0 ceff_f=1e-06 esr_ohm=0.2 vout_v=1.7992 dcgain_db=125.582 f0_hz=1068.91 phase_at_f0_deg=-170.089 f180_hz=6.36209E+06 gain_at_f180_db=-80.9867 f0_rising_hz= resurgence_db=-0.92808
Doing analysis at TEMP = 125.000000 and TNOM = 27.000000

Using SPARSE 1.3 as Direct Linear Solver
 Reference value :  0.00000e+00
No. of Data Rows : 1
Doing analysis at TEMP = 125.000000 and TNOM = 27.000000

Using SPARSE 1.3 as Direct Linear Solver
 Reference value :  4.19276e+01
No. of Data Rows : 4401
Doing analysis at TEMP = 125.000000 and TNOM = 27.000000

Using SPARSE 1.3 as Direct Linear Solver
 Reference value :  1.00000e-02
 Reference value :  4.34010e+08
No. of Data Rows : 4401
dcg                 =  1.25582e+02
f0                  =  1.06891e+03
phx                 =  -1.69973e+02
f180                =  6.27555e+06
gmx                 =  -8.11375e+01
 meas ac f0r when tdb=0 rise=1 failed!

tres                =  -9.28038e-01 at=  1.12850e+03
ROW iload_a=0 ceff_f=1e-06 esr_ohm=0.5 vout_v=1.7992 dcgain_db=125.582 f0_hz=1068.91 phase_at_f0_deg=-169.973 f180_hz=6.27555E+06 gain_at_f180_db=-81.1375 f0_rising_hz= resurgence_db=-0.928038
Doing analysis at TEMP = 125.000000 and TNOM = 27.000000

Using SPARSE 1.3 as Direct Linear Solver

No. of Data Rows : 1
Doing analysis at TEMP = 125.000000 and TNOM = 27.000000

Using SPARSE 1.3 as Direct Linear Solver
 Reference value :  1.00000e-02
 Reference value :  7.07946e+08
No. of Data Rows : 4401
Doing analysis at TEMP = 125.000000 and TNOM = 27.000000

Using SPARSE 1.3 as Direct Linear Solver
 Reference value :  2.20039e-02
No. of Data Rows : 4401
dcg                 =  1.25400e+02
f0                  =  4.90201e+02
phx                 =  -1.75209e+02
f180                =  3.16440e+05
gmx                 =  -8.45472e+01
 meas ac f0r when tdb=0 rise=1 failed!

tres                =  -8.82168e-01 at=  5.15822e+02
ROW iload_a=0 ceff_f=4.7e-06 esr_ohm=0.001 vout_v=1.7992 dcgain_db=125.4 f0_hz=490.2 phase_at_f0_deg=-175.208 f180_hz=316440 gain_at_f180_db=-84.5472 f0_rising_hz= resurgence_db=-0.882168
Doing analysis at TEMP = 125.000000 and TNOM = 27.000000

Using SPARSE 1.3 as Direct Linear Solver
 Reference value :  0.00000e+00
No. of Data Rows : 1
Doing analysis at TEMP = 125.000000 and TNOM = 27.000000

Using SPARSE 1.3 as Direct Linear Solver
 Reference value :  2.30409e-02
No. of Data Rows : 4401
Doing analysis at TEMP = 125.000000 and TNOM = 27.000000

Using SPARSE 1.3 as Direct Linear Solver
 Reference value :  1.00000e-02
No. of Data Rows : 4401
dcg                 =  1.25400e+02
f0                  =  4.90201e+02
phx                 =  -1.75168e+02
f180                =  6.39661e+06
gmx                 =  -8.09027e+01
 meas ac f0r when tdb=0 rise=1 failed!

tres                =  -8.82166e-01 at=  5.15822e+02
ROW iload_a=0 ceff_f=4.7e-06 esr_ohm=0.05 vout_v=1.7992 dcgain_db=125.4 f0_hz=490.201 phase_at_f0_deg=-175.168 f180_hz=6.39661E+06 gain_at_f180_db=-80.9027 f0_rising_hz= resurgence_db=-0.882166
Doing analysis at TEMP = 125.000000 and TNOM = 27.000000

Using SPARSE 1.3 as Direct Linear Solver
 Reference value :  0.00000e+00
No. of Data Rows : 1
Doing analysis at TEMP = 125.000000 and TNOM = 27.000000

Using SPARSE 1.3 as Direct Linear Solver
 Reference value :  6.16595e-02
No. of Data Rows : 4401
Doing analysis at TEMP = 125.000000 and TNOM = 27.000000

Using SPARSE 1.3 as Direct Linear Solver
 Reference value :  1.00000e-02
 Reference value :  1.70805e+08
No. of Data Rows : 4401
dcg                 =  1.25400e+02
f0                  =  4.90202e+02
phx                 =  -1.75043e+02
f180                =  6.35576e+06
gmx                 =  -8.09754e+01
 meas ac f0r when tdb=0 rise=1 failed!

tres                =  -8.82130e-01 at=  5.15822e+02
ROW iload_a=0 ceff_f=4.7e-06 esr_ohm=0.2 vout_v=1.7992 dcgain_db=125.4 f0_hz=490.201 phase_at_f0_deg=-175.043 f180_hz=6.35576E+06 gain_at_f180_db=-80.9754 f0_rising_hz= resurgence_db=-0.88213
Doing analysis at TEMP = 125.000000 and TNOM = 27.000000

Using SPARSE 1.3 as Direct Linear Solver
 Reference value :  0.00000e+00
No. of Data Rows : 1
Doing analysis at TEMP = 125.000000 and TNOM = 27.000000

Using SPARSE 1.3 as Direct Linear Solver
 Reference value :  1.58489e-02
 Reference value :  4.44120e+08
No. of Data Rows : 4401
Doing analysis at TEMP = 125.000000 and TNOM = 27.000000

Using SPARSE 1.3 as Direct Linear Solver
 Reference value :  1.00000e-02
 Reference value :  6.83912e+08
No. of Data Rows : 4401
dcg                 =  1.25400e+02
f0                  =  4.90207e+02
phx                 =  -1.74795e+02
f180                =  6.26892e+06
gmx                 =  -8.11256e+01
 meas ac f0r when tdb=0 rise=1 failed!

tres                =  -8.81922e-01 at=  5.15822e+02
ROW iload_a=0 ceff_f=4.7e-06 esr_ohm=0.5 vout_v=1.7992 dcgain_db=125.4 f0_hz=490.207 phase_at_f0_deg=-174.795 f180_hz=6.26892E+06 gain_at_f180_db=-81.1256 f0_rising_hz= resurgence_db=-0.881922
Doing analysis at TEMP = 125.000000 and TNOM = 27.000000

Using SPARSE 1.3 as Direct Linear Solver
 Reference value :  0.00000e+00
No. of Data Rows : 1
Doing analysis at TEMP = 125.000000 and TNOM = 27.000000

Using SPARSE 1.3 as Direct Linear Solver
 Reference value :  1.00000e-02
 Reference value :  6.02560e+08
No. of Data Rows : 4401
Doing analysis at TEMP = 125.000000 and TNOM = 27.000000

Using SPARSE 1.3 as Direct Linear Solver
 Reference value :  1.00000e-02
 Reference value :  2.78612e+08
No. of Data Rows : 4401
dcg                 =  1.40435e+02
f0                  =  5.92800e+04
phx                 =  -1.12217e+02
f180                =  4.03453e+05
gmx                 =  -2.43184e+01
 meas ac f0r when tdb=0 rise=1 failed!

tres                =  -4.41614e-01 at=  6.23735e+04
ROW iload_a=0.0001 ceff_f=3.3e-07 esr_ohm=0.001 vout_v=1.7992 dcgain_db=140.435 f0_hz=59280 phase_at_f0_deg=-112.217 f180_hz=403453 gain_at_f180_db=-24.3184 f0_rising_hz= resurgence_db=-0.441615
Doing analysis at TEMP = 125.000000 and TNOM = 27.000000

Using SPARSE 1.3 as Direct Linear Solver

No. of Data Rows : 1
Doing analysis at TEMP = 125.000000 and TNOM = 27.000000

Using SPARSE 1.3 as Direct Linear Solver
 Reference value :  1.00000e-02
 Reference value :  2.69153e+08
No. of Data Rows : 4401
Doing analysis at TEMP = 125.000000 and TNOM = 27.000000

Using SPARSE 1.3 as Direct Linear Solver
 Reference value :  2.83465e-02
No. of Data Rows : 4401
dcg                 =  1.40435e+02
f0                  =  6.00030e+04
phx                 =  -1.11433e+02
f180                =  4.36036e+05
gmx                 =  -2.52932e+01
 meas ac f0r when tdb=0 rise=1 failed!

tres                =  -4.34817e-01 at=  6.30957e+04
ROW iload_a=0.0001 ceff_f=3.3e-07 esr_ohm=0.05 vout_v=1.7992 dcgain_db=140.435 f0_hz=60003 phase_at_f0_deg=-111.433 f180_hz=436036 gain_at_f180_db=-25.2932 f0_rising_hz= resurgence_db=-0.434816
Doing analysis at TEMP = 125.000000 and TNOM = 27.000000

Using SPARSE 1.3 as Direct Linear Solver
 Reference value :  0.00000e+00
No. of Data Rows : 1
Doing analysis at TEMP = 125.000000 and TNOM = 27.000000

Using SPARSE 1.3 as Direct Linear Solver
 Reference value :  1.00000e-02
 Reference value :  4.14477e+08
No. of Data Rows : 4401
Doing analysis at TEMP = 125.000000 and TNOM = 27.000000

Using SPARSE 1.3 as Direct Linear Solver
 Reference value :  1.00000e-02
 Reference value :  4.98310e+08
No. of Data Rows : 4401
dcg                 =  1.40435e+02
f0                  =  5.92977e+04
phx                 =  -1.10820e+02
f180                =  5.41258e+05
gmx                 =  -2.91100e+01
 meas ac f0r when tdb=0 rise=1 failed!

tres                =  -4.38764e-01 at=  6.23735e+04
ROW iload_a=0.0001 ceff_f=3.3e-07 esr_ohm=0.2 vout_v=1.7992 dcgain_db=140.435 f0_hz=59297.7 phase_at_f0_deg=-110.82 f180_hz=541258 gain_at_f180_db=-29.11 f0_rising_hz= resurgence_db=-0.438764
Doing analysis at TEMP = 125.000000 and TNOM = 27.000000

Using SPARSE 1.3 as Direct Linear Solver
 Reference value :  0.00000e+00
No. of Data Rows : 1
Doing analysis at TEMP = 125.000000 and TNOM = 27.000000

Using SPARSE 1.3 as Direct Linear Solver
 Reference value :  1.00000e-02
No. of Data Rows : 4401
Doing analysis at TEMP = 125.000000 and TNOM = 27.000000

Using SPARSE 1.3 as Direct Linear Solver
 Reference value :  1.00000e-02
 Reference value :  3.69403e+08
No. of Data Rows : 4401
dcg                 =  1.40435e+02
f0                  =  5.93923e+04
phx                 =  -1.08735e+02
f180                =  1.08612e+06
gmx                 =  -3.86833e+01
 meas ac f0r when tdb=0 rise=1 failed!

tres                =  -4.23628e-01 at=  6.23735e+04
ROW iload_a=0.0001 ceff_f=3.3e-07 esr_ohm=0.5 vout_v=1.7992 dcgain_db=140.435 f0_hz=59392.3 phase_at_f0_deg=-108.735 f180_hz=1.08612E+06 gain_at_f180_db=-38.6833 f0_rising_hz= resurgence_db=-0.423628
Doing analysis at TEMP = 125.000000 and TNOM = 27.000000

Using SPARSE 1.3 as Direct Linear Solver
 Reference value :  0.00000e+00
No. of Data Rows : 1
Doing analysis at TEMP = 125.000000 and TNOM = 27.000000

Using SPARSE 1.3 as Direct Linear Solver
 Reference value :  1.00000e-02
 Reference value :  4.46684e+08
No. of Data Rows : 4401
Doing analysis at TEMP = 125.000000 and TNOM = 27.000000

Using SPARSE 1.3 as Direct Linear Solver
 Reference value :  1.00000e-02
 Reference value :  4.70435e+08
No. of Data Rows : 4401
dcg                 =  1.40435e+02
f0                  =  1.87009e+04
phx                 =  -1.12788e+02
f180                =  4.04347e+05
gmx                 =  -3.39852e+01
 meas ac f0r when tdb=0 rise=1 failed!

tres                =  -4.86661e-01 at=  1.97242e+04
ROW iload_a=0.0001 ceff_f=1e-06 esr_ohm=0.001 vout_v=1.7992 dcgain_db=140.435 f0_hz=18700.9 phase_at_f0_deg=-112.788 f180_hz=404347 gain_at_f180_db=-33.9852 f0_rising_hz= resurgence_db=-0.486661
Doing analysis at TEMP = 125.000000 and TNOM = 27.000000

Using SPARSE 1.3 as Direct Linear Solver

No. of Data Rows : 1
Doing analysis at TEMP = 125.000000 and TNOM = 27.000000

Using SPARSE 1.3 as Direct Linear Solver
 Reference value :  1.00000e-02
 Reference value :  2.37137e+08
No. of Data Rows : 4401
Doing analysis at TEMP = 125.000000 and TNOM = 27.000000

Using SPARSE 1.3 as Direct Linear Solver
 Reference value :  2.55564e-02
No. of Data Rows : 4401
dcg                 =  1.40435e+02
f0                  =  1.88349e+04
phx                 =  -1.11954e+02
f180                =  5.06149e+05
gmx                 =  -3.73561e+01
 meas ac f0r when tdb=0 rise=1 failed!

tres                =  -4.71660e-01 at=  1.98381e+04
ROW iload_a=0.0001 ceff_f=1e-06 esr_ohm=0.05 vout_v=1.7992 dcgain_db=140.435 f0_hz=18834.9 phase_at_f0_deg=-111.954 f180_hz=506149 gain_at_f180_db=-37.3561 f0_rising_hz= resurgence_db=-0.471661
Doing analysis at TEMP = 125.000000 and TNOM = 27.000000

Using SPARSE 1.3 as Direct Linear Solver
 Reference value :  0.00000e+00
No. of Data Rows : 1
Doing analysis at TEMP = 125.000000 and TNOM = 27.000000

Using SPARSE 1.3 as Direct Linear Solver
 Reference value :  1.00000e-02
No. of Data Rows : 4401
Doing analysis at TEMP = 125.000000 and TNOM = 27.000000

Using SPARSE 1.3 as Direct Linear Solver
 Reference value :  1.00000e-02
 Reference value :  4.73151e+08
No. of Data Rows : 4401
dcg                 =  1.40435e+02
f0                  =  1.87056e+04
phx                 =  -1.11444e+02
f180                =  1.26823e+06
gmx                 =  -4.95509e+01
 meas ac f0r when tdb=0 rise=1 failed!

tres                =  -4.84050e-01 at=  1.97242e+04
ROW iload_a=0.0001 ceff_f=1e-06 esr_ohm=0.2 vout_v=1.7992 dcgain_db=140.435 f0_hz=18705.6 phase_at_f0_deg=-111.444 f180_hz=1.26823E+06 gain_at_f180_db=-49.5509 f0_rising_hz= resurgence_db=-0.48405
Doing analysis at TEMP = 125.000000 and TNOM = 27.000000

Using SPARSE 1.3 as Direct Linear Solver
 Reference value :  0.00000e+00
No. of Data Rows : 1
Doing analysis at TEMP = 125.000000 and TNOM = 27.000000

Using SPARSE 1.3 as Direct Linear Solver
 Reference value :  1.00000e-02
No. of Data Rows : 4401
Doing analysis at TEMP = 125.000000 and TNOM = 27.000000

Using SPARSE 1.3 as Direct Linear Solver
 Reference value :  1.00000e-02
 Reference value :  1.79887e+08
No. of Data Rows : 4401
dcg                 =  1.40435e+02
f0                  =  1.87310e+04
phx                 =  -1.09399e+02
f180                =  1.72664e+06
gmx                 =  -4.69258e+01
 meas ac f0r when tdb=0 rise=1 failed!

tres                =  -4.70158e-01 at=  1.97242e+04
ROW iload_a=0.0001 ceff_f=1e-06 esr_ohm=0.5 vout_v=1.7992 dcgain_db=140.435 f0_hz=18731 phase_at_f0_deg=-109.399 f180_hz=1.72664E+06 gain_at_f180_db=-46.9258 f0_rising_hz= resurgence_db=-0.470158
Doing analysis at TEMP = 125.000000 and TNOM = 27.000000

Using SPARSE 1.3 as Direct Linear Solver
 Reference value :  0.00000e+00
No. of Data Rows : 1
Doing analysis at TEMP = 125.000000 and TNOM = 27.000000

Using SPARSE 1.3 as Direct Linear Solver
 Reference value :  1.00000e-02
 Reference value :  7.80728e+08
No. of Data Rows : 4401
Doing analysis at TEMP = 125.000000 and TNOM = 27.000000

Using SPARSE 1.3 as Direct Linear Solver
 Reference value :  1.00000e-02
No. of Data Rows : 4401
dcg                 =  1.40434e+02
f0                  =  5.83188e+03
phx                 =  -1.42659e+02
f180                =  4.09458e+05
gmx                 =  -4.76394e+01
 meas ac f0r when tdb=0 rise=1 failed!

tres                =  -7.00219e-01 at=  6.13056e+03
ROW iload_a=0.0001 ceff_f=4.7e-06 esr_ohm=0.001 vout_v=1.7992 dcgain_db=140.434 f0_hz=5831.88 phase_at_f0_deg=-142.659 f180_hz=409458 gain_at_f180_db=-47.6394 f0_rising_hz= resurgence_db=-0.700219
Doing analysis at TEMP = 125.000000 and TNOM = 27.000000

Using SPARSE 1.3 as Direct Linear Solver
 Reference value :  0.00000e+00
No. of Data Rows : 1
Doing analysis at TEMP = 125.000000 and TNOM = 27.000000

Using SPARSE 1.3 as Direct Linear Solver
 Reference value :  1.02329e+00
No. of Data Rows : 4401
Doing analysis at TEMP = 125.000000 and TNOM = 27.000000

Using SPARSE 1.3 as Direct Linear Solver
 Reference value :  1.00000e-02
No. of Data Rows : 4401
dcg                 =  1.40434e+02
f0                  =  5.84305e+03
phx                 =  -1.41825e+02
f180                =  1.44931e+06
gmx                 =  -6.35868e+01
 meas ac f0r when tdb=0 rise=1 failed!

tres                =  -7.51300e-01 at=  6.16595e+03
ROW iload_a=0.0001 ceff_f=4.7e-06 esr_ohm=0.05 vout_v=1.7992 dcgain_db=140.434 f0_hz=5843.05 phase_at_f0_deg=-141.825 f180_hz=1.44931E+06 gain_at_f180_db=-63.5868 f0_rising_hz= resurgence_db=-0.7513
Doing analysis at TEMP = 125.000000 and TNOM = 27.000000

Using SPARSE 1.3 as Direct Linear Solver
 Reference value :  0.00000e+00
No. of Data Rows : 1
Doing analysis at TEMP = 125.000000 and TNOM = 27.000000

Using SPARSE 1.3 as Direct Linear Solver
 Reference value :  1.00000e-02
 Reference value :  3.01995e+08
No. of Data Rows : 4401
Doing analysis at TEMP = 125.000000 and TNOM = 27.000000

Using SPARSE 1.3 as Direct Linear Solver
 Reference value :  1.00000e-02
 Reference value :  7.67361e+08
No. of Data Rows : 4401
dcg                 =  1.40434e+02
f0                  =  5.83399e+03
phx                 =  -1.40685e+02
f180                =  1.87539e+06
gmx                 =  -5.62108e+01
 meas ac f0r when tdb=0 rise=1 failed!

tres                =  -6.94585e-01 at=  6.13056e+03
ROW iload_a=0.0001 ceff_f=4.7e-06 esr_ohm=0.2 vout_v=1.7992 dcgain_db=140.434 f0_hz=5833.99 phase_at_f0_deg=-140.685 f180_hz=1.87539E+06 gain_at_f180_db=-56.2108 f0_rising_hz= resurgence_db=-0.694585
Doing analysis at TEMP = 125.000000 and TNOM = 27.000000

Using SPARSE 1.3 as Direct Linear Solver
 Reference value :  0.00000e+00
No. of Data Rows : 1
Doing analysis at TEMP = 125.000000 and TNOM = 27.000000

Using SPARSE 1.3 as Direct Linear Solver
 Reference value :  1.00000e-02
 Reference value :  2.38506e+08
No. of Data Rows : 4401
Doing analysis at TEMP = 125.000000 and TNOM = 27.000000

Using SPARSE 1.3 as Direct Linear Solver
 Reference value :  1.00000e-02
 Reference value :  3.12608e+08
No. of Data Rows : 4401
dcg                 =  1.40434e+02
f0                  =  5.84515e+03
phx                 =  -1.37673e+02
f180                =  1.93186e+06
gmx                 =  -4.87169e+01
 meas ac f0r when tdb=0 rise=1 failed!

tres                =  -7.44514e-01 at=  6.16595e+03
ROW iload_a=0.0001 ceff_f=4.7e-06 esr_ohm=0.5 vout_v=1.7992 dcgain_db=140.434 f0_hz=5845.15 phase_at_f0_deg=-137.673 f180_hz=1.93186E+06 gain_at_f180_db=-48.7169 f0_rising_hz= resurgence_db=-0.744514
Doing analysis at TEMP = 125.000000 and TNOM = 27.000000

Using SPARSE 1.3 as Direct Linear Solver
 Reference value :  0.00000e+00
No. of Data Rows : 1
Doing analysis at TEMP = 125.000000 and TNOM = 27.000000

Using SPARSE 1.3 as Direct Linear Solver
 Reference value :  1.00000e-02
 Reference value :  1.60325e+08
No. of Data Rows : 4401
Doing analysis at TEMP = 125.000000 and TNOM = 27.000000

Using SPARSE 1.3 as Direct Linear Solver
 Reference value :  1.00000e-02
 Reference value :  2.17520e+08
No. of Data Rows : 4401
dcg                 =  1.40975e+02
f0                  =  2.04308e+05
phx                 =  -1.28967e+02
f180                =  5.78867e+05
gmx                 =  -1.29320e+01
 meas ac f0r when tdb=0 rise=1 failed!

tres                =  -5.22086e-01 at=  2.15030e+05
ROW iload_a=0.001 ceff_f=3.3e-07 esr_ohm=0.001 vout_v=1.7992 dcgain_db=140.975 f0_hz=204308 phase_at_f0_deg=-128.967 f180_hz=578867 gain_at_f180_db=-12.932 f0_rising_hz= resurgence_db=-0.522086
Doing analysis at TEMP = 125.000000 and TNOM = 27.000000

Using SPARSE 1.3 as Direct Linear Solver

No. of Data Rows : 1
Doing analysis at TEMP = 125.000000 and TNOM = 27.000000

Using SPARSE 1.3 as Direct Linear Solver
 Reference value :  1.00000e-02
No. of Data Rows : 4401
Doing analysis at TEMP = 125.000000 and TNOM = 27.000000

Using SPARSE 1.3 as Direct Linear Solver
 Reference value :  1.00000e-02
No. of Data Rows : 4401
dcg                 =  1.40975e+02
f0                  =  2.10435e+05
phx                 =  -1.26192e+02
f180                =  6.30134e+05
gmx                 =  -1.34297e+01
 meas ac f0r when tdb=0 rise=1 failed!

tres                =  -5.00652e-01 at=  2.21309e+05
ROW iload_a=0.001 ceff_f=3.3e-07 esr_ohm=0.05 vout_v=1.7992 dcgain_db=140.975 f0_hz=210435 phase_at_f0_deg=-126.191 f180_hz=630134 gain_at_f180_db=-13.4297 f0_rising_hz= resurgence_db=-0.500652
Doing analysis at TEMP = 125.000000 and TNOM = 27.000000

Using SPARSE 1.3 as Direct Linear Solver
 Reference value :  0.00000e+00
No. of Data Rows : 1
Doing analysis at TEMP = 125.000000 and TNOM = 27.000000

Using SPARSE 1.3 as Direct Linear Solver
 Reference value :  2.34423e+03
No. of Data Rows : 4401
Doing analysis at TEMP = 125.000000 and TNOM = 27.000000

Using SPARSE 1.3 as Direct Linear Solver
 Reference value :  1.00000e-02
No. of Data Rows : 4401
dcg                 =  1.40975e+02
f0                  =  2.04933e+05
phx                 =  -1.24236e+02
f180                =  7.47431e+05
gmx                 =  -1.66941e+01
 meas ac f0r when tdb=0 rise=1 failed!

tres                =  -5.46874e-01 at=  2.16272e+05
ROW iload_a=0.001 ceff_f=3.3e-07 esr_ohm=0.2 vout_v=1.7992 dcgain_db=140.975 f0_hz=204933 phase_at_f0_deg=-124.236 f180_hz=747431 gain_at_f180_db=-16.6941 f0_rising_hz= resurgence_db=-0.546874
Doing analysis at TEMP = 125.000000 and TNOM = 27.000000

Using SPARSE 1.3 as Direct Linear Solver
 Reference value :  0.00000e+00
No. of Data Rows : 1
Doing analysis at TEMP = 125.000000 and TNOM = 27.000000

Using SPARSE 1.3 as Direct Linear Solver
 Reference value :  1.00000e-02
 Reference value :  4.84172e+08
No. of Data Rows : 4401
Doing analysis at TEMP = 125.000000 and TNOM = 27.000000

Using SPARSE 1.3 as Direct Linear Solver
 Reference value :  1.00000e-02
No. of Data Rows : 4401
dcg                 =  1.40975e+02
f0                  =  2.08314e+05
phx                 =  -1.17457e+02
f180                =  1.15952e+06
gmx                 =  -2.15166e+01
 meas ac f0r when tdb=0 rise=1 failed!

tres                =  -4.83135e-01 at=  2.18776e+05
ROW iload_a=0.001 ceff_f=3.3e-07 esr_ohm=0.5 vout_v=1.7992 dcgain_db=140.975 f0_hz=208314 phase_at_f0_deg=-117.457 f180_hz=1.15952E+06 gain_at_f180_db=-21.5166 f0_rising_hz= resurgence_db=-0.483135
Doing analysis at TEMP = 125.000000 and TNOM = 27.000000

Using SPARSE 1.3 as Direct Linear Solver
 Reference value :  0.00000e+00
No. of Data Rows : 1
Doing analysis at TEMP = 125.000000 and TNOM = 27.000000

Using SPARSE 1.3 as Direct Linear Solver
 Reference value :  1.00000e-02
No. of Data Rows : 4401
Doing analysis at TEMP = 125.000000 and TNOM = 27.000000

Using SPARSE 1.3 as Direct Linear Solver
 Reference value :  1.00000e-02
 Reference value :  4.16869e+08
No. of Data Rows : 4401
dcg                 =  1.40975e+02
f0                  =  7.01396e+04
phx                 =  -1.09821e+02
f180                =  5.80104e+05
gmx                 =  -2.25924e+01
 meas ac f0r when tdb=0 rise=1 failed!

tres                =  -4.12833e-01 at=  7.37055e+04
ROW iload_a=0.001 ceff_f=1e-06 esr_ohm=0.001 vout_v=1.7992 dcgain_db=140.975 f0_hz=70139.6 phase_at_f0_deg=-109.821 f180_hz=580104 gain_at_f180_db=-22.5924 f0_rising_hz= resurgence_db=-0.412833
Doing analysis at TEMP = 125.000000 and TNOM = 27.000000

Using SPARSE 1.3 as Direct Linear Solver
 Reference value :  0.00000e+00
No. of Data Rows : 1
Doing analysis at TEMP = 125.000000 and TNOM = 27.000000

Using SPARSE 1.3 as Direct Linear Solver
 Reference value :  1.00000e-02
 Reference value :  2.95121e+08
No. of Data Rows : 4401
Doing analysis at TEMP = 125.000000 and TNOM = 27.000000

Using SPARSE 1.3 as Direct Linear Solver
 Reference value :  1.00000e-02
 Reference value :  2.26464e+08
No. of Data Rows : 4401
dcg                 =  1.40975e+02
f0                  =  7.11140e+04
phx                 =  -1.07425e+02
f180                =  7.14107e+05
gmx                 =  -2.48879e+01
 meas ac f0r when tdb=0 rise=1 failed!

tres                =  -4.38276e-01 at=  7.49894e+04
ROW iload_a=0.001 ceff_f=1e-06 esr_ohm=0.05 vout_v=1.7992 dcgain_db=140.975 f0_hz=71114.1 phase_at_f0_deg=-107.425 f180_hz=714107 gain_at_f180_db=-24.888 f0_rising_hz= resurgence_db=-0.438276
Doing analysis at TEMP = 125.000000 and TNOM = 27.000000

Using SPARSE 1.3 as Direct Linear Solver
 Reference value :  0.00000e+00
No. of Data Rows : 1
Doing analysis at TEMP = 125.000000 and TNOM = 27.000000

Using SPARSE 1.3 as Direct Linear Solver
 Reference value :  1.07152e-02
 Reference value :  1.51356e+08
No. of Data Rows : 4401
Doing analysis at TEMP = 125.000000 and TNOM = 27.000000

Using SPARSE 1.3 as Direct Linear Solver
 Reference value :  1.00000e-02
No. of Data Rows : 4401
dcg                 =  1.40975e+02
f0                  =  7.04222e+04
phx                 =  -1.04800e+02
f180                =  1.27856e+06
gmx                 =  -3.15549e+01
 meas ac f0r when tdb=0 rise=1 failed!

tres                =  -4.23741e-01 at=  7.41310e+04
ROW iload_a=0.001 ceff_f=1e-06 esr_ohm=0.2 vout_v=1.7992 dcgain_db=140.975 f0_hz=70422.2 phase_at_f0_deg=-104.8 f180_hz=1.27856E+06 gain_at_f180_db=-31.5549 f0_rising_hz= resurgence_db=-0.423741
Doing analysis at TEMP = 125.000000 and TNOM = 27.000000

Using SPARSE 1.3 as Direct Linear Solver
 Reference value :  0.00000e+00
No. of Data Rows : 1
Doing analysis at TEMP = 125.000000 and TNOM = 27.000000

Using SPARSE 1.3 as Direct Linear Solver
 Reference value :  1.27350e+07
No. of Data Rows : 4401
Doing analysis at TEMP = 125.000000 and TNOM = 27.000000

Using SPARSE 1.3 as Direct Linear Solver
 Reference value :  2.37137e+04
No. of Data Rows : 4401
dcg                 =  1.40975e+02
f0                  =  7.19803e+04
phx                 =  -9.71833e+01
f180                =  1.64145e+06
gmx                 =  -2.83766e+01
 meas ac f0r when tdb=0 rise=1 failed!

tres                =  -4.14219e-01 at=  7.58578e+04
ROW iload_a=0.001 ceff_f=1e-06 esr_ohm=0.5 vout_v=1.7992 dcgain_db=140.975 f0_hz=71980.3 phase_at_f0_deg=-97.1833 f180_hz=1.64145E+06 gain_at_f180_db=-28.3766 f0_rising_hz= resurgence_db=-0.414219
Doing analysis at TEMP = 125.000000 and TNOM = 27.000000

Using SPARSE 1.3 as Direct Linear Solver

No. of Data Rows : 1
Doing analysis at TEMP = 125.000000 and TNOM = 27.000000

Using SPARSE 1.3 as Direct Linear Solver
 Reference value :  1.00000e-02
No. of Data Rows : 4401
Doing analysis at TEMP = 125.000000 and TNOM = 27.000000

Using SPARSE 1.3 as Direct Linear Solver
 Reference value :  1.00000e-02
No. of Data Rows : 4401
dcg                 =  1.40975e+02
f0                  =  1.76226e+04
phx                 =  -1.34023e+02
f180                =  5.87251e+05
gmx                 =  -3.62234e+01
 meas ac f0r when tdb=0 rise=1 failed!

tres                =  -6.20741e-01 at=  1.85140e+04
ROW iload_a=0.001 ceff_f=4.7e-06 esr_ohm=0.001 vout_v=1.7992 dcgain_db=140.975 f0_hz=17622.6 phase_at_f0_deg=-134.023 f180_hz=587251 gain_at_f180_db=-36.2234 f0_rising_hz= resurgence_db=-0.620741
Doing analysis at TEMP = 125.000000 and TNOM = 27.000000

Using SPARSE 1.3 as Direct Linear Solver
 Reference value :  0.00000e+00
No. of Data Rows : 1
Doing analysis at TEMP = 125.000000 and TNOM = 27.000000

Using SPARSE 1.3 as Direct Linear Solver
 Reference value :  2.77013e+00
No. of Data Rows : 4401
Doing analysis at TEMP = 125.000000 and TNOM = 27.000000

Using SPARSE 1.3 as Direct Linear Solver
 Reference value :  1.00000e-02
No. of Data Rows : 4401
dcg                 =  1.40975e+02
f0                  =  1.76860e+04
phx                 =  -1.31886e+02
f180                =  1.36105e+06
gmx                 =  -4.42337e+01
 meas ac f0r when tdb=0 rise=1 failed!

tres                =  -6.43733e-01 at=  1.86209e+04
ROW iload_a=0.001 ceff_f=4.7e-06 esr_ohm=0.05 vout_v=1.7992 dcgain_db=140.975 f0_hz=17686 phase_at_f0_deg=-131.886 f180_hz=1.36105E+06 gain_at_f180_db=-44.2338 f0_rising_hz= resurgence_db=-0.643733
Doing analysis at TEMP = 125.000000 and TNOM = 27.000000

Using SPARSE 1.3 as Direct Linear Solver
 Reference value :  0.00000e+00
No. of Data Rows : 1
Doing analysis at TEMP = 125.000000 and TNOM = 27.000000

Using SPARSE 1.3 as Direct Linear Solver
 Reference value :  9.54993e+00
No. of Data Rows : 4401
Doing analysis at TEMP = 125.000000 and TNOM = 27.000000

Using SPARSE 1.3 as Direct Linear Solver
 Reference value :  1.00000e-02
No. of Data Rows : 4401
dcg                 =  1.40975e+02
f0                  =  1.76874e+04
phx                 =  -1.27978e+02
f180                =  1.75178e+06
gmx                 =  -3.74661e+01
 meas ac f0r when tdb=0 rise=1 failed!

tres                =  -6.40523e-01 at=  1.86209e+04
ROW iload_a=0.001 ceff_f=4.7e-06 esr_ohm=0.2 vout_v=1.7992 dcgain_db=140.975 f0_hz=17687.4 phase_at_f0_deg=-127.978 f180_hz=1.75178E+06 gain_at_f180_db=-37.4661 f0_rising_hz= resurgence_db=-0.640523
Doing analysis at TEMP = 125.000000 and TNOM = 27.000000

Using SPARSE 1.3 as Direct Linear Solver
 Reference value :  0.00000e+00
No. of Data Rows : 1
Doing analysis at TEMP = 125.000000 and TNOM = 27.000000

Using SPARSE 1.3 as Direct Linear Solver
 Reference value :  1.00000e-02
 Reference value :  1.38835e+08
No. of Data Rows : 4401
Doing analysis at TEMP = 125.000000 and TNOM = 27.000000

Using SPARSE 1.3 as Direct Linear Solver
 Reference value :  1.00000e-02
No. of Data Rows : 4401
dcg                 =  1.40975e+02
f0                  =  1.80407e+04
phx                 =  -1.18428e+02
f180                =  1.82005e+06
gmx                 =  -3.01593e+01
 meas ac f0r when tdb=0 rise=1 failed!

tres                =  -5.79762e-01 at=  1.89452e+04
ROW iload_a=0.001 ceff_f=4.7e-06 esr_ohm=0.5 vout_v=1.7992 dcgain_db=140.975 f0_hz=18040.7 phase_at_f0_deg=-118.428 f180_hz=1.82005E+06 gain_at_f180_db=-30.1593 f0_rising_hz= resurgence_db=-0.579762
Doing analysis at TEMP = 125.000000 and TNOM = 27.000000

Using SPARSE 1.3 as Direct Linear Solver
 Reference value :  0.00000e+00
No. of Data Rows : 1
Doing analysis at TEMP = 125.000000 and TNOM = 27.000000

Using SPARSE 1.3 as Direct Linear Solver
 Reference value :  1.00000e-02
No. of Data Rows : 4401
Doing analysis at TEMP = 125.000000 and TNOM = 27.000000

Using SPARSE 1.3 as Direct Linear Solver
 Reference value :  1.00000e-02
No. of Data Rows : 4401
dcg                 =  1.39690e+02
f0                  =  4.31253e+05
phx                 =  -1.43967e+02
f180                =  7.41443e+05
gmx                 =  -6.04066e+00
 meas ac f0r when tdb=0 rise=1 failed!

tres                =  -5.12230e-01 at=  4.54465e+05
ROW iload_a=0.01 ceff_f=3.3e-07 esr_ohm=0.001 vout_v=1.7992 dcgain_db=139.69 f0_hz=431253 phase_at_f0_deg=-143.967 f180_hz=741443 gain_at_f180_db=-6.04066 f0_rising_hz= resurgence_db=-0.51223
Doing analysis at TEMP = 125.000000 and TNOM = 27.000000

Using SPARSE 1.3 as Direct Linear Solver
 Reference value :  0.00000e+00
No. of Data Rows : 1
Doing analysis at TEMP = 125.000000 and TNOM = 27.000000

Using SPARSE 1.3 as Direct Linear Solver
 Reference value :  1.00000e-02
No. of Data Rows : 4401
Doing analysis at TEMP = 125.000000 and TNOM = 27.000000

Using SPARSE 1.3 as Direct Linear Solver
 Reference value :  1.00000e-02
No. of Data Rows : 4401
dcg                 =  1.39690e+02
f0                  =  4.31628e+05
phx                 =  -1.41500e+02
f180                =  7.80390e+05
gmx                 =  -6.72332e+00
 meas ac f0r when tdb=0 rise=1 failed!

tres                =  -5.02822e-01 at=  4.54465e+05
ROW iload_a=0.01 ceff_f=3.3e-07 esr_ohm=0.05 vout_v=1.7992 dcgain_db=139.69 f0_hz=431628 phase_at_f0_deg=-141.5 f180_hz=780390 gain_at_f180_db=-6.72332 f0_rising_hz= resurgence_db=-0.502822
Doing analysis at TEMP = 125.000000 and TNOM = 27.000000

Using SPARSE 1.3 as Direct Linear Solver
 Reference value :  0.00000e+00
No. of Data Rows : 1
Doing analysis at TEMP = 125.000000 and TNOM = 27.000000

Using SPARSE 1.3 as Direct Linear Solver
 Reference value :  7.24436e-01
No. of Data Rows : 4401
Doing analysis at TEMP = 125.000000 and TNOM = 27.000000

Using SPARSE 1.3 as Direct Linear Solver
 Reference value :  1.00000e-02
No. of Data Rows : 4401
dcg                 =  1.39690e+02
f0                  =  4.37500e+05
phx                 =  -1.34437e+02
f180                =  9.26983e+05
gmx                 =  -8.83603e+00
 meas ac f0r when tdb=0 rise=1 failed!

tres                =  -4.71711e-01 at=  4.59727e+05
ROW iload_a=0.01 ceff_f=3.3e-07 esr_ohm=0.2 vout_v=1.7992 dcgain_db=139.69 f0_hz=437500 phase_at_f0_deg=-134.437 f180_hz=926983 gain_at_f180_db=-8.83603 f0_rising_hz= resurgence_db=-0.471711
Doing analysis at TEMP = 125.000000 and TNOM = 27.000000

Using SPARSE 1.3 as Direct Linear Solver
 Reference value :  0.00000e+00
No. of Data Rows : 1
Doing analysis at TEMP = 125.000000 and TNOM = 27.000000

Using SPARSE 1.3 as Direct Linear Solver
 Reference value :  1.00000e-02
No. of Data Rows : 4401
Doing analysis at TEMP = 125.000000 and TNOM = 27.000000

Using SPARSE 1.3 as Direct Linear Solver
 Reference value :  1.00000e-02
No. of Data Rows : 4401
dcg                 =  1.39690e+02
f0                  =  4.79937e+05
phx                 =  -1.22019e+02
f180                =  1.27849e+06
gmx                 =  -1.12373e+01
 meas ac f0r when tdb=0 rise=1 failed!

tres                =  -4.02581e-01 at=  5.04081e+05
ROW iload_a=0.01 ceff_f=3.3e-07 esr_ohm=0.5 vout_v=1.7992 dcgain_db=139.69 f0_hz=479937 phase_at_f0_deg=-122.019 f180_hz=1.27849E+06 gain_at_f180_db=-11.2373 f0_rising_hz= resurgence_db=-0.402581
Doing analysis at TEMP = 125.000000 and TNOM = 27.000000

Using SPARSE 1.3 as Direct Linear Solver
 Reference value :  0.00000e+00
No. of Data Rows : 1
Doing analysis at TEMP = 125.000000 and TNOM = 27.000000

Using SPARSE 1.3 as Direct Linear Solver
 Reference value :  1.00000e-02
No. of Data Rows : 4401
Doing analysis at TEMP = 125.000000 and TNOM = 27.000000

Using SPARSE 1.3 as Direct Linear Solver
 Reference value :  1.00000e-02
No. of Data Rows : 4401
dcg                 =  1.39690e+02
f0                  =  1.50993e+05
phx                 =  -1.19757e+02
f180                =  7.42889e+05
gmx                 =  -1.56831e+01
 meas ac f0r when tdb=0 rise=1 failed!

tres                =  -4.97059e-01 at=  1.59404e+05
ROW iload_a=0.01 ceff_f=1e-06 esr_ohm=0.001 vout_v=1.7992 dcgain_db=139.69 f0_hz=150993 phase_at_f0_deg=-119.757 f180_hz=742889 gain_at_f180_db=-15.6831 f0_rising_hz= resurgence_db=-0.497059
Doing analysis at TEMP = 125.000000 and TNOM = 27.000000

Using SPARSE 1.3 as Direct Linear Solver
 Reference value :  0.00000e+00
No. of Data Rows : 1
Doing analysis at TEMP = 125.000000 and TNOM = 27.000000

Using SPARSE 1.3 as Direct Linear Solver
 Reference value :  3.56862e+00
No. of Data Rows : 4401
Doing analysis at TEMP = 125.000000 and TNOM = 27.000000

Using SPARSE 1.3 as Direct Linear Solver
 Reference value :  1.00000e-02
No. of Data Rows : 4401
dcg                 =  1.39690e+02
f0                  =  1.51144e+05
phx                 =  -1.17097e+02
f180                =  8.75188e+05
gmx                 =  -1.77819e+01
 meas ac f0r when tdb=0 rise=1 failed!

tres                =  -4.86803e-01 at=  1.59404e+05
ROW iload_a=0.01 ceff_f=1e-06 esr_ohm=0.05 vout_v=1.7992 dcgain_db=139.69 f0_hz=151144 phase_at_f0_deg=-117.097 f180_hz=875188 gain_at_f180_db=-17.7819 f0_rising_hz= resurgence_db=-0.486803
Doing analysis at TEMP = 125.000000 and TNOM = 27.000000

Using SPARSE 1.3 as Direct Linear Solver
 Reference value :  0.00000e+00
No. of Data Rows : 1
Doing analysis at TEMP = 125.000000 and TNOM = 27.000000

Using SPARSE 1.3 as Direct Linear Solver
 Reference value :  1.00000e-02
No. of Data Rows : 4401
Doing analysis at TEMP = 125.000000 and TNOM = 27.000000

Using SPARSE 1.3 as Direct Linear Solver
 Reference value :  1.00000e-02
No. of Data Rows : 4401
dcg                 =  1.39690e+02
f0                  =  1.53586e+05
phx                 =  -1.08968e+02
f180                =  1.35575e+06
gmx                 =  -2.08590e+01
 meas ac f0r when tdb=0 rise=1 failed!

tres                =  -4.80756e-01 at=  1.62181e+05
ROW iload_a=0.01 ceff_f=1e-06 esr_ohm=0.2 vout_v=1.7992 dcgain_db=139.69 f0_hz=153586 phase_at_f0_deg=-108.968 f180_hz=1.35575E+06 gain_at_f180_db=-20.859 f0_rising_hz= resurgence_db=-0.480757
Doing analysis at TEMP = 125.000000 and TNOM = 27.000000

Using SPARSE 1.3 as Direct Linear Solver
 Reference value :  0.00000e+00
No. of Data Rows : 1
Doing analysis at TEMP = 125.000000 and TNOM = 27.000000

Using SPARSE 1.3 as Direct Linear Solver
 Reference value :  1.00000e-02
 Reference value :  1.65959e+08
No. of Data Rows : 4401
Doing analysis at TEMP = 125.000000 and TNOM = 27.000000

Using SPARSE 1.3 as Direct Linear Solver
 Reference value :  1.00000e-02
No. of Data Rows : 4401
dcg                 =  1.39690e+02
f0                  =  1.70418e+05
phx                 =  -9.19356e+01
f180                =  1.68182e+06
gmx                 =  -1.73513e+01
 meas ac f0r when tdb=0 rise=1 failed!

tres                =  -3.81481e-01 at=  1.79887e+05
ROW iload_a=0.01 ceff_f=1e-06 esr_ohm=0.5 vout_v=1.7992 dcgain_db=139.69 f0_hz=170418 phase_at_f0_deg=-91.9356 f180_hz=1.68182E+06 gain_at_f180_db=-17.3513 f0_rising_hz= resurgence_db=-0.381481
Doing analysis at TEMP = 125.000000 and TNOM = 27.000000

Using SPARSE 1.3 as Direct Linear Solver
 Reference value :  0.00000e+00
No. of Data Rows : 1
Doing analysis at TEMP = 125.000000 and TNOM = 27.000000

Using SPARSE 1.3 as Direct Linear Solver
 Reference value :  1.00000e-02
 Reference value :  1.57580e+08
No. of Data Rows : 4401
Doing analysis at TEMP = 125.000000 and TNOM = 27.000000

Using SPARSE 1.3 as Direct Linear Solver
 Reference value :  1.00000e-02
No. of Data Rows : 4401
dcg                 =  1.39690e+02
f0                  =  4.12259e+04
phx                 =  -1.34833e+02
f180                =  7.51492e+05
gmx                 =  -2.92757e+01
 meas ac f0r when tdb=0 rise=1 failed!

tres                =  -6.28968e-01 at=  4.34010e+04
ROW iload_a=0.01 ceff_f=4.7e-06 esr_ohm=0.001 vout_v=1.7992 dcgain_db=139.69 f0_hz=41225.9 phase_at_f0_deg=-134.833 f180_hz=751492 gain_at_f180_db=-29.2757 f0_rising_hz= resurgence_db=-0.628968
Doing analysis at TEMP = 125.000000 and TNOM = 27.000000

Using SPARSE 1.3 as Direct Linear Solver
 Reference value :  0.00000e+00
No. of Data Rows : 1
Doing analysis at TEMP = 125.000000 and TNOM = 27.000000

Using SPARSE 1.3 as Direct Linear Solver
 Reference value :  1.00000e-02
No. of Data Rows : 4401
Doing analysis at TEMP = 125.000000 and TNOM = 27.000000

Using SPARSE 1.3 as Direct Linear Solver
 Reference value :  1.00000e-02
 Reference value :  3.01995e+08
No. of Data Rows : 4401
dcg                 =  1.39690e+02
f0                  =  4.12776e+04
phx                 =  -1.31386e+02
f180                =  1.42808e+06
gmx                 =  -3.40768e+01
 meas ac f0r when tdb=0 rise=1 failed!

tres                =  -6.11866e-01 at=  4.34010e+04
ROW iload_a=0.01 ceff_f=4.7e-06 esr_ohm=0.05 vout_v=1.7992 dcgain_db=139.69 f0_hz=41277.5 phase_at_f0_deg=-131.386 f180_hz=1.42808E+06 gain_at_f180_db=-34.0768 f0_rising_hz= resurgence_db=-0.611866
Doing analysis at TEMP = 125.000000 and TNOM = 27.000000

Using SPARSE 1.3 as Direct Linear Solver
 Reference value :  0.00000e+00
No. of Data Rows : 1
Doing analysis at TEMP = 125.000000 and TNOM = 27.000000

Using SPARSE 1.3 as Direct Linear Solver
 Reference value :  1.00000e-02
 Reference value :  1.44544e+08
No. of Data Rows : 4401
Doing analysis at TEMP = 125.000000 and TNOM = 27.000000

Using SPARSE 1.3 as Direct Linear Solver
 Reference value :  1.00000e-02
 Reference value :  1.89452e+08
No. of Data Rows : 4401
dcg                 =  1.39690e+02
f0                  =  4.20992e+04
phx                 =  -1.20447e+02
f180                =  1.76294e+06
gmx                 =  -2.63781e+01
 meas ac f0r when tdb=0 rise=1 failed!

tres                =  -6.20901e-01 at=  4.44120e+04
ROW iload_a=0.01 ceff_f=4.7e-06 esr_ohm=0.2 vout_v=1.7992 dcgain_db=139.69 f0_hz=42099.2 phase_at_f0_deg=-120.447 f180_hz=1.76294E+06 gain_at_f180_db=-26.3781 f0_rising_hz= resurgence_db=-0.620901
Doing analysis at TEMP = 125.000000 and TNOM = 27.000000

Using SPARSE 1.3 as Direct Linear Solver
 Reference value :  0.00000e+00
No. of Data Rows : 1
Doing analysis at TEMP = 125.000000 and TNOM = 27.000000

Using SPARSE 1.3 as Direct Linear Solver
 Reference value :  1.00000e-02
 Reference value :  1.90546e+08
No. of Data Rows : 4401
Doing analysis at TEMP = 125.000000 and TNOM = 27.000000

Using SPARSE 1.3 as Direct Linear Solver
 Reference value :  1.00000e-02
 Reference value :  1.86209e+08
No. of Data Rows : 4401
dcg                 =  1.39690e+02
f0                  =  4.76499e+04
phx                 =  -9.63143e+01
f180                =  1.85299e+06
gmx                 =  -1.92100e+01
 meas ac f0r when tdb=0 rise=1 failed!

tres                =  -4.37972e-01 at=  5.01187e+04
ROW iload_a=0.01 ceff_f=4.7e-06 esr_ohm=0.5 vout_v=1.7992 dcgain_db=139.69 f0_hz=47649.9 phase_at_f0_deg=-96.3143 f180_hz=1.85299E+06 gain_at_f180_db=-19.21 f0_rising_hz= resurgence_db=-0.437972
Doing analysis at TEMP = 125.000000 and TNOM = 27.000000

Using SPARSE 1.3 as Direct Linear Solver
 Reference value :  0.00000e+00
No. of Data Rows : 1
Doing analysis at TEMP = 125.000000 and TNOM = 27.000000

Using SPARSE 1.3 as Direct Linear Solver
 Reference value :  1.00000e-02
No. of Data Rows : 4401
Doing analysis at TEMP = 125.000000 and TNOM = 27.000000

Using SPARSE 1.3 as Direct Linear Solver
 Reference value :  1.00000e-02
 Reference value :  2.83465e+08
No. of Data Rows : 4401
dcg                 =  1.37748e+02
f0                  =  5.46729e+05
phx                 =  -1.59307e+02
f180                =  7.22195e+05
gmx                 =  -3.36005e+00
 meas ac f0r when tdb=0 rise=1 failed!

tres                =  -5.67822e-01 at=  5.75440e+05
ROW iload_a=0.025 ceff_f=3.3e-07 esr_ohm=0.001 vout_v=1.7992 dcgain_db=137.748 f0_hz=546729 phase_at_f0_deg=-159.307 f180_hz=722194 gain_at_f180_db=-3.36004 f0_rising_hz= resurgence_db=-0.567822
Doing analysis at TEMP = 125.000000 and TNOM = 27.000000

Using SPARSE 1.3 as Direct Linear Solver
 Reference value :  0.00000e+00
No. of Data Rows : 1
Doing analysis at TEMP = 125.000000 and TNOM = 27.000000

Using SPARSE 1.3 as Direct Linear Solver
 Reference value :  1.94984e-02
No. of Data Rows : 4401
Doing analysis at TEMP = 125.000000 and TNOM = 27.000000

Using SPARSE 1.3 as Direct Linear Solver
 Reference value :  1.00000e-02
No. of Data Rows : 4401
dcg                 =  1.37748e+02
f0                  =  5.47403e+05
phx                 =  -1.56211e+02
f180                =  7.59950e+05
gmx                 =  -4.03920e+00
 meas ac f0r when tdb=0 rise=1 failed!

tres                =  -5.52891e-01 at=  5.75440e+05
ROW iload_a=0.025 ceff_f=3.3e-07 esr_ohm=0.05 vout_v=1.7992 dcgain_db=137.748 f0_hz=547403 phase_at_f0_deg=-156.211 f180_hz=759950 gain_at_f180_db=-4.0392 f0_rising_hz= resurgence_db=-0.552891
Doing analysis at TEMP = 125.000000 and TNOM = 27.000000

Using SPARSE 1.3 as Direct Linear Solver
 Reference value :  0.00000e+00
No. of Data Rows : 1
Doing analysis at TEMP = 125.000000 and TNOM = 27.000000

Using SPARSE 1.3 as Direct Linear Solver
 Reference value :  2.54097e-01
No. of Data Rows : 4401
Doing analysis at TEMP = 125.000000 and TNOM = 27.000000

Using SPARSE 1.3 as Direct Linear Solver
 Reference value :  1.00000e-02
 Reference value :  5.88844e+08
No. of Data Rows : 4401
dcg                 =  1.37748e+02
f0                  =  5.58969e+05
phx                 =  -1.47601e+02
f180                =  9.04274e+05
gmx                 =  -6.16195e+00
 meas ac f0r when tdb=0 rise=1 failed!

tres                =  -5.60292e-01 at=  5.88844e+05
ROW iload_a=0.025 ceff_f=3.3e-07 esr_ohm=0.2 vout_v=1.7992 dcgain_db=137.748 f0_hz=558969 phase_at_f0_deg=-147.601 f180_hz=904274 gain_at_f180_db=-6.16195 f0_rising_hz= resurgence_db=-0.560292
Doing analysis at TEMP = 125.000000 and TNOM = 27.000000

Using SPARSE 1.3 as Direct Linear Solver
 Reference value :  0.00000e+00
No. of Data Rows : 1
Doing analysis at TEMP = 125.000000 and TNOM = 27.000000

Using SPARSE 1.3 as Direct Linear Solver
 Reference value :  1.00000e-02
No. of Data Rows : 4401
Doing analysis at TEMP = 125.000000 and TNOM = 27.000000

Using SPARSE 1.3 as Direct Linear Solver
 Reference value :  1.00000e-02
 Reference value :  2.58523e+08
No. of Data Rows : 4401
dcg                 =  1.37748e+02
f0                  =  6.24423e+05
phx                 =  -1.35738e+02
f180                =  1.23345e+06
gmx                 =  -8.63429e+00
 meas ac f0r when tdb=0 rise=1 failed!

tres                =  -4.83083e-01 at=  6.56901e+05
ROW iload_a=0.025 ceff_f=3.3e-07 esr_ohm=0.5 vout_v=1.7992 dcgain_db=137.748 f0_hz=624423 phase_at_f0_deg=-135.738 f180_hz=1.23345E+06 gain_at_f180_db=-8.63429 f0_rising_hz= resurgence_db=-0.483083
Doing analysis at TEMP = 125.000000 and TNOM = 27.000000

Using SPARSE 1.3 as Direct Linear Solver
 Reference value :  0.00000e+00
No. of Data Rows : 1
Doing analysis at TEMP = 125.000000 and TNOM = 27.000000

Using SPARSE 1.3 as Direct Linear Solver
 Reference value :  1.00000e-02
No. of Data Rows : 4401
Doing analysis at TEMP = 125.000000 and TNOM = 27.000000

Using SPARSE 1.3 as Direct Linear Solver
 Reference value :  1.00000e-02
 Reference value :  5.95662e+08
No. of Data Rows : 4401
dcg                 =  1.37748e+02
f0                  =  2.00127e+05
phx                 =  -1.24790e+02
f180                =  7.23371e+05
gmx                 =  -1.29901e+01
 meas ac f0r when tdb=0 rise=1 failed!

tres                =  -4.50405e-01 at=  2.10136e+05
ROW iload_a=0.025 ceff_f=1e-06 esr_ohm=0.001 vout_v=1.7992 dcgain_db=137.748 f0_hz=200127 phase_at_f0_deg=-124.79 f180_hz=723371 gain_at_f180_db=-12.9901 f0_rising_hz= resurgence_db=-0.450404
Doing analysis at TEMP = 125.000000 and TNOM = 27.000000

Using SPARSE 1.3 as Direct Linear Solver
 Reference value :  0.00000e+00
No. of Data Rows : 1
Doing analysis at TEMP = 125.000000 and TNOM = 27.000000

Using SPARSE 1.3 as Direct Linear Solver
 Reference value :  1.00000e-02
No. of Data Rows : 4401
Doing analysis at TEMP = 125.000000 and TNOM = 27.000000

Using SPARSE 1.3 as Direct Linear Solver
 Reference value :  1.00000e-02
 Reference value :  4.07380e+08
No. of Data Rows : 4401
dcg                 =  1.37748e+02
f0                  =  2.00474e+05
phx                 =  -1.21279e+02
f180                =  8.51633e+05
gmx                 =  -1.50816e+01
 meas ac f0r when tdb=0 rise=1 failed!

tres                =  -4.85542e-01 at=  2.11349e+05
ROW iload_a=0.025 ceff_f=1e-06 esr_ohm=0.05 vout_v=1.7992 dcgain_db=137.748 f0_hz=200474 phase_at_f0_deg=-121.279 f180_hz=851633 gain_at_f180_db=-15.0816 f0_rising_hz= resurgence_db=-0.485542
Doing analysis at TEMP = 125.000000 and TNOM = 27.000000

Using SPARSE 1.3 as Direct Linear Solver
 Reference value :  0.00000e+00
No. of Data Rows : 1
Doing analysis at TEMP = 125.000000 and TNOM = 27.000000

Using SPARSE 1.3 as Direct Linear Solver
 Reference value :  1.00000e-02
 Reference value :  4.39036e+08
No. of Data Rows : 4401
Doing analysis at TEMP = 125.000000 and TNOM = 27.000000

Using SPARSE 1.3 as Direct Linear Solver
 Reference value :  1.00000e-02
 Reference value :  2.90068e+08
No. of Data Rows : 4401
dcg                 =  1.37748e+02
f0                  =  2.06325e+05
phx                 =  -1.10614e+02
f180                =  1.32884e+06
gmx                 =  -1.83075e+01
 meas ac f0r when tdb=0 rise=1 failed!

tres                =  -4.56246e-01 at=  2.17520e+05
ROW iload_a=0.025 ceff_f=1e-06 esr_ohm=0.2 vout_v=1.7992 dcgain_db=137.748 f0_hz=206325 phase_at_f0_deg=-110.614 f180_hz=1.32884E+06 gain_at_f180_db=-18.3075 f0_rising_hz= resurgence_db=-0.456246
Doing analysis at TEMP = 125.000000 and TNOM = 27.000000

Using SPARSE 1.3 as Direct Linear Solver
 Reference value :  0.00000e+00
No. of Data Rows : 1
Doing analysis at TEMP = 125.000000 and TNOM = 27.000000

Using SPARSE 1.3 as Direct Linear Solver
 Reference value :  1.00000e-02
 Reference value :  4.86968e+08
No. of Data Rows : 4401
Doing analysis at TEMP = 125.000000 and TNOM = 27.000000

Using SPARSE 1.3 as Direct Linear Solver
 Reference value :  1.00000e-02
 Reference value :  2.33077e+08
No. of Data Rows : 4401
dcg                 =  1.37748e+02
f0                  =  2.51158e+05
phx                 =  -9.02250e+01
f180                =  1.63078e+06
gmx                 =  -1.47982e+01
 meas ac f0r when tdb=0 rise=1 failed!

tres                =  -2.98610e-01 at=  2.64545e+05
ROW iload_a=0.025 ceff_f=1e-06 esr_ohm=0.5 vout_v=1.7992 dcgain_db=137.748 f0_hz=251158 phase_at_f0_deg=-90.225 f180_hz=1.63078E+06 gain_at_f180_db=-14.7982 f0_rising_hz= resurgence_db=-0.29861
Doing analysis at TEMP = 125.000000 and TNOM = 27.000000

Using SPARSE 1.3 as Direct Linear Solver
 Reference value :  0.00000e+00
No. of Data Rows : 1
Doing analysis at TEMP = 125.000000 and TNOM = 27.000000

Using SPARSE 1.3 as Direct Linear Solver
 Reference value :  3.58922e-01
No. of Data Rows : 4401
Doing analysis at TEMP = 125.000000 and TNOM = 27.000000

Using SPARSE 1.3 as Direct Linear Solver
 Reference value :  1.00000e-02
No. of Data Rows : 4401
dcg                 =  1.37748e+02
f0                  =  5.37524e+04
phx                 =  -1.33229e+02
f180                =  7.31619e+05
gmx                 =  -2.65764e+01
 meas ac f0r when tdb=0 rise=1 failed!

tres                =  -6.02303e-01 at=  5.65588e+04
ROW iload_a=0.025 ceff_f=4.7e-06 esr_ohm=0.001 vout_v=1.7992 dcgain_db=137.748 f0_hz=53752.4 phase_at_f0_deg=-133.229 f180_hz=731619 gain_at_f180_db=-26.5764 f0_rising_hz= resurgence_db=-0.602303
Doing analysis at TEMP = 125.000000 and TNOM = 27.000000

Using SPARSE 1.3 as Direct Linear Solver
 Reference value :  0.00000e+00
No. of Data Rows : 1
Doing analysis at TEMP = 125.000000 and TNOM = 27.000000

Using SPARSE 1.3 as Direct Linear Solver
 Reference value :  1.00000e-02
 Reference value :  3.98107e+08
No. of Data Rows : 4401
Doing analysis at TEMP = 125.000000 and TNOM = 27.000000

Using SPARSE 1.3 as Direct Linear Solver
 Reference value :  1.00000e-02
 Reference value :  6.34600e+08
No. of Data Rows : 4401
dcg                 =  1.37748e+02
f0                  =  5.38699e+04
phx                 =  -1.28729e+02
f180                =  1.39754e+06
gmx                 =  -3.15209e+01
 meas ac f0r when tdb=0 rise=1 failed!

tres                =  -6.40699e-01 at=  5.68853e+04
ROW iload_a=0.025 ceff_f=4.7e-06 esr_ohm=0.05 vout_v=1.7992 dcgain_db=137.748 f0_hz=53869.9 phase_at_f0_deg=-128.729 f180_hz=1.39754E+06 gain_at_f180_db=-31.5209 f0_rising_hz= resurgence_db=-0.640699
Doing analysis at TEMP = 125.000000 and TNOM = 27.000000

Using SPARSE 1.3 as Direct Linear Solver
 Reference value :  0.00000e+00
No. of Data Rows : 1
Doing analysis at TEMP = 125.000000 and TNOM = 27.000000

Using SPARSE 1.3 as Direct Linear Solver
 Reference value :  1.00000e-02
 Reference value :  3.33043e+08
No. of Data Rows : 4401
Doing analysis at TEMP = 125.000000 and TNOM = 27.000000

Using SPARSE 1.3 as Direct Linear Solver
 Reference value :  1.00000e-02
 Reference value :  3.54813e+08
No. of Data Rows : 4401
dcg                 =  1.37748e+02
f0                  =  5.57984e+04
phx                 =  -1.14316e+02
f180                =  1.73991e+06
gmx                 =  -2.39316e+01
 meas ac f0r when tdb=0 rise=1 failed!

tres                =  -5.81579e-01 at=  5.88844e+04
ROW iload_a=0.025 ceff_f=4.7e-06 esr_ohm=0.2 vout_v=1.7992 dcgain_db=137.748 f0_hz=55798.4 phase_at_f0_deg=-114.316 f180_hz=1.73991E+06 gain_at_f180_db=-23.9316 f0_rising_hz= resurgence_db=-0.581578
Doing analysis at TEMP = 125.000000 and TNOM = 27.000000

Using SPARSE 1.3 as Direct Linear Solver
 Reference value :  0.00000e+00
No. of Data Rows : 1
Doing analysis at TEMP = 125.000000 and TNOM = 27.000000

Using SPARSE 1.3 as Direct Linear Solver
 Reference value :  1.00000e-02
 Reference value :  2.16272e+08
No. of Data Rows : 4401
Doing analysis at TEMP = 125.000000 and TNOM = 27.000000

Using SPARSE 1.3 as Direct Linear Solver
 Reference value :  1.00000e-02
 Reference value :  5.46387e+08
No. of Data Rows : 4401
dcg                 =  1.37748e+02
f0                  =  7.12243e+04
phx                 =  -8.18481e+01
f180                =  1.79875e+06
gmx                 =  -1.66500e+01
 meas ac f0r when tdb=0 rise=1 failed!

tres                =  -3.21438e-01 at=  7.49894e+04
ROW iload_a=0.025 ceff_f=4.7e-06 esr_ohm=0.5 vout_v=1.7992 dcgain_db=137.748 f0_hz=71224.2 phase_at_f0_deg=-81.8481 f180_hz=1.79875E+06 gain_at_f180_db=-16.65 f0_rising_hz= resurgence_db=-0.321438
Doing analysis at TEMP = 125.000000 and TNOM = 27.000000

Using SPARSE 1.3 as Direct Linear Solver
 Reference value :  0.00000e+00
No. of Data Rows : 1
Doing analysis at TEMP = 125.000000 and TNOM = 27.000000

Using SPARSE 1.3 as Direct Linear Solver
 Reference value :  1.00000e-02
 Reference value :  3.42768e+08
No. of Data Rows : 4401
Doing analysis at TEMP = 125.000000 and TNOM = 27.000000

Using SPARSE 1.3 as Direct Linear Solver
 Reference value :  1.00000e-02
 Reference value :  3.00262e+08
No. of Data Rows : 4401
dcg                 =  1.35285e+02
f0                  =  6.36351e+05
phx                 =  -1.71393e+02
f180                =  7.08749e+05
gmx                 =  -1.38373e+00
 meas ac f0r when tdb=0 rise=1 failed!

tres                =  -6.14264e-01 at=  6.68344e+05
ROW iload_a=0.05 ceff_f=3.3e-07 esr_ohm=0.001 vout_v=1.7992 dcgain_db=135.285 f0_hz=636351 phase_at_f0_deg=-171.393 f180_hz=708749 gain_at_f180_db=-1.38373 f0_rising_hz= resurgence_db=-0.614264
Doing analysis at TEMP = 125.000000 and TNOM = 27.000000

Using SPARSE 1.3 as Direct Linear Solver
 Reference value :  0.00000e+00
No. of Data Rows : 1
Doing analysis at TEMP = 125.000000 and TNOM = 27.000000

Using SPARSE 1.3 as Direct Linear Solver
 Reference value :  1.00000e-02
No. of Data Rows : 4401
Doing analysis at TEMP = 125.000000 and TNOM = 27.000000

Using SPARSE 1.3 as Direct Linear Solver
 Reference value :  1.00000e-02
No. of Data Rows : 4401
dcg                 =  1.35285e+02
f0                  =  6.37619e+05
phx                 =  -1.67792e+02
f180                =  7.45977e+05
gmx                 =  -2.05663e+00
 meas ac f0r when tdb=0 rise=1 failed!

tres                =  -6.61079e-01 at=  6.72202e+05
ROW iload_a=0.05 ceff_f=3.3e-07 esr_ohm=0.05 vout_v=1.7992 dcgain_db=135.285 f0_hz=637618 phase_at_f0_deg=-167.792 f180_hz=745977 gain_at_f180_db=-2.05663 f0_rising_hz= resurgence_db=-0.661079
Doing analysis at TEMP = 125.000000 and TNOM = 27.000000

Using SPARSE 1.3 as Direct Linear Solver
 Reference value :  0.00000e+00
No. of Data Rows : 1
Doing analysis at TEMP = 125.000000 and TNOM = 27.000000

Using SPARSE 1.3 as Direct Linear Solver
 Reference value :  2.16272e-02
No. of Data Rows : 4401
Doing analysis at TEMP = 125.000000 and TNOM = 27.000000

Using SPARSE 1.3 as Direct Linear Solver
 Reference value :  1.00000e-02
No. of Data Rows : 4401
dcg                 =  1.35285e+02
f0                  =  6.52381e+05
phx                 =  -1.58252e+02
f180                =  8.83602e+05
gmx                 =  -4.13858e+00
 meas ac f0r when tdb=0 rise=1 failed!

tres                =  -6.45042e-01 at=  6.87860e+05
ROW iload_a=0.05 ceff_f=3.3e-07 esr_ohm=0.2 vout_v=1.7992 dcgain_db=135.285 f0_hz=652381 phase_at_f0_deg=-158.252 f180_hz=883602 gain_at_f180_db=-4.13858 f0_rising_hz= resurgence_db=-0.645042
Doing analysis at TEMP = 125.000000 and TNOM = 27.000000

Using SPARSE 1.3 as Direct Linear Solver
 Reference value :  0.00000e+00
No. of Data Rows : 1
Doing analysis at TEMP = 125.000000 and TNOM = 27.000000

Using SPARSE 1.3 as Direct Linear Solver
 Reference value :  1.24451e+00
No. of Data Rows : 4401
Doing analysis at TEMP = 125.000000 and TNOM = 27.000000

Using SPARSE 1.3 as Direct Linear Solver
 Reference value :  1.00000e-02
No. of Data Rows : 4401
dcg                 =  1.35285e+02
f0                  =  7.41280e+05
phx                 =  -1.46600e+02
f180                =  1.20419e+06
gmx                 =  -6.60641e+00
 meas ac f0r when tdb=0 rise=1 failed!

tres                =  -5.74259e-01 at=  7.80728e+05
ROW iload_a=0.05 ceff_f=3.3e-07 esr_ohm=0.5 vout_v=1.7992 dcgain_db=135.285 f0_hz=741280 phase_at_f0_deg=-146.6 f180_hz=1.20419E+06 gain_at_f180_db=-6.60641 f0_rising_hz= resurgence_db=-0.574259
Doing analysis at TEMP = 125.000000 and TNOM = 27.000000

Using SPARSE 1.3 as Direct Linear Solver
 Reference value :  0.00000e+00
No. of Data Rows : 1
Doing analysis at TEMP = 125.000000 and TNOM = 27.000000

Using SPARSE 1.3 as Direct Linear Solver
 Reference value :  1.00000e-02
 Reference value :  7.58578e+08
No. of Data Rows : 4401
Doing analysis at TEMP = 125.000000 and TNOM = 27.000000

Using SPARSE 1.3 as Direct Linear Solver
 Reference value :  1.00000e-02
No. of Data Rows : 4401
dcg                 =  1.35285e+02
f0                  =  2.44363e+05
phx                 =  -1.29096e+02
f180                =  7.09461e+05
gmx                 =  -1.09977e+01
 meas ac f0r when tdb=0 rise=1 failed!

tres                =  -4.68726e-01 at=  2.57040e+05
ROW iload_a=0.05 ceff_f=1e-06 esr_ohm=0.001 vout_v=1.7992 dcgain_db=135.285 f0_hz=244363 phase_at_f0_deg=-129.096 f180_hz=709461 gain_at_f180_db=-10.9977 f0_rising_hz= resurgence_db=-0.468726
Doing analysis at TEMP = 125.000000 and TNOM = 27.000000

Using SPARSE 1.3 as Direct Linear Solver
 Reference value :  0.00000e+00
No. of Data Rows : 1
Doing analysis at TEMP = 125.000000 and TNOM = 27.000000

Using SPARSE 1.3 as Direct Linear Solver
 Reference value :  1.00000e-02
No. of Data Rows : 4401
Doing analysis at TEMP = 125.000000 and TNOM = 27.000000

Using SPARSE 1.3 as Direct Linear Solver
 Reference value :  1.00000e-02
 Reference value :  2.80221e+08
No. of Data Rows : 4401
dcg                 =  1.35285e+02
f0                  =  2.45029e+05
phx                 =  -1.24801e+02
f180                =  8.34471e+05
gmx                 =  -1.30614e+01
 meas ac f0r when tdb=0 rise=1 failed!

tres                =  -4.93797e-01 at=  2.58523e+05
ROW iload_a=0.05 ceff_f=1e-06 esr_ohm=0.05 vout_v=1.7992 dcgain_db=135.285 f0_hz=245029 phase_at_f0_deg=-124.801 f180_hz=834471 gain_at_f180_db=-13.0614 f0_rising_hz= resurgence_db=-0.493797
Doing analysis at TEMP = 125.000000 and TNOM = 27.000000

Using SPARSE 1.3 as Direct Linear Solver
 Reference value :  0.00000e+00
No. of Data Rows : 1
Doing analysis at TEMP = 125.000000 and TNOM = 27.000000

Using SPARSE 1.3 as Direct Linear Solver
 Reference value :  1.00000e-02
 Reference value :  2.93427e+08
No. of Data Rows : 4401
Doing analysis at TEMP = 125.000000 and TNOM = 27.000000

Using SPARSE 1.3 as Direct Linear Solver
 Reference value :  1.00000e-02
 Reference value :  3.52777e+08
No. of Data Rows : 4401
dcg                 =  1.35285e+02
f0                  =  2.55697e+05
phx                 =  -1.12252e+02
f180                =  1.29524e+06
gmx                 =  -1.62583e+01
 meas ac f0r when tdb=0 rise=1 failed!

tres                =  -4.31589e-01 at=  2.69153e+05
ROW iload_a=0.05 ceff_f=1e-06 esr_ohm=0.2 vout_v=1.7992 dcgain_db=135.285 f0_hz=255697 phase_at_f0_deg=-112.252 f180_hz=1.29524E+06 gain_at_f180_db=-16.2583 f0_rising_hz= resurgence_db=-0.431589
Doing analysis at TEMP = 125.000000 and TNOM = 27.000000

Using SPARSE 1.3 as Direct Linear Solver
 Reference value :  0.00000e+00
No. of Data Rows : 1
Doing analysis at TEMP = 125.000000 and TNOM = 27.000000

Using SPARSE 1.3 as Direct Linear Solver
 Reference value :  1.00000e-02
No. of Data Rows : 4401
Doing analysis at TEMP = 125.000000 and TNOM = 27.000000

Using SPARSE 1.3 as Direct Linear Solver
 Reference value :  1.00000e-02
No. of Data Rows : 4401
dcg                 =  1.35285e+02
f0                  =  3.55401e+05
phx                 =  -9.13436e+01
f180                =  1.59464e+06
gmx                 =  -1.27929e+01
 meas ac f0r when tdb=0 rise=1 failed!

tres                =  -2.30921e-01 at=  3.73680e+05
ROW iload_a=0.05 ceff_f=1e-06 esr_ohm=0.5 vout_v=1.7992 dcgain_db=135.285 f0_hz=355401 phase_at_f0_deg=-91.3436 f180_hz=1.59464E+06 gain_at_f180_db=-12.7929 f0_rising_hz= resurgence_db=-0.230921
Doing analysis at TEMP = 125.000000 and TNOM = 27.000000

Using SPARSE 1.3 as Direct Linear Solver
 Reference value :  0.00000e+00
No. of Data Rows : 1
Doing analysis at TEMP = 125.000000 and TNOM = 27.000000

Using SPARSE 1.3 as Direct Linear Solver
 Reference value :  6.56901e+00
No. of Data Rows : 4401
Doing analysis at TEMP = 125.000000 and TNOM = 27.000000

Using SPARSE 1.3 as Direct Linear Solver
 Reference value :  1.00000e-02
No. of Data Rows : 4401
dcg                 =  1.35285e+02
f0                  =  6.41728e+04
phx                 =  -1.31639e+02
f180                =  7.17301e+05
gmx                 =  -2.45754e+01
 meas ac f0r when tdb=0 rise=1 failed!

tres                =  -5.99018e-01 at=  6.76083e+04
ROW iload_a=0.05 ceff_f=4.7e-06 esr_ohm=0.001 vout_v=1.7992 dcgain_db=135.285 f0_hz=64172.8 phase_at_f0_deg=-131.639 f180_hz=717301 gain_at_f180_db=-24.5754 f0_rising_hz= resurgence_db=-0.599018
Doing analysis at TEMP = 125.000000 and TNOM = 27.000000

Using SPARSE 1.3 as Direct Linear Solver
 Reference value :  0.00000e+00
No. of Data Rows : 1
Doing analysis at TEMP = 125.000000 and TNOM = 27.000000

Using SPARSE 1.3 as Direct Linear Solver
 Reference value :  1.02920e-02
 Reference value :  7.07946e+08
No. of Data Rows : 4401
Doing analysis at TEMP = 125.000000 and TNOM = 27.000000

Using SPARSE 1.3 as Direct Linear Solver
 Reference value :  1.00000e-02
No. of Data Rows : 4401
dcg                 =  1.35285e+02
f0                  =  6.43784e+04
phx                 =  -1.26252e+02
f180                =  1.36666e+06
gmx                 =  -2.94920e+01
 meas ac f0r when tdb=0 rise=1 failed!

tres                =  -5.58058e-01 at=  6.76083e+04
ROW iload_a=0.05 ceff_f=4.7e-06 esr_ohm=0.05 vout_v=1.7992 dcgain_db=135.285 f0_hz=64378.4 phase_at_f0_deg=-126.252 f180_hz=1.36666E+06 gain_at_f180_db=-29.492 f0_rising_hz= resurgence_db=-0.558058
Doing analysis at TEMP = 125.000000 and TNOM = 27.000000

Using SPARSE 1.3 as Direct Linear Solver
 Reference value :  0.00000e+00
No. of Data Rows : 1
Doing analysis at TEMP = 125.000000 and TNOM = 27.000000

Using SPARSE 1.3 as Direct Linear Solver
 Reference value :  1.00000e-02
 Reference value :  5.24807e+08
No. of Data Rows : 4401
Doing analysis at TEMP = 125.000000 and TNOM = 27.000000

Using SPARSE 1.3 as Direct Linear Solver
 Reference value :  1.00000e-02
No. of Data Rows : 4401
dcg                 =  1.35285e+02
f0                  =  6.78341e+04
phx                 =  -1.08971e+02
f180                =  1.69921e+06
gmx                 =  -2.18994e+01
 meas ac f0r when tdb=0 rise=1 failed!

tres                =  -5.44877e-01 at=  7.16143e+04
ROW iload_a=0.05 ceff_f=4.7e-06 esr_ohm=0.2 vout_v=1.7992 dcgain_db=135.285 f0_hz=67834.1 phase_at_f0_deg=-108.971 f180_hz=1.69921E+06 gain_at_f180_db=-21.8994 f0_rising_hz= resurgence_db=-0.544877
Doing analysis at TEMP = 125.000000 and TNOM = 27.000000

Using SPARSE 1.3 as Direct Linear Solver
 Reference value :  0.00000e+00
No. of Data Rows : 1
Doing analysis at TEMP = 125.000000 and TNOM = 27.000000

Using SPARSE 1.3 as Direct Linear Solver
 Reference value :  1.00000e-02
 Reference value :  5.65588e+08
No. of Data Rows : 4401
Doing analysis at TEMP = 125.000000 and TNOM = 27.000000

Using SPARSE 1.3 as Direct Linear Solver
 Reference value :  1.00000e-02
No. of Data Rows : 4401
dcg                 =  1.35285e+02
f0                  =  1.03874e+05
phx                 =  -6.86381e+01
f180                =  1.76008e+06
gmx                 =  -1.46423e+01
 meas ac f0r when tdb=0 rise=1 failed!

tres                =  -2.15332e-01 at=  1.09648e+05
ROW iload_a=0.05 ceff_f=4.7e-06 esr_ohm=0.5 vout_v=1.7992 dcgain_db=135.285 f0_hz=103874 phase_at_f0_deg=-68.6381 f180_hz=1.76008E+06 gain_at_f180_db=-14.6423 f0_rising_hz= resurgence_db=-0.215332
* SWEEP COMPLETE tt_125c_2.97v
Note: Simulation executed from .control section 
Warning: m=xx on .subckt line will override multiplier m hierarchy!

Note: Starting dynamic gmin stepping
Note: Dynamic gmin stepping completed
Note: Starting dynamic gmin stepping
Note: Dynamic gmin stepping completed
Note: Starting dynamic gmin stepping
Note: Dynamic gmin stepping completed

Error: measure  f0r  when(WHEN) : out of interval
Error: &f0r: no such variable.
Note: Starting dynamic gmin stepping
Note: Dynamic gmin stepping completed
Note: Starting dynamic gmin stepping
Note: Dynamic gmin stepping completed
Note: Starting dynamic gmin stepping
Note: Dynamic gmin stepping completed

Error: measure  f0r  when(WHEN) : out of interval
Error: &f0r: no such variable.
Note: Starting dynamic gmin stepping
Note: Dynamic gmin stepping completed
Note: Starting dynamic gmin stepping
Note: Dynamic gmin stepping completed
Note: Starting dynamic gmin stepping
Note: Dynamic gmin stepping completed

Error: measure  f0r  when(WHEN) : out of interval
Error: &f0r: no such variable.
Note: Starting dynamic gmin stepping
Note: Dynamic gmin stepping completed
Note: Starting dynamic gmin stepping
Note: Dynamic gmin stepping completed
Note: Starting dynamic gmin stepping
Note: Dynamic gmin stepping completed

Error: measure  f0r  when(WHEN) : out of interval
Error: &f0r: no such variable.
Note: Starting dynamic gmin stepping
Note: Dynamic gmin stepping completed
Note: Starting dynamic gmin stepping
Note: Dynamic gmin stepping completed
Note: Starting dynamic gmin stepping
Note: Dynamic gmin stepping completed

Error: measure  f0r  when(WHEN) : out of interval
Error: &f0r: no such variable.
Note: Starting dynamic gmin stepping
Note: Dynamic gmin stepping completed
Note: Starting dynamic gmin stepping
Note: Dynamic gmin stepping completed
Note: Starting dynamic gmin stepping
Note: Dynamic gmin stepping completed

Error: measure  f0r  when(WHEN) : out of interval
Error: &f0r: no such variable.
Note: Starting dynamic gmin stepping
Note: Dynamic gmin stepping completed
Note: Starting dynamic gmin stepping
Note: Dynamic gmin stepping completed
Note: Starting dynamic gmin stepping
Note: Dynamic gmin stepping completed

Error: measure  f0r  when(WHEN) : out of interval
Error: &f0r: no such variable.
Note: Starting dynamic gmin stepping
Note: Dynamic gmin stepping completed
Note: Starting dynamic gmin stepping
Note: Dynamic gmin stepping completed
Note: Starting dynamic gmin stepping
Note: Dynamic gmin stepping completed

Error: measure  f0r  when(WHEN) : out of interval
Error: &f0r: no such variable.
Note: Starting dynamic gmin stepping
Note: Dynamic gmin stepping completed
Note: Starting dynamic gmin stepping
Note: Dynamic gmin stepping completed
Note: Starting dynamic gmin stepping
Note: Dynamic gmin stepping completed

Error: measure  f0r  when(WHEN) : out of interval
Error: &f0r: no such variable.
Note: Starting dynamic gmin stepping
Note: Dynamic gmin stepping completed
Note: Starting dynamic gmin stepping
Note: Dynamic gmin stepping completed
Note: Starting dynamic gmin stepping
Note: Dynamic gmin stepping completed

Error: measure  f0r  when(WHEN) : out of interval
Error: &f0r: no such variable.
Note: Starting dynamic gmin stepping
Note: Dynamic gmin stepping completed
Note: Starting dynamic gmin stepping
Note: Dynamic gmin stepping completed
Note: Starting dynamic gmin stepping
Note: Dynamic gmin stepping completed

Error: measure  f0r  when(WHEN) : out of interval
Error: &f0r: no such variable.
Note: Starting dynamic gmin stepping
Note: Dynamic gmin stepping completed
Note: Starting dynamic gmin stepping
Note: Dynamic gmin stepping completed
Note: Starting dynamic gmin stepping
Note: Dynamic gmin stepping completed

Error: measure  f0r  when(WHEN) : out of interval
Error: &f0r: no such variable.
Note: Starting dynamic gmin stepping
Note: Dynamic gmin stepping completed
Note: Starting dynamic gmin stepping
Note: Dynamic gmin stepping completed
Note: Starting dynamic gmin stepping
Note: Dynamic gmin stepping completed

Error: measure  f0r  when(WHEN) : out of interval
Error: &f0r: no such variable.
Note: Starting dynamic gmin stepping
Note: Dynamic gmin stepping completed
Note: Starting dynamic gmin stepping
Note: Dynamic gmin stepping completed
Note: Starting dynamic gmin stepping
Note: Dynamic gmin stepping completed

Error: measure  f0r  when(WHEN) : out of interval
Error: &f0r: no such variable.
Note: Starting dynamic gmin stepping
Note: Dynamic gmin stepping completed
Note: Starting dynamic gmin stepping
Note: Dynamic gmin stepping completed
Note: Starting dynamic gmin stepping
Note: Dynamic gmin stepping completed

Error: measure  f0r  when(WHEN) : out of interval
Error: &f0r: no such variable.
Note: Starting dynamic gmin stepping
Note: Dynamic gmin stepping completed
Note: Starting dynamic gmin stepping
Note: Dynamic gmin stepping completed
Note: Starting dynamic gmin stepping
Note: Dynamic gmin stepping completed

Error: measure  f0r  when(WHEN) : out of interval
Error: &f0r: no such variable.
Note: Starting dynamic gmin stepping
Note: Dynamic gmin stepping completed
Note: Starting dynamic gmin stepping
Note: Dynamic gmin stepping completed
Note: Starting dynamic gmin stepping
Note: Dynamic gmin stepping completed

Error: measure  f0r  when(WHEN) : out of interval
Error: &f0r: no such variable.
Note: Starting dynamic gmin stepping
Note: Dynamic gmin stepping completed
Note: Starting dynamic gmin stepping
Note: Dynamic gmin stepping completed
Note: Starting dynamic gmin stepping
Note: Dynamic gmin stepping completed

Error: measure  f0r  when(WHEN) : out of interval
Error: &f0r: no such variable.
Note: Starting dynamic gmin stepping
Note: Dynamic gmin stepping completed
Note: Starting dynamic gmin stepping
Note: Dynamic gmin stepping completed
Note: Starting dynamic gmin stepping
Note: Dynamic gmin stepping completed

Error: measure  f0r  when(WHEN) : out of interval
Error: &f0r: no such variable.
Note: Starting dynamic gmin stepping
Note: Dynamic gmin stepping completed
Note: Starting dynamic gmin stepping
Note: Dynamic gmin stepping completed
Note: Starting dynamic gmin stepping
Note: Dynamic gmin stepping completed

Error: measure  f0r  when(WHEN) : out of interval
Error: &f0r: no such variable.
Note: Starting dynamic gmin stepping
Note: Dynamic gmin stepping completed
Note: Starting dynamic gmin stepping
Note: Dynamic gmin stepping completed
Note: Starting dynamic gmin stepping
Note: Dynamic gmin stepping completed

Error: measure  f0r  when(WHEN) : out of interval
Error: &f0r: no such variable.
Note: Starting dynamic gmin stepping
Note: Dynamic gmin stepping completed
Note: Starting dynamic gmin stepping
Note: Dynamic gmin stepping completed
Note: Starting dynamic gmin stepping
Note: Dynamic gmin stepping completed

Error: measure  f0r  when(WHEN) : out of interval
Error: &f0r: no such variable.
Note: Starting dynamic gmin stepping
Note: Dynamic gmin stepping completed
Note: Starting dynamic gmin stepping
Note: Dynamic gmin stepping completed
Note: Starting dynamic gmin stepping
Note: Dynamic gmin stepping completed

Error: measure  f0r  when(WHEN) : out of interval
Error: &f0r: no such variable.
Note: Starting dynamic gmin stepping
Note: Dynamic gmin stepping completed
Note: Starting dynamic gmin stepping
Note: Dynamic gmin stepping completed
Note: Starting dynamic gmin stepping
Note: Dynamic gmin stepping completed

Error: measure  f0r  when(WHEN) : out of interval
Error: &f0r: no such variable.
Note: Starting dynamic gmin stepping
Note: Dynamic gmin stepping completed
Note: Starting dynamic gmin stepping
Note: Dynamic gmin stepping completed
Note: Starting dynamic gmin stepping
Note: Dynamic gmin stepping completed

Error: measure  f0r  when(WHEN) : out of interval
Error: &f0r: no such variable.
Note: Starting dynamic gmin stepping
Note: Dynamic gmin stepping completed
Note: Starting dynamic gmin stepping
Note: Dynamic gmin stepping completed
Note: Starting dynamic gmin stepping
Note: Dynamic gmin stepping completed

Error: measure  f0r  when(WHEN) : out of interval
Error: &f0r: no such variable.
Note: Starting dynamic gmin stepping
Note: Dynamic gmin stepping completed
Note: Starting dynamic gmin stepping
Note: Dynamic gmin stepping completed
Note: Starting dynamic gmin stepping
Note: Dynamic gmin stepping completed

Error: measure  f0r  when(WHEN) : out of interval
Error: &f0r: no such variable.
Note: Starting dynamic gmin stepping
Note: Dynamic gmin stepping completed
Note: Starting dynamic gmin stepping
Note: Dynamic gmin stepping completed
Note: Starting dynamic gmin stepping
Note: Dynamic gmin stepping completed

Error: measure  f0r  when(WHEN) : out of interval
Error: &f0r: no such variable.
Note: Starting dynamic gmin stepping
Note: Dynamic gmin stepping completed
Note: Starting dynamic gmin stepping
Note: Dynamic gmin stepping completed
Note: Starting dynamic gmin stepping
Note: Dynamic gmin stepping completed

Error: measure  f0r  when(WHEN) : out of interval
Error: &f0r: no such variable.
Note: Starting dynamic gmin stepping
Note: Dynamic gmin stepping completed
Note: Starting dynamic gmin stepping
Note: Dynamic gmin stepping completed
Note: Starting dynamic gmin stepping
Note: Dynamic gmin stepping completed

Error: measure  f0r  when(WHEN) : out of interval
Error: &f0r: no such variable.
Note: Starting dynamic gmin stepping
Note: Dynamic gmin stepping completed
Note: Starting dynamic gmin stepping
Note: Dynamic gmin stepping completed
Note: Starting dynamic gmin stepping
Note: Dynamic gmin stepping completed

Error: measure  f0r  when(WHEN) : out of interval
Error: &f0r: no such variable.
Note: Starting dynamic gmin stepping
Note: Dynamic gmin stepping completed
Note: Starting dynamic gmin stepping
Note: Dynamic gmin stepping completed
Note: Starting dynamic gmin stepping
Note: Dynamic gmin stepping completed

Error: measure  f0r  when(WHEN) : out of interval
Error: &f0r: no such variable.
Note: Starting dynamic gmin stepping
Note: Dynamic gmin stepping completed
Note: Starting dynamic gmin stepping
Note: Dynamic gmin stepping completed
Note: Starting dynamic gmin stepping
Note: Dynamic gmin stepping completed

Error: measure  f0r  when(WHEN) : out of interval
Error: &f0r: no such variable.
Note: Starting dynamic gmin stepping
Note: Dynamic gmin stepping completed
Note: Starting dynamic gmin stepping
Note: Dynamic gmin stepping completed
Note: Starting dynamic gmin stepping
Note: Dynamic gmin stepping completed

Error: measure  f0r  when(WHEN) : out of interval
Error: &f0r: no such variable.
Note: Starting dynamic gmin stepping
Note: Dynamic gmin stepping completed
Note: Starting dynamic gmin stepping
Note: Dynamic gmin stepping completed
Note: Starting dynamic gmin stepping
Note: Dynamic gmin stepping completed

Error: measure  f0r  when(WHEN) : out of interval
Error: &f0r: no such variable.
Note: Starting dynamic gmin stepping
Note: Dynamic gmin stepping completed
Note: Starting dynamic gmin stepping
Note: Dynamic gmin stepping completed
Note: Starting dynamic gmin stepping
Note: Dynamic gmin stepping completed

Error: measure  f0r  when(WHEN) : out of interval
Error: &f0r: no such variable.
Note: Starting dynamic gmin stepping
Note: Dynamic gmin stepping completed
Note: Starting dynamic gmin stepping
Note: Dynamic gmin stepping completed
Note: Starting dynamic gmin stepping
Note: Dynamic gmin stepping completed

Error: measure  f0r  when(WHEN) : out of interval
Error: &f0r: no such variable.
Note: Starting dynamic gmin stepping
Note: Dynamic gmin stepping completed
Note: Starting dynamic gmin stepping
Note: Dynamic gmin stepping completed
Note: Starting dynamic gmin stepping
Note: Dynamic gmin stepping completed

Error: measure  f0r  when(WHEN) : out of interval
Error: &f0r: no such variable.
Note: Starting dynamic gmin stepping
Note: Dynamic gmin stepping completed
Note: Starting dynamic gmin stepping
Note: Dynamic gmin stepping completed
Note: Starting dynamic gmin stepping
Note: Dynamic gmin stepping completed

Error: measure  f0r  when(WHEN) : out of interval
Error: &f0r: no such variable.
Note: Starting dynamic gmin stepping
Note: Dynamic gmin stepping completed
Note: Starting dynamic gmin stepping
Note: Dynamic gmin stepping completed
Note: Starting dynamic gmin stepping
Note: Dynamic gmin stepping completed

Error: measure  f0r  when(WHEN) : out of interval
Error: &f0r: no such variable.
Note: Starting dynamic gmin stepping
Note: Dynamic gmin stepping completed
Note: Starting dynamic gmin stepping
Note: Dynamic gmin stepping completed
Note: Starting dynamic gmin stepping
Note: Dynamic gmin stepping completed

Error: measure  f0r  when(WHEN) : out of interval
Error: &f0r: no such variable.
Note: Starting dynamic gmin stepping
Note: Dynamic gmin stepping completed
Note: Starting dynamic gmin stepping
Note: Dynamic gmin stepping completed
Note: Starting dynamic gmin stepping
Note: Dynamic gmin stepping completed

Error: measure  f0r  when(WHEN) : out of interval
Error: &f0r: no such variable.
Note: Starting dynamic gmin stepping
Note: Dynamic gmin stepping completed
Note: Starting dynamic gmin stepping
Note: Dynamic gmin stepping completed
Note: Starting dynamic gmin stepping
Note: Dynamic gmin stepping completed

Error: measure  f0r  when(WHEN) : out of interval
Error: &f0r: no such variable.
Note: Starting dynamic gmin stepping
Note: Dynamic gmin stepping completed
Note: Starting dynamic gmin stepping
Note: Dynamic gmin stepping completed
Note: Starting dynamic gmin stepping
Note: Dynamic gmin stepping completed

Error: measure  f0r  when(WHEN) : out of interval
Error: &f0r: no such variable.
Note: Starting dynamic gmin stepping
Note: Dynamic gmin stepping completed
Note: Starting dynamic gmin stepping
Note: Dynamic gmin stepping completed
Note: Starting dynamic gmin stepping
Note: Dynamic gmin stepping completed

Error: measure  f0r  when(WHEN) : out of interval
Error: &f0r: no such variable.
Note: Starting dynamic gmin stepping
Note: Dynamic gmin stepping completed
Note: Starting dynamic gmin stepping
Note: Dynamic gmin stepping completed
Note: Starting dynamic gmin stepping
Note: Dynamic gmin stepping completed

Error: measure  f0r  when(WHEN) : out of interval
Error: &f0r: no such variable.
Note: Starting dynamic gmin stepping
Note: Dynamic gmin stepping completed
Note: Starting dynamic gmin stepping
Note: Dynamic gmin stepping completed
Note: Starting dynamic gmin stepping
Note: Dynamic gmin stepping completed

Error: measure  f0r  when(WHEN) : out of interval
Error: &f0r: no such variable.
Note: Starting dynamic gmin stepping
Note: Dynamic gmin stepping completed
Note: Starting dynamic gmin stepping
Note: Dynamic gmin stepping completed
Note: Starting dynamic gmin stepping
Note: Dynamic gmin stepping completed

Error: measure  f0r  when(WHEN) : out of interval
Error: &f0r: no such variable.
Note: Starting dynamic gmin stepping
Note: Dynamic gmin stepping completed
Note: Starting dynamic gmin stepping
Note: Dynamic gmin stepping completed
Note: Starting dynamic gmin stepping
Note: Dynamic gmin stepping completed

Error: measure  f0r  when(WHEN) : out of interval
Error: &f0r: no such variable.
Note: Starting dynamic gmin stepping
Note: Dynamic gmin stepping completed
Note: Starting dynamic gmin stepping
Note: Dynamic gmin stepping completed
Note: Starting dynamic gmin stepping
Note: Dynamic gmin stepping completed

Error: measure  f0r  when(WHEN) : out of interval
Error: &f0r: no such variable.
Note: Starting dynamic gmin stepping
Note: Dynamic gmin stepping completed
Note: Starting dynamic gmin stepping
Note: Dynamic gmin stepping completed
Note: Starting dynamic gmin stepping
Note: Dynamic gmin stepping completed

Error: measure  f0r  when(WHEN) : out of interval
Error: &f0r: no such variable.
Note: Starting dynamic gmin stepping
Note: Dynamic gmin stepping completed
Note: Starting dynamic gmin stepping
Note: Dynamic gmin stepping completed
Note: Starting dynamic gmin stepping
Note: Dynamic gmin stepping completed

Error: measure  f0r  when(WHEN) : out of interval
Error: &f0r: no such variable.
Note: Starting dynamic gmin stepping
Note: Dynamic gmin stepping completed
Note: Starting dynamic gmin stepping
Note: Dynamic gmin stepping completed
Note: Starting dynamic gmin stepping
Note: Dynamic gmin stepping completed

Error: measure  f0r  when(WHEN) : out of interval
Error: &f0r: no such variable.
Note: Starting dynamic gmin stepping
Note: Dynamic gmin stepping completed
Note: Starting dynamic gmin stepping
Note: Dynamic gmin stepping completed
Note: Starting dynamic gmin stepping
Note: Dynamic gmin stepping completed

Error: measure  f0r  when(WHEN) : out of interval
Error: &f0r: no such variable.
Note: Starting dynamic gmin stepping
Note: Dynamic gmin stepping completed
Note: Starting dynamic gmin stepping
Note: Dynamic gmin stepping completed
Note: Starting dynamic gmin stepping
Note: Dynamic gmin stepping completed

Error: measure  f0r  when(WHEN) : out of interval
Error: &f0r: no such variable.
Note: Starting dynamic gmin stepping
Note: Dynamic gmin stepping completed
Note: Starting dynamic gmin stepping
Note: Dynamic gmin stepping completed
Note: Starting dynamic gmin stepping
Note: Dynamic gmin stepping completed

Error: measure  f0r  when(WHEN) : out of interval
Error: &f0r: no such variable.
Note: Starting dynamic gmin stepping
Note: Dynamic gmin stepping completed
Note: Starting dynamic gmin stepping
Note: Dynamic gmin stepping completed
Note: Starting dynamic gmin stepping
Note: Dynamic gmin stepping completed

Error: measure  f0r  when(WHEN) : out of interval
Error: &f0r: no such variable.
Note: Starting dynamic gmin stepping
Note: Dynamic gmin stepping completed
Note: Starting dynamic gmin stepping
Note: Dynamic gmin stepping completed
Note: Starting dynamic gmin stepping
Note: Dynamic gmin stepping completed

Error: measure  f0r  when(WHEN) : out of interval
Error: &f0r: no such variable.
Note: Starting dynamic gmin stepping
Note: Dynamic gmin stepping completed
Note: Starting dynamic gmin stepping
Note: Dynamic gmin stepping completed
Note: Starting dynamic gmin stepping
Note: Dynamic gmin stepping completed

Error: measure  f0r  when(WHEN) : out of interval
Error: &f0r: no such variable.
Note: Starting dynamic gmin stepping
Note: Dynamic gmin stepping completed
Note: Starting dynamic gmin stepping
Note: Dynamic gmin stepping completed
Note: Starting dynamic gmin stepping
Note: Dynamic gmin stepping completed

Error: measure  f0r  when(WHEN) : out of interval
Error: &f0r: no such variable.
Note: Starting dynamic gmin stepping
Note: Dynamic gmin stepping completed
Note: Starting dynamic gmin stepping
Note: Dynamic gmin stepping completed
Note: Starting dynamic gmin stepping
Note: Dynamic gmin stepping completed

Error: measure  f0r  when(WHEN) : out of interval
Error: &f0r: no such variable.
Note: Starting dynamic gmin stepping
Note: Dynamic gmin stepping completed
Note: Starting dynamic gmin stepping
Note: Dynamic gmin stepping completed
Note: Starting dynamic gmin stepping
Note: Dynamic gmin stepping completed

Error: measure  f0r  when(WHEN) : out of interval
Error: &f0r: no such variable.
Note: Starting dynamic gmin stepping
Note: Dynamic gmin stepping completed
Note: Starting dynamic gmin stepping
Note: Dynamic gmin stepping completed
Note: Starting dynamic gmin stepping
Note: Dynamic gmin stepping completed

Error: measure  f0r  when(WHEN) : out of interval
Error: &f0r: no such variable.
Note: Starting dynamic gmin stepping
Note: Dynamic gmin stepping completed
Note: Starting dynamic gmin stepping
Note: Dynamic gmin stepping completed
Note: Starting dynamic gmin stepping
Note: Dynamic gmin stepping completed

Error: measure  f0r  when(WHEN) : out of interval
Error: &f0r: no such variable.
Note: Starting dynamic gmin stepping
Note: Dynamic gmin stepping completed
Note: Starting dynamic gmin stepping
Note: Dynamic gmin stepping completed
Note: Starting dynamic gmin stepping
Note: Dynamic gmin stepping completed

Error: measure  f0r  when(WHEN) : out of interval
Error: &f0r: no such variable.
Note: Starting dynamic gmin stepping
Note: Dynamic gmin stepping completed
Note: Starting dynamic gmin stepping
Note: Dynamic gmin stepping completed
Note: Starting dynamic gmin stepping
Note: Dynamic gmin stepping completed

Error: measure  f0r  when(WHEN) : out of interval
Error: &f0r: no such variable.
Note: Starting dynamic gmin stepping
Note: Dynamic gmin stepping completed
Note: Starting dynamic gmin stepping
Note: Dynamic gmin stepping completed
Note: Starting dynamic gmin stepping
Note: Dynamic gmin stepping completed

Error: measure  f0r  when(WHEN) : out of interval
Error: &f0r: no such variable.
Note: Starting dynamic gmin stepping
Note: Dynamic gmin stepping completed
Note: Starting dynamic gmin stepping
Note: Dynamic gmin stepping completed
Note: Starting dynamic gmin stepping
Note: Dynamic gmin stepping completed

Error: measure  f0r  when(WHEN) : out of interval
Error: &f0r: no such variable.
Note: Starting dynamic gmin stepping
Note: Dynamic gmin stepping completed
Note: Starting dynamic gmin stepping
Note: Dynamic gmin stepping completed
Note: Starting dynamic gmin stepping
Note: Dynamic gmin stepping completed

Error: measure  f0r  when(WHEN) : out of interval
Error: &f0r: no such variable.
Note: Starting dynamic gmin stepping
Note: Dynamic gmin stepping completed
Note: Starting dynamic gmin stepping
Note: Dynamic gmin stepping completed
Note: Starting dynamic gmin stepping
Note: Dynamic gmin stepping completed

Error: measure  f0r  when(WHEN) : out of interval
Error: &f0r: no such variable.
Note: Starting dynamic gmin stepping
Note: Dynamic gmin stepping completed
Note: Starting dynamic gmin stepping
Note: Dynamic gmin stepping completed
Note: Starting dynamic gmin stepping
Note: Dynamic gmin stepping completed

Error: measure  f0r  when(WHEN) : out of interval
Error: &f0r: no such variable.
Note: Starting dynamic gmin stepping
Note: Dynamic gmin stepping completed
Note: Starting dynamic gmin stepping
Note: Dynamic gmin stepping completed
Note: Starting dynamic gmin stepping
Note: Dynamic gmin stepping completed

Error: measure  f0r  when(WHEN) : out of interval
Error: &f0r: no such variable.
