
Note: Compatibility modes selected: hs a


Circuit: * load-transient @ ff_27c_3.63v -- generated by sim/harness, do not edit

Doing analysis at TEMP = 27.000000 and TNOM = 27.000000

Using SPARSE 1.3 as Direct Linear Solver

Initial Transient Solution
--------------------------

Node                                   Voltage
----                                   -------
vin                                       3.63
vout                                    1.7992
loop                                   3.01374
xdut.fb                                1.19946
xdut.vref                                  1.2
xdut.xerramp.nbias                    0.711681
xdut.xerramp.xrbias.11                0.711988
xdut.xerramp.xrbias.21                 3.62858
xdut.xerramp.rbt                       3.62889
xdut.xerramp.tail                      0.50455
xdut.xerramp.nd                        2.64251
xdut.xerramp.n1                        3.00052
xdut.xerramp.nz                        3.00052
xdut.xerramp.xrz.11                    3.00052
xdut.xerramp.xrz.21                    3.00052
xdut.bg                                2.41215
xdut.xerramp.nbp                       3.00052
xdut.xerramp.xrbufb.11                 3.00052
xdut.xerramp.xrbufb.21                 3.00052
xdut.xerramp.enb                   5.13264e-09
xdut.xilimit.isns                       1.8003
xdut.xilimit.xrsns.11                  1.79923
xdut.xilimit.xrsns.21                  1.80027
xdut.xilimit.pb                        2.86811
xdut.xilimit.vth                       1.90087
xdut.xilimit.xrref.11                  1.79925
xdut.xilimit.xrref.21                  1.90082
xdut.xilimit.bt                            1.2
xdut.xilimit.bb                    0.000147406
xdut.xilimit.xrbias.11             0.000196291
xdut.xilimit.xrbias.21                 1.19995
xdut.xilimit.cn                       0.526917
xdut.xilimit.tail                      2.80293
xdut.xilimit.co                     0.00475127
xdut.xilimit.xrtail.11                 2.80301
xdut.xilimit.xrtail.21                 3.62846
xdut.xilimit.tailp                     3.62854
xdut.xilimit.enb                   5.13264e-09
xdut.xilimit.clg                          3.63
xdut.xilimit.xrl2.11                      3.63
xdut.xilimit.xrl2.21                      3.63
xdut.xsoftstart.bt                         1.2
xdut.xsoftstart.bb                  5.3089e-05
xdut.xsoftstart.xrss_bias.11       7.06959e-05
xdut.xsoftstart.xrss_bias.21           1.19998
xdut.xsoftstart.ssr                    2.24155
xdut.xsoftstart.enb                5.13264e-09
xdut.xsoftstart.tailp                  3.62941
xdut.xsoftstart.tail                   2.30684
xdut.xsoftstart.xrtail_ss.11           2.30688
xdut.xsoftstart.xrtail_ss.21           3.62938
xdut.xsoftstart.cn                    0.491882
xdut.xsoftstart.co                   0.0390847
xdut.xsoftstart.lp                        3.63
xdut.xsoftstart.clg                    3.62994
xdut.xsoftstart.xrl2_ss.11             3.62994
xdut.xsoftstart.xrl2_ss.21                3.63
ilc                                      0.001
nload                                        0
n_esr                                   1.7992
v.xdut.xsoftstart.vbsense_ss#branch     5.10835e-07
v.xdut.xilimit.vbsense#branch      1.41833e-06
vlmeas#branch                            0.001
vilc#branch                                  0
v.xdut.vref1#branch               -1.92917e-06
vsup#branch                        -0.00101931

 Reference value :  0.00000e+00
 Reference value :  1.02995e-05
 Reference value :  2.11395e-05
 Reference value :  3.13157e-05
 Reference value :  4.38669e-05
 Reference value :  5.43500e-05
 Reference value :  6.52100e-05
 Reference value :  7.47785e-05
 Reference value :  8.93052e-05
 Reference value :  1.01232e-04
 Reference value :  1.09202e-04
 Reference value :  1.16357e-04
 Reference value :  1.23620e-04
 Reference value :  1.30931e-04
 Reference value :  1.38306e-04
 Reference value :  1.48313e-04
 Reference value :  1.59781e-04
 Reference value :  1.69441e-04
 Reference value :  1.78741e-04
 Reference value :  1.87301e-04
 Reference value :  1.96061e-04
 Reference value :  2.06530e-04
 Reference value :  2.16950e-04
 Reference value :  2.26970e-04
 Reference value :  2.35530e-04
 Reference value :  2.44490e-04
 Reference value :  2.53350e-04
 Reference value :  2.64530e-04
 Reference value :  2.75730e-04
 Reference value :  2.86970e-04
 Reference value :  2.96090e-04
 Reference value :  3.05435e-04
 Reference value :  3.17195e-04
 Reference value :  3.28495e-04
 Reference value :  3.39675e-04
 Reference value :  3.48475e-04
 Reference value :  3.56575e-04
 Reference value :  3.64995e-04
 Reference value :  3.75115e-04
 Reference value :  3.85495e-04
 Reference value :  3.94135e-04
No. of Data Rows : 20085
vmin_load           =  1.33004e+00 at=  6.00300e-05
vmax_load           =  1.91688e+00 at=  1.51221e-04
vmin_line           =  1.75671e+00 at=  2.04030e-04
vmax_line           =  1.80238e+00 at=  3.03875e-04
iload_plateau       =  5.00000e-02 from=  1.00000e-04 to=  1.40014e-04
vout_min_global     =  1.33004e+00 at=  6.00300e-05
m_undershoot_mv = 4.6995800000e+02
m_overshoot_mv = 1.1687600000e+02
m_line_step_dev_lo_mv = 4.3290000000e+01
m_line_step_dev_hi_mv = 2.3830000000e+00
m_iload_plateau_ma = 5.0000000000e+01
m_vout_min_global_v = 1.3300420000e+00
m_iload_err_max_ua = 6.9388939039e-12
Note: Simulation executed from .control section 

Warning: m=xx on .subckt line will override multiplier m hierarchy!

Note: Starting dynamic gmin stepping
Note: Dynamic gmin stepping completed
