Warning: m=xx on .subckt line will override multiplier m hierarchy!


Note: Compatibility modes selected: hs a


Circuit: * soft-start -- controlled output ramp at enable, for ldo_core with

Doing analysis at TEMP = -40.000000 and TNOM = 27.000000

Using SPARSE 1.3 as Direct Linear Solver

Initial Transient Solution
--------------------------

Node                                   Voltage
----                                   -------
vin                                       3.63
en                                           0
vref                                       1.2
vout                               0.000350529
pg                                        3.63
xdut.fb                            0.000235173
xdut.xerramp.nbias                 1.30707e-09
xdut.xerramp.xrbias.11             2.39591e-09
xdut.xerramp.xrbias.21             6.44978e-06
xdut.xerramp.rbt                   6.45087e-06
xdut.xerramp.tail                      0.66695
xdut.xerramp.nd                           3.63
xdut.xerramp.n1                           3.63
xdut.xerramp.nz                           3.63
xdut.xerramp.xrz.11                       3.63
xdut.xerramp.xrz.21                       3.63
eout                                      3.63
xdut.bg                                   3.63
xdut.xerramp.nrza                         3.63
xdut.xerramp.xrza.11                      3.63
xdut.xerramp.xrza.21                      3.63
xdut.xerramp.nf                           3.63
xdut.xerramp.nbp                          3.63
xdut.xerramp.xrbufb.11                    3.63
xdut.xerramp.xrbufb.21                    3.63
xdut.xerramp.enb                          3.63
xdut.xilimit.isns                  0.000350529
xdut.xilimit.xrsns.11              0.000350529
xdut.xilimit.xrsns.21              0.000350529
xdut.xilimit.pb                         3.1749
xdut.xilimit.vth                   0.000350918
xdut.xilimit.xrref.11              0.000350529
xdut.xilimit.xrref.21              0.000350917
xdut.xilimit.bt                            1.2
xdut.xilimit.bb                            1.2
xdut.xilimit.xrbias.11                     1.2
xdut.xilimit.xrbias.21                     1.2
xdut.xilimit.cn                       0.330252
xdut.xilimit.tail                      1.25474
xdut.xilimit.co                    6.52757e-10
xdut.xilimit.xrtail.11                 1.25474
xdut.xilimit.xrtail.21                 1.25474
xdut.xilimit.tailp                     1.25474
xdut.xilimit.enb                          3.63
xdut.xilimit.clg                          3.63
xdut.xilimit.xrl2.11                      3.63
xdut.xilimit.xrl2.21                      3.63
xdut.xsoftstart.bt                         1.2
xdut.xsoftstart.bb                         1.2
xdut.xsoftstart.xrss_bias.11               1.2
xdut.xsoftstart.xrss_bias.21               1.2
xdut.xsoftstart.ssr                 1.0947e-08
xdut.xsoftstart.sd                        3.63
xdut.xsoftstart.gmsa                      3.63
xdut.xsoftstart.gmia                      3.63
xdut.xsoftstart.gmvss                  2.57774
xdut.xsoftstart.gmsb                      3.63
xdut.xsoftstart.gmsum                     3.63
xdut.xsoftstart.gmrm                   3.62951
xdut.xsoftstart.gmod                   1.65741
xdut.xsoftstart.fbp                     1.2213
xdut.xsoftstart.hg                           0
xdut.xsoftstart.enb                       3.63
xdut.xsoftstart.xrh_ss.11                    0
xdut.xsoftstart.xrh_ss.21                    0
xdut.xsoftstart.xrr_ss.11                 3.63
xdut.xsoftstart.xrr_ss.21                 3.63
n_esr                              0.000350529
n_cap                                        0
ln                                           0
v.xdut.xsoftstart.vbsense_ss#branch     1.19911e-12
v.xdut.xilimit.vbsense#branch      1.19912e-12
vlmeas#branch                      3.50529e-13
vcmeas#branch                                0
vloop#branch                       1.81298e-11
vref#branch                        4.87651e-12
ven#branch                                   0
vin#branch                        -4.90545e-10

 Reference value :  1.00444e-04 Reference value :  3.84195e-04 Reference value :  9.06195e-04 Reference value :  1.44220e-03 Reference value :  1.98620e-03 Reference value :  2.41320e-03 Reference value :  2.91620e-03 Reference value :  3.42620e-03 Reference value :  3.84120e-03 Reference value :  4.28320e-03 Reference value :  4.86420e-03 Reference value :  5.32320e-03 Reference value :  5.85020e-03 Reference value :  6.31920e-03 Reference value :  6.80720e-03 Reference value :  7.26320e-03 Reference value :  7.70820e-03 Reference value :  8.08931e-03 Reference value :  8.50331e-03 Reference value :  8.97231e-03
No. of Data Rows : 9098
m_t_v04             =  2.69574e-04
m_t_v14             =  6.70886e-04
m_t_startup         =  7.21959e-04 targ=  8.22345e-04 trig=  1.00386e-04
m_vout_max_en       =  1.79956e+00 at=  9.39195e-04
m_vout_settled      =  1.79933e+00
m_icap_peak_ma      =  1.28255e+02 at=  1.43294e-04
m_isup_peak_ma      =  1.28297e+02 at=  1.43294e-04
m_dvout_max         =  1.42498e+02 at=  1.43082e-04
m_dvout_min         =  -7.31985e-04 at=  1.25820e-03
m_ssr_end           =  2.42512e+00
m_hg_end            =  3.63000e+00
m_vout_pp_late      =  3.72430e-08 from=  7.50000e-03 to=  7.90000e-03
m_vout_off_tran     =  1.79753e+00
m_pg_off_tran       =  3.62999e+00
m_ssr_off_tran      =  4.12100e-09
m_hg_off_tran       =  4.96924e-06
Note: Simulation executed from .control section 
