
Note: Compatibility modes selected: hs a


Circuit: * amp-selfosc @ ss_125c_3.30v -- generated by sim/harness, do not edit

Doing analysis at TEMP = 125.000000 and TNOM = 27.000000

Using SPARSE 1.3 as Direct Linear Solver

Initial Transient Solution
--------------------------

Node                                   Voltage
----                                   -------
vin                                        3.3
en                                         3.3
vout_light                              1.7992
loop_light                             2.68998
xdut_light.fb                          1.19947
xdut_light.vref                            1.2
xdut_light.xerramp.nbias              0.824137
xdut_light.xerramp.xrbias.11          0.824257
xdut_light.xerramp.xrbias.21           3.29879
xdut_light.xerramp.rbt                 3.29891
xdut_light.xerramp.tail               0.421956
xdut_light.xerramp.nd                  2.17906
xdut_light.xerramp.n1                  2.57497
xdut_light.xerramp.nz                  2.57497
xdut_light.xerramp.xrz.11              2.57497
xdut_light.xerramp.xrz.21              2.57497
xdut_light.xerramp.nf                  2.29061
xdut_light.bg                          2.00625
xdut_light.xerramp.nbp                 2.57497
xdut_light.xerramp.xrbufb.11           2.57497
xdut_light.xerramp.xrbufb.21           2.57497
xdut_light.xerramp.enb             6.77983e-09
xdut_light.xilimit.isns                1.79937
xdut_light.xilimit.xrsns.11            1.79921
xdut_light.xilimit.xrsns.21            1.79936
xdut_light.xilimit.pb                  2.40492
xdut_light.xilimit.vth                 1.90033
xdut_light.xilimit.xrref.11            1.79923
xdut_light.xilimit.xrref.21             1.9003
xdut_light.xilimit.bt                      1.2
xdut_light.xilimit.bb              0.000160428
xdut_light.xilimit.xrbias.11       0.000184853
xdut_light.xilimit.xrbias.21           1.19998
xdut_light.xilimit.cn                 0.589052
xdut_light.xilimit.tail                2.79567
xdut_light.xilimit.co               0.00808241
xdut_light.xilimit.xrtail.11           2.79569
xdut_light.xilimit.xrtail.21           3.29898
xdut_light.xilimit.tailp               3.29901
xdut_light.xilimit.enb             6.77983e-09
xdut_light.xilimit.clg                     3.3
xdut_light.xilimit.xrl2.11                 3.3
xdut_light.xilimit.xrl2.21                 3.3
xdut_light.xsoftstart.bt                   1.2
xdut_light.xsoftstart.bb           5.77775e-05
xdut_light.xsoftstart.xrss_bias.11     6.65742e-05
xdut_light.xsoftstart.xrss_bias.21         1.19999
xdut_light.xsoftstart.ssr              2.26496
xdut_light.xsoftstart.enb          6.77983e-09
xdut_light.xsoftstart.tailp            3.29952
xdut_light.xsoftstart.tail             2.33187
xdut_light.xsoftstart.xrtail_ss.11         2.33188
xdut_light.xsoftstart.xrtail_ss.21         3.29951
xdut_light.xsoftstart.cn              0.558289
xdut_light.xsoftstart.co             0.0192229
xdut_light.xsoftstart.lp                   3.3
xdut_light.xsoftstart.clg              3.29986
xdut_light.xsoftstart.xrl2_ss.11         3.29986
xdut_light.xsoftstart.xrl2_ss.21             3.3
n_esr_light                             1.7992
vout_heavy                              1.7992
loop_heavy                             1.83988
xdut_heavy.fb                          1.19947
xdut_heavy.vref                            1.2
xdut_heavy.xerramp.nbias              0.824137
xdut_heavy.xerramp.xrbias.11          0.824257
xdut_heavy.xerramp.xrbias.21           3.29879
xdut_heavy.xerramp.rbt                 3.29891
xdut_heavy.xerramp.tail               0.421956
xdut_heavy.xerramp.nd                  2.17906
xdut_heavy.xerramp.n1                  2.57615
xdut_heavy.xerramp.nz                  2.57615
xdut_heavy.xerramp.xrz.11              2.57615
xdut_heavy.xerramp.xrz.21              2.57615
xdut_heavy.xerramp.nf                  1.86584
xdut_heavy.bg                          1.15553
xdut_heavy.xerramp.nbp                 2.57615
xdut_heavy.xerramp.xrbufb.11           2.57615
xdut_heavy.xerramp.xrbufb.21           2.57615
xdut_heavy.xerramp.enb             6.77983e-09
xdut_heavy.xilimit.isns                1.87963
xdut_heavy.xilimit.xrsns.11            1.80046
xdut_heavy.xilimit.xrsns.21            1.87837
xdut_heavy.xilimit.pb                  2.40492
xdut_heavy.xilimit.vth                 1.90033
xdut_heavy.xilimit.xrref.11            1.79923
xdut_heavy.xilimit.xrref.21             1.9003
xdut_heavy.xilimit.bt                      1.2
xdut_heavy.xilimit.bb              0.000160428
xdut_heavy.xilimit.xrbias.11       0.000184853
xdut_heavy.xilimit.xrbias.21           1.19998
xdut_heavy.xilimit.cn                 0.564453
xdut_heavy.xilimit.tail                 2.8326
xdut_heavy.xilimit.co                0.0397254
xdut_heavy.xilimit.xrtail.11           2.83263
xdut_heavy.xilimit.xrtail.21           3.29906
xdut_heavy.xilimit.tailp               3.29908
xdut_heavy.xilimit.enb             6.77983e-09
xdut_heavy.xilimit.clg                 3.29999
xdut_heavy.xilimit.xrl2.11             3.29999
xdut_heavy.xilimit.xrl2.21                 3.3
xdut_heavy.xsoftstart.bt                   1.2
xdut_heavy.xsoftstart.bb           5.77775e-05
xdut_heavy.xsoftstart.xrss_bias.11     6.65742e-05
xdut_heavy.xsoftstart.xrss_bias.21         1.19999
xdut_heavy.xsoftstart.ssr              2.26496
xdut_heavy.xsoftstart.enb          6.77983e-09
xdut_heavy.xsoftstart.tailp            3.29952
xdut_heavy.xsoftstart.tail             2.33187
xdut_heavy.xsoftstart.xrtail_ss.11         2.33188
xdut_heavy.xsoftstart.xrtail_ss.21         3.29951
xdut_heavy.xsoftstart.cn              0.558289
xdut_heavy.xsoftstart.co             0.0192229
xdut_heavy.xsoftstart.lp                   3.3
xdut_heavy.xsoftstart.clg              3.29986
xdut_heavy.xsoftstart.xrl2_ss.11         3.29986
xdut_heavy.xsoftstart.xrl2_ss.21             3.3
n_esr_heavy                             1.7992
v.xdut_heavy.xsoftstart.vbsense_ss#branch     3.50951e-07
v.xdut_heavy.xilimit.vbsense#branch     9.74432e-07
v.xdut_light.xsoftstart.vbsense_ss#branch     3.50951e-07
v.xdut_light.xilimit.vbsense#branch     9.74432e-07
v.xdut_heavy.vref1#branch         -1.32538e-06
v.xdut_light.vref1#branch         -1.32538e-06
ven#branch                                   0
vsup#branch                         -0.0501018

 Reference value :  1.50031e-04
 Reference value :  1.57815e-04
 Reference value :  1.65554e-04
 Reference value :  1.74939e-04
 Reference value :  1.81817e-04
 Reference value :  1.88496e-04
 Reference value :  1.97538e-04
 Reference value :  2.07004e-04
 Reference value :  2.16000e-04
 Reference value :  2.26789e-04
 Reference value :  2.32864e-04
 Reference value :  2.41107e-04
 Reference value :  2.50720e-04
 Reference value :  2.59702e-04
 Reference value :  2.65957e-04
 Reference value :  2.74742e-04
 Reference value :  2.82356e-04
 Reference value :  2.90151e-04
 Reference value :  2.99771e-04
No. of Data Rows : 1752
bg_pp_light         =  4.33130e-07 from=  2.00000e-04 to=  3.00000e-04
pg_pp_light         =  3.96073e-07 from=  2.00000e-04 to=  3.00000e-04
vo_pp_light         =  2.63406e-09 from=  2.00000e-04 to=  3.00000e-04
vo_avg_light        =  1.79920e+00 from=  2.00000e-04 to=  3.00000e-04
bg_pp_heavy         =  3.04867e+00 from=  2.00000e-04 to=  3.00000e-04
pg_pp_heavy         =  2.05020e+00 from=  2.00000e-04 to=  3.00000e-04
vo_pp_heavy         =  5.84282e-01 from=  2.00000e-04 to=  3.00000e-04
vo_avg_heavy        =  1.75939e+00 from=  2.00000e-04 to=  3.00000e-04
m_bg_pp_light_mv = 4.3313020000e-04
m_pg_pp_light_mv = 3.9607310000e-04
m_vout_pp_light_mv = 2.6340590000e-06
m_vout_avg_light_v = 1.7992040000e+00
m_bg_pp_heavy_mv = 3.0486710000e+03
m_pg_pp_heavy_mv = 2.0501990000e+03
m_vout_pp_heavy_mv = 5.8428240000e+02
m_vout_avg_heavy_v = 1.7593940000e+00
Note: Simulation executed from .control section 

Warning: m=xx on .subckt line will override multiplier m hierarchy!

Note: Starting dynamic gmin stepping
Note: Dynamic gmin stepping completed
