
Note: No compatibility mode selected!


Circuit: * soft-start-loop-gain -- the dc hand-over transfer of the fb-injection

* corner_id=res_ss_-40c_3.63v corner=res_ss temp_c=-40 vin_v=3.63
* variant=device analysis=dc-handover-transfer load=resistive-36ohm
* columns: HOV ssr_cmd= ssr_v= fb_v= vout_v= pg_v= erramp_v= isup_a=
* (I_inj into FB is DERIVED from fb_v/vout_v by KCL in sweep.py, not
*  measured, so the identical expression reads both DUT variants;
*  fb_v away from VREF means the loop is not in regulation at that ramp
*  state and neither VOUT nor I_inj is a regulating-branch quantity)
* Fields are key=value for the same reason the margin deck's are.
Doing analysis at TEMP = -40.000000 and TNOM = 27.000000

Using SPARSE 1.3 as Direct Linear Solver
 Reference value :  0.00000e+00
No. of Data Rows : 1
HOV ssr_cmd=0 ssr_v=0 fb_v=1.19961 vout_v=0.116145 pg_v=2.76499 erramp_v=2.76499 isup_a=0.00326413
Doing analysis at TEMP = -40.000000 and TNOM = 27.000000

Using SPARSE 1.3 as Direct Linear Solver

No. of Data Rows : 1
HOV ssr_cmd=0.025 ssr_v=0.025 fb_v=1.19961 vout_v=0.147968 pg_v=2.74713 erramp_v=2.74713 isup_a=0.00414786
Doing analysis at TEMP = -40.000000 and TNOM = 27.000000

Using SPARSE 1.3 as Direct Linear Solver
 Reference value :  0.00000e+00
No. of Data Rows : 1
HOV ssr_cmd=0.05 ssr_v=0.05 fb_v=1.19961 vout_v=0.180511 pg_v=2.73101 erramp_v=2.73101 isup_a=0.00505158
Doing analysis at TEMP = -40.000000 and TNOM = 27.000000

Using SPARSE 1.3 as Direct Linear Solver

No. of Data Rows : 1
HOV ssr_cmd=0.075 ssr_v=0.075 fb_v=1.19961 vout_v=0.213497 pg_v=2.71618 erramp_v=2.71618 isup_a=0.00596758
Doing analysis at TEMP = -40.000000 and TNOM = 27.000000

Using SPARSE 1.3 as Direct Linear Solver

No. of Data Rows : 1
HOV ssr_cmd=0.1 ssr_v=0.1 fb_v=1.19961 vout_v=0.246752 pg_v=2.70238 erramp_v=2.70238 isup_a=0.00689108
Doing analysis at TEMP = -40.000000 and TNOM = 27.000000

Using SPARSE 1.3 as Direct Linear Solver
 Reference value :  0.00000e+00
No. of Data Rows : 1
HOV ssr_cmd=0.125 ssr_v=0.125 fb_v=1.19961 vout_v=0.280175 pg_v=2.68939 erramp_v=2.68939 isup_a=0.00781924
Doing analysis at TEMP = -40.000000 and TNOM = 27.000000

Using SPARSE 1.3 as Direct Linear Solver

No. of Data Rows : 1
HOV ssr_cmd=0.15 ssr_v=0.15 fb_v=1.19961 vout_v=0.313706 pg_v=2.67708 erramp_v=2.67708 isup_a=0.00875039
Doing analysis at TEMP = -40.000000 and TNOM = 27.000000

Using SPARSE 1.3 as Direct Linear Solver

No. of Data Rows : 1
HOV ssr_cmd=0.175 ssr_v=0.175 fb_v=1.19961 vout_v=0.347309 pg_v=2.66532 erramp_v=2.66532 isup_a=0.00968353
Doing analysis at TEMP = -40.000000 and TNOM = 27.000000

Using SPARSE 1.3 as Direct Linear Solver
 Reference value :  0.00000e+00
No. of Data Rows : 1
HOV ssr_cmd=0.2 ssr_v=0.2 fb_v=1.19961 vout_v=0.380961 pg_v=2.65404 erramp_v=2.65404 isup_a=0.010618
Doing analysis at TEMP = -40.000000 and TNOM = 27.000000

Using SPARSE 1.3 as Direct Linear Solver

No. of Data Rows : 1
HOV ssr_cmd=0.225 ssr_v=0.225 fb_v=1.19961 vout_v=0.414647 pg_v=2.64318 erramp_v=2.64318 isup_a=0.0115535
Doing analysis at TEMP = -40.000000 and TNOM = 27.000000

Using SPARSE 1.3 as Direct Linear Solver
 Reference value :  0.00000e+00
No. of Data Rows : 1
HOV ssr_cmd=0.25 ssr_v=0.25 fb_v=1.19961 vout_v=0.448358 pg_v=2.63267 erramp_v=2.63267 isup_a=0.0124896
Doing analysis at TEMP = -40.000000 and TNOM = 27.000000

Using SPARSE 1.3 as Direct Linear Solver

No. of Data Rows : 1
HOV ssr_cmd=0.275 ssr_v=0.275 fb_v=1.19961 vout_v=0.482086 pg_v=2.62247 erramp_v=2.62247 isup_a=0.0134263
Doing analysis at TEMP = -40.000000 and TNOM = 27.000000

Using SPARSE 1.3 as Direct Linear Solver
 Reference value :  0.00000e+00
No. of Data Rows : 1
HOV ssr_cmd=0.3 ssr_v=0.3 fb_v=1.19961 vout_v=0.515827 pg_v=2.61256 erramp_v=2.61256 isup_a=0.0143632
Doing analysis at TEMP = -40.000000 and TNOM = 27.000000

Using SPARSE 1.3 as Direct Linear Solver

No. of Data Rows : 1
HOV ssr_cmd=0.325 ssr_v=0.325 fb_v=1.19961 vout_v=0.549576 pg_v=2.6029 erramp_v=2.6029 isup_a=0.0153004
Doing analysis at TEMP = -40.000000 and TNOM = 27.000000

Using SPARSE 1.3 as Direct Linear Solver
 Reference value :  0.00000e+00
No. of Data Rows : 1
HOV ssr_cmd=0.35 ssr_v=0.35 fb_v=1.19961 vout_v=0.58333 pg_v=2.59347 erramp_v=2.59347 isup_a=0.0162378
Doing analysis at TEMP = -40.000000 and TNOM = 27.000000

Using SPARSE 1.3 as Direct Linear Solver

No. of Data Rows : 1
HOV ssr_cmd=0.375 ssr_v=0.375 fb_v=1.19961 vout_v=0.617087 pg_v=2.58424 erramp_v=2.58424 isup_a=0.0171752
Doing analysis at TEMP = -40.000000 and TNOM = 27.000000

Using SPARSE 1.3 as Direct Linear Solver
 Reference value :  0.00000e+00
No. of Data Rows : 1
HOV ssr_cmd=0.4 ssr_v=0.4 fb_v=1.19961 vout_v=0.650845 pg_v=2.5752 erramp_v=2.5752 isup_a=0.0181127
Doing analysis at TEMP = -40.000000 and TNOM = 27.000000

Using SPARSE 1.3 as Direct Linear Solver

No. of Data Rows : 1
HOV ssr_cmd=0.425 ssr_v=0.425 fb_v=1.19961 vout_v=0.684601 pg_v=2.56634 erramp_v=2.56634 isup_a=0.0190501
Doing analysis at TEMP = -40.000000 and TNOM = 27.000000

Using SPARSE 1.3 as Direct Linear Solver
 Reference value :  0.00000e+00
No. of Data Rows : 1
HOV ssr_cmd=0.45 ssr_v=0.45 fb_v=1.19961 vout_v=0.718355 pg_v=2.55763 erramp_v=2.55763 isup_a=0.0199874
Doing analysis at TEMP = -40.000000 and TNOM = 27.000000

Using SPARSE 1.3 as Direct Linear Solver

No. of Data Rows : 1
HOV ssr_cmd=0.475 ssr_v=0.475 fb_v=1.19961 vout_v=0.752104 pg_v=2.54907 erramp_v=2.54907 isup_a=0.0209246
Doing analysis at TEMP = -40.000000 and TNOM = 27.000000

Using SPARSE 1.3 as Direct Linear Solver
 Reference value :  0.00000e+00
No. of Data Rows : 1
HOV ssr_cmd=0.5 ssr_v=0.5 fb_v=1.19961 vout_v=0.785847 pg_v=2.54065 erramp_v=2.54065 isup_a=0.0218617
Doing analysis at TEMP = -40.000000 and TNOM = 27.000000

Using SPARSE 1.3 as Direct Linear Solver
 Reference value :  0.00000e+00
No. of Data Rows : 1
HOV ssr_cmd=0.525 ssr_v=0.525 fb_v=1.19961 vout_v=0.819584 pg_v=2.53235 erramp_v=2.53235 isup_a=0.0227985
Doing analysis at TEMP = -40.000000 and TNOM = 27.000000

Using SPARSE 1.3 as Direct Linear Solver

No. of Data Rows : 1
HOV ssr_cmd=0.55 ssr_v=0.55 fb_v=1.19961 vout_v=0.853312 pg_v=2.52417 erramp_v=2.52417 isup_a=0.0237352
Doing analysis at TEMP = -40.000000 and TNOM = 27.000000

Using SPARSE 1.3 as Direct Linear Solver
 Reference value :  0.00000e+00
No. of Data Rows : 1
HOV ssr_cmd=0.575 ssr_v=0.575 fb_v=1.19961 vout_v=0.88703 pg_v=2.5161 erramp_v=2.5161 isup_a=0.0246715
Doing analysis at TEMP = -40.000000 and TNOM = 27.000000

Using SPARSE 1.3 as Direct Linear Solver

No. of Data Rows : 1
HOV ssr_cmd=0.6 ssr_v=0.6 fb_v=1.19961 vout_v=0.920738 pg_v=2.50814 erramp_v=2.50814 isup_a=0.0256076
Doing analysis at TEMP = -40.000000 and TNOM = 27.000000

Using SPARSE 1.3 as Direct Linear Solver
 Reference value :  0.00000e+00
No. of Data Rows : 1
HOV ssr_cmd=0.625 ssr_v=0.625 fb_v=1.19961 vout_v=0.954434 pg_v=2.50028 erramp_v=2.50028 isup_a=0.0265433
Doing analysis at TEMP = -40.000000 and TNOM = 27.000000

Using SPARSE 1.3 as Direct Linear Solver

No. of Data Rows : 1
HOV ssr_cmd=0.65 ssr_v=0.65 fb_v=1.19961 vout_v=0.988116 pg_v=2.4925 erramp_v=2.4925 isup_a=0.0274787
Doing analysis at TEMP = -40.000000 and TNOM = 27.000000

Using SPARSE 1.3 as Direct Linear Solver
 Reference value :  0.00000e+00
No. of Data Rows : 1
HOV ssr_cmd=0.675 ssr_v=0.675 fb_v=1.19961 vout_v=1.02178 pg_v=2.48481 erramp_v=2.48481 isup_a=0.0284136
Doing analysis at TEMP = -40.000000 and TNOM = 27.000000

Using SPARSE 1.3 as Direct Linear Solver

No. of Data Rows : 1
HOV ssr_cmd=0.7 ssr_v=0.7 fb_v=1.19961 vout_v=1.05544 pg_v=2.47721 erramp_v=2.47721 isup_a=0.0293481
Doing analysis at TEMP = -40.000000 and TNOM = 27.000000

Using SPARSE 1.3 as Direct Linear Solver
 Reference value :  0.00000e+00
No. of Data Rows : 1
HOV ssr_cmd=0.725 ssr_v=0.725 fb_v=1.19961 vout_v=1.08907 pg_v=2.46968 erramp_v=2.46968 isup_a=0.0302821
Doing analysis at TEMP = -40.000000 and TNOM = 27.000000

Using SPARSE 1.3 as Direct Linear Solver

No. of Data Rows : 1
HOV ssr_cmd=0.75 ssr_v=0.75 fb_v=1.19961 vout_v=1.12268 pg_v=2.46222 erramp_v=2.46222 isup_a=0.0312156
Doing analysis at TEMP = -40.000000 and TNOM = 27.000000

Using SPARSE 1.3 as Direct Linear Solver

No. of Data Rows : 1
HOV ssr_cmd=0.775 ssr_v=0.775 fb_v=1.19961 vout_v=1.15628 pg_v=2.45484 erramp_v=2.45484 isup_a=0.0321485
Doing analysis at TEMP = -40.000000 and TNOM = 27.000000

Using SPARSE 1.3 as Direct Linear Solver
 Reference value :  0.00000e+00
No. of Data Rows : 1
HOV ssr_cmd=0.8 ssr_v=0.8 fb_v=1.19961 vout_v=1.18985 pg_v=2.44752 erramp_v=2.44752 isup_a=0.0330808
Doing analysis at TEMP = -40.000000 and TNOM = 27.000000

Using SPARSE 1.3 as Direct Linear Solver

No. of Data Rows : 1
HOV ssr_cmd=0.825 ssr_v=0.825 fb_v=1.19961 vout_v=1.2234 pg_v=2.44026 erramp_v=2.44026 isup_a=0.0340124
Doing analysis at TEMP = -40.000000 and TNOM = 27.000000

Using SPARSE 1.3 as Direct Linear Solver
 Reference value :  0.00000e+00
No. of Data Rows : 1
HOV ssr_cmd=0.85 ssr_v=0.85 fb_v=1.19961 vout_v=1.25691 pg_v=2.43306 erramp_v=2.43306 isup_a=0.0349432
Doing analysis at TEMP = -40.000000 and TNOM = 27.000000

Using SPARSE 1.3 as Direct Linear Solver

No. of Data Rows : 1
HOV ssr_cmd=0.875 ssr_v=0.875 fb_v=1.19961 vout_v=1.2904 pg_v=2.42592 erramp_v=2.42592 isup_a=0.0358731
Doing analysis at TEMP = -40.000000 and TNOM = 27.000000

Using SPARSE 1.3 as Direct Linear Solver
 Reference value :  0.00000e+00
No. of Data Rows : 1
HOV ssr_cmd=0.9 ssr_v=0.9 fb_v=1.19961 vout_v=1.32386 pg_v=2.41884 erramp_v=2.41884 isup_a=0.0368021
Doing analysis at TEMP = -40.000000 and TNOM = 27.000000

Using SPARSE 1.3 as Direct Linear Solver

No. of Data Rows : 1
HOV ssr_cmd=0.925 ssr_v=0.925 fb_v=1.19961 vout_v=1.35727 pg_v=2.41181 erramp_v=2.41181 isup_a=0.0377301
Doing analysis at TEMP = -40.000000 and TNOM = 27.000000

Using SPARSE 1.3 as Direct Linear Solver
 Reference value :  0.00000e+00
No. of Data Rows : 1
HOV ssr_cmd=0.95 ssr_v=0.95 fb_v=1.19961 vout_v=1.39065 pg_v=2.40483 erramp_v=2.40483 isup_a=0.0386569
Doing analysis at TEMP = -40.000000 and TNOM = 27.000000

Using SPARSE 1.3 as Direct Linear Solver

No. of Data Rows : 1
HOV ssr_cmd=0.975 ssr_v=0.975 fb_v=1.19961 vout_v=1.42397 pg_v=2.39789 erramp_v=2.39789 isup_a=0.0395823
Doing analysis at TEMP = -40.000000 and TNOM = 27.000000

Using SPARSE 1.3 as Direct Linear Solver
 Reference value :  0.00000e+00
No. of Data Rows : 1
HOV ssr_cmd=1 ssr_v=1 fb_v=1.19961 vout_v=1.45724 pg_v=2.39101 erramp_v=2.39101 isup_a=0.0405062
Doing analysis at TEMP = -40.000000 and TNOM = 27.000000

Using SPARSE 1.3 as Direct Linear Solver
 Reference value :  0.00000e+00
No. of Data Rows : 1
HOV ssr_cmd=1.025 ssr_v=1.025 fb_v=1.19961 vout_v=1.49044 pg_v=2.38418 erramp_v=2.38418 isup_a=0.0414283
Doing analysis at TEMP = -40.000000 and TNOM = 27.000000

Using SPARSE 1.3 as Direct Linear Solver

No. of Data Rows : 1
HOV ssr_cmd=1.05 ssr_v=1.05 fb_v=1.19961 vout_v=1.52357 pg_v=2.37739 erramp_v=2.37739 isup_a=0.0423482
Doing analysis at TEMP = -40.000000 and TNOM = 27.000000

Using SPARSE 1.3 as Direct Linear Solver
 Reference value :  0.00000e+00
No. of Data Rows : 1
HOV ssr_cmd=1.075 ssr_v=1.075 fb_v=1.19961 vout_v=1.5566 pg_v=2.37066 erramp_v=2.37066 isup_a=0.0432655
Doing analysis at TEMP = -40.000000 and TNOM = 27.000000

Using SPARSE 1.3 as Direct Linear Solver

No. of Data Rows : 1
HOV ssr_cmd=1.1 ssr_v=1.1 fb_v=1.19961 vout_v=1.58952 pg_v=2.36398 erramp_v=2.36398 isup_a=0.0441795
Doing analysis at TEMP = -40.000000 and TNOM = 27.000000

Using SPARSE 1.3 as Direct Linear Solver
 Reference value :  0.00000e+00
No. of Data Rows : 1
HOV ssr_cmd=1.125 ssr_v=1.125 fb_v=1.19961 vout_v=1.62228 pg_v=2.35735 erramp_v=2.35735 isup_a=0.0450893
Doing analysis at TEMP = -40.000000 and TNOM = 27.000000

Using SPARSE 1.3 as Direct Linear Solver

No. of Data Rows : 1
HOV ssr_cmd=1.15 ssr_v=1.15 fb_v=1.19961 vout_v=1.65483 pg_v=2.35079 erramp_v=2.35079 isup_a=0.0459933
Doing analysis at TEMP = -40.000000 and TNOM = 27.000000

Using SPARSE 1.3 as Direct Linear Solver
 Reference value :  0.00000e+00
No. of Data Rows : 1
HOV ssr_cmd=1.175 ssr_v=1.175 fb_v=1.19961 vout_v=1.68708 pg_v=2.34431 erramp_v=2.34431 isup_a=0.0468888
Doing analysis at TEMP = -40.000000 and TNOM = 27.000000

Using SPARSE 1.3 as Direct Linear Solver

No. of Data Rows : 1
HOV ssr_cmd=1.2 ssr_v=1.2 fb_v=1.19961 vout_v=1.71884 pg_v=2.33795 erramp_v=2.33795 isup_a=0.0477709
Doing analysis at TEMP = -40.000000 and TNOM = 27.000000

Using SPARSE 1.3 as Direct Linear Solver
 Reference value :  0.00000e+00
No. of Data Rows : 1
HOV ssr_cmd=1.225 ssr_v=1.225 fb_v=1.19961 vout_v=1.74968 pg_v=2.33179 erramp_v=2.33179 isup_a=0.0486273
Doing analysis at TEMP = -40.000000 and TNOM = 27.000000

Using SPARSE 1.3 as Direct Linear Solver

No. of Data Rows : 1
HOV ssr_cmd=1.25 ssr_v=1.25 fb_v=1.19961 vout_v=1.77807 pg_v=2.32613 erramp_v=2.32613 isup_a=0.0494156
Doing analysis at TEMP = -40.000000 and TNOM = 27.000000

Using SPARSE 1.3 as Direct Linear Solver
 Reference value :  0.00000e+00
No. of Data Rows : 1
HOV ssr_cmd=1.275 ssr_v=1.275 fb_v=1.19961 vout_v=1.7952 pg_v=2.32272 erramp_v=2.32272 isup_a=0.0498913
Doing analysis at TEMP = -40.000000 and TNOM = 27.000000

Using SPARSE 1.3 as Direct Linear Solver

No. of Data Rows : 1
HOV ssr_cmd=1.3 ssr_v=1.3 fb_v=1.19961 vout_v=1.79806 pg_v=2.32215 erramp_v=2.32215 isup_a=0.0499705
Doing analysis at TEMP = -40.000000 and TNOM = 27.000000

Using SPARSE 1.3 as Direct Linear Solver
 Reference value :  0.00000e+00
No. of Data Rows : 1
HOV ssr_cmd=1.325 ssr_v=1.325 fb_v=1.19961 vout_v=1.79878 pg_v=2.32201 erramp_v=2.32201 isup_a=0.0499903
Doing analysis at TEMP = -40.000000 and TNOM = 27.000000

Using SPARSE 1.3 as Direct Linear Solver

No. of Data Rows : 1
HOV ssr_cmd=1.35 ssr_v=1.35 fb_v=1.19961 vout_v=1.79908 pg_v=2.32195 erramp_v=2.32195 isup_a=0.0499983
Doing analysis at TEMP = -40.000000 and TNOM = 27.000000

Using SPARSE 1.3 as Direct Linear Solver
 Reference value :  0.00000e+00
No. of Data Rows : 1
HOV ssr_cmd=1.375 ssr_v=1.375 fb_v=1.19961 vout_v=1.79922 pg_v=2.32192 erramp_v=2.32192 isup_a=0.0500021
Doing analysis at TEMP = -40.000000 and TNOM = 27.000000

Using SPARSE 1.3 as Direct Linear Solver

No. of Data Rows : 1
HOV ssr_cmd=1.4 ssr_v=1.4 fb_v=1.19961 vout_v=1.7993 pg_v=2.32191 erramp_v=2.32191 isup_a=0.050004
Doing analysis at TEMP = -40.000000 and TNOM = 27.000000

Using SPARSE 1.3 as Direct Linear Solver
 Reference value :  0.00000e+00
No. of Data Rows : 1
HOV ssr_cmd=1.425 ssr_v=1.425 fb_v=1.19961 vout_v=1.79934 pg_v=2.3219 erramp_v=2.3219 isup_a=0.0500049
Doing analysis at TEMP = -40.000000 and TNOM = 27.000000

Using SPARSE 1.3 as Direct Linear Solver

No. of Data Rows : 1
HOV ssr_cmd=1.45 ssr_v=1.45 fb_v=1.19961 vout_v=1.79937 pg_v=2.32189 erramp_v=2.32189 isup_a=0.0500054
Doing analysis at TEMP = -40.000000 and TNOM = 27.000000

Using SPARSE 1.3 as Direct Linear Solver
 Reference value :  0.00000e+00
No. of Data Rows : 1
HOV ssr_cmd=1.475 ssr_v=1.475 fb_v=1.19961 vout_v=1.79938 pg_v=2.32189 erramp_v=2.32189 isup_a=0.0500056
Doing analysis at TEMP = -40.000000 and TNOM = 27.000000

Using SPARSE 1.3 as Direct Linear Solver
 Reference value :  0.00000e+00
No. of Data Rows : 1
HOV ssr_cmd=1.5 ssr_v=1.5 fb_v=1.19961 vout_v=1.79939 pg_v=2.32189 erramp_v=2.32189 isup_a=0.0500057
Doing analysis at TEMP = -40.000000 and TNOM = 27.000000

Using SPARSE 1.3 as Direct Linear Solver
 Reference value :  0.00000e+00
No. of Data Rows : 1
HOV ssr_cmd=1.525 ssr_v=1.525 fb_v=1.19961 vout_v=1.7994 pg_v=2.32189 erramp_v=2.32189 isup_a=0.0500056
Doing analysis at TEMP = -40.000000 and TNOM = 27.000000

Using SPARSE 1.3 as Direct Linear Solver
 Reference value :  0.00000e+00
No. of Data Rows : 1
HOV ssr_cmd=1.55 ssr_v=1.55 fb_v=1.19961 vout_v=1.7994 pg_v=2.32189 erramp_v=2.32189 isup_a=0.0500055
Doing analysis at TEMP = -40.000000 and TNOM = 27.000000

Using SPARSE 1.3 as Direct Linear Solver
 Reference value :  0.00000e+00
No. of Data Rows : 1
HOV ssr_cmd=1.575 ssr_v=1.575 fb_v=1.19961 vout_v=1.7994 pg_v=2.32188 erramp_v=2.32188 isup_a=0.0500053
Doing analysis at TEMP = -40.000000 and TNOM = 27.000000

Using SPARSE 1.3 as Direct Linear Solver
 Reference value :  0.00000e+00
No. of Data Rows : 1
HOV ssr_cmd=1.6 ssr_v=1.6 fb_v=1.19961 vout_v=1.7994 pg_v=2.32188 erramp_v=2.32188 isup_a=0.0500051
Doing analysis at TEMP = -40.000000 and TNOM = 27.000000

Using SPARSE 1.3 as Direct Linear Solver

No. of Data Rows : 1
HOV ssr_cmd=1.625 ssr_v=1.625 fb_v=1.19961 vout_v=1.79941 pg_v=2.32188 erramp_v=2.32188 isup_a=0.0500049
Doing analysis at TEMP = -40.000000 and TNOM = 27.000000

Using SPARSE 1.3 as Direct Linear Solver
 Reference value :  0.00000e+00
No. of Data Rows : 1
HOV ssr_cmd=1.65 ssr_v=1.65 fb_v=1.19961 vout_v=1.79941 pg_v=2.32188 erramp_v=2.32188 isup_a=0.0500047
Doing analysis at TEMP = -40.000000 and TNOM = 27.000000

Using SPARSE 1.3 as Direct Linear Solver

No. of Data Rows : 1
HOV ssr_cmd=1.675 ssr_v=1.675 fb_v=1.19961 vout_v=1.79941 pg_v=2.32188 erramp_v=2.32188 isup_a=0.0500045
Doing analysis at TEMP = -40.000000 and TNOM = 27.000000

Using SPARSE 1.3 as Direct Linear Solver
 Reference value :  0.00000e+00
No. of Data Rows : 1
HOV ssr_cmd=1.7 ssr_v=1.7 fb_v=1.19961 vout_v=1.79941 pg_v=2.32188 erramp_v=2.32188 isup_a=0.0500043
Doing analysis at TEMP = -40.000000 and TNOM = 27.000000

Using SPARSE 1.3 as Direct Linear Solver

No. of Data Rows : 1
HOV ssr_cmd=1.725 ssr_v=1.725 fb_v=1.19961 vout_v=1.79941 pg_v=2.32188 erramp_v=2.32188 isup_a=0.0500041
Doing analysis at TEMP = -40.000000 and TNOM = 27.000000

Using SPARSE 1.3 as Direct Linear Solver
 Reference value :  0.00000e+00
No. of Data Rows : 1
HOV ssr_cmd=1.75 ssr_v=1.75 fb_v=1.19961 vout_v=1.79941 pg_v=2.32188 erramp_v=2.32188 isup_a=0.0500039
Doing analysis at TEMP = -40.000000 and TNOM = 27.000000

Using SPARSE 1.3 as Direct Linear Solver
 Reference value :  0.00000e+00
No. of Data Rows : 1
HOV ssr_cmd=1.775 ssr_v=1.775 fb_v=1.19961 vout_v=1.79941 pg_v=2.32188 erramp_v=2.32188 isup_a=0.0500037
Doing analysis at TEMP = -40.000000 and TNOM = 27.000000

Using SPARSE 1.3 as Direct Linear Solver

No. of Data Rows : 1
HOV ssr_cmd=1.8 ssr_v=1.8 fb_v=1.19961 vout_v=1.79941 pg_v=2.32188 erramp_v=2.32188 isup_a=0.0500034
Doing analysis at TEMP = -40.000000 and TNOM = 27.000000

Using SPARSE 1.3 as Direct Linear Solver
 Reference value :  0.00000e+00
No. of Data Rows : 1
HOV ssr_cmd=1.825 ssr_v=1.825 fb_v=1.19961 vout_v=1.79941 pg_v=2.32188 erramp_v=2.32188 isup_a=0.0500032
Doing analysis at TEMP = -40.000000 and TNOM = 27.000000

Using SPARSE 1.3 as Direct Linear Solver

No. of Data Rows : 1
HOV ssr_cmd=1.85 ssr_v=1.85 fb_v=1.19961 vout_v=1.79941 pg_v=2.32188 erramp_v=2.32188 isup_a=0.050003
Doing analysis at TEMP = -40.000000 and TNOM = 27.000000

Using SPARSE 1.3 as Direct Linear Solver
 Reference value :  0.00000e+00
No. of Data Rows : 1
HOV ssr_cmd=1.875 ssr_v=1.875 fb_v=1.19961 vout_v=1.79941 pg_v=2.32188 erramp_v=2.32188 isup_a=0.0500028
Doing analysis at TEMP = -40.000000 and TNOM = 27.000000

Using SPARSE 1.3 as Direct Linear Solver

No. of Data Rows : 1
HOV ssr_cmd=1.9 ssr_v=1.9 fb_v=1.19961 vout_v=1.79941 pg_v=2.32188 erramp_v=2.32188 isup_a=0.0500026
Doing analysis at TEMP = -40.000000 and TNOM = 27.000000

Using SPARSE 1.3 as Direct Linear Solver
 Reference value :  0.00000e+00
No. of Data Rows : 1
HOV ssr_cmd=1.925 ssr_v=1.925 fb_v=1.19961 vout_v=1.79941 pg_v=2.32188 erramp_v=2.32188 isup_a=0.0500023
Doing analysis at TEMP = -40.000000 and TNOM = 27.000000

Using SPARSE 1.3 as Direct Linear Solver

No. of Data Rows : 1
HOV ssr_cmd=1.95 ssr_v=1.95 fb_v=1.19961 vout_v=1.79941 pg_v=2.32188 erramp_v=2.32188 isup_a=0.0500021
Doing analysis at TEMP = -40.000000 and TNOM = 27.000000

Using SPARSE 1.3 as Direct Linear Solver
 Reference value :  0.00000e+00
No. of Data Rows : 1
HOV ssr_cmd=1.975 ssr_v=1.975 fb_v=1.19961 vout_v=1.79941 pg_v=2.32188 erramp_v=2.32188 isup_a=0.0500019
Doing analysis at TEMP = -40.000000 and TNOM = 27.000000

Using SPARSE 1.3 as Direct Linear Solver

No. of Data Rows : 1
HOV ssr_cmd=2 ssr_v=2 fb_v=1.19961 vout_v=1.79941 pg_v=2.32188 erramp_v=2.32188 isup_a=0.0500017
Doing analysis at TEMP = -40.000000 and TNOM = 27.000000

Using SPARSE 1.3 as Direct Linear Solver
 Reference value :  0.00000e+00
No. of Data Rows : 1
HOV ssr_cmd=2.025 ssr_v=2.025 fb_v=1.19961 vout_v=1.79941 pg_v=2.32188 erramp_v=2.32188 isup_a=0.0500015
Doing analysis at TEMP = -40.000000 and TNOM = 27.000000

Using SPARSE 1.3 as Direct Linear Solver

No. of Data Rows : 1
HOV ssr_cmd=2.05 ssr_v=2.05 fb_v=1.19961 vout_v=1.79941 pg_v=2.32188 erramp_v=2.32188 isup_a=0.0500013
Doing analysis at TEMP = -40.000000 and TNOM = 27.000000

Using SPARSE 1.3 as Direct Linear Solver
 Reference value :  0.00000e+00
No. of Data Rows : 1
HOV ssr_cmd=2.075 ssr_v=2.075 fb_v=1.19961 vout_v=1.79941 pg_v=2.32188 erramp_v=2.32188 isup_a=0.0500011
Doing analysis at TEMP = -40.000000 and TNOM = 27.000000

Using SPARSE 1.3 as Direct Linear Solver

No. of Data Rows : 1
HOV ssr_cmd=2.1 ssr_v=2.1 fb_v=1.19961 vout_v=1.79941 pg_v=2.32188 erramp_v=2.32188 isup_a=0.0500008
Doing analysis at TEMP = -40.000000 and TNOM = 27.000000

Using SPARSE 1.3 as Direct Linear Solver
 Reference value :  0.00000e+00
No. of Data Rows : 1
HOV ssr_cmd=2.125 ssr_v=2.125 fb_v=1.19961 vout_v=1.79941 pg_v=2.32188 erramp_v=2.32188 isup_a=0.0500006
Doing analysis at TEMP = -40.000000 and TNOM = 27.000000

Using SPARSE 1.3 as Direct Linear Solver

No. of Data Rows : 1
HOV ssr_cmd=2.15 ssr_v=2.15 fb_v=1.19961 vout_v=1.79941 pg_v=2.32188 erramp_v=2.32188 isup_a=0.0500004
Doing analysis at TEMP = -40.000000 and TNOM = 27.000000

Using SPARSE 1.3 as Direct Linear Solver
 Reference value :  0.00000e+00
No. of Data Rows : 1
HOV ssr_cmd=2.175 ssr_v=2.175 fb_v=1.19961 vout_v=1.79941 pg_v=2.32188 erramp_v=2.32188 isup_a=0.0500002
Doing analysis at TEMP = -40.000000 and TNOM = 27.000000

Using SPARSE 1.3 as Direct Linear Solver

No. of Data Rows : 1
HOV ssr_cmd=2.2 ssr_v=2.2 fb_v=1.19961 vout_v=1.79941 pg_v=2.32188 erramp_v=2.32188 isup_a=0.05
Doing analysis at TEMP = -40.000000 and TNOM = 27.000000

Using SPARSE 1.3 as Direct Linear Solver
 Reference value :  0.00000e+00
No. of Data Rows : 1
HOV ssr_cmd=2.225 ssr_v=2.225 fb_v=1.19961 vout_v=1.79941 pg_v=2.32188 erramp_v=2.32188 isup_a=0.0499998
Doing analysis at TEMP = -40.000000 and TNOM = 27.000000

Using SPARSE 1.3 as Direct Linear Solver

No. of Data Rows : 1
HOV ssr_cmd=2.25 ssr_v=2.25 fb_v=1.19961 vout_v=1.79941 pg_v=2.32188 erramp_v=2.32188 isup_a=0.0499996
Doing analysis at TEMP = -40.000000 and TNOM = 27.000000

Using SPARSE 1.3 as Direct Linear Solver
 Reference value :  0.00000e+00
No. of Data Rows : 1
HOV ssr_cmd=2.275 ssr_v=2.275 fb_v=1.19961 vout_v=1.79941 pg_v=2.32188 erramp_v=2.32188 isup_a=0.0499993
Doing analysis at TEMP = -40.000000 and TNOM = 27.000000

Using SPARSE 1.3 as Direct Linear Solver

No. of Data Rows : 1
HOV ssr_cmd=2.3 ssr_v=2.3 fb_v=1.19961 vout_v=1.79941 pg_v=2.32188 erramp_v=2.32188 isup_a=0.0499991
Doing analysis at TEMP = -40.000000 and TNOM = 27.000000

Using SPARSE 1.3 as Direct Linear Solver
 Reference value :  0.00000e+00
No. of Data Rows : 1
HOV ssr_cmd=2.325 ssr_v=2.325 fb_v=1.19961 vout_v=1.79941 pg_v=2.32188 erramp_v=2.32188 isup_a=0.0499989
Doing analysis at TEMP = -40.000000 and TNOM = 27.000000

Using SPARSE 1.3 as Direct Linear Solver

No. of Data Rows : 1
HOV ssr_cmd=2.35 ssr_v=2.35 fb_v=1.19961 vout_v=1.79941 pg_v=2.32188 erramp_v=2.32188 isup_a=0.0499987
Doing analysis at TEMP = -40.000000 and TNOM = 27.000000

Using SPARSE 1.3 as Direct Linear Solver
 Reference value :  0.00000e+00
No. of Data Rows : 1
HOV ssr_cmd=2.375 ssr_v=2.375 fb_v=1.19961 vout_v=1.79941 pg_v=2.32188 erramp_v=2.32188 isup_a=0.0499985
Doing analysis at TEMP = -40.000000 and TNOM = 27.000000

Using SPARSE 1.3 as Direct Linear Solver

No. of Data Rows : 1
HOV ssr_cmd=2.4 ssr_v=2.4 fb_v=1.19961 vout_v=1.79941 pg_v=2.32188 erramp_v=2.32188 isup_a=0.0499983
* SWEEP COMPLETE res_ss_-40c_3.63v
Note: Simulation executed from .control section 
Note: Starting dynamic gmin stepping
Note: Dynamic gmin stepping completed
Note: Starting dynamic gmin stepping
Note: Dynamic gmin stepping completed
Note: Starting dynamic gmin stepping
Note: Dynamic gmin stepping completed
Note: Starting dynamic gmin stepping
Note: Dynamic gmin stepping completed
Note: Starting dynamic gmin stepping
Note: Dynamic gmin stepping completed
Note: Starting dynamic gmin stepping
Note: Dynamic gmin stepping completed
Note: Starting dynamic gmin stepping
Note: Dynamic gmin stepping completed
Note: Starting dynamic gmin stepping
Note: Dynamic gmin stepping completed
Note: Starting dynamic gmin stepping
Note: Dynamic gmin stepping completed
Note: Starting dynamic gmin stepping
Note: Dynamic gmin stepping completed
Note: Starting dynamic gmin stepping
Note: Dynamic gmin stepping completed
Note: Starting dynamic gmin stepping
Note: Dynamic gmin stepping completed
Note: Starting dynamic gmin stepping
Note: Dynamic gmin stepping completed
Note: Starting dynamic gmin stepping
Note: Dynamic gmin stepping completed
Note: Starting dynamic gmin stepping
Note: Dynamic gmin stepping completed
Note: Starting dynamic gmin stepping
Note: Dynamic gmin stepping completed
Note: Starting dynamic gmin stepping
Note: Dynamic gmin stepping completed
Note: Starting dynamic gmin stepping
Note: Dynamic gmin stepping completed
Note: Starting dynamic gmin stepping
Note: Dynamic gmin stepping completed
Note: Starting dynamic gmin stepping
Note: Dynamic gmin stepping completed
Note: Starting dynamic gmin stepping
Note: Dynamic gmin stepping completed
Note: Starting dynamic gmin stepping
Note: Dynamic gmin stepping completed
Note: Starting dynamic gmin stepping
Note: Dynamic gmin stepping completed
Note: Starting dynamic gmin stepping
Note: Dynamic gmin stepping completed
Note: Starting dynamic gmin stepping
Note: Dynamic gmin stepping completed
Note: Starting dynamic gmin stepping
Note: Dynamic gmin stepping completed
Note: Starting dynamic gmin stepping
Note: Dynamic gmin stepping completed
Note: Starting dynamic gmin stepping
Note: Dynamic gmin stepping completed
Note: Starting dynamic gmin stepping
Note: Dynamic gmin stepping completed
Note: Starting dynamic gmin stepping
Note: Dynamic gmin stepping completed
Note: Starting dynamic gmin stepping
Note: Dynamic gmin stepping completed
Note: Starting dynamic gmin stepping
Note: Dynamic gmin stepping completed
Note: Starting dynamic gmin stepping
Note: Dynamic gmin stepping completed
Note: Starting dynamic gmin stepping
Note: Dynamic gmin stepping completed
Note: Starting dynamic gmin stepping
Note: Dynamic gmin stepping completed
Note: Starting dynamic gmin stepping
Note: Dynamic gmin stepping completed
Note: Starting dynamic gmin stepping
Note: Dynamic gmin stepping completed
Note: Starting dynamic gmin stepping
Note: Dynamic gmin stepping completed
Note: Starting dynamic gmin stepping
Note: Dynamic gmin stepping completed
Note: Starting dynamic gmin stepping
Note: Dynamic gmin stepping completed
Note: Starting dynamic gmin stepping
Note: Dynamic gmin stepping completed
Note: Starting dynamic gmin stepping
Note: Dynamic gmin stepping completed
Note: Starting dynamic gmin stepping
Note: Dynamic gmin stepping completed
Note: Starting dynamic gmin stepping
Note: Dynamic gmin stepping completed
Note: Starting dynamic gmin stepping
Note: Dynamic gmin stepping completed
Note: Starting dynamic gmin stepping
Note: Dynamic gmin stepping completed
Note: Starting dynamic gmin stepping
Note: Dynamic gmin stepping completed
Note: Starting dynamic gmin stepping
Note: Dynamic gmin stepping completed
Note: Starting dynamic gmin stepping
Note: Dynamic gmin stepping completed
Note: Starting dynamic gmin stepping
Note: Dynamic gmin stepping completed
Note: Starting dynamic gmin stepping
Note: Dynamic gmin stepping completed
Note: Starting dynamic gmin stepping
Note: Dynamic gmin stepping completed
Note: Starting dynamic gmin stepping
Note: Dynamic gmin stepping completed
Note: Starting dynamic gmin stepping
Note: Dynamic gmin stepping completed
Note: Starting dynamic gmin stepping
Note: Dynamic gmin stepping completed
Note: Starting dynamic gmin stepping
Note: Dynamic gmin stepping completed
Note: Starting dynamic gmin stepping
Note: Dynamic gmin stepping completed
Note: Starting dynamic gmin stepping
Note: Dynamic gmin stepping completed
Note: Starting dynamic gmin stepping
Note: Dynamic gmin stepping completed
Note: Starting dynamic gmin stepping
Note: Dynamic gmin stepping completed
Note: Starting dynamic gmin stepping
Note: Dynamic gmin stepping completed
Note: Starting dynamic gmin stepping
Note: Dynamic gmin stepping completed
Note: Starting dynamic gmin stepping
Note: Dynamic gmin stepping completed
Note: Starting dynamic gmin stepping
Note: Dynamic gmin stepping completed
Note: Starting dynamic gmin stepping
Note: Dynamic gmin stepping completed
Note: Starting dynamic gmin stepping
Note: Dynamic gmin stepping completed
Note: Starting dynamic gmin stepping
Note: Dynamic gmin stepping completed
Note: Starting dynamic gmin stepping
Note: Dynamic gmin stepping completed
Note: Starting dynamic gmin stepping
Note: Dynamic gmin stepping completed
Note: Starting dynamic gmin stepping
Note: Dynamic gmin stepping completed
Note: Starting dynamic gmin stepping
Note: Dynamic gmin stepping completed
Note: Starting dynamic gmin stepping
Note: Dynamic gmin stepping completed
Note: Starting dynamic gmin stepping
Note: Dynamic gmin stepping completed
Note: Starting dynamic gmin stepping
Note: Dynamic gmin stepping completed
Note: Starting dynamic gmin stepping
Note: Dynamic gmin stepping completed
Note: Starting dynamic gmin stepping
Note: Dynamic gmin stepping completed
Note: Starting dynamic gmin stepping
Note: Dynamic gmin stepping completed
Note: Starting dynamic gmin stepping
Note: Dynamic gmin stepping completed
Note: Starting dynamic gmin stepping
Note: Dynamic gmin stepping completed
Note: Starting dynamic gmin stepping
Note: Dynamic gmin stepping completed
Note: Starting dynamic gmin stepping
Note: Dynamic gmin stepping completed
Note: Starting dynamic gmin stepping
Note: Dynamic gmin stepping completed
Note: Starting dynamic gmin stepping
Note: Dynamic gmin stepping completed
Note: Starting dynamic gmin stepping
Note: Dynamic gmin stepping completed
Note: Starting dynamic gmin stepping
Note: Dynamic gmin stepping completed
Note: Starting dynamic gmin stepping
Note: Dynamic gmin stepping completed
Note: Starting dynamic gmin stepping
Note: Dynamic gmin stepping completed
Note: Starting dynamic gmin stepping
Note: Dynamic gmin stepping completed
Note: Starting dynamic gmin stepping
Note: Dynamic gmin stepping completed
Note: Starting dynamic gmin stepping
Note: Dynamic gmin stepping completed
Note: Starting dynamic gmin stepping
Note: Dynamic gmin stepping completed
Note: Starting dynamic gmin stepping
Note: Dynamic gmin stepping completed
Note: Starting dynamic gmin stepping
Note: Dynamic gmin stepping completed
Note: Starting dynamic gmin stepping
Note: Dynamic gmin stepping completed
Note: Starting dynamic gmin stepping
Note: Dynamic gmin stepping completed
