Note: Starting dynamic gmin stepping
Note: Dynamic gmin stepping completed
Note: Starting dynamic gmin stepping
Note: Dynamic gmin stepping completed
Note: Starting dynamic gmin stepping
Note: Dynamic gmin stepping completed

Note: No compatibility mode selected!


Circuit: * current-limit -- constant-current (brickwall) limit characterization for

Doing analysis at TEMP = 125.000000 and TNOM = 27.000000

Using SPARSE 1.3 as Direct Linear Solver

No. of Data Rows : 1
m_vout_0ma = 1.799198e+00
m_ivin_0ma_ua = 1.387240e+01
Doing analysis at TEMP = 125.000000 and TNOM = 27.000000

Using SPARSE 1.3 as Direct Linear Solver

No. of Data Rows : 1
m_vout_25ma = 1.799195e+00
m_iload_25ma = 2.498881e+01
Doing analysis at TEMP = 125.000000 and TNOM = 27.000000

Using SPARSE 1.3 as Direct Linear Solver
 Reference value :  0.00000e+00Note: Starting dynamic gmin stepping
Warning: Dynamic gmin stepping failed
Note: Starting true gmin stepping
Note: True gmin stepping completed
Note: Starting dynamic gmin stepping
Warning: Dynamic gmin stepping failed
Note: Starting true gmin stepping
Note: True gmin stepping completed

No. of Data Rows : 1
m_vout_50ma = 1.799194e+00
m_clg_50ma = 3.299994e+00
m_isns_mv_50ma = 8.040670e+01
m_vth_mv_50ma = 1.011257e+02
m_sense_margin_pct = 2.048839e+01
m_iload_50ma = 4.997760e+01
Doing analysis at TEMP = 125.000000 and TNOM = 27.000000

Using SPARSE 1.3 as Direct Linear Solver

No. of Data Rows : 1
m_ilim_1764_ma = 6.332494e+01
Doing analysis at TEMP = 125.000000 and TNOM = 27.000000

Using SPARSE 1.3 as Direct Linear Solver
 Reference value :  0.00000e+00Note: Starting dynamic gmin stepping
Note: Dynamic gmin stepping completed
Note: Starting dynamic gmin stepping
Note: Dynamic gmin stepping completed

No. of Data Rows : 1
m_ilim_1500_ma = 6.335101e+01
Doing analysis at TEMP = 125.000000 and TNOM = 27.000000

Using SPARSE 1.3 as Direct Linear Solver

No. of Data Rows : 1
m_ilim_0900_ma = 6.346816e+01
Doing analysis at TEMP = 125.000000 and TNOM = 27.000000

Using SPARSE 1.3 as Direct Linear Solver
 Reference value :  0.00000e+00Note: Starting dynamic gmin stepping
Note: Dynamic gmin stepping completed
Note: Starting dynamic gmin stepping
Note: Dynamic gmin stepping completed

No. of Data Rows : 1
m_ilim_0300_ma = 6.365047e+01
Doing analysis at TEMP = 125.000000 and TNOM = 27.000000

Using SPARSE 1.3 as Direct Linear Solver

No. of Data Rows : 1
m_ilim_0000_ma = 6.385943e+01
m_pshort_mw = 2.107361e+02
Doing analysis at TEMP = 125.000000 and TNOM = 27.000000

Using SPARSE 1.3 as Direct Linear Solver

No. of Data Rows : 39
   * current-limit -- constant-current (brickwall) limit characterization for
   DC transfer characteristic  Wed Sep 23 14:14:05  2026
--------------------------------------------------------------------------------
Index   v-sweep         v(vf)           vi_ma           
--------------------------------------------------------------------------------
0	0.000000e+00	0.000000e+00	6.385943e+01	
1	5.000000e-02	5.000000e-02	6.380783e+01	
2	1.000000e-01	1.000000e-01	6.376996e+01	
3	1.500000e-01	1.500000e-01	6.373395e+01	
4	2.000000e-01	2.000000e-01	6.370252e+01	
5	2.500000e-01	2.500000e-01	6.367491e+01	
6	3.000000e-01	3.000000e-01	6.365047e+01	
7	3.500000e-01	3.500000e-01	6.362863e+01	
8	4.000000e-01	4.000000e-01	6.360891e+01	
9	4.500000e-01	4.500000e-01	6.359092e+01	
10	5.000000e-01	5.000000e-01	6.357433e+01	
11	5.500000e-01	5.500000e-01	6.355885e+01	
12	6.000000e-01	6.000000e-01	6.354428e+01	
13	6.500000e-01	6.500000e-01	6.353043e+01	
14	7.000000e-01	7.000000e-01	6.351717e+01	
15	7.500000e-01	7.500000e-01	6.350438e+01	
16	8.000000e-01	8.000000e-01	6.349198e+01	
17	8.500000e-01	8.500000e-01	6.347993e+01	
18	9.000000e-01	9.000000e-01	6.346816e+01	
19	9.500000e-01	9.500000e-01	6.345668e+01	
20	1.000000e+00	1.000000e+00	6.344545e+01	
21	1.050000e+00	1.050000e+00	6.343448e+01	
22	1.100000e+00	1.100000e+00	6.342378e+01	
23	1.150000e+00	1.150000e+00	6.341336e+01	
24	1.200000e+00	1.200000e+00	6.340324e+01	
25	1.250000e+00	1.250000e+00	6.339346e+01	
26	1.300000e+00	1.300000e+00	6.338405e+01	
27	1.350000e+00	1.350000e+00	6.337504e+01	
28	1.400000e+00	1.400000e+00	6.336650e+01	
29	1.450000e+00	1.450000e+00	6.335846e+01	
30	1.500000e+00	1.500000e+00	6.335101e+01	
31	1.550000e+00	1.550000e+00	6.334421e+01	
32	1.600000e+00	1.600000e+00	6.333816e+01	
33	1.650000e+00	1.650000e+00	6.333295e+01	
34	1.700000e+00	1.700000e+00	6.332872e+01	
35	1.750000e+00	1.750000e+00	6.332559e+01	
36	1.800000e+00	1.800000e+00	-1.02111e-03	
37	1.850000e+00	1.850000e+00	-1.07719e-03	
38	1.900000e+00	1.900000e+00	-1.13327e-03	
Note: Simulation executed from .control section 
