
Note: Compatibility modes selected: hs a


Circuit: * amp-selfosc @ ss_27c_3.63v -- generated by sim/harness, do not edit

Doing analysis at TEMP = 27.000000 and TNOM = 27.000000

Using SPARSE 1.3 as Direct Linear Solver

Initial Transient Solution
--------------------------

Node                                   Voltage
----                                   -------
vin                                       3.63
en                                        3.63
vout_light                             1.79929
loop_light                             2.87392
xdut_light.fb                          1.19952
xdut_light.vref                            1.2
xdut_light.xerramp.nbias              0.894827
xdut_light.xerramp.xrbias.11          0.895019
xdut_light.xerramp.xrbias.21           3.62897
xdut_light.xerramp.rbt                 3.62916
xdut_light.xerramp.tail               0.345389
xdut_light.xerramp.nd                  2.44966
xdut_light.xerramp.n1                  2.77564
xdut_light.xerramp.nz                  2.77564
xdut_light.xerramp.xrz.11              2.77564
xdut_light.xerramp.xrz.21              2.77564
xdut_light.xerramp.nf                  2.41227
xdut_light.bg                           2.0489
xdut_light.xerramp.nbp                 2.77564
xdut_light.xerramp.xrbufb.11           2.77564
xdut_light.xerramp.xrbufb.21           2.77564
xdut_light.xerramp.enb             4.98051e-09
xdut_light.xilimit.isns                1.79945
xdut_light.xilimit.xrsns.11            1.79929
xdut_light.xilimit.xrsns.21            1.79945
xdut_light.xilimit.pb                  2.65163
xdut_light.xilimit.vth                 1.90069
xdut_light.xilimit.xrref.11            1.79932
xdut_light.xilimit.xrref.21            1.90066
xdut_light.xilimit.bt                      1.2
xdut_light.xilimit.bb              0.000101753
xdut_light.xilimit.xrbias.11       0.000131086
xdut_light.xilimit.xrbias.21           1.19997
xdut_light.xilimit.cn                  0.71209
xdut_light.xilimit.tail                2.97997
xdut_light.xilimit.co               0.00390638
xdut_light.xilimit.xrtail.11           2.98001
xdut_light.xilimit.xrtail.21           3.62913
xdut_light.xilimit.tailp               3.62917
xdut_light.xilimit.enb             4.98051e-09
xdut_light.xilimit.clg                    3.63
xdut_light.xilimit.xrl2.11                3.63
xdut_light.xilimit.xrl2.21                3.63
xdut_light.xsoftstart.bt                   1.2
xdut_light.xsoftstart.bb           3.66453e-05
xdut_light.xsoftstart.xrss_bias.11     4.72097e-05
xdut_light.xsoftstart.xrss_bias.21         1.19999
xdut_light.xsoftstart.ssr              2.45215
xdut_light.xsoftstart.enb          4.98051e-09
xdut_light.xsoftstart.tailp            3.62964
xdut_light.xsoftstart.tail             2.50782
xdut_light.xsoftstart.xrtail_ss.11         2.50784
xdut_light.xsoftstart.xrtail_ss.21         3.62962
xdut_light.xsoftstart.cn              0.680463
xdut_light.xsoftstart.co              0.233782
xdut_light.xsoftstart.lp                  3.63
xdut_light.xsoftstart.clg              3.62993
xdut_light.xsoftstart.xrl2_ss.11         3.62993
xdut_light.xsoftstart.xrl2_ss.21            3.63
n_esr_light                            1.79929
vout_heavy                             1.79928
loop_heavy                             2.16295
xdut_heavy.fb                          1.19952
xdut_heavy.vref                            1.2
xdut_heavy.xerramp.nbias              0.894827
xdut_heavy.xerramp.xrbias.11          0.895019
xdut_heavy.xerramp.xrbias.21           3.62897
xdut_heavy.xerramp.rbt                 3.62916
xdut_heavy.xerramp.tail               0.345388
xdut_heavy.xerramp.nd                  2.44966
xdut_heavy.xerramp.n1                  2.77653
xdut_heavy.xerramp.nz                  2.77653
xdut_heavy.xerramp.xrz.11              2.77653
xdut_heavy.xerramp.xrz.21              2.77653
xdut_heavy.xerramp.nf                    2.057
xdut_heavy.bg                          1.33747
xdut_heavy.xerramp.nbp                 2.77653
xdut_heavy.xerramp.xrbufb.11           2.77653
xdut_heavy.xerramp.xrbufb.21           2.77653
xdut_heavy.xerramp.enb             4.98051e-09
xdut_heavy.xilimit.isns                1.88031
xdut_heavy.xilimit.xrsns.11            1.80075
xdut_heavy.xilimit.xrsns.21            1.87885
xdut_heavy.xilimit.pb                  2.65163
xdut_heavy.xilimit.vth                 1.90069
xdut_heavy.xilimit.xrref.11            1.79931
xdut_heavy.xilimit.xrref.21            1.90066
xdut_heavy.xilimit.bt                      1.2
xdut_heavy.xilimit.bb              0.000101753
xdut_heavy.xilimit.xrbias.11       0.000131086
xdut_heavy.xilimit.xrbias.21           1.19997
xdut_heavy.xilimit.cn                 0.691715
xdut_heavy.xilimit.tail                3.02141
xdut_heavy.xilimit.co                0.0288727
xdut_heavy.xilimit.xrtail.11           3.02144
xdut_heavy.xilimit.xrtail.21           3.62918
xdut_heavy.xilimit.tailp               3.62922
xdut_heavy.xilimit.enb             4.98051e-09
xdut_heavy.xilimit.clg                    3.63
xdut_heavy.xilimit.xrl2.11                3.63
xdut_heavy.xilimit.xrl2.21                3.63
xdut_heavy.xsoftstart.bt                   1.2
xdut_heavy.xsoftstart.bb           3.66453e-05
xdut_heavy.xsoftstart.xrss_bias.11     4.72097e-05
xdut_heavy.xsoftstart.xrss_bias.21         1.19999
xdut_heavy.xsoftstart.ssr              2.45215
xdut_heavy.xsoftstart.enb          4.98051e-09
xdut_heavy.xsoftstart.tailp            3.62964
xdut_heavy.xsoftstart.tail             2.50782
xdut_heavy.xsoftstart.xrtail_ss.11         2.50784
xdut_heavy.xsoftstart.xrtail_ss.21         3.62962
xdut_heavy.xsoftstart.cn              0.680463
xdut_heavy.xsoftstart.co              0.233786
xdut_heavy.xsoftstart.lp                  3.63
xdut_heavy.xsoftstart.clg              3.62993
xdut_heavy.xsoftstart.xrl2_ss.11         3.62993
xdut_heavy.xsoftstart.xrl2_ss.21            3.63
n_esr_heavy                            1.79928
v.xdut_heavy.xsoftstart.vbsense_ss#branch     3.06509e-07
v.xdut_heavy.xilimit.vbsense#branch     8.51059e-07
v.xdut_light.xsoftstart.vbsense_ss#branch     3.06509e-07
v.xdut_light.xilimit.vbsense#branch     8.51059e-07
v.xdut_heavy.vref1#branch         -1.15757e-06
v.xdut_light.vref1#branch         -1.15757e-06
ven#branch                                   0
vsup#branch                         -0.0501045

 Reference value :  1.50112e-04
 Reference value :  1.54110e-04
 Reference value :  1.61019e-04
 Reference value :  1.64149e-04
 Reference value :  1.69432e-04
 Reference value :  1.73968e-04
 Reference value :  1.79072e-04
 Reference value :  1.83326e-04
 Reference value :  1.88393e-04
 Reference value :  1.93038e-04
 Reference value :  1.98527e-04
 Reference value :  2.05555e-04
 Reference value :  2.09206e-04
 Reference value :  2.16481e-04
 Reference value :  2.20034e-04
 Reference value :  2.24980e-04
 Reference value :  2.31734e-04
 Reference value :  2.35723e-04
 Reference value :  2.40003e-04
 Reference value :  2.45232e-04
 Reference value :  2.50098e-04
 Reference value :  2.54358e-04
 Reference value :  2.59097e-04
 Reference value :  2.63847e-04
 Reference value :  2.71508e-04
 Reference value :  2.75238e-04
 Reference value :  2.81949e-04
 Reference value :  2.85094e-04
 Reference value :  2.90445e-04
 Reference value :  2.95972e-04
 Reference value :  2.99329e-04
No. of Data Rows : 2354
 meas tran bg_pp_light pp v(xdut_light.xerramp.bg) from=0.2m to=0.3m failed!

pg_pp_light         =  1.79495e-07 from=  2.00000e-04 to=  3.00000e-04
vo_pp_light         =  1.28173e-09 from=  2.00000e-04 to=  3.00000e-04
vo_avg_light        =  1.79929e+00 from=  2.00000e-04 to=  3.00000e-04
 meas tran bg_pp_heavy pp v(xdut_heavy.xerramp.bg) from=0.2m to=0.3m failed!

pg_pp_heavy         =  2.03680e+00 from=  2.00000e-04 to=  3.00000e-04
vo_pp_heavy         =  5.41733e-01 from=  2.00000e-04 to=  3.00000e-04
vo_avg_heavy        =  1.76156e+00 from=  2.00000e-04 to=  3.00000e-04
m_pg_pp_light_mv = 1.7949490000e-04
m_vout_pp_light_mv = 1.2817300000e-06
m_vout_avg_light_v = 1.7992860000e+00
m_pg_pp_heavy_mv = 2.0368020000e+03
m_vout_pp_heavy_mv = 5.4173340000e+02
m_vout_avg_heavy_v = 1.7615610000e+00
Note: Simulation executed from .control section 

Warning: m=xx on .subckt line will override multiplier m hierarchy!

Note: Starting dynamic gmin stepping
Note: Dynamic gmin stepping completed

Error: measure  bg_pp_light  pp(TRIG) : no such vector as 'v(xdut_light.xerramp.bg)'

Error: measure  bg_pp_heavy  pp(TRIG) : no such vector as 'v(xdut_heavy.xerramp.bg)'
Warning from checkvalid: vector bg_pp_light is not available or has zero length.
Error: RHS "bg_pp_light*1e3" invalid
Warning from checkvalid: vector bg_pp_heavy is not available or has zero length.
Error: RHS "bg_pp_heavy*1e3" invalid
Warning from checkvalid: vector m_bg_pp_light_mv is not available or has zero length.
Warning from checkvalid: vector m_bg_pp_heavy_mv is not available or has zero length.
