
Note: Compatibility modes selected: hs a


Circuit: * loop-stability -- tian dual-injection loop-gain testbench for ldo_core (issue #10)

* corner_id=res_ff_125c_3.63v corner=res_ff temp_c=125 vin_v=3.63
* ac sweep: dec 400 0.01 1e9 ; Tian dual injection at ERRAMP_OUT->PASS_GATE
* columns: ROW iload_a= ceff_f= esr_ohm= vout_v= dcgain_db= f0_hz= phase_at_f0_deg=
*          f180_hz= gain_at_f180_db= f0_rising_hz= resurgence_db=
* (phase margin = 180 + phase_at_f0_deg ; gain margin = -gain_at_f180_db ;
*  resurgence_db = max |T| in dB above the first 0 dB crossing, DR-0008 ;
*  an empty f180/gain field means the phase never reaches -180 deg in band)
* Fields are written key=value BECAUSE a failed meas leaves its value
* empty: with bare positional fields an empty one vanishes into the
* whitespace and every field after it is read as the wrong quantity.
Doing analysis at TEMP = 125.000000 and TNOM = 27.000000

Using SPARSE 1.3 as Direct Linear Solver
 Reference value :  0.00000e+00
No. of Data Rows : 1
Doing analysis at TEMP = 125.000000 and TNOM = 27.000000

Using SPARSE 1.3 as Direct Linear Solver

No. of Data Rows : 4401
Doing analysis at TEMP = 125.000000 and TNOM = 27.000000

Using SPARSE 1.3 as Direct Linear Solver
 Reference value :  1.00000e-02
No. of Data Rows : 4401
dcg                 =  1.13708e+02
f0                  =  1.54672e+03
phx                 =  -1.69033e+02
f180                =  3.86992e+05
gmx                 =  -6.84186e+01
 meas ac f0r when tdb=0 rise=1 failed!

tres                =  -9.06829e-01 at=  1.63117e+03
ROW iload_a=0 ceff_f=3.3e-07 esr_ohm=0.001 vout_v=1.79881 dcgain_db=113.708 f0_hz=1546.72 phase_at_f0_deg=-169.033 f180_hz=386992 gain_at_f180_db=-68.4186 f0_rising_hz= resurgence_db=-0.906829
Doing analysis at TEMP = 125.000000 and TNOM = 27.000000

Using SPARSE 1.3 as Direct Linear Solver

No. of Data Rows : 1
Doing analysis at TEMP = 125.000000 and TNOM = 27.000000

Using SPARSE 1.3 as Direct Linear Solver
 Reference value :  1.00000e-02
No. of Data Rows : 4401
Doing analysis at TEMP = 125.000000 and TNOM = 27.000000

Using SPARSE 1.3 as Direct Linear Solver
 Reference value :  1.36458e+00
No. of Data Rows : 4401
dcg                 =  1.13708e+02
f0                  =  1.54672e+03
phx                 =  -1.69024e+02
f180                =  4.09165e+05
gmx                 =  -6.93195e+01
 meas ac f0r when tdb=0 rise=1 failed!

tres                =  -9.06828e-01 at=  1.63117e+03
ROW iload_a=0 ceff_f=3.3e-07 esr_ohm=0.05 vout_v=1.79881 dcgain_db=113.708 f0_hz=1546.72 phase_at_f0_deg=-169.024 f180_hz=409165 gain_at_f180_db=-69.3195 f0_rising_hz= resurgence_db=-0.906828
Doing analysis at TEMP = 125.000000 and TNOM = 27.000000

Using SPARSE 1.3 as Direct Linear Solver

No. of Data Rows : 1
Doing analysis at TEMP = 125.000000 and TNOM = 27.000000

Using SPARSE 1.3 as Direct Linear Solver
 Reference value :  1.00000e-02
No. of Data Rows : 4401
Doing analysis at TEMP = 125.000000 and TNOM = 27.000000

Using SPARSE 1.3 as Direct Linear Solver
 Reference value :  4.51856e+02
No. of Data Rows : 4401
dcg                 =  1.13708e+02
f0                  =  1.54672e+03
phx                 =  -1.68997e+02
f180                =  5.08137e+05
gmx                 =  -7.27453e+01
 meas ac f0r when tdb=0 rise=1 failed!

tres                =  -9.06828e-01 at=  1.63117e+03
ROW iload_a=0 ceff_f=3.3e-07 esr_ohm=0.2 vout_v=1.79881 dcgain_db=113.708 f0_hz=1546.72 phase_at_f0_deg=-168.996 f180_hz=508137 gain_at_f180_db=-72.7453 f0_rising_hz= resurgence_db=-0.906828
Doing analysis at TEMP = 125.000000 and TNOM = 27.000000

Using SPARSE 1.3 as Direct Linear Solver

No. of Data Rows : 1
Doing analysis at TEMP = 125.000000 and TNOM = 27.000000

Using SPARSE 1.3 as Direct Linear Solver
 Reference value :  1.00000e-02
No. of Data Rows : 4401
Doing analysis at TEMP = 125.000000 and TNOM = 27.000000

Using SPARSE 1.3 as Direct Linear Solver
 Reference value :  4.54465e+01
No. of Data Rows : 4401
dcg                 =  1.13708e+02
f0                  =  1.54672e+03
phx                 =  -1.68941e+02
f180                =  1.09563e+06
gmx                 =  -8.32417e+01
 meas ac f0r when tdb=0 rise=1 failed!

tres                =  -9.06822e-01 at=  1.63117e+03
ROW iload_a=0 ceff_f=3.3e-07 esr_ohm=0.5 vout_v=1.79881 dcgain_db=113.708 f0_hz=1546.72 phase_at_f0_deg=-168.941 f180_hz=1.09563E+06 gain_at_f180_db=-83.2417 f0_rising_hz= resurgence_db=-0.906822
Doing analysis at TEMP = 125.000000 and TNOM = 27.000000

Using SPARSE 1.3 as Direct Linear Solver

No. of Data Rows : 1
Doing analysis at TEMP = 125.000000 and TNOM = 27.000000

Using SPARSE 1.3 as Direct Linear Solver
 Reference value :  1.59404e+01
No. of Data Rows : 4401
Doing analysis at TEMP = 125.000000 and TNOM = 27.000000

Using SPARSE 1.3 as Direct Linear Solver
 Reference value :  4.65050e+04
No. of Data Rows : 4401
dcg                 =  1.13698e+02
f0                  =  8.83309e+02
phx                 =  -1.73336e+02
f180                =  3.76171e+05
gmx                 =  -7.75857e+01
 meas ac f0r when tdb=0 rise=1 failed!

tres                =  -8.50356e-01 at=  9.27897e+02
ROW iload_a=0 ceff_f=1e-06 esr_ohm=0.001 vout_v=1.79881 dcgain_db=113.698 f0_hz=883.309 phase_at_f0_deg=-173.336 f180_hz=376171 gain_at_f180_db=-77.5857 f0_rising_hz= resurgence_db=-0.850356
Doing analysis at TEMP = 125.000000 and TNOM = 27.000000

Using SPARSE 1.3 as Direct Linear Solver

No. of Data Rows : 1
Doing analysis at TEMP = 125.000000 and TNOM = 27.000000

Using SPARSE 1.3 as Direct Linear Solver
 Reference value :  1.60325e+04
No. of Data Rows : 4401
Doing analysis at TEMP = 125.000000 and TNOM = 27.000000

Using SPARSE 1.3 as Direct Linear Solver
 Reference value :  2.05353e+07
No. of Data Rows : 4401
dcg                 =  1.13698e+02
f0                  =  8.83309e+02
phx                 =  -1.73320e+02
f180                =  4.50589e+05
gmx                 =  -8.05314e+01
 meas ac f0r when tdb=0 rise=1 failed!

tres                =  -8.50355e-01 at=  9.27897e+02
ROW iload_a=0 ceff_f=1e-06 esr_ohm=0.05 vout_v=1.79881 dcgain_db=113.698 f0_hz=883.31 phase_at_f0_deg=-173.32 f180_hz=450589 gain_at_f180_db=-80.5314 f0_rising_hz= resurgence_db=-0.850355
Doing analysis at TEMP = 125.000000 and TNOM = 27.000000

Using SPARSE 1.3 as Direct Linear Solver

No. of Data Rows : 1
Doing analysis at TEMP = 125.000000 and TNOM = 27.000000

Using SPARSE 1.3 as Direct Linear Solver
 Reference value :  1.58489e+03
No. of Data Rows : 4401
Doing analysis at TEMP = 125.000000 and TNOM = 27.000000

Using SPARSE 1.3 as Direct Linear Solver
 Reference value :  6.30957e+06
No. of Data Rows : 4401
dcg                 =  1.13698e+02
f0                  =  8.83310e+02
phx                 =  -1.73273e+02
f180                =  9.37105e+06
gmx                 =  -8.05082e+01
 meas ac f0r when tdb=0 rise=1 failed!

tres                =  -8.50351e-01 at=  9.27897e+02
ROW iload_a=0 ceff_f=1e-06 esr_ohm=0.2 vout_v=1.79881 dcgain_db=113.698 f0_hz=883.31 phase_at_f0_deg=-173.273 f180_hz=9.37105E+06 gain_at_f180_db=-80.5082 f0_rising_hz= resurgence_db=-0.850351
Doing analysis at TEMP = 125.000000 and TNOM = 27.000000

Using SPARSE 1.3 as Direct Linear Solver

No. of Data Rows : 1
Doing analysis at TEMP = 125.000000 and TNOM = 27.000000

Using SPARSE 1.3 as Direct Linear Solver
 Reference value :  7.41310e+07
No. of Data Rows : 4401
Doing analysis at TEMP = 125.000000 and TNOM = 27.000000

Using SPARSE 1.3 as Direct Linear Solver

No. of Data Rows : 4401
dcg                 =  1.13698e+02
f0                  =  8.83311e+02
phx                 =  -1.73177e+02
f180                =  9.30558e+06
gmx                 =  -8.07240e+01
 meas ac f0r when tdb=0 rise=1 failed!

tres                =  -8.50324e-01 at=  9.27897e+02
ROW iload_a=0 ceff_f=1e-06 esr_ohm=0.5 vout_v=1.79881 dcgain_db=113.698 f0_hz=883.311 phase_at_f0_deg=-173.177 f180_hz=9.30558E+06 gain_at_f180_db=-80.724 f0_rising_hz= resurgence_db=-0.850324
Doing analysis at TEMP = 125.000000 and TNOM = 27.000000

Using SPARSE 1.3 as Direct Linear Solver
 Reference value :  0.00000e+00
No. of Data Rows : 1
Doing analysis at TEMP = 125.000000 and TNOM = 27.000000

Using SPARSE 1.3 as Direct Linear Solver

No. of Data Rows : 4401
Doing analysis at TEMP = 125.000000 and TNOM = 27.000000

Using SPARSE 1.3 as Direct Linear Solver
 Reference value :  1.00000e-02
No. of Data Rows : 4401
dcg                 =  1.13470e+02
f0                  =  4.06483e+02
phx                 =  -1.76025e+02
f180                =  3.28622e+05
gmx                 =  -8.87048e+01
 meas ac f0r when tdb=0 rise=1 failed!

tres                =  -9.36992e-01 at=  4.29042e+02
ROW iload_a=0 ceff_f=4.7e-06 esr_ohm=0.001 vout_v=1.79881 dcgain_db=113.47 f0_hz=406.483 phase_at_f0_deg=-176.025 f180_hz=328622 gain_at_f180_db=-88.7048 f0_rising_hz= resurgence_db=-0.936992
Doing analysis at TEMP = 125.000000 and TNOM = 27.000000

Using SPARSE 1.3 as Direct Linear Solver

No. of Data Rows : 1
Doing analysis at TEMP = 125.000000 and TNOM = 27.000000

Using SPARSE 1.3 as Direct Linear Solver
 Reference value :  1.00000e-02
No. of Data Rows : 4401
Doing analysis at TEMP = 125.000000 and TNOM = 27.000000

Using SPARSE 1.3 as Direct Linear Solver
 Reference value :  4.84172e+02
No. of Data Rows : 4401
dcg                 =  1.13470e+02
f0                  =  4.06483e+02
phx                 =  -1.75991e+02
f180                =  9.39408e+06
gmx                 =  -8.03985e+01
 meas ac f0r when tdb=0 rise=1 failed!

tres                =  -9.36989e-01 at=  4.29042e+02
ROW iload_a=0 ceff_f=4.7e-06 esr_ohm=0.05 vout_v=1.79881 dcgain_db=113.47 f0_hz=406.483 phase_at_f0_deg=-175.991 f180_hz=9.39408E+06 gain_at_f180_db=-80.3985 f0_rising_hz= resurgence_db=-0.936989
Doing analysis at TEMP = 125.000000 and TNOM = 27.000000

Using SPARSE 1.3 as Direct Linear Solver

No. of Data Rows : 1
Doing analysis at TEMP = 125.000000 and TNOM = 27.000000

Using SPARSE 1.3 as Direct Linear Solver
 Reference value :  4.49262e-02
No. of Data Rows : 4401
Doing analysis at TEMP = 125.000000 and TNOM = 27.000000

Using SPARSE 1.3 as Direct Linear Solver
 Reference value :  4.05042e+02
No. of Data Rows : 4401
dcg                 =  1.13470e+02
f0                  =  4.06483e+02
phx                 =  -1.75888e+02
f180                =  9.36285e+06
gmx                 =  -8.05033e+01
 meas ac f0r when tdb=0 rise=1 failed!

tres                =  -9.36965e-01 at=  4.29042e+02
ROW iload_a=0 ceff_f=4.7e-06 esr_ohm=0.2 vout_v=1.79881 dcgain_db=113.47 f0_hz=406.483 phase_at_f0_deg=-175.888 f180_hz=9.36285E+06 gain_at_f180_db=-80.5033 f0_rising_hz= resurgence_db=-0.936965
Doing analysis at TEMP = 125.000000 and TNOM = 27.000000

Using SPARSE 1.3 as Direct Linear Solver

No. of Data Rows : 1
Doing analysis at TEMP = 125.000000 and TNOM = 27.000000

Using SPARSE 1.3 as Direct Linear Solver
 Reference value :  2.33077e-01
No. of Data Rows : 4401
Doing analysis at TEMP = 125.000000 and TNOM = 27.000000

Using SPARSE 1.3 as Direct Linear Solver
 Reference value :  4.34010e+02
No. of Data Rows : 4401
dcg                 =  1.13470e+02
f0                  =  4.06486e+02
phx                 =  -1.75682e+02
f180                =  9.29700e+06
gmx                 =  -8.07190e+01
 meas ac f0r when tdb=0 rise=1 failed!

tres                =  -9.36823e-01 at=  4.29042e+02
ROW iload_a=0 ceff_f=4.7e-06 esr_ohm=0.5 vout_v=1.79881 dcgain_db=113.47 f0_hz=406.486 phase_at_f0_deg=-175.682 f180_hz=9.297E+06 gain_at_f180_db=-80.719 f0_rising_hz= resurgence_db=-0.936823
Doing analysis at TEMP = 125.000000 and TNOM = 27.000000

Using SPARSE 1.3 as Direct Linear Solver

No. of Data Rows : 1
Doing analysis at TEMP = 125.000000 and TNOM = 27.000000

Using SPARSE 1.3 as Direct Linear Solver
 Reference value :  1.00000e-02
No. of Data Rows : 4401
Doing analysis at TEMP = 125.000000 and TNOM = 27.000000

Using SPARSE 1.3 as Direct Linear Solver
 Reference value :  1.00000e-02
No. of Data Rows : 4401
dcg                 =  1.36947e+02
f0                  =  7.43299e+04
phx                 =  -1.12759e+02
f180                =  5.41573e+05
gmx                 =  -2.57740e+01
 meas ac f0r when tdb=0 rise=1 failed!

tres                =  -4.40277e-01 at=  7.80728e+04
ROW iload_a=0.0001 ceff_f=3.3e-07 esr_ohm=0.001 vout_v=1.79881 dcgain_db=136.947 f0_hz=74329.9 phase_at_f0_deg=-112.759 f180_hz=541573 gain_at_f180_db=-25.774 f0_rising_hz= resurgence_db=-0.440277
Doing analysis at TEMP = 125.000000 and TNOM = 27.000000

Using SPARSE 1.3 as Direct Linear Solver
 Reference value :  0.00000e+00
No. of Data Rows : 1
Doing analysis at TEMP = 125.000000 and TNOM = 27.000000

Using SPARSE 1.3 as Direct Linear Solver

No. of Data Rows : 4401
Doing analysis at TEMP = 125.000000 and TNOM = 27.000000

Using SPARSE 1.3 as Direct Linear Solver
 Reference value :  1.00000e-02
No. of Data Rows : 4401
dcg                 =  1.36947e+02
f0                  =  7.43319e+04
phx                 =  -1.12327e+02
f180                =  5.92338e+05
gmx                 =  -2.72659e+01
 meas ac f0r when tdb=0 rise=1 failed!

tres                =  -4.40006e-01 at=  7.80728e+04
ROW iload_a=0.0001 ceff_f=3.3e-07 esr_ohm=0.05 vout_v=1.79881 dcgain_db=136.947 f0_hz=74331.9 phase_at_f0_deg=-112.327 f180_hz=592338 gain_at_f180_db=-27.2659 f0_rising_hz= resurgence_db=-0.440006
Doing analysis at TEMP = 125.000000 and TNOM = 27.000000

Using SPARSE 1.3 as Direct Linear Solver

No. of Data Rows : 1
Doing analysis at TEMP = 125.000000 and TNOM = 27.000000

Using SPARSE 1.3 as Direct Linear Solver
 Reference value :  1.00000e-02
No. of Data Rows : 4401
Doing analysis at TEMP = 125.000000 and TNOM = 27.000000

Using SPARSE 1.3 as Direct Linear Solver
 Reference value :  1.00000e-02
No. of Data Rows : 4401
dcg                 =  1.36947e+02
f0                  =  7.43640e+04
phx                 =  -1.11011e+02
f180                =  8.93133e+05
gmx                 =  -3.38775e+01
 meas ac f0r when tdb=0 rise=1 failed!

tres                =  -4.87801e-01 at=  7.85236e+04
ROW iload_a=0.0001 ceff_f=3.3e-07 esr_ohm=0.2 vout_v=1.79881 dcgain_db=136.947 f0_hz=74363.9 phase_at_f0_deg=-111.011 f180_hz=893133 gain_at_f180_db=-33.8775 f0_rising_hz= resurgence_db=-0.487801
Doing analysis at TEMP = 125.000000 and TNOM = 27.000000

Using SPARSE 1.3 as Direct Linear Solver

No. of Data Rows : 1
Doing analysis at TEMP = 125.000000 and TNOM = 27.000000

Using SPARSE 1.3 as Direct Linear Solver
 Reference value :  1.00000e-02
No. of Data Rows : 4401
Doing analysis at TEMP = 125.000000 and TNOM = 27.000000

Using SPARSE 1.3 as Direct Linear Solver
 Reference value :  1.94984e-02
No. of Data Rows : 4401
dcg                 =  1.36947e+02
f0                  =  7.37548e+04
phx                 =  -1.08807e+02
f180                =  2.00620e+06
gmx                 =  -4.31608e+01
 meas ac f0r when tdb=0 rise=1 failed!

tres                =  -4.57261e-01 at=  7.76247e+04
ROW iload_a=0.0001 ceff_f=3.3e-07 esr_ohm=0.5 vout_v=1.79881 dcgain_db=136.947 f0_hz=73754.8 phase_at_f0_deg=-108.807 f180_hz=2.0062E+06 gain_at_f180_db=-43.1608 f0_rising_hz= resurgence_db=-0.457261
Doing analysis at TEMP = 125.000000 and TNOM = 27.000000

Using SPARSE 1.3 as Direct Linear Solver

No. of Data Rows : 1
Doing analysis at TEMP = 125.000000 and TNOM = 27.000000

Using SPARSE 1.3 as Direct Linear Solver
 Reference value :  1.00000e-02
No. of Data Rows : 4401
Doing analysis at TEMP = 125.000000 and TNOM = 27.000000

Using SPARSE 1.3 as Direct Linear Solver
 Reference value :  3.14413e-01
No. of Data Rows : 4401
dcg                 =  1.36947e+02
f0                  =  2.32523e+04
phx                 =  -1.11124e+02
f180                =  5.43334e+05
gmx                 =  -3.54585e+01
 meas ac f0r when tdb=0 rise=1 failed!

tres                =  -4.78341e-01 at=  2.45471e+04
ROW iload_a=0.0001 ceff_f=1e-06 esr_ohm=0.001 vout_v=1.79881 dcgain_db=136.947 f0_hz=23252.3 phase_at_f0_deg=-111.124 f180_hz=543334 gain_at_f180_db=-35.4585 f0_rising_hz= resurgence_db=-0.478341
Doing analysis at TEMP = 125.000000 and TNOM = 27.000000

Using SPARSE 1.3 as Direct Linear Solver

No. of Data Rows : 1
Doing analysis at TEMP = 125.000000 and TNOM = 27.000000

Using SPARSE 1.3 as Direct Linear Solver
 Reference value :  1.00000e-02
No. of Data Rows : 4401
Doing analysis at TEMP = 125.000000 and TNOM = 27.000000

Using SPARSE 1.3 as Direct Linear Solver
 Reference value :  1.00000e-02
No. of Data Rows : 4401
dcg                 =  1.36947e+02
f0                  =  2.32528e+04
phx                 =  -1.10714e+02
f180                =  7.59138e+05
gmx                 =  -4.09491e+01
 meas ac f0r when tdb=0 rise=1 failed!

tres                =  -4.78096e-01 at=  2.45471e+04
ROW iload_a=0.0001 ceff_f=1e-06 esr_ohm=0.05 vout_v=1.79881 dcgain_db=136.947 f0_hz=23252.8 phase_at_f0_deg=-110.714 f180_hz=759138 gain_at_f180_db=-40.9491 f0_rising_hz= resurgence_db=-0.478096
Doing analysis at TEMP = 125.000000 and TNOM = 27.000000

Using SPARSE 1.3 as Direct Linear Solver
 Reference value :  0.00000e+00
No. of Data Rows : 1
Doing analysis at TEMP = 125.000000 and TNOM = 27.000000

Using SPARSE 1.3 as Direct Linear Solver
 Reference value :  4.41570e+07
No. of Data Rows : 4401
Doing analysis at TEMP = 125.000000 and TNOM = 27.000000

Using SPARSE 1.3 as Direct Linear Solver
 Reference value :  2.73842e+08
No. of Data Rows : 4401
dcg                 =  1.36947e+02
f0                  =  2.32618e+04
phx                 =  -1.09452e+02
f180                =  2.20652e+06
gmx                 =  -5.24176e+01
 meas ac f0r when tdb=0 rise=1 failed!

tres                =  -4.74264e-01 at=  2.45471e+04
ROW iload_a=0.0001 ceff_f=1e-06 esr_ohm=0.2 vout_v=1.79881 dcgain_db=136.947 f0_hz=23261.8 phase_at_f0_deg=-109.452 f180_hz=2.20652E+06 gain_at_f180_db=-52.4176 f0_rising_hz= resurgence_db=-0.474264
Doing analysis at TEMP = 125.000000 and TNOM = 27.000000

Using SPARSE 1.3 as Direct Linear Solver

No. of Data Rows : 1
Doing analysis at TEMP = 125.000000 and TNOM = 27.000000

Using SPARSE 1.3 as Direct Linear Solver
 Reference value :  7.07946e-01
No. of Data Rows : 4401
Doing analysis at TEMP = 125.000000 and TNOM = 27.000000

Using SPARSE 1.3 as Direct Linear Solver
 Reference value :  4.39036e+01
No. of Data Rows : 4401
dcg                 =  1.36947e+02
f0                  =  2.31547e+04
phx                 =  -1.07376e+02
f180                =  2.63101e+06
gmx                 =  -4.76874e+01
 meas ac f0r when tdb=0 rise=1 failed!

tres                =  -4.64012e-01 at=  2.44062e+04
ROW iload_a=0.0001 ceff_f=1e-06 esr_ohm=0.5 vout_v=1.79881 dcgain_db=136.947 f0_hz=23154.7 phase_at_f0_deg=-107.376 f180_hz=2.63101E+06 gain_at_f180_db=-47.6874 f0_rising_hz= resurgence_db=-0.464012
Doing analysis at TEMP = 125.000000 and TNOM = 27.000000

Using SPARSE 1.3 as Direct Linear Solver

No. of Data Rows : 1
Doing analysis at TEMP = 125.000000 and TNOM = 27.000000

Using SPARSE 1.3 as Direct Linear Solver
 Reference value :  1.00000e-02
No. of Data Rows : 4401
Doing analysis at TEMP = 125.000000 and TNOM = 27.000000

Using SPARSE 1.3 as Direct Linear Solver
 Reference value :  9.54993e-01
No. of Data Rows : 4401
dcg                 =  1.36946e+02
f0                  =  7.10093e+03
phx                 =  -1.41850e+02
f180                =  5.53451e+05
gmx                 =  -4.92130e+01
 meas ac f0r when tdb=0 rise=1 failed!

tres                =  -7.59904e-01 at=  7.49894e+03
ROW iload_a=0.0001 ceff_f=4.7e-06 esr_ohm=0.001 vout_v=1.79881 dcgain_db=136.946 f0_hz=7100.93 phase_at_f0_deg=-141.85 f180_hz=553451 gain_at_f180_db=-49.213 f0_rising_hz= resurgence_db=-0.759904
Doing analysis at TEMP = 125.000000 and TNOM = 27.000000

Using SPARSE 1.3 as Direct Linear Solver

No. of Data Rows : 1
Doing analysis at TEMP = 125.000000 and TNOM = 27.000000

Using SPARSE 1.3 as Direct Linear Solver
 Reference value :  1.00000e-02
No. of Data Rows : 4401
Doing analysis at TEMP = 125.000000 and TNOM = 27.000000

Using SPARSE 1.3 as Direct Linear Solver
 Reference value :  9.33254e-02
No. of Data Rows : 4401
dcg                 =  1.36946e+02
f0                  =  7.10117e+03
phx                 =  -1.41261e+02
f180                =  2.46920e+06
gmx                 =  -6.63326e+01
 meas ac f0r when tdb=0 rise=1 failed!

tres                =  -7.59384e-01 at=  7.49894e+03
ROW iload_a=0.0001 ceff_f=4.7e-06 esr_ohm=0.05 vout_v=1.79881 dcgain_db=136.946 f0_hz=7101.17 phase_at_f0_deg=-141.26 f180_hz=2.4692E+06 gain_at_f180_db=-66.3326 f0_rising_hz= resurgence_db=-0.759384
Doing analysis at TEMP = 125.000000 and TNOM = 27.000000

Using SPARSE 1.3 as Direct Linear Solver

No. of Data Rows : 1
Doing analysis at TEMP = 125.000000 and TNOM = 27.000000

Using SPARSE 1.3 as Direct Linear Solver
 Reference value :  1.00000e-02
No. of Data Rows : 4401
Doing analysis at TEMP = 125.000000 and TNOM = 27.000000

Using SPARSE 1.3 as Direct Linear Solver
 Reference value :  1.00000e-02
No. of Data Rows : 4401
dcg                 =  1.36946e+02
f0                  =  7.10477e+03
phx                 =  -1.39444e+02
f180                =  2.78825e+06
gmx                 =  -5.62556e+01
 meas ac f0r when tdb=0 rise=1 failed!

tres                =  -7.51445e-01 at=  7.49894e+03
ROW iload_a=0.0001 ceff_f=4.7e-06 esr_ohm=0.2 vout_v=1.79881 dcgain_db=136.946 f0_hz=7104.76 phase_at_f0_deg=-139.444 f180_hz=2.78825E+06 gain_at_f180_db=-56.2556 f0_rising_hz= resurgence_db=-0.751445
Doing analysis at TEMP = 125.000000 and TNOM = 27.000000

Using SPARSE 1.3 as Direct Linear Solver
 Reference value :  0.00000e+00
No. of Data Rows : 1
Doing analysis at TEMP = 125.000000 and TNOM = 27.000000

Using SPARSE 1.3 as Direct Linear Solver

No. of Data Rows : 4401
Doing analysis at TEMP = 125.000000 and TNOM = 27.000000

Using SPARSE 1.3 as Direct Linear Solver
 Reference value :  1.00000e-02
No. of Data Rows : 4401
dcg                 =  1.36946e+02
f0                  =  7.11261e+03
phx                 =  -1.36087e+02
f180                =  2.83654e+06
gmx                 =  -4.88666e+01
 meas ac f0r when tdb=0 rise=1 failed!

tres                =  -7.33188e-01 at=  7.49894e+03
ROW iload_a=0.0001 ceff_f=4.7e-06 esr_ohm=0.5 vout_v=1.79881 dcgain_db=136.946 f0_hz=7112.61 phase_at_f0_deg=-136.088 f180_hz=2.83654E+06 gain_at_f180_db=-48.8666 f0_rising_hz= resurgence_db=-0.733188
Doing analysis at TEMP = 125.000000 and TNOM = 27.000000

Using SPARSE 1.3 as Direct Linear Solver

No. of Data Rows : 1
Doing analysis at TEMP = 125.000000 and TNOM = 27.000000

Using SPARSE 1.3 as Direct Linear Solver
 Reference value :  8.12831e+02
No. of Data Rows : 4401
Doing analysis at TEMP = 125.000000 and TNOM = 27.000000

Using SPARSE 1.3 as Direct Linear Solver

No. of Data Rows : 4401
dcg                 =  1.38385e+02
f0                  =  2.80945e+05
phx                 =  -1.34583e+02
f180                =  7.39162e+05
gmx                 =  -1.29322e+01
 meas ac f0r when tdb=0 rise=1 failed!

tres                =  -5.51189e-01 at=  2.95121e+05
ROW iload_a=0.001 ceff_f=3.3e-07 esr_ohm=0.001 vout_v=1.79881 dcgain_db=138.385 f0_hz=280945 phase_at_f0_deg=-134.583 f180_hz=739162 gain_at_f180_db=-12.9322 f0_rising_hz= resurgence_db=-0.551189
Doing analysis at TEMP = 125.000000 and TNOM = 27.000000

Using SPARSE 1.3 as Direct Linear Solver

No. of Data Rows : 1
Doing analysis at TEMP = 125.000000 and TNOM = 27.000000

Using SPARSE 1.3 as Direct Linear Solver
 Reference value :  1.00000e-02
No. of Data Rows : 4401
Doing analysis at TEMP = 125.000000 and TNOM = 27.000000

Using SPARSE 1.3 as Direct Linear Solver
 Reference value :  1.24451e+06
No. of Data Rows : 4401
dcg                 =  1.38385e+02
f0                  =  2.81037e+05
phx                 =  -1.32959e+02
f180                =  8.02376e+05
gmx                 =  -1.42223e+01
 meas ac f0r when tdb=0 rise=1 failed!

tres                =  -5.47197e-01 at=  2.95121e+05
ROW iload_a=0.001 ceff_f=3.3e-07 esr_ohm=0.05 vout_v=1.79881 dcgain_db=138.385 f0_hz=281037 phase_at_f0_deg=-132.959 f180_hz=802376 gain_at_f180_db=-14.2223 f0_rising_hz= resurgence_db=-0.547197
Doing analysis at TEMP = 125.000000 and TNOM = 27.000000

Using SPARSE 1.3 as Direct Linear Solver

No. of Data Rows : 1
Doing analysis at TEMP = 125.000000 and TNOM = 27.000000

Using SPARSE 1.3 as Direct Linear Solver

No. of Data Rows : 4401
Doing analysis at TEMP = 125.000000 and TNOM = 27.000000

Using SPARSE 1.3 as Direct Linear Solver
 Reference value :  1.25170e-02
No. of Data Rows : 4401
dcg                 =  1.38385e+02
f0                  =  2.82438e+05
phx                 =  -1.28130e+02
f180                =  1.11655e+06
gmx                 =  -1.90985e+01
 meas ac f0r when tdb=0 rise=1 failed!

tres                =  -5.51251e-01 at=  2.96825e+05
ROW iload_a=0.001 ceff_f=3.3e-07 esr_ohm=0.2 vout_v=1.79881 dcgain_db=138.385 f0_hz=282438 phase_at_f0_deg=-128.13 f180_hz=1.11655E+06 gain_at_f180_db=-19.0985 f0_rising_hz= resurgence_db=-0.551251
Doing analysis at TEMP = 125.000000 and TNOM = 27.000000

Using SPARSE 1.3 as Direct Linear Solver

No. of Data Rows : 1
Doing analysis at TEMP = 125.000000 and TNOM = 27.000000

Using SPARSE 1.3 as Direct Linear Solver
 Reference value :  1.62181e+05
No. of Data Rows : 4401
Doing analysis at TEMP = 125.000000 and TNOM = 27.000000

Using SPARSE 1.3 as Direct Linear Solver

No. of Data Rows : 4401
dcg                 =  1.38385e+02
f0                  =  2.90581e+05
phx                 =  -1.19095e+02
f180                =  1.92919e+06
gmx                 =  -2.39133e+01
 meas ac f0r when tdb=0 rise=1 failed!

tres                =  -5.29281e-01 at=  3.05492e+05
ROW iload_a=0.001 ceff_f=3.3e-07 esr_ohm=0.5 vout_v=1.79881 dcgain_db=138.385 f0_hz=290581 phase_at_f0_deg=-119.095 f180_hz=1.92919E+06 gain_at_f180_db=-23.9133 f0_rising_hz= resurgence_db=-0.529281
Doing analysis at TEMP = 125.000000 and TNOM = 27.000000

Using SPARSE 1.3 as Direct Linear Solver

No. of Data Rows : 1
Doing analysis at TEMP = 125.000000 and TNOM = 27.000000

Using SPARSE 1.3 as Direct Linear Solver
 Reference value :  3.73680e-02
No. of Data Rows : 4401
Doing analysis at TEMP = 125.000000 and TNOM = 27.000000

Using SPARSE 1.3 as Direct Linear Solver
 Reference value :  4.16869e+06
No. of Data Rows : 4401
dcg                 =  1.38385e+02
f0                  =  1.03972e+05
phx                 =  -1.10894e+02
f180                =  7.41472e+05
gmx                 =  -2.26100e+01
 meas ac f0r when tdb=0 rise=1 failed!

tres                =  -4.63715e-01 at=  1.09648e+05
ROW iload_a=0.001 ceff_f=1e-06 esr_ohm=0.001 vout_v=1.79881 dcgain_db=138.385 f0_hz=103972 phase_at_f0_deg=-110.894 f180_hz=741472 gain_at_f180_db=-22.61 f0_rising_hz= resurgence_db=-0.463715
Doing analysis at TEMP = 125.000000 and TNOM = 27.000000

Using SPARSE 1.3 as Direct Linear Solver

No. of Data Rows : 1
Doing analysis at TEMP = 125.000000 and TNOM = 27.000000

Using SPARSE 1.3 as Direct Linear Solver

No. of Data Rows : 4401
Doing analysis at TEMP = 125.000000 and TNOM = 27.000000

Using SPARSE 1.3 as Direct Linear Solver
 Reference value :  1.00000e-02
No. of Data Rows : 4401
dcg                 =  1.38385e+02
f0                  =  1.04027e+05
phx                 =  -1.09066e+02
f180                =  9.90049e+05
gmx                 =  -2.70279e+01
 meas ac f0r when tdb=0 rise=1 failed!

tres                =  -4.58665e-01 at=  1.09648e+05
ROW iload_a=0.001 ceff_f=1e-06 esr_ohm=0.05 vout_v=1.79881 dcgain_db=138.385 f0_hz=104027 phase_at_f0_deg=-109.066 f180_hz=990049 gain_at_f180_db=-27.0279 f0_rising_hz= resurgence_db=-0.458665
Doing analysis at TEMP = 125.000000 and TNOM = 27.000000

Using SPARSE 1.3 as Direct Linear Solver

No. of Data Rows : 1
Doing analysis at TEMP = 125.000000 and TNOM = 27.000000

Using SPARSE 1.3 as Direct Linear Solver
 Reference value :  2.15030e+03
No. of Data Rows : 4401
Doing analysis at TEMP = 125.000000 and TNOM = 27.000000

Using SPARSE 1.3 as Direct Linear Solver

No. of Data Rows : 4401
dcg                 =  1.38385e+02
f0                  =  1.04866e+05
phx                 =  -1.03524e+02
f180                =  2.07528e+06
gmx                 =  -3.32536e+01
 meas ac f0r when tdb=0 rise=1 failed!

tres                =  -4.31963e-01 at=  1.10281e+05
ROW iload_a=0.001 ceff_f=1e-06 esr_ohm=0.2 vout_v=1.79881 dcgain_db=138.385 f0_hz=104866 phase_at_f0_deg=-103.524 f180_hz=2.07528E+06 gain_at_f180_db=-33.2536 f0_rising_hz= resurgence_db=-0.431963
Doing analysis at TEMP = 125.000000 and TNOM = 27.000000

Using SPARSE 1.3 as Direct Linear Solver

No. of Data Rows : 1
Doing analysis at TEMP = 125.000000 and TNOM = 27.000000

Using SPARSE 1.3 as Direct Linear Solver
 Reference value :  1.00000e-02
No. of Data Rows : 4401
Doing analysis at TEMP = 125.000000 and TNOM = 27.000000

Using SPARSE 1.3 as Direct Linear Solver
 Reference value :  1.25170e+06
No. of Data Rows : 4401
dcg                 =  1.38385e+02
f0                  =  1.09960e+05
phx                 =  -9.25561e+01
f180                =  2.46411e+06
gmx                 =  -2.83911e+01
 meas ac f0r when tdb=0 rise=1 failed!

tres                =  -3.83665e-01 at=  1.15478e+05
ROW iload_a=0.001 ceff_f=1e-06 esr_ohm=0.5 vout_v=1.79881 dcgain_db=138.385 f0_hz=109960 phase_at_f0_deg=-92.5561 f180_hz=2.46412E+06 gain_at_f180_db=-28.3911 f0_rising_hz= resurgence_db=-0.383665
Doing analysis at TEMP = 125.000000 and TNOM = 27.000000

Using SPARSE 1.3 as Direct Linear Solver

No. of Data Rows : 1
Doing analysis at TEMP = 125.000000 and TNOM = 27.000000

Using SPARSE 1.3 as Direct Linear Solver

No. of Data Rows : 4401
Doing analysis at TEMP = 125.000000 and TNOM = 27.000000

Using SPARSE 1.3 as Direct Linear Solver
 Reference value :  3.16228e-02
No. of Data Rows : 4401
dcg                 =  1.38385e+02
f0                  =  2.33726e+04
phx                 =  -1.25464e+02
f180                =  7.54850e+05
gmx                 =  -3.63361e+01
 meas ac f0r when tdb=0 rise=1 failed!

tres                =  -5.43872e-01 at=  2.45471e+04
ROW iload_a=0.001 ceff_f=4.7e-06 esr_ohm=0.001 vout_v=1.79881 dcgain_db=138.385 f0_hz=23372.6 phase_at_f0_deg=-125.463 f180_hz=754850 gain_at_f180_db=-36.3361 f0_rising_hz= resurgence_db=-0.543872
Doing analysis at TEMP = 125.000000 and TNOM = 27.000000

Using SPARSE 1.3 as Direct Linear Solver

No. of Data Rows : 1
Doing analysis at TEMP = 125.000000 and TNOM = 27.000000

Using SPARSE 1.3 as Direct Linear Solver
 Reference value :  2.11349e+04
No. of Data Rows : 4401
Doing analysis at TEMP = 125.000000 and TNOM = 27.000000

Using SPARSE 1.3 as Direct Linear Solver

No. of Data Rows : 4401
dcg                 =  1.38385e+02
f0                  =  2.33832e+04
phx                 =  -1.23513e+02
f180                =  2.18510e+06
gmx                 =  -4.62415e+01
 meas ac f0r when tdb=0 rise=1 failed!

tres                =  -6.01225e-01 at=  2.46888e+04
ROW iload_a=0.001 ceff_f=4.7e-06 esr_ohm=0.05 vout_v=1.79881 dcgain_db=138.385 f0_hz=23383.2 phase_at_f0_deg=-123.513 f180_hz=2.1851E+06 gain_at_f180_db=-46.2415 f0_rising_hz= resurgence_db=-0.601225
Doing analysis at TEMP = 125.000000 and TNOM = 27.000000

Using SPARSE 1.3 as Direct Linear Solver

No. of Data Rows : 1
Doing analysis at TEMP = 125.000000 and TNOM = 27.000000

Using SPARSE 1.3 as Direct Linear Solver
 Reference value :  1.00000e-02
No. of Data Rows : 4401
Doing analysis at TEMP = 125.000000 and TNOM = 27.000000

Using SPARSE 1.3 as Direct Linear Solver
 Reference value :  6.87860e+05
No. of Data Rows : 4401
dcg                 =  1.38385e+02
f0                  =  2.35459e+04
phx                 =  -1.17373e+02
f180                =  2.58134e+06
gmx                 =  -3.71445e+01
 meas ac f0r when tdb=0 rise=1 failed!

tres                =  -5.77729e-01 at=  2.48313e+04
ROW iload_a=0.001 ceff_f=4.7e-06 esr_ohm=0.2 vout_v=1.79881 dcgain_db=138.385 f0_hz=23545.9 phase_at_f0_deg=-117.373 f180_hz=2.58134E+06 gain_at_f180_db=-37.1445 f0_rising_hz= resurgence_db=-0.577729
Doing analysis at TEMP = 125.000000 and TNOM = 27.000000

Using SPARSE 1.3 as Direct Linear Solver

No. of Data Rows : 1
Doing analysis at TEMP = 125.000000 and TNOM = 27.000000

Using SPARSE 1.3 as Direct Linear Solver

No. of Data Rows : 4401
Doing analysis at TEMP = 125.000000 and TNOM = 27.000000

Using SPARSE 1.3 as Direct Linear Solver
 Reference value :  1.00000e-02
No. of Data Rows : 4401
dcg                 =  1.38385e+02
f0                  =  2.45253e+04
phx                 =  -1.04220e+02
f180                =  2.65261e+06
gmx                 =  -2.96503e+01
 meas ac f0r when tdb=0 rise=1 failed!

tres                =  -5.15096e-01 at=  2.58523e+04
ROW iload_a=0.001 ceff_f=4.7e-06 esr_ohm=0.5 vout_v=1.79881 dcgain_db=138.385 f0_hz=24525.3 phase_at_f0_deg=-104.22 f180_hz=2.65261E+06 gain_at_f180_db=-29.6503 f0_rising_hz= resurgence_db=-0.515096
Doing analysis at TEMP = 125.000000 and TNOM = 27.000000

Using SPARSE 1.3 as Direct Linear Solver

No. of Data Rows : 1
Doing analysis at TEMP = 125.000000 and TNOM = 27.000000

Using SPARSE 1.3 as Direct Linear Solver
 Reference value :  9.33254e+05
No. of Data Rows : 4401
Doing analysis at TEMP = 125.000000 and TNOM = 27.000000

Using SPARSE 1.3 as Direct Linear Solver

No. of Data Rows : 4401
dcg                 =  1.38465e+02
f0                  =  5.40672e+05
phx                 =  -1.40170e+02
f180                =  1.03216e+06
gmx                 =  -7.36012e+00
 meas ac f0r when tdb=0 rise=1 failed!

tres                =  -5.01317e-01 at=  5.68853e+05
ROW iload_a=0.01 ceff_f=3.3e-07 esr_ohm=0.001 vout_v=1.79881 dcgain_db=138.465 f0_hz=540672 phase_at_f0_deg=-140.17 f180_hz=1.03215E+06 gain_at_f180_db=-7.36012 f0_rising_hz= resurgence_db=-0.501317
Doing analysis at TEMP = 125.000000 and TNOM = 27.000000

Using SPARSE 1.3 as Direct Linear Solver

No. of Data Rows : 1
Doing analysis at TEMP = 125.000000 and TNOM = 27.000000

Using SPARSE 1.3 as Direct Linear Solver
 Reference value :  6.41948e-02
No. of Data Rows : 4401
Doing analysis at TEMP = 125.000000 and TNOM = 27.000000

Using SPARSE 1.3 as Direct Linear Solver
 Reference value :  7.98914e+07
No. of Data Rows : 4401
dcg                 =  1.38465e+02
f0                  =  5.41412e+05
phx                 =  -1.37082e+02
f180                =  1.11410e+06
gmx                 =  -8.41049e+00
 meas ac f0r when tdb=0 rise=1 failed!

tres                =  -4.86485e-01 at=  5.68853e+05
ROW iload_a=0.01 ceff_f=3.3e-07 esr_ohm=0.05 vout_v=1.79881 dcgain_db=138.465 f0_hz=541412 phase_at_f0_deg=-137.082 f180_hz=1.1141E+06 gain_at_f180_db=-8.41049 f0_rising_hz= resurgence_db=-0.486485
Doing analysis at TEMP = 125.000000 and TNOM = 27.000000

Using SPARSE 1.3 as Direct Linear Solver

No. of Data Rows : 1
Doing analysis at TEMP = 125.000000 and TNOM = 27.000000

Using SPARSE 1.3 as Direct Linear Solver

No. of Data Rows : 4401
Doing analysis at TEMP = 125.000000 and TNOM = 27.000000

Using SPARSE 1.3 as Direct Linear Solver
 Reference value :  2.17520e-01
No. of Data Rows : 4401
dcg                 =  1.38465e+02
f0                  =  5.52998e+05
phx                 =  -1.28290e+02
f180                =  1.45365e+06
gmx                 =  -1.16333e+01
 meas ac f0r when tdb=0 rise=1 failed!

tres                =  -4.85869e-01 at=  5.82103e+05
ROW iload_a=0.01 ceff_f=3.3e-07 esr_ohm=0.2 vout_v=1.79881 dcgain_db=138.465 f0_hz=552998 phase_at_f0_deg=-128.29 f180_hz=1.45365E+06 gain_at_f180_db=-11.6333 f0_rising_hz= resurgence_db=-0.485869
Doing analysis at TEMP = 125.000000 and TNOM = 27.000000

Using SPARSE 1.3 as Direct Linear Solver

No. of Data Rows : 1
Doing analysis at TEMP = 125.000000 and TNOM = 27.000000

Using SPARSE 1.3 as Direct Linear Solver
 Reference value :  4.00405e+04
No. of Data Rows : 4401
Doing analysis at TEMP = 125.000000 and TNOM = 27.000000

Using SPARSE 1.3 as Direct Linear Solver

No. of Data Rows : 4401
dcg                 =  1.38465e+02
f0                  =  6.30701e+05
phx                 =  -1.14223e+02
f180                =  2.07994e+06
gmx                 =  -1.32299e+01
 meas ac f0r when tdb=0 rise=1 failed!

tres                =  -4.01453e-01 at=  6.64508e+05
ROW iload_a=0.01 ceff_f=3.3e-07 esr_ohm=0.5 vout_v=1.79881 dcgain_db=138.465 f0_hz=630701 phase_at_f0_deg=-114.223 f180_hz=2.07994E+06 gain_at_f180_db=-13.2299 f0_rising_hz= resurgence_db=-0.401453
Doing analysis at TEMP = 125.000000 and TNOM = 27.000000

Using SPARSE 1.3 as Direct Linear Solver

No. of Data Rows : 1
Doing analysis at TEMP = 125.000000 and TNOM = 27.000000

Using SPARSE 1.3 as Direct Linear Solver
 Reference value :  1.00000e-02
No. of Data Rows : 4401
Doing analysis at TEMP = 125.000000 and TNOM = 27.000000

Using SPARSE 1.3 as Direct Linear Solver
 Reference value :  1.03514e+06
No. of Data Rows : 4401
dcg                 =  1.38465e+02
f0                  =  1.91765e+05
phx                 =  -1.18808e+02
f180                =  1.03520e+06
gmx                 =  -1.70224e+01
 meas ac f0r when tdb=0 rise=1 failed!

tres                =  -4.74044e-01 at=  2.01837e+05
ROW iload_a=0.01 ceff_f=1e-06 esr_ohm=0.001 vout_v=1.79881 dcgain_db=138.465 f0_hz=191765 phase_at_f0_deg=-118.808 f180_hz=1.0352E+06 gain_at_f180_db=-17.0224 f0_rising_hz= resurgence_db=-0.474044
Doing analysis at TEMP = 125.000000 and TNOM = 27.000000

Using SPARSE 1.3 as Direct Linear Solver

No. of Data Rows : 1
Doing analysis at TEMP = 125.000000 and TNOM = 27.000000

Using SPARSE 1.3 as Direct Linear Solver

No. of Data Rows : 4401
Doing analysis at TEMP = 125.000000 and TNOM = 27.000000

Using SPARSE 1.3 as Direct Linear Solver
 Reference value :  7.71792e-02
No. of Data Rows : 4401
dcg                 =  1.38465e+02
f0                  =  1.92081e+05
phx                 =  -1.15430e+02
f180                =  1.33071e+06
gmx                 =  -2.02802e+01
 meas ac f0r when tdb=0 rise=1 failed!

tres                =  -4.57181e-01 at=  2.01837e+05
ROW iload_a=0.01 ceff_f=1e-06 esr_ohm=0.05 vout_v=1.79881 dcgain_db=138.465 f0_hz=192081 phase_at_f0_deg=-115.43 f180_hz=1.33071E+06 gain_at_f180_db=-20.2802 f0_rising_hz= resurgence_db=-0.457181
Doing analysis at TEMP = 125.000000 and TNOM = 27.000000

Using SPARSE 1.3 as Direct Linear Solver

No. of Data Rows : 1
Doing analysis at TEMP = 125.000000 and TNOM = 27.000000

Using SPARSE 1.3 as Direct Linear Solver
 Reference value :  1.01742e+03
No. of Data Rows : 4401
Doing analysis at TEMP = 125.000000 and TNOM = 27.000000

Using SPARSE 1.3 as Direct Linear Solver

No. of Data Rows : 4401
dcg                 =  1.38465e+02
f0                  =  1.97144e+05
phx                 =  -1.05076e+02
f180                =  2.19881e+06
gmx                 =  -2.23512e+01
 meas ac f0r when tdb=0 rise=1 failed!

tres                =  -4.55839e-01 at=  2.07730e+05
ROW iload_a=0.01 ceff_f=1e-06 esr_ohm=0.2 vout_v=1.79881 dcgain_db=138.465 f0_hz=197144 phase_at_f0_deg=-105.076 f180_hz=2.19881E+06 gain_at_f180_db=-22.3512 f0_rising_hz= resurgence_db=-0.455839
Doing analysis at TEMP = 125.000000 and TNOM = 27.000000

Using SPARSE 1.3 as Direct Linear Solver

No. of Data Rows : 1
Doing analysis at TEMP = 125.000000 and TNOM = 27.000000

Using SPARSE 1.3 as Direct Linear Solver
 Reference value :  1.00000e-02
No. of Data Rows : 4401
Doing analysis at TEMP = 125.000000 and TNOM = 27.000000

Using SPARSE 1.3 as Direct Linear Solver
 Reference value :  1.02920e+06
No. of Data Rows : 4401
dcg                 =  1.38465e+02
f0                  =  2.35366e+05
phx                 =  -8.37390e+01
f180                =  2.53880e+06
gmx                 =  -1.72704e+01
 meas ac f0r when tdb=0 rise=1 failed!

tres                =  -3.20662e-01 at=  2.48313e+05
ROW iload_a=0.01 ceff_f=1e-06 esr_ohm=0.5 vout_v=1.79881 dcgain_db=138.465 f0_hz=235365 phase_at_f0_deg=-83.739 f180_hz=2.5388E+06 gain_at_f180_db=-17.2704 f0_rising_hz= resurgence_db=-0.320662
Doing analysis at TEMP = 125.000000 and TNOM = 27.000000

Using SPARSE 1.3 as Direct Linear Solver

No. of Data Rows : 1
Doing analysis at TEMP = 125.000000 and TNOM = 27.000000

Using SPARSE 1.3 as Direct Linear Solver

No. of Data Rows : 4401
Doing analysis at TEMP = 125.000000 and TNOM = 27.000000

Using SPARSE 1.3 as Direct Linear Solver
 Reference value :  1.00000e-02
No. of Data Rows : 4401
dcg                 =  1.38465e+02
f0                  =  5.24579e+04
phx                 =  -1.32916e+02
f180                =  1.05294e+06
gmx                 =  -3.06988e+01
 meas ac f0r when tdb=0 rise=1 failed!

tres                =  -6.28553e-01 at=  5.52713e+04
ROW iload_a=0.01 ceff_f=4.7e-06 esr_ohm=0.001 vout_v=1.79881 dcgain_db=138.465 f0_hz=52457.9 phase_at_f0_deg=-132.916 f180_hz=1.05294E+06 gain_at_f180_db=-30.6988 f0_rising_hz= resurgence_db=-0.628553
Doing analysis at TEMP = 125.000000 and TNOM = 27.000000

Using SPARSE 1.3 as Direct Linear Solver

No. of Data Rows : 1
Doing analysis at TEMP = 125.000000 and TNOM = 27.000000

Using SPARSE 1.3 as Direct Linear Solver
 Reference value :  1.69824e+04
No. of Data Rows : 4401
Doing analysis at TEMP = 125.000000 and TNOM = 27.000000

Using SPARSE 1.3 as Direct Linear Solver

No. of Data Rows : 4401
dcg                 =  1.38465e+02
f0                  =  5.25684e+04
phx                 =  -1.28520e+02
f180                =  2.28628e+06
gmx                 =  -3.51832e+01
 meas ac f0r when tdb=0 rise=1 failed!

tres                =  -6.00348e-01 at=  5.52713e+04
ROW iload_a=0.01 ceff_f=4.7e-06 esr_ohm=0.05 vout_v=1.79881 dcgain_db=138.465 f0_hz=52568.4 phase_at_f0_deg=-128.52 f180_hz=2.28628E+06 gain_at_f180_db=-35.1832 f0_rising_hz= resurgence_db=-0.600349
Doing analysis at TEMP = 125.000000 and TNOM = 27.000000

Using SPARSE 1.3 as Direct Linear Solver

No. of Data Rows : 1
Doing analysis at TEMP = 125.000000 and TNOM = 27.000000

Using SPARSE 1.3 as Direct Linear Solver
 Reference value :  1.00000e-02
No. of Data Rows : 4401
Doing analysis at TEMP = 125.000000 and TNOM = 27.000000

Using SPARSE 1.3 as Direct Linear Solver
 Reference value :  2.08930e+05
No. of Data Rows : 4401
dcg                 =  1.38465e+02
f0                  =  5.43308e+04
phx                 =  -1.14455e+02
f180                =  2.64779e+06
gmx                 =  -2.59958e+01
 meas ac f0r when tdb=0 rise=1 failed!

tres                =  -5.71701e-01 at=  5.72137e+04
ROW iload_a=0.01 ceff_f=4.7e-06 esr_ohm=0.2 vout_v=1.79881 dcgain_db=138.465 f0_hz=54330.8 phase_at_f0_deg=-114.455 f180_hz=2.64779E+06 gain_at_f180_db=-25.9958 f0_rising_hz= resurgence_db=-0.571701
Doing analysis at TEMP = 125.000000 and TNOM = 27.000000

Using SPARSE 1.3 as Direct Linear Solver

No. of Data Rows : 1
Doing analysis at TEMP = 125.000000 and TNOM = 27.000000

Using SPARSE 1.3 as Direct Linear Solver

No. of Data Rows : 4401
Doing analysis at TEMP = 125.000000 and TNOM = 27.000000

Using SPARSE 1.3 as Direct Linear Solver
 Reference value :  1.00000e-02
No. of Data Rows : 4401
dcg                 =  1.38465e+02
f0                  =  6.79246e+04
phx                 =  -8.26673e+01
f180                =  2.71536e+06
gmx                 =  -1.85160e+01
 meas ac f0r when tdb=0 rise=1 failed!

tres                =  -3.54113e-01 at=  7.16143e+04
ROW iload_a=0.01 ceff_f=4.7e-06 esr_ohm=0.5 vout_v=1.79881 dcgain_db=138.465 f0_hz=67924.6 phase_at_f0_deg=-82.6673 f180_hz=2.71536E+06 gain_at_f180_db=-18.516 f0_rising_hz= resurgence_db=-0.354113
Doing analysis at TEMP = 125.000000 and TNOM = 27.000000

Using SPARSE 1.3 as Direct Linear Solver
 Reference value :  0.00000e+00
No. of Data Rows : 1
Doing analysis at TEMP = 125.000000 and TNOM = 27.000000

Using SPARSE 1.3 as Direct Linear Solver
 Reference value :  4.92606e+07
No. of Data Rows : 4401
Doing analysis at TEMP = 125.000000 and TNOM = 27.000000

Using SPARSE 1.3 as Direct Linear Solver
 Reference value :  1.60325e+07
No. of Data Rows : 4401
dcg                 =  1.37444e+02
f0                  =  6.58318e+05
phx                 =  -1.51343e+02
f180                =  1.01534e+06
gmx                 =  -5.20717e+00
 meas ac f0r when tdb=0 rise=1 failed!

tres                =  -5.33001e-01 at=  6.91831e+05
ROW iload_a=0.025 ceff_f=3.3e-07 esr_ohm=0.001 vout_v=1.7988 dcgain_db=137.444 f0_hz=658318 phase_at_f0_deg=-151.343 f180_hz=1.01534E+06 gain_at_f180_db=-5.20717 f0_rising_hz= resurgence_db=-0.533001
Doing analysis at TEMP = 125.000000 and TNOM = 27.000000

Using SPARSE 1.3 as Direct Linear Solver

No. of Data Rows : 1
Doing analysis at TEMP = 125.000000 and TNOM = 27.000000

Using SPARSE 1.3 as Direct Linear Solver
 Reference value :  1.00000e-02
No. of Data Rows : 4401
Doing analysis at TEMP = 125.000000 and TNOM = 27.000000

Using SPARSE 1.3 as Direct Linear Solver
 Reference value :  1.00000e-02
No. of Data Rows : 4401
dcg                 =  1.37444e+02
f0                  =  6.59544e+05
phx                 =  -1.47613e+02
f180                =  1.09688e+06
gmx                 =  -6.26364e+00
 meas ac f0r when tdb=0 rise=1 failed!

tres                =  -5.73477e-01 at=  6.95825e+05
ROW iload_a=0.025 ceff_f=3.3e-07 esr_ohm=0.05 vout_v=1.7988 dcgain_db=137.444 f0_hz=659544 phase_at_f0_deg=-147.613 f180_hz=1.09688E+06 gain_at_f180_db=-6.26363 f0_rising_hz= resurgence_db=-0.573477
Doing analysis at TEMP = 125.000000 and TNOM = 27.000000

Using SPARSE 1.3 as Direct Linear Solver
 Reference value :  0.00000e+00
No. of Data Rows : 1
Doing analysis at TEMP = 125.000000 and TNOM = 27.000000

Using SPARSE 1.3 as Direct Linear Solver
 Reference value :  1.55776e+08
No. of Data Rows : 4401
Doing analysis at TEMP = 125.000000 and TNOM = 27.000000

Using SPARSE 1.3 as Direct Linear Solver
 Reference value :  2.52639e+06
No. of Data Rows : 4401
dcg                 =  1.37444e+02
f0                  =  6.77240e+05
phx                 =  -1.37525e+02
f180                =  1.42980e+06
gmx                 =  -9.49681e+00
 meas ac f0r when tdb=0 rise=1 failed!

tres                =  -5.13107e-01 at=  7.12033e+05
ROW iload_a=0.025 ceff_f=3.3e-07 esr_ohm=0.2 vout_v=1.7988 dcgain_db=137.444 f0_hz=677240 phase_at_f0_deg=-137.525 f180_hz=1.4298E+06 gain_at_f180_db=-9.49681 f0_rising_hz= resurgence_db=-0.513107
Doing analysis at TEMP = 125.000000 and TNOM = 27.000000

Using SPARSE 1.3 as Direct Linear Solver

No. of Data Rows : 1
Doing analysis at TEMP = 125.000000 and TNOM = 27.000000

Using SPARSE 1.3 as Direct Linear Solver
 Reference value :  1.00000e-02
No. of Data Rows : 4401
Doing analysis at TEMP = 125.000000 and TNOM = 27.000000

Using SPARSE 1.3 as Direct Linear Solver
 Reference value :  1.00000e-02
No. of Data Rows : 4401
dcg                 =  1.37444e+02
f0                  =  8.06694e+05
phx                 =  -1.23826e+02
f180                =  2.04997e+06
gmx                 =  -1.10975e+01
 meas ac f0r when tdb=0 rise=1 failed!

tres                =  -4.47376e-01 at=  8.51138e+05
ROW iload_a=0.025 ceff_f=3.3e-07 esr_ohm=0.5 vout_v=1.7988 dcgain_db=137.444 f0_hz=806694 phase_at_f0_deg=-123.826 f180_hz=2.04997E+06 gain_at_f180_db=-11.0975 f0_rising_hz= resurgence_db=-0.447377
Doing analysis at TEMP = 125.000000 and TNOM = 27.000000

Using SPARSE 1.3 as Direct Linear Solver
 Reference value :  0.00000e+00
No. of Data Rows : 1
Doing analysis at TEMP = 125.000000 and TNOM = 27.000000

Using SPARSE 1.3 as Direct Linear Solver
 Reference value :  3.73680e+06
No. of Data Rows : 4401
Doing analysis at TEMP = 125.000000 and TNOM = 27.000000

Using SPARSE 1.3 as Direct Linear Solver
 Reference value :  2.58523e+06
No. of Data Rows : 4401
dcg                 =  1.37444e+02
f0                  =  2.42503e+05
phx                 =  -1.23692e+02
f180                =  1.01820e+06
gmx                 =  -1.48627e+01
 meas ac f0r when tdb=0 rise=1 failed!

tres                =  -4.93413e-01 at=  2.55564e+05
ROW iload_a=0.025 ceff_f=1e-06 esr_ohm=0.001 vout_v=1.7988 dcgain_db=137.444 f0_hz=242503 phase_at_f0_deg=-123.692 f180_hz=1.0182E+06 gain_at_f180_db=-14.8627 f0_rising_hz= resurgence_db=-0.493413
Doing analysis at TEMP = 125.000000 and TNOM = 27.000000

Using SPARSE 1.3 as Direct Linear Solver

No. of Data Rows : 1
Doing analysis at TEMP = 125.000000 and TNOM = 27.000000

Using SPARSE 1.3 as Direct Linear Solver
 Reference value :  1.00000e-02
No. of Data Rows : 4401
Doing analysis at TEMP = 125.000000 and TNOM = 27.000000

Using SPARSE 1.3 as Direct Linear Solver
 Reference value :  1.00000e-02
No. of Data Rows : 4401
dcg                 =  1.37444e+02
f0                  =  2.43128e+05
phx                 =  -1.19433e+02
f180                =  1.31249e+06
gmx                 =  -1.81414e+01
 meas ac f0r when tdb=0 rise=1 failed!

tres                =  -4.66529e-01 at=  2.55564e+05
ROW iload_a=0.025 ceff_f=1e-06 esr_ohm=0.05 vout_v=1.7988 dcgain_db=137.444 f0_hz=243128 phase_at_f0_deg=-119.433 f180_hz=1.31249E+06 gain_at_f180_db=-18.1414 f0_rising_hz= resurgence_db=-0.466529
Doing analysis at TEMP = 125.000000 and TNOM = 27.000000

Using SPARSE 1.3 as Direct Linear Solver
 Reference value :  0.00000e+00
No. of Data Rows : 1
Doing analysis at TEMP = 125.000000 and TNOM = 27.000000

Using SPARSE 1.3 as Direct Linear Solver
 Reference value :  3.54813e+08
No. of Data Rows : 4401
Doing analysis at TEMP = 125.000000 and TNOM = 27.000000

Using SPARSE 1.3 as Direct Linear Solver
 Reference value :  7.12033e+06
No. of Data Rows : 4401
dcg                 =  1.37444e+02
f0                  =  2.53277e+05
phx                 =  -1.06637e+02
f180                =  2.16829e+06
gmx                 =  -2.02097e+01
 meas ac f0r when tdb=0 rise=1 failed!

tres                =  -4.21719e-01 at=  2.66073e+05
ROW iload_a=0.025 ceff_f=1e-06 esr_ohm=0.2 vout_v=1.7988 dcgain_db=137.444 f0_hz=253277 phase_at_f0_deg=-106.637 f180_hz=2.16829E+06 gain_at_f180_db=-20.2097 f0_rising_hz= resurgence_db=-0.421719
Doing analysis at TEMP = 125.000000 and TNOM = 27.000000

Using SPARSE 1.3 as Direct Linear Solver

No. of Data Rows : 1
Doing analysis at TEMP = 125.000000 and TNOM = 27.000000

Using SPARSE 1.3 as Direct Linear Solver
 Reference value :  1.00000e-02
No. of Data Rows : 4401
Doing analysis at TEMP = 125.000000 and TNOM = 27.000000

Using SPARSE 1.3 as Direct Linear Solver
 Reference value :  1.00000e-02
No. of Data Rows : 4401
dcg                 =  1.37444e+02
f0                  =  3.48992e+05
phx                 =  -8.15280e+01
f180                =  2.50296e+06
gmx                 =  -1.51167e+01
 meas ac f0r when tdb=0 rise=1 failed!

tres                =  -2.32077e-01 at=  3.67282e+05
ROW iload_a=0.025 ceff_f=1e-06 esr_ohm=0.5 vout_v=1.7988 dcgain_db=137.444 f0_hz=348992 phase_at_f0_deg=-81.528 f180_hz=2.50296E+06 gain_at_f180_db=-15.1167 f0_rising_hz= resurgence_db=-0.232077
Doing analysis at TEMP = 125.000000 and TNOM = 27.000000

Using SPARSE 1.3 as Direct Linear Solver
 Reference value :  0.00000e+00
No. of Data Rows : 1
Doing analysis at TEMP = 125.000000 and TNOM = 27.000000

Using SPARSE 1.3 as Direct Linear Solver
 Reference value :  2.13796e+06
No. of Data Rows : 4401
Doing analysis at TEMP = 125.000000 and TNOM = 27.000000

Using SPARSE 1.3 as Direct Linear Solver
 Reference value :  1.57580e+03
No. of Data Rows : 4401
dcg                 =  1.37444e+02
f0                  =  6.73430e+04
phx                 =  -1.33656e+02
f180                =  1.03577e+06
gmx                 =  -2.85370e+01
 meas ac f0r when tdb=0 rise=1 failed!

tres                =  -6.03525e-01 at=  7.07946e+04
ROW iload_a=0.025 ceff_f=4.7e-06 esr_ohm=0.001 vout_v=1.7988 dcgain_db=137.444 f0_hz=67343 phase_at_f0_deg=-133.656 f180_hz=1.03577E+06 gain_at_f180_db=-28.537 f0_rising_hz= resurgence_db=-0.603525
Doing analysis at TEMP = 125.000000 and TNOM = 27.000000

Using SPARSE 1.3 as Direct Linear Solver

No. of Data Rows : 1
Doing analysis at TEMP = 125.000000 and TNOM = 27.000000

Using SPARSE 1.3 as Direct Linear Solver
 Reference value :  1.00000e-02
No. of Data Rows : 4401
Doing analysis at TEMP = 125.000000 and TNOM = 27.000000

Using SPARSE 1.3 as Direct Linear Solver
 Reference value :  1.00000e-02
No. of Data Rows : 4401
dcg                 =  1.37444e+02
f0                  =  6.75752e+04
phx                 =  -1.28008e+02
f180                =  2.26417e+06
gmx                 =  -3.30537e+01
 meas ac f0r when tdb=0 rise=1 failed!

tres                =  -6.25940e-01 at=  7.12033e+04
ROW iload_a=0.025 ceff_f=4.7e-06 esr_ohm=0.05 vout_v=1.7988 dcgain_db=137.444 f0_hz=67575.2 phase_at_f0_deg=-128.008 f180_hz=2.26417E+06 gain_at_f180_db=-33.0537 f0_rising_hz= resurgence_db=-0.62594
Doing analysis at TEMP = 125.000000 and TNOM = 27.000000

Using SPARSE 1.3 as Direct Linear Solver
 Reference value :  0.00000e+00
No. of Data Rows : 1
Doing analysis at TEMP = 125.000000 and TNOM = 27.000000

Using SPARSE 1.3 as Direct Linear Solver
 Reference value :  6.38263e+08
No. of Data Rows : 4401
Doing analysis at TEMP = 125.000000 and TNOM = 27.000000

Using SPARSE 1.3 as Direct Linear Solver
 Reference value :  4.12098e+07
No. of Data Rows : 4401
dcg                 =  1.37444e+02
f0                  =  7.13947e+04
phx                 =  -1.09873e+02
f180                =  2.61160e+06
gmx                 =  -2.38346e+01
 meas ac f0r when tdb=0 rise=1 failed!

tres                =  -5.17071e-01 at=  7.49894e+04
ROW iload_a=0.025 ceff_f=4.7e-06 esr_ohm=0.2 vout_v=1.7988 dcgain_db=137.444 f0_hz=71394.7 phase_at_f0_deg=-109.873 f180_hz=2.6116E+06 gain_at_f180_db=-23.8346 f0_rising_hz= resurgence_db=-0.517071
Doing analysis at TEMP = 125.000000 and TNOM = 27.000000

Using SPARSE 1.3 as Direct Linear Solver

No. of Data Rows : 1
Doing analysis at TEMP = 125.000000 and TNOM = 27.000000

Using SPARSE 1.3 as Direct Linear Solver
 Reference value :  1.00000e-02
No. of Data Rows : 4401
Doing analysis at TEMP = 125.000000 and TNOM = 27.000000

Using SPARSE 1.3 as Direct Linear Solver
 Reference value :  1.00000e-02
No. of Data Rows : 4401
dcg                 =  1.37444e+02
f0                  =  1.10006e+05
phx                 =  -6.77242e+01
f180                =  2.67701e+06
gmx                 =  -1.63532e+01
 meas ac f0r when tdb=0 rise=1 failed!

tres                =  -2.30283e-01 at=  1.16145e+05
ROW iload_a=0.025 ceff_f=4.7e-06 esr_ohm=0.5 vout_v=1.7988 dcgain_db=137.444 f0_hz=110006 phase_at_f0_deg=-67.7241 f180_hz=2.67701E+06 gain_at_f180_db=-16.3532 f0_rising_hz= resurgence_db=-0.230283
Doing analysis at TEMP = 125.000000 and TNOM = 27.000000

Using SPARSE 1.3 as Direct Linear Solver

No. of Data Rows : 1
Doing analysis at TEMP = 125.000000 and TNOM = 27.000000

Using SPARSE 1.3 as Direct Linear Solver
 Reference value :  3.00262e+00
No. of Data Rows : 4401
Doing analysis at TEMP = 125.000000 and TNOM = 27.000000

Using SPARSE 1.3 as Direct Linear Solver
 Reference value :  6.20155e+05
No. of Data Rows : 4401
dcg                 =  1.35929e+02
f0                  =  7.62207e+05
phx                 =  -1.61032e+02
f180                =  9.97918e+05
gmx                 =  -3.38875e+00
 meas ac f0r when tdb=0 rise=1 failed!

tres                =  -6.17168e-01 at=  8.03526e+05
ROW iload_a=0.05 ceff_f=3.3e-07 esr_ohm=0.001 vout_v=1.7988 dcgain_db=135.929 f0_hz=762206 phase_at_f0_deg=-161.032 f180_hz=997918 gain_at_f180_db=-3.38875 f0_rising_hz= resurgence_db=-0.617168
Doing analysis at TEMP = 125.000000 and TNOM = 27.000000

Using SPARSE 1.3 as Direct Linear Solver

No. of Data Rows : 1
Doing analysis at TEMP = 125.000000 and TNOM = 27.000000

Using SPARSE 1.3 as Direct Linear Solver
 Reference value :  2.88403e+08
No. of Data Rows : 4401
Doing analysis at TEMP = 125.000000 and TNOM = 27.000000

Using SPARSE 1.3 as Direct Linear Solver

No. of Data Rows : 4401
dcg                 =  1.35929e+02
f0                  =  7.63944e+05
phx                 =  -1.56745e+02
f180                =  1.07754e+06
gmx                 =  -4.43302e+00
 meas ac f0r when tdb=0 rise=1 failed!

tres                =  -5.88052e-01 at=  8.03526e+05
ROW iload_a=0.05 ceff_f=3.3e-07 esr_ohm=0.05 vout_v=1.7988 dcgain_db=135.929 f0_hz=763944 phase_at_f0_deg=-156.745 f180_hz=1.07754E+06 gain_at_f180_db=-4.43302 f0_rising_hz= resurgence_db=-0.588052
Doing analysis at TEMP = 125.000000 and TNOM = 27.000000

Using SPARSE 1.3 as Direct Linear Solver

No. of Data Rows : 1
Doing analysis at TEMP = 125.000000 and TNOM = 27.000000

Using SPARSE 1.3 as Direct Linear Solver
 Reference value :  1.00000e-02
No. of Data Rows : 4401
Doing analysis at TEMP = 125.000000 and TNOM = 27.000000

Using SPARSE 1.3 as Direct Linear Solver
 Reference value :  3.95822e+03
No. of Data Rows : 4401
dcg                 =  1.35929e+02
f0                  =  7.91627e+05
phx                 =  -1.45379e+02
f180                =  1.40634e+06
gmx                 =  -7.63258e+00
 meas ac f0r when tdb=0 rise=1 failed!

tres                =  -5.47193e-01 at=  8.31764e+05
ROW iload_a=0.05 ceff_f=3.3e-07 esr_ohm=0.2 vout_v=1.7988 dcgain_db=135.929 f0_hz=791627 phase_at_f0_deg=-145.379 f180_hz=1.40634E+06 gain_at_f180_db=-7.63258 f0_rising_hz= resurgence_db=-0.547193
Doing analysis at TEMP = 125.000000 and TNOM = 27.000000

Using SPARSE 1.3 as Direct Linear Solver

No. of Data Rows : 1
Doing analysis at TEMP = 125.000000 and TNOM = 27.000000

Using SPARSE 1.3 as Direct Linear Solver
 Reference value :  5.21795e+05
No. of Data Rows : 4401
Doing analysis at TEMP = 125.000000 and TNOM = 27.000000

Using SPARSE 1.3 as Direct Linear Solver

No. of Data Rows : 4401
dcg                 =  1.35929e+02
f0                  =  9.72592e+05
phx                 =  -1.33039e+02
f180                =  2.01332e+06
gmx                 =  -9.22096e+00
 meas ac f0r when tdb=0 rise=1 failed!

tres                =  -4.76303e-01 at=  1.02329e+06
ROW iload_a=0.05 ceff_f=3.3e-07 esr_ohm=0.5 vout_v=1.7988 dcgain_db=135.929 f0_hz=972592 phase_at_f0_deg=-133.039 f180_hz=2.01332E+06 gain_at_f180_db=-9.22096 f0_rising_hz= resurgence_db=-0.476303
Doing analysis at TEMP = 125.000000 and TNOM = 27.000000

Using SPARSE 1.3 as Direct Linear Solver
 Reference value :  0.00000e+00
No. of Data Rows : 1
Doing analysis at TEMP = 125.000000 and TNOM = 27.000000

Using SPARSE 1.3 as Direct Linear Solver

No. of Data Rows : 4401
Doing analysis at TEMP = 125.000000 and TNOM = 27.000000

Using SPARSE 1.3 as Direct Linear Solver
 Reference value :  4.44120e-01
No. of Data Rows : 4401
dcg                 =  1.35929e+02
f0                  =  2.90777e+05
phx                 =  -1.27221e+02
f180                =  1.00041e+06
gmx                 =  -1.30356e+01
 meas ac f0r when tdb=0 rise=1 failed!

tres                =  -4.66771e-01 at=  3.05492e+05
ROW iload_a=0.05 ceff_f=1e-06 esr_ohm=0.001 vout_v=1.7988 dcgain_db=135.929 f0_hz=290777 phase_at_f0_deg=-127.221 f180_hz=1.00041E+06 gain_at_f180_db=-13.0356 f0_rising_hz= resurgence_db=-0.466771
Doing analysis at TEMP = 125.000000 and TNOM = 27.000000

Using SPARSE 1.3 as Direct Linear Solver

No. of Data Rows : 1
Doing analysis at TEMP = 125.000000 and TNOM = 27.000000

Using SPARSE 1.3 as Direct Linear Solver
 Reference value :  3.93550e+01
No. of Data Rows : 4401
Doing analysis at TEMP = 125.000000 and TNOM = 27.000000

Using SPARSE 1.3 as Direct Linear Solver
 Reference value :  1.54882e+08
No. of Data Rows : 4401
dcg                 =  1.35929e+02
f0                  =  2.91844e+05
phx                 =  -1.22139e+02
f180                =  1.28712e+06
gmx                 =  -1.62704e+01
 meas ac f0r when tdb=0 rise=1 failed!

tres                =  -4.82534e-01 at=  3.07256e+05
ROW iload_a=0.05 ceff_f=1e-06 esr_ohm=0.05 vout_v=1.7988 dcgain_db=135.929 f0_hz=291844 phase_at_f0_deg=-122.139 f180_hz=1.28712E+06 gain_at_f180_db=-16.2704 f0_rising_hz= resurgence_db=-0.482534
Doing analysis at TEMP = 125.000000 and TNOM = 27.000000

Using SPARSE 1.3 as Direct Linear Solver

No. of Data Rows : 1
Doing analysis at TEMP = 125.000000 and TNOM = 27.000000

Using SPARSE 1.3 as Direct Linear Solver

No. of Data Rows : 4401
Doing analysis at TEMP = 125.000000 and TNOM = 27.000000

Using SPARSE 1.3 as Direct Linear Solver
 Reference value :  1.00000e-02
No. of Data Rows : 4401
dcg                 =  1.35929e+02
f0                  =  3.10069e+05
phx                 =  -1.06993e+02
f180                =  2.13040e+06
gmx                 =  -1.83266e+01
 meas ac f0r when tdb=0 rise=1 failed!

tres                =  -4.47069e-01 at=  3.27341e+05
ROW iload_a=0.05 ceff_f=1e-06 esr_ohm=0.2 vout_v=1.7988 dcgain_db=135.929 f0_hz=310069 phase_at_f0_deg=-106.993 f180_hz=2.1304E+06 gain_at_f180_db=-18.3266 f0_rising_hz= resurgence_db=-0.447069
Doing analysis at TEMP = 125.000000 and TNOM = 27.000000

Using SPARSE 1.3 as Direct Linear Solver

No. of Data Rows : 1
Doing analysis at TEMP = 125.000000 and TNOM = 27.000000

Using SPARSE 1.3 as Direct Linear Solver
 Reference value :  2.29087e-01
No. of Data Rows : 4401
Doing analysis at TEMP = 125.000000 and TNOM = 27.000000

Using SPARSE 1.3 as Direct Linear Solver
 Reference value :  3.89045e+06
No. of Data Rows : 4401
dcg                 =  1.35929e+02
f0                  =  5.29357e+05
phx                 =  -8.38631e+01
f180                =  2.45936e+06
gmx                 =  -1.32346e+01
 meas ac f0r when tdb=0 rise=1 failed!

tres                =  -1.74733e-01 at=  5.55904e+05
ROW iload_a=0.05 ceff_f=1e-06 esr_ohm=0.5 vout_v=1.7988 dcgain_db=135.929 f0_hz=529357 phase_at_f0_deg=-83.8631 f180_hz=2.45936E+06 gain_at_f180_db=-13.2346 f0_rising_hz= resurgence_db=-0.174733
Doing analysis at TEMP = 125.000000 and TNOM = 27.000000

Using SPARSE 1.3 as Direct Linear Solver

No. of Data Rows : 1
Doing analysis at TEMP = 125.000000 and TNOM = 27.000000

Using SPARSE 1.3 as Direct Linear Solver
 Reference value :  5.68853e+06
No. of Data Rows : 4401
Doing analysis at TEMP = 125.000000 and TNOM = 27.000000

Using SPARSE 1.3 as Direct Linear Solver

No. of Data Rows : 4401
dcg                 =  1.35929e+02
f0                  =  7.97360e+04
phx                 =  -1.33034e+02
f180                =  1.01746e+06
gmx                 =  -2.67036e+01
 meas ac f0r when tdb=0 rise=1 failed!

tres                =  -6.39461e-01 at=  8.41395e+04
ROW iload_a=0.05 ceff_f=4.7e-06 esr_ohm=0.001 vout_v=1.7988 dcgain_db=135.929 f0_hz=79736 phase_at_f0_deg=-133.034 f180_hz=1.01746E+06 gain_at_f180_db=-26.7036 f0_rising_hz= resurgence_db=-0.639461
Doing analysis at TEMP = 125.000000 and TNOM = 27.000000

Using SPARSE 1.3 as Direct Linear Solver
 Reference value :  0.00000e+00
No. of Data Rows : 1
Doing analysis at TEMP = 125.000000 and TNOM = 27.000000

Using SPARSE 1.3 as Direct Linear Solver

No. of Data Rows : 4401
Doing analysis at TEMP = 125.000000 and TNOM = 27.000000

Using SPARSE 1.3 as Direct Linear Solver
 Reference value :  3.12608e-02
No. of Data Rows : 4401
dcg                 =  1.35929e+02
f0                  =  8.01264e+04
phx                 =  -1.26339e+02
f180                =  2.21555e+06
gmx                 =  -3.11435e+01
 meas ac f0r when tdb=0 rise=1 failed!

tres                =  -5.74847e-01 at=  8.41395e+04
ROW iload_a=0.05 ceff_f=4.7e-06 esr_ohm=0.05 vout_v=1.7988 dcgain_db=135.929 f0_hz=80126.4 phase_at_f0_deg=-126.339 f180_hz=2.21555E+06 gain_at_f180_db=-31.1435 f0_rising_hz= resurgence_db=-0.574847
Doing analysis at TEMP = 125.000000 and TNOM = 27.000000

Using SPARSE 1.3 as Direct Linear Solver

No. of Data Rows : 1
Doing analysis at TEMP = 125.000000 and TNOM = 27.000000

Using SPARSE 1.3 as Direct Linear Solver
 Reference value :  2.27772e+00
No. of Data Rows : 4401
Doing analysis at TEMP = 125.000000 and TNOM = 27.000000

Using SPARSE 1.3 as Direct Linear Solver
 Reference value :  5.04081e+07
No. of Data Rows : 4401
dcg                 =  1.35929e+02
f0                  =  8.68014e+04
phx                 =  -1.04633e+02
f180                =  2.56736e+06
gmx                 =  -2.19454e+01
 meas ac f0r when tdb=0 rise=1 failed!

tres                =  -4.82630e-01 at=  9.12011e+04
ROW iload_a=0.05 ceff_f=4.7e-06 esr_ohm=0.2 vout_v=1.7988 dcgain_db=135.929 f0_hz=86801.4 phase_at_f0_deg=-104.633 f180_hz=2.56736E+06 gain_at_f180_db=-21.9454 f0_rising_hz= resurgence_db=-0.48263
Doing analysis at TEMP = 125.000000 and TNOM = 27.000000

Using SPARSE 1.3 as Direct Linear Solver

No. of Data Rows : 1
Doing analysis at TEMP = 125.000000 and TNOM = 27.000000

Using SPARSE 1.3 as Direct Linear Solver

No. of Data Rows : 4401
Doing analysis at TEMP = 125.000000 and TNOM = 27.000000

Using SPARSE 1.3 as Direct Linear Solver
 Reference value :  1.00000e-02
No. of Data Rows : 4401
dcg                 =  1.35929e+02
f0                  =  2.00056e+05
phx                 =  -5.34172e+01
f180                =  2.63065e+06
gmx                 =  -1.44643e+01
 meas ac f0r when tdb=0 rise=1 failed!

tres                =  -9.27592e-02 at=  2.10136e+05
ROW iload_a=0.05 ceff_f=4.7e-06 esr_ohm=0.5 vout_v=1.7988 dcgain_db=135.929 f0_hz=200056 phase_at_f0_deg=-53.4172 f180_hz=2.63065E+06 gain_at_f180_db=-14.4643 f0_rising_hz= resurgence_db=-0.0927592
* SWEEP COMPLETE res_ff_125c_3.63v
Note: Simulation executed from .control section 
Warning: m=xx on .subckt line will override multiplier m hierarchy!

Note: Starting dynamic gmin stepping
Note: Dynamic gmin stepping completed
Note: Starting dynamic gmin stepping
Note: Dynamic gmin stepping completed
Note: Starting dynamic gmin stepping
Note: Dynamic gmin stepping completed

Error: measure  f0r  when(WHEN) : out of interval
Error: &f0r: no such variable.
Note: Starting dynamic gmin stepping
Note: Dynamic gmin stepping completed
Note: Starting dynamic gmin stepping
Note: Dynamic gmin stepping completed
Note: Starting dynamic gmin stepping
Note: Dynamic gmin stepping completed

Error: measure  f0r  when(WHEN) : out of interval
Error: &f0r: no such variable.
Note: Starting dynamic gmin stepping
Note: Dynamic gmin stepping completed
Note: Starting dynamic gmin stepping
Note: Dynamic gmin stepping completed
Note: Starting dynamic gmin stepping
Note: Dynamic gmin stepping completed

Error: measure  f0r  when(WHEN) : out of interval
Error: &f0r: no such variable.
Note: Starting dynamic gmin stepping
Note: Dynamic gmin stepping completed
Note: Starting dynamic gmin stepping
Note: Dynamic gmin stepping completed
Note: Starting dynamic gmin stepping
Note: Dynamic gmin stepping completed

Error: measure  f0r  when(WHEN) : out of interval
Error: &f0r: no such variable.
Note: Starting dynamic gmin stepping
Note: Dynamic gmin stepping completed
Note: Starting dynamic gmin stepping
Note: Dynamic gmin stepping completed
Note: Starting dynamic gmin stepping
Note: Dynamic gmin stepping completed

Error: measure  f0r  when(WHEN) : out of interval
Error: &f0r: no such variable.
Note: Starting dynamic gmin stepping
Note: Dynamic gmin stepping completed
Note: Starting dynamic gmin stepping
Note: Dynamic gmin stepping completed
Note: Starting dynamic gmin stepping
Note: Dynamic gmin stepping completed

Error: measure  f0r  when(WHEN) : out of interval
Error: &f0r: no such variable.
Note: Starting dynamic gmin stepping
Note: Dynamic gmin stepping completed
Note: Starting dynamic gmin stepping
Note: Dynamic gmin stepping completed
Note: Starting dynamic gmin stepping
Note: Dynamic gmin stepping completed

Error: measure  f0r  when(WHEN) : out of interval
Error: &f0r: no such variable.
Note: Starting dynamic gmin stepping
Note: Dynamic gmin stepping completed
Note: Starting dynamic gmin stepping
Note: Dynamic gmin stepping completed
Note: Starting dynamic gmin stepping
Note: Dynamic gmin stepping completed

Error: measure  f0r  when(WHEN) : out of interval
Error: &f0r: no such variable.
Note: Starting dynamic gmin stepping
Note: Dynamic gmin stepping completed
Note: Starting dynamic gmin stepping
Note: Dynamic gmin stepping completed
Note: Starting dynamic gmin stepping
Note: Dynamic gmin stepping completed

Error: measure  f0r  when(WHEN) : out of interval
Error: &f0r: no such variable.
Note: Starting dynamic gmin stepping
Note: Dynamic gmin stepping completed
Note: Starting dynamic gmin stepping
Note: Dynamic gmin stepping completed
Note: Starting dynamic gmin stepping
Note: Dynamic gmin stepping completed

Error: measure  f0r  when(WHEN) : out of interval
Error: &f0r: no such variable.
Note: Starting dynamic gmin stepping
Note: Dynamic gmin stepping completed
Note: Starting dynamic gmin stepping
Note: Dynamic gmin stepping completed
Note: Starting dynamic gmin stepping
Note: Dynamic gmin stepping completed

Error: measure  f0r  when(WHEN) : out of interval
Error: &f0r: no such variable.
Note: Starting dynamic gmin stepping
Note: Dynamic gmin stepping completed
Note: Starting dynamic gmin stepping
Note: Dynamic gmin stepping completed
Note: Starting dynamic gmin stepping
Note: Dynamic gmin stepping completed

Error: measure  f0r  when(WHEN) : out of interval
Error: &f0r: no such variable.
Note: Starting dynamic gmin stepping
Note: Dynamic gmin stepping completed
Note: Starting dynamic gmin stepping
Note: Dynamic gmin stepping completed
Note: Starting dynamic gmin stepping
Note: Dynamic gmin stepping completed

Error: measure  f0r  when(WHEN) : out of interval
Error: &f0r: no such variable.
Note: Starting dynamic gmin stepping
Note: Dynamic gmin stepping completed
Note: Starting dynamic gmin stepping
Note: Dynamic gmin stepping completed
Note: Starting dynamic gmin stepping
Note: Dynamic gmin stepping completed

Error: measure  f0r  when(WHEN) : out of interval
Error: &f0r: no such variable.
Note: Starting dynamic gmin stepping
Note: Dynamic gmin stepping completed
Note: Starting dynamic gmin stepping
Note: Dynamic gmin stepping completed
Note: Starting dynamic gmin stepping
Note: Dynamic gmin stepping completed

Error: measure  f0r  when(WHEN) : out of interval
Error: &f0r: no such variable.
Note: Starting dynamic gmin stepping
Note: Dynamic gmin stepping completed
Note: Starting dynamic gmin stepping
Note: Dynamic gmin stepping completed
Note: Starting dynamic gmin stepping
Note: Dynamic gmin stepping completed

Error: measure  f0r  when(WHEN) : out of interval
Error: &f0r: no such variable.
Note: Starting dynamic gmin stepping
Note: Dynamic gmin stepping completed
Note: Starting dynamic gmin stepping
Note: Dynamic gmin stepping completed
Note: Starting dynamic gmin stepping
Note: Dynamic gmin stepping completed

Error: measure  f0r  when(WHEN) : out of interval
Error: &f0r: no such variable.
Note: Starting dynamic gmin stepping
Note: Dynamic gmin stepping completed
Note: Starting dynamic gmin stepping
Note: Dynamic gmin stepping completed
Note: Starting dynamic gmin stepping
Note: Dynamic gmin stepping completed

Error: measure  f0r  when(WHEN) : out of interval
Error: &f0r: no such variable.
Note: Starting dynamic gmin stepping
Note: Dynamic gmin stepping completed
Note: Starting dynamic gmin stepping
Note: Dynamic gmin stepping completed
Note: Starting dynamic gmin stepping
Note: Dynamic gmin stepping completed

Error: measure  f0r  when(WHEN) : out of interval
Error: &f0r: no such variable.
Note: Starting dynamic gmin stepping
Note: Dynamic gmin stepping completed
Note: Starting dynamic gmin stepping
Note: Dynamic gmin stepping completed
Note: Starting dynamic gmin stepping
Note: Dynamic gmin stepping completed

Error: measure  f0r  when(WHEN) : out of interval
Error: &f0r: no such variable.
Note: Starting dynamic gmin stepping
Note: Dynamic gmin stepping completed
Note: Starting dynamic gmin stepping
Note: Dynamic gmin stepping completed
Note: Starting dynamic gmin stepping
Note: Dynamic gmin stepping completed

Error: measure  f0r  when(WHEN) : out of interval
Error: &f0r: no such variable.
Note: Starting dynamic gmin stepping
Note: Dynamic gmin stepping completed
Note: Starting dynamic gmin stepping
Note: Dynamic gmin stepping completed
Note: Starting dynamic gmin stepping
Note: Dynamic gmin stepping completed

Error: measure  f0r  when(WHEN) : out of interval
Error: &f0r: no such variable.
Note: Starting dynamic gmin stepping
Note: Dynamic gmin stepping completed
Note: Starting dynamic gmin stepping
Note: Dynamic gmin stepping completed
Note: Starting dynamic gmin stepping
Note: Dynamic gmin stepping completed

Error: measure  f0r  when(WHEN) : out of interval
Error: &f0r: no such variable.
Note: Starting dynamic gmin stepping
Note: Dynamic gmin stepping completed
Note: Starting dynamic gmin stepping
Note: Dynamic gmin stepping completed
Note: Starting dynamic gmin stepping
Note: Dynamic gmin stepping completed

Error: measure  f0r  when(WHEN) : out of interval
Error: &f0r: no such variable.
Note: Starting dynamic gmin stepping
Note: Dynamic gmin stepping completed
Note: Starting dynamic gmin stepping
Note: Dynamic gmin stepping completed
Note: Starting dynamic gmin stepping
Note: Dynamic gmin stepping completed

Error: measure  f0r  when(WHEN) : out of interval
Error: &f0r: no such variable.
Note: Starting dynamic gmin stepping
Note: Dynamic gmin stepping completed
Note: Starting dynamic gmin stepping
Note: Dynamic gmin stepping completed
Note: Starting dynamic gmin stepping
Note: Dynamic gmin stepping completed

Error: measure  f0r  when(WHEN) : out of interval
Error: &f0r: no such variable.
Note: Starting dynamic gmin stepping
Note: Dynamic gmin stepping completed
Note: Starting dynamic gmin stepping
Note: Dynamic gmin stepping completed
Note: Starting dynamic gmin stepping
Note: Dynamic gmin stepping completed

Error: measure  f0r  when(WHEN) : out of interval
Error: &f0r: no such variable.
Note: Starting dynamic gmin stepping
Note: Dynamic gmin stepping completed
Note: Starting dynamic gmin stepping
Note: Dynamic gmin stepping completed
Note: Starting dynamic gmin stepping
Note: Dynamic gmin stepping completed

Error: measure  f0r  when(WHEN) : out of interval
Error: &f0r: no such variable.
Note: Starting dynamic gmin stepping
Note: Dynamic gmin stepping completed
Note: Starting dynamic gmin stepping
Note: Dynamic gmin stepping completed
Note: Starting dynamic gmin stepping
Note: Dynamic gmin stepping completed

Error: measure  f0r  when(WHEN) : out of interval
Error: &f0r: no such variable.
Note: Starting dynamic gmin stepping
Note: Dynamic gmin stepping completed
Note: Starting dynamic gmin stepping
Note: Dynamic gmin stepping completed
Note: Starting dynamic gmin stepping
Note: Dynamic gmin stepping completed

Error: measure  f0r  when(WHEN) : out of interval
Error: &f0r: no such variable.
Note: Starting dynamic gmin stepping
Note: Dynamic gmin stepping completed
Note: Starting dynamic gmin stepping
Note: Dynamic gmin stepping completed
Note: Starting dynamic gmin stepping
Note: Dynamic gmin stepping completed

Error: measure  f0r  when(WHEN) : out of interval
Error: &f0r: no such variable.
Note: Starting dynamic gmin stepping
Note: Dynamic gmin stepping completed
Note: Starting dynamic gmin stepping
Note: Dynamic gmin stepping completed
Note: Starting dynamic gmin stepping
Note: Dynamic gmin stepping completed

Error: measure  f0r  when(WHEN) : out of interval
Error: &f0r: no such variable.
Note: Starting dynamic gmin stepping
Note: Dynamic gmin stepping completed
Note: Starting dynamic gmin stepping
Note: Dynamic gmin stepping completed
Note: Starting dynamic gmin stepping
Note: Dynamic gmin stepping completed

Error: measure  f0r  when(WHEN) : out of interval
Error: &f0r: no such variable.
Note: Starting dynamic gmin stepping
Note: Dynamic gmin stepping completed
Note: Starting dynamic gmin stepping
Note: Dynamic gmin stepping completed
Note: Starting dynamic gmin stepping
Note: Dynamic gmin stepping completed

Error: measure  f0r  when(WHEN) : out of interval
Error: &f0r: no such variable.
Note: Starting dynamic gmin stepping
Note: Dynamic gmin stepping completed
Note: Starting dynamic gmin stepping
Note: Dynamic gmin stepping completed
Note: Starting dynamic gmin stepping
Note: Dynamic gmin stepping completed

Error: measure  f0r  when(WHEN) : out of interval
Error: &f0r: no such variable.
Note: Starting dynamic gmin stepping
Note: Dynamic gmin stepping completed
Note: Starting dynamic gmin stepping
Note: Dynamic gmin stepping completed
Note: Starting dynamic gmin stepping
Note: Dynamic gmin stepping completed

Error: measure  f0r  when(WHEN) : out of interval
Error: &f0r: no such variable.
Note: Starting dynamic gmin stepping
Note: Dynamic gmin stepping completed
Note: Starting dynamic gmin stepping
Note: Dynamic gmin stepping completed
Note: Starting dynamic gmin stepping
Note: Dynamic gmin stepping completed

Error: measure  f0r  when(WHEN) : out of interval
Error: &f0r: no such variable.
Note: Starting dynamic gmin stepping
Note: Dynamic gmin stepping completed
Note: Starting dynamic gmin stepping
Note: Dynamic gmin stepping completed
Note: Starting dynamic gmin stepping
Note: Dynamic gmin stepping completed

Error: measure  f0r  when(WHEN) : out of interval
Error: &f0r: no such variable.
Note: Starting dynamic gmin stepping
Note: Dynamic gmin stepping completed
Note: Starting dynamic gmin stepping
Note: Dynamic gmin stepping completed
Note: Starting dynamic gmin stepping
Note: Dynamic gmin stepping completed

Error: measure  f0r  when(WHEN) : out of interval
Error: &f0r: no such variable.
Note: Starting dynamic gmin stepping
Note: Dynamic gmin stepping completed
Note: Starting dynamic gmin stepping
Note: Dynamic gmin stepping completed
Note: Starting dynamic gmin stepping
Note: Dynamic gmin stepping completed

Error: measure  f0r  when(WHEN) : out of interval
Error: &f0r: no such variable.
Note: Starting dynamic gmin stepping
Note: Dynamic gmin stepping completed
Note: Starting dynamic gmin stepping
Note: Dynamic gmin stepping completed
Note: Starting dynamic gmin stepping
Note: Dynamic gmin stepping completed

Error: measure  f0r  when(WHEN) : out of interval
Error: &f0r: no such variable.
Note: Starting dynamic gmin stepping
Note: Dynamic gmin stepping completed
Note: Starting dynamic gmin stepping
Note: Dynamic gmin stepping completed
Note: Starting dynamic gmin stepping
Note: Dynamic gmin stepping completed

Error: measure  f0r  when(WHEN) : out of interval
Error: &f0r: no such variable.
Note: Starting dynamic gmin stepping
Note: Dynamic gmin stepping completed
Note: Starting dynamic gmin stepping
Note: Dynamic gmin stepping completed
Note: Starting dynamic gmin stepping
Note: Dynamic gmin stepping completed

Error: measure  f0r  when(WHEN) : out of interval
Error: &f0r: no such variable.
Note: Starting dynamic gmin stepping
Note: Dynamic gmin stepping completed
Note: Starting dynamic gmin stepping
Note: Dynamic gmin stepping completed
Note: Starting dynamic gmin stepping
Note: Dynamic gmin stepping completed

Error: measure  f0r  when(WHEN) : out of interval
Error: &f0r: no such variable.
Note: Starting dynamic gmin stepping
Note: Dynamic gmin stepping completed
Note: Starting dynamic gmin stepping
Note: Dynamic gmin stepping completed
Note: Starting dynamic gmin stepping
Note: Dynamic gmin stepping completed

Error: measure  f0r  when(WHEN) : out of interval
Error: &f0r: no such variable.
Note: Starting dynamic gmin stepping
Note: Dynamic gmin stepping completed
Note: Starting dynamic gmin stepping
Note: Dynamic gmin stepping completed
Note: Starting dynamic gmin stepping
Note: Dynamic gmin stepping completed

Error: measure  f0r  when(WHEN) : out of interval
Error: &f0r: no such variable.
Note: Starting dynamic gmin stepping
Note: Dynamic gmin stepping completed
Note: Starting dynamic gmin stepping
Note: Dynamic gmin stepping completed
Note: Starting dynamic gmin stepping
Note: Dynamic gmin stepping completed

Error: measure  f0r  when(WHEN) : out of interval
Error: &f0r: no such variable.
Note: Starting dynamic gmin stepping
Note: Dynamic gmin stepping completed
Note: Starting dynamic gmin stepping
Note: Dynamic gmin stepping completed
Note: Starting dynamic gmin stepping
Note: Dynamic gmin stepping completed

Error: measure  f0r  when(WHEN) : out of interval
Error: &f0r: no such variable.
Note: Starting dynamic gmin stepping
Note: Dynamic gmin stepping completed
Note: Starting dynamic gmin stepping
Note: Dynamic gmin stepping completed
Note: Starting dynamic gmin stepping
Note: Dynamic gmin stepping completed

Error: measure  f0r  when(WHEN) : out of interval
Error: &f0r: no such variable.
Note: Starting dynamic gmin stepping
Note: Dynamic gmin stepping completed
Note: Starting dynamic gmin stepping
Note: Dynamic gmin stepping completed
Note: Starting dynamic gmin stepping
Note: Dynamic gmin stepping completed

Error: measure  f0r  when(WHEN) : out of interval
Error: &f0r: no such variable.
Note: Starting dynamic gmin stepping
Note: Dynamic gmin stepping completed
Note: Starting dynamic gmin stepping
Note: Dynamic gmin stepping completed
Note: Starting dynamic gmin stepping
Note: Dynamic gmin stepping completed

Error: measure  f0r  when(WHEN) : out of interval
Error: &f0r: no such variable.
Note: Starting dynamic gmin stepping
Note: Dynamic gmin stepping completed
Note: Starting dynamic gmin stepping
Note: Dynamic gmin stepping completed
Note: Starting dynamic gmin stepping
Note: Dynamic gmin stepping completed

Error: measure  f0r  when(WHEN) : out of interval
Error: &f0r: no such variable.
Note: Starting dynamic gmin stepping
Note: Dynamic gmin stepping completed
Note: Starting dynamic gmin stepping
Note: Dynamic gmin stepping completed
Note: Starting dynamic gmin stepping
Note: Dynamic gmin stepping completed

Error: measure  f0r  when(WHEN) : out of interval
Error: &f0r: no such variable.
Note: Starting dynamic gmin stepping
Note: Dynamic gmin stepping completed
Note: Starting dynamic gmin stepping
Note: Dynamic gmin stepping completed
Note: Starting dynamic gmin stepping
Note: Dynamic gmin stepping completed

Error: measure  f0r  when(WHEN) : out of interval
Error: &f0r: no such variable.
Note: Starting dynamic gmin stepping
Note: Dynamic gmin stepping completed
Note: Starting dynamic gmin stepping
Note: Dynamic gmin stepping completed
Note: Starting dynamic gmin stepping
Note: Dynamic gmin stepping completed

Error: measure  f0r  when(WHEN) : out of interval
Error: &f0r: no such variable.
Note: Starting dynamic gmin stepping
Note: Dynamic gmin stepping completed
Note: Starting dynamic gmin stepping
Note: Dynamic gmin stepping completed
Note: Starting dynamic gmin stepping
Note: Dynamic gmin stepping completed

Error: measure  f0r  when(WHEN) : out of interval
Error: &f0r: no such variable.
Note: Starting dynamic gmin stepping
Note: Dynamic gmin stepping completed
Note: Starting dynamic gmin stepping
Note: Dynamic gmin stepping completed
Note: Starting dynamic gmin stepping
Note: Dynamic gmin stepping completed

Error: measure  f0r  when(WHEN) : out of interval
Error: &f0r: no such variable.
Note: Starting dynamic gmin stepping
Note: Dynamic gmin stepping completed
Note: Starting dynamic gmin stepping
Note: Dynamic gmin stepping completed
Note: Starting dynamic gmin stepping
Note: Dynamic gmin stepping completed

Error: measure  f0r  when(WHEN) : out of interval
Error: &f0r: no such variable.
Note: Starting dynamic gmin stepping
Note: Dynamic gmin stepping completed
Note: Starting dynamic gmin stepping
Note: Dynamic gmin stepping completed
Note: Starting dynamic gmin stepping
Note: Dynamic gmin stepping completed

Error: measure  f0r  when(WHEN) : out of interval
Error: &f0r: no such variable.
Note: Starting dynamic gmin stepping
Note: Dynamic gmin stepping completed
Note: Starting dynamic gmin stepping
Note: Dynamic gmin stepping completed
Note: Starting dynamic gmin stepping
Note: Dynamic gmin stepping completed

Error: measure  f0r  when(WHEN) : out of interval
Error: &f0r: no such variable.
Note: Starting dynamic gmin stepping
Note: Dynamic gmin stepping completed
Note: Starting dynamic gmin stepping
Note: Dynamic gmin stepping completed
Note: Starting dynamic gmin stepping
Note: Dynamic gmin stepping completed

Error: measure  f0r  when(WHEN) : out of interval
Error: &f0r: no such variable.
Note: Starting dynamic gmin stepping
Note: Dynamic gmin stepping completed
Note: Starting dynamic gmin stepping
Note: Dynamic gmin stepping completed
Note: Starting dynamic gmin stepping
Note: Dynamic gmin stepping completed

Error: measure  f0r  when(WHEN) : out of interval
Error: &f0r: no such variable.
Note: Starting dynamic gmin stepping
Note: Dynamic gmin stepping completed
Note: Starting dynamic gmin stepping
Note: Dynamic gmin stepping completed
Note: Starting dynamic gmin stepping
Note: Dynamic gmin stepping completed

Error: measure  f0r  when(WHEN) : out of interval
Error: &f0r: no such variable.
Note: Starting dynamic gmin stepping
Note: Dynamic gmin stepping completed
Note: Starting dynamic gmin stepping
Note: Dynamic gmin stepping completed
Note: Starting dynamic gmin stepping
Note: Dynamic gmin stepping completed

Error: measure  f0r  when(WHEN) : out of interval
Error: &f0r: no such variable.
Note: Starting dynamic gmin stepping
Note: Dynamic gmin stepping completed
Note: Starting dynamic gmin stepping
Note: Dynamic gmin stepping completed
Note: Starting dynamic gmin stepping
Note: Dynamic gmin stepping completed

Error: measure  f0r  when(WHEN) : out of interval
Error: &f0r: no such variable.
Note: Starting dynamic gmin stepping
Note: Dynamic gmin stepping completed
Note: Starting dynamic gmin stepping
Note: Dynamic gmin stepping completed
Note: Starting dynamic gmin stepping
Note: Dynamic gmin stepping completed

Error: measure  f0r  when(WHEN) : out of interval
Error: &f0r: no such variable.
Note: Starting dynamic gmin stepping
Note: Dynamic gmin stepping completed
Note: Starting dynamic gmin stepping
Note: Dynamic gmin stepping completed
Note: Starting dynamic gmin stepping
Note: Dynamic gmin stepping completed

Error: measure  f0r  when(WHEN) : out of interval
Error: &f0r: no such variable.
Note: Starting dynamic gmin stepping
Note: Dynamic gmin stepping completed
Note: Starting dynamic gmin stepping
Note: Dynamic gmin stepping completed
Note: Starting dynamic gmin stepping
Note: Dynamic gmin stepping completed

Error: measure  f0r  when(WHEN) : out of interval
Error: &f0r: no such variable.
Note: Starting dynamic gmin stepping
Note: Dynamic gmin stepping completed
Note: Starting dynamic gmin stepping
Note: Dynamic gmin stepping completed
Note: Starting dynamic gmin stepping
Note: Dynamic gmin stepping completed

Error: measure  f0r  when(WHEN) : out of interval
Error: &f0r: no such variable.
Note: Starting dynamic gmin stepping
Note: Dynamic gmin stepping completed
Note: Starting dynamic gmin stepping
Note: Dynamic gmin stepping completed
Note: Starting dynamic gmin stepping
Note: Dynamic gmin stepping completed

Error: measure  f0r  when(WHEN) : out of interval
Error: &f0r: no such variable.
Note: Starting dynamic gmin stepping
Note: Dynamic gmin stepping completed
Note: Starting dynamic gmin stepping
Note: Dynamic gmin stepping completed
Note: Starting dynamic gmin stepping
Note: Dynamic gmin stepping completed

Error: measure  f0r  when(WHEN) : out of interval
Error: &f0r: no such variable.
Note: Starting dynamic gmin stepping
Note: Dynamic gmin stepping completed
Note: Starting dynamic gmin stepping
Note: Dynamic gmin stepping completed
Note: Starting dynamic gmin stepping
Note: Dynamic gmin stepping completed

Error: measure  f0r  when(WHEN) : out of interval
Error: &f0r: no such variable.
