
Note: Compatibility modes selected: hs a


Circuit: * loop-stability -- tian dual-injection loop-gain testbench for ldo_core (issue #10)

* corner_id=sf_-40c_2.97v corner=sf temp_c=-40 vin_v=2.97
* ac sweep: dec 400 0.01 1e9 ; Tian dual injection at ERRAMP_OUT->PASS_GATE
* columns: ROW iload_a= ceff_f= esr_ohm= vout_v= dcgain_db= f0_hz= phase_at_f0_deg=
*          f180_hz= gain_at_f180_db= f0_rising_hz= resurgence_db=
* (phase margin = 180 + phase_at_f0_deg ; gain margin = -gain_at_f180_db ;
*  resurgence_db = max |T| in dB above the first 0 dB crossing, DR-0008 ;
*  an empty f180/gain field means the phase never reaches -180 deg in band)
* Fields are written key=value BECAUSE a failed meas leaves its value
* empty: with bare positional fields an empty one vanishes into the
* whitespace and every field after it is read as the wrong quantity.
Doing analysis at TEMP = -40.000000 and TNOM = 27.000000

Using SPARSE 1.3 as Direct Linear Solver
 Reference value :  0.00000e+00
No. of Data Rows : 1
Doing analysis at TEMP = -40.000000 and TNOM = 27.000000

Using SPARSE 1.3 as Direct Linear Solver
 Reference value :  1.70805e-01
No. of Data Rows : 4401
Doing analysis at TEMP = -40.000000 and TNOM = 27.000000

Using SPARSE 1.3 as Direct Linear Solver
 Reference value :  1.00000e-02
No. of Data Rows : 4401
dcg                 =  1.34372e+02
f0                  =  3.33254e+03
phx                 =  -1.45932e+02
f180                =  3.62775e+05
gmx                 =  -5.44572e+01
 meas ac f0r when tdb=0 rise=1 failed!

tres                =  -7.39643e-01 at=  3.50752e+03
ROW iload_a=0 ceff_f=3.3e-07 esr_ohm=0.001 vout_v=1.79948 dcgain_db=134.371 f0_hz=3332.54 phase_at_f0_deg=-145.932 f180_hz=362775 gain_at_f180_db=-54.4572 f0_rising_hz= resurgence_db=-0.739643
Doing analysis at TEMP = -40.000000 and TNOM = 27.000000

Using SPARSE 1.3 as Direct Linear Solver
 Reference value :  0.00000e+00
No. of Data Rows : 1
Doing analysis at TEMP = -40.000000 and TNOM = 27.000000

Using SPARSE 1.3 as Direct Linear Solver
 Reference value :  2.75423e-02
No. of Data Rows : 4401
Doing analysis at TEMP = -40.000000 and TNOM = 27.000000

Using SPARSE 1.3 as Direct Linear Solver
 Reference value :  1.00000e-02
No. of Data Rows : 4401
dcg                 =  1.34372e+02
f0                  =  3.33254e+03
phx                 =  -1.45913e+02
f180                =  3.88875e+05
gmx                 =  -5.56284e+01
 meas ac f0r when tdb=0 rise=1 failed!

tres                =  -7.39644e-01 at=  3.50752e+03
ROW iload_a=0 ceff_f=3.3e-07 esr_ohm=0.05 vout_v=1.79948 dcgain_db=134.371 f0_hz=3332.54 phase_at_f0_deg=-145.913 f180_hz=388875 gain_at_f180_db=-55.6284 f0_rising_hz= resurgence_db=-0.739644
Doing analysis at TEMP = -40.000000 and TNOM = 27.000000

Using SPARSE 1.3 as Direct Linear Solver
 Reference value :  0.00000e+00
No. of Data Rows : 1
Doing analysis at TEMP = -40.000000 and TNOM = 27.000000

Using SPARSE 1.3 as Direct Linear Solver
 Reference value :  1.00000e-02
No. of Data Rows : 4401
Doing analysis at TEMP = -40.000000 and TNOM = 27.000000

Using SPARSE 1.3 as Direct Linear Solver
 Reference value :  1.00000e-02
No. of Data Rows : 4401
dcg                 =  1.34372e+02
f0                  =  3.33254e+03
phx                 =  -1.45854e+02
f180                =  5.22361e+05
gmx                 =  -6.05306e+01
 meas ac f0r when tdb=0 rise=1 failed!

tres                =  -7.39637e-01 at=  3.50752e+03
ROW iload_a=0 ceff_f=3.3e-07 esr_ohm=0.2 vout_v=1.79948 dcgain_db=134.371 f0_hz=3332.54 phase_at_f0_deg=-145.854 f180_hz=522361 gain_at_f180_db=-60.5306 f0_rising_hz= resurgence_db=-0.739637
Doing analysis at TEMP = -40.000000 and TNOM = 27.000000

Using SPARSE 1.3 as Direct Linear Solver
 Reference value :  0.00000e+00
No. of Data Rows : 1
Doing analysis at TEMP = -40.000000 and TNOM = 27.000000

Using SPARSE 1.3 as Direct Linear Solver
 Reference value :  1.34896e-02
No. of Data Rows : 4401
Doing analysis at TEMP = -40.000000 and TNOM = 27.000000

Using SPARSE 1.3 as Direct Linear Solver
 Reference value :  1.00000e-02
No. of Data Rows : 4401
dcg                 =  1.34372e+02
f0                  =  3.33255e+03
phx                 =  -1.45735e+02
f180                =  6.23901e+06
gmx                 =  -8.13736e+01
 meas ac f0r when tdb=0 rise=1 failed!

tres                =  -7.39593e-01 at=  3.50752e+03
ROW iload_a=0 ceff_f=3.3e-07 esr_ohm=0.5 vout_v=1.79948 dcgain_db=134.371 f0_hz=3332.55 phase_at_f0_deg=-145.735 f180_hz=6.23901E+06 gain_at_f180_db=-81.3736 f0_rising_hz= resurgence_db=-0.739594
Doing analysis at TEMP = -40.000000 and TNOM = 27.000000

Using SPARSE 1.3 as Direct Linear Solver
 Reference value :  0.00000e+00
No. of Data Rows : 1
Doing analysis at TEMP = -40.000000 and TNOM = 27.000000

Using SPARSE 1.3 as Direct Linear Solver
 Reference value :  1.00000e-02
No. of Data Rows : 4401
Doing analysis at TEMP = -40.000000 and TNOM = 27.000000

Using SPARSE 1.3 as Direct Linear Solver
 Reference value :  1.00000e-02
No. of Data Rows : 4401
dcg                 =  1.34366e+02
f0                  =  1.79328e+03
phx                 =  -1.59879e+02
f180                =  3.61470e+05
gmx                 =  -6.40379e+01
 meas ac f0r when tdb=0 rise=1 failed!

tres                =  -7.99977e-01 at=  1.88365e+03
ROW iload_a=0 ceff_f=1e-06 esr_ohm=0.001 vout_v=1.79948 dcgain_db=134.366 f0_hz=1793.28 phase_at_f0_deg=-159.88 f180_hz=361470 gain_at_f180_db=-64.0379 f0_rising_hz= resurgence_db=-0.799977
Doing analysis at TEMP = -40.000000 and TNOM = 27.000000

Using SPARSE 1.3 as Direct Linear Solver
 Reference value :  0.00000e+00
No. of Data Rows : 1
Doing analysis at TEMP = -40.000000 and TNOM = 27.000000

Using SPARSE 1.3 as Direct Linear Solver
 Reference value :  3.46737e-02
No. of Data Rows : 4401
Doing analysis at TEMP = -40.000000 and TNOM = 27.000000

Using SPARSE 1.3 as Direct Linear Solver
 Reference value :  1.00000e-02
No. of Data Rows : 4401
dcg                 =  1.34366e+02
f0                  =  1.79328e+03
phx                 =  -1.59848e+02
f180                =  4.62925e+05
gmx                 =  -6.82100e+01
 meas ac f0r when tdb=0 rise=1 failed!

tres                =  -7.99976e-01 at=  1.88365e+03
ROW iload_a=0 ceff_f=1e-06 esr_ohm=0.05 vout_v=1.79948 dcgain_db=134.366 f0_hz=1793.28 phase_at_f0_deg=-159.848 f180_hz=462924 gain_at_f180_db=-68.21 f0_rising_hz= resurgence_db=-0.799976
Doing analysis at TEMP = -40.000000 and TNOM = 27.000000

Using SPARSE 1.3 as Direct Linear Solver
 Reference value :  0.00000e+00
No. of Data Rows : 1
Doing analysis at TEMP = -40.000000 and TNOM = 27.000000

Using SPARSE 1.3 as Direct Linear Solver
 Reference value :  1.00000e-02
No. of Data Rows : 4401
Doing analysis at TEMP = -40.000000 and TNOM = 27.000000

Using SPARSE 1.3 as Direct Linear Solver
 Reference value :  1.00000e-02
No. of Data Rows : 4401
dcg                 =  1.34366e+02
f0                  =  1.79328e+03
phx                 =  -1.59751e+02
f180                =  6.63223e+06
gmx                 =  -8.11122e+01
 meas ac f0r when tdb=0 rise=1 failed!

tres                =  -7.99956e-01 at=  1.88365e+03
ROW iload_a=0 ceff_f=1e-06 esr_ohm=0.2 vout_v=1.79948 dcgain_db=134.366 f0_hz=1793.28 phase_at_f0_deg=-159.751 f180_hz=6.63223E+06 gain_at_f180_db=-81.1122 f0_rising_hz= resurgence_db=-0.799956
Doing analysis at TEMP = -40.000000 and TNOM = 27.000000

Using SPARSE 1.3 as Direct Linear Solver
 Reference value :  0.00000e+00
No. of Data Rows : 1
Doing analysis at TEMP = -40.000000 and TNOM = 27.000000

Using SPARSE 1.3 as Direct Linear Solver
 Reference value :  1.00000e-02
No. of Data Rows : 4401
Doing analysis at TEMP = -40.000000 and TNOM = 27.000000

Using SPARSE 1.3 as Direct Linear Solver
 Reference value :  1.00000e-02
No. of Data Rows : 4401
dcg                 =  1.34366e+02
f0                  =  1.79329e+03
phx                 =  -1.59557e+02
f180                =  6.21826e+06
gmx                 =  -8.12480e+01
 meas ac f0r when tdb=0 rise=1 failed!

tres                =  -7.99833e-01 at=  1.88365e+03
ROW iload_a=0 ceff_f=1e-06 esr_ohm=0.5 vout_v=1.79948 dcgain_db=134.366 f0_hz=1793.29 phase_at_f0_deg=-159.557 f180_hz=6.21826E+06 gain_at_f180_db=-81.248 f0_rising_hz= resurgence_db=-0.799833
Doing analysis at TEMP = -40.000000 and TNOM = 27.000000

Using SPARSE 1.3 as Direct Linear Solver
 Reference value :  0.00000e+00
No. of Data Rows : 1
Doing analysis at TEMP = -40.000000 and TNOM = 27.000000

Using SPARSE 1.3 as Direct Linear Solver
 Reference value :  1.42069e-02
No. of Data Rows : 4401
Doing analysis at TEMP = -40.000000 and TNOM = 27.000000

Using SPARSE 1.3 as Direct Linear Solver
 Reference value :  1.00000e-02
No. of Data Rows : 4401
dcg                 =  1.34247e+02
f0                  =  8.06373e+02
phx                 =  -1.70516e+02
f180                =  3.54343e+05
gmx                 =  -7.72009e+01
 meas ac f0r when tdb=0 rise=1 failed!

tres                =  -9.25179e-01 at=  8.51138e+02
ROW iload_a=0 ceff_f=4.7e-06 esr_ohm=0.001 vout_v=1.79948 dcgain_db=134.247 f0_hz=806.373 phase_at_f0_deg=-170.516 f180_hz=354343 gain_at_f180_db=-77.2009 f0_rising_hz= resurgence_db=-0.925179
Doing analysis at TEMP = -40.000000 and TNOM = 27.000000

Using SPARSE 1.3 as Direct Linear Solver
 Reference value :  0.00000e+00
No. of Data Rows : 1
Doing analysis at TEMP = -40.000000 and TNOM = 27.000000

Using SPARSE 1.3 as Direct Linear Solver
 Reference value :  1.00000e-02
No. of Data Rows : 4401
Doing analysis at TEMP = -40.000000 and TNOM = 27.000000

Using SPARSE 1.3 as Direct Linear Solver
 Reference value :  1.00000e-02
No. of Data Rows : 4401
dcg                 =  1.34247e+02
f0                  =  8.06374e+02
phx                 =  -1.70449e+02
f180                =  6.79580e+06
gmx                 =  -8.10033e+01
 meas ac f0r when tdb=0 rise=1 failed!

tres                =  -9.25173e-01 at=  8.51138e+02
ROW iload_a=0 ceff_f=4.7e-06 esr_ohm=0.05 vout_v=1.79948 dcgain_db=134.247 f0_hz=806.374 phase_at_f0_deg=-170.449 f180_hz=6.7958E+06 gain_at_f180_db=-81.0032 f0_rising_hz= resurgence_db=-0.925173
Doing analysis at TEMP = -40.000000 and TNOM = 27.000000

Using SPARSE 1.3 as Direct Linear Solver
 Reference value :  0.00000e+00
No. of Data Rows : 1
Doing analysis at TEMP = -40.000000 and TNOM = 27.000000

Using SPARSE 1.3 as Direct Linear Solver
 Reference value :  1.00000e-02
No. of Data Rows : 4401
Doing analysis at TEMP = -40.000000 and TNOM = 27.000000

Using SPARSE 1.3 as Direct Linear Solver
 Reference value :  1.00000e-02
No. of Data Rows : 4401
dcg                 =  1.34247e+02
f0                  =  8.06378e+02
phx                 =  -1.70244e+02
f180                =  6.62368e+06
gmx                 =  -8.10733e+01
 meas ac f0r when tdb=0 rise=1 failed!

tres                =  -9.25072e-01 at=  8.51138e+02
ROW iload_a=0 ceff_f=4.7e-06 esr_ohm=0.2 vout_v=1.79948 dcgain_db=134.247 f0_hz=806.378 phase_at_f0_deg=-170.244 f180_hz=6.62368E+06 gain_at_f180_db=-81.0733 f0_rising_hz= resurgence_db=-0.925072
Doing analysis at TEMP = -40.000000 and TNOM = 27.000000

Using SPARSE 1.3 as Direct Linear Solver
 Reference value :  0.00000e+00
No. of Data Rows : 1
Doing analysis at TEMP = -40.000000 and TNOM = 27.000000

Using SPARSE 1.3 as Direct Linear Solver
 Reference value :  1.00000e-02
No. of Data Rows : 4401
Doing analysis at TEMP = -40.000000 and TNOM = 27.000000

Using SPARSE 1.3 as Direct Linear Solver
 Reference value :  1.00000e-02
No. of Data Rows : 4401
dcg                 =  1.34247e+02
f0                  =  8.06402e+02
phx                 =  -1.69834e+02
f180                =  6.21037e+06
gmx                 =  -8.11990e+01
 meas ac f0r when tdb=0 rise=1 failed!

tres                =  -9.24500e-01 at=  8.51138e+02
ROW iload_a=0 ceff_f=4.7e-06 esr_ohm=0.5 vout_v=1.79948 dcgain_db=134.247 f0_hz=806.402 phase_at_f0_deg=-169.834 f180_hz=6.21037E+06 gain_at_f180_db=-81.199 f0_rising_hz= resurgence_db=-0.924501
Doing analysis at TEMP = -40.000000 and TNOM = 27.000000

Using SPARSE 1.3 as Direct Linear Solver
 Reference value :  0.00000e+00
No. of Data Rows : 1
Doing analysis at TEMP = -40.000000 and TNOM = 27.000000

Using SPARSE 1.3 as Direct Linear Solver
 Reference value :  7.80728e+04
No. of Data Rows : 4401
Doing analysis at TEMP = -40.000000 and TNOM = 27.000000

Using SPARSE 1.3 as Direct Linear Solver
 Reference value :  6.06038e+03
No. of Data Rows : 4401
dcg                 =  1.43305e+02
f0                  =  1.14593e+05
phx                 =  -1.30145e+02
f180                =  4.36951e+05
gmx                 =  -1.93401e+01
 meas ac f0r when tdb=0 rise=1 failed!

tres                =  -6.20205e-01 at=  1.20921e+05
ROW iload_a=0.0001 ceff_f=3.3e-07 esr_ohm=0.001 vout_v=1.79948 dcgain_db=143.305 f0_hz=114593 phase_at_f0_deg=-130.145 f180_hz=436951 gain_at_f180_db=-19.3401 f0_rising_hz= resurgence_db=-0.620205
Doing analysis at TEMP = -40.000000 and TNOM = 27.000000

Using SPARSE 1.3 as Direct Linear Solver

No. of Data Rows : 1
Doing analysis at TEMP = -40.000000 and TNOM = 27.000000

Using SPARSE 1.3 as Direct Linear Solver
 Reference value :  1.00000e-02
No. of Data Rows : 4401
Doing analysis at TEMP = -40.000000 and TNOM = 27.000000

Using SPARSE 1.3 as Direct Linear Solver
 Reference value :  1.00000e-02
No. of Data Rows : 4401
dcg                 =  1.43305e+02
f0                  =  1.13657e+05
phx                 =  -1.29716e+02
f180                =  4.65400e+05
gmx                 =  -2.05720e+01
 meas ac f0r when tdb=0 rise=1 failed!

tres                =  -5.83133e-01 at=  1.19536e+05
ROW iload_a=0.0001 ceff_f=3.3e-07 esr_ohm=0.05 vout_v=1.79948 dcgain_db=143.305 f0_hz=113657 phase_at_f0_deg=-129.716 f180_hz=465400 gain_at_f180_db=-20.572 f0_rising_hz= resurgence_db=-0.583133
Doing analysis at TEMP = -40.000000 and TNOM = 27.000000

Using SPARSE 1.3 as Direct Linear Solver
 Reference value :  0.00000e+00
No. of Data Rows : 1
Doing analysis at TEMP = -40.000000 and TNOM = 27.000000

Using SPARSE 1.3 as Direct Linear Solver
 Reference value :  1.52230e+04
No. of Data Rows : 4401
Doing analysis at TEMP = -40.000000 and TNOM = 27.000000

Using SPARSE 1.3 as Direct Linear Solver
 Reference value :  4.59727e-02
No. of Data Rows : 4401
dcg                 =  1.43305e+02
f0                  =  1.13747e+05
phx                 =  -1.27718e+02
f180                =  6.31189e+05
gmx                 =  -2.55621e+01
 meas ac f0r when tdb=0 rise=1 failed!

tres                =  -5.73202e-01 at=  1.19536e+05
ROW iload_a=0.0001 ceff_f=3.3e-07 esr_ohm=0.2 vout_v=1.79948 dcgain_db=143.305 f0_hz=113747 phase_at_f0_deg=-127.718 f180_hz=631189 gain_at_f180_db=-25.5621 f0_rising_hz= resurgence_db=-0.573202
Doing analysis at TEMP = -40.000000 and TNOM = 27.000000

Using SPARSE 1.3 as Direct Linear Solver
 Reference value :  0.00000e+00
No. of Data Rows : 1
Doing analysis at TEMP = -40.000000 and TNOM = 27.000000

Using SPARSE 1.3 as Direct Linear Solver
 Reference value :  7.98914e+03
No. of Data Rows : 4401
Doing analysis at TEMP = -40.000000 and TNOM = 27.000000

Using SPARSE 1.3 as Direct Linear Solver
 Reference value :  1.00000e-02
No. of Data Rows : 4401
dcg                 =  1.43305e+02
f0                  =  1.15210e+05
phx                 =  -1.23533e+02
f180                =  1.45818e+06
gmx                 =  -3.62865e+01
 meas ac f0r when tdb=0 rise=1 failed!

tres                =  -6.19202e-01 at=  1.21619e+05
ROW iload_a=0.0001 ceff_f=3.3e-07 esr_ohm=0.5 vout_v=1.79948 dcgain_db=143.305 f0_hz=115210 phase_at_f0_deg=-123.533 f180_hz=1.45818E+06 gain_at_f180_db=-36.2865 f0_rising_hz= resurgence_db=-0.619202
Doing analysis at TEMP = -40.000000 and TNOM = 27.000000

Using SPARSE 1.3 as Direct Linear Solver
 Reference value :  0.00000e+00
No. of Data Rows : 1
Doing analysis at TEMP = -40.000000 and TNOM = 27.000000

Using SPARSE 1.3 as Direct Linear Solver
 Reference value :  2.78612e+05
No. of Data Rows : 4401
Doing analysis at TEMP = -40.000000 and TNOM = 27.000000

Using SPARSE 1.3 as Direct Linear Solver
 Reference value :  8.51138e+02
No. of Data Rows : 4401
dcg                 =  1.43305e+02
f0                  =  4.08374e+04
phx                 =  -1.06985e+02
f180                =  4.38130e+05
gmx                 =  -2.90149e+01
 meas ac f0r when tdb=0 rise=1 failed!

tres                =  -3.97742e-01 at=  4.29042e+04
ROW iload_a=0.0001 ceff_f=1e-06 esr_ohm=0.001 vout_v=1.79948 dcgain_db=143.305 f0_hz=40837.4 phase_at_f0_deg=-106.985 f180_hz=438130 gain_at_f180_db=-29.0149 f0_rising_hz= resurgence_db=-0.397742
Doing analysis at TEMP = -40.000000 and TNOM = 27.000000

Using SPARSE 1.3 as Direct Linear Solver
 Reference value :  0.00000e+00
No. of Data Rows : 1
Doing analysis at TEMP = -40.000000 and TNOM = 27.000000

Using SPARSE 1.3 as Direct Linear Solver
 Reference value :  9.88553e+03
No. of Data Rows : 4401
Doing analysis at TEMP = -40.000000 and TNOM = 27.000000

Using SPARSE 1.3 as Direct Linear Solver
 Reference value :  1.03514e-01
No. of Data Rows : 4401
dcg                 =  1.43305e+02
f0                  =  4.06077e+04
phx                 =  -1.06535e+02
f180                =  5.61813e+05
gmx                 =  -3.33101e+01
 meas ac f0r when tdb=0 rise=1 failed!

tres                =  -3.97663e-01 at=  4.26580e+04
ROW iload_a=0.0001 ceff_f=1e-06 esr_ohm=0.05 vout_v=1.79948 dcgain_db=143.305 f0_hz=40607.7 phase_at_f0_deg=-106.535 f180_hz=561813 gain_at_f180_db=-33.3101 f0_rising_hz= resurgence_db=-0.397663
Doing analysis at TEMP = -40.000000 and TNOM = 27.000000

Using SPARSE 1.3 as Direct Linear Solver
 Reference value :  0.00000e+00
No. of Data Rows : 1
Doing analysis at TEMP = -40.000000 and TNOM = 27.000000

Using SPARSE 1.3 as Direct Linear Solver
 Reference value :  1.38038e+03
No. of Data Rows : 4401
Doing analysis at TEMP = -40.000000 and TNOM = 27.000000

Using SPARSE 1.3 as Direct Linear Solver
 Reference value :  1.00000e-02
No. of Data Rows : 4401
dcg                 =  1.43305e+02
f0                  =  4.06609e+04
phx                 =  -1.04350e+02
f180                =  1.65244e+06
gmx                 =  -4.66522e+01
 meas ac f0r when tdb=0 rise=1 failed!

tres                =  -4.32519e-01 at=  4.29042e+04
ROW iload_a=0.0001 ceff_f=1e-06 esr_ohm=0.2 vout_v=1.79948 dcgain_db=143.305 f0_hz=40660.9 phase_at_f0_deg=-104.35 f180_hz=1.65244E+06 gain_at_f180_db=-46.6521 f0_rising_hz= resurgence_db=-0.432519
Doing analysis at TEMP = -40.000000 and TNOM = 27.000000

Using SPARSE 1.3 as Direct Linear Solver
 Reference value :  0.00000e+00
No. of Data Rows : 1
Doing analysis at TEMP = -40.000000 and TNOM = 27.000000

Using SPARSE 1.3 as Direct Linear Solver
 Reference value :  2.34423e+04
No. of Data Rows : 4401
Doing analysis at TEMP = -40.000000 and TNOM = 27.000000

Using SPARSE 1.3 as Direct Linear Solver
 Reference value :  1.35675e+00
No. of Data Rows : 4401
dcg                 =  1.43305e+02
f0                  =  4.12043e+04
phx                 =  -9.96883e+01
f180                =  2.10070e+06
gmx                 =  -4.25812e+01
 meas ac f0r when tdb=0 rise=1 failed!

tres                =  -4.11014e-01 at=  4.34010e+04
ROW iload_a=0.0001 ceff_f=1e-06 esr_ohm=0.5 vout_v=1.79948 dcgain_db=143.305 f0_hz=41204.3 phase_at_f0_deg=-99.6883 f180_hz=2.1007E+06 gain_at_f180_db=-42.5812 f0_rising_hz= resurgence_db=-0.411014
Doing analysis at TEMP = -40.000000 and TNOM = 27.000000

Using SPARSE 1.3 as Direct Linear Solver
 Reference value :  0.00000e+00
No. of Data Rows : 1
Doing analysis at TEMP = -40.000000 and TNOM = 27.000000

Using SPARSE 1.3 as Direct Linear Solver
 Reference value :  5.43250e+04
No. of Data Rows : 4401
Doing analysis at TEMP = -40.000000 and TNOM = 27.000000

Using SPARSE 1.3 as Direct Linear Solver
 Reference value :  9.12011e+00
No. of Data Rows : 4401
dcg                 =  1.43305e+02
f0                  =  9.43768e+03
phx                 =  -1.26142e+02
f180                =  4.44929e+05
gmx                 =  -4.27171e+01
 meas ac f0r when tdb=0 rise=1 failed!

tres                =  -5.93367e-01 at=  9.94260e+03
ROW iload_a=0.0001 ceff_f=4.7e-06 esr_ohm=0.001 vout_v=1.79948 dcgain_db=143.305 f0_hz=9437.68 phase_at_f0_deg=-126.141 f180_hz=444929 gain_at_f180_db=-42.7171 f0_rising_hz= resurgence_db=-0.593367
Doing analysis at TEMP = -40.000000 and TNOM = 27.000000

Using SPARSE 1.3 as Direct Linear Solver

No. of Data Rows : 1
Doing analysis at TEMP = -40.000000 and TNOM = 27.000000

Using SPARSE 1.3 as Direct Linear Solver
 Reference value :  1.00000e-02
No. of Data Rows : 4401
Doing analysis at TEMP = -40.000000 and TNOM = 27.000000

Using SPARSE 1.3 as Direct Linear Solver
 Reference value :  1.00000e-02
No. of Data Rows : 4401
dcg                 =  1.43305e+02
f0                  =  9.41883e+03
phx                 =  -1.25595e+02
f180                =  1.83591e+06
gmx                 =  -6.04548e+01
 meas ac f0r when tdb=0 rise=1 failed!

tres                =  -6.17270e-01 at=  9.94260e+03
ROW iload_a=0.0001 ceff_f=4.7e-06 esr_ohm=0.05 vout_v=1.79948 dcgain_db=143.305 f0_hz=9418.83 phase_at_f0_deg=-125.595 f180_hz=1.83591E+06 gain_at_f180_db=-60.4548 f0_rising_hz= resurgence_db=-0.61727
Doing analysis at TEMP = -40.000000 and TNOM = 27.000000

Using SPARSE 1.3 as Direct Linear Solver
 Reference value :  0.00000e+00
No. of Data Rows : 1
Doing analysis at TEMP = -40.000000 and TNOM = 27.000000

Using SPARSE 1.3 as Direct Linear Solver
 Reference value :  9.49511e+02
No. of Data Rows : 4401
Doing analysis at TEMP = -40.000000 and TNOM = 27.000000

Using SPARSE 1.3 as Direct Linear Solver
 Reference value :  6.45654e-02
No. of Data Rows : 4401
dcg                 =  1.43305e+02
f0                  =  9.42907e+03
phx                 =  -1.23174e+02
f180                =  2.24934e+06
gmx                 =  -5.17691e+01
 meas ac f0r when tdb=0 rise=1 failed!

tres                =  -6.03323e-01 at=  9.94260e+03
ROW iload_a=0.0001 ceff_f=4.7e-06 esr_ohm=0.2 vout_v=1.79948 dcgain_db=143.305 f0_hz=9429.07 phase_at_f0_deg=-123.174 f180_hz=2.24934E+06 gain_at_f180_db=-51.7691 f0_rising_hz= resurgence_db=-0.603323
Doing analysis at TEMP = -40.000000 and TNOM = 27.000000

Using SPARSE 1.3 as Direct Linear Solver
 Reference value :  0.00000e+00
No. of Data Rows : 1
Doing analysis at TEMP = -40.000000 and TNOM = 27.000000

Using SPARSE 1.3 as Direct Linear Solver
 Reference value :  1.11558e+08
No. of Data Rows : 4401
Doing analysis at TEMP = -40.000000 and TNOM = 27.000000

Using SPARSE 1.3 as Direct Linear Solver
 Reference value :  7.98914e+02
No. of Data Rows : 4401
dcg                 =  1.43305e+02
f0                  =  9.50744e+03
phx                 =  -1.17966e+02
f180                =  2.30560e+06
gmx                 =  -4.40713e+01
 meas ac f0r when tdb=0 rise=1 failed!

tres                =  -5.64735e-01 at=  1.00000e+04
ROW iload_a=0.0001 ceff_f=4.7e-06 esr_ohm=0.5 vout_v=1.79948 dcgain_db=143.305 f0_hz=9507.44 phase_at_f0_deg=-117.966 f180_hz=2.3056E+06 gain_at_f180_db=-44.0713 f0_rising_hz= resurgence_db=-0.564735
Doing analysis at TEMP = -40.000000 and TNOM = 27.000000

Using SPARSE 1.3 as Direct Linear Solver
 Reference value :  0.00000e+00
No. of Data Rows : 1
Doing analysis at TEMP = -40.000000 and TNOM = 27.000000

Using SPARSE 1.3 as Direct Linear Solver
 Reference value :  7.41310e+01
No. of Data Rows : 4401
Doing analysis at TEMP = -40.000000 and TNOM = 27.000000

Using SPARSE 1.3 as Direct Linear Solver
 Reference value :  1.00000e-02
No. of Data Rows : 4401
dcg                 =  1.43553e+02
f0                  =  3.22223e+05
phx                 =  -1.39678e+02
f180                =  6.82640e+05
gmx                 =  -9.87345e+00
 meas ac f0r when tdb=0 rise=1 failed!

tres                =  -5.66273e-01 at=  3.38844e+05
ROW iload_a=0.001 ceff_f=3.3e-07 esr_ohm=0.001 vout_v=1.79948 dcgain_db=143.553 f0_hz=322223 phase_at_f0_deg=-139.678 f180_hz=682640 gain_at_f180_db=-9.87345 f0_rising_hz= resurgence_db=-0.566273
Doing analysis at TEMP = -40.000000 and TNOM = 27.000000

Using SPARSE 1.3 as Direct Linear Solver
 Reference value :  0.00000e+00
No. of Data Rows : 1
Doing analysis at TEMP = -40.000000 and TNOM = 27.000000

Using SPARSE 1.3 as Direct Linear Solver
 Reference value :  6.09537e+00
No. of Data Rows : 4401
Doing analysis at TEMP = -40.000000 and TNOM = 27.000000

Using SPARSE 1.3 as Direct Linear Solver
 Reference value :  1.00000e-02
No. of Data Rows : 4401
dcg                 =  1.43553e+02
f0                  =  3.22360e+05
phx                 =  -1.37821e+02
f180                =  7.28581e+05
gmx                 =  -1.08777e+01
 meas ac f0r when tdb=0 rise=1 failed!

tres                =  -5.61008e-01 at=  3.38844e+05
ROW iload_a=0.001 ceff_f=3.3e-07 esr_ohm=0.05 vout_v=1.79948 dcgain_db=143.553 f0_hz=322360 phase_at_f0_deg=-137.821 f180_hz=728581 gain_at_f180_db=-10.8777 f0_rising_hz= resurgence_db=-0.561008
Doing analysis at TEMP = -40.000000 and TNOM = 27.000000

Using SPARSE 1.3 as Direct Linear Solver
 Reference value :  0.00000e+00
No. of Data Rows : 1
Doing analysis at TEMP = -40.000000 and TNOM = 27.000000

Using SPARSE 1.3 as Direct Linear Solver
 Reference value :  8.26990e+00
No. of Data Rows : 4401
Doing analysis at TEMP = -40.000000 and TNOM = 27.000000

Using SPARSE 1.3 as Direct Linear Solver
 Reference value :  1.00000e-02
No. of Data Rows : 4401
dcg                 =  1.43553e+02
f0                  =  3.24469e+05
phx                 =  -1.32350e+02
f180                =  9.31123e+05
gmx                 =  -1.44653e+01
 meas ac f0r when tdb=0 rise=1 failed!

tres                =  -5.46252e-01 at=  3.40800e+05
ROW iload_a=0.001 ceff_f=3.3e-07 esr_ohm=0.2 vout_v=1.79948 dcgain_db=143.553 f0_hz=324469 phase_at_f0_deg=-132.35 f180_hz=931123 gain_at_f180_db=-14.4653 f0_rising_hz= resurgence_db=-0.546252
Doing analysis at TEMP = -40.000000 and TNOM = 27.000000

Using SPARSE 1.3 as Direct Linear Solver
 Reference value :  0.00000e+00
No. of Data Rows : 1
Doing analysis at TEMP = -40.000000 and TNOM = 27.000000

Using SPARSE 1.3 as Direct Linear Solver
 Reference value :  1.85140e+01
No. of Data Rows : 4401
Doing analysis at TEMP = -40.000000 and TNOM = 27.000000

Using SPARSE 1.3 as Direct Linear Solver
 Reference value :  1.00000e-02
No. of Data Rows : 4401
dcg                 =  1.43553e+02
f0                  =  3.36837e+05
phx                 =  -1.22378e+02
f180                =  1.51741e+06
gmx                 =  -1.94211e+01
 meas ac f0r when tdb=0 rise=1 failed!

tres                =  -5.44206e-01 at=  3.54813e+05
ROW iload_a=0.001 ceff_f=3.3e-07 esr_ohm=0.5 vout_v=1.79948 dcgain_db=143.553 f0_hz=336837 phase_at_f0_deg=-122.378 f180_hz=1.51740E+06 gain_at_f180_db=-19.4211 f0_rising_hz= resurgence_db=-0.544206
Doing analysis at TEMP = -40.000000 and TNOM = 27.000000

Using SPARSE 1.3 as Direct Linear Solver
 Reference value :  0.00000e+00
No. of Data Rows : 1
Doing analysis at TEMP = -40.000000 and TNOM = 27.000000

Using SPARSE 1.3 as Direct Linear Solver
 Reference value :  2.63027e+00
No. of Data Rows : 4401
Doing analysis at TEMP = -40.000000 and TNOM = 27.000000

Using SPARSE 1.3 as Direct Linear Solver
 Reference value :  1.00000e-02
No. of Data Rows : 4401
dcg                 =  1.43553e+02
f0                  =  1.19619e+05
phx                 =  -1.12544e+02
f180                =  6.84340e+05
gmx                 =  -1.95389e+01
 meas ac f0r when tdb=0 rise=1 failed!

tres                =  -4.49259e-01 at=  1.25893e+05
ROW iload_a=0.001 ceff_f=1e-06 esr_ohm=0.001 vout_v=1.79948 dcgain_db=143.553 f0_hz=119619 phase_at_f0_deg=-112.544 f180_hz=684340 gain_at_f180_db=-19.5389 f0_rising_hz= resurgence_db=-0.449259
Doing analysis at TEMP = -40.000000 and TNOM = 27.000000

Using SPARSE 1.3 as Direct Linear Solver
 Reference value :  0.00000e+00
No. of Data Rows : 1
Doing analysis at TEMP = -40.000000 and TNOM = 27.000000

Using SPARSE 1.3 as Direct Linear Solver
 Reference value :  2.16272e+02
No. of Data Rows : 4401
Doing analysis at TEMP = -40.000000 and TNOM = 27.000000

Using SPARSE 1.3 as Direct Linear Solver
 Reference value :  1.00000e-02
No. of Data Rows : 4401
dcg                 =  1.43553e+02
f0                  =  1.19701e+05
phx                 =  -1.10443e+02
f180                =  8.53475e+05
gmx                 =  -2.28610e+01
 meas ac f0r when tdb=0 rise=1 failed!

tres                =  -4.42626e-01 at=  1.25893e+05
ROW iload_a=0.001 ceff_f=1e-06 esr_ohm=0.05 vout_v=1.79948 dcgain_db=143.553 f0_hz=119701 phase_at_f0_deg=-110.443 f180_hz=853475 gain_at_f180_db=-22.861 f0_rising_hz= resurgence_db=-0.442626
Doing analysis at TEMP = -40.000000 and TNOM = 27.000000

Using SPARSE 1.3 as Direct Linear Solver
 Reference value :  0.00000e+00
No. of Data Rows : 1
Doing analysis at TEMP = -40.000000 and TNOM = 27.000000

Using SPARSE 1.3 as Direct Linear Solver
 Reference value :  1.75792e+00
No. of Data Rows : 4401
Doing analysis at TEMP = -40.000000 and TNOM = 27.000000

Using SPARSE 1.3 as Direct Linear Solver
 Reference value :  1.00000e-02
No. of Data Rows : 4401
dcg                 =  1.43553e+02
f0                  =  1.20973e+05
phx                 =  -1.04100e+02
f180                =  1.65658e+06
gmx                 =  -2.91539e+01
 meas ac f0r when tdb=0 rise=1 failed!

tres                =  -4.41714e-01 at=  1.27350e+05
ROW iload_a=0.001 ceff_f=1e-06 esr_ohm=0.2 vout_v=1.79948 dcgain_db=143.553 f0_hz=120973 phase_at_f0_deg=-104.1 f180_hz=1.65658E+06 gain_at_f180_db=-29.1539 f0_rising_hz= resurgence_db=-0.441714
Doing analysis at TEMP = -40.000000 and TNOM = 27.000000

Using SPARSE 1.3 as Direct Linear Solver
 Reference value :  0.00000e+00
No. of Data Rows : 1
Doing analysis at TEMP = -40.000000 and TNOM = 27.000000

Using SPARSE 1.3 as Direct Linear Solver
 Reference value :  1.71791e+00
No. of Data Rows : 4401
Doing analysis at TEMP = -40.000000 and TNOM = 27.000000

Using SPARSE 1.3 as Direct Linear Solver
 Reference value :  1.00000e-02
No. of Data Rows : 4401
dcg                 =  1.43553e+02
f0                  =  1.28900e+05
phx                 =  -9.16455e+01
f180                =  2.05118e+06
gmx                 =  -2.52110e+01
 meas ac f0r when tdb=0 rise=1 failed!

tres                =  -3.89874e-01 at=  1.35675e+05
ROW iload_a=0.001 ceff_f=1e-06 esr_ohm=0.5 vout_v=1.79948 dcgain_db=143.553 f0_hz=128900 phase_at_f0_deg=-91.6455 f180_hz=2.05118E+06 gain_at_f180_db=-25.211 f0_rising_hz= resurgence_db=-0.389874
Doing analysis at TEMP = -40.000000 and TNOM = 27.000000

Using SPARSE 1.3 as Direct Linear Solver
 Reference value :  0.00000e+00
No. of Data Rows : 1
Doing analysis at TEMP = -40.000000 and TNOM = 27.000000

Using SPARSE 1.3 as Direct Linear Solver
 Reference value :  9.66051e+00
No. of Data Rows : 4401
Doing analysis at TEMP = -40.000000 and TNOM = 27.000000

Using SPARSE 1.3 as Direct Linear Solver
 Reference value :  1.00000e-02
No. of Data Rows : 4401
dcg                 =  1.43553e+02
f0                  =  2.64875e+04
phx                 =  -1.23770e+02
f180                =  6.94271e+05
gmx                 =  -3.32049e+01
 meas ac f0r when tdb=0 rise=1 failed!

tres                =  -5.42790e-01 at=  2.78612e+04
ROW iload_a=0.001 ceff_f=4.7e-06 esr_ohm=0.001 vout_v=1.79948 dcgain_db=143.553 f0_hz=26487.5 phase_at_f0_deg=-123.77 f180_hz=694271 gain_at_f180_db=-33.2049 f0_rising_hz= resurgence_db=-0.54279
Doing analysis at TEMP = -40.000000 and TNOM = 27.000000

Using SPARSE 1.3 as Direct Linear Solver
 Reference value :  0.00000e+00
No. of Data Rows : 1
Doing analysis at TEMP = -40.000000 and TNOM = 27.000000

Using SPARSE 1.3 as Direct Linear Solver
 Reference value :  2.45471e+00
No. of Data Rows : 4401
Doing analysis at TEMP = -40.000000 and TNOM = 27.000000

Using SPARSE 1.3 as Direct Linear Solver
 Reference value :  1.00000e-02
No. of Data Rows : 4401
dcg                 =  1.43553e+02
f0                  =  2.65034e+04
phx                 =  -1.21557e+02
f180                =  1.76187e+06
gmx                 =  -4.23849e+01
 meas ac f0r when tdb=0 rise=1 failed!

tres                =  -5.35617e-01 at=  2.78612e+04
ROW iload_a=0.001 ceff_f=4.7e-06 esr_ohm=0.05 vout_v=1.79948 dcgain_db=143.553 f0_hz=26503.4 phase_at_f0_deg=-121.557 f180_hz=1.76187E+06 gain_at_f180_db=-42.3849 f0_rising_hz= resurgence_db=-0.535617
Doing analysis at TEMP = -40.000000 and TNOM = 27.000000

Using SPARSE 1.3 as Direct Linear Solver
 Reference value :  0.00000e+00
No. of Data Rows : 1
Doing analysis at TEMP = -40.000000 and TNOM = 27.000000

Using SPARSE 1.3 as Direct Linear Solver
 Reference value :  9.17276e+00
No. of Data Rows : 4401
Doing analysis at TEMP = -40.000000 and TNOM = 27.000000

Using SPARSE 1.3 as Direct Linear Solver
 Reference value :  1.00000e-02
No. of Data Rows : 4401
dcg                 =  1.43553e+02
f0                  =  2.67487e+04
phx                 =  -1.14566e+02
f180                =  2.17019e+06
gmx                 =  -3.41525e+01
 meas ac f0r when tdb=0 rise=1 failed!

tres                =  -5.46546e-01 at=  2.81838e+04
ROW iload_a=0.001 ceff_f=4.7e-06 esr_ohm=0.2 vout_v=1.79948 dcgain_db=143.553 f0_hz=26748.7 phase_at_f0_deg=-114.566 f180_hz=2.17018E+06 gain_at_f180_db=-34.1525 f0_rising_hz= resurgence_db=-0.546546
Doing analysis at TEMP = -40.000000 and TNOM = 27.000000

Using SPARSE 1.3 as Direct Linear Solver
 Reference value :  0.00000e+00
No. of Data Rows : 1
Doing analysis at TEMP = -40.000000 and TNOM = 27.000000

Using SPARSE 1.3 as Direct Linear Solver
 Reference value :  1.34896e+00
No. of Data Rows : 4401
Doing analysis at TEMP = -40.000000 and TNOM = 27.000000

Using SPARSE 1.3 as Direct Linear Solver
 Reference value :  1.00000e-02
No. of Data Rows : 4401
dcg                 =  1.43553e+02
f0                  =  2.82675e+04
phx                 =  -9.93909e+01
f180                =  2.24404e+06
gmx                 =  -2.67765e+01
 meas ac f0r when tdb=0 rise=1 failed!

tres                =  -4.43077e-01 at=  2.96825e+04
ROW iload_a=0.001 ceff_f=4.7e-06 esr_ohm=0.5 vout_v=1.79948 dcgain_db=143.553 f0_hz=28267.5 phase_at_f0_deg=-99.3909 f180_hz=2.24404E+06 gain_at_f180_db=-26.7765 f0_rising_hz= resurgence_db=-0.443077
Doing analysis at TEMP = -40.000000 and TNOM = 27.000000

Using SPARSE 1.3 as Direct Linear Solver
 Reference value :  0.00000e+00
No. of Data Rows : 1
Doing analysis at TEMP = -40.000000 and TNOM = 27.000000

Using SPARSE 1.3 as Direct Linear Solver
 Reference value :  1.44544e+06
No. of Data Rows : 4401
Doing analysis at TEMP = -40.000000 and TNOM = 27.000000

Using SPARSE 1.3 as Direct Linear Solver
 Reference value :  2.12569e+05
No. of Data Rows : 4401
dcg                 =  1.42221e+02
f0                  =  6.13429e+05
phx                 =  -1.65920e+02
f180                =  7.59937e+05
gmx                 =  -3.00817e+00
 meas ac f0r when tdb=0 rise=1 failed!

tres                =  -6.85618e-01 at=  6.45654e+05
ROW iload_a=0.01 ceff_f=3.3e-07 esr_ohm=0.001 vout_v=1.79948 dcgain_db=142.221 f0_hz=613429 phase_at_f0_deg=-165.92 f180_hz=759937 gain_at_f180_db=-3.00817 f0_rising_hz= resurgence_db=-0.685618
Doing analysis at TEMP = -40.000000 and TNOM = 27.000000

Using SPARSE 1.3 as Direct Linear Solver

No. of Data Rows : 1
Doing analysis at TEMP = -40.000000 and TNOM = 27.000000

Using SPARSE 1.3 as Direct Linear Solver
 Reference value :  1.00000e-02
No. of Data Rows : 4401
Doing analysis at TEMP = -40.000000 and TNOM = 27.000000

Using SPARSE 1.3 as Direct Linear Solver
 Reference value :  1.00000e-02
No. of Data Rows : 4401
dcg                 =  1.42221e+02
f0                  =  6.14229e+05
phx                 =  -1.62437e+02
f180                =  8.11989e+05
gmx                 =  -3.98897e+00
 meas ac f0r when tdb=0 rise=1 failed!

tres                =  -6.66602e-01 at=  6.45654e+05
ROW iload_a=0.01 ceff_f=3.3e-07 esr_ohm=0.05 vout_v=1.79948 dcgain_db=142.221 f0_hz=614228 phase_at_f0_deg=-162.437 f180_hz=811988 gain_at_f180_db=-3.98897 f0_rising_hz= resurgence_db=-0.666602
Doing analysis at TEMP = -40.000000 and TNOM = 27.000000

Using SPARSE 1.3 as Direct Linear Solver
 Reference value :  0.00000e+00
No. of Data Rows : 1
Doing analysis at TEMP = -40.000000 and TNOM = 27.000000

Using SPARSE 1.3 as Direct Linear Solver
 Reference value :  5.78762e+06
No. of Data Rows : 4401
Doing analysis at TEMP = -40.000000 and TNOM = 27.000000

Using SPARSE 1.3 as Direct Linear Solver
 Reference value :  2.57040e+05
No. of Data Rows : 4401
dcg                 =  1.42221e+02
f0                  =  6.26567e+05
phx                 =  -1.52821e+02
f180                =  1.03390e+06
gmx                 =  -7.34193e+00
 meas ac f0r when tdb=0 rise=1 failed!

tres                =  -6.88596e-01 at=  6.60693e+05
ROW iload_a=0.01 ceff_f=3.3e-07 esr_ohm=0.2 vout_v=1.79948 dcgain_db=142.221 f0_hz=626567 phase_at_f0_deg=-152.821 f180_hz=1.0339E+06 gain_at_f180_db=-7.34194 f0_rising_hz= resurgence_db=-0.688596
Doing analysis at TEMP = -40.000000 and TNOM = 27.000000

Using SPARSE 1.3 as Direct Linear Solver

No. of Data Rows : 1
Doing analysis at TEMP = -40.000000 and TNOM = 27.000000

Using SPARSE 1.3 as Direct Linear Solver
 Reference value :  1.00000e-02
No. of Data Rows : 4401
Doing analysis at TEMP = -40.000000 and TNOM = 27.000000

Using SPARSE 1.3 as Direct Linear Solver
 Reference value :  1.00000e-02
No. of Data Rows : 4401
dcg                 =  1.42221e+02
f0                  =  7.01469e+05
phx                 =  -1.38681e+02
f180                =  1.60946e+06
gmx                 =  -1.13045e+01
 meas ac f0r when tdb=0 rise=1 failed!

tres                =  -5.62707e-01 at=  7.37055e+05
ROW iload_a=0.01 ceff_f=3.3e-07 esr_ohm=0.5 vout_v=1.79948 dcgain_db=142.221 f0_hz=701469 phase_at_f0_deg=-138.681 f180_hz=1.60946E+06 gain_at_f180_db=-11.3045 f0_rising_hz= resurgence_db=-0.562707
Doing analysis at TEMP = -40.000000 and TNOM = 27.000000

Using SPARSE 1.3 as Direct Linear Solver
 Reference value :  0.00000e+00
No. of Data Rows : 1
Doing analysis at TEMP = -40.000000 and TNOM = 27.000000

Using SPARSE 1.3 as Direct Linear Solver
 Reference value :  5.15822e+06
No. of Data Rows : 4401
Doing analysis at TEMP = -40.000000 and TNOM = 27.000000

Using SPARSE 1.3 as Direct Linear Solver
 Reference value :  5.37032e+04
No. of Data Rows : 4401
dcg                 =  1.42221e+02
f0                  =  2.56325e+05
phx                 =  -1.28700e+02
f180                =  7.61633e+05
gmx                 =  -1.26569e+01
 meas ac f0r when tdb=0 rise=1 failed!

tres                =  -4.75116e-01 at=  2.69153e+05
ROW iload_a=0.01 ceff_f=1e-06 esr_ohm=0.001 vout_v=1.79948 dcgain_db=142.221 f0_hz=256325 phase_at_f0_deg=-128.7 f180_hz=761633 gain_at_f180_db=-12.6569 f0_rising_hz= resurgence_db=-0.475116
Doing analysis at TEMP = -40.000000 and TNOM = 27.000000

Using SPARSE 1.3 as Direct Linear Solver

No. of Data Rows : 1
Doing analysis at TEMP = -40.000000 and TNOM = 27.000000

Using SPARSE 1.3 as Direct Linear Solver
 Reference value :  1.00000e-02
No. of Data Rows : 4401
Doing analysis at TEMP = -40.000000 and TNOM = 27.000000

Using SPARSE 1.3 as Direct Linear Solver
 Reference value :  1.00000e-02
No. of Data Rows : 4401
dcg                 =  1.42221e+02
f0                  =  2.57053e+05
phx                 =  -1.24248e+02
f180                =  9.50962e+05
gmx                 =  -1.58449e+01
 meas ac f0r when tdb=0 rise=1 failed!

tres                =  -5.00775e-01 at=  2.70707e+05
ROW iload_a=0.01 ceff_f=1e-06 esr_ohm=0.05 vout_v=1.79948 dcgain_db=142.221 f0_hz=257053 phase_at_f0_deg=-124.248 f180_hz=950962 gain_at_f180_db=-15.8449 f0_rising_hz= resurgence_db=-0.500775
Doing analysis at TEMP = -40.000000 and TNOM = 27.000000

Using SPARSE 1.3 as Direct Linear Solver
 Reference value :  0.00000e+00
No. of Data Rows : 1
Doing analysis at TEMP = -40.000000 and TNOM = 27.000000

Using SPARSE 1.3 as Direct Linear Solver

No. of Data Rows : 4401
Doing analysis at TEMP = -40.000000 and TNOM = 27.000000

Using SPARSE 1.3 as Direct Linear Solver
 Reference value :  1.00000e-02
No. of Data Rows : 4401
dcg                 =  1.42221e+02
f0                  =  2.68935e+05
phx                 =  -1.11396e+02
f180                =  1.73918e+06
gmx                 =  -2.08410e+01
 meas ac f0r when tdb=0 rise=1 failed!

tres                =  -4.67405e-01 at=  2.83465e+05
ROW iload_a=0.01 ceff_f=1e-06 esr_ohm=0.2 vout_v=1.79948 dcgain_db=142.221 f0_hz=268935 phase_at_f0_deg=-111.396 f180_hz=1.73918E+06 gain_at_f180_db=-20.841 f0_rising_hz= resurgence_db=-0.467405
Doing analysis at TEMP = -40.000000 and TNOM = 27.000000

Using SPARSE 1.3 as Direct Linear Solver
 Reference value :  0.00000e+00
No. of Data Rows : 1
Doing analysis at TEMP = -40.000000 and TNOM = 27.000000

Using SPARSE 1.3 as Direct Linear Solver
 Reference value :  2.96825e+06
No. of Data Rows : 4401
Doing analysis at TEMP = -40.000000 and TNOM = 27.000000

Using SPARSE 1.3 as Direct Linear Solver
 Reference value :  1.04713e+04
No. of Data Rows : 4401
dcg                 =  1.42221e+02
f0                  =  3.70666e+05
phx                 =  -9.13094e+01
f180                =  2.12262e+06
gmx                 =  -1.67111e+01
 meas ac f0r when tdb=0 rise=1 failed!

tres                =  -3.00376e-01 at=  3.91291e+05
ROW iload_a=0.01 ceff_f=1e-06 esr_ohm=0.5 vout_v=1.79948 dcgain_db=142.221 f0_hz=370666 phase_at_f0_deg=-91.3094 f180_hz=2.12262E+06 gain_at_f180_db=-16.7111 f0_rising_hz= resurgence_db=-0.300376
Doing analysis at TEMP = -40.000000 and TNOM = 27.000000

Using SPARSE 1.3 as Direct Linear Solver

No. of Data Rows : 1
Doing analysis at TEMP = -40.000000 and TNOM = 27.000000

Using SPARSE 1.3 as Direct Linear Solver
 Reference value :  1.00000e-02
No. of Data Rows : 4401
Doing analysis at TEMP = -40.000000 and TNOM = 27.000000

Using SPARSE 1.3 as Direct Linear Solver
 Reference value :  1.00000e-02
No. of Data Rows : 4401
dcg                 =  1.42221e+02
f0                  =  6.25464e+04
phx                 =  -1.23738e+02
f180                =  7.72817e+05
gmx                 =  -2.63110e+01
 meas ac f0r when tdb=0 rise=1 failed!

tres                =  -5.03418e-01 at=  6.56901e+04
ROW iload_a=0.01 ceff_f=4.7e-06 esr_ohm=0.001 vout_v=1.79948 dcgain_db=142.221 f0_hz=62546.4 phase_at_f0_deg=-123.738 f180_hz=772817 gain_at_f180_db=-26.311 f0_rising_hz= resurgence_db=-0.503418
Doing analysis at TEMP = -40.000000 and TNOM = 27.000000

Using SPARSE 1.3 as Direct Linear Solver
 Reference value :  0.00000e+00
No. of Data Rows : 1
Doing analysis at TEMP = -40.000000 and TNOM = 27.000000

Using SPARSE 1.3 as Direct Linear Solver
 Reference value :  4.98310e+06
No. of Data Rows : 4401
Doing analysis at TEMP = -40.000000 and TNOM = 27.000000

Using SPARSE 1.3 as Direct Linear Solver
 Reference value :  2.34423e+07
No. of Data Rows : 4401
dcg                 =  1.42221e+02
f0                  =  6.27659e+04
phx                 =  -1.18495e+02
f180                =  1.84017e+06
gmx                 =  -3.39846e+01
 meas ac f0r when tdb=0 rise=1 failed!

tres                =  -5.21868e-01 at=  6.60693e+04
ROW iload_a=0.01 ceff_f=4.7e-06 esr_ohm=0.05 vout_v=1.79948 dcgain_db=142.221 f0_hz=62765.9 phase_at_f0_deg=-118.495 f180_hz=1.84017E+06 gain_at_f180_db=-33.9846 f0_rising_hz= resurgence_db=-0.521868
Doing analysis at TEMP = -40.000000 and TNOM = 27.000000

Using SPARSE 1.3 as Direct Linear Solver

No. of Data Rows : 1
Doing analysis at TEMP = -40.000000 and TNOM = 27.000000

Using SPARSE 1.3 as Direct Linear Solver
 Reference value :  1.00000e-02
No. of Data Rows : 4401
Doing analysis at TEMP = -40.000000 and TNOM = 27.000000

Using SPARSE 1.3 as Direct Linear Solver
 Reference value :  1.00000e-02
No. of Data Rows : 4401
dcg                 =  1.42221e+02
f0                  =  6.64384e+04
phx                 =  -1.01529e+02
f180                =  2.23709e+06
gmx                 =  -2.55699e+01
 meas ac f0r when tdb=0 rise=1 failed!

tres                =  -4.62412e-01 at=  6.99842e+04
ROW iload_a=0.01 ceff_f=4.7e-06 esr_ohm=0.2 vout_v=1.79948 dcgain_db=142.221 f0_hz=66438.4 phase_at_f0_deg=-101.529 f180_hz=2.23709E+06 gain_at_f180_db=-25.5699 f0_rising_hz= resurgence_db=-0.462412
Doing analysis at TEMP = -40.000000 and TNOM = 27.000000

Using SPARSE 1.3 as Direct Linear Solver
 Reference value :  0.00000e+00
No. of Data Rows : 1
Doing analysis at TEMP = -40.000000 and TNOM = 27.000000

Using SPARSE 1.3 as Direct Linear Solver
 Reference value :  2.88403e+07
No. of Data Rows : 4401
Doing analysis at TEMP = -40.000000 and TNOM = 27.000000

Using SPARSE 1.3 as Direct Linear Solver
 Reference value :  1.49624e+04
No. of Data Rows : 4401
dcg                 =  1.42221e+02
f0                  =  1.13372e+05
phx                 =  -5.99548e+01
f180                =  2.31367e+06
gmx                 =  -1.82299e+01
 meas ac f0r when tdb=0 rise=1 failed!

tres                =  -1.51002e-01 at=  1.19536e+05
ROW iload_a=0.01 ceff_f=4.7e-06 esr_ohm=0.5 vout_v=1.79948 dcgain_db=142.221 f0_hz=113372 phase_at_f0_deg=-59.9548 f180_hz=2.31367E+06 gain_at_f180_db=-18.2299 f0_rising_hz= resurgence_db=-0.151002
Doing analysis at TEMP = -40.000000 and TNOM = 27.000000

Using SPARSE 1.3 as Direct Linear Solver

No. of Data Rows : 1
Doing analysis at TEMP = -40.000000 and TNOM = 27.000000

Using SPARSE 1.3 as Direct Linear Solver
 Reference value :  1.00000e-02
No. of Data Rows : 4401
Doing analysis at TEMP = -40.000000 and TNOM = 27.000000

Using SPARSE 1.3 as Direct Linear Solver
 Reference value :  1.00000e-02
No. of Data Rows : 4401
dcg                 =  1.40506e+02
f0                  =  7.34411e+05
phx                 =  -1.80228e+02
f180                =  7.31959e+05
gmx                 =  4.99713e-02
 meas ac f0r when tdb=0 rise=1 failed!

tres                =  -7.53420e-01 at=  7.71792e+05
ROW iload_a=0.025 ceff_f=3.3e-07 esr_ohm=0.001 vout_v=1.79948 dcgain_db=140.506 f0_hz=734411 phase_at_f0_deg=-180.228 f180_hz=731959 gain_at_f180_db=0.0499713 f0_rising_hz= resurgence_db=-0.75342
Doing analysis at TEMP = -40.000000 and TNOM = 27.000000

Using SPARSE 1.3 as Direct Linear Solver
 Reference value :  0.00000e+00
No. of Data Rows : 1
Doing analysis at TEMP = -40.000000 and TNOM = 27.000000

Using SPARSE 1.3 as Direct Linear Solver
 Reference value :  1.70805e+04
No. of Data Rows : 4401
Doing analysis at TEMP = -40.000000 and TNOM = 27.000000

Using SPARSE 1.3 as Direct Linear Solver
 Reference value :  9.27897e-02
No. of Data Rows : 4401
dcg                 =  1.40506e+02
f0                  =  7.35193e+05
phx                 =  -1.76171e+02
f180                =  7.79707e+05
gmx                 =  -8.92200e-01
 meas ac f0r when tdb=0 rise=1 failed!

tres                =  -8.23673e-01 at=  7.76247e+05
ROW iload_a=0.025 ceff_f=3.3e-07 esr_ohm=0.05 vout_v=1.79948 dcgain_db=140.506 f0_hz=735193 phase_at_f0_deg=-176.171 f180_hz=779706 gain_at_f180_db=-0.8922 f0_rising_hz= resurgence_db=-0.823673
Doing analysis at TEMP = -40.000000 and TNOM = 27.000000

Using SPARSE 1.3 as Direct Linear Solver
 Reference value :  0.00000e+00
No. of Data Rows : 1
Doing analysis at TEMP = -40.000000 and TNOM = 27.000000

Using SPARSE 1.3 as Direct Linear Solver
 Reference value :  3.95822e+03
No. of Data Rows : 4401
Doing analysis at TEMP = -40.000000 and TNOM = 27.000000

Using SPARSE 1.3 as Direct Linear Solver
 Reference value :  6.91831e-02
No. of Data Rows : 4401
dcg                 =  1.40506e+02
f0                  =  7.53765e+05
phx                 =  -1.64945e+02
f180                =  9.88895e+05
gmx                 =  -4.19749e+00
 meas ac f0r when tdb=0 rise=1 failed!

tres                =  -7.66195e-01 at=  7.94328e+05
ROW iload_a=0.025 ceff_f=3.3e-07 esr_ohm=0.2 vout_v=1.79948 dcgain_db=140.506 f0_hz=753766 phase_at_f0_deg=-164.945 f180_hz=988895 gain_at_f180_db=-4.19749 f0_rising_hz= resurgence_db=-0.766195
Doing analysis at TEMP = -40.000000 and TNOM = 27.000000

Using SPARSE 1.3 as Direct Linear Solver
 Reference value :  0.00000e+00
No. of Data Rows : 1
Doing analysis at TEMP = -40.000000 and TNOM = 27.000000

Using SPARSE 1.3 as Direct Linear Solver
 Reference value :  5.27837e+02
No. of Data Rows : 4401
Doing analysis at TEMP = -40.000000 and TNOM = 27.000000

Using SPARSE 1.3 as Direct Linear Solver
 Reference value :  1.00000e-02
No. of Data Rows : 4401
dcg                 =  1.40506e+02
f0                  =  8.63077e+05
phx                 =  -1.50317e+02
f180                =  1.53719e+06
gmx                 =  -8.21935e+00
 meas ac f0r when tdb=0 rise=1 failed!

tres                =  -6.28470e-01 at=  9.06776e+05
ROW iload_a=0.025 ceff_f=3.3e-07 esr_ohm=0.5 vout_v=1.79948 dcgain_db=140.506 f0_hz=863076 phase_at_f0_deg=-150.317 f180_hz=1.53719E+06 gain_at_f180_db=-8.21935 f0_rising_hz= resurgence_db=-0.62847
Doing analysis at TEMP = -40.000000 and TNOM = 27.000000

Using SPARSE 1.3 as Direct Linear Solver
 Reference value :  0.00000e+00
No. of Data Rows : 1
Doing analysis at TEMP = -40.000000 and TNOM = 27.000000

Using SPARSE 1.3 as Direct Linear Solver
 Reference value :  1.48765e+03
No. of Data Rows : 4401
Doing analysis at TEMP = -40.000000 and TNOM = 27.000000

Using SPARSE 1.3 as Direct Linear Solver
 Reference value :  1.00577e-02
No. of Data Rows : 4401
dcg                 =  1.40506e+02
f0                  =  3.37174e+05
phx                 =  -1.39289e+02
f180                =  7.33170e+05
gmx                 =  -9.58263e+00
 meas ac f0r when tdb=0 rise=1 failed!

tres                =  -5.38956e-01 at=  3.54813e+05
ROW iload_a=0.025 ceff_f=1e-06 esr_ohm=0.001 vout_v=1.79948 dcgain_db=140.506 f0_hz=337174 phase_at_f0_deg=-139.289 f180_hz=733170 gain_at_f180_db=-9.58263 f0_rising_hz= resurgence_db=-0.538956
Doing analysis at TEMP = -40.000000 and TNOM = 27.000000

Using SPARSE 1.3 as Direct Linear Solver
 Reference value :  0.00000e+00
No. of Data Rows : 1
Doing analysis at TEMP = -40.000000 and TNOM = 27.000000

Using SPARSE 1.3 as Direct Linear Solver
 Reference value :  4.31519e+04
No. of Data Rows : 4401
Doing analysis at TEMP = -40.000000 and TNOM = 27.000000

Using SPARSE 1.3 as Direct Linear Solver
 Reference value :  8.60994e-01
No. of Data Rows : 4401
dcg                 =  1.40506e+02
f0                  =  3.38606e+05
phx                 =  -1.33576e+02
f180                =  9.09796e+05
gmx                 =  -1.26862e+01
 meas ac f0r when tdb=0 rise=1 failed!

tres                =  -5.50725e-01 at=  3.56862e+05
ROW iload_a=0.025 ceff_f=1e-06 esr_ohm=0.05 vout_v=1.79948 dcgain_db=140.506 f0_hz=338606 phase_at_f0_deg=-133.576 f180_hz=909796 gain_at_f180_db=-12.6862 f0_rising_hz= resurgence_db=-0.550725
Doing analysis at TEMP = -40.000000 and TNOM = 27.000000

Using SPARSE 1.3 as Direct Linear Solver
 Reference value :  0.00000e+00
No. of Data Rows : 1
Doing analysis at TEMP = -40.000000 and TNOM = 27.000000

Using SPARSE 1.3 as Direct Linear Solver
 Reference value :  2.00678e+04
No. of Data Rows : 4401
Doing analysis at TEMP = -40.000000 and TNOM = 27.000000

Using SPARSE 1.3 as Direct Linear Solver
 Reference value :  3.50752e-01
No. of Data Rows : 4401
dcg                 =  1.40506e+02
f0                  =  3.64180e+05
phx                 =  -1.17830e+02
f180                =  1.66771e+06
gmx                 =  -1.78146e+01
 meas ac f0r when tdb=0 rise=1 failed!

tres                =  -5.05374e-01 at=  3.84592e+05
ROW iload_a=0.025 ceff_f=1e-06 esr_ohm=0.2 vout_v=1.79948 dcgain_db=140.506 f0_hz=364180 phase_at_f0_deg=-117.83 f180_hz=1.66771E+06 gain_at_f180_db=-17.8146 f0_rising_hz= resurgence_db=-0.505374
Doing analysis at TEMP = -40.000000 and TNOM = 27.000000

Using SPARSE 1.3 as Direct Linear Solver
 Reference value :  0.00000e+00
No. of Data Rows : 1
Doing analysis at TEMP = -40.000000 and TNOM = 27.000000

Using SPARSE 1.3 as Direct Linear Solver
 Reference value :  5.40132e+04
No. of Data Rows : 4401
Doing analysis at TEMP = -40.000000 and TNOM = 27.000000

Using SPARSE 1.3 as Direct Linear Solver
 Reference value :  2.21309e-01
No. of Data Rows : 4401
dcg                 =  1.40506e+02
f0                  =  5.83049e+05
phx                 =  -1.04434e+02
f180                =  2.04039e+06
gmx                 =  -1.37204e+01
 meas ac f0r when tdb=0 rise=1 failed!

tres                =  -3.29430e-01 at=  6.13056e+05
ROW iload_a=0.025 ceff_f=1e-06 esr_ohm=0.5 vout_v=1.79948 dcgain_db=140.506 f0_hz=583049 phase_at_f0_deg=-104.434 f180_hz=2.04039E+06 gain_at_f180_db=-13.7204 f0_rising_hz= resurgence_db=-0.329431
Doing analysis at TEMP = -40.000000 and TNOM = 27.000000

Using SPARSE 1.3 as Direct Linear Solver
 Reference value :  0.00000e+00
No. of Data Rows : 1
Doing analysis at TEMP = -40.000000 and TNOM = 27.000000

Using SPARSE 1.3 as Direct Linear Solver
 Reference value :  8.91251e+04
No. of Data Rows : 4401
Doing analysis at TEMP = -40.000000 and TNOM = 27.000000

Using SPARSE 1.3 as Direct Linear Solver
 Reference value :  6.53131e+00
No. of Data Rows : 4401
dcg                 =  1.40506e+02
f0                  =  8.43780e+04
phx                 =  -1.22644e+02
f180                =  7.43606e+05
gmx                 =  -2.32264e+01
 meas ac f0r when tdb=0 rise=1 failed!

tres                =  -4.85598e-01 at=  8.86135e+04
ROW iload_a=0.025 ceff_f=4.7e-06 esr_ohm=0.001 vout_v=1.79948 dcgain_db=140.506 f0_hz=84378 phase_at_f0_deg=-122.644 f180_hz=743606 gain_at_f180_db=-23.2264 f0_rising_hz= resurgence_db=-0.485598
Doing analysis at TEMP = -40.000000 and TNOM = 27.000000

Using SPARSE 1.3 as Direct Linear Solver
 Reference value :  0.00000e+00
No. of Data Rows : 1
Doing analysis at TEMP = -40.000000 and TNOM = 27.000000

Using SPARSE 1.3 as Direct Linear Solver
 Reference value :  1.06537e+06
No. of Data Rows : 4401
Doing analysis at TEMP = -40.000000 and TNOM = 27.000000

Using SPARSE 1.3 as Direct Linear Solver
 Reference value :  5.62341e-01
No. of Data Rows : 4401
dcg                 =  1.40506e+02
f0                  =  8.49395e+04
phx                 =  -1.15604e+02
f180                =  1.76383e+06
gmx                 =  -3.09397e+01
 meas ac f0r when tdb=0 rise=1 failed!

tres                =  -5.25507e-01 at=  8.96396e+04
ROW iload_a=0.025 ceff_f=4.7e-06 esr_ohm=0.05 vout_v=1.79948 dcgain_db=140.506 f0_hz=84939.5 phase_at_f0_deg=-115.604 f180_hz=1.76383E+06 gain_at_f180_db=-30.9397 f0_rising_hz= resurgence_db=-0.525507
Doing analysis at TEMP = -40.000000 and TNOM = 27.000000

Using SPARSE 1.3 as Direct Linear Solver
 Reference value :  0.00000e+00
No. of Data Rows : 1
Doing analysis at TEMP = -40.000000 and TNOM = 27.000000

Using SPARSE 1.3 as Direct Linear Solver
 Reference value :  1.02329e+04
No. of Data Rows : 4401
Doing analysis at TEMP = -40.000000 and TNOM = 27.000000

Using SPARSE 1.3 as Direct Linear Solver
 Reference value :  1.93865e-01
No. of Data Rows : 4401
dcg                 =  1.40506e+02
f0                  =  9.51616e+04
phx                 =  -9.26357e+01
f180                =  2.15772e+06
gmx                 =  -2.26220e+01
 meas ac f0r when tdb=0 rise=1 failed!

tres                =  -3.75167e-01 at=  1.00000e+05
ROW iload_a=0.025 ceff_f=4.7e-06 esr_ohm=0.2 vout_v=1.79948 dcgain_db=140.506 f0_hz=95161.6 phase_at_f0_deg=-92.6357 f180_hz=2.15772E+06 gain_at_f180_db=-22.622 f0_rising_hz= resurgence_db=-0.375167
Doing analysis at TEMP = -40.000000 and TNOM = 27.000000

Using SPARSE 1.3 as Direct Linear Solver
 Reference value :  0.00000e+00
No. of Data Rows : 1
Doing analysis at TEMP = -40.000000 and TNOM = 27.000000

Using SPARSE 1.3 as Direct Linear Solver
 Reference value :  2.73842e+04
No. of Data Rows : 4401
Doing analysis at TEMP = -40.000000 and TNOM = 27.000000

Using SPARSE 1.3 as Direct Linear Solver
 Reference value :  1.96110e-01
No. of Data Rows : 4401
dcg                 =  1.40506e+02
f0                  =  4.37965e+05
phx                 =  -6.92878e+01
f180                =  2.22724e+06
gmx                 =  -1.52451e+01
 meas ac f0r when tdb=0 rise=1 failed!

tres                =  -1.69343e-01 at=  4.62381e+05
ROW iload_a=0.025 ceff_f=4.7e-06 esr_ohm=0.5 vout_v=1.79948 dcgain_db=140.506 f0_hz=437965 phase_at_f0_deg=-69.2878 f180_hz=2.22724E+06 gain_at_f180_db=-15.245 f0_rising_hz= resurgence_db=-0.169343
Doing analysis at TEMP = -40.000000 and TNOM = 27.000000

Using SPARSE 1.3 as Direct Linear Solver
 Reference value :  0.00000e+00
No. of Data Rows : 1
Doing analysis at TEMP = -40.000000 and TNOM = 27.000000

Using SPARSE 1.3 as Direct Linear Solver
 Reference value :  2.55564e+05
No. of Data Rows : 4401
Doing analysis at TEMP = -40.000000 and TNOM = 27.000000

Using SPARSE 1.3 as Direct Linear Solver
 Reference value :  6.87860e+00
No. of Data Rows : 4401
dcg                 =  1.38455e+02
f0                  =  8.32169e+05
phx                 =  -1.90325e+02
f180                =  7.18945e+05
gmx                 =  2.26921e+00
 meas ac f0r when tdb=0 rise=1 failed!

tres                =  -8.42445e-01 at=  8.75992e+05
ROW iload_a=0.05 ceff_f=3.3e-07 esr_ohm=0.001 vout_v=1.79948 dcgain_db=138.455 f0_hz=832169 phase_at_f0_deg=-190.324 f180_hz=718945 gain_at_f180_db=2.26921 f0_rising_hz= resurgence_db=-0.842445
Doing analysis at TEMP = -40.000000 and TNOM = 27.000000

Using SPARSE 1.3 as Direct Linear Solver
 Reference value :  0.00000e+00
No. of Data Rows : 1
Doing analysis at TEMP = -40.000000 and TNOM = 27.000000

Using SPARSE 1.3 as Direct Linear Solver
 Reference value :  2.05353e+03
No. of Data Rows : 4401
Doing analysis at TEMP = -40.000000 and TNOM = 27.000000

Using SPARSE 1.3 as Direct Linear Solver
 Reference value :  1.00000e-02
No. of Data Rows : 4401
dcg                 =  1.38455e+02
f0                  =  8.33712e+05
phx                 =  -1.85645e+02
f180                =  7.66435e+05
gmx                 =  1.32525e+00
 meas ac f0r when tdb=0 rise=1 failed!

tres                =  -8.09305e-01 at=  8.75992e+05
ROW iload_a=0.05 ceff_f=3.3e-07 esr_ohm=0.05 vout_v=1.79948 dcgain_db=138.455 f0_hz=833712 phase_at_f0_deg=-185.644 f180_hz=766436 gain_at_f180_db=1.32525 f0_rising_hz= resurgence_db=-0.809305
Doing analysis at TEMP = -40.000000 and TNOM = 27.000000

Using SPARSE 1.3 as Direct Linear Solver
 Reference value :  0.00000e+00
No. of Data Rows : 1
Doing analysis at TEMP = -40.000000 and TNOM = 27.000000

Using SPARSE 1.3 as Direct Linear Solver
 Reference value :  3.73680e+03
No. of Data Rows : 4401
Doing analysis at TEMP = -40.000000 and TNOM = 27.000000

Using SPARSE 1.3 as Direct Linear Solver
 Reference value :  1.65006e-02
No. of Data Rows : 4401
dcg                 =  1.38455e+02
f0                  =  8.58496e+05
phx                 =  -1.73225e+02
f180                =  9.67453e+05
gmx                 =  -1.90773e+00
 meas ac f0r when tdb=0 rise=1 failed!

tres                =  -7.68273e-01 at=  9.01571e+05
ROW iload_a=0.05 ceff_f=3.3e-07 esr_ohm=0.2 vout_v=1.79948 dcgain_db=138.455 f0_hz=858496 phase_at_f0_deg=-173.225 f180_hz=967454 gain_at_f180_db=-1.90773 f0_rising_hz= resurgence_db=-0.768273
Doing analysis at TEMP = -40.000000 and TNOM = 27.000000

Using SPARSE 1.3 as Direct Linear Solver
 Reference value :  0.00000e+00
No. of Data Rows : 1
Doing analysis at TEMP = -40.000000 and TNOM = 27.000000

Using SPARSE 1.3 as Direct Linear Solver
 Reference value :  1.07152e+04
No. of Data Rows : 4401
Doing analysis at TEMP = -40.000000 and TNOM = 27.000000

Using SPARSE 1.3 as Direct Linear Solver
 Reference value :  2.20039e-01
No. of Data Rows : 4401
dcg                 =  1.38455e+02
f0                  =  1.00045e+06
phx                 =  -1.58608e+02
f180                =  1.49550e+06
gmx                 =  -5.89372e+00
 meas ac f0r when tdb=0 rise=1 failed!

tres                =  -7.00573e-01 at=  1.05317e+06
ROW iload_a=0.05 ceff_f=3.3e-07 esr_ohm=0.5 vout_v=1.79948 dcgain_db=138.455 f0_hz=1.00045E+06 phase_at_f0_deg=-158.608 f180_hz=1.4955E+06 gain_at_f180_db=-5.89372 f0_rising_hz= resurgence_db=-0.700573
Doing analysis at TEMP = -40.000000 and TNOM = 27.000000

Using SPARSE 1.3 as Direct Linear Solver
 Reference value :  0.00000e+00
No. of Data Rows : 1
Doing analysis at TEMP = -40.000000 and TNOM = 27.000000

Using SPARSE 1.3 as Direct Linear Solver
 Reference value :  7.71792e+03
No. of Data Rows : 4401
Doing analysis at TEMP = -40.000000 and TNOM = 27.000000

Using SPARSE 1.3 as Direct Linear Solver
 Reference value :  7.67361e-02
No. of Data Rows : 4401
dcg                 =  1.38455e+02
f0                  =  4.06167e+05
phx                 =  -1.47725e+02
f180                =  7.19495e+05
gmx                 =  -7.34265e+00
 meas ac f0r when tdb=0 rise=1 failed!

tres                =  -5.55906e-01 at=  4.26580e+05
ROW iload_a=0.05 ceff_f=1e-06 esr_ohm=0.001 vout_v=1.79948 dcgain_db=138.455 f0_hz=406167 phase_at_f0_deg=-147.725 f180_hz=719495 gain_at_f180_db=-7.34265 f0_rising_hz= resurgence_db=-0.555906
Doing analysis at TEMP = -40.000000 and TNOM = 27.000000

Using SPARSE 1.3 as Direct Linear Solver
 Reference value :  0.00000e+00
No. of Data Rows : 1
Doing analysis at TEMP = -40.000000 and TNOM = 27.000000

Using SPARSE 1.3 as Direct Linear Solver
 Reference value :  1.09018e+04
No. of Data Rows : 4401
Doing analysis at TEMP = -40.000000 and TNOM = 27.000000

Using SPARSE 1.3 as Direct Linear Solver
 Reference value :  1.00000e-02
No. of Data Rows : 4401
dcg                 =  1.38455e+02
f0                  =  4.08667e+05
phx                 =  -1.40836e+02
f180                =  8.91075e+05
gmx                 =  -1.04013e+01
 meas ac f0r when tdb=0 rise=1 failed!

tres                =  -6.10873e-01 at=  4.31519e+05
ROW iload_a=0.05 ceff_f=1e-06 esr_ohm=0.05 vout_v=1.79948 dcgain_db=138.455 f0_hz=408667 phase_at_f0_deg=-140.836 f180_hz=891075 gain_at_f180_db=-10.4013 f0_rising_hz= resurgence_db=-0.610873
Doing analysis at TEMP = -40.000000 and TNOM = 27.000000

Using SPARSE 1.3 as Direct Linear Solver
 Reference value :  0.00000e+00
No. of Data Rows : 1
Doing analysis at TEMP = -40.000000 and TNOM = 27.000000

Using SPARSE 1.3 as Direct Linear Solver
 Reference value :  2.46888e+08
No. of Data Rows : 4401
Doing analysis at TEMP = -40.000000 and TNOM = 27.000000

Using SPARSE 1.3 as Direct Linear Solver
 Reference value :  4.24131e+03
No. of Data Rows : 4401
dcg                 =  1.38455e+02
f0                  =  4.51072e+05
phx                 =  -1.23257e+02
f180                =  1.62365e+06
gmx                 =  -1.54891e+01
 meas ac f0r when tdb=0 rise=1 failed!

tres                =  -5.16559e-01 at=  4.75883e+05
ROW iload_a=0.05 ceff_f=1e-06 esr_ohm=0.2 vout_v=1.79948 dcgain_db=138.455 f0_hz=451072 phase_at_f0_deg=-123.257 f180_hz=1.62365E+06 gain_at_f180_db=-15.4891 f0_rising_hz= resurgence_db=-0.516559
Doing analysis at TEMP = -40.000000 and TNOM = 27.000000

Using SPARSE 1.3 as Direct Linear Solver

No. of Data Rows : 1
Doing analysis at TEMP = -40.000000 and TNOM = 27.000000

Using SPARSE 1.3 as Direct Linear Solver
 Reference value :  1.00000e-02
No. of Data Rows : 4401
Doing analysis at TEMP = -40.000000 and TNOM = 27.000000

Using SPARSE 1.3 as Direct Linear Solver
 Reference value :  1.00000e-02
No. of Data Rows : 4401
dcg                 =  1.38455e+02
f0                  =  7.66646e+05
phx                 =  -1.17444e+02
f180                =  1.98951e+06
gmx                 =  -1.14333e+01
 meas ac f0r when tdb=0 rise=1 failed!

tres                =  -4.33350e-01 at=  8.08165e+05
ROW iload_a=0.05 ceff_f=1e-06 esr_ohm=0.5 vout_v=1.79948 dcgain_db=138.455 f0_hz=766646 phase_at_f0_deg=-117.444 f180_hz=1.98951E+06 gain_at_f180_db=-11.4333 f0_rising_hz= resurgence_db=-0.43335
Doing analysis at TEMP = -40.000000 and TNOM = 27.000000

Using SPARSE 1.3 as Direct Linear Solver
 Reference value :  0.00000e+00
No. of Data Rows : 1
Doing analysis at TEMP = -40.000000 and TNOM = 27.000000

Using SPARSE 1.3 as Direct Linear Solver
 Reference value :  3.19890e+02
No. of Data Rows : 4401
Doing analysis at TEMP = -40.000000 and TNOM = 27.000000

Using SPARSE 1.3 as Direct Linear Solver
 Reference value :  1.00000e-02
No. of Data Rows : 4401
dcg                 =  1.38455e+02
f0                  =  1.04549e+05
phx                 =  -1.22300e+02
f180                =  7.29322e+05
gmx                 =  -2.09740e+01
 meas ac f0r when tdb=0 rise=1 failed!

tres                =  -5.17994e-01 at=  1.10281e+05
ROW iload_a=0.05 ceff_f=4.7e-06 esr_ohm=0.001 vout_v=1.79948 dcgain_db=138.455 f0_hz=104549 phase_at_f0_deg=-122.3 f180_hz=729322 gain_at_f180_db=-20.974 f0_rising_hz= resurgence_db=-0.517994
Doing analysis at TEMP = -40.000000 and TNOM = 27.000000

Using SPARSE 1.3 as Direct Linear Solver
 Reference value :  0.00000e+00
No. of Data Rows : 1
Doing analysis at TEMP = -40.000000 and TNOM = 27.000000

Using SPARSE 1.3 as Direct Linear Solver
 Reference value :  1.79887e+04
No. of Data Rows : 4401
Doing analysis at TEMP = -40.000000 and TNOM = 27.000000

Using SPARSE 1.3 as Direct Linear Solver
 Reference value :  1.57580e+00
No. of Data Rows : 4401
dcg                 =  1.38455e+02
f0                  =  1.05647e+05
phx                 =  -1.13581e+02
f180                =  1.71822e+06
gmx                 =  -2.86173e+01
 meas ac f0r when tdb=0 rise=1 failed!

tres                =  -5.15869e-01 at=  1.11558e+05
ROW iload_a=0.05 ceff_f=4.7e-06 esr_ohm=0.05 vout_v=1.79948 dcgain_db=138.455 f0_hz=105647 phase_at_f0_deg=-113.581 f180_hz=1.71822E+06 gain_at_f180_db=-28.6173 f0_rising_hz= resurgence_db=-0.515869
Doing analysis at TEMP = -40.000000 and TNOM = 27.000000

Using SPARSE 1.3 as Direct Linear Solver
 Reference value :  0.00000e+00
No. of Data Rows : 1
Doing analysis at TEMP = -40.000000 and TNOM = 27.000000

Using SPARSE 1.3 as Direct Linear Solver
 Reference value :  8.31764e+04
No. of Data Rows : 4401
Doing analysis at TEMP = -40.000000 and TNOM = 27.000000

Using SPARSE 1.3 as Direct Linear Solver
 Reference value :  2.00678e+01
No. of Data Rows : 4401
dcg                 =  1.38455e+02
f0                  =  1.28041e+05
phx                 =  -8.53532e+01
f180                =  2.10610e+06
gmx                 =  -2.03309e+01
 meas ac f0r when tdb=0 rise=1 failed!

tres                =  -3.27337e-01 at=  1.34896e+05
ROW iload_a=0.05 ceff_f=4.7e-06 esr_ohm=0.2 vout_v=1.79948 dcgain_db=138.455 f0_hz=128042 phase_at_f0_deg=-85.3532 f180_hz=2.1061E+06 gain_at_f180_db=-20.3309 f0_rising_hz= resurgence_db=-0.327337
Doing analysis at TEMP = -40.000000 and TNOM = 27.000000

Using SPARSE 1.3 as Direct Linear Solver
 Reference value :  0.00000e+00
No. of Data Rows : 1
Doing analysis at TEMP = -40.000000 and TNOM = 27.000000

Using SPARSE 1.3 as Direct Linear Solver
 Reference value :  2.33077e+04
No. of Data Rows : 4401
Doing analysis at TEMP = -40.000000 and TNOM = 27.000000

Using SPARSE 1.3 as Direct Linear Solver
 Reference value :  1.75792e-01
No. of Data Rows : 4401
dcg                 =  1.38455e+02
f0                  =  6.92910e+05
phx                 =  -9.35484e+01
f180                =  2.17319e+06
gmx                 =  -1.29592e+01
 meas ac f0r when tdb=0 rise=1 failed!

tres                =  -3.09742e-01 at=  7.28618e+05
ROW iload_a=0.05 ceff_f=4.7e-06 esr_ohm=0.5 vout_v=1.79948 dcgain_db=138.455 f0_hz=692910 phase_at_f0_deg=-93.5484 f180_hz=2.17319E+06 gain_at_f180_db=-12.9592 f0_rising_hz= resurgence_db=-0.309743
* SWEEP COMPLETE sf_-40c_2.97v
Note: Simulation executed from .control section 
Warning: m=xx on .subckt line will override multiplier m hierarchy!

Note: Starting dynamic gmin stepping
Warning: Dynamic gmin stepping failed
Note: Starting true gmin stepping
Note: True gmin stepping completed
Note: Starting dynamic gmin stepping
Warning: Dynamic gmin stepping failed
Note: Starting true gmin stepping
Note: True gmin stepping completed
Note: Starting dynamic gmin stepping
Warning: Dynamic gmin stepping failed
Note: Starting true gmin stepping
Note: True gmin stepping completed

Error: measure  f0r  when(WHEN) : out of interval
Error: &f0r: no such variable.
Note: Starting dynamic gmin stepping
Warning: Dynamic gmin stepping failed
Note: Starting true gmin stepping
Note: True gmin stepping completed
Note: Starting dynamic gmin stepping
Warning: Dynamic gmin stepping failed
Note: Starting true gmin stepping
Note: True gmin stepping completed
Note: Starting dynamic gmin stepping
Warning: Dynamic gmin stepping failed
Note: Starting true gmin stepping
Note: True gmin stepping completed

Error: measure  f0r  when(WHEN) : out of interval
Error: &f0r: no such variable.
Note: Starting dynamic gmin stepping
Warning: Dynamic gmin stepping failed
Note: Starting true gmin stepping
Note: True gmin stepping completed
Note: Starting dynamic gmin stepping
Warning: Dynamic gmin stepping failed
Note: Starting true gmin stepping
Note: True gmin stepping completed
Note: Starting dynamic gmin stepping
Warning: Dynamic gmin stepping failed
Note: Starting true gmin stepping
Note: True gmin stepping completed

Error: measure  f0r  when(WHEN) : out of interval
Error: &f0r: no such variable.
Note: Starting dynamic gmin stepping
Warning: Dynamic gmin stepping failed
Note: Starting true gmin stepping
Note: True gmin stepping completed
Note: Starting dynamic gmin stepping
Warning: Dynamic gmin stepping failed
Note: Starting true gmin stepping
Note: True gmin stepping completed
Note: Starting dynamic gmin stepping
Warning: Dynamic gmin stepping failed
Note: Starting true gmin stepping
Note: True gmin stepping completed

Error: measure  f0r  when(WHEN) : out of interval
Error: &f0r: no such variable.
Note: Starting dynamic gmin stepping
Warning: Dynamic gmin stepping failed
Note: Starting true gmin stepping
Note: True gmin stepping completed
Note: Starting dynamic gmin stepping
Warning: Dynamic gmin stepping failed
Note: Starting true gmin stepping
Note: True gmin stepping completed
Note: Starting dynamic gmin stepping
Warning: Dynamic gmin stepping failed
Note: Starting true gmin stepping
Note: True gmin stepping completed

Error: measure  f0r  when(WHEN) : out of interval
Error: &f0r: no such variable.
Note: Starting dynamic gmin stepping
Warning: Dynamic gmin stepping failed
Note: Starting true gmin stepping
Note: True gmin stepping completed
Note: Starting dynamic gmin stepping
Warning: Dynamic gmin stepping failed
Note: Starting true gmin stepping
Note: True gmin stepping completed
Note: Starting dynamic gmin stepping
Warning: Dynamic gmin stepping failed
Note: Starting true gmin stepping
Note: True gmin stepping completed

Error: measure  f0r  when(WHEN) : out of interval
Error: &f0r: no such variable.
Note: Starting dynamic gmin stepping
Warning: Dynamic gmin stepping failed
Note: Starting true gmin stepping
Note: True gmin stepping completed
Note: Starting dynamic gmin stepping
Warning: Dynamic gmin stepping failed
Note: Starting true gmin stepping
Note: True gmin stepping completed
Note: Starting dynamic gmin stepping
Warning: Dynamic gmin stepping failed
Note: Starting true gmin stepping
Note: True gmin stepping completed

Error: measure  f0r  when(WHEN) : out of interval
Error: &f0r: no such variable.
Note: Starting dynamic gmin stepping
Warning: Dynamic gmin stepping failed
Note: Starting true gmin stepping
Note: True gmin stepping completed
Note: Starting dynamic gmin stepping
Warning: Dynamic gmin stepping failed
Note: Starting true gmin stepping
Note: True gmin stepping completed
Note: Starting dynamic gmin stepping
Warning: Dynamic gmin stepping failed
Note: Starting true gmin stepping
Note: True gmin stepping completed

Error: measure  f0r  when(WHEN) : out of interval
Error: &f0r: no such variable.
Note: Starting dynamic gmin stepping
Warning: Dynamic gmin stepping failed
Note: Starting true gmin stepping
Note: True gmin stepping completed
Note: Starting dynamic gmin stepping
Warning: Dynamic gmin stepping failed
Note: Starting true gmin stepping
Note: True gmin stepping completed
Note: Starting dynamic gmin stepping
Warning: Dynamic gmin stepping failed
Note: Starting true gmin stepping
Note: True gmin stepping completed

Error: measure  f0r  when(WHEN) : out of interval
Error: &f0r: no such variable.
Note: Starting dynamic gmin stepping
Warning: Dynamic gmin stepping failed
Note: Starting true gmin stepping
Note: True gmin stepping completed
Note: Starting dynamic gmin stepping
Warning: Dynamic gmin stepping failed
Note: Starting true gmin stepping
Note: True gmin stepping completed
Note: Starting dynamic gmin stepping
Warning: Dynamic gmin stepping failed
Note: Starting true gmin stepping
Note: True gmin stepping completed

Error: measure  f0r  when(WHEN) : out of interval
Error: &f0r: no such variable.
Note: Starting dynamic gmin stepping
Warning: Dynamic gmin stepping failed
Note: Starting true gmin stepping
Note: True gmin stepping completed
Note: Starting dynamic gmin stepping
Warning: Dynamic gmin stepping failed
Note: Starting true gmin stepping
Note: True gmin stepping completed
Note: Starting dynamic gmin stepping
Warning: Dynamic gmin stepping failed
Note: Starting true gmin stepping
Note: True gmin stepping completed

Error: measure  f0r  when(WHEN) : out of interval
Error: &f0r: no such variable.
Note: Starting dynamic gmin stepping
Warning: Dynamic gmin stepping failed
Note: Starting true gmin stepping
Note: True gmin stepping completed
Note: Starting dynamic gmin stepping
Warning: Dynamic gmin stepping failed
Note: Starting true gmin stepping
Note: True gmin stepping completed
Note: Starting dynamic gmin stepping
Warning: Dynamic gmin stepping failed
Note: Starting true gmin stepping
Note: True gmin stepping completed

Error: measure  f0r  when(WHEN) : out of interval
Error: &f0r: no such variable.
Note: Starting dynamic gmin stepping
Note: Dynamic gmin stepping completed
Note: Starting dynamic gmin stepping
Note: Dynamic gmin stepping completed
Note: Starting dynamic gmin stepping
Note: Dynamic gmin stepping completed

Error: measure  f0r  when(WHEN) : out of interval
Error: &f0r: no such variable.
Note: Starting dynamic gmin stepping
Note: Dynamic gmin stepping completed
Note: Starting dynamic gmin stepping
Note: Dynamic gmin stepping completed
Note: Starting dynamic gmin stepping
Note: Dynamic gmin stepping completed

Error: measure  f0r  when(WHEN) : out of interval
Error: &f0r: no such variable.
Note: Starting dynamic gmin stepping
Note: Dynamic gmin stepping completed
Note: Starting dynamic gmin stepping
Note: Dynamic gmin stepping completed
Note: Starting dynamic gmin stepping
Note: Dynamic gmin stepping completed

Error: measure  f0r  when(WHEN) : out of interval
Error: &f0r: no such variable.
Note: Starting dynamic gmin stepping
Note: Dynamic gmin stepping completed
Note: Starting dynamic gmin stepping
Note: Dynamic gmin stepping completed
Note: Starting dynamic gmin stepping
Note: Dynamic gmin stepping completed

Error: measure  f0r  when(WHEN) : out of interval
Error: &f0r: no such variable.
Note: Starting dynamic gmin stepping
Note: Dynamic gmin stepping completed
Note: Starting dynamic gmin stepping
Note: Dynamic gmin stepping completed
Note: Starting dynamic gmin stepping
Note: Dynamic gmin stepping completed

Error: measure  f0r  when(WHEN) : out of interval
Error: &f0r: no such variable.
Note: Starting dynamic gmin stepping
Note: Dynamic gmin stepping completed
Note: Starting dynamic gmin stepping
Note: Dynamic gmin stepping completed
Note: Starting dynamic gmin stepping
Note: Dynamic gmin stepping completed

Error: measure  f0r  when(WHEN) : out of interval
Error: &f0r: no such variable.
Note: Starting dynamic gmin stepping
Note: Dynamic gmin stepping completed
Note: Starting dynamic gmin stepping
Note: Dynamic gmin stepping completed
Note: Starting dynamic gmin stepping
Note: Dynamic gmin stepping completed

Error: measure  f0r  when(WHEN) : out of interval
Error: &f0r: no such variable.
Note: Starting dynamic gmin stepping
Note: Dynamic gmin stepping completed
Note: Starting dynamic gmin stepping
Note: Dynamic gmin stepping completed
Note: Starting dynamic gmin stepping
Note: Dynamic gmin stepping completed

Error: measure  f0r  when(WHEN) : out of interval
Error: &f0r: no such variable.
Note: Starting dynamic gmin stepping
Note: Dynamic gmin stepping completed
Note: Starting dynamic gmin stepping
Note: Dynamic gmin stepping completed
Note: Starting dynamic gmin stepping
Note: Dynamic gmin stepping completed

Error: measure  f0r  when(WHEN) : out of interval
Error: &f0r: no such variable.
Note: Starting dynamic gmin stepping
Note: Dynamic gmin stepping completed
Note: Starting dynamic gmin stepping
Note: Dynamic gmin stepping completed
Note: Starting dynamic gmin stepping
Note: Dynamic gmin stepping completed

Error: measure  f0r  when(WHEN) : out of interval
Error: &f0r: no such variable.
Note: Starting dynamic gmin stepping
Note: Dynamic gmin stepping completed
Note: Starting dynamic gmin stepping
Note: Dynamic gmin stepping completed
Note: Starting dynamic gmin stepping
Note: Dynamic gmin stepping completed

Error: measure  f0r  when(WHEN) : out of interval
Error: &f0r: no such variable.
Note: Starting dynamic gmin stepping
Note: Dynamic gmin stepping completed
Note: Starting dynamic gmin stepping
Note: Dynamic gmin stepping completed
Note: Starting dynamic gmin stepping
Note: Dynamic gmin stepping completed

Error: measure  f0r  when(WHEN) : out of interval
Error: &f0r: no such variable.
Note: Starting dynamic gmin stepping
Warning: Dynamic gmin stepping failed
Note: Starting true gmin stepping
Note: True gmin stepping completed
Note: Starting dynamic gmin stepping
Warning: Dynamic gmin stepping failed
Note: Starting true gmin stepping
Note: True gmin stepping completed
Note: Starting dynamic gmin stepping
Warning: Dynamic gmin stepping failed
Note: Starting true gmin stepping
Note: True gmin stepping completed

Error: measure  f0r  when(WHEN) : out of interval
Error: &f0r: no such variable.
Note: Starting dynamic gmin stepping
Warning: Dynamic gmin stepping failed
Note: Starting true gmin stepping
Note: True gmin stepping completed
Note: Starting dynamic gmin stepping
Warning: Dynamic gmin stepping failed
Note: Starting true gmin stepping
Note: True gmin stepping completed
Note: Starting dynamic gmin stepping
Warning: Dynamic gmin stepping failed
Note: Starting true gmin stepping
Note: True gmin stepping completed

Error: measure  f0r  when(WHEN) : out of interval
Error: &f0r: no such variable.
Note: Starting dynamic gmin stepping
Warning: Dynamic gmin stepping failed
Note: Starting true gmin stepping
Note: True gmin stepping completed
Note: Starting dynamic gmin stepping
Warning: Dynamic gmin stepping failed
Note: Starting true gmin stepping
Note: True gmin stepping completed
Note: Starting dynamic gmin stepping
Warning: Dynamic gmin stepping failed
Note: Starting true gmin stepping
Note: True gmin stepping completed

Error: measure  f0r  when(WHEN) : out of interval
Error: &f0r: no such variable.
Note: Starting dynamic gmin stepping
Warning: Dynamic gmin stepping failed
Note: Starting true gmin stepping
Note: True gmin stepping completed
Note: Starting dynamic gmin stepping
Warning: Dynamic gmin stepping failed
Note: Starting true gmin stepping
Note: True gmin stepping completed
Note: Starting dynamic gmin stepping
Warning: Dynamic gmin stepping failed
Note: Starting true gmin stepping
Note: True gmin stepping completed

Error: measure  f0r  when(WHEN) : out of interval
Error: &f0r: no such variable.
Note: Starting dynamic gmin stepping
Warning: Dynamic gmin stepping failed
Note: Starting true gmin stepping
Note: True gmin stepping completed
Note: Starting dynamic gmin stepping
Warning: Dynamic gmin stepping failed
Note: Starting true gmin stepping
Note: True gmin stepping completed
Note: Starting dynamic gmin stepping
Warning: Dynamic gmin stepping failed
Note: Starting true gmin stepping
Note: True gmin stepping completed

Error: measure  f0r  when(WHEN) : out of interval
Error: &f0r: no such variable.
Note: Starting dynamic gmin stepping
Warning: Dynamic gmin stepping failed
Note: Starting true gmin stepping
Note: True gmin stepping completed
Note: Starting dynamic gmin stepping
Warning: Dynamic gmin stepping failed
Note: Starting true gmin stepping
Note: True gmin stepping completed
Note: Starting dynamic gmin stepping
Warning: Dynamic gmin stepping failed
Note: Starting true gmin stepping
Note: True gmin stepping completed

Error: measure  f0r  when(WHEN) : out of interval
Error: &f0r: no such variable.
Note: Starting dynamic gmin stepping
Warning: Dynamic gmin stepping failed
Note: Starting true gmin stepping
Note: True gmin stepping completed
Note: Starting dynamic gmin stepping
Warning: Dynamic gmin stepping failed
Note: Starting true gmin stepping
Note: True gmin stepping completed
Note: Starting dynamic gmin stepping
Warning: Dynamic gmin stepping failed
Note: Starting true gmin stepping
Note: True gmin stepping completed

Error: measure  f0r  when(WHEN) : out of interval
Error: &f0r: no such variable.
Note: Starting dynamic gmin stepping
Warning: Dynamic gmin stepping failed
Note: Starting true gmin stepping
Note: True gmin stepping completed
Note: Starting dynamic gmin stepping
Warning: Dynamic gmin stepping failed
Note: Starting true gmin stepping
Note: True gmin stepping completed
Note: Starting dynamic gmin stepping
Warning: Dynamic gmin stepping failed
Note: Starting true gmin stepping
Note: True gmin stepping completed

Error: measure  f0r  when(WHEN) : out of interval
Error: &f0r: no such variable.
Note: Starting dynamic gmin stepping
Warning: Dynamic gmin stepping failed
Note: Starting true gmin stepping
Note: True gmin stepping completed
Note: Starting dynamic gmin stepping
Warning: Dynamic gmin stepping failed
Note: Starting true gmin stepping
Note: True gmin stepping completed
Note: Starting dynamic gmin stepping
Warning: Dynamic gmin stepping failed
Note: Starting true gmin stepping
Note: True gmin stepping completed

Error: measure  f0r  when(WHEN) : out of interval
Error: &f0r: no such variable.
Note: Starting dynamic gmin stepping
Warning: Dynamic gmin stepping failed
Note: Starting true gmin stepping
Note: True gmin stepping completed
Note: Starting dynamic gmin stepping
Warning: Dynamic gmin stepping failed
Note: Starting true gmin stepping
Note: True gmin stepping completed
Note: Starting dynamic gmin stepping
Warning: Dynamic gmin stepping failed
Note: Starting true gmin stepping
Note: True gmin stepping completed

Error: measure  f0r  when(WHEN) : out of interval
Error: &f0r: no such variable.
Note: Starting dynamic gmin stepping
Warning: Dynamic gmin stepping failed
Note: Starting true gmin stepping
Note: True gmin stepping completed
Note: Starting dynamic gmin stepping
Warning: Dynamic gmin stepping failed
Note: Starting true gmin stepping
Note: True gmin stepping completed
Note: Starting dynamic gmin stepping
Warning: Dynamic gmin stepping failed
Note: Starting true gmin stepping
Note: True gmin stepping completed

Error: measure  f0r  when(WHEN) : out of interval
Error: &f0r: no such variable.
Note: Starting dynamic gmin stepping
Warning: Dynamic gmin stepping failed
Note: Starting true gmin stepping
Note: True gmin stepping completed
Note: Starting dynamic gmin stepping
Warning: Dynamic gmin stepping failed
Note: Starting true gmin stepping
Note: True gmin stepping completed
Note: Starting dynamic gmin stepping
Warning: Dynamic gmin stepping failed
Note: Starting true gmin stepping
Note: True gmin stepping completed

Error: measure  f0r  when(WHEN) : out of interval
Error: &f0r: no such variable.
Note: Starting dynamic gmin stepping
Note: Dynamic gmin stepping completed
Note: Starting dynamic gmin stepping
Note: Dynamic gmin stepping completed
Note: Starting dynamic gmin stepping
Note: Dynamic gmin stepping completed

Error: measure  f0r  when(WHEN) : out of interval
Error: &f0r: no such variable.
Note: Starting dynamic gmin stepping
Note: Dynamic gmin stepping completed
Note: Starting dynamic gmin stepping
Note: Dynamic gmin stepping completed
Note: Starting dynamic gmin stepping
Note: Dynamic gmin stepping completed

Error: measure  f0r  when(WHEN) : out of interval
Error: &f0r: no such variable.
Note: Starting dynamic gmin stepping
Note: Dynamic gmin stepping completed
Note: Starting dynamic gmin stepping
Note: Dynamic gmin stepping completed
Note: Starting dynamic gmin stepping
Note: Dynamic gmin stepping completed

Error: measure  f0r  when(WHEN) : out of interval
Error: &f0r: no such variable.
Note: Starting dynamic gmin stepping
Note: Dynamic gmin stepping completed
Note: Starting dynamic gmin stepping
Note: Dynamic gmin stepping completed
Note: Starting dynamic gmin stepping
Note: Dynamic gmin stepping completed

Error: measure  f0r  when(WHEN) : out of interval
Error: &f0r: no such variable.
Note: Starting dynamic gmin stepping
Note: Dynamic gmin stepping completed
Note: Starting dynamic gmin stepping
Note: Dynamic gmin stepping completed
Note: Starting dynamic gmin stepping
Note: Dynamic gmin stepping completed

Error: measure  f0r  when(WHEN) : out of interval
Error: &f0r: no such variable.
Note: Starting dynamic gmin stepping
Note: Dynamic gmin stepping completed
Note: Starting dynamic gmin stepping
Note: Dynamic gmin stepping completed
Note: Starting dynamic gmin stepping
Note: Dynamic gmin stepping completed

Error: measure  f0r  when(WHEN) : out of interval
Error: &f0r: no such variable.
Note: Starting dynamic gmin stepping
Note: Dynamic gmin stepping completed
Note: Starting dynamic gmin stepping
Note: Dynamic gmin stepping completed
Note: Starting dynamic gmin stepping
Note: Dynamic gmin stepping completed

Error: measure  f0r  when(WHEN) : out of interval
Error: &f0r: no such variable.
Note: Starting dynamic gmin stepping
Note: Dynamic gmin stepping completed
Note: Starting dynamic gmin stepping
Note: Dynamic gmin stepping completed
Note: Starting dynamic gmin stepping
Note: Dynamic gmin stepping completed

Error: measure  f0r  when(WHEN) : out of interval
Error: &f0r: no such variable.
Note: Starting dynamic gmin stepping
Note: Dynamic gmin stepping completed
Note: Starting dynamic gmin stepping
Note: Dynamic gmin stepping completed
Note: Starting dynamic gmin stepping
Note: Dynamic gmin stepping completed

Error: measure  f0r  when(WHEN) : out of interval
Error: &f0r: no such variable.
Note: Starting dynamic gmin stepping
Note: Dynamic gmin stepping completed
Note: Starting dynamic gmin stepping
Note: Dynamic gmin stepping completed
Note: Starting dynamic gmin stepping
Note: Dynamic gmin stepping completed

Error: measure  f0r  when(WHEN) : out of interval
Error: &f0r: no such variable.
Note: Starting dynamic gmin stepping
Note: Dynamic gmin stepping completed
Note: Starting dynamic gmin stepping
Note: Dynamic gmin stepping completed
Note: Starting dynamic gmin stepping
Note: Dynamic gmin stepping completed

Error: measure  f0r  when(WHEN) : out of interval
Error: &f0r: no such variable.
Note: Starting dynamic gmin stepping
Note: Dynamic gmin stepping completed
Note: Starting dynamic gmin stepping
Note: Dynamic gmin stepping completed
Note: Starting dynamic gmin stepping
Note: Dynamic gmin stepping completed

Error: measure  f0r  when(WHEN) : out of interval
Error: &f0r: no such variable.
Note: Starting dynamic gmin stepping
Note: Dynamic gmin stepping completed
Note: Starting dynamic gmin stepping
Note: Dynamic gmin stepping completed
Note: Starting dynamic gmin stepping
Note: Dynamic gmin stepping completed

Error: measure  f0r  when(WHEN) : out of interval
Error: &f0r: no such variable.
Note: Starting dynamic gmin stepping
Note: Dynamic gmin stepping completed
Note: Starting dynamic gmin stepping
Note: Dynamic gmin stepping completed
Note: Starting dynamic gmin stepping
Note: Dynamic gmin stepping completed

Error: measure  f0r  when(WHEN) : out of interval
Error: &f0r: no such variable.
Note: Starting dynamic gmin stepping
Note: Dynamic gmin stepping completed
Note: Starting dynamic gmin stepping
Note: Dynamic gmin stepping completed
Note: Starting dynamic gmin stepping
Note: Dynamic gmin stepping completed

Error: measure  f0r  when(WHEN) : out of interval
Error: &f0r: no such variable.
Note: Starting dynamic gmin stepping
Note: Dynamic gmin stepping completed
Note: Starting dynamic gmin stepping
Note: Dynamic gmin stepping completed
Note: Starting dynamic gmin stepping
Note: Dynamic gmin stepping completed

Error: measure  f0r  when(WHEN) : out of interval
Error: &f0r: no such variable.
Note: Starting dynamic gmin stepping
Note: Dynamic gmin stepping completed
Note: Starting dynamic gmin stepping
Note: Dynamic gmin stepping completed
Note: Starting dynamic gmin stepping
Note: Dynamic gmin stepping completed

Error: measure  f0r  when(WHEN) : out of interval
Error: &f0r: no such variable.
Note: Starting dynamic gmin stepping
Note: Dynamic gmin stepping completed
Note: Starting dynamic gmin stepping
Note: Dynamic gmin stepping completed
Note: Starting dynamic gmin stepping
Note: Dynamic gmin stepping completed

Error: measure  f0r  when(WHEN) : out of interval
Error: &f0r: no such variable.
Note: Starting dynamic gmin stepping
Note: Dynamic gmin stepping completed
Note: Starting dynamic gmin stepping
Note: Dynamic gmin stepping completed
Note: Starting dynamic gmin stepping
Note: Dynamic gmin stepping completed

Error: measure  f0r  when(WHEN) : out of interval
Error: &f0r: no such variable.
Note: Starting dynamic gmin stepping
Note: Dynamic gmin stepping completed
Note: Starting dynamic gmin stepping
Note: Dynamic gmin stepping completed
Note: Starting dynamic gmin stepping
Note: Dynamic gmin stepping completed

Error: measure  f0r  when(WHEN) : out of interval
Error: &f0r: no such variable.
Note: Starting dynamic gmin stepping
Note: Dynamic gmin stepping completed
Note: Starting dynamic gmin stepping
Note: Dynamic gmin stepping completed
Note: Starting dynamic gmin stepping
Note: Dynamic gmin stepping completed

Error: measure  f0r  when(WHEN) : out of interval
Error: &f0r: no such variable.
Note: Starting dynamic gmin stepping
Note: Dynamic gmin stepping completed
Note: Starting dynamic gmin stepping
Note: Dynamic gmin stepping completed
Note: Starting dynamic gmin stepping
Note: Dynamic gmin stepping completed

Error: measure  f0r  when(WHEN) : out of interval
Error: &f0r: no such variable.
Note: Starting dynamic gmin stepping
Note: Dynamic gmin stepping completed
Note: Starting dynamic gmin stepping
Note: Dynamic gmin stepping completed
Note: Starting dynamic gmin stepping
Note: Dynamic gmin stepping completed

Error: measure  f0r  when(WHEN) : out of interval
Error: &f0r: no such variable.
Note: Starting dynamic gmin stepping
Note: Dynamic gmin stepping completed
Note: Starting dynamic gmin stepping
Note: Dynamic gmin stepping completed
Note: Starting dynamic gmin stepping
Note: Dynamic gmin stepping completed

Error: measure  f0r  when(WHEN) : out of interval
Error: &f0r: no such variable.
Note: Starting dynamic gmin stepping
Note: Dynamic gmin stepping completed
Note: Starting dynamic gmin stepping
Note: Dynamic gmin stepping completed
Note: Starting dynamic gmin stepping
Note: Dynamic gmin stepping completed

Error: measure  f0r  when(WHEN) : out of interval
Error: &f0r: no such variable.
Note: Starting dynamic gmin stepping
Note: Dynamic gmin stepping completed
Note: Starting dynamic gmin stepping
Note: Dynamic gmin stepping completed
Note: Starting dynamic gmin stepping
Note: Dynamic gmin stepping completed

Error: measure  f0r  when(WHEN) : out of interval
Error: &f0r: no such variable.
Note: Starting dynamic gmin stepping
Note: Dynamic gmin stepping completed
Note: Starting dynamic gmin stepping
Note: Dynamic gmin stepping completed
Note: Starting dynamic gmin stepping
Note: Dynamic gmin stepping completed

Error: measure  f0r  when(WHEN) : out of interval
Error: &f0r: no such variable.
Note: Starting dynamic gmin stepping
Note: Dynamic gmin stepping completed
Note: Starting dynamic gmin stepping
Note: Dynamic gmin stepping completed
Note: Starting dynamic gmin stepping
Note: Dynamic gmin stepping completed

Error: measure  f0r  when(WHEN) : out of interval
Error: &f0r: no such variable.
Note: Starting dynamic gmin stepping
Note: Dynamic gmin stepping completed
Note: Starting dynamic gmin stepping
Note: Dynamic gmin stepping completed
Note: Starting dynamic gmin stepping
Note: Dynamic gmin stepping completed

Error: measure  f0r  when(WHEN) : out of interval
Error: &f0r: no such variable.
Note: Starting dynamic gmin stepping
Note: Dynamic gmin stepping completed
Note: Starting dynamic gmin stepping
Note: Dynamic gmin stepping completed
Note: Starting dynamic gmin stepping
Note: Dynamic gmin stepping completed

Error: measure  f0r  when(WHEN) : out of interval
Error: &f0r: no such variable.
Note: Starting dynamic gmin stepping
Note: Dynamic gmin stepping completed
Note: Starting dynamic gmin stepping
Note: Dynamic gmin stepping completed
Note: Starting dynamic gmin stepping
Note: Dynamic gmin stepping completed

Error: measure  f0r  when(WHEN) : out of interval
Error: &f0r: no such variable.
Note: Starting dynamic gmin stepping
Note: Dynamic gmin stepping completed
Note: Starting dynamic gmin stepping
Note: Dynamic gmin stepping completed
Note: Starting dynamic gmin stepping
Note: Dynamic gmin stepping completed

Error: measure  f0r  when(WHEN) : out of interval
Error: &f0r: no such variable.
Note: Starting dynamic gmin stepping
Note: Dynamic gmin stepping completed
Note: Starting dynamic gmin stepping
Note: Dynamic gmin stepping completed
Note: Starting dynamic gmin stepping
Note: Dynamic gmin stepping completed

Error: measure  f0r  when(WHEN) : out of interval
Error: &f0r: no such variable.
Note: Starting dynamic gmin stepping
Note: Dynamic gmin stepping completed
Note: Starting dynamic gmin stepping
Note: Dynamic gmin stepping completed
Note: Starting dynamic gmin stepping
Note: Dynamic gmin stepping completed

Error: measure  f0r  when(WHEN) : out of interval
Error: &f0r: no such variable.
Note: Starting dynamic gmin stepping
Note: Dynamic gmin stepping completed
Note: Starting dynamic gmin stepping
Note: Dynamic gmin stepping completed
Note: Starting dynamic gmin stepping
Note: Dynamic gmin stepping completed

Error: measure  f0r  when(WHEN) : out of interval
Error: &f0r: no such variable.
Note: Starting dynamic gmin stepping
Note: Dynamic gmin stepping completed
Note: Starting dynamic gmin stepping
Note: Dynamic gmin stepping completed
Note: Starting dynamic gmin stepping
Note: Dynamic gmin stepping completed

Error: measure  f0r  when(WHEN) : out of interval
Error: &f0r: no such variable.
