
Note: Compatibility modes selected: hs a


Circuit: * loop-stability -- tian dual-injection loop-gain testbench for ldo_core (issue #10)

* corner_id=res_ss_-40c_3.63v corner=res_ss temp_c=-40 vin_v=3.63
* ac sweep: dec 400 0.01 1e9 ; Tian dual injection at ERRAMP_OUT->PASS_GATE
* columns: ROW iload_a= ceff_f= esr_ohm= vout_v= dcgain_db= f0_hz= phase_at_f0_deg=
*          f180_hz= gain_at_f180_db= f0_rising_hz= resurgence_db=
* (phase margin = 180 + phase_at_f0_deg ; gain margin = -gain_at_f180_db ;
*  resurgence_db = max |T| in dB above the first 0 dB crossing, DR-0008 ;
*  an empty f180/gain field means the phase never reaches -180 deg in band)
* Fields are written key=value BECAUSE a failed meas leaves its value
* empty: with bare positional fields an empty one vanishes into the
* whitespace and every field after it is read as the wrong quantity.
Doing analysis at TEMP = -40.000000 and TNOM = 27.000000

Using SPARSE 1.3 as Direct Linear Solver
 Reference value :  0.00000e+00
No. of Data Rows : 1
Doing analysis at TEMP = -40.000000 and TNOM = 27.000000

Using SPARSE 1.3 as Direct Linear Solver
 Reference value :  8.08165e-01
No. of Data Rows : 4401
Doing analysis at TEMP = -40.000000 and TNOM = 27.000000

Using SPARSE 1.3 as Direct Linear Solver
 Reference value :  1.00000e-02
No. of Data Rows : 4401
dcg                 =  1.34381e+02
f0                  =  4.20183e+03
phx                 =  -1.33198e+02
f180                =  2.96440e+06
gmx                 =  -4.46004e+01
 meas ac f0r when tdb=0 rise=1 failed!

tres                =  -1.20168e-01 at=  4.24131e+03
ROW iload_a=0 ceff_f=3.3e-07 esr_ohm=0.001 vout_v=1.79941 dcgain_db=134.381 f0_hz=4201.83 phase_at_f0_deg=-133.198 f180_hz=2.9644E+06 gain_at_f180_db=-44.6004 f0_rising_hz= resurgence_db=-0.120168
Doing analysis at TEMP = -40.000000 and TNOM = 27.000000

Using SPARSE 1.3 as Direct Linear Solver
 Reference value :  0.00000e+00
No. of Data Rows : 1
Doing analysis at TEMP = -40.000000 and TNOM = 27.000000

Using SPARSE 1.3 as Direct Linear Solver
 Reference value :  1.37246e+00
No. of Data Rows : 4401
Doing analysis at TEMP = -40.000000 and TNOM = 27.000000

Using SPARSE 1.3 as Direct Linear Solver
 Reference value :  1.00000e-02
No. of Data Rows : 4401
dcg                 =  1.34381e+02
f0                  =  4.20183e+03
phx                 =  -1.33174e+02
f180                =  2.95815e+06
gmx                 =  -4.45693e+01
 meas ac f0r when tdb=0 rise=1 failed!

tres                =  -1.20171e-01 at=  4.24131e+03
ROW iload_a=0 ceff_f=3.3e-07 esr_ohm=0.05 vout_v=1.79941 dcgain_db=134.381 f0_hz=4201.83 phase_at_f0_deg=-133.174 f180_hz=2.95815E+06 gain_at_f180_db=-44.5693 f0_rising_hz= resurgence_db=-0.120171
Doing analysis at TEMP = -40.000000 and TNOM = 27.000000

Using SPARSE 1.3 as Direct Linear Solver
 Reference value :  0.00000e+00
No. of Data Rows : 1
Doing analysis at TEMP = -40.000000 and TNOM = 27.000000

Using SPARSE 1.3 as Direct Linear Solver
 Reference value :  1.14156e+01
No. of Data Rows : 4401
Doing analysis at TEMP = -40.000000 and TNOM = 27.000000

Using SPARSE 1.3 as Direct Linear Solver
 Reference value :  1.00000e-02
No. of Data Rows : 4401
dcg                 =  1.34381e+02
f0                  =  4.20184e+03
phx                 =  -1.33099e+02
f180                =  2.93911e+06
gmx                 =  -4.44724e+01
 meas ac f0r when tdb=0 rise=1 failed!

tres                =  -1.20160e-01 at=  4.24131e+03
ROW iload_a=0 ceff_f=3.3e-07 esr_ohm=0.2 vout_v=1.79941 dcgain_db=134.381 f0_hz=4201.84 phase_at_f0_deg=-133.099 f180_hz=2.93911E+06 gain_at_f180_db=-44.4724 f0_rising_hz= resurgence_db=-0.12016
Doing analysis at TEMP = -40.000000 and TNOM = 27.000000

Using SPARSE 1.3 as Direct Linear Solver
 Reference value :  0.00000e+00
No. of Data Rows : 1
Doing analysis at TEMP = -40.000000 and TNOM = 27.000000

Using SPARSE 1.3 as Direct Linear Solver
 Reference value :  1.51356e+00
No. of Data Rows : 4401
Doing analysis at TEMP = -40.000000 and TNOM = 27.000000

Using SPARSE 1.3 as Direct Linear Solver
 Reference value :  1.00000e-02
No. of Data Rows : 4401
dcg                 =  1.34381e+02
f0                  =  4.20186e+03
phx                 =  -1.32949e+02
f180                =  2.90155e+06
gmx                 =  -4.42715e+01
 meas ac f0r when tdb=0 rise=1 failed!

tres                =  -1.20094e-01 at=  4.24131e+03
ROW iload_a=0 ceff_f=3.3e-07 esr_ohm=0.5 vout_v=1.79941 dcgain_db=134.381 f0_hz=4201.86 phase_at_f0_deg=-132.949 f180_hz=2.90155E+06 gain_at_f180_db=-44.2715 f0_rising_hz= resurgence_db=-0.120094
Doing analysis at TEMP = -40.000000 and TNOM = 27.000000

Using SPARSE 1.3 as Direct Linear Solver
 Reference value :  0.00000e+00
No. of Data Rows : 1
Doing analysis at TEMP = -40.000000 and TNOM = 27.000000

Using SPARSE 1.3 as Direct Linear Solver
 Reference value :  4.12098e-01
No. of Data Rows : 4401
Doing analysis at TEMP = -40.000000 and TNOM = 27.000000

Using SPARSE 1.3 as Direct Linear Solver
 Reference value :  1.00000e-02
No. of Data Rows : 4401
dcg                 =  1.34376e+02
f0                  =  2.13969e+03
phx                 =  -1.51815e+02
f180                =  2.98038e+06
gmx                 =  -4.45485e+01
 meas ac f0r when tdb=0 rise=1 failed!

tres                =  -1.65757e-01 at=  2.16272e+03
ROW iload_a=0 ceff_f=1e-06 esr_ohm=0.001 vout_v=1.79941 dcgain_db=134.376 f0_hz=2139.69 phase_at_f0_deg=-151.815 f180_hz=2.98038E+06 gain_at_f180_db=-44.5486 f0_rising_hz= resurgence_db=-0.165757
Doing analysis at TEMP = -40.000000 and TNOM = 27.000000

Using SPARSE 1.3 as Direct Linear Solver
 Reference value :  0.00000e+00
No. of Data Rows : 1
Doing analysis at TEMP = -40.000000 and TNOM = 27.000000

Using SPARSE 1.3 as Direct Linear Solver
 Reference value :  5.06991e-01
No. of Data Rows : 4401
Doing analysis at TEMP = -40.000000 and TNOM = 27.000000

Using SPARSE 1.3 as Direct Linear Solver
 Reference value :  1.00000e-02
No. of Data Rows : 4401
dcg                 =  1.34376e+02
f0                  =  2.13969e+03
phx                 =  -1.51778e+02
f180                =  2.97426e+06
gmx                 =  -4.45178e+01
 meas ac f0r when tdb=0 rise=1 failed!

tres                =  -1.65759e-01 at=  2.16272e+03
ROW iload_a=0 ceff_f=1e-06 esr_ohm=0.05 vout_v=1.79941 dcgain_db=134.376 f0_hz=2139.69 phase_at_f0_deg=-151.778 f180_hz=2.97426E+06 gain_at_f180_db=-44.5178 f0_rising_hz= resurgence_db=-0.165759
Doing analysis at TEMP = -40.000000 and TNOM = 27.000000

Using SPARSE 1.3 as Direct Linear Solver
 Reference value :  0.00000e+00
No. of Data Rows : 1
Doing analysis at TEMP = -40.000000 and TNOM = 27.000000

Using SPARSE 1.3 as Direct Linear Solver
 Reference value :  2.95121e+00
No. of Data Rows : 4401
Doing analysis at TEMP = -40.000000 and TNOM = 27.000000

Using SPARSE 1.3 as Direct Linear Solver
 Reference value :  1.00000e-02
No. of Data Rows : 4401
dcg                 =  1.34376e+02
f0                  =  2.13969e+03
phx                 =  -1.51662e+02
f180                =  2.95561e+06
gmx                 =  -4.44221e+01
 meas ac f0r when tdb=0 rise=1 failed!

tres                =  -1.65731e-01 at=  2.16272e+03
ROW iload_a=0 ceff_f=1e-06 esr_ohm=0.2 vout_v=1.79941 dcgain_db=134.376 f0_hz=2139.69 phase_at_f0_deg=-151.662 f180_hz=2.95561E+06 gain_at_f180_db=-44.4221 f0_rising_hz= resurgence_db=-0.165731
Doing analysis at TEMP = -40.000000 and TNOM = 27.000000

Using SPARSE 1.3 as Direct Linear Solver
 Reference value :  0.00000e+00
No. of Data Rows : 1
Doing analysis at TEMP = -40.000000 and TNOM = 27.000000

Using SPARSE 1.3 as Direct Linear Solver
 Reference value :  2.34423e+00
No. of Data Rows : 4401
Doing analysis at TEMP = -40.000000 and TNOM = 27.000000

Using SPARSE 1.3 as Direct Linear Solver
 Reference value :  1.00000e-02
No. of Data Rows : 4401
dcg                 =  1.34376e+02
f0                  =  2.13972e+03
phx                 =  -1.51431e+02
f180                =  2.91880e+06
gmx                 =  -4.42241e+01
 meas ac f0r when tdb=0 rise=1 failed!

tres                =  -1.65567e-01 at=  2.16272e+03
ROW iload_a=0 ceff_f=1e-06 esr_ohm=0.5 vout_v=1.79941 dcgain_db=134.376 f0_hz=2139.72 phase_at_f0_deg=-151.431 f180_hz=2.9188E+06 gain_at_f180_db=-44.2241 f0_rising_hz= resurgence_db=-0.165567
Doing analysis at TEMP = -40.000000 and TNOM = 27.000000

Using SPARSE 1.3 as Direct Linear Solver
 Reference value :  0.00000e+00
No. of Data Rows : 1
Doing analysis at TEMP = -40.000000 and TNOM = 27.000000

Using SPARSE 1.3 as Direct Linear Solver
 Reference value :  5.95662e-01
No. of Data Rows : 4401
Doing analysis at TEMP = -40.000000 and TNOM = 27.000000

Using SPARSE 1.3 as Direct Linear Solver
 Reference value :  1.00000e-02
No. of Data Rows : 4401
dcg                 =  1.34261e+02
f0                  =  9.40949e+02
phx                 =  -1.66661e+02
f180                =  2.98637e+06
gmx                 =  -4.45288e+01
 meas ac f0r when tdb=0 rise=1 failed!

tres                =  -1.53429e-01 at=  9.49511e+02
ROW iload_a=0 ceff_f=4.7e-06 esr_ohm=0.001 vout_v=1.79941 dcgain_db=134.261 f0_hz=940.949 phase_at_f0_deg=-166.661 f180_hz=2.98637E+06 gain_at_f180_db=-44.5288 f0_rising_hz= resurgence_db=-0.153429
Doing analysis at TEMP = -40.000000 and TNOM = 27.000000

Using SPARSE 1.3 as Direct Linear Solver
 Reference value :  0.00000e+00
No. of Data Rows : 1
Doing analysis at TEMP = -40.000000 and TNOM = 27.000000

Using SPARSE 1.3 as Direct Linear Solver
 Reference value :  3.36899e+00
No. of Data Rows : 4401
Doing analysis at TEMP = -40.000000 and TNOM = 27.000000

Using SPARSE 1.3 as Direct Linear Solver
 Reference value :  1.00000e-02
No. of Data Rows : 4401
dcg                 =  1.34261e+02
f0                  =  9.40949e+02
phx                 =  -1.66583e+02
f180                =  2.98030e+06
gmx                 =  -4.44983e+01
 meas ac f0r when tdb=0 rise=1 failed!

tres                =  -1.53424e-01 at=  9.49511e+02
ROW iload_a=0 ceff_f=4.7e-06 esr_ohm=0.05 vout_v=1.79941 dcgain_db=134.261 f0_hz=940.949 phase_at_f0_deg=-166.583 f180_hz=2.9803E+06 gain_at_f180_db=-44.4982 f0_rising_hz= resurgence_db=-0.153424
Doing analysis at TEMP = -40.000000 and TNOM = 27.000000

Using SPARSE 1.3 as Direct Linear Solver
 Reference value :  0.00000e+00
No. of Data Rows : 1
Doing analysis at TEMP = -40.000000 and TNOM = 27.000000

Using SPARSE 1.3 as Direct Linear Solver
 Reference value :  4.86968e-01
No. of Data Rows : 4401
Doing analysis at TEMP = -40.000000 and TNOM = 27.000000

Using SPARSE 1.3 as Direct Linear Solver
 Reference value :  1.00000e-02
No. of Data Rows : 4401
dcg                 =  1.34261e+02
f0                  =  9.40956e+02
phx                 =  -1.66344e+02
f180                =  2.96180e+06
gmx                 =  -4.44031e+01
 meas ac f0r when tdb=0 rise=1 failed!

tres                =  -1.53299e-01 at=  9.49511e+02
ROW iload_a=0 ceff_f=4.7e-06 esr_ohm=0.2 vout_v=1.79941 dcgain_db=134.261 f0_hz=940.956 phase_at_f0_deg=-166.344 f180_hz=2.9618E+06 gain_at_f180_db=-44.4031 f0_rising_hz= resurgence_db=-0.153299
Doing analysis at TEMP = -40.000000 and TNOM = 27.000000

Using SPARSE 1.3 as Direct Linear Solver
 Reference value :  0.00000e+00
No. of Data Rows : 1
Doing analysis at TEMP = -40.000000 and TNOM = 27.000000

Using SPARSE 1.3 as Direct Linear Solver
 Reference value :  1.12202e+00
No. of Data Rows : 4401
Doing analysis at TEMP = -40.000000 and TNOM = 27.000000

Using SPARSE 1.3 as Direct Linear Solver
 Reference value :  1.00000e-02
No. of Data Rows : 4401
dcg                 =  1.34261e+02
f0                  =  9.40995e+02
phx                 =  -1.65866e+02
f180                =  2.92527e+06
gmx                 =  -4.42062e+01
 meas ac f0r when tdb=0 rise=1 failed!

tres                =  -1.52586e-01 at=  9.49511e+02
ROW iload_a=0 ceff_f=4.7e-06 esr_ohm=0.5 vout_v=1.79941 dcgain_db=134.261 f0_hz=940.995 phase_at_f0_deg=-165.866 f180_hz=2.92527E+06 gain_at_f180_db=-44.2061 f0_rising_hz= resurgence_db=-0.152586
Doing analysis at TEMP = -40.000000 and TNOM = 27.000000

Using SPARSE 1.3 as Direct Linear Solver
 Reference value :  0.00000e+00
No. of Data Rows : 1
Doing analysis at TEMP = -40.000000 and TNOM = 27.000000

Using SPARSE 1.3 as Direct Linear Solver
 Reference value :  1.00000e-02
No. of Data Rows : 4401
Doing analysis at TEMP = -40.000000 and TNOM = 27.000000

Using SPARSE 1.3 as Direct Linear Solver
 Reference value :  1.00000e-02
No. of Data Rows : 4401
dcg                 =  1.43254e+02
f0                  =  2.38081e+05
phx                 =  -1.31341e+02
f180                =  6.51298e+05
gmx                 =  -1.34162e+01
 meas ac f0r when tdb=0 rise=1 failed!

tres                =  -8.34375e-02 at=  2.39883e+05
ROW iload_a=0.0001 ceff_f=3.3e-07 esr_ohm=0.001 vout_v=1.79941 dcgain_db=143.254 f0_hz=238081 phase_at_f0_deg=-131.341 f180_hz=651298 gain_at_f180_db=-13.4162 f0_rising_hz= resurgence_db=-0.0834375
Doing analysis at TEMP = -40.000000 and TNOM = 27.000000

Using SPARSE 1.3 as Direct Linear Solver
 Reference value :  0.00000e+00
No. of Data Rows : 1
Doing analysis at TEMP = -40.000000 and TNOM = 27.000000

Using SPARSE 1.3 as Direct Linear Solver
 Reference value :  1.00000e-02
No. of Data Rows : 4401
Doing analysis at TEMP = -40.000000 and TNOM = 27.000000

Using SPARSE 1.3 as Direct Linear Solver
 Reference value :  1.00000e-02
No. of Data Rows : 4401
dcg                 =  1.43254e+02
f0                  =  2.38140e+05
phx                 =  -1.29965e+02
f180                =  6.99731e+05
gmx                 =  -1.45245e+01
 meas ac f0r when tdb=0 rise=1 failed!

tres                =  -8.06815e-02 at=  2.39883e+05
ROW iload_a=0.0001 ceff_f=3.3e-07 esr_ohm=0.05 vout_v=1.79941 dcgain_db=143.254 f0_hz=238140 phase_at_f0_deg=-129.965 f180_hz=699731 gain_at_f180_db=-14.5245 f0_rising_hz= resurgence_db=-0.0806815
Doing analysis at TEMP = -40.000000 and TNOM = 27.000000

Using SPARSE 1.3 as Direct Linear Solver
 Reference value :  0.00000e+00
No. of Data Rows : 1
Doing analysis at TEMP = -40.000000 and TNOM = 27.000000

Using SPARSE 1.3 as Direct Linear Solver
 Reference value :  1.00000e-02
No. of Data Rows : 4401
Doing analysis at TEMP = -40.000000 and TNOM = 27.000000

Using SPARSE 1.3 as Direct Linear Solver
 Reference value :  1.00000e-02
No. of Data Rows : 4401
dcg                 =  1.43254e+02
f0                  =  2.39003e+05
phx                 =  -1.25863e+02
f180                =  9.25914e+05
gmx                 =  -1.85579e+01
 meas ac f0r when tdb=0 rise=1 failed!

tres                =  -1.03715e-01 at=  2.41268e+05
ROW iload_a=0.0001 ceff_f=3.3e-07 esr_ohm=0.2 vout_v=1.79941 dcgain_db=143.254 f0_hz=239003 phase_at_f0_deg=-125.862 f180_hz=925914 gain_at_f180_db=-18.5579 f0_rising_hz= resurgence_db=-0.103715
Doing analysis at TEMP = -40.000000 and TNOM = 27.000000

Using SPARSE 1.3 as Direct Linear Solver
 Reference value :  0.00000e+00
No. of Data Rows : 1
Doing analysis at TEMP = -40.000000 and TNOM = 27.000000

Using SPARSE 1.3 as Direct Linear Solver
 Reference value :  1.00000e-02
No. of Data Rows : 4401
Doing analysis at TEMP = -40.000000 and TNOM = 27.000000

Using SPARSE 1.3 as Direct Linear Solver
 Reference value :  1.00000e-02
No. of Data Rows : 4401
dcg                 =  1.43254e+02
f0                  =  2.43944e+05
phx                 =  -1.18145e+02
f180                =  1.51857e+06
gmx                 =  -2.27337e+01
 meas ac f0r when tdb=0 rise=1 failed!

tres                =  -6.63110e-02 at=  2.45471e+05
ROW iload_a=0.0001 ceff_f=3.3e-07 esr_ohm=0.5 vout_v=1.79941 dcgain_db=143.254 f0_hz=243944 phase_at_f0_deg=-118.145 f180_hz=1.51857E+06 gain_at_f180_db=-22.7337 f0_rising_hz= resurgence_db=-0.066311
Doing analysis at TEMP = -40.000000 and TNOM = 27.000000

Using SPARSE 1.3 as Direct Linear Solver
 Reference value :  0.00000e+00
No. of Data Rows : 1
Doing analysis at TEMP = -40.000000 and TNOM = 27.000000

Using SPARSE 1.3 as Direct Linear Solver
 Reference value :  1.00000e-02
No. of Data Rows : 4401
Doing analysis at TEMP = -40.000000 and TNOM = 27.000000

Using SPARSE 1.3 as Direct Linear Solver
 Reference value :  1.00000e-02
No. of Data Rows : 4401
dcg                 =  1.43254e+02
f0                  =  8.60783e+04
phx                 =  -1.02138e+02
f180                =  6.65790e+05
gmx                 =  -2.33905e+01
 meas ac f0r when tdb=0 rise=1 failed!

tres                =  -4.94764e-02 at=  8.65964e+04
ROW iload_a=0.0001 ceff_f=1e-06 esr_ohm=0.001 vout_v=1.79941 dcgain_db=143.254 f0_hz=86078.3 phase_at_f0_deg=-102.138 f180_hz=665790 gain_at_f180_db=-23.3905 f0_rising_hz= resurgence_db=-0.0494764
Doing analysis at TEMP = -40.000000 and TNOM = 27.000000

Using SPARSE 1.3 as Direct Linear Solver
 Reference value :  0.00000e+00
No. of Data Rows : 1
Doing analysis at TEMP = -40.000000 and TNOM = 27.000000

Using SPARSE 1.3 as Direct Linear Solver
 Reference value :  1.00000e-02
No. of Data Rows : 4401
Doing analysis at TEMP = -40.000000 and TNOM = 27.000000

Using SPARSE 1.3 as Direct Linear Solver
 Reference value :  1.00000e-02
No. of Data Rows : 4401
dcg                 =  1.43254e+02
f0                  =  8.61115e+04
phx                 =  -1.00627e+02
f180                =  8.80307e+05
gmx                 =  -2.75413e+01
 meas ac f0r when tdb=0 rise=1 failed!

tres                =  -9.37510e-02 at=  8.70964e+04
ROW iload_a=0.0001 ceff_f=1e-06 esr_ohm=0.05 vout_v=1.79941 dcgain_db=143.254 f0_hz=86111.5 phase_at_f0_deg=-100.627 f180_hz=880307 gain_at_f180_db=-27.5413 f0_rising_hz= resurgence_db=-0.093751
Doing analysis at TEMP = -40.000000 and TNOM = 27.000000

Using SPARSE 1.3 as Direct Linear Solver
 Reference value :  0.00000e+00
No. of Data Rows : 1
Doing analysis at TEMP = -40.000000 and TNOM = 27.000000

Using SPARSE 1.3 as Direct Linear Solver
 Reference value :  1.00000e-02
No. of Data Rows : 4401
Doing analysis at TEMP = -40.000000 and TNOM = 27.000000

Using SPARSE 1.3 as Direct Linear Solver
 Reference value :  1.00000e-02
No. of Data Rows : 4401
dcg                 =  1.43254e+02
f0                  =  8.66138e+04
phx                 =  -9.60727e+01
f180                =  1.75198e+06
gmx                 =  -3.21316e+01
 meas ac f0r when tdb=0 rise=1 failed!

tres                =  -9.22888e-02 at=  8.75992e+04
ROW iload_a=0.0001 ceff_f=1e-06 esr_ohm=0.2 vout_v=1.79941 dcgain_db=143.254 f0_hz=86613.8 phase_at_f0_deg=-96.0727 f180_hz=1.75198E+06 gain_at_f180_db=-32.1317 f0_rising_hz= resurgence_db=-0.0922888
Doing analysis at TEMP = -40.000000 and TNOM = 27.000000

Using SPARSE 1.3 as Direct Linear Solver
 Reference value :  0.00000e+00
No. of Data Rows : 1
Doing analysis at TEMP = -40.000000 and TNOM = 27.000000

Using SPARSE 1.3 as Direct Linear Solver
 Reference value :  6.34600e-02
No. of Data Rows : 4401
Doing analysis at TEMP = -40.000000 and TNOM = 27.000000

Using SPARSE 1.3 as Direct Linear Solver
 Reference value :  1.00000e-02
No. of Data Rows : 4401
dcg                 =  1.43254e+02
f0                  =  8.95910e+04
phx                 =  -8.72032e+01
f180                =  1.95945e+06
gmx                 =  -2.70134e+01
 meas ac f0r when tdb=0 rise=1 failed!

tres                =  -4.83766e-02 at=  9.01571e+04
ROW iload_a=0.0001 ceff_f=1e-06 esr_ohm=0.5 vout_v=1.79941 dcgain_db=143.254 f0_hz=89591 phase_at_f0_deg=-87.2032 f180_hz=1.95945E+06 gain_at_f180_db=-27.0133 f0_rising_hz= resurgence_db=-0.0483766
Doing analysis at TEMP = -40.000000 and TNOM = 27.000000

Using SPARSE 1.3 as Direct Linear Solver
 Reference value :  0.00000e+00
No. of Data Rows : 1
Doing analysis at TEMP = -40.000000 and TNOM = 27.000000

Using SPARSE 1.3 as Direct Linear Solver
 Reference value :  1.00000e-02
No. of Data Rows : 4401
Doing analysis at TEMP = -40.000000 and TNOM = 27.000000

Using SPARSE 1.3 as Direct Linear Solver
 Reference value :  1.00000e-02
No. of Data Rows : 4401
dcg                 =  1.43254e+02
f0                  =  1.54392e+04
phx                 =  -1.01710e+02
f180                =  8.75449e+05
gmx                 =  -4.11074e+01
 meas ac f0r when tdb=0 rise=1 failed!

tres                =  -7.72038e-02 at=  1.55776e+04
ROW iload_a=0.0001 ceff_f=4.7e-06 esr_ohm=0.001 vout_v=1.79941 dcgain_db=143.254 f0_hz=15439.2 phase_at_f0_deg=-101.71 f180_hz=875449 gain_at_f180_db=-41.1074 f0_rising_hz= resurgence_db=-0.0772038
Doing analysis at TEMP = -40.000000 and TNOM = 27.000000

Using SPARSE 1.3 as Direct Linear Solver
 Reference value :  0.00000e+00
No. of Data Rows : 1
Doing analysis at TEMP = -40.000000 and TNOM = 27.000000

Using SPARSE 1.3 as Direct Linear Solver
 Reference value :  6.91831e-01
No. of Data Rows : 4401
Doing analysis at TEMP = -40.000000 and TNOM = 27.000000

Using SPARSE 1.3 as Direct Linear Solver
 Reference value :  1.00000e-02
No. of Data Rows : 4401
dcg                 =  1.43254e+02
f0                  =  1.54432e+04
phx                 =  -1.00425e+02
f180                =  2.27742e+06
gmx                 =  -4.19696e+01
 meas ac f0r when tdb=0 rise=1 failed!

tres                =  -7.49261e-02 at=  1.55776e+04
ROW iload_a=0.0001 ceff_f=4.7e-06 esr_ohm=0.05 vout_v=1.79941 dcgain_db=143.254 f0_hz=15443.2 phase_at_f0_deg=-100.425 f180_hz=2.27742E+06 gain_at_f180_db=-41.9696 f0_rising_hz= resurgence_db=-0.0749261
Doing analysis at TEMP = -40.000000 and TNOM = 27.000000

Using SPARSE 1.3 as Direct Linear Solver
 Reference value :  0.00000e+00
No. of Data Rows : 1
Doing analysis at TEMP = -40.000000 and TNOM = 27.000000

Using SPARSE 1.3 as Direct Linear Solver
 Reference value :  1.00000e-02
No. of Data Rows : 4401
Doing analysis at TEMP = -40.000000 and TNOM = 27.000000

Using SPARSE 1.3 as Direct Linear Solver
 Reference value :  1.00000e-02
No. of Data Rows : 4401
dcg                 =  1.43254e+02
f0                  =  1.55039e+04
phx                 =  -9.64379e+01
f180                =  2.14265e+06
gmx                 =  -3.47461e+01
 meas ac f0r when tdb=0 rise=1 failed!

tres                =  -8.99614e-02 at=  1.56675e+04
ROW iload_a=0.0001 ceff_f=4.7e-06 esr_ohm=0.2 vout_v=1.79941 dcgain_db=143.254 f0_hz=15503.9 phase_at_f0_deg=-96.4379 f180_hz=2.14265E+06 gain_at_f180_db=-34.7461 f0_rising_hz= resurgence_db=-0.0899614
Doing analysis at TEMP = -40.000000 and TNOM = 27.000000

Using SPARSE 1.3 as Direct Linear Solver
 Reference value :  0.00000e+00
No. of Data Rows : 1
Doing analysis at TEMP = -40.000000 and TNOM = 27.000000

Using SPARSE 1.3 as Direct Linear Solver
 Reference value :  1.00000e-02
No. of Data Rows : 4401
Doing analysis at TEMP = -40.000000 and TNOM = 27.000000

Using SPARSE 1.3 as Direct Linear Solver
 Reference value :  1.00000e-02
No. of Data Rows : 4401
dcg                 =  1.43254e+02
f0                  =  1.58591e+04
phx                 =  -8.81380e+01
f180                =  2.10565e+06
gmx                 =  -2.80597e+01
 meas ac f0r when tdb=0 rise=1 failed!

tres                =  -8.85047e-02 at=  1.60325e+04
ROW iload_a=0.0001 ceff_f=4.7e-06 esr_ohm=0.5 vout_v=1.79941 dcgain_db=143.254 f0_hz=15859.1 phase_at_f0_deg=-88.138 f180_hz=2.10565E+06 gain_at_f180_db=-28.0597 f0_rising_hz= resurgence_db=-0.0885047
Doing analysis at TEMP = -40.000000 and TNOM = 27.000000

Using SPARSE 1.3 as Direct Linear Solver
 Reference value :  0.00000e+00
No. of Data Rows : 1
Doing analysis at TEMP = -40.000000 and TNOM = 27.000000

Using SPARSE 1.3 as Direct Linear Solver
 Reference value :  1.00000e-02
No. of Data Rows : 4401
Doing analysis at TEMP = -40.000000 and TNOM = 27.000000

Using SPARSE 1.3 as Direct Linear Solver
 Reference value :  1.00000e-02
No. of Data Rows : 4401
dcg                 =  1.43663e+02
f0                  =  8.29143e+05
phx                 =  -1.95914e+02
f180                =  6.38950e+05
gmx                 =  4.22208e+00
 meas ac f0r when tdb=0 rise=1 failed!

tres                =  -1.50175e-01 at=  8.36566e+05
ROW iload_a=0.001 ceff_f=3.3e-07 esr_ohm=0.001 vout_v=1.79941 dcgain_db=143.663 f0_hz=829143 phase_at_f0_deg=-195.914 f180_hz=638950 gain_at_f180_db=4.22208 f0_rising_hz= resurgence_db=-0.150175
Doing analysis at TEMP = -40.000000 and TNOM = 27.000000

Using SPARSE 1.3 as Direct Linear Solver
 Reference value :  0.00000e+00
No. of Data Rows : 1
Doing analysis at TEMP = -40.000000 and TNOM = 27.000000

Using SPARSE 1.3 as Direct Linear Solver
 Reference value :  4.31519e+08
No. of Data Rows : 4401
Doing analysis at TEMP = -40.000000 and TNOM = 27.000000

Using SPARSE 1.3 as Direct Linear Solver
 Reference value :  1.00000e-02
No. of Data Rows : 4401
dcg                 =  1.43663e+02
f0                  =  8.30805e+05
phx                 =  -1.91220e+02
f180                =  6.83513e+05
gmx                 =  3.18250e+00
 meas ac f0r when tdb=0 rise=1 failed!

tres                =  -1.15963e-01 at=  8.36566e+05
ROW iload_a=0.001 ceff_f=3.3e-07 esr_ohm=0.05 vout_v=1.79941 dcgain_db=143.663 f0_hz=830805 phase_at_f0_deg=-191.22 f180_hz=683513 gain_at_f180_db=3.1825 f0_rising_hz= resurgence_db=-0.115963
Doing analysis at TEMP = -40.000000 and TNOM = 27.000000

Using SPARSE 1.3 as Direct Linear Solver
 Reference value :  0.00000e+00
No. of Data Rows : 1
Doing analysis at TEMP = -40.000000 and TNOM = 27.000000

Using SPARSE 1.3 as Direct Linear Solver
 Reference value :  1.00000e-02
No. of Data Rows : 4401
Doing analysis at TEMP = -40.000000 and TNOM = 27.000000

Using SPARSE 1.3 as Direct Linear Solver
 Reference value :  1.00000e-02
No. of Data Rows : 4401
dcg                 =  1.43663e+02
f0                  =  8.55113e+05
phx                 =  -1.78505e+02
f180                =  8.82456e+05
gmx                 =  -5.04410e-01
 meas ac f0r when tdb=0 rise=1 failed!

tres                =  -1.09597e-01 at=  8.60994e+05
ROW iload_a=0.001 ceff_f=3.3e-07 esr_ohm=0.2 vout_v=1.79941 dcgain_db=143.663 f0_hz=855113 phase_at_f0_deg=-178.506 f180_hz=882456 gain_at_f180_db=-0.50441 f0_rising_hz= resurgence_db=-0.109597
Doing analysis at TEMP = -40.000000 and TNOM = 27.000000

Using SPARSE 1.3 as Direct Linear Solver
 Reference value :  0.00000e+00
No. of Data Rows : 1
Doing analysis at TEMP = -40.000000 and TNOM = 27.000000

Using SPARSE 1.3 as Direct Linear Solver
 Reference value :  1.00000e-02
No. of Data Rows : 4401
Doing analysis at TEMP = -40.000000 and TNOM = 27.000000

Using SPARSE 1.3 as Direct Linear Solver
 Reference value :  1.00000e-02
No. of Data Rows : 4401
dcg                 =  1.43663e+02
f0                  =  9.95983e+05
phx                 =  -1.62526e+02
f180                =  1.41481e+06
gmx                 =  -4.79418e+00
 meas ac f0r when tdb=0 rise=1 failed!

tres                =  -1.29614e-01 at=  1.00577e+06
ROW iload_a=0.001 ceff_f=3.3e-07 esr_ohm=0.5 vout_v=1.79941 dcgain_db=143.663 f0_hz=995982 phase_at_f0_deg=-162.526 f180_hz=1.41481E+06 gain_at_f180_db=-4.79418 f0_rising_hz= resurgence_db=-0.129614
Doing analysis at TEMP = -40.000000 and TNOM = 27.000000

Using SPARSE 1.3 as Direct Linear Solver
 Reference value :  0.00000e+00
No. of Data Rows : 1
Doing analysis at TEMP = -40.000000 and TNOM = 27.000000

Using SPARSE 1.3 as Direct Linear Solver
 Reference value :  1.00000e-02
No. of Data Rows : 4401
Doing analysis at TEMP = -40.000000 and TNOM = 27.000000

Using SPARSE 1.3 as Direct Linear Solver
 Reference value :  1.00000e-02
No. of Data Rows : 4401
dcg                 =  1.43663e+02
f0                  =  4.42700e+05
phx                 =  -1.59732e+02
f180                =  6.41982e+05
gmx                 =  -5.47950e+00
 meas ac f0r when tdb=0 rise=1 failed!

tres                =  -1.24308e-01 at=  4.46684e+05
ROW iload_a=0.001 ceff_f=1e-06 esr_ohm=0.001 vout_v=1.79941 dcgain_db=143.663 f0_hz=442700 phase_at_f0_deg=-159.732 f180_hz=641982 gain_at_f180_db=-5.4795 f0_rising_hz= resurgence_db=-0.124308
Doing analysis at TEMP = -40.000000 and TNOM = 27.000000

Using SPARSE 1.3 as Direct Linear Solver
 Reference value :  0.00000e+00
No. of Data Rows : 1
Doing analysis at TEMP = -40.000000 and TNOM = 27.000000

Using SPARSE 1.3 as Direct Linear Solver
 Reference value :  1.00000e-02
No. of Data Rows : 4401
Doing analysis at TEMP = -40.000000 and TNOM = 27.000000

Using SPARSE 1.3 as Direct Linear Solver
 Reference value :  1.00000e-02
No. of Data Rows : 4401
dcg                 =  1.43663e+02
f0                  =  4.45434e+05
phx                 =  -1.52247e+02
f180                =  8.09970e+05
gmx                 =  -8.95139e+00
 meas ac f0r when tdb=0 rise=1 failed!

tres                =  -1.17521e-01 at=  4.49262e+05
ROW iload_a=0.001 ceff_f=1e-06 esr_ohm=0.05 vout_v=1.79941 dcgain_db=143.663 f0_hz=445434 phase_at_f0_deg=-152.247 f180_hz=809970 gain_at_f180_db=-8.95139 f0_rising_hz= resurgence_db=-0.117521
Doing analysis at TEMP = -40.000000 and TNOM = 27.000000

Using SPARSE 1.3 as Direct Linear Solver
 Reference value :  0.00000e+00
No. of Data Rows : 1
Doing analysis at TEMP = -40.000000 and TNOM = 27.000000

Using SPARSE 1.3 as Direct Linear Solver
 Reference value :  1.00000e-02
No. of Data Rows : 4401
Doing analysis at TEMP = -40.000000 and TNOM = 27.000000

Using SPARSE 1.3 as Direct Linear Solver
 Reference value :  1.00000e-02
No. of Data Rows : 4401
dcg                 =  1.43663e+02
f0                  =  4.88774e+05
phx                 =  -1.33555e+02
f180                =  1.54153e+06
gmx                 =  -1.43173e+01
 meas ac f0r when tdb=0 rise=1 failed!

tres                =  -9.32706e-02 at=  4.92606e+05
ROW iload_a=0.001 ceff_f=1e-06 esr_ohm=0.2 vout_v=1.79941 dcgain_db=143.663 f0_hz=488774 phase_at_f0_deg=-133.555 f180_hz=1.54153E+06 gain_at_f180_db=-14.3173 f0_rising_hz= resurgence_db=-0.0932706
Doing analysis at TEMP = -40.000000 and TNOM = 27.000000

Using SPARSE 1.3 as Direct Linear Solver
 Reference value :  0.00000e+00
No. of Data Rows : 1
Doing analysis at TEMP = -40.000000 and TNOM = 27.000000

Using SPARSE 1.3 as Direct Linear Solver
 Reference value :  1.00000e-02
No. of Data Rows : 4401
Doing analysis at TEMP = -40.000000 and TNOM = 27.000000

Using SPARSE 1.3 as Direct Linear Solver
 Reference value :  1.00000e-02
No. of Data Rows : 4401
dcg                 =  1.43663e+02
f0                  =  7.68181e+05
phx                 =  -1.23762e+02
f180                =  1.84628e+06
gmx                 =  -9.77447e+00
 meas ac f0r when tdb=0 rise=1 failed!

tres                =  -9.41180e-02 at=  7.76247e+05
ROW iload_a=0.001 ceff_f=1e-06 esr_ohm=0.5 vout_v=1.79941 dcgain_db=143.663 f0_hz=768181 phase_at_f0_deg=-123.762 f180_hz=1.84628E+06 gain_at_f180_db=-9.77447 f0_rising_hz= resurgence_db=-0.094118
Doing analysis at TEMP = -40.000000 and TNOM = 27.000000

Using SPARSE 1.3 as Direct Linear Solver
 Reference value :  0.00000e+00
No. of Data Rows : 1
Doing analysis at TEMP = -40.000000 and TNOM = 27.000000

Using SPARSE 1.3 as Direct Linear Solver
 Reference value :  1.00000e-02
No. of Data Rows : 4401
Doing analysis at TEMP = -40.000000 and TNOM = 27.000000

Using SPARSE 1.3 as Direct Linear Solver
 Reference value :  1.00000e-02
No. of Data Rows : 4401
dcg                 =  1.43663e+02
f0                  =  1.34020e+05
phx                 =  -1.12006e+02
f180                =  6.60748e+05
gmx                 =  -1.93684e+01
 meas ac f0r when tdb=0 rise=1 failed!

tres                =  -5.99305e-02 at=  1.34896e+05
ROW iload_a=0.001 ceff_f=4.7e-06 esr_ohm=0.001 vout_v=1.79941 dcgain_db=143.663 f0_hz=134020 phase_at_f0_deg=-112.006 f180_hz=660748 gain_at_f180_db=-19.3684 f0_rising_hz= resurgence_db=-0.0599305
Doing analysis at TEMP = -40.000000 and TNOM = 27.000000

Using SPARSE 1.3 as Direct Linear Solver
 Reference value :  0.00000e+00
No. of Data Rows : 1
Doing analysis at TEMP = -40.000000 and TNOM = 27.000000

Using SPARSE 1.3 as Direct Linear Solver
 Reference value :  1.00000e-02
No. of Data Rows : 4401
Doing analysis at TEMP = -40.000000 and TNOM = 27.000000

Using SPARSE 1.3 as Direct Linear Solver
 Reference value :  1.00000e-02
No. of Data Rows : 4401
dcg                 =  1.43663e+02
f0                  =  1.36563e+05
phx                 =  -1.01350e+02
f180                =  1.69029e+06
gmx                 =  -2.73158e+01
 meas ac f0r when tdb=0 rise=1 failed!

tres                =  -9.56511e-02 at=  1.38038e+05
ROW iload_a=0.001 ceff_f=4.7e-06 esr_ohm=0.05 vout_v=1.79941 dcgain_db=143.663 f0_hz=136563 phase_at_f0_deg=-101.35 f180_hz=1.69029E+06 gain_at_f180_db=-27.3158 f0_rising_hz= resurgence_db=-0.0956511
Doing analysis at TEMP = -40.000000 and TNOM = 27.000000

Using SPARSE 1.3 as Direct Linear Solver
 Reference value :  0.00000e+00
No. of Data Rows : 1
Doing analysis at TEMP = -40.000000 and TNOM = 27.000000

Using SPARSE 1.3 as Direct Linear Solver
 Reference value :  1.00000e-02
No. of Data Rows : 4401
Doing analysis at TEMP = -40.000000 and TNOM = 27.000000

Using SPARSE 1.3 as Direct Linear Solver
 Reference value :  1.00000e-02
No. of Data Rows : 4401
dcg                 =  1.43663e+02
f0                  =  1.96069e+05
phx                 =  -7.49560e+01
f180                =  1.95080e+06
gmx                 =  -1.84537e+01
 meas ac f0r when tdb=0 rise=1 failed!

tres                =  -3.16994e-02 at=  1.97242e+05
ROW iload_a=0.001 ceff_f=4.7e-06 esr_ohm=0.2 vout_v=1.79941 dcgain_db=143.663 f0_hz=196069 phase_at_f0_deg=-74.956 f180_hz=1.9508E+06 gain_at_f180_db=-18.4537 f0_rising_hz= resurgence_db=-0.0316994
Doing analysis at TEMP = -40.000000 and TNOM = 27.000000

Using SPARSE 1.3 as Direct Linear Solver
 Reference value :  0.00000e+00
No. of Data Rows : 1
Doing analysis at TEMP = -40.000000 and TNOM = 27.000000

Using SPARSE 1.3 as Direct Linear Solver
 Reference value :  1.28086e-02
No. of Data Rows : 4401
Doing analysis at TEMP = -40.000000 and TNOM = 27.000000

Using SPARSE 1.3 as Direct Linear Solver
 Reference value :  1.00000e-02
No. of Data Rows : 4401
dcg                 =  1.43663e+02
f0                  =  7.05130e+05
phx                 =  -1.01506e+02
f180                =  1.99758e+06
gmx                 =  -1.10958e+01
 meas ac f0r when tdb=0 rise=1 failed!

tres                =  -7.23696e-02 at=  7.12033e+05
ROW iload_a=0.001 ceff_f=4.7e-06 esr_ohm=0.5 vout_v=1.79941 dcgain_db=143.663 f0_hz=705130 phase_at_f0_deg=-101.506 f180_hz=1.99758E+06 gain_at_f180_db=-11.0958 f0_rising_hz= resurgence_db=-0.0723696
Doing analysis at TEMP = -40.000000 and TNOM = 27.000000

Using SPARSE 1.3 as Direct Linear Solver
 Reference value :  0.00000e+00
No. of Data Rows : 1
Doing analysis at TEMP = -40.000000 and TNOM = 27.000000

Using SPARSE 1.3 as Direct Linear Solver
 Reference value :  1.66917e-02
No. of Data Rows : 4401
Doing analysis at TEMP = -40.000000 and TNOM = 27.000000

Using SPARSE 1.3 as Direct Linear Solver
 Reference value :  1.00000e-02
No. of Data Rows : 4401
dcg                 =  1.42480e+02
f0                  =  1.58802e+06
phx                 =  -2.47171e+02
f180                =  6.34768e+05
gmx                 =  1.66558e+01
 meas ac f0r when tdb=0 rise=1 failed!

tres                =  -2.09787e-01 at=  1.60325e+06
ROW iload_a=0.01 ceff_f=3.3e-07 esr_ohm=0.001 vout_v=1.79941 dcgain_db=142.48 f0_hz=1.58802E+06 phase_at_f0_deg=-247.171 f180_hz=634768 gain_at_f180_db=16.6558 f0_rising_hz= resurgence_db=-0.209788
Doing analysis at TEMP = -40.000000 and TNOM = 27.000000

Using SPARSE 1.3 as Direct Linear Solver
 Reference value :  0.00000e+00
No. of Data Rows : 1
Doing analysis at TEMP = -40.000000 and TNOM = 27.000000

Using SPARSE 1.3 as Direct Linear Solver
 Reference value :  1.00000e-02
No. of Data Rows : 4401
Doing analysis at TEMP = -40.000000 and TNOM = 27.000000

Using SPARSE 1.3 as Direct Linear Solver
 Reference value :  1.00000e-02
No. of Data Rows : 4401
dcg                 =  1.42480e+02
f0                  =  1.59688e+06
phx                 =  -2.38479e+02
f180                =  6.77994e+05
gmx                 =  1.56414e+01
 meas ac f0r when tdb=0 rise=1 failed!

tres                =  -2.12248e-01 at=  1.61250e+06
ROW iload_a=0.01 ceff_f=3.3e-07 esr_ohm=0.05 vout_v=1.79941 dcgain_db=142.48 f0_hz=1.59688E+06 phase_at_f0_deg=-238.479 f180_hz=677994 gain_at_f180_db=15.6414 f0_rising_hz= resurgence_db=-0.212248
Doing analysis at TEMP = -40.000000 and TNOM = 27.000000

Using SPARSE 1.3 as Direct Linear Solver
 Reference value :  0.00000e+00
No. of Data Rows : 1
Doing analysis at TEMP = -40.000000 and TNOM = 27.000000

Using SPARSE 1.3 as Direct Linear Solver
 Reference value :  1.46218e+04
No. of Data Rows : 4401
Doing analysis at TEMP = -40.000000 and TNOM = 27.000000

Using SPARSE 1.3 as Direct Linear Solver
 Reference value :  1.00000e-02
No. of Data Rows : 4401
dcg                 =  1.42480e+02
f0                  =  1.72121e+06
phx                 =  -2.19499e+02
f180                =  8.68543e+05
gmx                 =  1.20701e+01
 meas ac f0r when tdb=0 rise=1 failed!

tres                =  -1.92215e-01 at=  1.73780e+06
ROW iload_a=0.01 ceff_f=3.3e-07 esr_ohm=0.2 vout_v=1.79941 dcgain_db=142.48 f0_hz=1.72121E+06 phase_at_f0_deg=-219.499 f180_hz=868543 gain_at_f180_db=12.0701 f0_rising_hz= resurgence_db=-0.192215
Doing analysis at TEMP = -40.000000 and TNOM = 27.000000

Using SPARSE 1.3 as Direct Linear Solver
 Reference value :  0.00000e+00
No. of Data Rows : 1
Doing analysis at TEMP = -40.000000 and TNOM = 27.000000

Using SPARSE 1.3 as Direct Linear Solver
 Reference value :  1.12202e+07
No. of Data Rows : 4401
Doing analysis at TEMP = -40.000000 and TNOM = 27.000000

Using SPARSE 1.3 as Direct Linear Solver
 Reference value :  1.00000e-02
No. of Data Rows : 4401
dcg                 =  1.42480e+02
f0                  =  2.20455e+06
phx                 =  -2.13499e+02
f180                =  1.37954e+06
gmx                 =  7.80868e+00
 meas ac f0r when tdb=0 rise=1 failed!

tres                =  -1.89166e-01 at=  2.22587e+06
ROW iload_a=0.01 ceff_f=3.3e-07 esr_ohm=0.5 vout_v=1.79941 dcgain_db=142.48 f0_hz=2.20455E+06 phase_at_f0_deg=-213.499 f180_hz=1.37954E+06 gain_at_f180_db=7.80868 f0_rising_hz= resurgence_db=-0.189166
Doing analysis at TEMP = -40.000000 and TNOM = 27.000000

Using SPARSE 1.3 as Direct Linear Solver

No. of Data Rows : 1
Doing analysis at TEMP = -40.000000 and TNOM = 27.000000

Using SPARSE 1.3 as Direct Linear Solver
 Reference value :  1.00000e-02
No. of Data Rows : 4401
Doing analysis at TEMP = -40.000000 and TNOM = 27.000000

Using SPARSE 1.3 as Direct Linear Solver
 Reference value :  1.00000e-02
No. of Data Rows : 4401
dcg                 =  1.42480e+02
f0                  =  9.69906e+05
phx                 =  -2.06963e+02
f180                =  6.36183e+05
gmx                 =  6.99937e+00
 meas ac f0r when tdb=0 rise=1 failed!

tres                =  -1.33457e-01 at=  9.77237e+05
ROW iload_a=0.01 ceff_f=1e-06 esr_ohm=0.001 vout_v=1.79941 dcgain_db=142.48 f0_hz=969906 phase_at_f0_deg=-206.963 f180_hz=636183 gain_at_f180_db=6.99937 f0_rising_hz= resurgence_db=-0.133457
Doing analysis at TEMP = -40.000000 and TNOM = 27.000000

Using SPARSE 1.3 as Direct Linear Solver
 Reference value :  0.00000e+00
No. of Data Rows : 1
Doing analysis at TEMP = -40.000000 and TNOM = 27.000000

Using SPARSE 1.3 as Direct Linear Solver
 Reference value :  2.61517e-02
No. of Data Rows : 4401
Doing analysis at TEMP = -40.000000 and TNOM = 27.000000

Using SPARSE 1.3 as Direct Linear Solver
 Reference value :  1.00000e-02
No. of Data Rows : 4401
dcg                 =  1.42480e+02
f0                  =  9.92537e+05
phx                 =  -1.91645e+02
f180                =  7.96106e+05
gmx                 =  3.65365e+00
 meas ac f0r when tdb=0 rise=1 failed!

tres                =  -1.27750e-01 at=  1.00000e+06
ROW iload_a=0.01 ceff_f=1e-06 esr_ohm=0.05 vout_v=1.79941 dcgain_db=142.48 f0_hz=992537 phase_at_f0_deg=-191.645 f180_hz=796106 gain_at_f180_db=3.65365 f0_rising_hz= resurgence_db=-0.12775
Doing analysis at TEMP = -40.000000 and TNOM = 27.000000

Using SPARSE 1.3 as Direct Linear Solver
 Reference value :  0.00000e+00
No. of Data Rows : 1
Doing analysis at TEMP = -40.000000 and TNOM = 27.000000

Using SPARSE 1.3 as Direct Linear Solver
 Reference value :  1.00000e-02
No. of Data Rows : 4401
Doing analysis at TEMP = -40.000000 and TNOM = 27.000000

Using SPARSE 1.3 as Direct Linear Solver
 Reference value :  1.00000e-02
No. of Data Rows : 4401
dcg                 =  1.42480e+02
f0                  =  1.32018e+06
phx                 =  -1.72261e+02
f180                =  1.49518e+06
gmx                 =  -1.72627e+00
 meas ac f0r when tdb=0 rise=1 failed!

tres                =  -1.35684e-01 at=  1.33352e+06
ROW iload_a=0.01 ceff_f=1e-06 esr_ohm=0.2 vout_v=1.79941 dcgain_db=142.48 f0_hz=1.32018E+06 phase_at_f0_deg=-172.261 f180_hz=1.49518E+06 gain_at_f180_db=-1.72627 f0_rising_hz= resurgence_db=-0.135684
Doing analysis at TEMP = -40.000000 and TNOM = 27.000000

Using SPARSE 1.3 as Direct Linear Solver
 Reference value :  0.00000e+00
No. of Data Rows : 1
Doing analysis at TEMP = -40.000000 and TNOM = 27.000000

Using SPARSE 1.3 as Direct Linear Solver
 Reference value :  1.00000e-02
No. of Data Rows : 4401
Doing analysis at TEMP = -40.000000 and TNOM = 27.000000

Using SPARSE 1.3 as Direct Linear Solver
 Reference value :  1.00000e-02
No. of Data Rows : 4401
dcg                 =  1.42480e+02
f0                  =  2.12604e+06
phx                 =  -1.94793e+02
f180                =  1.80674e+06
gmx                 =  2.67616e+00
 meas ac f0r when tdb=0 rise=1 failed!

tres                =  -2.02459e-01 at=  2.15030e+06
ROW iload_a=0.01 ceff_f=1e-06 esr_ohm=0.5 vout_v=1.79941 dcgain_db=142.48 f0_hz=2.12604E+06 phase_at_f0_deg=-194.793 f180_hz=1.80674E+06 gain_at_f180_db=2.67616 f0_rising_hz= resurgence_db=-0.202459
Doing analysis at TEMP = -40.000000 and TNOM = 27.000000

Using SPARSE 1.3 as Direct Linear Solver
 Reference value :  0.00000e+00
No. of Data Rows : 1
Doing analysis at TEMP = -40.000000 and TNOM = 27.000000

Using SPARSE 1.3 as Direct Linear Solver
 Reference value :  2.80221e+03
No. of Data Rows : 4401
Doing analysis at TEMP = -40.000000 and TNOM = 27.000000

Using SPARSE 1.3 as Direct Linear Solver
 Reference value :  1.00000e-02
No. of Data Rows : 4401
dcg                 =  1.42480e+02
f0                  =  4.08160e+05
phx                 =  -1.55195e+02
f180                =  6.47319e+05
gmx                 =  -6.70842e+00
 meas ac f0r when tdb=0 rise=1 failed!

tres                =  -1.29134e-01 at=  4.12098e+05
ROW iload_a=0.01 ceff_f=4.7e-06 esr_ohm=0.001 vout_v=1.79941 dcgain_db=142.48 f0_hz=408160 phase_at_f0_deg=-155.195 f180_hz=647320 gain_at_f180_db=-6.70842 f0_rising_hz= resurgence_db=-0.129134
Doing analysis at TEMP = -40.000000 and TNOM = 27.000000

Using SPARSE 1.3 as Direct Linear Solver
 Reference value :  0.00000e+00
No. of Data Rows : 1
Doing analysis at TEMP = -40.000000 and TNOM = 27.000000

Using SPARSE 1.3 as Direct Linear Solver
 Reference value :  2.35776e-01
No. of Data Rows : 4401
Doing analysis at TEMP = -40.000000 and TNOM = 27.000000

Using SPARSE 1.3 as Direct Linear Solver
 Reference value :  1.00000e-02
No. of Data Rows : 4401
dcg                 =  1.42480e+02
f0                  =  4.60459e+05
phx                 =  -1.27940e+02
f180                =  1.59070e+06
gmx                 =  -1.47815e+01
 meas ac f0r when tdb=0 rise=1 failed!

tres                =  -1.11712e-01 at=  4.65050e+05
ROW iload_a=0.01 ceff_f=4.7e-06 esr_ohm=0.05 vout_v=1.79941 dcgain_db=142.48 f0_hz=460459 phase_at_f0_deg=-127.94 f180_hz=1.5907E+06 gain_at_f180_db=-14.7815 f0_rising_hz= resurgence_db=-0.111712
Doing analysis at TEMP = -40.000000 and TNOM = 27.000000

Using SPARSE 1.3 as Direct Linear Solver
 Reference value :  0.00000e+00
No. of Data Rows : 1
Doing analysis at TEMP = -40.000000 and TNOM = 27.000000

Using SPARSE 1.3 as Direct Linear Solver
 Reference value :  1.75792e-02
No. of Data Rows : 4401
Doing analysis at TEMP = -40.000000 and TNOM = 27.000000

Using SPARSE 1.3 as Direct Linear Solver
 Reference value :  1.00000e-02
No. of Data Rows : 4401
dcg                 =  1.42480e+02
f0                  =  1.17489e+06
phx                 =  -1.39990e+02
f180                =  1.90260e+06
gmx                 =  -6.11123e+00
 meas ac f0r when tdb=0 rise=1 failed!

tres                =  -5.98715e-02 at=  1.18168e+06
ROW iload_a=0.01 ceff_f=4.7e-06 esr_ohm=0.2 vout_v=1.79941 dcgain_db=142.48 f0_hz=1.17489E+06 phase_at_f0_deg=-139.99 f180_hz=1.9026E+06 gain_at_f180_db=-6.11123 f0_rising_hz= resurgence_db=-0.0598715
Doing analysis at TEMP = -40.000000 and TNOM = 27.000000

Using SPARSE 1.3 as Direct Linear Solver
 Reference value :  0.00000e+00
No. of Data Rows : 1
Doing analysis at TEMP = -40.000000 and TNOM = 27.000000

Using SPARSE 1.3 as Direct Linear Solver
 Reference value :  1.70805e-01
No. of Data Rows : 4401
Doing analysis at TEMP = -40.000000 and TNOM = 27.000000

Using SPARSE 1.3 as Direct Linear Solver
 Reference value :  1.00000e-02
No. of Data Rows : 4401
dcg                 =  1.42480e+02
f0                  =  2.11556e+06
phx                 =  -1.87656e+02
f180                =  1.95808e+06
gmx                 =  1.30218e+00
 meas ac f0r when tdb=0 rise=1 failed!

tres                =  -1.85078e-01 at=  2.13796e+06
ROW iload_a=0.01 ceff_f=4.7e-06 esr_ohm=0.5 vout_v=1.79941 dcgain_db=142.48 f0_hz=2.11556E+06 phase_at_f0_deg=-187.656 f180_hz=1.95808E+06 gain_at_f180_db=1.30218 f0_rising_hz= resurgence_db=-0.185079
Doing analysis at TEMP = -40.000000 and TNOM = 27.000000

Using SPARSE 1.3 as Direct Linear Solver
 Reference value :  0.00000e+00
No. of Data Rows : 1
Doing analysis at TEMP = -40.000000 and TNOM = 27.000000

Using SPARSE 1.3 as Direct Linear Solver
 Reference value :  1.16815e+01
No. of Data Rows : 4401
Doing analysis at TEMP = -40.000000 and TNOM = 27.000000

Using SPARSE 1.3 as Direct Linear Solver
 Reference value :  1.00000e-02
No. of Data Rows : 4401
dcg                 =  1.40976e+02
f0                  =  1.84193e+06
phx                 =  -2.61778e+02
f180                =  6.34318e+05
gmx                 =  2.00947e+01
 meas ac f0r when tdb=0 rise=1 failed!

tres                =  -2.63204e-01 at=  1.86209e+06
ROW iload_a=0.025 ceff_f=3.3e-07 esr_ohm=0.001 vout_v=1.79941 dcgain_db=140.976 f0_hz=1.84193E+06 phase_at_f0_deg=-261.778 f180_hz=634318 gain_at_f180_db=20.0947 f0_rising_hz= resurgence_db=-0.263204
Doing analysis at TEMP = -40.000000 and TNOM = 27.000000

Using SPARSE 1.3 as Direct Linear Solver
 Reference value :  0.00000e+00
No. of Data Rows : 1
Doing analysis at TEMP = -40.000000 and TNOM = 27.000000

Using SPARSE 1.3 as Direct Linear Solver
 Reference value :  1.30317e+01
No. of Data Rows : 4401
Doing analysis at TEMP = -40.000000 and TNOM = 27.000000

Using SPARSE 1.3 as Direct Linear Solver
 Reference value :  1.00000e-02
No. of Data Rows : 4401
dcg                 =  1.40976e+02
f0                  =  1.85437e+06
phx                 =  -2.51788e+02
f180                =  6.77216e+05
gmx                 =  1.90870e+01
 meas ac f0r when tdb=0 rise=1 failed!

tres                =  -2.37263e-01 at=  1.87284e+06
ROW iload_a=0.025 ceff_f=3.3e-07 esr_ohm=0.05 vout_v=1.79941 dcgain_db=140.976 f0_hz=1.85436E+06 phase_at_f0_deg=-251.788 f180_hz=677216 gain_at_f180_db=19.087 f0_rising_hz= resurgence_db=-0.237263
Doing analysis at TEMP = -40.000000 and TNOM = 27.000000

Using SPARSE 1.3 as Direct Linear Solver
 Reference value :  0.00000e+00
No. of Data Rows : 1
Doing analysis at TEMP = -40.000000 and TNOM = 27.000000

Using SPARSE 1.3 as Direct Linear Solver
 Reference value :  3.52777e+02
No. of Data Rows : 4401
Doing analysis at TEMP = -40.000000 and TNOM = 27.000000

Using SPARSE 1.3 as Direct Linear Solver
 Reference value :  1.00000e-02
No. of Data Rows : 4401
dcg                 =  1.40976e+02
f0                  =  2.02346e+06
phx                 =  -2.31488e+02
f180                =  8.65661e+05
gmx                 =  1.55482e+01
 meas ac f0r when tdb=0 rise=1 failed!

tres                =  -1.97738e-01 at=  2.04174e+06
ROW iload_a=0.025 ceff_f=3.3e-07 esr_ohm=0.2 vout_v=1.79941 dcgain_db=140.976 f0_hz=2.02346E+06 phase_at_f0_deg=-231.488 f180_hz=865661 gain_at_f180_db=15.5482 f0_rising_hz= resurgence_db=-0.197738
Doing analysis at TEMP = -40.000000 and TNOM = 27.000000

Using SPARSE 1.3 as Direct Linear Solver
 Reference value :  0.00000e+00
No. of Data Rows : 1
Doing analysis at TEMP = -40.000000 and TNOM = 27.000000

Using SPARSE 1.3 as Direct Linear Solver
 Reference value :  1.00000e-02
No. of Data Rows : 4401
Doing analysis at TEMP = -40.000000 and TNOM = 27.000000

Using SPARSE 1.3 as Direct Linear Solver
 Reference value :  1.00000e-02
No. of Data Rows : 4401
dcg                 =  1.40976e+02
f0                  =  2.58818e+06
phx                 =  -2.27130e+02
f180                =  1.37031e+06
gmx                 =  1.13108e+01
 meas ac f0r when tdb=0 rise=1 failed!

tres                =  -2.30279e-01 at=  2.61517e+06
ROW iload_a=0.025 ceff_f=3.3e-07 esr_ohm=0.5 vout_v=1.79941 dcgain_db=140.976 f0_hz=2.58818E+06 phase_at_f0_deg=-227.13 f180_hz=1.37031E+06 gain_at_f180_db=11.3108 f0_rising_hz= resurgence_db=-0.230279
Doing analysis at TEMP = -40.000000 and TNOM = 27.000000

Using SPARSE 1.3 as Direct Linear Solver
 Reference value :  0.00000e+00
No. of Data Rows : 1
Doing analysis at TEMP = -40.000000 and TNOM = 27.000000

Using SPARSE 1.3 as Direct Linear Solver
 Reference value :  1.00000e-02
No. of Data Rows : 4401
Doing analysis at TEMP = -40.000000 and TNOM = 27.000000

Using SPARSE 1.3 as Direct Linear Solver
 Reference value :  1.00000e-02
No. of Data Rows : 4401
dcg                 =  1.40976e+02
f0                  =  1.16994e+06
phx                 =  -2.21132e+02
f180                =  6.35186e+05
gmx                 =  1.04555e+01
 meas ac f0r when tdb=0 rise=1 failed!

tres                =  -1.89596e-01 at=  1.18168e+06
ROW iload_a=0.025 ceff_f=1e-06 esr_ohm=0.001 vout_v=1.79941 dcgain_db=140.976 f0_hz=1.16994E+06 phase_at_f0_deg=-221.132 f180_hz=635186 gain_at_f180_db=10.4555 f0_rising_hz= resurgence_db=-0.189596
Doing analysis at TEMP = -40.000000 and TNOM = 27.000000

Using SPARSE 1.3 as Direct Linear Solver
 Reference value :  0.00000e+00
No. of Data Rows : 1
Doing analysis at TEMP = -40.000000 and TNOM = 27.000000

Using SPARSE 1.3 as Direct Linear Solver
 Reference value :  1.00000e-02
No. of Data Rows : 4401
Doing analysis at TEMP = -40.000000 and TNOM = 27.000000

Using SPARSE 1.3 as Direct Linear Solver
 Reference value :  1.00000e-02
No. of Data Rows : 4401
dcg                 =  1.40976e+02
f0                  =  1.20687e+06
phx                 =  -2.03273e+02
f180                =  7.93425e+05
gmx                 =  7.13865e+00
 meas ac f0r when tdb=0 rise=1 failed!

tres                =  -1.39057e-01 at=  1.21619e+06
ROW iload_a=0.025 ceff_f=1e-06 esr_ohm=0.05 vout_v=1.79941 dcgain_db=140.976 f0_hz=1.20687E+06 phase_at_f0_deg=-203.273 f180_hz=793425 gain_at_f180_db=7.13865 f0_rising_hz= resurgence_db=-0.139057
Doing analysis at TEMP = -40.000000 and TNOM = 27.000000

Using SPARSE 1.3 as Direct Linear Solver
 Reference value :  0.00000e+00
No. of Data Rows : 1
Doing analysis at TEMP = -40.000000 and TNOM = 27.000000

Using SPARSE 1.3 as Direct Linear Solver
 Reference value :  1.00000e-02
No. of Data Rows : 4401
Doing analysis at TEMP = -40.000000 and TNOM = 27.000000

Using SPARSE 1.3 as Direct Linear Solver
 Reference value :  1.00000e-02
No. of Data Rows : 4401
dcg                 =  1.40976e+02
f0                  =  1.67268e+06
phx                 =  -1.88290e+02
f180                =  1.48456e+06
gmx                 =  1.77740e+00
 meas ac f0r when tdb=0 rise=1 failed!

tres                =  -1.46303e-01 at=  1.68850e+06
ROW iload_a=0.025 ceff_f=1e-06 esr_ohm=0.2 vout_v=1.79941 dcgain_db=140.976 f0_hz=1.67268E+06 phase_at_f0_deg=-188.29 f180_hz=1.48456E+06 gain_at_f180_db=1.7774 f0_rising_hz= resurgence_db=-0.146303
Doing analysis at TEMP = -40.000000 and TNOM = 27.000000

Using SPARSE 1.3 as Direct Linear Solver
 Reference value :  0.00000e+00
No. of Data Rows : 1
Doing analysis at TEMP = -40.000000 and TNOM = 27.000000

Using SPARSE 1.3 as Direct Linear Solver
 Reference value :  1.00000e-02
No. of Data Rows : 4401
Doing analysis at TEMP = -40.000000 and TNOM = 27.000000

Using SPARSE 1.3 as Direct Linear Solver
 Reference value :  1.00000e-02
No. of Data Rows : 4401
dcg                 =  1.40976e+02
f0                  =  2.52930e+06
phx                 =  -2.11675e+02
f180                =  1.79560e+06
gmx                 =  6.15268e+00
 meas ac f0r when tdb=0 rise=1 failed!

tres                =  -2.16491e-01 at=  2.55564e+06
ROW iload_a=0.025 ceff_f=1e-06 esr_ohm=0.5 vout_v=1.79941 dcgain_db=140.976 f0_hz=2.52930E+06 phase_at_f0_deg=-211.675 f180_hz=1.7956E+06 gain_at_f180_db=6.15268 f0_rising_hz= resurgence_db=-0.216491
Doing analysis at TEMP = -40.000000 and TNOM = 27.000000

Using SPARSE 1.3 as Direct Linear Solver
 Reference value :  0.00000e+00
No. of Data Rows : 1
Doing analysis at TEMP = -40.000000 and TNOM = 27.000000

Using SPARSE 1.3 as Direct Linear Solver
 Reference value :  1.00000e-02
No. of Data Rows : 4401
Doing analysis at TEMP = -40.000000 and TNOM = 27.000000

Using SPARSE 1.3 as Direct Linear Solver
 Reference value :  1.00000e-02
No. of Data Rows : 4401
dcg                 =  1.40976e+02
f0                  =  5.21321e+05
phx                 =  -1.68004e+02
f180                =  6.45406e+05
gmx                 =  -3.22902e+00
 meas ac f0r when tdb=0 rise=1 failed!

tres                =  -9.75127e-02 at=  5.24807e+05
ROW iload_a=0.025 ceff_f=4.7e-06 esr_ohm=0.001 vout_v=1.79941 dcgain_db=140.976 f0_hz=521321 phase_at_f0_deg=-168.004 f180_hz=645406 gain_at_f180_db=-3.22902 f0_rising_hz= resurgence_db=-0.0975127
Doing analysis at TEMP = -40.000000 and TNOM = 27.000000

Using SPARSE 1.3 as Direct Linear Solver
 Reference value :  0.00000e+00
No. of Data Rows : 1
Doing analysis at TEMP = -40.000000 and TNOM = 27.000000

Using SPARSE 1.3 as Direct Linear Solver
 Reference value :  1.00000e-02
No. of Data Rows : 4401
Doing analysis at TEMP = -40.000000 and TNOM = 27.000000

Using SPARSE 1.3 as Direct Linear Solver
 Reference value :  1.00000e-02
No. of Data Rows : 4401
dcg                 =  1.40976e+02
f0                  =  6.22479e+05
phx                 =  -1.36447e+02
f180                =  1.57490e+06
gmx                 =  -1.12807e+01
 meas ac f0r when tdb=0 rise=1 failed!

tres                =  -8.90676e-02 at=  6.27336e+05
ROW iload_a=0.025 ceff_f=4.7e-06 esr_ohm=0.05 vout_v=1.79941 dcgain_db=140.976 f0_hz=622479 phase_at_f0_deg=-136.447 f180_hz=1.5749E+06 gain_at_f180_db=-11.2807 f0_rising_hz= resurgence_db=-0.0890676
Doing analysis at TEMP = -40.000000 and TNOM = 27.000000

Using SPARSE 1.3 as Direct Linear Solver
 Reference value :  0.00000e+00
No. of Data Rows : 1
Doing analysis at TEMP = -40.000000 and TNOM = 27.000000

Using SPARSE 1.3 as Direct Linear Solver
 Reference value :  1.00000e-02
No. of Data Rows : 4401
Doing analysis at TEMP = -40.000000 and TNOM = 27.000000

Using SPARSE 1.3 as Direct Linear Solver
 Reference value :  1.00000e-02
No. of Data Rows : 4401
dcg                 =  1.40976e+02
f0                  =  1.57389e+06
phx                 =  -1.63361e+02
f180                =  1.89096e+06
gmx                 =  -2.64594e+00
 meas ac f0r when tdb=0 rise=1 failed!

tres                =  -9.22404e-02 at=  1.58489e+06
ROW iload_a=0.025 ceff_f=4.7e-06 esr_ohm=0.2 vout_v=1.79941 dcgain_db=140.976 f0_hz=1.57389E+06 phase_at_f0_deg=-163.361 f180_hz=1.89096E+06 gain_at_f180_db=-2.64594 f0_rising_hz= resurgence_db=-0.0922404
Doing analysis at TEMP = -40.000000 and TNOM = 27.000000

Using SPARSE 1.3 as Direct Linear Solver
 Reference value :  0.00000e+00
No. of Data Rows : 1
Doing analysis at TEMP = -40.000000 and TNOM = 27.000000

Using SPARSE 1.3 as Direct Linear Solver
 Reference value :  1.00000e-02
No. of Data Rows : 4401
Doing analysis at TEMP = -40.000000 and TNOM = 27.000000

Using SPARSE 1.3 as Direct Linear Solver
 Reference value :  1.00000e-02
No. of Data Rows : 4401
dcg                 =  1.40976e+02
f0                  =  2.52202e+06
phx                 =  -2.05802e+02
f180                =  1.94662e+06
gmx                 =  4.77047e+00
 meas ac f0r when tdb=0 rise=1 failed!

tres                =  -1.55009e-01 at=  2.54097e+06
ROW iload_a=0.025 ceff_f=4.7e-06 esr_ohm=0.5 vout_v=1.79941 dcgain_db=140.976 f0_hz=2.52202E+06 phase_at_f0_deg=-205.802 f180_hz=1.94662E+06 gain_at_f180_db=4.77047 f0_rising_hz= resurgence_db=-0.155009
Doing analysis at TEMP = -40.000000 and TNOM = 27.000000

Using SPARSE 1.3 as Direct Linear Solver
 Reference value :  0.00000e+00
No. of Data Rows : 1
Doing analysis at TEMP = -40.000000 and TNOM = 27.000000

Using SPARSE 1.3 as Direct Linear Solver
 Reference value :  1.00000e-02
No. of Data Rows : 4401
Doing analysis at TEMP = -40.000000 and TNOM = 27.000000

Using SPARSE 1.3 as Direct Linear Solver
 Reference value :  1.00000e-02
No. of Data Rows : 4401
dcg                 =  1.39195e+02
f0                  =  2.01727e+06
phx                 =  -2.71220e+02
f180                =  6.34385e+05
gmx                 =  2.23762e+01
 meas ac f0r when tdb=0 rise=1 failed!

tres                =  -1.61835e-01 at=  2.03002e+06
ROW iload_a=0.05 ceff_f=3.3e-07 esr_ohm=0.001 vout_v=1.79941 dcgain_db=139.195 f0_hz=2.01727E+06 phase_at_f0_deg=-271.22 f180_hz=634385 gain_at_f180_db=22.3762 f0_rising_hz= resurgence_db=-0.161835
Doing analysis at TEMP = -40.000000 and TNOM = 27.000000

Using SPARSE 1.3 as Direct Linear Solver
 Reference value :  0.00000e+00
No. of Data Rows : 1
Doing analysis at TEMP = -40.000000 and TNOM = 27.000000

Using SPARSE 1.3 as Direct Linear Solver
 Reference value :  1.00000e-02
No. of Data Rows : 4401
Doing analysis at TEMP = -40.000000 and TNOM = 27.000000

Using SPARSE 1.3 as Direct Linear Solver
 Reference value :  1.00000e-02
No. of Data Rows : 4401
dcg                 =  1.39195e+02
f0                  =  2.03246e+06
phx                 =  -2.60333e+02
f180                =  6.77045e+05
gmx                 =  2.13736e+01
 meas ac f0r when tdb=0 rise=1 failed!

tres                =  -2.62447e-01 at=  2.05353e+06
ROW iload_a=0.05 ceff_f=3.3e-07 esr_ohm=0.05 vout_v=1.79941 dcgain_db=139.195 f0_hz=2.03246E+06 phase_at_f0_deg=-260.333 f180_hz=677045 gain_at_f180_db=21.3736 f0_rising_hz= resurgence_db=-0.262447
Doing analysis at TEMP = -40.000000 and TNOM = 27.000000

Using SPARSE 1.3 as Direct Linear Solver
 Reference value :  0.00000e+00
No. of Data Rows : 1
Doing analysis at TEMP = -40.000000 and TNOM = 27.000000

Using SPARSE 1.3 as Direct Linear Solver
 Reference value :  1.00000e-02
No. of Data Rows : 4401
Doing analysis at TEMP = -40.000000 and TNOM = 27.000000

Using SPARSE 1.3 as Direct Linear Solver
 Reference value :  1.00000e-02
No. of Data Rows : 4401
dcg                 =  1.39195e+02
f0                  =  2.23415e+06
phx                 =  -2.39160e+02
f180                =  8.63919e+05
gmx                 =  1.78605e+01
 meas ac f0r when tdb=0 rise=1 failed!

tres                =  -1.82096e-01 at=  2.25165e+06
ROW iload_a=0.05 ceff_f=3.3e-07 esr_ohm=0.2 vout_v=1.79941 dcgain_db=139.195 f0_hz=2.23415E+06 phase_at_f0_deg=-239.16 f180_hz=863919 gain_at_f180_db=17.8605 f0_rising_hz= resurgence_db=-0.182096
Doing analysis at TEMP = -40.000000 and TNOM = 27.000000

Using SPARSE 1.3 as Direct Linear Solver
 Reference value :  0.00000e+00
No. of Data Rows : 1
Doing analysis at TEMP = -40.000000 and TNOM = 27.000000

Using SPARSE 1.3 as Direct Linear Solver
 Reference value :  1.00000e-02
No. of Data Rows : 4401
Doing analysis at TEMP = -40.000000 and TNOM = 27.000000

Using SPARSE 1.3 as Direct Linear Solver
 Reference value :  1.00000e-02
No. of Data Rows : 4401
dcg                 =  1.39195e+02
f0                  =  2.85002e+06
phx                 =  -2.35317e+02
f180                =  1.36333e+06
gmx                 =  1.36484e+01
 meas ac f0r when tdb=0 rise=1 failed!

tres                =  -1.44337e-01 at=  2.86748e+06
ROW iload_a=0.05 ceff_f=3.3e-07 esr_ohm=0.5 vout_v=1.79941 dcgain_db=139.195 f0_hz=2.85002E+06 phase_at_f0_deg=-235.317 f180_hz=1.36333E+06 gain_at_f180_db=13.6484 f0_rising_hz= resurgence_db=-0.144337
Doing analysis at TEMP = -40.000000 and TNOM = 27.000000

Using SPARSE 1.3 as Direct Linear Solver
 Reference value :  0.00000e+00
No. of Data Rows : 1
Doing analysis at TEMP = -40.000000 and TNOM = 27.000000

Using SPARSE 1.3 as Direct Linear Solver
 Reference value :  1.03514e+05
No. of Data Rows : 4401
Doing analysis at TEMP = -40.000000 and TNOM = 27.000000

Using SPARSE 1.3 as Direct Linear Solver
 Reference value :  1.42069e+02
No. of Data Rows : 4401
dcg                 =  1.39195e+02
f0                  =  1.31576e+06
phx                 =  -2.30908e+02
f180                =  6.34627e+05
gmx                 =  1.27561e+01
 meas ac f0r when tdb=0 rise=1 failed!

tres                =  -1.53156e-01 at=  1.32587e+06
ROW iload_a=0.05 ceff_f=1e-06 esr_ohm=0.001 vout_v=1.79941 dcgain_db=139.195 f0_hz=1.31576E+06 phase_at_f0_deg=-230.908 f180_hz=634627 gain_at_f180_db=12.7561 f0_rising_hz= resurgence_db=-0.153156
Doing analysis at TEMP = -40.000000 and TNOM = 27.000000

Using SPARSE 1.3 as Direct Linear Solver
 Reference value :  0.00000e+00
No. of Data Rows : 1
Doing analysis at TEMP = -40.000000 and TNOM = 27.000000

Using SPARSE 1.3 as Direct Linear Solver
 Reference value :  1.96110e+00
No. of Data Rows : 4401
Doing analysis at TEMP = -40.000000 and TNOM = 27.000000

Using SPARSE 1.3 as Direct Linear Solver
 Reference value :  1.00000e-02
No. of Data Rows : 4401
dcg                 =  1.39195e+02
f0                  =  1.36528e+06
phx                 =  -2.11343e+02
f180                =  7.91657e+05
gmx                 =  9.46096e+00
 meas ac f0r when tdb=0 rise=1 failed!

tres                =  -2.08810e-01 at=  1.38038e+06
ROW iload_a=0.05 ceff_f=1e-06 esr_ohm=0.05 vout_v=1.79941 dcgain_db=139.195 f0_hz=1.36528E+06 phase_at_f0_deg=-211.343 f180_hz=791657 gain_at_f180_db=9.46096 f0_rising_hz= resurgence_db=-0.20881
Doing analysis at TEMP = -40.000000 and TNOM = 27.000000

Using SPARSE 1.3 as Direct Linear Solver
 Reference value :  0.00000e+00
No. of Data Rows : 1
Doing analysis at TEMP = -40.000000 and TNOM = 27.000000

Using SPARSE 1.3 as Direct Linear Solver
 Reference value :  1.00000e-02
No. of Data Rows : 4401
Doing analysis at TEMP = -40.000000 and TNOM = 27.000000

Using SPARSE 1.3 as Direct Linear Solver
 Reference value :  1.00000e-02
No. of Data Rows : 4401
dcg                 =  1.39195e+02
f0                  =  1.91945e+06
phx                 =  -1.99245e+02
f180                =  1.47661e+06
gmx                 =  4.12088e+00
 meas ac f0r when tdb=0 rise=1 failed!

tres                =  -1.72947e-01 at=  1.93865e+06
ROW iload_a=0.05 ceff_f=1e-06 esr_ohm=0.2 vout_v=1.79941 dcgain_db=139.195 f0_hz=1.91945E+06 phase_at_f0_deg=-199.245 f180_hz=1.47662E+06 gain_at_f180_db=4.12088 f0_rising_hz= resurgence_db=-0.172948
Doing analysis at TEMP = -40.000000 and TNOM = 27.000000

Using SPARSE 1.3 as Direct Linear Solver
 Reference value :  0.00000e+00
No. of Data Rows : 1
Doing analysis at TEMP = -40.000000 and TNOM = 27.000000

Using SPARSE 1.3 as Direct Linear Solver
 Reference value :  1.00000e-02
No. of Data Rows : 4401
Doing analysis at TEMP = -40.000000 and TNOM = 27.000000

Using SPARSE 1.3 as Direct Linear Solver
 Reference value :  1.00000e-02
No. of Data Rows : 4401
dcg                 =  1.39195e+02
f0                  =  2.80008e+06
phx                 =  -2.21534e+02
f180                =  1.78668e+06
gmx                 =  8.47647e+00
 meas ac f0r when tdb=0 rise=1 failed!

tres                =  -1.47219e-01 at=  2.81838e+06
ROW iload_a=0.05 ceff_f=1e-06 esr_ohm=0.5 vout_v=1.79941 dcgain_db=139.195 f0_hz=2.80008E+06 phase_at_f0_deg=-221.534 f180_hz=1.78668E+06 gain_at_f180_db=8.47647 f0_rising_hz= resurgence_db=-0.147219
Doing analysis at TEMP = -40.000000 and TNOM = 27.000000

Using SPARSE 1.3 as Direct Linear Solver
 Reference value :  0.00000e+00
No. of Data Rows : 1
Doing analysis at TEMP = -40.000000 and TNOM = 27.000000

Using SPARSE 1.3 as Direct Linear Solver
 Reference value :  1.00000e-02
No. of Data Rows : 4401
Doing analysis at TEMP = -40.000000 and TNOM = 27.000000

Using SPARSE 1.3 as Direct Linear Solver
 Reference value :  1.39637e+00
No. of Data Rows : 4401
dcg                 =  1.39195e+02
f0                  =  6.07364e+05
phx                 =  -1.76590e+02
f180                =  6.44256e+05
gmx                 =  -9.12717e-01
 meas ac f0r when tdb=0 rise=1 failed!

tres                =  -1.43308e-01 at=  6.13056e+05
ROW iload_a=0.05 ceff_f=4.7e-06 esr_ohm=0.001 vout_v=1.79941 dcgain_db=139.195 f0_hz=607364 phase_at_f0_deg=-176.589 f180_hz=644256 gain_at_f180_db=-0.912717 f0_rising_hz= resurgence_db=-0.143308
Doing analysis at TEMP = -40.000000 and TNOM = 27.000000

Using SPARSE 1.3 as Direct Linear Solver
 Reference value :  0.00000e+00
No. of Data Rows : 1
Doing analysis at TEMP = -40.000000 and TNOM = 27.000000

Using SPARSE 1.3 as Direct Linear Solver
 Reference value :  1.00000e-02
No. of Data Rows : 4401
Doing analysis at TEMP = -40.000000 and TNOM = 27.000000

Using SPARSE 1.3 as Direct Linear Solver
 Reference value :  1.00000e-02
No. of Data Rows : 4401
dcg                 =  1.39195e+02
f0                  =  7.59392e+05
phx                 =  -1.43016e+02
f180                =  1.56440e+06
gmx                 =  -8.93721e+00
 meas ac f0r when tdb=0 rise=1 failed!

tres                =  -1.20490e-01 at=  7.67361e+05
ROW iload_a=0.05 ceff_f=4.7e-06 esr_ohm=0.05 vout_v=1.79941 dcgain_db=139.195 f0_hz=759392 phase_at_f0_deg=-143.016 f180_hz=1.5644E+06 gain_at_f180_db=-8.93721 f0_rising_hz= resurgence_db=-0.12049
Doing analysis at TEMP = -40.000000 and TNOM = 27.000000

Using SPARSE 1.3 as Direct Linear Solver
 Reference value :  0.00000e+00
No. of Data Rows : 1
Doing analysis at TEMP = -40.000000 and TNOM = 27.000000

Using SPARSE 1.3 as Direct Linear Solver
 Reference value :  1.00000e-02
No. of Data Rows : 4401
Doing analysis at TEMP = -40.000000 and TNOM = 27.000000

Using SPARSE 1.3 as Direct Linear Solver
 Reference value :  1.00000e-02
No. of Data Rows : 4401
dcg                 =  1.39195e+02
f0                  =  1.84312e+06
phx                 =  -1.78037e+02
f180                =  1.88197e+06
gmx                 =  -3.25693e-01
 meas ac f0r when tdb=0 rise=1 failed!

tres                =  -1.59037e-01 at=  1.86209e+06
ROW iload_a=0.05 ceff_f=4.7e-06 esr_ohm=0.2 vout_v=1.79941 dcgain_db=139.195 f0_hz=1.84312E+06 phase_at_f0_deg=-178.037 f180_hz=1.88197E+06 gain_at_f180_db=-0.325693 f0_rising_hz= resurgence_db=-0.159037
Doing analysis at TEMP = -40.000000 and TNOM = 27.000000

Using SPARSE 1.3 as Direct Linear Solver
 Reference value :  0.00000e+00
No. of Data Rows : 1
Doing analysis at TEMP = -40.000000 and TNOM = 27.000000

Using SPARSE 1.3 as Direct Linear Solver
 Reference value :  1.00000e-02
No. of Data Rows : 4401
Doing analysis at TEMP = -40.000000 and TNOM = 27.000000

Using SPARSE 1.3 as Direct Linear Solver
 Reference value :  1.00000e-02
No. of Data Rows : 4401
dcg                 =  1.39195e+02
f0                  =  2.79415e+06
phx                 =  -2.16290e+02
f180                =  1.93730e+06
gmx                 =  7.08963e+00
 meas ac f0r when tdb=0 rise=1 failed!

tres                =  -1.94096e-01 at=  2.81838e+06
ROW iload_a=0.05 ceff_f=4.7e-06 esr_ohm=0.5 vout_v=1.79941 dcgain_db=139.195 f0_hz=2.79415E+06 phase_at_f0_deg=-216.289 f180_hz=1.9373E+06 gain_at_f180_db=7.08963 f0_rising_hz= resurgence_db=-0.194096
* SWEEP COMPLETE res_ss_-40c_3.63v
Note: Simulation executed from .control section 
Warning: m=xx on .subckt line will override multiplier m hierarchy!

Note: Starting dynamic gmin stepping
Note: Dynamic gmin stepping completed
Note: Starting dynamic gmin stepping
Note: Dynamic gmin stepping completed
Note: Starting dynamic gmin stepping
Note: Dynamic gmin stepping completed

Error: measure  f0r  when(WHEN) : out of interval
Error: &f0r: no such variable.
Note: Starting dynamic gmin stepping
Note: Dynamic gmin stepping completed
Note: Starting dynamic gmin stepping
Note: Dynamic gmin stepping completed
Note: Starting dynamic gmin stepping
Note: Dynamic gmin stepping completed

Error: measure  f0r  when(WHEN) : out of interval
Error: &f0r: no such variable.
Note: Starting dynamic gmin stepping
Note: Dynamic gmin stepping completed
Note: Starting dynamic gmin stepping
Note: Dynamic gmin stepping completed
Note: Starting dynamic gmin stepping
Note: Dynamic gmin stepping completed

Error: measure  f0r  when(WHEN) : out of interval
Error: &f0r: no such variable.
Note: Starting dynamic gmin stepping
Note: Dynamic gmin stepping completed
Note: Starting dynamic gmin stepping
Note: Dynamic gmin stepping completed
Note: Starting dynamic gmin stepping
Note: Dynamic gmin stepping completed

Error: measure  f0r  when(WHEN) : out of interval
Error: &f0r: no such variable.
Note: Starting dynamic gmin stepping
Note: Dynamic gmin stepping completed
Note: Starting dynamic gmin stepping
Note: Dynamic gmin stepping completed
Note: Starting dynamic gmin stepping
Note: Dynamic gmin stepping completed

Error: measure  f0r  when(WHEN) : out of interval
Error: &f0r: no such variable.
Note: Starting dynamic gmin stepping
Note: Dynamic gmin stepping completed
Note: Starting dynamic gmin stepping
Note: Dynamic gmin stepping completed
Note: Starting dynamic gmin stepping
Note: Dynamic gmin stepping completed

Error: measure  f0r  when(WHEN) : out of interval
Error: &f0r: no such variable.
Note: Starting dynamic gmin stepping
Note: Dynamic gmin stepping completed
Note: Starting dynamic gmin stepping
Note: Dynamic gmin stepping completed
Note: Starting dynamic gmin stepping
Note: Dynamic gmin stepping completed

Error: measure  f0r  when(WHEN) : out of interval
Error: &f0r: no such variable.
Note: Starting dynamic gmin stepping
Note: Dynamic gmin stepping completed
Note: Starting dynamic gmin stepping
Note: Dynamic gmin stepping completed
Note: Starting dynamic gmin stepping
Note: Dynamic gmin stepping completed

Error: measure  f0r  when(WHEN) : out of interval
Error: &f0r: no such variable.
Note: Starting dynamic gmin stepping
Note: Dynamic gmin stepping completed
Note: Starting dynamic gmin stepping
Note: Dynamic gmin stepping completed
Note: Starting dynamic gmin stepping
Note: Dynamic gmin stepping completed

Error: measure  f0r  when(WHEN) : out of interval
Error: &f0r: no such variable.
Note: Starting dynamic gmin stepping
Note: Dynamic gmin stepping completed
Note: Starting dynamic gmin stepping
Note: Dynamic gmin stepping completed
Note: Starting dynamic gmin stepping
Note: Dynamic gmin stepping completed

Error: measure  f0r  when(WHEN) : out of interval
Error: &f0r: no such variable.
Note: Starting dynamic gmin stepping
Note: Dynamic gmin stepping completed
Note: Starting dynamic gmin stepping
Note: Dynamic gmin stepping completed
Note: Starting dynamic gmin stepping
Note: Dynamic gmin stepping completed

Error: measure  f0r  when(WHEN) : out of interval
Error: &f0r: no such variable.
Note: Starting dynamic gmin stepping
Note: Dynamic gmin stepping completed
Note: Starting dynamic gmin stepping
Note: Dynamic gmin stepping completed
Note: Starting dynamic gmin stepping
Note: Dynamic gmin stepping completed

Error: measure  f0r  when(WHEN) : out of interval
Error: &f0r: no such variable.
Note: Starting dynamic gmin stepping
Note: Dynamic gmin stepping completed
Note: Starting dynamic gmin stepping
Note: Dynamic gmin stepping completed
Note: Starting dynamic gmin stepping
Note: Dynamic gmin stepping completed

Error: measure  f0r  when(WHEN) : out of interval
Error: &f0r: no such variable.
Note: Starting dynamic gmin stepping
Note: Dynamic gmin stepping completed
Note: Starting dynamic gmin stepping
Note: Dynamic gmin stepping completed
Note: Starting dynamic gmin stepping
Note: Dynamic gmin stepping completed

Error: measure  f0r  when(WHEN) : out of interval
Error: &f0r: no such variable.
Note: Starting dynamic gmin stepping
Note: Dynamic gmin stepping completed
Note: Starting dynamic gmin stepping
Note: Dynamic gmin stepping completed
Note: Starting dynamic gmin stepping
Note: Dynamic gmin stepping completed

Error: measure  f0r  when(WHEN) : out of interval
Error: &f0r: no such variable.
Note: Starting dynamic gmin stepping
Note: Dynamic gmin stepping completed
Note: Starting dynamic gmin stepping
Note: Dynamic gmin stepping completed
Note: Starting dynamic gmin stepping
Note: Dynamic gmin stepping completed

Error: measure  f0r  when(WHEN) : out of interval
Error: &f0r: no such variable.
Note: Starting dynamic gmin stepping
Note: Dynamic gmin stepping completed
Note: Starting dynamic gmin stepping
Note: Dynamic gmin stepping completed
Note: Starting dynamic gmin stepping
Note: Dynamic gmin stepping completed

Error: measure  f0r  when(WHEN) : out of interval
Error: &f0r: no such variable.
Note: Starting dynamic gmin stepping
Note: Dynamic gmin stepping completed
Note: Starting dynamic gmin stepping
Note: Dynamic gmin stepping completed
Note: Starting dynamic gmin stepping
Note: Dynamic gmin stepping completed

Error: measure  f0r  when(WHEN) : out of interval
Error: &f0r: no such variable.
Note: Starting dynamic gmin stepping
Note: Dynamic gmin stepping completed
Note: Starting dynamic gmin stepping
Note: Dynamic gmin stepping completed
Note: Starting dynamic gmin stepping
Note: Dynamic gmin stepping completed

Error: measure  f0r  when(WHEN) : out of interval
Error: &f0r: no such variable.
Note: Starting dynamic gmin stepping
Note: Dynamic gmin stepping completed
Note: Starting dynamic gmin stepping
Note: Dynamic gmin stepping completed
Note: Starting dynamic gmin stepping
Note: Dynamic gmin stepping completed

Error: measure  f0r  when(WHEN) : out of interval
Error: &f0r: no such variable.
Note: Starting dynamic gmin stepping
Note: Dynamic gmin stepping completed
Note: Starting dynamic gmin stepping
Note: Dynamic gmin stepping completed
Note: Starting dynamic gmin stepping
Note: Dynamic gmin stepping completed

Error: measure  f0r  when(WHEN) : out of interval
Error: &f0r: no such variable.
Note: Starting dynamic gmin stepping
Note: Dynamic gmin stepping completed
Note: Starting dynamic gmin stepping
Note: Dynamic gmin stepping completed
Note: Starting dynamic gmin stepping
Note: Dynamic gmin stepping completed

Error: measure  f0r  when(WHEN) : out of interval
Error: &f0r: no such variable.
Note: Starting dynamic gmin stepping
Note: Dynamic gmin stepping completed
Note: Starting dynamic gmin stepping
Note: Dynamic gmin stepping completed
Note: Starting dynamic gmin stepping
Note: Dynamic gmin stepping completed

Error: measure  f0r  when(WHEN) : out of interval
Error: &f0r: no such variable.
Note: Starting dynamic gmin stepping
Note: Dynamic gmin stepping completed
Note: Starting dynamic gmin stepping
Note: Dynamic gmin stepping completed
Note: Starting dynamic gmin stepping
Note: Dynamic gmin stepping completed

Error: measure  f0r  when(WHEN) : out of interval
Error: &f0r: no such variable.
Note: Starting dynamic gmin stepping
Note: Dynamic gmin stepping completed
Note: Starting dynamic gmin stepping
Note: Dynamic gmin stepping completed
Note: Starting dynamic gmin stepping
Note: Dynamic gmin stepping completed

Error: measure  f0r  when(WHEN) : out of interval
Error: &f0r: no such variable.
Note: Starting dynamic gmin stepping
Note: Dynamic gmin stepping completed
Note: Starting dynamic gmin stepping
Note: Dynamic gmin stepping completed
Note: Starting dynamic gmin stepping
Note: Dynamic gmin stepping completed

Error: measure  f0r  when(WHEN) : out of interval
Error: &f0r: no such variable.
Note: Starting dynamic gmin stepping
Note: Dynamic gmin stepping completed
Note: Starting dynamic gmin stepping
Note: Dynamic gmin stepping completed
Note: Starting dynamic gmin stepping
Note: Dynamic gmin stepping completed

Error: measure  f0r  when(WHEN) : out of interval
Error: &f0r: no such variable.
Note: Starting dynamic gmin stepping
Note: Dynamic gmin stepping completed
Note: Starting dynamic gmin stepping
Note: Dynamic gmin stepping completed
Note: Starting dynamic gmin stepping
Note: Dynamic gmin stepping completed

Error: measure  f0r  when(WHEN) : out of interval
Error: &f0r: no such variable.
Note: Starting dynamic gmin stepping
Note: Dynamic gmin stepping completed
Note: Starting dynamic gmin stepping
Note: Dynamic gmin stepping completed
Note: Starting dynamic gmin stepping
Note: Dynamic gmin stepping completed

Error: measure  f0r  when(WHEN) : out of interval
Error: &f0r: no such variable.
Note: Starting dynamic gmin stepping
Note: Dynamic gmin stepping completed
Note: Starting dynamic gmin stepping
Note: Dynamic gmin stepping completed
Note: Starting dynamic gmin stepping
Note: Dynamic gmin stepping completed

Error: measure  f0r  when(WHEN) : out of interval
Error: &f0r: no such variable.
Note: Starting dynamic gmin stepping
Note: Dynamic gmin stepping completed
Note: Starting dynamic gmin stepping
Note: Dynamic gmin stepping completed
Note: Starting dynamic gmin stepping
Note: Dynamic gmin stepping completed

Error: measure  f0r  when(WHEN) : out of interval
Error: &f0r: no such variable.
Note: Starting dynamic gmin stepping
Note: Dynamic gmin stepping completed
Note: Starting dynamic gmin stepping
Note: Dynamic gmin stepping completed
Note: Starting dynamic gmin stepping
Note: Dynamic gmin stepping completed

Error: measure  f0r  when(WHEN) : out of interval
Error: &f0r: no such variable.
Note: Starting dynamic gmin stepping
Note: Dynamic gmin stepping completed
Note: Starting dynamic gmin stepping
Note: Dynamic gmin stepping completed
Note: Starting dynamic gmin stepping
Note: Dynamic gmin stepping completed

Error: measure  f0r  when(WHEN) : out of interval
Error: &f0r: no such variable.
Note: Starting dynamic gmin stepping
Note: Dynamic gmin stepping completed
Note: Starting dynamic gmin stepping
Note: Dynamic gmin stepping completed
Note: Starting dynamic gmin stepping
Note: Dynamic gmin stepping completed

Error: measure  f0r  when(WHEN) : out of interval
Error: &f0r: no such variable.
Note: Starting dynamic gmin stepping
Note: Dynamic gmin stepping completed
Note: Starting dynamic gmin stepping
Note: Dynamic gmin stepping completed
Note: Starting dynamic gmin stepping
Note: Dynamic gmin stepping completed

Error: measure  f0r  when(WHEN) : out of interval
Error: &f0r: no such variable.
Note: Starting dynamic gmin stepping
Note: Dynamic gmin stepping completed
Note: Starting dynamic gmin stepping
Note: Dynamic gmin stepping completed
Note: Starting dynamic gmin stepping
Note: Dynamic gmin stepping completed

Error: measure  f0r  when(WHEN) : out of interval
Error: &f0r: no such variable.
Note: Starting dynamic gmin stepping
Note: Dynamic gmin stepping completed
Note: Starting dynamic gmin stepping
Note: Dynamic gmin stepping completed
Note: Starting dynamic gmin stepping
Note: Dynamic gmin stepping completed

Error: measure  f0r  when(WHEN) : out of interval
Error: &f0r: no such variable.
Note: Starting dynamic gmin stepping
Note: Dynamic gmin stepping completed
Note: Starting dynamic gmin stepping
Note: Dynamic gmin stepping completed
Note: Starting dynamic gmin stepping
Note: Dynamic gmin stepping completed

Error: measure  f0r  when(WHEN) : out of interval
Error: &f0r: no such variable.
Note: Starting dynamic gmin stepping
Note: Dynamic gmin stepping completed
Note: Starting dynamic gmin stepping
Note: Dynamic gmin stepping completed
Note: Starting dynamic gmin stepping
Note: Dynamic gmin stepping completed

Error: measure  f0r  when(WHEN) : out of interval
Error: &f0r: no such variable.
Note: Starting dynamic gmin stepping
Note: Dynamic gmin stepping completed
Note: Starting dynamic gmin stepping
Note: Dynamic gmin stepping completed
Note: Starting dynamic gmin stepping
Note: Dynamic gmin stepping completed

Error: measure  f0r  when(WHEN) : out of interval
Error: &f0r: no such variable.
Note: Starting dynamic gmin stepping
Note: Dynamic gmin stepping completed
Note: Starting dynamic gmin stepping
Note: Dynamic gmin stepping completed
Note: Starting dynamic gmin stepping
Note: Dynamic gmin stepping completed

Error: measure  f0r  when(WHEN) : out of interval
Error: &f0r: no such variable.
Note: Starting dynamic gmin stepping
Note: Dynamic gmin stepping completed
Note: Starting dynamic gmin stepping
Note: Dynamic gmin stepping completed
Note: Starting dynamic gmin stepping
Note: Dynamic gmin stepping completed

Error: measure  f0r  when(WHEN) : out of interval
Error: &f0r: no such variable.
Note: Starting dynamic gmin stepping
Note: Dynamic gmin stepping completed
Note: Starting dynamic gmin stepping
Note: Dynamic gmin stepping completed
Note: Starting dynamic gmin stepping
Note: Dynamic gmin stepping completed

Error: measure  f0r  when(WHEN) : out of interval
Error: &f0r: no such variable.
Note: Starting dynamic gmin stepping
Note: Dynamic gmin stepping completed
Note: Starting dynamic gmin stepping
Note: Dynamic gmin stepping completed
Note: Starting dynamic gmin stepping
Note: Dynamic gmin stepping completed

Error: measure  f0r  when(WHEN) : out of interval
Error: &f0r: no such variable.
Note: Starting dynamic gmin stepping
Note: Dynamic gmin stepping completed
Note: Starting dynamic gmin stepping
Note: Dynamic gmin stepping completed
Note: Starting dynamic gmin stepping
Note: Dynamic gmin stepping completed

Error: measure  f0r  when(WHEN) : out of interval
Error: &f0r: no such variable.
Note: Starting dynamic gmin stepping
Note: Dynamic gmin stepping completed
Note: Starting dynamic gmin stepping
Note: Dynamic gmin stepping completed
Note: Starting dynamic gmin stepping
Note: Dynamic gmin stepping completed

Error: measure  f0r  when(WHEN) : out of interval
Error: &f0r: no such variable.
Note: Starting dynamic gmin stepping
Note: Dynamic gmin stepping completed
Note: Starting dynamic gmin stepping
Note: Dynamic gmin stepping completed
Note: Starting dynamic gmin stepping
Note: Dynamic gmin stepping completed

Error: measure  f0r  when(WHEN) : out of interval
Error: &f0r: no such variable.
Note: Starting dynamic gmin stepping
Note: Dynamic gmin stepping completed
Note: Starting dynamic gmin stepping
Note: Dynamic gmin stepping completed
Note: Starting dynamic gmin stepping
Note: Dynamic gmin stepping completed

Error: measure  f0r  when(WHEN) : out of interval
Error: &f0r: no such variable.
Note: Starting dynamic gmin stepping
Note: Dynamic gmin stepping completed
Note: Starting dynamic gmin stepping
Note: Dynamic gmin stepping completed
Note: Starting dynamic gmin stepping
Note: Dynamic gmin stepping completed

Error: measure  f0r  when(WHEN) : out of interval
Error: &f0r: no such variable.
Note: Starting dynamic gmin stepping
Note: Dynamic gmin stepping completed
Note: Starting dynamic gmin stepping
Note: Dynamic gmin stepping completed
Note: Starting dynamic gmin stepping
Note: Dynamic gmin stepping completed

Error: measure  f0r  when(WHEN) : out of interval
Error: &f0r: no such variable.
Note: Starting dynamic gmin stepping
Note: Dynamic gmin stepping completed
Note: Starting dynamic gmin stepping
Note: Dynamic gmin stepping completed
Note: Starting dynamic gmin stepping
Note: Dynamic gmin stepping completed

Error: measure  f0r  when(WHEN) : out of interval
Error: &f0r: no such variable.
Note: Starting dynamic gmin stepping
Note: Dynamic gmin stepping completed
Note: Starting dynamic gmin stepping
Note: Dynamic gmin stepping completed
Note: Starting dynamic gmin stepping
Note: Dynamic gmin stepping completed

Error: measure  f0r  when(WHEN) : out of interval
Error: &f0r: no such variable.
Note: Starting dynamic gmin stepping
Note: Dynamic gmin stepping completed
Note: Starting dynamic gmin stepping
Note: Dynamic gmin stepping completed
Note: Starting dynamic gmin stepping
Note: Dynamic gmin stepping completed

Error: measure  f0r  when(WHEN) : out of interval
Error: &f0r: no such variable.
Note: Starting dynamic gmin stepping
Note: Dynamic gmin stepping completed
Note: Starting dynamic gmin stepping
Note: Dynamic gmin stepping completed
Note: Starting dynamic gmin stepping
Note: Dynamic gmin stepping completed

Error: measure  f0r  when(WHEN) : out of interval
Error: &f0r: no such variable.
Note: Starting dynamic gmin stepping
Note: Dynamic gmin stepping completed
Note: Starting dynamic gmin stepping
Note: Dynamic gmin stepping completed
Note: Starting dynamic gmin stepping
Note: Dynamic gmin stepping completed

Error: measure  f0r  when(WHEN) : out of interval
Error: &f0r: no such variable.
Note: Starting dynamic gmin stepping
Note: Dynamic gmin stepping completed
Note: Starting dynamic gmin stepping
Note: Dynamic gmin stepping completed
Note: Starting dynamic gmin stepping
Note: Dynamic gmin stepping completed

Error: measure  f0r  when(WHEN) : out of interval
Error: &f0r: no such variable.
Note: Starting dynamic gmin stepping
Note: Dynamic gmin stepping completed
Note: Starting dynamic gmin stepping
Note: Dynamic gmin stepping completed
Note: Starting dynamic gmin stepping
Note: Dynamic gmin stepping completed

Error: measure  f0r  when(WHEN) : out of interval
Error: &f0r: no such variable.
Note: Starting dynamic gmin stepping
Note: Dynamic gmin stepping completed
Note: Starting dynamic gmin stepping
Note: Dynamic gmin stepping completed
Note: Starting dynamic gmin stepping
Note: Dynamic gmin stepping completed

Error: measure  f0r  when(WHEN) : out of interval
Error: &f0r: no such variable.
Note: Starting dynamic gmin stepping
Note: Dynamic gmin stepping completed
Note: Starting dynamic gmin stepping
Note: Dynamic gmin stepping completed
Note: Starting dynamic gmin stepping
Note: Dynamic gmin stepping completed

Error: measure  f0r  when(WHEN) : out of interval
Error: &f0r: no such variable.
Note: Starting dynamic gmin stepping
Note: Dynamic gmin stepping completed
Note: Starting dynamic gmin stepping
Note: Dynamic gmin stepping completed
Note: Starting dynamic gmin stepping
Note: Dynamic gmin stepping completed

Error: measure  f0r  when(WHEN) : out of interval
Error: &f0r: no such variable.
Note: Starting dynamic gmin stepping
Note: Dynamic gmin stepping completed
Note: Starting dynamic gmin stepping
Note: Dynamic gmin stepping completed
Note: Starting dynamic gmin stepping
Note: Dynamic gmin stepping completed

Error: measure  f0r  when(WHEN) : out of interval
Error: &f0r: no such variable.
Note: Starting dynamic gmin stepping
Note: Dynamic gmin stepping completed
Note: Starting dynamic gmin stepping
Note: Dynamic gmin stepping completed
Note: Starting dynamic gmin stepping
Note: Dynamic gmin stepping completed

Error: measure  f0r  when(WHEN) : out of interval
Error: &f0r: no such variable.
Note: Starting dynamic gmin stepping
Note: Dynamic gmin stepping completed
Note: Starting dynamic gmin stepping
Note: Dynamic gmin stepping completed
Note: Starting dynamic gmin stepping
Note: Dynamic gmin stepping completed

Error: measure  f0r  when(WHEN) : out of interval
Error: &f0r: no such variable.
Note: Starting dynamic gmin stepping
Note: Dynamic gmin stepping completed
Note: Starting dynamic gmin stepping
Note: Dynamic gmin stepping completed
Note: Starting dynamic gmin stepping
Note: Dynamic gmin stepping completed

Error: measure  f0r  when(WHEN) : out of interval
Error: &f0r: no such variable.
Note: Starting dynamic gmin stepping
Note: Dynamic gmin stepping completed
Note: Starting dynamic gmin stepping
Note: Dynamic gmin stepping completed
Note: Starting dynamic gmin stepping
Note: Dynamic gmin stepping completed

Error: measure  f0r  when(WHEN) : out of interval
Error: &f0r: no such variable.
Note: Starting dynamic gmin stepping
Note: Dynamic gmin stepping completed
Note: Starting dynamic gmin stepping
Note: Dynamic gmin stepping completed
Note: Starting dynamic gmin stepping
Note: Dynamic gmin stepping completed

Error: measure  f0r  when(WHEN) : out of interval
Error: &f0r: no such variable.
Note: Starting dynamic gmin stepping
Note: Dynamic gmin stepping completed
Note: Starting dynamic gmin stepping
Note: Dynamic gmin stepping completed
Note: Starting dynamic gmin stepping
Note: Dynamic gmin stepping completed

Error: measure  f0r  when(WHEN) : out of interval
Error: &f0r: no such variable.
Note: Starting dynamic gmin stepping
Note: Dynamic gmin stepping completed
Note: Starting dynamic gmin stepping
Note: Dynamic gmin stepping completed
Note: Starting dynamic gmin stepping
Note: Dynamic gmin stepping completed

Error: measure  f0r  when(WHEN) : out of interval
Error: &f0r: no such variable.
Note: Starting dynamic gmin stepping
Note: Dynamic gmin stepping completed
Note: Starting dynamic gmin stepping
Note: Dynamic gmin stepping completed
Note: Starting dynamic gmin stepping
Note: Dynamic gmin stepping completed

Error: measure  f0r  when(WHEN) : out of interval
Error: &f0r: no such variable.
Note: Starting dynamic gmin stepping
Note: Dynamic gmin stepping completed
Note: Starting dynamic gmin stepping
Note: Dynamic gmin stepping completed
Note: Starting dynamic gmin stepping
Note: Dynamic gmin stepping completed

Error: measure  f0r  when(WHEN) : out of interval
Error: &f0r: no such variable.
Note: Starting dynamic gmin stepping
Note: Dynamic gmin stepping completed
Note: Starting dynamic gmin stepping
Note: Dynamic gmin stepping completed
Note: Starting dynamic gmin stepping
Note: Dynamic gmin stepping completed

Error: measure  f0r  when(WHEN) : out of interval
Error: &f0r: no such variable.
Note: Starting dynamic gmin stepping
Note: Dynamic gmin stepping completed
Note: Starting dynamic gmin stepping
Note: Dynamic gmin stepping completed
Note: Starting dynamic gmin stepping
Note: Dynamic gmin stepping completed

Error: measure  f0r  when(WHEN) : out of interval
Error: &f0r: no such variable.
