
Note: No compatibility mode selected!


Circuit: * loop-stability -- tian dual-injection loop-gain testbench for ldo_core (issue #10)

* corner_id=sf_27c_3.63v corner=sf temp_c=27 vin_v=3.63
* ac sweep: dec 400 0.01 1e9 ; Tian dual injection at ERRAMP_OUT->PASS_GATE
* columns: ROW iload_a= ceff_f= esr_ohm= vout_v= dcgain_db= f0_hz= phase_at_f0_deg=
*          f180_hz= gain_at_f180_db= f0_rising_hz= resurgence_db=
* (phase margin = 180 + phase_at_f0_deg ; gain margin = -gain_at_f180_db ;
*  resurgence_db = max |T| in dB above the first 0 dB crossing, DR-0008 ;
*  an empty f180/gain field means the phase never reaches -180 deg in band)
* Fields are written key=value BECAUSE a failed meas leaves its value
* empty: with bare positional fields an empty one vanishes into the
* whitespace and every field after it is read as the wrong quantity.
Doing analysis at TEMP = 27.000000 and TNOM = 27.000000

Using SPARSE 1.3 as Direct Linear Solver

No. of Data Rows : 1
Doing analysis at TEMP = 27.000000 and TNOM = 27.000000

Using SPARSE 1.3 as Direct Linear Solver
 Reference value :  3.84592e+00
No. of Data Rows : 4401
Doing analysis at TEMP = 27.000000 and TNOM = 27.000000

Using SPARSE 1.3 as Direct Linear Solver
 Reference value :  4.12098e+05
No. of Data Rows : 4401
dcg                 =  1.36296e+02
f0                  =  3.40524e+05
phx                 =  -1.37283e+02
f180                =  8.11160e+05
gmx                 =  -1.06126e+01
 meas ac f0r when tdb=0 rise=1 failed!

tres                =  -5.51906e-01 at=  3.58922e+05
ROW iload_a=0.05 ceff_f=1e-06 esr_ohm=0.001 vout_v=1.79519 dcgain_db=136.296 f0_hz=340524 phase_at_f0_deg=-137.283 f180_hz=811160 gain_at_f180_db=-10.6126 f0_rising_hz= resurgence_db=-0.551906
Doing analysis at TEMP = 27.000000 and TNOM = 27.000000

Using SPARSE 1.3 as Direct Linear Solver

No. of Data Rows : 1
Doing analysis at TEMP = 27.000000 and TNOM = 27.000000

Using SPARSE 1.3 as Direct Linear Solver
 Reference value :  1.55776e+01
No. of Data Rows : 4401
Doing analysis at TEMP = 27.000000 and TNOM = 27.000000

Using SPARSE 1.3 as Direct Linear Solver
 Reference value :  7.58578e+04
No. of Data Rows : 4401
dcg                 =  1.36296e+02
f0                  =  3.42102e+05
phx                 =  -1.31422e+02
f180                =  1.04488e+06
gmx                 =  -1.41541e+01
 meas ac f0r when tdb=0 rise=1 failed!

tres                =  -5.58914e-01 at=  3.60994e+05
ROW iload_a=0.05 ceff_f=1e-06 esr_ohm=0.05 vout_v=1.79519 dcgain_db=136.296 f0_hz=342102 phase_at_f0_deg=-131.422 f180_hz=1.04488E+06 gain_at_f180_db=-14.1541 f0_rising_hz= resurgence_db=-0.558914
Doing analysis at TEMP = 27.000000 and TNOM = 27.000000

Using SPARSE 1.3 as Direct Linear Solver

No. of Data Rows : 1
Doing analysis at TEMP = 27.000000 and TNOM = 27.000000

Using SPARSE 1.3 as Direct Linear Solver
 Reference value :  2.00678e-02
No. of Data Rows : 4401
Doing analysis at TEMP = 27.000000 and TNOM = 27.000000

Using SPARSE 1.3 as Direct Linear Solver
 Reference value :  1.18168e+01
No. of Data Rows : 4401
dcg                 =  1.36296e+02
f0                  =  3.47055e+05
phx                 =  -1.25728e+02
f180                =  1.40190e+06
gmx                 =  -1.74196e+01
 meas ac f0r when tdb=0 rise=1 failed!

tres                =  -5.15236e-01 at=  3.65174e+05
ROW iload_a=0.05 ceff_f=1e-06 esr_ohm=0.1 vout_v=1.79519 dcgain_db=136.296 f0_hz=347055 phase_at_f0_deg=-125.728 f180_hz=1.4019E+06 gain_at_f180_db=-17.4196 f0_rising_hz= resurgence_db=-0.515236
Doing analysis at TEMP = 27.000000 and TNOM = 27.000000

Using SPARSE 1.3 as Direct Linear Solver

No. of Data Rows : 1
Doing analysis at TEMP = 27.000000 and TNOM = 27.000000

Using SPARSE 1.3 as Direct Linear Solver
 Reference value :  1.00000e-02
No. of Data Rows : 4401
Doing analysis at TEMP = 27.000000 and TNOM = 27.000000

Using SPARSE 1.3 as Direct Linear Solver
 Reference value :  7.94328e+01
No. of Data Rows : 4401
dcg                 =  1.36296e+02
f0                  =  3.68722e+05
phx                 =  -1.15245e+02
f180                =  1.89365e+06
gmx                 =  -1.79670e+01
 meas ac f0r when tdb=0 rise=1 failed!

tres                =  -4.89207e-01 at=  3.89045e+05
ROW iload_a=0.05 ceff_f=1e-06 esr_ohm=0.2 vout_v=1.79519 dcgain_db=136.296 f0_hz=368722 phase_at_f0_deg=-115.245 f180_hz=1.89365E+06 gain_at_f180_db=-17.967 f0_rising_hz= resurgence_db=-0.489207
Doing analysis at TEMP = 27.000000 and TNOM = 27.000000

Using SPARSE 1.3 as Direct Linear Solver

No. of Data Rows : 1
Doing analysis at TEMP = 27.000000 and TNOM = 27.000000

Using SPARSE 1.3 as Direct Linear Solver
 Reference value :  1.00000e-02
No. of Data Rows : 4401
Doing analysis at TEMP = 27.000000 and TNOM = 27.000000

Using SPARSE 1.3 as Direct Linear Solver
 Reference value :  1.23737e+02
No. of Data Rows : 4401
dcg                 =  1.36296e+02
f0                  =  6.09082e+05
phx                 =  -1.00499e+02
f180                =  2.22746e+06
gmx                 =  -1.29985e+01
 meas ac f0r when tdb=0 rise=1 failed!

tres                =  -3.20595e-01 at=  6.41948e+05
ROW iload_a=0.05 ceff_f=1e-06 esr_ohm=0.5 vout_v=1.79519 dcgain_db=136.296 f0_hz=609082 phase_at_f0_deg=-100.499 f180_hz=2.22746E+06 gain_at_f180_db=-12.9985 f0_rising_hz= resurgence_db=-0.320595
Doing analysis at TEMP = 27.000000 and TNOM = 27.000000

Using SPARSE 1.3 as Direct Linear Solver

No. of Data Rows : 1
Doing analysis at TEMP = 27.000000 and TNOM = 27.000000

Using SPARSE 1.3 as Direct Linear Solver
 Reference value :  1.00000e-02
No. of Data Rows : 4401
Doing analysis at TEMP = 27.000000 and TNOM = 27.000000

Using SPARSE 1.3 as Direct Linear Solver
 Reference value :  3.36899e+00
No. of Data Rows : 4401
dcg                 =  1.36296e+02
f0                  =  8.67259e+04
phx                 =  -1.24304e+02
f180                =  8.24373e+05
gmx                 =  -2.42873e+01
 meas ac f0r when tdb=0 rise=1 failed!

tres                =  -5.13837e-01 at=  9.12011e+04
ROW iload_a=0.05 ceff_f=4.7e-06 esr_ohm=0.001 vout_v=1.79519 dcgain_db=136.296 f0_hz=86725.9 phase_at_f0_deg=-124.304 f180_hz=824373 gain_at_f180_db=-24.2873 f0_rising_hz= resurgence_db=-0.513837
Doing analysis at TEMP = 27.000000 and TNOM = 27.000000

Using SPARSE 1.3 as Direct Linear Solver

No. of Data Rows : 1
Doing analysis at TEMP = 27.000000 and TNOM = 27.000000

Using SPARSE 1.3 as Direct Linear Solver
 Reference value :  1.00000e-02
No. of Data Rows : 4401
Doing analysis at TEMP = 27.000000 and TNOM = 27.000000

Using SPARSE 1.3 as Direct Linear Solver
 Reference value :  7.37055e+00
No. of Data Rows : 4401
dcg                 =  1.36296e+02
f0                  =  8.73168e+04
phx                 =  -1.17038e+02
f180                =  1.98116e+06
gmx                 =  -3.08432e+01
 meas ac f0r when tdb=0 rise=1 failed!

tres                =  -4.95328e-01 at=  9.17276e+04
ROW iload_a=0.05 ceff_f=4.7e-06 esr_ohm=0.05 vout_v=1.79519 dcgain_db=136.296 f0_hz=87316.8 phase_at_f0_deg=-117.038 f180_hz=1.98116E+06 gain_at_f180_db=-30.8432 f0_rising_hz= resurgence_db=-0.495328
Doing analysis at TEMP = 27.000000 and TNOM = 27.000000

Using SPARSE 1.3 as Direct Linear Solver

No. of Data Rows : 1
Doing analysis at TEMP = 27.000000 and TNOM = 27.000000

Using SPARSE 1.3 as Direct Linear Solver
 Reference value :  1.00000e-02
No. of Data Rows : 4401
Doing analysis at TEMP = 27.000000 and TNOM = 27.000000

Using SPARSE 1.3 as Direct Linear Solver
 Reference value :  6.91831e+00
No. of Data Rows : 4401
dcg                 =  1.36296e+02
f0                  =  8.91956e+04
phx                 =  -1.09426e+02
f180                =  2.21889e+06
gmx                 =  -2.68692e+01
 meas ac f0r when tdb=0 rise=1 failed!

tres                =  -4.88002e-01 at=  9.38642e+04
ROW iload_a=0.05 ceff_f=4.7e-06 esr_ohm=0.1 vout_v=1.79519 dcgain_db=136.296 f0_hz=89195.6 phase_at_f0_deg=-109.426 f180_hz=2.21889E+06 gain_at_f180_db=-26.8692 f0_rising_hz= resurgence_db=-0.488002
Doing analysis at TEMP = 27.000000 and TNOM = 27.000000

Using SPARSE 1.3 as Direct Linear Solver

No. of Data Rows : 1
Doing analysis at TEMP = 27.000000 and TNOM = 27.000000

Using SPARSE 1.3 as Direct Linear Solver
 Reference value :  1.00000e-02
No. of Data Rows : 4401
Doing analysis at TEMP = 27.000000 and TNOM = 27.000000

Using SPARSE 1.3 as Direct Linear Solver
 Reference value :  1.17490e+00
No. of Data Rows : 4401
dcg                 =  1.36296e+02
f0                  =  9.80888e+04
phx                 =  -9.33321e+01
f180                =  2.33115e+06
gmx                 =  -2.17055e+01
 meas ac f0r when tdb=0 rise=1 failed!

tres                =  -4.15401e-01 at=  1.03514e+05
ROW iload_a=0.05 ceff_f=4.7e-06 esr_ohm=0.2 vout_v=1.79519 dcgain_db=136.296 f0_hz=98088.8 phase_at_f0_deg=-93.3321 f180_hz=2.33115E+06 gain_at_f180_db=-21.7055 f0_rising_hz= resurgence_db=-0.415401
Doing analysis at TEMP = 27.000000 and TNOM = 27.000000

Using SPARSE 1.3 as Direct Linear Solver

No. of Data Rows : 1
Doing analysis at TEMP = 27.000000 and TNOM = 27.000000

Using SPARSE 1.3 as Direct Linear Solver
 Reference value :  1.00000e-02
No. of Data Rows : 4401
Doing analysis at TEMP = 27.000000 and TNOM = 27.000000

Using SPARSE 1.3 as Direct Linear Solver
 Reference value :  1.07771e+03
No. of Data Rows : 4401
dcg                 =  1.36296e+02
f0                  =  4.60743e+05
phx                 =  -6.74019e+01
f180                =  2.39298e+06
gmx                 =  -1.42018e+01
 meas ac f0r when tdb=0 rise=1 failed!

tres                =  -1.50235e-01 at=  4.84172e+05
ROW iload_a=0.05 ceff_f=4.7e-06 esr_ohm=0.5 vout_v=1.79519 dcgain_db=136.296 f0_hz=460742 phase_at_f0_deg=-67.4019 f180_hz=2.39298E+06 gain_at_f180_db=-14.2018 f0_rising_hz= resurgence_db=-0.150235
* SWEEP COMPLETE sf_27c_3.63v
Note: Simulation executed from .control section 
Note: Starting dynamic gmin stepping
Note: Dynamic gmin stepping completed
Note: Starting dynamic gmin stepping
Note: Dynamic gmin stepping completed
Note: Starting dynamic gmin stepping
Note: Dynamic gmin stepping completed

Error: measure  f0r  when(WHEN) : out of interval
Error: &f0r: no such variable.
Note: Starting dynamic gmin stepping
Note: Dynamic gmin stepping completed
Note: Starting dynamic gmin stepping
Note: Dynamic gmin stepping completed
Note: Starting dynamic gmin stepping
Note: Dynamic gmin stepping completed

Error: measure  f0r  when(WHEN) : out of interval
Error: &f0r: no such variable.
Note: Starting dynamic gmin stepping
Note: Dynamic gmin stepping completed
Note: Starting dynamic gmin stepping
Note: Dynamic gmin stepping completed
Note: Starting dynamic gmin stepping
Note: Dynamic gmin stepping completed

Error: measure  f0r  when(WHEN) : out of interval
Error: &f0r: no such variable.
Note: Starting dynamic gmin stepping
Note: Dynamic gmin stepping completed
Note: Starting dynamic gmin stepping
Note: Dynamic gmin stepping completed
Note: Starting dynamic gmin stepping
Note: Dynamic gmin stepping completed

Error: measure  f0r  when(WHEN) : out of interval
Error: &f0r: no such variable.
Note: Starting dynamic gmin stepping
Note: Dynamic gmin stepping completed
Note: Starting dynamic gmin stepping
Note: Dynamic gmin stepping completed
Note: Starting dynamic gmin stepping
Note: Dynamic gmin stepping completed

Error: measure  f0r  when(WHEN) : out of interval
Error: &f0r: no such variable.
Note: Starting dynamic gmin stepping
Note: Dynamic gmin stepping completed
Note: Starting dynamic gmin stepping
Note: Dynamic gmin stepping completed
Note: Starting dynamic gmin stepping
Note: Dynamic gmin stepping completed

Error: measure  f0r  when(WHEN) : out of interval
Error: &f0r: no such variable.
Note: Starting dynamic gmin stepping
Note: Dynamic gmin stepping completed
Note: Starting dynamic gmin stepping
Note: Dynamic gmin stepping completed
Note: Starting dynamic gmin stepping
Note: Dynamic gmin stepping completed

Error: measure  f0r  when(WHEN) : out of interval
Error: &f0r: no such variable.
Note: Starting dynamic gmin stepping
Note: Dynamic gmin stepping completed
Note: Starting dynamic gmin stepping
Note: Dynamic gmin stepping completed
Note: Starting dynamic gmin stepping
Note: Dynamic gmin stepping completed

Error: measure  f0r  when(WHEN) : out of interval
Error: &f0r: no such variable.
Note: Starting dynamic gmin stepping
Note: Dynamic gmin stepping completed
Note: Starting dynamic gmin stepping
Note: Dynamic gmin stepping completed
Note: Starting dynamic gmin stepping
Note: Dynamic gmin stepping completed

Error: measure  f0r  when(WHEN) : out of interval
Error: &f0r: no such variable.
Note: Starting dynamic gmin stepping
Note: Dynamic gmin stepping completed
Note: Starting dynamic gmin stepping
Note: Dynamic gmin stepping completed
Note: Starting dynamic gmin stepping
Note: Dynamic gmin stepping completed

Error: measure  f0r  when(WHEN) : out of interval
Error: &f0r: no such variable.
