
Note: No compatibility mode selected!


Circuit: * soft-start-loop-gain -- tian dual-injection loop-gain testbench for the ldo

* corner_id=ff_125c_3.30v corner=ff temp_c=125 vin_v=3.3
* phase=ramp variant=device iload_a=0 rload_ohm=36
* ac sweep: dec 400 0.01 1e9 ; Tian dual injection at ERRAMP_OUT->PASS_GATE
* columns: ROW ssr_cmd= ssr_v= fb_v= vout_v= isup_a= ceff_f= esr_ohm=
*          dcgain_db= f0_hz= phase_at_f0_deg= f180_hz= gain_at_f180_db=
*          f0_rising_hz= resurgence_db=
* (phase margin = 180 + phase_at_f0_deg ; gain margin = -gain_at_f180_db ;
*  resurgence_db = max |T| in dB above the first 0 dB crossing, DR-0008 ;
*  an empty f180/gain field means the phase never reaches -180 deg in band ;
*  ssr_cmd is what this deck COMMANDED the ramp node to, or 'free' when it
*  is not pinned; ssr_v/fb_v/vout_v are what the DC solve LANDED on)
* Fields are written key=value BECAUSE a failed meas leaves its value
* empty: with bare positional fields an empty one vanishes into the
* whitespace and every field after it is read as the wrong quantity.
Doing analysis at TEMP = 125.000000 and TNOM = 27.000000

Using SPARSE 1.3 as Direct Linear Solver

No. of Data Rows : 1
Doing analysis at TEMP = 125.000000 and TNOM = 27.000000

Using SPARSE 1.3 as Direct Linear Solver

No. of Data Rows : 4401
Doing analysis at TEMP = 125.000000 and TNOM = 27.000000

Using SPARSE 1.3 as Direct Linear Solver
 Reference value :  1.38038e+01
No. of Data Rows : 4401
dcg                 =  -2.02461e+02
 meas ac f0 when tdb=0 fall=1 failed!

 meas ac phx find tph when tdb=0 fall=1 failed!

f180                =  2.48197e+04
gmx                 =  -2.18741e+02
 meas ac f0r when tdb=0 rise=1 failed!

 meas ac tres max tdb from=vexprint3 to=1e9 failed!

ROW ssr_cmd=0 ssr_v=0 fb_v=1.50136 vout_v=0.000246678 isup_a=5.07518E-05 ceff_f=1e-06 esr_ohm=0.001 dcgain_db=-202.461 f0_hz= phase_at_f0_deg= f180_hz=24819.7 gain_at_f180_db=-218.741 f0_rising_hz= resurgence_db=
Doing analysis at TEMP = 125.000000 and TNOM = 27.000000

Using SPARSE 1.3 as Direct Linear Solver

No. of Data Rows : 1
Doing analysis at TEMP = 125.000000 and TNOM = 27.000000

Using SPARSE 1.3 as Direct Linear Solver

No. of Data Rows : 4401
Doing analysis at TEMP = 125.000000 and TNOM = 27.000000

Using SPARSE 1.3 as Direct Linear Solver
 Reference value :  3.10814e-01
No. of Data Rows : 4401
dcg                 =  -2.02461e+02
 meas ac f0 when tdb=0 fall=1 failed!

 meas ac phx find tph when tdb=0 fall=1 failed!

f180                =  2.50404e+04
gmx                 =  -2.18796e+02
 meas ac f0r when tdb=0 rise=1 failed!

 meas ac tres max tdb from=vexprint3 to=1e9 failed!

ROW ssr_cmd=0 ssr_v=0 fb_v=1.50136 vout_v=0.000246678 isup_a=5.07518E-05 ceff_f=1e-06 esr_ohm=0.05 dcgain_db=-202.461 f0_hz= phase_at_f0_deg= f180_hz=25040.4 gain_at_f180_db=-218.796 f0_rising_hz= resurgence_db=
Doing analysis at TEMP = 125.000000 and TNOM = 27.000000

Using SPARSE 1.3 as Direct Linear Solver

No. of Data Rows : 1
Doing analysis at TEMP = 125.000000 and TNOM = 27.000000

Using SPARSE 1.3 as Direct Linear Solver
 Reference value :  6.49382e+08
No. of Data Rows : 4401
Doing analysis at TEMP = 125.000000 and TNOM = 27.000000

Using SPARSE 1.3 as Direct Linear Solver

No. of Data Rows : 4401
dcg                 =  -2.02461e+02
 meas ac f0 when tdb=0 fall=1 failed!

 meas ac phx find tph when tdb=0 fall=1 failed!

f180                =  2.52718e+04
gmx                 =  -2.18852e+02
 meas ac f0r when tdb=0 rise=1 failed!

 meas ac tres max tdb from=vexprint3 to=1e9 failed!

ROW ssr_cmd=0 ssr_v=0 fb_v=1.50136 vout_v=0.000246678 isup_a=5.07518E-05 ceff_f=1e-06 esr_ohm=0.1 dcgain_db=-202.461 f0_hz= phase_at_f0_deg= f180_hz=25271.8 gain_at_f180_db=-218.852 f0_rising_hz= resurgence_db=
Doing analysis at TEMP = 125.000000 and TNOM = 27.000000

Using SPARSE 1.3 as Direct Linear Solver

No. of Data Rows : 1
Doing analysis at TEMP = 125.000000 and TNOM = 27.000000

Using SPARSE 1.3 as Direct Linear Solver
 Reference value :  9.06776e+06
No. of Data Rows : 4401
Doing analysis at TEMP = 125.000000 and TNOM = 27.000000

Using SPARSE 1.3 as Direct Linear Solver

No. of Data Rows : 4401
dcg                 =  -2.02461e+02
 meas ac f0 when tdb=0 fall=1 failed!

 meas ac phx find tph when tdb=0 fall=1 failed!

f180                =  2.57558e+04
gmx                 =  -2.18964e+02
 meas ac f0r when tdb=0 rise=1 failed!

 meas ac tres max tdb from=vexprint3 to=1e9 failed!

ROW ssr_cmd=0 ssr_v=0 fb_v=1.50136 vout_v=0.000246678 isup_a=5.07518E-05 ceff_f=1e-06 esr_ohm=0.2 dcgain_db=-202.461 f0_hz= phase_at_f0_deg= f180_hz=25755.8 gain_at_f180_db=-218.964 f0_rising_hz= resurgence_db=
Doing analysis at TEMP = 125.000000 and TNOM = 27.000000

Using SPARSE 1.3 as Direct Linear Solver

No. of Data Rows : 1
Doing analysis at TEMP = 125.000000 and TNOM = 27.000000

Using SPARSE 1.3 as Direct Linear Solver
 Reference value :  6.79986e+04
No. of Data Rows : 4401
Doing analysis at TEMP = 125.000000 and TNOM = 27.000000

Using SPARSE 1.3 as Direct Linear Solver

No. of Data Rows : 4401
dcg                 =  -2.02461e+02
 meas ac f0 when tdb=0 fall=1 failed!

 meas ac phx find tph when tdb=0 fall=1 failed!

f180                =  2.73980e+04
gmx                 =  -2.19293e+02
 meas ac f0r when tdb=0 rise=1 failed!

 meas ac tres max tdb from=vexprint3 to=1e9 failed!

ROW ssr_cmd=0 ssr_v=0 fb_v=1.50136 vout_v=0.000246678 isup_a=5.07518E-05 ceff_f=1e-06 esr_ohm=0.5 dcgain_db=-202.461 f0_hz= phase_at_f0_deg= f180_hz=27398 gain_at_f180_db=-219.293 f0_rising_hz= resurgence_db=
Doing analysis at TEMP = 125.000000 and TNOM = 27.000000

Using SPARSE 1.3 as Direct Linear Solver

No. of Data Rows : 1
Doing analysis at TEMP = 125.000000 and TNOM = 27.000000

Using SPARSE 1.3 as Direct Linear Solver
 Reference value :  7.41310e+03
No. of Data Rows : 4401
Doing analysis at TEMP = 125.000000 and TNOM = 27.000000

Using SPARSE 1.3 as Direct Linear Solver

No. of Data Rows : 4401
dcg                 =  -2.02461e+02
 meas ac f0 when tdb=0 fall=1 failed!

 meas ac phx find tph when tdb=0 fall=1 failed!

f180                =  2.03719e+04
gmx                 =  -2.30881e+02
 meas ac f0r when tdb=0 rise=1 failed!

 meas ac tres max tdb from=vexprint3 to=1e9 failed!

ROW ssr_cmd=0 ssr_v=0 fb_v=1.50136 vout_v=0.000246678 isup_a=5.07518E-05 ceff_f=4.7e-06 esr_ohm=0.001 dcgain_db=-202.461 f0_hz= phase_at_f0_deg= f180_hz=20371.9 gain_at_f180_db=-230.881 f0_rising_hz= resurgence_db=
Doing analysis at TEMP = 125.000000 and TNOM = 27.000000

Using SPARSE 1.3 as Direct Linear Solver

No. of Data Rows : 1
Doing analysis at TEMP = 125.000000 and TNOM = 27.000000

Using SPARSE 1.3 as Direct Linear Solver
 Reference value :  7.49894e+01
No. of Data Rows : 4401
Doing analysis at TEMP = 125.000000 and TNOM = 27.000000

Using SPARSE 1.3 as Direct Linear Solver

No. of Data Rows : 4401
dcg                 =  -2.02461e+02
 meas ac f0 when tdb=0 fall=1 failed!

 meas ac phx find tph when tdb=0 fall=1 failed!

f180                =  2.12789e+04
gmx                 =  -2.31161e+02
 meas ac f0r when tdb=0 rise=1 failed!

 meas ac tres max tdb from=vexprint3 to=1e9 failed!

ROW ssr_cmd=0 ssr_v=0 fb_v=1.50136 vout_v=0.000246678 isup_a=5.07518E-05 ceff_f=4.7e-06 esr_ohm=0.05 dcgain_db=-202.461 f0_hz= phase_at_f0_deg= f180_hz=21278.9 gain_at_f180_db=-231.161 f0_rising_hz= resurgence_db=
Doing analysis at TEMP = 125.000000 and TNOM = 27.000000

Using SPARSE 1.3 as Direct Linear Solver

No. of Data Rows : 1
Doing analysis at TEMP = 125.000000 and TNOM = 27.000000

Using SPARSE 1.3 as Direct Linear Solver
 Reference value :  2.58523e-01
No. of Data Rows : 4401
Doing analysis at TEMP = 125.000000 and TNOM = 27.000000

Using SPARSE 1.3 as Direct Linear Solver

No. of Data Rows : 4401
dcg                 =  -2.02461e+02
 meas ac f0 when tdb=0 fall=1 failed!

 meas ac phx find tph when tdb=0 fall=1 failed!

f180                =  2.23401e+04
gmx                 =  -2.31450e+02
 meas ac f0r when tdb=0 rise=1 failed!

 meas ac tres max tdb from=vexprint3 to=1e9 failed!

ROW ssr_cmd=0 ssr_v=0 fb_v=1.50136 vout_v=0.000246678 isup_a=5.07518E-05 ceff_f=4.7e-06 esr_ohm=0.1 dcgain_db=-202.461 f0_hz= phase_at_f0_deg= f180_hz=22340.1 gain_at_f180_db=-231.45 f0_rising_hz= resurgence_db=
Doing analysis at TEMP = 125.000000 and TNOM = 27.000000

Using SPARSE 1.3 as Direct Linear Solver
 Reference value :  0.00000e+00
No. of Data Rows : 1
Doing analysis at TEMP = 125.000000 and TNOM = 27.000000

Using SPARSE 1.3 as Direct Linear Solver

No. of Data Rows : 4401
Doing analysis at TEMP = 125.000000 and TNOM = 27.000000

Using SPARSE 1.3 as Direct Linear Solver
 Reference value :  1.34896e+07
No. of Data Rows : 4401
dcg                 =  -2.02461e+02
 meas ac f0 when tdb=0 fall=1 failed!

 meas ac phx find tph when tdb=0 fall=1 failed!

f180                =  2.50201e+04
gmx                 =  -2.32020e+02
 meas ac f0r when tdb=0 rise=1 failed!

 meas ac tres max tdb from=vexprint3 to=1e9 failed!

ROW ssr_cmd=0 ssr_v=0 fb_v=1.50136 vout_v=0.000246678 isup_a=5.07518E-05 ceff_f=4.7e-06 esr_ohm=0.2 dcgain_db=-202.461 f0_hz= phase_at_f0_deg= f180_hz=25020.1 gain_at_f180_db=-232.02 f0_rising_hz= resurgence_db=
Doing analysis at TEMP = 125.000000 and TNOM = 27.000000

Using SPARSE 1.3 as Direct Linear Solver

No. of Data Rows : 1
Doing analysis at TEMP = 125.000000 and TNOM = 27.000000

Using SPARSE 1.3 as Direct Linear Solver

No. of Data Rows : 4401
Doing analysis at TEMP = 125.000000 and TNOM = 27.000000

Using SPARSE 1.3 as Direct Linear Solver
 Reference value :  1.47911e+05
No. of Data Rows : 4401
dcg                 =  -2.02461e+02
 meas ac f0 when tdb=0 fall=1 failed!

 meas ac phx find tph when tdb=0 fall=1 failed!

f180                =  4.27256e+04
gmx                 =  -2.32894e+02
 meas ac f0r when tdb=0 rise=1 failed!

 meas ac tres max tdb from=vexprint3 to=1e9 failed!

ROW ssr_cmd=0 ssr_v=0 fb_v=1.50136 vout_v=0.000246678 isup_a=5.07518E-05 ceff_f=4.7e-06 esr_ohm=0.5 dcgain_db=-202.461 f0_hz= phase_at_f0_deg= f180_hz=42725.6 gain_at_f180_db=-232.894 f0_rising_hz= resurgence_db=
Doing analysis at TEMP = 125.000000 and TNOM = 27.000000

Using SPARSE 1.3 as Direct Linear Solver

No. of Data Rows : 1
Doing analysis at TEMP = 125.000000 and TNOM = 27.000000

Using SPARSE 1.3 as Direct Linear Solver

No. of Data Rows : 4401
Doing analysis at TEMP = 125.000000 and TNOM = 27.000000

Using SPARSE 1.3 as Direct Linear Solver
 Reference value :  7.85236e+02
No. of Data Rows : 4401
dcg                 =  -2.00416e+02
 meas ac f0 when tdb=0 fall=1 failed!

 meas ac phx find tph when tdb=0 fall=1 failed!

f180                =  2.56674e+04
gmx                 =  -2.16890e+02
 meas ac f0r when tdb=0 rise=1 failed!

 meas ac tres max tdb from=vexprint3 to=1e9 failed!

ROW ssr_cmd=0.05 ssr_v=0.05 fb_v=1.46673 vout_v=0.000242523 isup_a=5.01913E-05 ceff_f=1e-06 esr_ohm=0.001 dcgain_db=-200.416 f0_hz= phase_at_f0_deg= f180_hz=25667.4 gain_at_f180_db=-216.89 f0_rising_hz= resurgence_db=
Doing analysis at TEMP = 125.000000 and TNOM = 27.000000

Using SPARSE 1.3 as Direct Linear Solver

No. of Data Rows : 1
Doing analysis at TEMP = 125.000000 and TNOM = 27.000000

Using SPARSE 1.3 as Direct Linear Solver

No. of Data Rows : 4401
Doing analysis at TEMP = 125.000000 and TNOM = 27.000000

Using SPARSE 1.3 as Direct Linear Solver
 Reference value :  1.00000e+00
No. of Data Rows : 4401
dcg                 =  -2.00416e+02
 meas ac f0 when tdb=0 fall=1 failed!

 meas ac phx find tph when tdb=0 fall=1 failed!

f180                =  2.59124e+04
gmx                 =  -2.16947e+02
 meas ac f0r when tdb=0 rise=1 failed!

 meas ac tres max tdb from=vexprint3 to=1e9 failed!

ROW ssr_cmd=0.05 ssr_v=0.05 fb_v=1.46673 vout_v=0.000242523 isup_a=5.01913E-05 ceff_f=1e-06 esr_ohm=0.05 dcgain_db=-200.416 f0_hz= phase_at_f0_deg= f180_hz=25912.4 gain_at_f180_db=-216.947 f0_rising_hz= resurgence_db=
Doing analysis at TEMP = 125.000000 and TNOM = 27.000000

Using SPARSE 1.3 as Direct Linear Solver

No. of Data Rows : 1
Doing analysis at TEMP = 125.000000 and TNOM = 27.000000

Using SPARSE 1.3 as Direct Linear Solver
 Reference value :  2.88403e+08
No. of Data Rows : 4401
Doing analysis at TEMP = 125.000000 and TNOM = 27.000000

Using SPARSE 1.3 as Direct Linear Solver

No. of Data Rows : 4401
dcg                 =  -2.00416e+02
 meas ac f0 when tdb=0 fall=1 failed!

 meas ac phx find tph when tdb=0 fall=1 failed!

f180                =  2.61700e+04
gmx                 =  -2.17005e+02
 meas ac f0r when tdb=0 rise=1 failed!

 meas ac tres max tdb from=vexprint3 to=1e9 failed!

ROW ssr_cmd=0.05 ssr_v=0.05 fb_v=1.46673 vout_v=0.000242523 isup_a=5.01913E-05 ceff_f=1e-06 esr_ohm=0.1 dcgain_db=-200.416 f0_hz= phase_at_f0_deg= f180_hz=26170 gain_at_f180_db=-217.006 f0_rising_hz= resurgence_db=
Doing analysis at TEMP = 125.000000 and TNOM = 27.000000

Using SPARSE 1.3 as Direct Linear Solver

No. of Data Rows : 1
Doing analysis at TEMP = 125.000000 and TNOM = 27.000000

Using SPARSE 1.3 as Direct Linear Solver
 Reference value :  6.87860e+05
No. of Data Rows : 4401
Doing analysis at TEMP = 125.000000 and TNOM = 27.000000

Using SPARSE 1.3 as Direct Linear Solver

No. of Data Rows : 4401
dcg                 =  -2.00416e+02
 meas ac f0 when tdb=0 fall=1 failed!

 meas ac phx find tph when tdb=0 fall=1 failed!

f180                =  2.67103e+04
gmx                 =  -2.17122e+02
 meas ac f0r when tdb=0 rise=1 failed!

 meas ac tres max tdb from=vexprint3 to=1e9 failed!

ROW ssr_cmd=0.05 ssr_v=0.05 fb_v=1.46673 vout_v=0.000242523 isup_a=5.01913E-05 ceff_f=1e-06 esr_ohm=0.2 dcgain_db=-200.416 f0_hz= phase_at_f0_deg= f180_hz=26710.3 gain_at_f180_db=-217.122 f0_rising_hz= resurgence_db=
Doing analysis at TEMP = 125.000000 and TNOM = 27.000000

Using SPARSE 1.3 as Direct Linear Solver

No. of Data Rows : 1
Doing analysis at TEMP = 125.000000 and TNOM = 27.000000

Using SPARSE 1.3 as Direct Linear Solver
 Reference value :  2.95121e+03
No. of Data Rows : 4401
Doing analysis at TEMP = 125.000000 and TNOM = 27.000000

Using SPARSE 1.3 as Direct Linear Solver

No. of Data Rows : 4401
dcg                 =  -2.00416e+02
 meas ac f0 when tdb=0 fall=1 failed!

 meas ac phx find tph when tdb=0 fall=1 failed!

f180                =  2.85620e+04
gmx                 =  -2.17466e+02
 meas ac f0r when tdb=0 rise=1 failed!

 meas ac tres max tdb from=vexprint3 to=1e9 failed!

ROW ssr_cmd=0.05 ssr_v=0.05 fb_v=1.46673 vout_v=0.000242523 isup_a=5.01913E-05 ceff_f=1e-06 esr_ohm=0.5 dcgain_db=-200.416 f0_hz= phase_at_f0_deg= f180_hz=28562 gain_at_f180_db=-217.466 f0_rising_hz= resurgence_db=
Doing analysis at TEMP = 125.000000 and TNOM = 27.000000

Using SPARSE 1.3 as Direct Linear Solver

No. of Data Rows : 1
Doing analysis at TEMP = 125.000000 and TNOM = 27.000000

Using SPARSE 1.3 as Direct Linear Solver
 Reference value :  1.98381e+01
No. of Data Rows : 4401
Doing analysis at TEMP = 125.000000 and TNOM = 27.000000

Using SPARSE 1.3 as Direct Linear Solver

No. of Data Rows : 4401
dcg                 =  -2.00416e+02
 meas ac f0 when tdb=0 fall=1 failed!

 meas ac phx find tph when tdb=0 fall=1 failed!

f180                =  2.10543e+04
gmx                 =  -2.29063e+02
 meas ac f0r when tdb=0 rise=1 failed!

 meas ac tres max tdb from=vexprint3 to=1e9 failed!

ROW ssr_cmd=0.05 ssr_v=0.05 fb_v=1.46673 vout_v=0.000242523 isup_a=5.01913E-05 ceff_f=4.7e-06 esr_ohm=0.001 dcgain_db=-200.416 f0_hz= phase_at_f0_deg= f180_hz=21054.3 gain_at_f180_db=-229.063 f0_rising_hz= resurgence_db=
Doing analysis at TEMP = 125.000000 and TNOM = 27.000000

Using SPARSE 1.3 as Direct Linear Solver

No. of Data Rows : 1
Doing analysis at TEMP = 125.000000 and TNOM = 27.000000

Using SPARSE 1.3 as Direct Linear Solver
 Reference value :  4.02717e-02
No. of Data Rows : 4401
Doing analysis at TEMP = 125.000000 and TNOM = 27.000000

Using SPARSE 1.3 as Direct Linear Solver
 Reference value :  1.73780e+08
No. of Data Rows : 4401
dcg                 =  -2.00416e+02
 meas ac f0 when tdb=0 fall=1 failed!

 meas ac phx find tph when tdb=0 fall=1 failed!

f180                =  2.20616e+04
gmx                 =  -2.29355e+02
 meas ac f0r when tdb=0 rise=1 failed!

 meas ac tres max tdb from=vexprint3 to=1e9 failed!

ROW ssr_cmd=0.05 ssr_v=0.05 fb_v=1.46673 vout_v=0.000242523 isup_a=5.01913E-05 ceff_f=4.7e-06 esr_ohm=0.05 dcgain_db=-200.416 f0_hz= phase_at_f0_deg= f180_hz=22061.6 gain_at_f180_db=-229.355 f0_rising_hz= resurgence_db=
Doing analysis at TEMP = 125.000000 and TNOM = 27.000000

Using SPARSE 1.3 as Direct Linear Solver

No. of Data Rows : 1
Doing analysis at TEMP = 125.000000 and TNOM = 27.000000

Using SPARSE 1.3 as Direct Linear Solver

No. of Data Rows : 4401
Doing analysis at TEMP = 125.000000 and TNOM = 27.000000

Using SPARSE 1.3 as Direct Linear Solver
 Reference value :  1.30317e+06
No. of Data Rows : 4401
dcg                 =  -2.00416e+02
 meas ac f0 when tdb=0 fall=1 failed!

 meas ac phx find tph when tdb=0 fall=1 failed!

f180                =  2.32528e+04
gmx                 =  -2.29655e+02
 meas ac f0r when tdb=0 rise=1 failed!

 meas ac tres max tdb from=vexprint3 to=1e9 failed!

ROW ssr_cmd=0.05 ssr_v=0.05 fb_v=1.46673 vout_v=0.000242523 isup_a=5.01913E-05 ceff_f=4.7e-06 esr_ohm=0.1 dcgain_db=-200.416 f0_hz= phase_at_f0_deg= f180_hz=23252.8 gain_at_f180_db=-229.655 f0_rising_hz= resurgence_db=
Doing analysis at TEMP = 125.000000 and TNOM = 27.000000

Using SPARSE 1.3 as Direct Linear Solver

No. of Data Rows : 1
Doing analysis at TEMP = 125.000000 and TNOM = 27.000000

Using SPARSE 1.3 as Direct Linear Solver

No. of Data Rows : 4401
Doing analysis at TEMP = 125.000000 and TNOM = 27.000000

Using SPARSE 1.3 as Direct Linear Solver
 Reference value :  2.48313e+03
No. of Data Rows : 4401
dcg                 =  -2.00416e+02
 meas ac f0 when tdb=0 fall=1 failed!

 meas ac phx find tph when tdb=0 fall=1 failed!

f180                =  2.63254e+04
gmx                 =  -2.30252e+02
 meas ac f0r when tdb=0 rise=1 failed!

 meas ac tres max tdb from=vexprint3 to=1e9 failed!

ROW ssr_cmd=0.05 ssr_v=0.05 fb_v=1.46673 vout_v=0.000242523 isup_a=5.01913E-05 ceff_f=4.7e-06 esr_ohm=0.2 dcgain_db=-200.416 f0_hz= phase_at_f0_deg= f180_hz=26325.4 gain_at_f180_db=-230.252 f0_rising_hz= resurgence_db=
Doing analysis at TEMP = 125.000000 and TNOM = 27.000000

Using SPARSE 1.3 as Direct Linear Solver

No. of Data Rows : 1
Doing analysis at TEMP = 125.000000 and TNOM = 27.000000

Using SPARSE 1.3 as Direct Linear Solver

No. of Data Rows : 4401
Doing analysis at TEMP = 125.000000 and TNOM = 27.000000

Using SPARSE 1.3 as Direct Linear Solver
 Reference value :  7.54223e+00
No. of Data Rows : 4401
dcg                 =  -2.00416e+02
 meas ac f0 when tdb=0 fall=1 failed!

 meas ac phx find tph when tdb=0 fall=1 failed!

f180                =  4.84638e+04
gmx                 =  -2.31033e+02
 meas ac f0r when tdb=0 rise=1 failed!

 meas ac tres max tdb from=vexprint3 to=1e9 failed!

ROW ssr_cmd=0.05 ssr_v=0.05 fb_v=1.46673 vout_v=0.000242523 isup_a=5.01913E-05 ceff_f=4.7e-06 esr_ohm=0.5 dcgain_db=-200.416 f0_hz= phase_at_f0_deg= f180_hz=48463.8 gain_at_f180_db=-231.033 f0_rising_hz= resurgence_db=
Doing analysis at TEMP = 125.000000 and TNOM = 27.000000

Using SPARSE 1.3 as Direct Linear Solver

No. of Data Rows : 1
Doing analysis at TEMP = 125.000000 and TNOM = 27.000000

Using SPARSE 1.3 as Direct Linear Solver

No. of Data Rows : 4401
Doing analysis at TEMP = 125.000000 and TNOM = 27.000000

Using SPARSE 1.3 as Direct Linear Solver
 Reference value :  3.38844e-02
No. of Data Rows : 4401
dcg                 =  -1.94483e+02
 meas ac f0 when tdb=0 fall=1 failed!

 meas ac phx find tph when tdb=0 fall=1 failed!

f180                =  2.77980e+04
gmx                 =  -2.11423e+02
 meas ac f0r when tdb=0 rise=1 failed!

 meas ac tres max tdb from=vexprint3 to=1e9 failed!

ROW ssr_cmd=0.15 ssr_v=0.15 fb_v=1.39032 vout_v=0.000233355 isup_a=4.89543E-05 ceff_f=1e-06 esr_ohm=0.001 dcgain_db=-194.483 f0_hz= phase_at_f0_deg= f180_hz=27798 gain_at_f180_db=-211.423 f0_rising_hz= resurgence_db=
Doing analysis at TEMP = 125.000000 and TNOM = 27.000000

Using SPARSE 1.3 as Direct Linear Solver

No. of Data Rows : 1
Doing analysis at TEMP = 125.000000 and TNOM = 27.000000

Using SPARSE 1.3 as Direct Linear Solver
 Reference value :  4.19276e+08
No. of Data Rows : 4401
Doing analysis at TEMP = 125.000000 and TNOM = 27.000000

Using SPARSE 1.3 as Direct Linear Solver

No. of Data Rows : 4401
dcg                 =  -1.94483e+02
 meas ac f0 when tdb=0 fall=1 failed!

 meas ac phx find tph when tdb=0 fall=1 failed!

f180                =  2.81075e+04
gmx                 =  -2.11485e+02
 meas ac f0r when tdb=0 rise=1 failed!

 meas ac tres max tdb from=vexprint3 to=1e9 failed!

ROW ssr_cmd=0.15 ssr_v=0.15 fb_v=1.39032 vout_v=0.000233355 isup_a=4.89543E-05 ceff_f=1e-06 esr_ohm=0.05 dcgain_db=-194.483 f0_hz= phase_at_f0_deg= f180_hz=28107.5 gain_at_f180_db=-211.485 f0_rising_hz= resurgence_db=
Doing analysis at TEMP = 125.000000 and TNOM = 27.000000

Using SPARSE 1.3 as Direct Linear Solver

No. of Data Rows : 1
Doing analysis at TEMP = 125.000000 and TNOM = 27.000000

Using SPARSE 1.3 as Direct Linear Solver
 Reference value :  1.84077e+06
No. of Data Rows : 4401
Doing analysis at TEMP = 125.000000 and TNOM = 27.000000

Using SPARSE 1.3 as Direct Linear Solver

No. of Data Rows : 4401
dcg                 =  -1.94483e+02
 meas ac f0 when tdb=0 fall=1 failed!

 meas ac phx find tph when tdb=0 fall=1 failed!

f180                =  2.84347e+04
gmx                 =  -2.11548e+02
 meas ac f0r when tdb=0 rise=1 failed!

 meas ac tres max tdb from=vexprint3 to=1e9 failed!

ROW ssr_cmd=0.15 ssr_v=0.15 fb_v=1.39032 vout_v=0.000233355 isup_a=4.89543E-05 ceff_f=1e-06 esr_ohm=0.1 dcgain_db=-194.483 f0_hz= phase_at_f0_deg= f180_hz=28434.7 gain_at_f180_db=-211.548 f0_rising_hz= resurgence_db=
Doing analysis at TEMP = 125.000000 and TNOM = 27.000000

Using SPARSE 1.3 as Direct Linear Solver

No. of Data Rows : 1
Doing analysis at TEMP = 125.000000 and TNOM = 27.000000

Using SPARSE 1.3 as Direct Linear Solver
 Reference value :  1.92752e+03
No. of Data Rows : 4401
Doing analysis at TEMP = 125.000000 and TNOM = 27.000000

Using SPARSE 1.3 as Direct Linear Solver

No. of Data Rows : 4401
dcg                 =  -1.94483e+02
 meas ac f0 when tdb=0 fall=1 failed!

 meas ac phx find tph when tdb=0 fall=1 failed!

f180                =  2.91259e+04
gmx                 =  -2.11675e+02
 meas ac f0r when tdb=0 rise=1 failed!

 meas ac tres max tdb from=vexprint3 to=1e9 failed!

ROW ssr_cmd=0.15 ssr_v=0.15 fb_v=1.39032 vout_v=0.000233355 isup_a=4.89543E-05 ceff_f=1e-06 esr_ohm=0.2 dcgain_db=-194.483 f0_hz= phase_at_f0_deg= f180_hz=29125.9 gain_at_f180_db=-211.675 f0_rising_hz= resurgence_db=
Doing analysis at TEMP = 125.000000 and TNOM = 27.000000

Using SPARSE 1.3 as Direct Linear Solver

No. of Data Rows : 1
Doing analysis at TEMP = 125.000000 and TNOM = 27.000000

Using SPARSE 1.3 as Direct Linear Solver
 Reference value :  5.65588e-01
No. of Data Rows : 4401
Doing analysis at TEMP = 125.000000 and TNOM = 27.000000

Using SPARSE 1.3 as Direct Linear Solver
 Reference value :  3.16228e+08
No. of Data Rows : 4401
dcg                 =  -1.94483e+02
 meas ac f0 when tdb=0 fall=1 failed!

 meas ac phx find tph when tdb=0 fall=1 failed!

f180                =  3.15527e+04
gmx                 =  -2.12051e+02
 meas ac f0r when tdb=0 rise=1 failed!

 meas ac tres max tdb from=vexprint3 to=1e9 failed!

ROW ssr_cmd=0.15 ssr_v=0.15 fb_v=1.39032 vout_v=0.000233355 isup_a=4.89543E-05 ceff_f=1e-06 esr_ohm=0.5 dcgain_db=-194.483 f0_hz= phase_at_f0_deg= f180_hz=31552.7 gain_at_f180_db=-212.051 f0_rising_hz= resurgence_db=
Doing analysis at TEMP = 125.000000 and TNOM = 27.000000

Using SPARSE 1.3 as Direct Linear Solver

No. of Data Rows : 1
Doing analysis at TEMP = 125.000000 and TNOM = 27.000000

Using SPARSE 1.3 as Direct Linear Solver

No. of Data Rows : 4401
Doing analysis at TEMP = 125.000000 and TNOM = 27.000000

Using SPARSE 1.3 as Direct Linear Solver
 Reference value :  1.09018e+06
No. of Data Rows : 4401
dcg                 =  -1.94483e+02
 meas ac f0 when tdb=0 fall=1 failed!

 meas ac phx find tph when tdb=0 fall=1 failed!

f180                =  2.28370e+04
gmx                 =  -2.23690e+02
 meas ac f0r when tdb=0 rise=1 failed!

 meas ac tres max tdb from=vexprint3 to=1e9 failed!

ROW ssr_cmd=0.15 ssr_v=0.15 fb_v=1.39032 vout_v=0.000233355 isup_a=4.89543E-05 ceff_f=4.7e-06 esr_ohm=0.001 dcgain_db=-194.483 f0_hz= phase_at_f0_deg= f180_hz=22837 gain_at_f180_db=-223.69 f0_rising_hz= resurgence_db=
Doing analysis at TEMP = 125.000000 and TNOM = 27.000000

Using SPARSE 1.3 as Direct Linear Solver

No. of Data Rows : 1
Doing analysis at TEMP = 125.000000 and TNOM = 27.000000

Using SPARSE 1.3 as Direct Linear Solver

No. of Data Rows : 4401
Doing analysis at TEMP = 125.000000 and TNOM = 27.000000

Using SPARSE 1.3 as Direct Linear Solver
 Reference value :  1.53993e+05
No. of Data Rows : 4401
dcg                 =  -1.94483e+02
 meas ac f0 when tdb=0 fall=1 failed!

 meas ac phx find tph when tdb=0 fall=1 failed!

f180                =  2.41190e+04
gmx                 =  -2.24006e+02
 meas ac f0r when tdb=0 rise=1 failed!

 meas ac tres max tdb from=vexprint3 to=1e9 failed!

ROW ssr_cmd=0.15 ssr_v=0.15 fb_v=1.39032 vout_v=0.000233355 isup_a=4.89543E-05 ceff_f=4.7e-06 esr_ohm=0.05 dcgain_db=-194.483 f0_hz= phase_at_f0_deg= f180_hz=24119 gain_at_f180_db=-224.006 f0_rising_hz= resurgence_db=
Doing analysis at TEMP = 125.000000 and TNOM = 27.000000

Using SPARSE 1.3 as Direct Linear Solver

No. of Data Rows : 1
Doing analysis at TEMP = 125.000000 and TNOM = 27.000000

Using SPARSE 1.3 as Direct Linear Solver

No. of Data Rows : 4401
Doing analysis at TEMP = 125.000000 and TNOM = 27.000000

Using SPARSE 1.3 as Direct Linear Solver
 Reference value :  1.12202e+06
No. of Data Rows : 4401
dcg                 =  -1.94483e+02
 meas ac f0 when tdb=0 fall=1 failed!

 meas ac phx find tph when tdb=0 fall=1 failed!

f180                =  2.56742e+04
gmx                 =  -2.24333e+02
 meas ac f0r when tdb=0 rise=1 failed!

 meas ac tres max tdb from=vexprint3 to=1e9 failed!

ROW ssr_cmd=0.15 ssr_v=0.15 fb_v=1.39032 vout_v=0.000233355 isup_a=4.89543E-05 ceff_f=4.7e-06 esr_ohm=0.1 dcgain_db=-194.483 f0_hz= phase_at_f0_deg= f180_hz=25674.2 gain_at_f180_db=-224.333 f0_rising_hz= resurgence_db=
Doing analysis at TEMP = 125.000000 and TNOM = 27.000000

Using SPARSE 1.3 as Direct Linear Solver

No. of Data Rows : 1
Doing analysis at TEMP = 125.000000 and TNOM = 27.000000

Using SPARSE 1.3 as Direct Linear Solver

No. of Data Rows : 4401
Doing analysis at TEMP = 125.000000 and TNOM = 27.000000

Using SPARSE 1.3 as Direct Linear Solver
 Reference value :  2.90068e+05
No. of Data Rows : 4401
dcg                 =  -1.94483e+02
 meas ac f0 when tdb=0 fall=1 failed!

 meas ac phx find tph when tdb=0 fall=1 failed!

f180                =  2.99001e+04
gmx                 =  -2.24983e+02
 meas ac f0r when tdb=0 rise=1 failed!

 meas ac tres max tdb from=vexprint3 to=1e9 failed!

ROW ssr_cmd=0.15 ssr_v=0.15 fb_v=1.39032 vout_v=0.000233355 isup_a=4.89543E-05 ceff_f=4.7e-06 esr_ohm=0.2 dcgain_db=-194.483 f0_hz= phase_at_f0_deg= f180_hz=29900.1 gain_at_f180_db=-224.983 f0_rising_hz= resurgence_db=
Doing analysis at TEMP = 125.000000 and TNOM = 27.000000

Using SPARSE 1.3 as Direct Linear Solver

No. of Data Rows : 1
Doing analysis at TEMP = 125.000000 and TNOM = 27.000000

Using SPARSE 1.3 as Direct Linear Solver

No. of Data Rows : 4401
Doing analysis at TEMP = 125.000000 and TNOM = 27.000000

Using SPARSE 1.3 as Direct Linear Solver
 Reference value :  1.45378e+04
No. of Data Rows : 4401
dcg                 =  -1.94483e+02
 meas ac f0 when tdb=0 fall=1 failed!

 meas ac phx find tph when tdb=0 fall=1 failed!

f180                =  6.83761e+04
gmx                 =  -2.25447e+02
 meas ac f0r when tdb=0 rise=1 failed!

 meas ac tres max tdb from=vexprint3 to=1e9 failed!

ROW ssr_cmd=0.15 ssr_v=0.15 fb_v=1.39032 vout_v=0.000233355 isup_a=4.89543E-05 ceff_f=4.7e-06 esr_ohm=0.5 dcgain_db=-194.483 f0_hz= phase_at_f0_deg= f180_hz=68376.1 gain_at_f180_db=-225.447 f0_rising_hz= resurgence_db=
Doing analysis at TEMP = 125.000000 and TNOM = 27.000000

Using SPARSE 1.3 as Direct Linear Solver

No. of Data Rows : 1
Doing analysis at TEMP = 125.000000 and TNOM = 27.000000

Using SPARSE 1.3 as Direct Linear Solver
 Reference value :  1.50487e+08
No. of Data Rows : 4401
Doing analysis at TEMP = 125.000000 and TNOM = 27.000000

Using SPARSE 1.3 as Direct Linear Solver

No. of Data Rows : 4401
dcg                 =  1.07966e+02
f0                  =  1.71550e+05
phx                 =  -1.16205e+02
f180                =  9.75600e+05
gmx                 =  -1.77371e+01
 meas ac f0r when tdb=0 rise=1 failed!

tres                =  -4.87399e-01 at=  1.80926e+05
ROW ssr_cmd=0.6 ssr_v=0.6 fb_v=1.19935 vout_v=0.252331 isup_a=0.00704985 ceff_f=1e-06 esr_ohm=0.001 dcgain_db=107.966 f0_hz=171550 phase_at_f0_deg=-116.205 f180_hz=975600 gain_at_f180_db=-17.7371 f0_rising_hz= resurgence_db=-0.487399
Doing analysis at TEMP = 125.000000 and TNOM = 27.000000

Using SPARSE 1.3 as Direct Linear Solver

No. of Data Rows : 1
Doing analysis at TEMP = 125.000000 and TNOM = 27.000000

Using SPARSE 1.3 as Direct Linear Solver
 Reference value :  4.73151e-01
No. of Data Rows : 4401
Doing analysis at TEMP = 125.000000 and TNOM = 27.000000

Using SPARSE 1.3 as Direct Linear Solver

No. of Data Rows : 4401
dcg                 =  1.07966e+02
f0                  =  1.71557e+05
phx                 =  -1.13185e+02
f180                =  1.24559e+06
gmx                 =  -2.08945e+01
 meas ac f0r when tdb=0 rise=1 failed!

tres                =  -4.85637e-01 at=  1.80926e+05
ROW ssr_cmd=0.6 ssr_v=0.6 fb_v=1.19935 vout_v=0.252331 isup_a=0.00704985 ceff_f=1e-06 esr_ohm=0.05 dcgain_db=107.966 f0_hz=171557 phase_at_f0_deg=-113.185 f180_hz=1.24559E+06 gain_at_f180_db=-20.8945 f0_rising_hz= resurgence_db=-0.485637
Doing analysis at TEMP = 125.000000 and TNOM = 27.000000

Using SPARSE 1.3 as Direct Linear Solver
 Reference value :  0.00000e+00
No. of Data Rows : 1
Doing analysis at TEMP = 125.000000 and TNOM = 27.000000

Using SPARSE 1.3 as Direct Linear Solver

No. of Data Rows : 4401
Doing analysis at TEMP = 125.000000 and TNOM = 27.000000

Using SPARSE 1.3 as Direct Linear Solver
 Reference value :  5.75440e+04
No. of Data Rows : 4401
dcg                 =  1.07966e+02
f0                  =  1.72032e+05
phx                 =  -1.10119e+02
f180                =  1.59914e+06
gmx                 =  -2.31573e+01
 meas ac f0r when tdb=0 rise=1 failed!

tres                =  -4.56353e-01 at=  1.80926e+05
ROW ssr_cmd=0.6 ssr_v=0.6 fb_v=1.19935 vout_v=0.252331 isup_a=0.00704985 ceff_f=1e-06 esr_ohm=0.1 dcgain_db=107.966 f0_hz=172032 phase_at_f0_deg=-110.119 f180_hz=1.59914E+06 gain_at_f180_db=-23.1573 f0_rising_hz= resurgence_db=-0.456353
Doing analysis at TEMP = 125.000000 and TNOM = 27.000000

Using SPARSE 1.3 as Direct Linear Solver

No. of Data Rows : 1
Doing analysis at TEMP = 125.000000 and TNOM = 27.000000

Using SPARSE 1.3 as Direct Linear Solver

No. of Data Rows : 4401
Doing analysis at TEMP = 125.000000 and TNOM = 27.000000

Using SPARSE 1.3 as Direct Linear Solver
 Reference value :  1.00000e-02
No. of Data Rows : 4401
dcg                 =  1.07966e+02
f0                  =  1.74462e+05
phx                 =  -1.04011e+02
f180                =  2.03163e+06
gmx                 =  -2.27336e+01
 meas ac f0r when tdb=0 rise=1 failed!

tres                =  -4.68612e-01 at=  1.84077e+05
ROW ssr_cmd=0.6 ssr_v=0.6 fb_v=1.19935 vout_v=0.252331 isup_a=0.00704985 ceff_f=1e-06 esr_ohm=0.2 dcgain_db=107.966 f0_hz=174462 phase_at_f0_deg=-104.011 f180_hz=2.03163E+06 gain_at_f180_db=-22.7336 f0_rising_hz= resurgence_db=-0.468612
Doing analysis at TEMP = 125.000000 and TNOM = 27.000000

Using SPARSE 1.3 as Direct Linear Solver

No. of Data Rows : 1
Doing analysis at TEMP = 125.000000 and TNOM = 27.000000

Using SPARSE 1.3 as Direct Linear Solver
 Reference value :  1.71791e+02
No. of Data Rows : 4401
Doing analysis at TEMP = 125.000000 and TNOM = 27.000000

Using SPARSE 1.3 as Direct Linear Solver

No. of Data Rows : 4401
dcg                 =  1.07966e+02
f0                  =  1.97561e+05
phx                 =  -8.55304e+01
f180                =  2.33718e+06
gmx                 =  -1.76071e+01
 meas ac f0r when tdb=0 rise=1 failed!

tres                =  -3.32547e-01 at=  2.07730e+05
ROW ssr_cmd=0.6 ssr_v=0.6 fb_v=1.19935 vout_v=0.252331 isup_a=0.00704985 ceff_f=1e-06 esr_ohm=0.5 dcgain_db=107.966 f0_hz=197561 phase_at_f0_deg=-85.5304 f180_hz=2.33718E+06 gain_at_f180_db=-17.6071 f0_rising_hz= resurgence_db=-0.332547
Doing analysis at TEMP = 125.000000 and TNOM = 27.000000

Using SPARSE 1.3 as Direct Linear Solver
 Reference value :  0.00000e+00
No. of Data Rows : 1
Doing analysis at TEMP = 125.000000 and TNOM = 27.000000

Using SPARSE 1.3 as Direct Linear Solver

No. of Data Rows : 4401
Doing analysis at TEMP = 125.000000 and TNOM = 27.000000

Using SPARSE 1.3 as Direct Linear Solver
 Reference value :  5.95662e+01
No. of Data Rows : 4401
dcg                 =  1.07966e+02
f0                  =  4.58510e+04
phx                 =  -1.31796e+02
f180                =  9.89334e+05
gmx                 =  -3.13727e+01
 meas ac f0r when tdb=0 rise=1 failed!

tres                =  -6.53294e-01 at=  4.84172e+04
ROW ssr_cmd=0.6 ssr_v=0.6 fb_v=1.19935 vout_v=0.252331 isup_a=0.00704985 ceff_f=4.7e-06 esr_ohm=0.001 dcgain_db=107.966 f0_hz=45851 phase_at_f0_deg=-131.796 f180_hz=989334 gain_at_f180_db=-31.3727 f0_rising_hz= resurgence_db=-0.653294
Doing analysis at TEMP = 125.000000 and TNOM = 27.000000

Using SPARSE 1.3 as Direct Linear Solver

No. of Data Rows : 1
Doing analysis at TEMP = 125.000000 and TNOM = 27.000000

Using SPARSE 1.3 as Direct Linear Solver
 Reference value :  1.72783e+05
No. of Data Rows : 4401
Doing analysis at TEMP = 125.000000 and TNOM = 27.000000

Using SPARSE 1.3 as Direct Linear Solver

No. of Data Rows : 4401
dcg                 =  1.07966e+02
f0                  =  4.58798e+04
phx                 =  -1.27986e+02
f180                =  2.10793e+06
gmx                 =  -3.54901e+01
 meas ac f0r when tdb=0 rise=1 failed!

tres                =  -6.43433e-01 at=  4.84172e+04
ROW ssr_cmd=0.6 ssr_v=0.6 fb_v=1.19935 vout_v=0.252331 isup_a=0.00704985 ceff_f=4.7e-06 esr_ohm=0.05 dcgain_db=107.966 f0_hz=45879.8 phase_at_f0_deg=-127.986 f180_hz=2.10794E+06 gain_at_f180_db=-35.4901 f0_rising_hz= resurgence_db=-0.643433
Doing analysis at TEMP = 125.000000 and TNOM = 27.000000

Using SPARSE 1.3 as Direct Linear Solver
 Reference value :  0.00000e+00
No. of Data Rows : 1
Doing analysis at TEMP = 125.000000 and TNOM = 27.000000

Using SPARSE 1.3 as Direct Linear Solver

No. of Data Rows : 4401
Doing analysis at TEMP = 125.000000 and TNOM = 27.000000

Using SPARSE 1.3 as Direct Linear Solver
 Reference value :  2.01837e+00
No. of Data Rows : 4401
dcg                 =  1.07966e+02
f0                  =  4.60592e+04
phx                 =  -1.24027e+02
f180                =  2.32541e+06
gmx                 =  -3.13848e+01
 meas ac f0r when tdb=0 rise=1 failed!

tres                =  -5.90185e-01 at=  4.84172e+04
ROW ssr_cmd=0.6 ssr_v=0.6 fb_v=1.19935 vout_v=0.252331 isup_a=0.00704985 ceff_f=4.7e-06 esr_ohm=0.1 dcgain_db=107.966 f0_hz=46059.2 phase_at_f0_deg=-124.028 f180_hz=2.32541E+06 gain_at_f180_db=-31.3848 f0_rising_hz= resurgence_db=-0.590185
Doing analysis at TEMP = 125.000000 and TNOM = 27.000000

Using SPARSE 1.3 as Direct Linear Solver

No. of Data Rows : 1
Doing analysis at TEMP = 125.000000 and TNOM = 27.000000

Using SPARSE 1.3 as Direct Linear Solver
 Reference value :  1.31826e+03
No. of Data Rows : 4401
Doing analysis at TEMP = 125.000000 and TNOM = 27.000000

Using SPARSE 1.3 as Direct Linear Solver
 Reference value :  3.82384e+08
No. of Data Rows : 4401
dcg                 =  1.07966e+02
f0                  =  4.68937e+04
phx                 =  -1.15884e+02
f180                =  2.43108e+06
gmx                 =  -2.62067e+01
 meas ac f0r when tdb=0 rise=1 failed!

tres                =  -5.54685e-01 at=  4.92606e+04
ROW ssr_cmd=0.6 ssr_v=0.6 fb_v=1.19935 vout_v=0.252331 isup_a=0.00704985 ceff_f=4.7e-06 esr_ohm=0.2 dcgain_db=107.966 f0_hz=46893.7 phase_at_f0_deg=-115.884 f180_hz=2.43108E+06 gain_at_f180_db=-26.2067 f0_rising_hz= resurgence_db=-0.554685
Doing analysis at TEMP = 125.000000 and TNOM = 27.000000

Using SPARSE 1.3 as Direct Linear Solver

No. of Data Rows : 1
Doing analysis at TEMP = 125.000000 and TNOM = 27.000000

Using SPARSE 1.3 as Direct Linear Solver

No. of Data Rows : 4401
Doing analysis at TEMP = 125.000000 and TNOM = 27.000000

Using SPARSE 1.3 as Direct Linear Solver
 Reference value :  1.00000e-02
No. of Data Rows : 4401
dcg                 =  1.07966e+02
f0                  =  5.45926e+04
phx                 =  -8.91603e+01
f180                =  2.49185e+06
gmx                 =  -1.87698e+01
 meas ac f0r when tdb=0 rise=1 failed!

tres                =  -4.09006e-01 at=  5.75440e+04
ROW ssr_cmd=0.6 ssr_v=0.6 fb_v=1.19935 vout_v=0.252331 isup_a=0.00704985 ceff_f=4.7e-06 esr_ohm=0.5 dcgain_db=107.966 f0_hz=54592.6 phase_at_f0_deg=-89.1602 f180_hz=2.49185E+06 gain_at_f180_db=-18.7698 f0_rising_hz= resurgence_db=-0.409006
Doing analysis at TEMP = 125.000000 and TNOM = 27.000000

Using SPARSE 1.3 as Direct Linear Solver

No. of Data Rows : 1
Doing analysis at TEMP = 125.000000 and TNOM = 27.000000

Using SPARSE 1.3 as Direct Linear Solver
 Reference value :  1.00000e-02
No. of Data Rows : 4401
Doing analysis at TEMP = 125.000000 and TNOM = 27.000000

Using SPARSE 1.3 as Direct Linear Solver
 Reference value :  4.05042e+02
No. of Data Rows : 4401
dcg                 =  1.13663e+02
f0                  =  2.29413e+05
phx                 =  -1.24340e+02
f180                =  9.41855e+05
gmx                 =  -1.51390e+01
 meas ac f0r when tdb=0 rise=1 failed!

tres                =  -4.81041e-01 at=  2.41268e+05
ROW ssr_cmd=1.15 ssr_v=1.15 fb_v=1.19934 vout_v=0.894278 isup_a=0.0248752 ceff_f=1e-06 esr_ohm=0.001 dcgain_db=113.663 f0_hz=229413 phase_at_f0_deg=-124.34 f180_hz=941855 gain_at_f180_db=-15.139 f0_rising_hz= resurgence_db=-0.481041
Doing analysis at TEMP = 125.000000 and TNOM = 27.000000

Using SPARSE 1.3 as Direct Linear Solver

No. of Data Rows : 1
Doing analysis at TEMP = 125.000000 and TNOM = 27.000000

Using SPARSE 1.3 as Direct Linear Solver
 Reference value :  2.73842e+01
No. of Data Rows : 4401
Doing analysis at TEMP = 125.000000 and TNOM = 27.000000

Using SPARSE 1.3 as Direct Linear Solver
 Reference value :  1.21619e+06
No. of Data Rows : 4401
dcg                 =  1.13663e+02
f0                  =  2.29648e+05
phx                 =  -1.20309e+02
f180                =  1.21361e+06
gmx                 =  -1.84479e+01
 meas ac f0r when tdb=0 rise=1 failed!

tres                =  -4.68926e-01 at=  2.41268e+05
ROW ssr_cmd=1.15 ssr_v=1.15 fb_v=1.19934 vout_v=0.894278 isup_a=0.0248752 ceff_f=1e-06 esr_ohm=0.05 dcgain_db=113.663 f0_hz=229648 phase_at_f0_deg=-120.309 f180_hz=1.21361E+06 gain_at_f180_db=-18.4478 f0_rising_hz= resurgence_db=-0.468926
Doing analysis at TEMP = 125.000000 and TNOM = 27.000000

Using SPARSE 1.3 as Direct Linear Solver

No. of Data Rows : 1
Doing analysis at TEMP = 125.000000 and TNOM = 27.000000

Using SPARSE 1.3 as Direct Linear Solver
 Reference value :  8.08165e+03
No. of Data Rows : 4401
Doing analysis at TEMP = 125.000000 and TNOM = 27.000000

Using SPARSE 1.3 as Direct Linear Solver
 Reference value :  5.52713e+08
No. of Data Rows : 4401
dcg                 =  1.13663e+02
f0                  =  2.30973e+05
phx                 =  -1.16243e+02
f180                =  1.57941e+06
gmx                 =  -2.09107e+01
 meas ac f0r when tdb=0 rise=1 failed!

tres                =  -4.61919e-01 at=  2.42661e+05
ROW ssr_cmd=1.15 ssr_v=1.15 fb_v=1.19934 vout_v=0.894278 isup_a=0.0248752 ceff_f=1e-06 esr_ohm=0.1 dcgain_db=113.663 f0_hz=230973 phase_at_f0_deg=-116.243 f180_hz=1.57941E+06 gain_at_f180_db=-20.9107 f0_rising_hz= resurgence_db=-0.461919
Doing analysis at TEMP = 125.000000 and TNOM = 27.000000

Using SPARSE 1.3 as Direct Linear Solver

No. of Data Rows : 1
Doing analysis at TEMP = 125.000000 and TNOM = 27.000000

Using SPARSE 1.3 as Direct Linear Solver
 Reference value :  1.41254e+08
No. of Data Rows : 4401
Doing analysis at TEMP = 125.000000 and TNOM = 27.000000

Using SPARSE 1.3 as Direct Linear Solver

No. of Data Rows : 4401
dcg                 =  1.13663e+02
f0                  =  2.37179e+05
phx                 =  -1.08209e+02
f180                =  2.02691e+06
gmx                 =  -2.05679e+01
 meas ac f0r when tdb=0 rise=1 failed!

tres                =  -4.54210e-01 at=  2.49747e+05
ROW ssr_cmd=1.15 ssr_v=1.15 fb_v=1.19934 vout_v=0.894278 isup_a=0.0248752 ceff_f=1e-06 esr_ohm=0.2 dcgain_db=113.663 f0_hz=237179 phase_at_f0_deg=-108.209 f180_hz=2.02691E+06 gain_at_f180_db=-20.5679 f0_rising_hz= resurgence_db=-0.45421
Doing analysis at TEMP = 125.000000 and TNOM = 27.000000

Using SPARSE 1.3 as Direct Linear Solver
 Reference value :  0.00000e+00
No. of Data Rows : 1
Doing analysis at TEMP = 125.000000 and TNOM = 27.000000

Using SPARSE 1.3 as Direct Linear Solver

No. of Data Rows : 4401
Doing analysis at TEMP = 125.000000 and TNOM = 27.000000

Using SPARSE 1.3 as Direct Linear Solver
 Reference value :  1.00000e-02
No. of Data Rows : 4401
dcg                 =  1.13663e+02
f0                  =  3.03888e+05
phx                 =  -8.50848e+01
f180                =  2.33671e+06
gmx                 =  -1.54186e+01
 meas ac f0r when tdb=0 rise=1 failed!

tres                =  -2.74561e-01 at=  3.19890e+05
ROW ssr_cmd=1.15 ssr_v=1.15 fb_v=1.19934 vout_v=0.894278 isup_a=0.0248752 ceff_f=1e-06 esr_ohm=0.5 dcgain_db=113.663 f0_hz=303888 phase_at_f0_deg=-85.0848 f180_hz=2.33671E+06 gain_at_f180_db=-15.4186 f0_rising_hz= resurgence_db=-0.274561
Doing analysis at TEMP = 125.000000 and TNOM = 27.000000

Using SPARSE 1.3 as Direct Linear Solver

No. of Data Rows : 1
Doing analysis at TEMP = 125.000000 and TNOM = 27.000000

Using SPARSE 1.3 as Direct Linear Solver
 Reference value :  1.00000e-02
No. of Data Rows : 4401
Doing analysis at TEMP = 125.000000 and TNOM = 27.000000

Using SPARSE 1.3 as Direct Linear Solver
 Reference value :  5.88844e+02
No. of Data Rows : 4401
dcg                 =  1.13663e+02
f0                  =  6.38855e+04
phx                 =  -1.33725e+02
f180                =  9.55225e+05
gmx                 =  -2.87746e+01
 meas ac f0r when tdb=0 rise=1 failed!

tres                =  -6.13834e-01 at=  6.72202e+04
ROW ssr_cmd=1.15 ssr_v=1.15 fb_v=1.19934 vout_v=0.894278 isup_a=0.0248752 ceff_f=4.7e-06 esr_ohm=0.001 dcgain_db=113.663 f0_hz=63885.5 phase_at_f0_deg=-133.725 f180_hz=955225 gain_at_f180_db=-28.7746 f0_rising_hz= resurgence_db=-0.613834
Doing analysis at TEMP = 125.000000 and TNOM = 27.000000

Using SPARSE 1.3 as Direct Linear Solver

No. of Data Rows : 1
Doing analysis at TEMP = 125.000000 and TNOM = 27.000000

Using SPARSE 1.3 as Direct Linear Solver
 Reference value :  5.72137e+00
No. of Data Rows : 4401
Doing analysis at TEMP = 125.000000 and TNOM = 27.000000

Using SPARSE 1.3 as Direct Linear Solver
 Reference value :  4.46684e+03
No. of Data Rows : 4401
dcg                 =  1.13663e+02
f0                  =  6.40214e+04
phx                 =  -1.28395e+02
f180                =  2.10433e+06
gmx                 =  -3.33120e+01
 meas ac f0r when tdb=0 rise=1 failed!

tres                =  -6.52525e-01 at=  6.76083e+04
ROW ssr_cmd=1.15 ssr_v=1.15 fb_v=1.19934 vout_v=0.894278 isup_a=0.0248752 ceff_f=4.7e-06 esr_ohm=0.05 dcgain_db=113.663 f0_hz=64021.4 phase_at_f0_deg=-128.395 f180_hz=2.10433E+06 gain_at_f180_db=-33.312 f0_rising_hz= resurgence_db=-0.652525
Doing analysis at TEMP = 125.000000 and TNOM = 27.000000

Using SPARSE 1.3 as Direct Linear Solver

No. of Data Rows : 1
Doing analysis at TEMP = 125.000000 and TNOM = 27.000000

Using SPARSE 1.3 as Direct Linear Solver
 Reference value :  3.54813e+00
No. of Data Rows : 4401
Doing analysis at TEMP = 125.000000 and TNOM = 27.000000

Using SPARSE 1.3 as Direct Linear Solver
 Reference value :  1.43714e+04
No. of Data Rows : 4401
dcg                 =  1.13663e+02
f0                  =  6.45692e+04
phx                 =  -1.22846e+02
f180                =  2.32540e+06
gmx                 =  -2.91908e+01
 meas ac f0r when tdb=0 rise=1 failed!

tres                =  -6.05777e-01 at=  6.79986e+04
ROW ssr_cmd=1.15 ssr_v=1.15 fb_v=1.19934 vout_v=0.894278 isup_a=0.0248752 ceff_f=4.7e-06 esr_ohm=0.1 dcgain_db=113.663 f0_hz=64569.2 phase_at_f0_deg=-122.846 f180_hz=2.3254E+06 gain_at_f180_db=-29.1908 f0_rising_hz= resurgence_db=-0.605777
Doing analysis at TEMP = 125.000000 and TNOM = 27.000000

Using SPARSE 1.3 as Direct Linear Solver

No. of Data Rows : 1
Doing analysis at TEMP = 125.000000 and TNOM = 27.000000

Using SPARSE 1.3 as Direct Linear Solver
 Reference value :  1.96110e+01
No. of Data Rows : 4401
Doing analysis at TEMP = 125.000000 and TNOM = 27.000000

Using SPARSE 1.3 as Direct Linear Solver
 Reference value :  1.02920e+05
No. of Data Rows : 4401
dcg                 =  1.13663e+02
f0                  =  6.70329e+04
phx                 =  -1.11370e+02
f180                =  2.43208e+06
gmx                 =  -2.40013e+01
 meas ac f0r when tdb=0 rise=1 failed!

tres                =  -5.21666e-01 at=  7.03882e+04
ROW ssr_cmd=1.15 ssr_v=1.15 fb_v=1.19934 vout_v=0.894278 isup_a=0.0248752 ceff_f=4.7e-06 esr_ohm=0.2 dcgain_db=113.663 f0_hz=67032.9 phase_at_f0_deg=-111.37 f180_hz=2.43208E+06 gain_at_f180_db=-24.0013 f0_rising_hz= resurgence_db=-0.521666
Doing analysis at TEMP = 125.000000 and TNOM = 27.000000

Using SPARSE 1.3 as Direct Linear Solver

No. of Data Rows : 1
Doing analysis at TEMP = 125.000000 and TNOM = 27.000000

Using SPARSE 1.3 as Direct Linear Solver
 Reference value :  6.45654e+02
No. of Data Rows : 4401
Doing analysis at TEMP = 125.000000 and TNOM = 27.000000

Using SPARSE 1.3 as Direct Linear Solver
 Reference value :  4.67735e+06
No. of Data Rows : 4401
dcg                 =  1.13663e+02
f0                  =  9.54632e+04
phx                 =  -7.28624e+01
f180                =  2.49244e+06
gmx                 =  -1.65575e+01
 meas ac f0r when tdb=0 rise=1 failed!

tres                =  -2.59117e-01 at=  1.00577e+05
ROW ssr_cmd=1.15 ssr_v=1.15 fb_v=1.19934 vout_v=0.894278 isup_a=0.0248752 ceff_f=4.7e-06 esr_ohm=0.5 dcgain_db=113.663 f0_hz=95463.2 phase_at_f0_deg=-72.8624 f180_hz=2.49244E+06 gain_at_f180_db=-16.5575 f0_rising_hz= resurgence_db=-0.259117
Doing analysis at TEMP = 125.000000 and TNOM = 27.000000

Using SPARSE 1.3 as Direct Linear Solver

No. of Data Rows : 1
Doing analysis at TEMP = 125.000000 and TNOM = 27.000000

Using SPARSE 1.3 as Direct Linear Solver
 Reference value :  1.73780e+06
No. of Data Rows : 4401
Doing analysis at TEMP = 125.000000 and TNOM = 27.000000

Using SPARSE 1.3 as Direct Linear Solver

No. of Data Rows : 4401
dcg                 =  1.14065e+02
f0                  =  2.35710e+05
phx                 =  -1.25004e+02
f180                =  9.37116e+05
gmx                 =  -1.48540e+01
 meas ac f0r when tdb=0 rise=1 failed!

tres                =  -4.98464e-01 at=  2.48313e+05
ROW ssr_cmd=1.25 ssr_v=1.25 fb_v=1.19934 vout_v=1.00634 isup_a=0.027987 ceff_f=1e-06 esr_ohm=0.001 dcgain_db=114.065 f0_hz=235710 phase_at_f0_deg=-125.004 f180_hz=937116 gain_at_f180_db=-14.854 f0_rising_hz= resurgence_db=-0.498464
Doing analysis at TEMP = 125.000000 and TNOM = 27.000000

Using SPARSE 1.3 as Direct Linear Solver
 Reference value :  0.00000e+00
No. of Data Rows : 1
Doing analysis at TEMP = 125.000000 and TNOM = 27.000000

Using SPARSE 1.3 as Direct Linear Solver

No. of Data Rows : 4401
Doing analysis at TEMP = 125.000000 and TNOM = 27.000000

Using SPARSE 1.3 as Direct Linear Solver
 Reference value :  1.00000e-02
No. of Data Rows : 4401
dcg                 =  1.14065e+02
f0                  =  2.35979e+05
phx                 =  -1.20864e+02
f180                =  1.20719e+06
gmx                 =  -1.81605e+01
 meas ac f0r when tdb=0 rise=1 failed!

tres                =  -4.84970e-01 at=  2.48313e+05
ROW ssr_cmd=1.25 ssr_v=1.25 fb_v=1.19934 vout_v=1.00634 isup_a=0.027987 ceff_f=1e-06 esr_ohm=0.05 dcgain_db=114.065 f0_hz=235979 phase_at_f0_deg=-120.864 f180_hz=1.20719E+06 gain_at_f180_db=-18.1605 f0_rising_hz= resurgence_db=-0.48497
Doing analysis at TEMP = 125.000000 and TNOM = 27.000000

Using SPARSE 1.3 as Direct Linear Solver

No. of Data Rows : 1
Doing analysis at TEMP = 125.000000 and TNOM = 27.000000

Using SPARSE 1.3 as Direct Linear Solver
 Reference value :  1.00000e-02
No. of Data Rows : 4401
Doing analysis at TEMP = 125.000000 and TNOM = 27.000000

Using SPARSE 1.3 as Direct Linear Solver
 Reference value :  1.24451e+05
No. of Data Rows : 4401
dcg                 =  1.14065e+02
f0                  =  2.37431e+05
phx                 =  -1.16693e+02
f180                =  1.57142e+06
gmx                 =  -2.06323e+01
 meas ac f0r when tdb=0 rise=1 failed!

tres                =  -4.73820e-01 at=  2.49747e+05
ROW ssr_cmd=1.25 ssr_v=1.25 fb_v=1.19934 vout_v=1.00634 isup_a=0.027987 ceff_f=1e-06 esr_ohm=0.1 dcgain_db=114.065 f0_hz=237431 phase_at_f0_deg=-116.693 f180_hz=1.57142E+06 gain_at_f180_db=-20.6323 f0_rising_hz= resurgence_db=-0.47382
Doing analysis at TEMP = 125.000000 and TNOM = 27.000000

Using SPARSE 1.3 as Direct Linear Solver

No. of Data Rows : 1
Doing analysis at TEMP = 125.000000 and TNOM = 27.000000

Using SPARSE 1.3 as Direct Linear Solver
 Reference value :  1.14815e+07
No. of Data Rows : 4401
Doing analysis at TEMP = 125.000000 and TNOM = 27.000000

Using SPARSE 1.3 as Direct Linear Solver

No. of Data Rows : 4401
dcg                 =  1.14065e+02
f0                  =  2.44203e+05
phx                 =  -1.08465e+02
f180                =  2.01837e+06
gmx                 =  -2.03044e+01
 meas ac f0r when tdb=0 rise=1 failed!

tres                =  -4.49850e-01 at=  2.57040e+05
ROW ssr_cmd=1.25 ssr_v=1.25 fb_v=1.19934 vout_v=1.00634 isup_a=0.027987 ceff_f=1e-06 esr_ohm=0.2 dcgain_db=114.065 f0_hz=244203 phase_at_f0_deg=-108.465 f180_hz=2.01837E+06 gain_at_f180_db=-20.3044 f0_rising_hz= resurgence_db=-0.44985
Doing analysis at TEMP = 125.000000 and TNOM = 27.000000

Using SPARSE 1.3 as Direct Linear Solver
 Reference value :  0.00000e+00
No. of Data Rows : 1
Doing analysis at TEMP = 125.000000 and TNOM = 27.000000

Using SPARSE 1.3 as Direct Linear Solver

No. of Data Rows : 4401
Doing analysis at TEMP = 125.000000 and TNOM = 27.000000

Using SPARSE 1.3 as Direct Linear Solver
 Reference value :  4.02717e+00
No. of Data Rows : 4401
dcg                 =  1.14065e+02
f0                  =  3.18394e+05
phx                 =  -8.50827e+01
f180                =  2.32782e+06
gmx                 =  -1.51594e+01
 meas ac f0r when tdb=0 rise=1 failed!

tres                =  -2.64276e-01 at=  3.34965e+05
ROW ssr_cmd=1.25 ssr_v=1.25 fb_v=1.19934 vout_v=1.00634 isup_a=0.027987 ceff_f=1e-06 esr_ohm=0.5 dcgain_db=114.065 f0_hz=318394 phase_at_f0_deg=-85.0827 f180_hz=2.32782E+06 gain_at_f180_db=-15.1594 f0_rising_hz= resurgence_db=-0.264276
Doing analysis at TEMP = 125.000000 and TNOM = 27.000000

Using SPARSE 1.3 as Direct Linear Solver

No. of Data Rows : 1
Doing analysis at TEMP = 125.000000 and TNOM = 27.000000

Using SPARSE 1.3 as Direct Linear Solver
 Reference value :  1.39637e+03
No. of Data Rows : 4401
Doing analysis at TEMP = 125.000000 and TNOM = 27.000000

Using SPARSE 1.3 as Direct Linear Solver

No. of Data Rows : 4401
dcg                 =  1.14065e+02
f0                  =  6.56164e+04
phx                 =  -1.33703e+02
f180                =  9.50357e+05
gmx                 =  -2.84884e+01
 meas ac f0r when tdb=0 rise=1 failed!

tres                =  -6.37216e-01 at=  6.91831e+04
ROW ssr_cmd=1.25 ssr_v=1.25 fb_v=1.19934 vout_v=1.00634 isup_a=0.027987 ceff_f=4.7e-06 esr_ohm=0.001 dcgain_db=114.065 f0_hz=65616.4 phase_at_f0_deg=-133.703 f180_hz=950357 gain_at_f180_db=-28.4884 f0_rising_hz= resurgence_db=-0.637216
Doing analysis at TEMP = 125.000000 and TNOM = 27.000000

Using SPARSE 1.3 as Direct Linear Solver
 Reference value :  0.00000e+00
No. of Data Rows : 1
Doing analysis at TEMP = 125.000000 and TNOM = 27.000000

Using SPARSE 1.3 as Direct Linear Solver

No. of Data Rows : 4401
Doing analysis at TEMP = 125.000000 and TNOM = 27.000000

Using SPARSE 1.3 as Direct Linear Solver
 Reference value :  1.00000e-02
No. of Data Rows : 4401
dcg                 =  1.14065e+02
f0                  =  6.57671e+04
phx                 =  -1.28228e+02
f180                =  2.09570e+06
gmx                 =  -3.30490e+01
 meas ac f0r when tdb=0 rise=1 failed!

tres                =  -6.05088e-01 at=  6.91831e+04
ROW ssr_cmd=1.25 ssr_v=1.25 fb_v=1.19934 vout_v=1.00634 isup_a=0.027987 ceff_f=4.7e-06 esr_ohm=0.05 dcgain_db=114.065 f0_hz=65767.1 phase_at_f0_deg=-128.228 f180_hz=2.0957E+06 gain_at_f180_db=-33.049 f0_rising_hz= resurgence_db=-0.605088
Doing analysis at TEMP = 125.000000 and TNOM = 27.000000

Using SPARSE 1.3 as Direct Linear Solver

No. of Data Rows : 1
Doing analysis at TEMP = 125.000000 and TNOM = 27.000000

Using SPARSE 1.3 as Direct Linear Solver
 Reference value :  1.00000e-02
No. of Data Rows : 4401
Doing analysis at TEMP = 125.000000 and TNOM = 27.000000

Using SPARSE 1.3 as Direct Linear Solver
 Reference value :  1.68850e+04
No. of Data Rows : 4401
dcg                 =  1.14065e+02
f0                  =  6.63662e+04
phx                 =  -1.22525e+02
f180                =  2.31658e+06
gmx                 =  -2.89305e+01
 meas ac f0r when tdb=0 rise=1 failed!

tres                =  -6.19079e-01 at=  6.99842e+04
ROW ssr_cmd=1.25 ssr_v=1.25 fb_v=1.19934 vout_v=1.00634 isup_a=0.027987 ceff_f=4.7e-06 esr_ohm=0.1 dcgain_db=114.065 f0_hz=66366.2 phase_at_f0_deg=-122.525 f180_hz=2.31658E+06 gain_at_f180_db=-28.9305 f0_rising_hz= resurgence_db=-0.619079
Doing analysis at TEMP = 125.000000 and TNOM = 27.000000

Using SPARSE 1.3 as Direct Linear Solver

No. of Data Rows : 1
Doing analysis at TEMP = 125.000000 and TNOM = 27.000000

Using SPARSE 1.3 as Direct Linear Solver
 Reference value :  1.31826e+06
No. of Data Rows : 4401
Doing analysis at TEMP = 125.000000 and TNOM = 27.000000

Using SPARSE 1.3 as Direct Linear Solver

No. of Data Rows : 4401
dcg                 =  1.14065e+02
f0                  =  6.90603e+04
phx                 =  -1.10725e+02
f180                =  2.42312e+06
gmx                 =  -2.37415e+01
 meas ac f0r when tdb=0 rise=1 failed!

tres                =  -5.66564e-01 at=  7.28618e+04
ROW ssr_cmd=1.25 ssr_v=1.25 fb_v=1.19934 vout_v=1.00634 isup_a=0.027987 ceff_f=4.7e-06 esr_ohm=0.2 dcgain_db=114.065 f0_hz=69060.3 phase_at_f0_deg=-110.725 f180_hz=2.42312E+06 gain_at_f180_db=-23.7415 f0_rising_hz= resurgence_db=-0.566564
Doing analysis at TEMP = 125.000000 and TNOM = 27.000000

Using SPARSE 1.3 as Direct Linear Solver
 Reference value :  0.00000e+00
No. of Data Rows : 1
Doing analysis at TEMP = 125.000000 and TNOM = 27.000000

Using SPARSE 1.3 as Direct Linear Solver

No. of Data Rows : 4401
Doing analysis at TEMP = 125.000000 and TNOM = 27.000000

Using SPARSE 1.3 as Direct Linear Solver
 Reference value :  1.00000e-02
No. of Data Rows : 4401
dcg                 =  1.14065e+02
f0                  =  1.01318e+05
phx                 =  -7.10168e+01
f180                =  2.48330e+06
gmx                 =  -1.62980e+01
 meas ac f0r when tdb=0 rise=1 failed!

tres                =  -2.33919e-01 at=  1.06537e+05
ROW ssr_cmd=1.25 ssr_v=1.25 fb_v=1.19934 vout_v=1.00634 isup_a=0.027987 ceff_f=4.7e-06 esr_ohm=0.5 dcgain_db=114.065 f0_hz=101318 phase_at_f0_deg=-71.0168 f180_hz=2.4833E+06 gain_at_f180_db=-16.298 f0_rising_hz= resurgence_db=-0.233919
* SWEEP COMPLETE ff_125c_3.30v
Note: Simulation executed from .control section 

Error: measure  f0  when(WHEN) : out of interval

Error: measure  phx  find(AT) : out of interval

Error: measure  f0r  when(WHEN) : out of interval
Warning from checkvalid: vector f0 is not available or has zero length.
Error: RHS "f0*1.05" invalid
Error: &fres: no such variable.
Error: RHS "" invalid

Error: measure  tres  max(TRIG) : bad syntax, cannot evaluate right hand side of from=vexprint3
Error: &f0: no such variable.
Error: &phx: no such variable.
Error: &f0r: no such variable.
Error: &tres: no such variable.

Error: measure  f0  when(WHEN) : out of interval

Error: measure  phx  find(AT) : out of interval

Error: measure  f0r  when(WHEN) : out of interval
Warning from checkvalid: vector f0 is not available or has zero length.
Error: RHS "f0*1.05" invalid
Error: &fres: no such variable.
Error: RHS "" invalid

Error: measure  tres  max(TRIG) : bad syntax, cannot evaluate right hand side of from=vexprint3
Error: &f0: no such variable.
Error: &phx: no such variable.
Error: &f0r: no such variable.
Error: &tres: no such variable.

Error: measure  f0  when(WHEN) : out of interval

Error: measure  phx  find(AT) : out of interval

Error: measure  f0r  when(WHEN) : out of interval
Warning from checkvalid: vector f0 is not available or has zero length.
Error: RHS "f0*1.05" invalid
Error: &fres: no such variable.
Error: RHS "" invalid

Error: measure  tres  max(TRIG) : bad syntax, cannot evaluate right hand side of from=vexprint3
Error: &f0: no such variable.
Error: &phx: no such variable.
Error: &f0r: no such variable.
Error: &tres: no such variable.

Error: measure  f0  when(WHEN) : out of interval

Error: measure  phx  find(AT) : out of interval

Error: measure  f0r  when(WHEN) : out of interval
Warning from checkvalid: vector f0 is not available or has zero length.
Error: RHS "f0*1.05" invalid
Error: &fres: no such variable.
Error: RHS "" invalid

Error: measure  tres  max(TRIG) : bad syntax, cannot evaluate right hand side of from=vexprint3
Error: &f0: no such variable.
Error: &phx: no such variable.
Error: &f0r: no such variable.
Error: &tres: no such variable.

Error: measure  f0  when(WHEN) : out of interval

Error: measure  phx  find(AT) : out of interval

Error: measure  f0r  when(WHEN) : out of interval
Warning from checkvalid: vector f0 is not available or has zero length.
Error: RHS "f0*1.05" invalid
Error: &fres: no such variable.
Error: RHS "" invalid

Error: measure  tres  max(TRIG) : bad syntax, cannot evaluate right hand side of from=vexprint3
Error: &f0: no such variable.
Error: &phx: no such variable.
Error: &f0r: no such variable.
Error: &tres: no such variable.

Error: measure  f0  when(WHEN) : out of interval

Error: measure  phx  find(AT) : out of interval

Error: measure  f0r  when(WHEN) : out of interval
Warning from checkvalid: vector f0 is not available or has zero length.
Error: RHS "f0*1.05" invalid
Error: &fres: no such variable.
Error: RHS "" invalid

Error: measure  tres  max(TRIG) : bad syntax, cannot evaluate right hand side of from=vexprint3
Error: &f0: no such variable.
Error: &phx: no such variable.
Error: &f0r: no such variable.
Error: &tres: no such variable.

Error: measure  f0  when(WHEN) : out of interval

Error: measure  phx  find(AT) : out of interval

Error: measure  f0r  when(WHEN) : out of interval
Warning from checkvalid: vector f0 is not available or has zero length.
Error: RHS "f0*1.05" invalid
Error: &fres: no such variable.
Error: RHS "" invalid

Error: measure  tres  max(TRIG) : bad syntax, cannot evaluate right hand side of from=vexprint3
Error: &f0: no such variable.
Error: &phx: no such variable.
Error: &f0r: no such variable.
Error: &tres: no such variable.

Error: measure  f0  when(WHEN) : out of interval

Error: measure  phx  find(AT) : out of interval

Error: measure  f0r  when(WHEN) : out of interval
Warning from checkvalid: vector f0 is not available or has zero length.
Error: RHS "f0*1.05" invalid
Error: &fres: no such variable.
Error: RHS "" invalid

Error: measure  tres  max(TRIG) : bad syntax, cannot evaluate right hand side of from=vexprint3
Error: &f0: no such variable.
Error: &phx: no such variable.
Error: &f0r: no such variable.
Error: &tres: no such variable.

Error: measure  f0  when(WHEN) : out of interval

Error: measure  phx  find(AT) : out of interval

Error: measure  f0r  when(WHEN) : out of interval
Warning from checkvalid: vector f0 is not available or has zero length.
Error: RHS "f0*1.05" invalid
Error: &fres: no such variable.
Error: RHS "" invalid

Error: measure  tres  max(TRIG) : bad syntax, cannot evaluate right hand side of from=vexprint3
Error: &f0: no such variable.
Error: &phx: no such variable.
Error: &f0r: no such variable.
Error: &tres: no such variable.

Error: measure  f0  when(WHEN) : out of interval

Error: measure  phx  find(AT) : out of interval

Error: measure  f0r  when(WHEN) : out of interval
Warning from checkvalid: vector f0 is not available or has zero length.
Error: RHS "f0*1.05" invalid
Error: &fres: no such variable.
Error: RHS "" invalid

Error: measure  tres  max(TRIG) : bad syntax, cannot evaluate right hand side of from=vexprint3
Error: &f0: no such variable.
Error: &phx: no such variable.
Error: &f0r: no such variable.
Error: &tres: no such variable.

Error: measure  f0  when(WHEN) : out of interval

Error: measure  phx  find(AT) : out of interval

Error: measure  f0r  when(WHEN) : out of interval
Warning from checkvalid: vector f0 is not available or has zero length.
Error: RHS "f0*1.05" invalid
Error: &fres: no such variable.
Error: RHS "" invalid

Error: measure  tres  max(TRIG) : bad syntax, cannot evaluate right hand side of from=vexprint3
Error: &f0: no such variable.
Error: &phx: no such variable.
Error: &f0r: no such variable.
Error: &tres: no such variable.

Error: measure  f0  when(WHEN) : out of interval

Error: measure  phx  find(AT) : out of interval

Error: measure  f0r  when(WHEN) : out of interval
Warning from checkvalid: vector f0 is not available or has zero length.
Error: RHS "f0*1.05" invalid
Error: &fres: no such variable.
Error: RHS "" invalid

Error: measure  tres  max(TRIG) : bad syntax, cannot evaluate right hand side of from=vexprint3
Error: &f0: no such variable.
Error: &phx: no such variable.
Error: &f0r: no such variable.
Error: &tres: no such variable.

Error: measure  f0  when(WHEN) : out of interval

Error: measure  phx  find(AT) : out of interval

Error: measure  f0r  when(WHEN) : out of interval
Warning from checkvalid: vector f0 is not available or has zero length.
Error: RHS "f0*1.05" invalid
Error: &fres: no such variable.
Error: RHS "" invalid

Error: measure  tres  max(TRIG) : bad syntax, cannot evaluate right hand side of from=vexprint3
Error: &f0: no such variable.
Error: &phx: no such variable.
Error: &f0r: no such variable.
Error: &tres: no such variable.

Error: measure  f0  when(WHEN) : out of interval

Error: measure  phx  find(AT) : out of interval

Error: measure  f0r  when(WHEN) : out of interval
Warning from checkvalid: vector f0 is not available or has zero length.
Error: RHS "f0*1.05" invalid
Error: &fres: no such variable.
Error: RHS "" invalid

Error: measure  tres  max(TRIG) : bad syntax, cannot evaluate right hand side of from=vexprint3
Error: &f0: no such variable.
Error: &phx: no such variable.
Error: &f0r: no such variable.
Error: &tres: no such variable.

Error: measure  f0  when(WHEN) : out of interval

Error: measure  phx  find(AT) : out of interval

Error: measure  f0r  when(WHEN) : out of interval
Warning from checkvalid: vector f0 is not available or has zero length.
Error: RHS "f0*1.05" invalid
Error: &fres: no such variable.
Error: RHS "" invalid

Error: measure  tres  max(TRIG) : bad syntax, cannot evaluate right hand side of from=vexprint3
Error: &f0: no such variable.
Error: &phx: no such variable.
Error: &f0r: no such variable.
Error: &tres: no such variable.

Error: measure  f0  when(WHEN) : out of interval

Error: measure  phx  find(AT) : out of interval

Error: measure  f0r  when(WHEN) : out of interval
Warning from checkvalid: vector f0 is not available or has zero length.
Error: RHS "f0*1.05" invalid
Error: &fres: no such variable.
Error: RHS "" invalid

Error: measure  tres  max(TRIG) : bad syntax, cannot evaluate right hand side of from=vexprint3
Error: &f0: no such variable.
Error: &phx: no such variable.
Error: &f0r: no such variable.
Error: &tres: no such variable.

Error: measure  f0  when(WHEN) : out of interval

Error: measure  phx  find(AT) : out of interval

Error: measure  f0r  when(WHEN) : out of interval
Warning from checkvalid: vector f0 is not available or has zero length.
Error: RHS "f0*1.05" invalid
Error: &fres: no such variable.
Error: RHS "" invalid

Error: measure  tres  max(TRIG) : bad syntax, cannot evaluate right hand side of from=vexprint3
Error: &f0: no such variable.
Error: &phx: no such variable.
Error: &f0r: no such variable.
Error: &tres: no such variable.

Error: measure  f0  when(WHEN) : out of interval

Error: measure  phx  find(AT) : out of interval

Error: measure  f0r  when(WHEN) : out of interval
Warning from checkvalid: vector f0 is not available or has zero length.
Error: RHS "f0*1.05" invalid
Error: &fres: no such variable.
Error: RHS "" invalid

Error: measure  tres  max(TRIG) : bad syntax, cannot evaluate right hand side of from=vexprint3
Error: &f0: no such variable.
Error: &phx: no such variable.
Error: &f0r: no such variable.
Error: &tres: no such variable.

Error: measure  f0  when(WHEN) : out of interval

Error: measure  phx  find(AT) : out of interval

Error: measure  f0r  when(WHEN) : out of interval
Warning from checkvalid: vector f0 is not available or has zero length.
Error: RHS "f0*1.05" invalid
Error: &fres: no such variable.
Error: RHS "" invalid

Error: measure  tres  max(TRIG) : bad syntax, cannot evaluate right hand side of from=vexprint3
Error: &f0: no such variable.
Error: &phx: no such variable.
Error: &f0r: no such variable.
Error: &tres: no such variable.

Error: measure  f0  when(WHEN) : out of interval

Error: measure  phx  find(AT) : out of interval

Error: measure  f0r  when(WHEN) : out of interval
Warning from checkvalid: vector f0 is not available or has zero length.
Error: RHS "f0*1.05" invalid
Error: &fres: no such variable.
Error: RHS "" invalid

Error: measure  tres  max(TRIG) : bad syntax, cannot evaluate right hand side of from=vexprint3
Error: &f0: no such variable.
Error: &phx: no such variable.
Error: &f0r: no such variable.
Error: &tres: no such variable.

Error: measure  f0  when(WHEN) : out of interval

Error: measure  phx  find(AT) : out of interval

Error: measure  f0r  when(WHEN) : out of interval
Warning from checkvalid: vector f0 is not available or has zero length.
Error: RHS "f0*1.05" invalid
Error: &fres: no such variable.
Error: RHS "" invalid

Error: measure  tres  max(TRIG) : bad syntax, cannot evaluate right hand side of from=vexprint3
Error: &f0: no such variable.
Error: &phx: no such variable.
Error: &f0r: no such variable.
Error: &tres: no such variable.

Error: measure  f0  when(WHEN) : out of interval

Error: measure  phx  find(AT) : out of interval

Error: measure  f0r  when(WHEN) : out of interval
Warning from checkvalid: vector f0 is not available or has zero length.
Error: RHS "f0*1.05" invalid
Error: &fres: no such variable.
Error: RHS "" invalid

Error: measure  tres  max(TRIG) : bad syntax, cannot evaluate right hand side of from=vexprint3
Error: &f0: no such variable.
Error: &phx: no such variable.
Error: &f0r: no such variable.
Error: &tres: no such variable.

Error: measure  f0  when(WHEN) : out of interval

Error: measure  phx  find(AT) : out of interval

Error: measure  f0r  when(WHEN) : out of interval
Warning from checkvalid: vector f0 is not available or has zero length.
Error: RHS "f0*1.05" invalid
Error: &fres: no such variable.
Error: RHS "" invalid

Error: measure  tres  max(TRIG) : bad syntax, cannot evaluate right hand side of from=vexprint3
Error: &f0: no such variable.
Error: &phx: no such variable.
Error: &f0r: no such variable.
Error: &tres: no such variable.

Error: measure  f0  when(WHEN) : out of interval

Error: measure  phx  find(AT) : out of interval

Error: measure  f0r  when(WHEN) : out of interval
Warning from checkvalid: vector f0 is not available or has zero length.
Error: RHS "f0*1.05" invalid
Error: &fres: no such variable.
Error: RHS "" invalid

Error: measure  tres  max(TRIG) : bad syntax, cannot evaluate right hand side of from=vexprint3
Error: &f0: no such variable.
Error: &phx: no such variable.
Error: &f0r: no such variable.
Error: &tres: no such variable.

Error: measure  f0  when(WHEN) : out of interval

Error: measure  phx  find(AT) : out of interval

Error: measure  f0r  when(WHEN) : out of interval
Warning from checkvalid: vector f0 is not available or has zero length.
Error: RHS "f0*1.05" invalid
Error: &fres: no such variable.
Error: RHS "" invalid

Error: measure  tres  max(TRIG) : bad syntax, cannot evaluate right hand side of from=vexprint3
Error: &f0: no such variable.
Error: &phx: no such variable.
Error: &f0r: no such variable.
Error: &tres: no such variable.

Error: measure  f0  when(WHEN) : out of interval

Error: measure  phx  find(AT) : out of interval

Error: measure  f0r  when(WHEN) : out of interval
Warning from checkvalid: vector f0 is not available or has zero length.
Error: RHS "f0*1.05" invalid
Error: &fres: no such variable.
Error: RHS "" invalid

Error: measure  tres  max(TRIG) : bad syntax, cannot evaluate right hand side of from=vexprint3
Error: &f0: no such variable.
Error: &phx: no such variable.
Error: &f0r: no such variable.
Error: &tres: no such variable.

Error: measure  f0  when(WHEN) : out of interval

Error: measure  phx  find(AT) : out of interval

Error: measure  f0r  when(WHEN) : out of interval
Warning from checkvalid: vector f0 is not available or has zero length.
Error: RHS "f0*1.05" invalid
Error: &fres: no such variable.
Error: RHS "" invalid

Error: measure  tres  max(TRIG) : bad syntax, cannot evaluate right hand side of from=vexprint3
Error: &f0: no such variable.
Error: &phx: no such variable.
Error: &f0r: no such variable.
Error: &tres: no such variable.

Error: measure  f0  when(WHEN) : out of interval

Error: measure  phx  find(AT) : out of interval

Error: measure  f0r  when(WHEN) : out of interval
Warning from checkvalid: vector f0 is not available or has zero length.
Error: RHS "f0*1.05" invalid
Error: &fres: no such variable.
Error: RHS "" invalid

Error: measure  tres  max(TRIG) : bad syntax, cannot evaluate right hand side of from=vexprint3
Error: &f0: no such variable.
Error: &phx: no such variable.
Error: &f0r: no such variable.
Error: &tres: no such variable.

Error: measure  f0  when(WHEN) : out of interval

Error: measure  phx  find(AT) : out of interval

Error: measure  f0r  when(WHEN) : out of interval
Warning from checkvalid: vector f0 is not available or has zero length.
Error: RHS "f0*1.05" invalid
Error: &fres: no such variable.
Error: RHS "" invalid

Error: measure  tres  max(TRIG) : bad syntax, cannot evaluate right hand side of from=vexprint3
Error: &f0: no such variable.
Error: &phx: no such variable.
Error: &f0r: no such variable.
Error: &tres: no such variable.

Error: measure  f0  when(WHEN) : out of interval

Error: measure  phx  find(AT) : out of interval

Error: measure  f0r  when(WHEN) : out of interval
Warning from checkvalid: vector f0 is not available or has zero length.
Error: RHS "f0*1.05" invalid
Error: &fres: no such variable.
Error: RHS "" invalid

Error: measure  tres  max(TRIG) : bad syntax, cannot evaluate right hand side of from=vexprint3
Error: &f0: no such variable.
Error: &phx: no such variable.
Error: &f0r: no such variable.
Error: &tres: no such variable.
Note: Starting dynamic gmin stepping
Note: Dynamic gmin stepping completed
Note: Starting dynamic gmin stepping
Note: Dynamic gmin stepping completed
Note: Starting dynamic gmin stepping
Note: Dynamic gmin stepping completed

Error: measure  f0r  when(WHEN) : out of interval
Error: &f0r: no such variable.
Note: Starting dynamic gmin stepping
Note: Dynamic gmin stepping completed
Note: Starting dynamic gmin stepping
Note: Dynamic gmin stepping completed
Note: Starting dynamic gmin stepping
Note: Dynamic gmin stepping completed

Error: measure  f0r  when(WHEN) : out of interval
Error: &f0r: no such variable.
Note: Starting dynamic gmin stepping
Note: Dynamic gmin stepping completed
Note: Starting dynamic gmin stepping
Note: Dynamic gmin stepping completed
Note: Starting dynamic gmin stepping
Note: Dynamic gmin stepping completed

Error: measure  f0r  when(WHEN) : out of interval
Error: &f0r: no such variable.
Note: Starting dynamic gmin stepping
Note: Dynamic gmin stepping completed
Note: Starting dynamic gmin stepping
Note: Dynamic gmin stepping completed
Note: Starting dynamic gmin stepping
Note: Dynamic gmin stepping completed

Error: measure  f0r  when(WHEN) : out of interval
Error: &f0r: no such variable.
Note: Starting dynamic gmin stepping
Note: Dynamic gmin stepping completed
Note: Starting dynamic gmin stepping
Note: Dynamic gmin stepping completed
Note: Starting dynamic gmin stepping
Note: Dynamic gmin stepping completed

Error: measure  f0r  when(WHEN) : out of interval
Error: &f0r: no such variable.
Note: Starting dynamic gmin stepping
Note: Dynamic gmin stepping completed
Note: Starting dynamic gmin stepping
Note: Dynamic gmin stepping completed
Note: Starting dynamic gmin stepping
Note: Dynamic gmin stepping completed

Error: measure  f0r  when(WHEN) : out of interval
Error: &f0r: no such variable.
Note: Starting dynamic gmin stepping
Note: Dynamic gmin stepping completed
Note: Starting dynamic gmin stepping
Note: Dynamic gmin stepping completed
Note: Starting dynamic gmin stepping
Note: Dynamic gmin stepping completed

Error: measure  f0r  when(WHEN) : out of interval
Error: &f0r: no such variable.
Note: Starting dynamic gmin stepping
Note: Dynamic gmin stepping completed
Note: Starting dynamic gmin stepping
Note: Dynamic gmin stepping completed
Note: Starting dynamic gmin stepping
Note: Dynamic gmin stepping completed

Error: measure  f0r  when(WHEN) : out of interval
Error: &f0r: no such variable.
Note: Starting dynamic gmin stepping
Note: Dynamic gmin stepping completed
Note: Starting dynamic gmin stepping
Note: Dynamic gmin stepping completed
Note: Starting dynamic gmin stepping
Note: Dynamic gmin stepping completed

Error: measure  f0r  when(WHEN) : out of interval
Error: &f0r: no such variable.
Note: Starting dynamic gmin stepping
Note: Dynamic gmin stepping completed
Note: Starting dynamic gmin stepping
Note: Dynamic gmin stepping completed
Note: Starting dynamic gmin stepping
Note: Dynamic gmin stepping completed

Error: measure  f0r  when(WHEN) : out of interval
Error: &f0r: no such variable.
Note: Starting dynamic gmin stepping
Note: Dynamic gmin stepping completed
Note: Starting dynamic gmin stepping
Note: Dynamic gmin stepping completed
Note: Starting dynamic gmin stepping
Note: Dynamic gmin stepping completed

Error: measure  f0r  when(WHEN) : out of interval
Error: &f0r: no such variable.
Note: Starting dynamic gmin stepping
Note: Dynamic gmin stepping completed
Note: Starting dynamic gmin stepping
Note: Dynamic gmin stepping completed
Note: Starting dynamic gmin stepping
Note: Dynamic gmin stepping completed

Error: measure  f0r  when(WHEN) : out of interval
Error: &f0r: no such variable.
Note: Starting dynamic gmin stepping
Note: Dynamic gmin stepping completed
Note: Starting dynamic gmin stepping
Note: Dynamic gmin stepping completed
Note: Starting dynamic gmin stepping
Note: Dynamic gmin stepping completed

Error: measure  f0r  when(WHEN) : out of interval
Error: &f0r: no such variable.
Note: Starting dynamic gmin stepping
Note: Dynamic gmin stepping completed
Note: Starting dynamic gmin stepping
Note: Dynamic gmin stepping completed
Note: Starting dynamic gmin stepping
Note: Dynamic gmin stepping completed

Error: measure  f0r  when(WHEN) : out of interval
Error: &f0r: no such variable.
Note: Starting dynamic gmin stepping
Note: Dynamic gmin stepping completed
Note: Starting dynamic gmin stepping
Note: Dynamic gmin stepping completed
Note: Starting dynamic gmin stepping
Note: Dynamic gmin stepping completed

Error: measure  f0r  when(WHEN) : out of interval
Error: &f0r: no such variable.
Note: Starting dynamic gmin stepping
Note: Dynamic gmin stepping completed
Note: Starting dynamic gmin stepping
Note: Dynamic gmin stepping completed
Note: Starting dynamic gmin stepping
Note: Dynamic gmin stepping completed

Error: measure  f0r  when(WHEN) : out of interval
Error: &f0r: no such variable.
Note: Starting dynamic gmin stepping
Note: Dynamic gmin stepping completed
Note: Starting dynamic gmin stepping
Note: Dynamic gmin stepping completed
Note: Starting dynamic gmin stepping
Note: Dynamic gmin stepping completed

Error: measure  f0r  when(WHEN) : out of interval
Error: &f0r: no such variable.
Note: Starting dynamic gmin stepping
Note: Dynamic gmin stepping completed
Note: Starting dynamic gmin stepping
Note: Dynamic gmin stepping completed
Note: Starting dynamic gmin stepping
Note: Dynamic gmin stepping completed

Error: measure  f0r  when(WHEN) : out of interval
Error: &f0r: no such variable.
Note: Starting dynamic gmin stepping
Note: Dynamic gmin stepping completed
Note: Starting dynamic gmin stepping
Note: Dynamic gmin stepping completed
Note: Starting dynamic gmin stepping
Note: Dynamic gmin stepping completed

Error: measure  f0r  when(WHEN) : out of interval
Error: &f0r: no such variable.
Note: Starting dynamic gmin stepping
Note: Dynamic gmin stepping completed
Note: Starting dynamic gmin stepping
Note: Dynamic gmin stepping completed
Note: Starting dynamic gmin stepping
Note: Dynamic gmin stepping completed

Error: measure  f0r  when(WHEN) : out of interval
Error: &f0r: no such variable.
Note: Starting dynamic gmin stepping
Note: Dynamic gmin stepping completed
Note: Starting dynamic gmin stepping
Note: Dynamic gmin stepping completed
Note: Starting dynamic gmin stepping
Note: Dynamic gmin stepping completed

Error: measure  f0r  when(WHEN) : out of interval
Error: &f0r: no such variable.
Note: Starting dynamic gmin stepping
Note: Dynamic gmin stepping completed
Note: Starting dynamic gmin stepping
Note: Dynamic gmin stepping completed
Note: Starting dynamic gmin stepping
Note: Dynamic gmin stepping completed

Error: measure  f0r  when(WHEN) : out of interval
Error: &f0r: no such variable.
Note: Starting dynamic gmin stepping
Note: Dynamic gmin stepping completed
Note: Starting dynamic gmin stepping
Note: Dynamic gmin stepping completed
Note: Starting dynamic gmin stepping
Note: Dynamic gmin stepping completed

Error: measure  f0r  when(WHEN) : out of interval
Error: &f0r: no such variable.
Note: Starting dynamic gmin stepping
Note: Dynamic gmin stepping completed
Note: Starting dynamic gmin stepping
Note: Dynamic gmin stepping completed
Note: Starting dynamic gmin stepping
Note: Dynamic gmin stepping completed

Error: measure  f0r  when(WHEN) : out of interval
Error: &f0r: no such variable.
Note: Starting dynamic gmin stepping
Note: Dynamic gmin stepping completed
Note: Starting dynamic gmin stepping
Note: Dynamic gmin stepping completed
Note: Starting dynamic gmin stepping
Note: Dynamic gmin stepping completed

Error: measure  f0r  when(WHEN) : out of interval
Error: &f0r: no such variable.
Note: Starting dynamic gmin stepping
Note: Dynamic gmin stepping completed
Note: Starting dynamic gmin stepping
Note: Dynamic gmin stepping completed
Note: Starting dynamic gmin stepping
Note: Dynamic gmin stepping completed

Error: measure  f0r  when(WHEN) : out of interval
Error: &f0r: no such variable.
Note: Starting dynamic gmin stepping
Note: Dynamic gmin stepping completed
Note: Starting dynamic gmin stepping
Note: Dynamic gmin stepping completed
Note: Starting dynamic gmin stepping
Note: Dynamic gmin stepping completed

Error: measure  f0r  when(WHEN) : out of interval
Error: &f0r: no such variable.
Note: Starting dynamic gmin stepping
Note: Dynamic gmin stepping completed
Note: Starting dynamic gmin stepping
Note: Dynamic gmin stepping completed
Note: Starting dynamic gmin stepping
Note: Dynamic gmin stepping completed

Error: measure  f0r  when(WHEN) : out of interval
Error: &f0r: no such variable.
Note: Starting dynamic gmin stepping
Note: Dynamic gmin stepping completed
Note: Starting dynamic gmin stepping
Note: Dynamic gmin stepping completed
Note: Starting dynamic gmin stepping
Note: Dynamic gmin stepping completed

Error: measure  f0r  when(WHEN) : out of interval
Error: &f0r: no such variable.
Note: Starting dynamic gmin stepping
Note: Dynamic gmin stepping completed
Note: Starting dynamic gmin stepping
Note: Dynamic gmin stepping completed
Note: Starting dynamic gmin stepping
Note: Dynamic gmin stepping completed

Error: measure  f0r  when(WHEN) : out of interval
Error: &f0r: no such variable.
