
Note: No compatibility mode selected!


Circuit: * soft-start-loop-gain -- tian dual-injection loop-gain testbench for the ldo

* corner_id=fs_125c_3.30v corner=fs temp_c=125 vin_v=3.3
* phase=sink variant=binj iload_a=0.05 rload_ohm=1e+12
* ac sweep: dec 400 0.01 1e9 ; Tian dual injection at ERRAMP_OUT->PASS_GATE
* columns: ROW ssr_cmd= ssr_v= fb_v= vout_v= isup_a= ceff_f= esr_ohm=
*          dcgain_db= f0_hz= phase_at_f0_deg= f180_hz= gain_at_f180_db=
*          f0_rising_hz= resurgence_db=
* (phase margin = 180 + phase_at_f0_deg ; gain margin = -gain_at_f180_db ;
*  resurgence_db = max |T| in dB above the first 0 dB crossing, DR-0008 ;
*  an empty f180/gain field means the phase never reaches -180 deg in band ;
*  ssr_cmd is what this deck COMMANDED the ramp node to, or 'free' when it
*  is not pinned; ssr_v/fb_v/vout_v are what the DC solve LANDED on)
* Fields are written key=value BECAUSE a failed meas leaves its value
* empty: with bare positional fields an empty one vanishes into the
* whitespace and every field after it is read as the wrong quantity.
Doing analysis at TEMP = 125.000000 and TNOM = 27.000000

Using SPARSE 1.3 as Direct Linear Solver

No. of Data Rows : 1
Doing analysis at TEMP = 125.000000 and TNOM = 27.000000

Using SPARSE 1.3 as Direct Linear Solver
 Reference value :  1.00000e-02
No. of Data Rows : 4401
Doing analysis at TEMP = 125.000000 and TNOM = 27.000000

Using SPARSE 1.3 as Direct Linear Solver
 Reference value :  2.61517e+02
No. of Data Rows : 4401
dcg                 =  1.36786e+02
f0                  =  2.37443e+05
phx                 =  -1.28025e+02
f180                =  7.50886e+05
gmx                 =  -1.24111e+01
 meas ac f0r when tdb=0 rise=1 failed!

tres                =  -4.78256e-01 at=  2.49747e+05
ROW ssr_cmd=1.15 ssr_v=1.15 fb_v=1.19946 vout_v=1.72418 isup_a=0.0500152 ceff_f=1e-06 esr_ohm=0.001 dcgain_db=136.786 f0_hz=237443 phase_at_f0_deg=-128.025 f180_hz=750886 gain_at_f180_db=-12.4111 f0_rising_hz= resurgence_db=-0.478256
Doing analysis at TEMP = 125.000000 and TNOM = 27.000000

Using SPARSE 1.3 as Direct Linear Solver

No. of Data Rows : 1
Doing analysis at TEMP = 125.000000 and TNOM = 27.000000

Using SPARSE 1.3 as Direct Linear Solver
 Reference value :  1.00000e-02
No. of Data Rows : 4401
Doing analysis at TEMP = 125.000000 and TNOM = 27.000000

Using SPARSE 1.3 as Direct Linear Solver
 Reference value :  9.06776e-01
No. of Data Rows : 4401
dcg                 =  1.36786e+02
f0                  =  2.38010e+05
phx                 =  -1.23880e+02
f180                =  9.09246e+05
gmx                 =  -1.49030e+01
 meas ac f0r when tdb=0 rise=1 failed!

tres                =  -5.07526e-01 at=  2.51189e+05
ROW ssr_cmd=1.15 ssr_v=1.15 fb_v=1.19946 vout_v=1.72418 isup_a=0.0500152 ceff_f=1e-06 esr_ohm=0.05 dcgain_db=136.786 f0_hz=238010 phase_at_f0_deg=-123.88 f180_hz=909246 gain_at_f180_db=-14.903 f0_rising_hz= resurgence_db=-0.507526
Doing analysis at TEMP = 125.000000 and TNOM = 27.000000

Using SPARSE 1.3 as Direct Linear Solver

No. of Data Rows : 1
Doing analysis at TEMP = 125.000000 and TNOM = 27.000000

Using SPARSE 1.3 as Direct Linear Solver
 Reference value :  1.00000e-02
No. of Data Rows : 4401
Doing analysis at TEMP = 125.000000 and TNOM = 27.000000

Using SPARSE 1.3 as Direct Linear Solver
 Reference value :  3.89045e+01
No. of Data Rows : 4401
dcg                 =  1.36786e+02
f0                  =  2.39818e+05
phx                 =  -1.19732e+02
f180                =  1.12392e+06
gmx                 =  -1.71329e+01
 meas ac f0r when tdb=0 rise=1 failed!

tres                =  -4.82682e-01 at=  2.52639e+05
ROW ssr_cmd=1.15 ssr_v=1.15 fb_v=1.19946 vout_v=1.72418 isup_a=0.0500152 ceff_f=1e-06 esr_ohm=0.1 dcgain_db=136.786 f0_hz=239818 phase_at_f0_deg=-119.732 f180_hz=1.12392E+06 gain_at_f180_db=-17.1329 f0_rising_hz= resurgence_db=-0.482681
Doing analysis at TEMP = 125.000000 and TNOM = 27.000000

Using SPARSE 1.3 as Direct Linear Solver

No. of Data Rows : 1
Doing analysis at TEMP = 125.000000 and TNOM = 27.000000

Using SPARSE 1.3 as Direct Linear Solver
 Reference value :  1.00000e-02
No. of Data Rows : 4401
Doing analysis at TEMP = 125.000000 and TNOM = 27.000000

Using SPARSE 1.3 as Direct Linear Solver
 Reference value :  2.00678e+00
No. of Data Rows : 4401
dcg                 =  1.36786e+02
f0                  =  2.47550e+05
phx                 =  -1.11649e+02
f180                =  1.47508e+06
gmx                 =  -1.79766e+01
 meas ac f0r when tdb=0 rise=1 failed!

tres                =  -4.26844e-01 at=  2.60016e+05
ROW ssr_cmd=1.15 ssr_v=1.15 fb_v=1.19946 vout_v=1.72418 isup_a=0.0500152 ceff_f=1e-06 esr_ohm=0.2 dcgain_db=136.786 f0_hz=247550 phase_at_f0_deg=-111.649 f180_hz=1.47508E+06 gain_at_f180_db=-17.9766 f0_rising_hz= resurgence_db=-0.426845
Doing analysis at TEMP = 125.000000 and TNOM = 27.000000

Using SPARSE 1.3 as Direct Linear Solver

No. of Data Rows : 1
Doing analysis at TEMP = 125.000000 and TNOM = 27.000000

Using SPARSE 1.3 as Direct Linear Solver
 Reference value :  1.00000e-02
No. of Data Rows : 4401
Doing analysis at TEMP = 125.000000 and TNOM = 27.000000

Using SPARSE 1.3 as Direct Linear Solver
 Reference value :  1.22321e-01
No. of Data Rows : 4401
dcg                 =  1.36786e+02
f0                  =  3.29917e+05
phx                 =  -9.03865e+01
f180                =  1.77176e+06
gmx                 =  -1.37033e+01
 meas ac f0r when tdb=0 rise=1 failed!

tres                =  -2.59527e-01 at=  3.46737e+05
ROW ssr_cmd=1.15 ssr_v=1.15 fb_v=1.19946 vout_v=1.72418 isup_a=0.0500152 ceff_f=1e-06 esr_ohm=0.5 dcgain_db=136.786 f0_hz=329917 phase_at_f0_deg=-90.3865 f180_hz=1.77176E+06 gain_at_f180_db=-13.7033 f0_rising_hz= resurgence_db=-0.259527
Doing analysis at TEMP = 125.000000 and TNOM = 27.000000

Using SPARSE 1.3 as Direct Linear Solver

No. of Data Rows : 1
Doing analysis at TEMP = 125.000000 and TNOM = 27.000000

Using SPARSE 1.3 as Direct Linear Solver
 Reference value :  1.00000e-02
No. of Data Rows : 4401
Doing analysis at TEMP = 125.000000 and TNOM = 27.000000

Using SPARSE 1.3 as Direct Linear Solver
 Reference value :  1.00000e-02
No. of Data Rows : 4401
dcg                 =  1.36786e+02
f0                  =  6.18234e+04
phx                 =  -1.30219e+02
f180                =  7.60626e+05
gmx                 =  -2.60249e+01
 meas ac f0r when tdb=0 rise=1 failed!

tres                =  -5.54549e-01 at=  6.49382e+04
ROW ssr_cmd=1.15 ssr_v=1.15 fb_v=1.19946 vout_v=1.72418 isup_a=0.0500152 ceff_f=4.7e-06 esr_ohm=0.001 dcgain_db=136.786 f0_hz=61823.4 phase_at_f0_deg=-130.219 f180_hz=760626 gain_at_f180_db=-26.0249 f0_rising_hz= resurgence_db=-0.554549
Doing analysis at TEMP = 125.000000 and TNOM = 27.000000

Using SPARSE 1.3 as Direct Linear Solver

No. of Data Rows : 1
Doing analysis at TEMP = 125.000000 and TNOM = 27.000000

Using SPARSE 1.3 as Direct Linear Solver
 Reference value :  1.00000e-02
No. of Data Rows : 4401
Doing analysis at TEMP = 125.000000 and TNOM = 27.000000

Using SPARSE 1.3 as Direct Linear Solver
 Reference value :  1.00000e-02
No. of Data Rows : 4401
dcg                 =  1.36786e+02
f0                  =  6.20107e+04
phx                 =  -1.25039e+02
f180                =  1.54893e+06
gmx                 =  -3.10298e+01
 meas ac f0r when tdb=0 rise=1 failed!

tres                =  -5.80632e-01 at=  6.53131e+04
ROW ssr_cmd=1.15 ssr_v=1.15 fb_v=1.19946 vout_v=1.72418 isup_a=0.0500152 ceff_f=4.7e-06 esr_ohm=0.05 dcgain_db=136.786 f0_hz=62010.7 phase_at_f0_deg=-125.039 f180_hz=1.54893E+06 gain_at_f180_db=-31.0298 f0_rising_hz= resurgence_db=-0.580632
Doing analysis at TEMP = 125.000000 and TNOM = 27.000000

Using SPARSE 1.3 as Direct Linear Solver
 Reference value :  0.00000e+00
No. of Data Rows : 1
Doing analysis at TEMP = 125.000000 and TNOM = 27.000000

Using SPARSE 1.3 as Direct Linear Solver

No. of Data Rows : 4401
Doing analysis at TEMP = 125.000000 and TNOM = 27.000000

Using SPARSE 1.3 as Direct Linear Solver
 Reference value :  1.00000e-02
No. of Data Rows : 4401
dcg                 =  1.36786e+02
f0                  =  6.26037e+04
phx                 =  -1.19631e+02
f180                =  1.76276e+06
gmx                 =  -2.75463e+01
 meas ac f0r when tdb=0 rise=1 failed!

tres                =  -5.89010e-01 at=  6.60693e+04
ROW ssr_cmd=1.15 ssr_v=1.15 fb_v=1.19946 vout_v=1.72418 isup_a=0.0500152 ceff_f=4.7e-06 esr_ohm=0.1 dcgain_db=136.786 f0_hz=62603.7 phase_at_f0_deg=-119.631 f180_hz=1.76276E+06 gain_at_f180_db=-27.5463 f0_rising_hz= resurgence_db=-0.58901
Doing analysis at TEMP = 125.000000 and TNOM = 27.000000

Using SPARSE 1.3 as Direct Linear Solver

No. of Data Rows : 1
Doing analysis at TEMP = 125.000000 and TNOM = 27.000000

Using SPARSE 1.3 as Direct Linear Solver
 Reference value :  1.00000e-02
No. of Data Rows : 4401
Doing analysis at TEMP = 125.000000 and TNOM = 27.000000

Using SPARSE 1.3 as Direct Linear Solver
 Reference value :  1.00000e-02
No. of Data Rows : 4401
dcg                 =  1.36786e+02
f0                  =  6.51579e+04
phx                 =  -1.08378e+02
f180                =  1.86731e+06
gmx                 =  -2.25798e+01
 meas ac f0r when tdb=0 rise=1 failed!

tres                =  -5.38290e-01 at=  6.87860e+04
ROW ssr_cmd=1.15 ssr_v=1.15 fb_v=1.19946 vout_v=1.72418 isup_a=0.0500152 ceff_f=4.7e-06 esr_ohm=0.2 dcgain_db=136.786 f0_hz=65157.9 phase_at_f0_deg=-108.378 f180_hz=1.86731E+06 gain_at_f180_db=-22.5798 f0_rising_hz= resurgence_db=-0.53829
Doing analysis at TEMP = 125.000000 and TNOM = 27.000000

Using SPARSE 1.3 as Direct Linear Solver
 Reference value :  0.00000e+00
No. of Data Rows : 1
Doing analysis at TEMP = 125.000000 and TNOM = 27.000000

Using SPARSE 1.3 as Direct Linear Solver
 Reference value :  7.28618e+08
No. of Data Rows : 4401
Doing analysis at TEMP = 125.000000 and TNOM = 27.000000

Using SPARSE 1.3 as Direct Linear Solver
 Reference value :  1.40443e+08
No. of Data Rows : 4401
dcg                 =  1.36786e+02
f0                  =  9.70316e+04
phx                 =  -6.93040e+01
f180                =  1.92604e+06
gmx                 =  -1.51896e+01
 meas ac f0r when tdb=0 rise=1 failed!

tres                =  -2.21327e-01 at=  1.02329e+05
ROW ssr_cmd=1.15 ssr_v=1.15 fb_v=1.19946 vout_v=1.72418 isup_a=0.0500152 ceff_f=4.7e-06 esr_ohm=0.5 dcgain_db=136.786 f0_hz=97031.6 phase_at_f0_deg=-69.304 f180_hz=1.92604E+06 gain_at_f180_db=-15.1896 f0_rising_hz= resurgence_db=-0.221327
Doing analysis at TEMP = 125.000000 and TNOM = 27.000000

Using SPARSE 1.3 as Direct Linear Solver

No. of Data Rows : 1
Doing analysis at TEMP = 125.000000 and TNOM = 27.000000

Using SPARSE 1.3 as Direct Linear Solver
 Reference value :  6.95825e-02
No. of Data Rows : 4401
Doing analysis at TEMP = 125.000000 and TNOM = 27.000000

Using SPARSE 1.3 as Direct Linear Solver
 Reference value :  4.65050e+00
No. of Data Rows : 4401
dcg                 =  1.36454e+02
f0                  =  2.36605e+05
phx                 =  -1.27963e+02
f180                =  7.50455e+05
gmx                 =  -1.24356e+01
 meas ac f0r when tdb=0 rise=1 failed!

tres                =  -5.11639e-01 at=  2.49747e+05
ROW ssr_cmd=1.25 ssr_v=1.25 fb_v=1.19946 vout_v=1.79918 isup_a=0.0500151 ceff_f=1e-06 esr_ohm=0.001 dcgain_db=136.454 f0_hz=236605 phase_at_f0_deg=-127.963 f180_hz=750455 gain_at_f180_db=-12.4356 f0_rising_hz= resurgence_db=-0.511638
Doing analysis at TEMP = 125.000000 and TNOM = 27.000000

Using SPARSE 1.3 as Direct Linear Solver

No. of Data Rows : 1
Doing analysis at TEMP = 125.000000 and TNOM = 27.000000

Using SPARSE 1.3 as Direct Linear Solver
 Reference value :  1.00000e-02
No. of Data Rows : 4401
Doing analysis at TEMP = 125.000000 and TNOM = 27.000000

Using SPARSE 1.3 as Direct Linear Solver
 Reference value :  1.00000e-02
No. of Data Rows : 4401
dcg                 =  1.36454e+02
f0                  =  2.37163e+05
phx                 =  -1.23832e+02
f180                =  9.08500e+05
gmx                 =  -1.49239e+01
 meas ac f0r when tdb=0 rise=1 failed!

tres                =  -4.86700e-01 at=  2.49747e+05
ROW ssr_cmd=1.25 ssr_v=1.25 fb_v=1.19946 vout_v=1.79918 isup_a=0.0500151 ceff_f=1e-06 esr_ohm=0.05 dcgain_db=136.454 f0_hz=237164 phase_at_f0_deg=-123.832 f180_hz=908500 gain_at_f180_db=-14.9239 f0_rising_hz= resurgence_db=-0.4867
Doing analysis at TEMP = 125.000000 and TNOM = 27.000000

Using SPARSE 1.3 as Direct Linear Solver
 Reference value :  0.00000e+00
No. of Data Rows : 1
Doing analysis at TEMP = 125.000000 and TNOM = 27.000000

Using SPARSE 1.3 as Direct Linear Solver

No. of Data Rows : 4401
Doing analysis at TEMP = 125.000000 and TNOM = 27.000000

Using SPARSE 1.3 as Direct Linear Solver
 Reference value :  1.00000e-02
No. of Data Rows : 4401
dcg                 =  1.36454e+02
f0                  =  2.38952e+05
phx                 =  -1.19698e+02
f180                =  1.12267e+06
gmx                 =  -1.71510e+01
 meas ac f0r when tdb=0 rise=1 failed!

tres                =  -4.62809e-01 at=  2.51189e+05
ROW ssr_cmd=1.25 ssr_v=1.25 fb_v=1.19946 vout_v=1.79918 isup_a=0.0500151 ceff_f=1e-06 esr_ohm=0.1 dcgain_db=136.454 f0_hz=238952 phase_at_f0_deg=-119.698 f180_hz=1.12267E+06 gain_at_f180_db=-17.151 f0_rising_hz= resurgence_db=-0.462809
Doing analysis at TEMP = 125.000000 and TNOM = 27.000000

Using SPARSE 1.3 as Direct Linear Solver

No. of Data Rows : 1
Doing analysis at TEMP = 125.000000 and TNOM = 27.000000

Using SPARSE 1.3 as Direct Linear Solver
 Reference value :  8.65964e+02
No. of Data Rows : 4401
Doing analysis at TEMP = 125.000000 and TNOM = 27.000000

Using SPARSE 1.3 as Direct Linear Solver

No. of Data Rows : 4401
dcg                 =  1.36454e+02
f0                  =  2.46595e+05
phx                 =  -1.11638e+02
f180                =  1.47333e+06
gmx                 =  -1.79976e+01
 meas ac f0r when tdb=0 rise=1 failed!

tres                =  -4.60441e-01 at=  2.60016e+05
ROW ssr_cmd=1.25 ssr_v=1.25 fb_v=1.19946 vout_v=1.79918 isup_a=0.0500151 ceff_f=1e-06 esr_ohm=0.2 dcgain_db=136.454 f0_hz=246595 phase_at_f0_deg=-111.638 f180_hz=1.47333E+06 gain_at_f180_db=-17.9976 f0_rising_hz= resurgence_db=-0.460441
Doing analysis at TEMP = 125.000000 and TNOM = 27.000000

Using SPARSE 1.3 as Direct Linear Solver
 Reference value :  0.00000e+00
No. of Data Rows : 1
Doing analysis at TEMP = 125.000000 and TNOM = 27.000000

Using SPARSE 1.3 as Direct Linear Solver

No. of Data Rows : 4401
Doing analysis at TEMP = 125.000000 and TNOM = 27.000000

Using SPARSE 1.3 as Direct Linear Solver
 Reference value :  1.00000e-02
No. of Data Rows : 4401
dcg                 =  1.36454e+02
f0                  =  3.27824e+05
phx                 =  -9.03744e+01
f180                =  1.76989e+06
gmx                 =  -1.37292e+01
 meas ac f0r when tdb=0 rise=1 failed!

tres                =  -2.63405e-01 at=  3.44747e+05
ROW ssr_cmd=1.25 ssr_v=1.25 fb_v=1.19946 vout_v=1.79918 isup_a=0.0500151 ceff_f=1e-06 esr_ohm=0.5 dcgain_db=136.454 f0_hz=327824 phase_at_f0_deg=-90.3744 f180_hz=1.76989E+06 gain_at_f180_db=-13.7292 f0_rising_hz= resurgence_db=-0.263405
Doing analysis at TEMP = 125.000000 and TNOM = 27.000000

Using SPARSE 1.3 as Direct Linear Solver

No. of Data Rows : 1
Doing analysis at TEMP = 125.000000 and TNOM = 27.000000

Using SPARSE 1.3 as Direct Linear Solver
 Reference value :  1.00000e-02
No. of Data Rows : 4401
Doing analysis at TEMP = 125.000000 and TNOM = 27.000000

Using SPARSE 1.3 as Direct Linear Solver
 Reference value :  1.00000e-02
No. of Data Rows : 4401
dcg                 =  1.36454e+02
f0                  =  6.16449e+04
phx                 =  -1.30275e+02
f180                =  7.60165e+05
gmx                 =  -2.60489e+01
 meas ac f0r when tdb=0 rise=1 failed!

tres                =  -5.87444e-01 at=  6.49382e+04
ROW ssr_cmd=1.25 ssr_v=1.25 fb_v=1.19946 vout_v=1.79918 isup_a=0.0500151 ceff_f=4.7e-06 esr_ohm=0.001 dcgain_db=136.454 f0_hz=61644.8 phase_at_f0_deg=-130.275 f180_hz=760165 gain_at_f180_db=-26.0488 f0_rising_hz= resurgence_db=-0.587444
Doing analysis at TEMP = 125.000000 and TNOM = 27.000000

Using SPARSE 1.3 as Direct Linear Solver
 Reference value :  0.00000e+00
No. of Data Rows : 1
Doing analysis at TEMP = 125.000000 and TNOM = 27.000000

Using SPARSE 1.3 as Direct Linear Solver

No. of Data Rows : 4401
Doing analysis at TEMP = 125.000000 and TNOM = 27.000000

Using SPARSE 1.3 as Direct Linear Solver
 Reference value :  1.00000e-02
No. of Data Rows : 4401
dcg                 =  1.36454e+02
f0                  =  6.18305e+04
phx                 =  -1.25111e+02
f180                =  1.54715e+06
gmx                 =  -3.10517e+01
 meas ac f0r when tdb=0 rise=1 failed!

tres                =  -5.49616e-01 at=  6.49382e+04
ROW ssr_cmd=1.25 ssr_v=1.25 fb_v=1.19946 vout_v=1.79918 isup_a=0.0500151 ceff_f=4.7e-06 esr_ohm=0.05 dcgain_db=136.454 f0_hz=61830.5 phase_at_f0_deg=-125.111 f180_hz=1.54715E+06 gain_at_f180_db=-31.0517 f0_rising_hz= resurgence_db=-0.549616
Doing analysis at TEMP = 125.000000 and TNOM = 27.000000

Using SPARSE 1.3 as Direct Linear Solver
 Reference value :  0.00000e+00
No. of Data Rows : 1
Doing analysis at TEMP = 125.000000 and TNOM = 27.000000

Using SPARSE 1.3 as Direct Linear Solver

No. of Data Rows : 4401
Doing analysis at TEMP = 125.000000 and TNOM = 27.000000

Using SPARSE 1.3 as Direct Linear Solver
 Reference value :  1.00000e-02
No. of Data Rows : 4401
dcg                 =  1.36454e+02
f0                  =  6.24168e+04
phx                 =  -1.19719e+02
f180                =  1.76092e+06
gmx                 =  -2.75714e+01
 meas ac f0r when tdb=0 rise=1 failed!

tres                =  -5.59647e-01 at=  6.56901e+04
ROW ssr_cmd=1.25 ssr_v=1.25 fb_v=1.19946 vout_v=1.79918 isup_a=0.0500151 ceff_f=4.7e-06 esr_ohm=0.1 dcgain_db=136.454 f0_hz=62416.8 phase_at_f0_deg=-119.719 f180_hz=1.76092E+06 gain_at_f180_db=-27.5714 f0_rising_hz= resurgence_db=-0.559647
Doing analysis at TEMP = 125.000000 and TNOM = 27.000000

Using SPARSE 1.3 as Direct Linear Solver

No. of Data Rows : 1
Doing analysis at TEMP = 125.000000 and TNOM = 27.000000

Using SPARSE 1.3 as Direct Linear Solver
 Reference value :  1.29569e+04
No. of Data Rows : 4401
Doing analysis at TEMP = 125.000000 and TNOM = 27.000000

Using SPARSE 1.3 as Direct Linear Solver

No. of Data Rows : 4401
dcg                 =  1.36454e+02
f0                  =  6.49436e+04
phx                 =  -1.08502e+02
f180                =  1.86546e+06
gmx                 =  -2.26064e+01
 meas ac f0r when tdb=0 rise=1 failed!

tres                =  -5.15046e-01 at=  6.83912e+04
ROW ssr_cmd=1.25 ssr_v=1.25 fb_v=1.19946 vout_v=1.79918 isup_a=0.0500151 ceff_f=4.7e-06 esr_ohm=0.2 dcgain_db=136.454 f0_hz=64943.6 phase_at_f0_deg=-108.502 f180_hz=1.86546E+06 gain_at_f180_db=-22.6064 f0_rising_hz= resurgence_db=-0.515046
Doing analysis at TEMP = 125.000000 and TNOM = 27.000000

Using SPARSE 1.3 as Direct Linear Solver
 Reference value :  0.00000e+00
No. of Data Rows : 1
Doing analysis at TEMP = 125.000000 and TNOM = 27.000000

Using SPARSE 1.3 as Direct Linear Solver

No. of Data Rows : 4401
Doing analysis at TEMP = 125.000000 and TNOM = 27.000000

Using SPARSE 1.3 as Direct Linear Solver
 Reference value :  1.00000e-02
No. of Data Rows : 4401
dcg                 =  1.36454e+02
f0                  =  9.62750e+04
phx                 =  -6.95867e+01
f180                =  1.92416e+06
gmx                 =  -1.52172e+01
 meas ac f0r when tdb=0 rise=1 failed!

tres                =  -2.08778e-01 at=  1.01158e+05
ROW ssr_cmd=1.25 ssr_v=1.25 fb_v=1.19946 vout_v=1.79918 isup_a=0.0500151 ceff_f=4.7e-06 esr_ohm=0.5 dcgain_db=136.454 f0_hz=96275 phase_at_f0_deg=-69.5866 f180_hz=1.92416E+06 gain_at_f180_db=-15.2172 f0_rising_hz= resurgence_db=-0.208778
Doing analysis at TEMP = 125.000000 and TNOM = 27.000000

Using SPARSE 1.3 as Direct Linear Solver

No. of Data Rows : 1
Doing analysis at TEMP = 125.000000 and TNOM = 27.000000

Using SPARSE 1.3 as Direct Linear Solver
 Reference value :  1.00000e-02
No. of Data Rows : 4401
Doing analysis at TEMP = 125.000000 and TNOM = 27.000000

Using SPARSE 1.3 as Direct Linear Solver
 Reference value :  1.00000e-02
No. of Data Rows : 4401
dcg                 =  1.36454e+02
f0                  =  2.36605e+05
phx                 =  -1.27963e+02
f180                =  7.50455e+05
gmx                 =  -1.24356e+01
 meas ac f0r when tdb=0 rise=1 failed!

tres                =  -5.11639e-01 at=  2.49747e+05
ROW ssr_cmd=1.8 ssr_v=1.8 fb_v=1.19946 vout_v=1.79918 isup_a=0.0500151 ceff_f=1e-06 esr_ohm=0.001 dcgain_db=136.454 f0_hz=236605 phase_at_f0_deg=-127.963 f180_hz=750455 gain_at_f180_db=-12.4356 f0_rising_hz= resurgence_db=-0.511638
Doing analysis at TEMP = 125.000000 and TNOM = 27.000000

Using SPARSE 1.3 as Direct Linear Solver

No. of Data Rows : 1
Doing analysis at TEMP = 125.000000 and TNOM = 27.000000

Using SPARSE 1.3 as Direct Linear Solver
 Reference value :  1.00000e-02
No. of Data Rows : 4401
Doing analysis at TEMP = 125.000000 and TNOM = 27.000000

Using SPARSE 1.3 as Direct Linear Solver
 Reference value :  1.00000e-02
No. of Data Rows : 4401
dcg                 =  1.36454e+02
f0                  =  2.37163e+05
phx                 =  -1.23832e+02
f180                =  9.08500e+05
gmx                 =  -1.49239e+01
 meas ac f0r when tdb=0 rise=1 failed!

tres                =  -4.86700e-01 at=  2.49747e+05
ROW ssr_cmd=1.8 ssr_v=1.8 fb_v=1.19946 vout_v=1.79918 isup_a=0.0500151 ceff_f=1e-06 esr_ohm=0.05 dcgain_db=136.454 f0_hz=237164 phase_at_f0_deg=-123.832 f180_hz=908500 gain_at_f180_db=-14.9239 f0_rising_hz= resurgence_db=-0.4867
Doing analysis at TEMP = 125.000000 and TNOM = 27.000000

Using SPARSE 1.3 as Direct Linear Solver
 Reference value :  0.00000e+00
No. of Data Rows : 1
Doing analysis at TEMP = 125.000000 and TNOM = 27.000000

Using SPARSE 1.3 as Direct Linear Solver

No. of Data Rows : 4401
Doing analysis at TEMP = 125.000000 and TNOM = 27.000000

Using SPARSE 1.3 as Direct Linear Solver
 Reference value :  1.00000e-02
No. of Data Rows : 4401
dcg                 =  1.36454e+02
f0                  =  2.38952e+05
phx                 =  -1.19698e+02
f180                =  1.12267e+06
gmx                 =  -1.71510e+01
 meas ac f0r when tdb=0 rise=1 failed!

tres                =  -4.62809e-01 at=  2.51189e+05
ROW ssr_cmd=1.8 ssr_v=1.8 fb_v=1.19946 vout_v=1.79918 isup_a=0.0500151 ceff_f=1e-06 esr_ohm=0.1 dcgain_db=136.454 f0_hz=238952 phase_at_f0_deg=-119.698 f180_hz=1.12267E+06 gain_at_f180_db=-17.151 f0_rising_hz= resurgence_db=-0.462809
Doing analysis at TEMP = 125.000000 and TNOM = 27.000000

Using SPARSE 1.3 as Direct Linear Solver

No. of Data Rows : 1
Doing analysis at TEMP = 125.000000 and TNOM = 27.000000

Using SPARSE 1.3 as Direct Linear Solver
 Reference value :  1.91646e+03
No. of Data Rows : 4401
Doing analysis at TEMP = 125.000000 and TNOM = 27.000000

Using SPARSE 1.3 as Direct Linear Solver

No. of Data Rows : 4401
dcg                 =  1.36454e+02
f0                  =  2.46595e+05
phx                 =  -1.11638e+02
f180                =  1.47333e+06
gmx                 =  -1.79976e+01
 meas ac f0r when tdb=0 rise=1 failed!

tres                =  -4.60441e-01 at=  2.60016e+05
ROW ssr_cmd=1.8 ssr_v=1.8 fb_v=1.19946 vout_v=1.79918 isup_a=0.0500151 ceff_f=1e-06 esr_ohm=0.2 dcgain_db=136.454 f0_hz=246595 phase_at_f0_deg=-111.638 f180_hz=1.47333E+06 gain_at_f180_db=-17.9976 f0_rising_hz= resurgence_db=-0.460441
Doing analysis at TEMP = 125.000000 and TNOM = 27.000000

Using SPARSE 1.3 as Direct Linear Solver
 Reference value :  0.00000e+00
No. of Data Rows : 1
Doing analysis at TEMP = 125.000000 and TNOM = 27.000000

Using SPARSE 1.3 as Direct Linear Solver
 Reference value :  5.21795e+08
No. of Data Rows : 4401
Doing analysis at TEMP = 125.000000 and TNOM = 27.000000

Using SPARSE 1.3 as Direct Linear Solver

No. of Data Rows : 4401
dcg                 =  1.36454e+02
f0                  =  3.27824e+05
phx                 =  -9.03744e+01
f180                =  1.76989e+06
gmx                 =  -1.37292e+01
 meas ac f0r when tdb=0 rise=1 failed!

tres                =  -2.63405e-01 at=  3.44747e+05
ROW ssr_cmd=1.8 ssr_v=1.8 fb_v=1.19946 vout_v=1.79918 isup_a=0.0500151 ceff_f=1e-06 esr_ohm=0.5 dcgain_db=136.454 f0_hz=327824 phase_at_f0_deg=-90.3744 f180_hz=1.76989E+06 gain_at_f180_db=-13.7292 f0_rising_hz= resurgence_db=-0.263405
Doing analysis at TEMP = 125.000000 and TNOM = 27.000000

Using SPARSE 1.3 as Direct Linear Solver
 Reference value :  0.00000e+00
No. of Data Rows : 1
Doing analysis at TEMP = 125.000000 and TNOM = 27.000000

Using SPARSE 1.3 as Direct Linear Solver
 Reference value :  6.95825e+08
No. of Data Rows : 4401
Doing analysis at TEMP = 125.000000 and TNOM = 27.000000

Using SPARSE 1.3 as Direct Linear Solver
 Reference value :  2.66073e+08
No. of Data Rows : 4401
dcg                 =  1.36454e+02
f0                  =  6.16449e+04
phx                 =  -1.30275e+02
f180                =  7.60165e+05
gmx                 =  -2.60489e+01
 meas ac f0r when tdb=0 rise=1 failed!

tres                =  -5.87444e-01 at=  6.49382e+04
ROW ssr_cmd=1.8 ssr_v=1.8 fb_v=1.19946 vout_v=1.79918 isup_a=0.0500151 ceff_f=4.7e-06 esr_ohm=0.001 dcgain_db=136.454 f0_hz=61644.8 phase_at_f0_deg=-130.275 f180_hz=760165 gain_at_f180_db=-26.0488 f0_rising_hz= resurgence_db=-0.587444
Doing analysis at TEMP = 125.000000 and TNOM = 27.000000

Using SPARSE 1.3 as Direct Linear Solver

No. of Data Rows : 1
Doing analysis at TEMP = 125.000000 and TNOM = 27.000000

Using SPARSE 1.3 as Direct Linear Solver
 Reference value :  2.69153e-02
No. of Data Rows : 4401
Doing analysis at TEMP = 125.000000 and TNOM = 27.000000

Using SPARSE 1.3 as Direct Linear Solver
 Reference value :  1.55776e-02
No. of Data Rows : 4401
dcg                 =  1.36454e+02
f0                  =  6.18305e+04
phx                 =  -1.25111e+02
f180                =  1.54715e+06
gmx                 =  -3.10517e+01
 meas ac f0r when tdb=0 rise=1 failed!

tres                =  -5.49616e-01 at=  6.49382e+04
ROW ssr_cmd=1.8 ssr_v=1.8 fb_v=1.19946 vout_v=1.79918 isup_a=0.0500151 ceff_f=4.7e-06 esr_ohm=0.05 dcgain_db=136.454 f0_hz=61830.5 phase_at_f0_deg=-125.111 f180_hz=1.54715E+06 gain_at_f180_db=-31.0517 f0_rising_hz= resurgence_db=-0.549616
Doing analysis at TEMP = 125.000000 and TNOM = 27.000000

Using SPARSE 1.3 as Direct Linear Solver
 Reference value :  0.00000e+00
No. of Data Rows : 1
Doing analysis at TEMP = 125.000000 and TNOM = 27.000000

Using SPARSE 1.3 as Direct Linear Solver

No. of Data Rows : 4401
Doing analysis at TEMP = 125.000000 and TNOM = 27.000000

Using SPARSE 1.3 as Direct Linear Solver
 Reference value :  1.00000e-02
No. of Data Rows : 4401
dcg                 =  1.36454e+02
f0                  =  6.24168e+04
phx                 =  -1.19719e+02
f180                =  1.76092e+06
gmx                 =  -2.75714e+01
 meas ac f0r when tdb=0 rise=1 failed!

tres                =  -5.59647e-01 at=  6.56901e+04
ROW ssr_cmd=1.8 ssr_v=1.8 fb_v=1.19946 vout_v=1.79918 isup_a=0.0500151 ceff_f=4.7e-06 esr_ohm=0.1 dcgain_db=136.454 f0_hz=62416.8 phase_at_f0_deg=-119.719 f180_hz=1.76092E+06 gain_at_f180_db=-27.5714 f0_rising_hz= resurgence_db=-0.559647
Doing analysis at TEMP = 125.000000 and TNOM = 27.000000

Using SPARSE 1.3 as Direct Linear Solver

No. of Data Rows : 1
Doing analysis at TEMP = 125.000000 and TNOM = 27.000000

Using SPARSE 1.3 as Direct Linear Solver
 Reference value :  7.94328e+07
No. of Data Rows : 4401
Doing analysis at TEMP = 125.000000 and TNOM = 27.000000

Using SPARSE 1.3 as Direct Linear Solver

No. of Data Rows : 4401
dcg                 =  1.36454e+02
f0                  =  6.49436e+04
phx                 =  -1.08502e+02
f180                =  1.86546e+06
gmx                 =  -2.26064e+01
 meas ac f0r when tdb=0 rise=1 failed!

tres                =  -5.15046e-01 at=  6.83912e+04
ROW ssr_cmd=1.8 ssr_v=1.8 fb_v=1.19946 vout_v=1.79918 isup_a=0.0500151 ceff_f=4.7e-06 esr_ohm=0.2 dcgain_db=136.454 f0_hz=64943.6 phase_at_f0_deg=-108.502 f180_hz=1.86546E+06 gain_at_f180_db=-22.6064 f0_rising_hz= resurgence_db=-0.515046
Doing analysis at TEMP = 125.000000 and TNOM = 27.000000

Using SPARSE 1.3 as Direct Linear Solver

No. of Data Rows : 1
Doing analysis at TEMP = 125.000000 and TNOM = 27.000000

Using SPARSE 1.3 as Direct Linear Solver
 Reference value :  1.00000e-02
No. of Data Rows : 4401
Doing analysis at TEMP = 125.000000 and TNOM = 27.000000

Using SPARSE 1.3 as Direct Linear Solver
 Reference value :  1.39637e+03
No. of Data Rows : 4401
dcg                 =  1.36454e+02
f0                  =  9.62750e+04
phx                 =  -6.95867e+01
f180                =  1.92416e+06
gmx                 =  -1.52172e+01
 meas ac f0r when tdb=0 rise=1 failed!

tres                =  -2.08778e-01 at=  1.01158e+05
ROW ssr_cmd=1.8 ssr_v=1.8 fb_v=1.19946 vout_v=1.79918 isup_a=0.0500151 ceff_f=4.7e-06 esr_ohm=0.5 dcgain_db=136.454 f0_hz=96275 phase_at_f0_deg=-69.5866 f180_hz=1.92416E+06 gain_at_f180_db=-15.2172 f0_rising_hz= resurgence_db=-0.208778
* SWEEP COMPLETE fs_125c_3.30v
Note: Simulation executed from .control section 
Note: Starting dynamic gmin stepping
Note: Dynamic gmin stepping completed
Note: Starting dynamic gmin stepping
Note: Dynamic gmin stepping completed
Note: Starting dynamic gmin stepping
Note: Dynamic gmin stepping completed

Error: measure  f0r  when(WHEN) : out of interval
Error: &f0r: no such variable.
Note: Starting dynamic gmin stepping
Note: Dynamic gmin stepping completed
Note: Starting dynamic gmin stepping
Note: Dynamic gmin stepping completed
Note: Starting dynamic gmin stepping
Note: Dynamic gmin stepping completed

Error: measure  f0r  when(WHEN) : out of interval
Error: &f0r: no such variable.
Note: Starting dynamic gmin stepping
Note: Dynamic gmin stepping completed
Note: Starting dynamic gmin stepping
Note: Dynamic gmin stepping completed
Note: Starting dynamic gmin stepping
Note: Dynamic gmin stepping completed

Error: measure  f0r  when(WHEN) : out of interval
Error: &f0r: no such variable.
Note: Starting dynamic gmin stepping
Note: Dynamic gmin stepping completed
Note: Starting dynamic gmin stepping
Note: Dynamic gmin stepping completed
Note: Starting dynamic gmin stepping
Note: Dynamic gmin stepping completed

Error: measure  f0r  when(WHEN) : out of interval
Error: &f0r: no such variable.
Note: Starting dynamic gmin stepping
Note: Dynamic gmin stepping completed
Note: Starting dynamic gmin stepping
Note: Dynamic gmin stepping completed
Note: Starting dynamic gmin stepping
Note: Dynamic gmin stepping completed

Error: measure  f0r  when(WHEN) : out of interval
Error: &f0r: no such variable.
Note: Starting dynamic gmin stepping
Note: Dynamic gmin stepping completed
Note: Starting dynamic gmin stepping
Note: Dynamic gmin stepping completed
Note: Starting dynamic gmin stepping
Note: Dynamic gmin stepping completed

Error: measure  f0r  when(WHEN) : out of interval
Error: &f0r: no such variable.
Note: Starting dynamic gmin stepping
Note: Dynamic gmin stepping completed
Note: Starting dynamic gmin stepping
Note: Dynamic gmin stepping completed
Note: Starting dynamic gmin stepping
Note: Dynamic gmin stepping completed

Error: measure  f0r  when(WHEN) : out of interval
Error: &f0r: no such variable.
Note: Starting dynamic gmin stepping
Note: Dynamic gmin stepping completed
Note: Starting dynamic gmin stepping
Note: Dynamic gmin stepping completed
Note: Starting dynamic gmin stepping
Note: Dynamic gmin stepping completed

Error: measure  f0r  when(WHEN) : out of interval
Error: &f0r: no such variable.
Note: Starting dynamic gmin stepping
Note: Dynamic gmin stepping completed
Note: Starting dynamic gmin stepping
Note: Dynamic gmin stepping completed
Note: Starting dynamic gmin stepping
Note: Dynamic gmin stepping completed

Error: measure  f0r  when(WHEN) : out of interval
Error: &f0r: no such variable.
Note: Starting dynamic gmin stepping
Note: Dynamic gmin stepping completed
Note: Starting dynamic gmin stepping
Note: Dynamic gmin stepping completed
Note: Starting dynamic gmin stepping
Note: Dynamic gmin stepping completed

Error: measure  f0r  when(WHEN) : out of interval
Error: &f0r: no such variable.
Note: Starting dynamic gmin stepping
Note: Dynamic gmin stepping completed
Note: Starting dynamic gmin stepping
Note: Dynamic gmin stepping completed
Note: Starting dynamic gmin stepping
Note: Dynamic gmin stepping completed

Error: measure  f0r  when(WHEN) : out of interval
Error: &f0r: no such variable.
Note: Starting dynamic gmin stepping
Note: Dynamic gmin stepping completed
Note: Starting dynamic gmin stepping
Note: Dynamic gmin stepping completed
Note: Starting dynamic gmin stepping
Note: Dynamic gmin stepping completed

Error: measure  f0r  when(WHEN) : out of interval
Error: &f0r: no such variable.
Note: Starting dynamic gmin stepping
Note: Dynamic gmin stepping completed
Note: Starting dynamic gmin stepping
Note: Dynamic gmin stepping completed
Note: Starting dynamic gmin stepping
Note: Dynamic gmin stepping completed

Error: measure  f0r  when(WHEN) : out of interval
Error: &f0r: no such variable.
Note: Starting dynamic gmin stepping
Note: Dynamic gmin stepping completed
Note: Starting dynamic gmin stepping
Note: Dynamic gmin stepping completed
Note: Starting dynamic gmin stepping
Note: Dynamic gmin stepping completed

Error: measure  f0r  when(WHEN) : out of interval
Error: &f0r: no such variable.
Note: Starting dynamic gmin stepping
Note: Dynamic gmin stepping completed
Note: Starting dynamic gmin stepping
Note: Dynamic gmin stepping completed
Note: Starting dynamic gmin stepping
Note: Dynamic gmin stepping completed

Error: measure  f0r  when(WHEN) : out of interval
Error: &f0r: no such variable.
Note: Starting dynamic gmin stepping
Note: Dynamic gmin stepping completed
Note: Starting dynamic gmin stepping
Note: Dynamic gmin stepping completed
Note: Starting dynamic gmin stepping
Note: Dynamic gmin stepping completed

Error: measure  f0r  when(WHEN) : out of interval
Error: &f0r: no such variable.
Note: Starting dynamic gmin stepping
Note: Dynamic gmin stepping completed
Note: Starting dynamic gmin stepping
Note: Dynamic gmin stepping completed
Note: Starting dynamic gmin stepping
Note: Dynamic gmin stepping completed

Error: measure  f0r  when(WHEN) : out of interval
Error: &f0r: no such variable.
Note: Starting dynamic gmin stepping
Note: Dynamic gmin stepping completed
Note: Starting dynamic gmin stepping
Note: Dynamic gmin stepping completed
Note: Starting dynamic gmin stepping
Note: Dynamic gmin stepping completed

Error: measure  f0r  when(WHEN) : out of interval
Error: &f0r: no such variable.
Note: Starting dynamic gmin stepping
Note: Dynamic gmin stepping completed
Note: Starting dynamic gmin stepping
Note: Dynamic gmin stepping completed
Note: Starting dynamic gmin stepping
Note: Dynamic gmin stepping completed

Error: measure  f0r  when(WHEN) : out of interval
Error: &f0r: no such variable.
Note: Starting dynamic gmin stepping
Note: Dynamic gmin stepping completed
Note: Starting dynamic gmin stepping
Note: Dynamic gmin stepping completed
Note: Starting dynamic gmin stepping
Note: Dynamic gmin stepping completed

Error: measure  f0r  when(WHEN) : out of interval
Error: &f0r: no such variable.
Note: Starting dynamic gmin stepping
Note: Dynamic gmin stepping completed
Note: Starting dynamic gmin stepping
Note: Dynamic gmin stepping completed
Note: Starting dynamic gmin stepping
Note: Dynamic gmin stepping completed

Error: measure  f0r  when(WHEN) : out of interval
Error: &f0r: no such variable.
Note: Starting dynamic gmin stepping
Note: Dynamic gmin stepping completed
Note: Starting dynamic gmin stepping
Note: Dynamic gmin stepping completed
Note: Starting dynamic gmin stepping
Note: Dynamic gmin stepping completed

Error: measure  f0r  when(WHEN) : out of interval
Error: &f0r: no such variable.
Note: Starting dynamic gmin stepping
Note: Dynamic gmin stepping completed
Note: Starting dynamic gmin stepping
Note: Dynamic gmin stepping completed
Note: Starting dynamic gmin stepping
Note: Dynamic gmin stepping completed

Error: measure  f0r  when(WHEN) : out of interval
Error: &f0r: no such variable.
Note: Starting dynamic gmin stepping
Note: Dynamic gmin stepping completed
Note: Starting dynamic gmin stepping
Note: Dynamic gmin stepping completed
Note: Starting dynamic gmin stepping
Note: Dynamic gmin stepping completed

Error: measure  f0r  when(WHEN) : out of interval
Error: &f0r: no such variable.
Note: Starting dynamic gmin stepping
Note: Dynamic gmin stepping completed
Note: Starting dynamic gmin stepping
Note: Dynamic gmin stepping completed
Note: Starting dynamic gmin stepping
Note: Dynamic gmin stepping completed

Error: measure  f0r  when(WHEN) : out of interval
Error: &f0r: no such variable.
Note: Starting dynamic gmin stepping
Note: Dynamic gmin stepping completed
Note: Starting dynamic gmin stepping
Note: Dynamic gmin stepping completed
Note: Starting dynamic gmin stepping
Note: Dynamic gmin stepping completed

Error: measure  f0r  when(WHEN) : out of interval
Error: &f0r: no such variable.
Note: Starting dynamic gmin stepping
Note: Dynamic gmin stepping completed
Note: Starting dynamic gmin stepping
Note: Dynamic gmin stepping completed
Note: Starting dynamic gmin stepping
Note: Dynamic gmin stepping completed

Error: measure  f0r  when(WHEN) : out of interval
Error: &f0r: no such variable.
Note: Starting dynamic gmin stepping
Note: Dynamic gmin stepping completed
Note: Starting dynamic gmin stepping
Note: Dynamic gmin stepping completed
Note: Starting dynamic gmin stepping
Note: Dynamic gmin stepping completed

Error: measure  f0r  when(WHEN) : out of interval
Error: &f0r: no such variable.
Note: Starting dynamic gmin stepping
Note: Dynamic gmin stepping completed
Note: Starting dynamic gmin stepping
Note: Dynamic gmin stepping completed
Note: Starting dynamic gmin stepping
Note: Dynamic gmin stepping completed

Error: measure  f0r  when(WHEN) : out of interval
Error: &f0r: no such variable.
Note: Starting dynamic gmin stepping
Note: Dynamic gmin stepping completed
Note: Starting dynamic gmin stepping
Note: Dynamic gmin stepping completed
Note: Starting dynamic gmin stepping
Note: Dynamic gmin stepping completed

Error: measure  f0r  when(WHEN) : out of interval
Error: &f0r: no such variable.
