
Note: No compatibility mode selected!


Circuit: * soft-start-loop-gain -- tian dual-injection loop-gain testbench for the ldo

* corner_id=res_ff_125c_2.97v corner=res_ff temp_c=125 vin_v=2.97
* phase=sink variant=device iload_a=0.05 rload_ohm=1e+12
* ac sweep: dec 400 0.01 1e9 ; Tian dual injection at ERRAMP_OUT->PASS_GATE
* columns: ROW ssr_cmd= ssr_v= fb_v= vout_v= isup_a= ceff_f= esr_ohm=
*          dcgain_db= f0_hz= phase_at_f0_deg= f180_hz= gain_at_f180_db=
*          f0_rising_hz= resurgence_db=
* (phase margin = 180 + phase_at_f0_deg ; gain margin = -gain_at_f180_db ;
*  resurgence_db = max |T| in dB above the first 0 dB crossing, DR-0008 ;
*  an empty f180/gain field means the phase never reaches -180 deg in band ;
*  ssr_cmd is what this deck COMMANDED the ramp node to, or 'free' when it
*  is not pinned; ssr_v/fb_v/vout_v are what the DC solve LANDED on)
* Fields are written key=value BECAUSE a failed meas leaves its value
* empty: with bare positional fields an empty one vanishes into the
* whitespace and every field after it is read as the wrong quantity.
Doing analysis at TEMP = 125.000000 and TNOM = 27.000000

Using SPARSE 1.3 as Direct Linear Solver

No. of Data Rows : 1
Doing analysis at TEMP = 125.000000 and TNOM = 27.000000

Using SPARSE 1.3 as Direct Linear Solver

No. of Data Rows : 4401
Doing analysis at TEMP = 125.000000 and TNOM = 27.000000

Using SPARSE 1.3 as Direct Linear Solver
 Reference value :  1.41254e+01
No. of Data Rows : 4401
dcg                 =  1.35342e+02
f0                  =  2.15392e+05
phx                 =  -1.25747e+02
f180                =  8.43857e+05
gmx                 =  -1.40152e+01
 meas ac f0r when tdb=0 rise=1 failed!

tres                =  -4.75035e-01 at=  2.26464e+05
ROW ssr_cmd=1.15 ssr_v=1.15 fb_v=1.19943 vout_v=1.49097 isup_a=0.0500253 ceff_f=1e-06 esr_ohm=0.001 dcgain_db=135.342 f0_hz=215392 phase_at_f0_deg=-125.747 f180_hz=843857 gain_at_f180_db=-14.0152 f0_rising_hz= resurgence_db=-0.475035
Doing analysis at TEMP = 125.000000 and TNOM = 27.000000

Using SPARSE 1.3 as Direct Linear Solver

No. of Data Rows : 1
Doing analysis at TEMP = 125.000000 and TNOM = 27.000000

Using SPARSE 1.3 as Direct Linear Solver
 Reference value :  1.00000e-02
No. of Data Rows : 4401
Doing analysis at TEMP = 125.000000 and TNOM = 27.000000

Using SPARSE 1.3 as Direct Linear Solver
 Reference value :  4.16869e+03
No. of Data Rows : 4401
dcg                 =  1.35342e+02
f0                  =  2.15802e+05
phx                 =  -1.21964e+02
f180                =  1.03336e+06
gmx                 =  -1.65057e+01
 meas ac f0r when tdb=0 rise=1 failed!

tres                =  -5.09192e-01 at=  2.27772e+05
ROW ssr_cmd=1.15 ssr_v=1.15 fb_v=1.19943 vout_v=1.49097 isup_a=0.0500253 ceff_f=1e-06 esr_ohm=0.05 dcgain_db=135.342 f0_hz=215802 phase_at_f0_deg=-121.964 f180_hz=1.03336E+06 gain_at_f180_db=-16.5057 f0_rising_hz= resurgence_db=-0.509193
Doing analysis at TEMP = 125.000000 and TNOM = 27.000000

Using SPARSE 1.3 as Direct Linear Solver

No. of Data Rows : 1
Doing analysis at TEMP = 125.000000 and TNOM = 27.000000

Using SPARSE 1.3 as Direct Linear Solver
 Reference value :  6.79986e+00
No. of Data Rows : 4401
Doing analysis at TEMP = 125.000000 and TNOM = 27.000000

Using SPARSE 1.3 as Direct Linear Solver
 Reference value :  1.28086e+04
No. of Data Rows : 4401
dcg                 =  1.35342e+02
f0                  =  2.17130e+05
phx                 =  -1.18131e+02
f180                =  1.27620e+06
gmx                 =  -1.84327e+01
 meas ac f0r when tdb=0 rise=1 failed!

tres                =  -4.98660e-01 at=  2.29087e+05
ROW ssr_cmd=1.15 ssr_v=1.15 fb_v=1.19943 vout_v=1.49097 isup_a=0.0500253 ceff_f=1e-06 esr_ohm=0.1 dcgain_db=135.342 f0_hz=217130 phase_at_f0_deg=-118.131 f180_hz=1.2762E+06 gain_at_f180_db=-18.4327 f0_rising_hz= resurgence_db=-0.49866
Doing analysis at TEMP = 125.000000 and TNOM = 27.000000

Using SPARSE 1.3 as Direct Linear Solver

No. of Data Rows : 1
Doing analysis at TEMP = 125.000000 and TNOM = 27.000000

Using SPARSE 1.3 as Direct Linear Solver
 Reference value :  4.49262e-01
No. of Data Rows : 4401
Doing analysis at TEMP = 125.000000 and TNOM = 27.000000

Using SPARSE 1.3 as Direct Linear Solver
 Reference value :  2.51189e+02
No. of Data Rows : 4401
dcg                 =  1.35342e+02
f0                  =  2.22788e+05
phx                 =  -1.10511e+02
f180                =  1.62595e+06
gmx                 =  -1.84954e+01
 meas ac f0r when tdb=0 rise=1 failed!

tres                =  -4.47690e-01 at=  2.34423e+05
ROW ssr_cmd=1.15 ssr_v=1.15 fb_v=1.19943 vout_v=1.49097 isup_a=0.0500253 ceff_f=1e-06 esr_ohm=0.2 dcgain_db=135.342 f0_hz=222788 phase_at_f0_deg=-110.511 f180_hz=1.62595E+06 gain_at_f180_db=-18.4954 f0_rising_hz= resurgence_db=-0.44769
Doing analysis at TEMP = 125.000000 and TNOM = 27.000000

Using SPARSE 1.3 as Direct Linear Solver

No. of Data Rows : 1
Doing analysis at TEMP = 125.000000 and TNOM = 27.000000

Using SPARSE 1.3 as Direct Linear Solver
 Reference value :  1.34122e-02
No. of Data Rows : 4401
Doing analysis at TEMP = 125.000000 and TNOM = 27.000000

Using SPARSE 1.3 as Direct Linear Solver
 Reference value :  3.80189e+00
No. of Data Rows : 4401
dcg                 =  1.35342e+02
f0                  =  2.79774e+05
phx                 =  -8.80700e+01
f180                =  1.90568e+06
gmx                 =  -1.37687e+01
 meas ac f0r when tdb=0 rise=1 failed!

tres                =  -2.94268e-01 at=  2.95121e+05
ROW ssr_cmd=1.15 ssr_v=1.15 fb_v=1.19943 vout_v=1.49097 isup_a=0.0500253 ceff_f=1e-06 esr_ohm=0.5 dcgain_db=135.342 f0_hz=279774 phase_at_f0_deg=-88.07 f180_hz=1.90568E+06 gain_at_f180_db=-13.7687 f0_rising_hz= resurgence_db=-0.294268
Doing analysis at TEMP = 125.000000 and TNOM = 27.000000

Using SPARSE 1.3 as Direct Linear Solver

No. of Data Rows : 1
Doing analysis at TEMP = 125.000000 and TNOM = 27.000000

Using SPARSE 1.3 as Direct Linear Solver

No. of Data Rows : 4401
Doing analysis at TEMP = 125.000000 and TNOM = 27.000000

Using SPARSE 1.3 as Direct Linear Solver
 Reference value :  1.00000e-02
No. of Data Rows : 4401
dcg                 =  1.35342e+02
f0                  =  6.05964e+04
phx                 =  -1.35273e+02
f180                =  8.55606e+05
gmx                 =  -2.76348e+01
 meas ac f0r when tdb=0 rise=1 failed!

tres                =  -6.33665e-01 at=  6.38263e+04
ROW ssr_cmd=1.15 ssr_v=1.15 fb_v=1.19943 vout_v=1.49097 isup_a=0.0500253 ceff_f=4.7e-06 esr_ohm=0.001 dcgain_db=135.342 f0_hz=60596.4 phase_at_f0_deg=-135.273 f180_hz=855606 gain_at_f180_db=-27.6348 f0_rising_hz= resurgence_db=-0.633665
Doing analysis at TEMP = 125.000000 and TNOM = 27.000000

Using SPARSE 1.3 as Direct Linear Solver

No. of Data Rows : 1
Doing analysis at TEMP = 125.000000 and TNOM = 27.000000

Using SPARSE 1.3 as Direct Linear Solver
 Reference value :  1.00000e-02
No. of Data Rows : 4401
Doing analysis at TEMP = 125.000000 and TNOM = 27.000000

Using SPARSE 1.3 as Direct Linear Solver
 Reference value :  7.24436e+00
No. of Data Rows : 4401
dcg                 =  1.35342e+02
f0                  =  6.07587e+04
phx                 =  -1.30199e+02
f180                =  1.69583e+06
gmx                 =  -3.14127e+01
 meas ac f0r when tdb=0 rise=1 failed!

tres                =  -5.97284e-01 at=  6.38263e+04
ROW ssr_cmd=1.15 ssr_v=1.15 fb_v=1.19943 vout_v=1.49097 isup_a=0.0500253 ceff_f=4.7e-06 esr_ohm=0.05 dcgain_db=135.342 f0_hz=60758.7 phase_at_f0_deg=-130.199 f180_hz=1.69584E+06 gain_at_f180_db=-31.4127 f0_rising_hz= resurgence_db=-0.597283
Doing analysis at TEMP = 125.000000 and TNOM = 27.000000

Using SPARSE 1.3 as Direct Linear Solver

No. of Data Rows : 1
Doing analysis at TEMP = 125.000000 and TNOM = 27.000000

Using SPARSE 1.3 as Direct Linear Solver
 Reference value :  1.00000e-02
No. of Data Rows : 4401
Doing analysis at TEMP = 125.000000 and TNOM = 27.000000

Using SPARSE 1.3 as Direct Linear Solver
 Reference value :  2.58523e+01
No. of Data Rows : 4401
dcg                 =  1.35342e+02
f0                  =  6.12711e+04
phx                 =  -1.24914e+02
f180                =  1.89743e+06
gmx                 =  -2.76237e+01
 meas ac f0r when tdb=0 rise=1 failed!

tres                =  -6.21944e-01 at=  6.45654e+04
ROW ssr_cmd=1.15 ssr_v=1.15 fb_v=1.19943 vout_v=1.49097 isup_a=0.0500253 ceff_f=4.7e-06 esr_ohm=0.1 dcgain_db=135.342 f0_hz=61271.1 phase_at_f0_deg=-124.914 f180_hz=1.89744E+06 gain_at_f180_db=-27.6237 f0_rising_hz= resurgence_db=-0.621944
Doing analysis at TEMP = 125.000000 and TNOM = 27.000000

Using SPARSE 1.3 as Direct Linear Solver

No. of Data Rows : 1
Doing analysis at TEMP = 125.000000 and TNOM = 27.000000

Using SPARSE 1.3 as Direct Linear Solver
 Reference value :  1.79887e-02
No. of Data Rows : 4401
Doing analysis at TEMP = 125.000000 and TNOM = 27.000000

Using SPARSE 1.3 as Direct Linear Solver
 Reference value :  3.29230e+02
No. of Data Rows : 4401
dcg                 =  1.35342e+02
f0                  =  6.34535e+04
phx                 =  -1.13983e+02
f180                =  1.99671e+06
gmx                 =  -2.25522e+01
 meas ac f0r when tdb=0 rise=1 failed!

tres                =  -5.67546e-01 at=  6.68344e+04
ROW ssr_cmd=1.15 ssr_v=1.15 fb_v=1.19943 vout_v=1.49097 isup_a=0.0500253 ceff_f=4.7e-06 esr_ohm=0.2 dcgain_db=135.342 f0_hz=63453.5 phase_at_f0_deg=-113.983 f180_hz=1.99671E+06 gain_at_f180_db=-22.5522 f0_rising_hz= resurgence_db=-0.567546
Doing analysis at TEMP = 125.000000 and TNOM = 27.000000

Using SPARSE 1.3 as Direct Linear Solver

No. of Data Rows : 1
Doing analysis at TEMP = 125.000000 and TNOM = 27.000000

Using SPARSE 1.3 as Direct Linear Solver
 Reference value :  1.00000e-02
No. of Data Rows : 4401
Doing analysis at TEMP = 125.000000 and TNOM = 27.000000

Using SPARSE 1.3 as Direct Linear Solver
 Reference value :  1.14815e+02
No. of Data Rows : 4401
dcg                 =  1.35342e+02
f0                  =  8.66428e+04
phx                 =  -7.74695e+01
f180                =  2.05263e+06
gmx                 =  -1.51128e+01
 meas ac f0r when tdb=0 rise=1 failed!

tres                =  -2.87362e-01 at=  9.12011e+04
ROW ssr_cmd=1.15 ssr_v=1.15 fb_v=1.19943 vout_v=1.49097 isup_a=0.0500253 ceff_f=4.7e-06 esr_ohm=0.5 dcgain_db=135.342 f0_hz=86642.8 phase_at_f0_deg=-77.4695 f180_hz=2.05263E+06 gain_at_f180_db=-15.1128 f0_rising_hz= resurgence_db=-0.287362
Doing analysis at TEMP = 125.000000 and TNOM = 27.000000

Using SPARSE 1.3 as Direct Linear Solver

No. of Data Rows : 1
Doing analysis at TEMP = 125.000000 and TNOM = 27.000000

Using SPARSE 1.3 as Direct Linear Solver
 Reference value :  1.00000e-02
No. of Data Rows : 4401
Doing analysis at TEMP = 125.000000 and TNOM = 27.000000

Using SPARSE 1.3 as Direct Linear Solver
 Reference value :  1.00000e-02
No. of Data Rows : 4401
dcg                 =  1.34901e+02
f0                  =  2.14325e+05
phx                 =  -1.25719e+02
f180                =  8.43233e+05
gmx                 =  -1.40513e+01
 meas ac f0r when tdb=0 rise=1 failed!

tres                =  -4.67735e-01 at=  2.25165e+05
ROW ssr_cmd=1.25 ssr_v=1.25 fb_v=1.19943 vout_v=1.58552 isup_a=0.0500243 ceff_f=1e-06 esr_ohm=0.001 dcgain_db=134.901 f0_hz=214325 phase_at_f0_deg=-125.719 f180_hz=843233 gain_at_f180_db=-14.0513 f0_rising_hz= resurgence_db=-0.467736
Doing analysis at TEMP = 125.000000 and TNOM = 27.000000

Using SPARSE 1.3 as Direct Linear Solver
 Reference value :  0.00000e+00
No. of Data Rows : 1
Doing analysis at TEMP = 125.000000 and TNOM = 27.000000

Using SPARSE 1.3 as Direct Linear Solver
 Reference value :  1.42069e+08
No. of Data Rows : 4401
Doing analysis at TEMP = 125.000000 and TNOM = 27.000000

Using SPARSE 1.3 as Direct Linear Solver
 Reference value :  2.10136e+07
No. of Data Rows : 4401
dcg                 =  1.34901e+02
f0                  =  2.14725e+05
phx                 =  -1.21954e+02
f180                =  1.03228e+06
gmx                 =  -1.65374e+01
 meas ac f0r when tdb=0 rise=1 failed!

tres                =  -5.02261e-01 at=  2.26464e+05
ROW ssr_cmd=1.25 ssr_v=1.25 fb_v=1.19943 vout_v=1.58552 isup_a=0.0500243 ceff_f=1e-06 esr_ohm=0.05 dcgain_db=134.901 f0_hz=214726 phase_at_f0_deg=-121.954 f180_hz=1.03228E+06 gain_at_f180_db=-16.5374 f0_rising_hz= resurgence_db=-0.502261
Doing analysis at TEMP = 125.000000 and TNOM = 27.000000

Using SPARSE 1.3 as Direct Linear Solver

No. of Data Rows : 1
Doing analysis at TEMP = 125.000000 and TNOM = 27.000000

Using SPARSE 1.3 as Direct Linear Solver
 Reference value :  1.00000e-02
No. of Data Rows : 4401
Doing analysis at TEMP = 125.000000 and TNOM = 27.000000

Using SPARSE 1.3 as Direct Linear Solver
 Reference value :  1.00000e-02
No. of Data Rows : 4401
dcg                 =  1.34901e+02
f0                  =  2.16031e+05
phx                 =  -1.18139e+02
f180                =  1.27447e+06
gmx                 =  -1.84619e+01
 meas ac f0r when tdb=0 rise=1 failed!

tres                =  -4.92601e-01 at=  2.27772e+05
ROW ssr_cmd=1.25 ssr_v=1.25 fb_v=1.19943 vout_v=1.58552 isup_a=0.0500243 ceff_f=1e-06 esr_ohm=0.1 dcgain_db=134.901 f0_hz=216031 phase_at_f0_deg=-118.139 f180_hz=1.27447E+06 gain_at_f180_db=-18.4619 f0_rising_hz= resurgence_db=-0.492601
Doing analysis at TEMP = 125.000000 and TNOM = 27.000000

Using SPARSE 1.3 as Direct Linear Solver
 Reference value :  0.00000e+00
No. of Data Rows : 1
Doing analysis at TEMP = 125.000000 and TNOM = 27.000000

Using SPARSE 1.3 as Direct Linear Solver

No. of Data Rows : 4401
Doing analysis at TEMP = 125.000000 and TNOM = 27.000000

Using SPARSE 1.3 as Direct Linear Solver
 Reference value :  1.00000e-02
No. of Data Rows : 4401
dcg                 =  1.34901e+02
f0                  =  2.21593e+05
phx                 =  -1.10552e+02
f180                =  1.62367e+06
gmx                 =  -1.85285e+01
 meas ac f0r when tdb=0 rise=1 failed!

tres                =  -4.44858e-01 at=  2.33077e+05
ROW ssr_cmd=1.25 ssr_v=1.25 fb_v=1.19943 vout_v=1.58552 isup_a=0.0500243 ceff_f=1e-06 esr_ohm=0.2 dcgain_db=134.901 f0_hz=221593 phase_at_f0_deg=-110.552 f180_hz=1.62367E+06 gain_at_f180_db=-18.5285 f0_rising_hz= resurgence_db=-0.444858
Doing analysis at TEMP = 125.000000 and TNOM = 27.000000

Using SPARSE 1.3 as Direct Linear Solver
 Reference value :  0.00000e+00
No. of Data Rows : 1
Doing analysis at TEMP = 125.000000 and TNOM = 27.000000

Using SPARSE 1.3 as Direct Linear Solver
 Reference value :  9.22571e+06
No. of Data Rows : 4401
Doing analysis at TEMP = 125.000000 and TNOM = 27.000000

Using SPARSE 1.3 as Direct Linear Solver
 Reference value :  1.07771e+05
No. of Data Rows : 4401
dcg                 =  1.34901e+02
f0                  =  2.77397e+05
phx                 =  -8.81735e+01
f180                =  1.90326e+06
gmx                 =  -1.38069e+01
 meas ac f0r when tdb=0 rise=1 failed!

tres                =  -2.79925e-01 at=  2.91743e+05
ROW ssr_cmd=1.25 ssr_v=1.25 fb_v=1.19943 vout_v=1.58552 isup_a=0.0500243 ceff_f=1e-06 esr_ohm=0.5 dcgain_db=134.901 f0_hz=277397 phase_at_f0_deg=-88.1735 f180_hz=1.90326E+06 gain_at_f180_db=-13.8069 f0_rising_hz= resurgence_db=-0.279925
Doing analysis at TEMP = 125.000000 and TNOM = 27.000000

Using SPARSE 1.3 as Direct Linear Solver

No. of Data Rows : 1
Doing analysis at TEMP = 125.000000 and TNOM = 27.000000

Using SPARSE 1.3 as Direct Linear Solver
 Reference value :  1.00000e-02
No. of Data Rows : 4401
Doing analysis at TEMP = 125.000000 and TNOM = 27.000000

Using SPARSE 1.3 as Direct Linear Solver
 Reference value :  1.00000e-02
No. of Data Rows : 4401
dcg                 =  1.34901e+02
f0                  =  6.03867e+04
phx                 =  -1.35371e+02
f180                =  8.54940e+05
gmx                 =  -2.76702e+01
 meas ac f0r when tdb=0 rise=1 failed!

tres                =  -6.06797e-01 at=  6.34600e+04
ROW ssr_cmd=1.25 ssr_v=1.25 fb_v=1.19943 vout_v=1.58552 isup_a=0.0500243 ceff_f=4.7e-06 esr_ohm=0.001 dcgain_db=134.901 f0_hz=60386.7 phase_at_f0_deg=-135.371 f180_hz=854940 gain_at_f180_db=-27.6702 f0_rising_hz= resurgence_db=-0.606797
Doing analysis at TEMP = 125.000000 and TNOM = 27.000000

Using SPARSE 1.3 as Direct Linear Solver
 Reference value :  0.00000e+00
No. of Data Rows : 1
Doing analysis at TEMP = 125.000000 and TNOM = 27.000000

Using SPARSE 1.3 as Direct Linear Solver
 Reference value :  5.46387e+06
No. of Data Rows : 4401
Doing analysis at TEMP = 125.000000 and TNOM = 27.000000

Using SPARSE 1.3 as Direct Linear Solver
 Reference value :  1.35675e+05
No. of Data Rows : 4401
dcg                 =  1.34901e+02
f0                  =  6.05462e+04
phx                 =  -1.30316e+02
f180                =  1.69352e+06
gmx                 =  -3.14465e+01
 meas ac f0r when tdb=0 rise=1 failed!

tres                =  -6.40353e-01 at=  6.38263e+04
ROW ssr_cmd=1.25 ssr_v=1.25 fb_v=1.19943 vout_v=1.58552 isup_a=0.0500243 ceff_f=4.7e-06 esr_ohm=0.05 dcgain_db=134.901 f0_hz=60546.2 phase_at_f0_deg=-130.316 f180_hz=1.69352E+06 gain_at_f180_db=-31.4465 f0_rising_hz= resurgence_db=-0.640353
Doing analysis at TEMP = 125.000000 and TNOM = 27.000000

Using SPARSE 1.3 as Direct Linear Solver

No. of Data Rows : 1
Doing analysis at TEMP = 125.000000 and TNOM = 27.000000

Using SPARSE 1.3 as Direct Linear Solver
 Reference value :  1.00000e-02
No. of Data Rows : 4401
Doing analysis at TEMP = 125.000000 and TNOM = 27.000000

Using SPARSE 1.3 as Direct Linear Solver
 Reference value :  1.00000e-02
No. of Data Rows : 4401
dcg                 =  1.34901e+02
f0                  =  6.10522e+04
phx                 =  -1.25049e+02
f180                =  1.89504e+06
gmx                 =  -2.76608e+01
 meas ac f0r when tdb=0 rise=1 failed!

tres                =  -5.97295e-01 at=  6.41948e+04
ROW ssr_cmd=1.25 ssr_v=1.25 fb_v=1.19943 vout_v=1.58552 isup_a=0.0500243 ceff_f=4.7e-06 esr_ohm=0.1 dcgain_db=134.901 f0_hz=61052.2 phase_at_f0_deg=-125.049 f180_hz=1.89504E+06 gain_at_f180_db=-27.6608 f0_rising_hz= resurgence_db=-0.597295
Doing analysis at TEMP = 125.000000 and TNOM = 27.000000

Using SPARSE 1.3 as Direct Linear Solver
 Reference value :  0.00000e+00
No. of Data Rows : 1
Doing analysis at TEMP = 125.000000 and TNOM = 27.000000

Using SPARSE 1.3 as Direct Linear Solver

No. of Data Rows : 4401
Doing analysis at TEMP = 125.000000 and TNOM = 27.000000

Using SPARSE 1.3 as Direct Linear Solver
 Reference value :  1.00000e-02
No. of Data Rows : 4401
dcg                 =  1.34901e+02
f0                  =  6.32062e+04
phx                 =  -1.14161e+02
f180                =  1.99430e+06
gmx                 =  -2.25909e+01
 meas ac f0r when tdb=0 rise=1 failed!

tres                =  -5.48892e-01 at=  6.64508e+04
ROW ssr_cmd=1.25 ssr_v=1.25 fb_v=1.19943 vout_v=1.58552 isup_a=0.0500243 ceff_f=4.7e-06 esr_ohm=0.2 dcgain_db=134.901 f0_hz=63206.2 phase_at_f0_deg=-114.161 f180_hz=1.9943E+06 gain_at_f180_db=-22.5909 f0_rising_hz= resurgence_db=-0.548892
Doing analysis at TEMP = 125.000000 and TNOM = 27.000000

Using SPARSE 1.3 as Direct Linear Solver

No. of Data Rows : 1
Doing analysis at TEMP = 125.000000 and TNOM = 27.000000

Using SPARSE 1.3 as Direct Linear Solver
 Reference value :  1.00000e-02
No. of Data Rows : 4401
Doing analysis at TEMP = 125.000000 and TNOM = 27.000000

Using SPARSE 1.3 as Direct Linear Solver
 Reference value :  3.12608e-01
No. of Data Rows : 4401
dcg                 =  1.34901e+02
f0                  =  8.59663e+04
phx                 =  -7.78315e+01
f180                =  2.05017e+06
gmx                 =  -1.51527e+01
 meas ac f0r when tdb=0 rise=1 failed!

tres                =  -3.01812e-01 at=  9.06776e+04
ROW ssr_cmd=1.25 ssr_v=1.25 fb_v=1.19943 vout_v=1.58552 isup_a=0.0500243 ceff_f=4.7e-06 esr_ohm=0.5 dcgain_db=134.901 f0_hz=85966.3 phase_at_f0_deg=-77.8315 f180_hz=2.05017E+06 gain_at_f180_db=-15.1527 f0_rising_hz= resurgence_db=-0.301812
Doing analysis at TEMP = 125.000000 and TNOM = 27.000000

Using SPARSE 1.3 as Direct Linear Solver

No. of Data Rows : 1
Doing analysis at TEMP = 125.000000 and TNOM = 27.000000

Using SPARSE 1.3 as Direct Linear Solver
 Reference value :  1.00000e-02
No. of Data Rows : 4401
Doing analysis at TEMP = 125.000000 and TNOM = 27.000000

Using SPARSE 1.3 as Direct Linear Solver
 Reference value :  2.98538e+01
No. of Data Rows : 4401
dcg                 =  1.33678e+02
f0                  =  2.11484e+05
phx                 =  -1.25637e+02
f180                =  8.42072e+05
gmx                 =  -1.41587e+01
 meas ac f0r when tdb=0 rise=1 failed!

tres                =  -4.85605e-01 at=  2.22587e+05
ROW ssr_cmd=1.8 ssr_v=1.8 fb_v=1.19943 vout_v=1.79863 isup_a=0.0500194 ceff_f=1e-06 esr_ohm=0.001 dcgain_db=133.678 f0_hz=211484 phase_at_f0_deg=-125.637 f180_hz=842072 gain_at_f180_db=-14.1587 f0_rising_hz= resurgence_db=-0.485605
Doing analysis at TEMP = 125.000000 and TNOM = 27.000000

Using SPARSE 1.3 as Direct Linear Solver

No. of Data Rows : 1
Doing analysis at TEMP = 125.000000 and TNOM = 27.000000

Using SPARSE 1.3 as Direct Linear Solver
 Reference value :  1.00000e-02
No. of Data Rows : 4401
Doing analysis at TEMP = 125.000000 and TNOM = 27.000000

Using SPARSE 1.3 as Direct Linear Solver
 Reference value :  1.18168e-01
No. of Data Rows : 4401
dcg                 =  1.33678e+02
f0                  =  2.11861e+05
phx                 =  -1.21921e+02
f180                =  1.03030e+06
gmx                 =  -1.66370e+01
 meas ac f0r when tdb=0 rise=1 failed!

tres                =  -4.66691e-01 at=  2.22587e+05
ROW ssr_cmd=1.8 ssr_v=1.8 fb_v=1.19943 vout_v=1.79863 isup_a=0.0500194 ceff_f=1e-06 esr_ohm=0.05 dcgain_db=133.678 f0_hz=211861 phase_at_f0_deg=-121.921 f180_hz=1.0303E+06 gain_at_f180_db=-16.637 f0_rising_hz= resurgence_db=-0.466691
Doing analysis at TEMP = 125.000000 and TNOM = 27.000000

Using SPARSE 1.3 as Direct Linear Solver

No. of Data Rows : 1
Doing analysis at TEMP = 125.000000 and TNOM = 27.000000

Using SPARSE 1.3 as Direct Linear Solver
 Reference value :  1.00000e-02
No. of Data Rows : 4401
Doing analysis at TEMP = 125.000000 and TNOM = 27.000000

Using SPARSE 1.3 as Direct Linear Solver
 Reference value :  1.23737e-01
No. of Data Rows : 4401
dcg                 =  1.33678e+02
f0                  =  2.13105e+05
phx                 =  -1.18154e+02
f180                =  1.27134e+06
gmx                 =  -1.85571e+01
 meas ac f0r when tdb=0 rise=1 failed!

tres                =  -4.59614e-01 at=  2.23872e+05
ROW ssr_cmd=1.8 ssr_v=1.8 fb_v=1.19943 vout_v=1.79863 isup_a=0.0500194 ceff_f=1e-06 esr_ohm=0.1 dcgain_db=133.678 f0_hz=213105 phase_at_f0_deg=-118.153 f180_hz=1.27134E+06 gain_at_f180_db=-18.5571 f0_rising_hz= resurgence_db=-0.459614
Doing analysis at TEMP = 125.000000 and TNOM = 27.000000

Using SPARSE 1.3 as Direct Linear Solver

No. of Data Rows : 1
Doing analysis at TEMP = 125.000000 and TNOM = 27.000000

Using SPARSE 1.3 as Direct Linear Solver
 Reference value :  1.00000e-02
No. of Data Rows : 4401
Doing analysis at TEMP = 125.000000 and TNOM = 27.000000

Using SPARSE 1.3 as Direct Linear Solver
 Reference value :  1.76807e-01
No. of Data Rows : 4401
dcg                 =  1.33678e+02
f0                  =  2.18415e+05
phx                 =  -1.10657e+02
f180                =  1.61954e+06
gmx                 =  -1.86306e+01
 meas ac f0r when tdb=0 rise=1 failed!

tres                =  -4.72000e-01 at=  2.30409e+05
ROW ssr_cmd=1.8 ssr_v=1.8 fb_v=1.19943 vout_v=1.79863 isup_a=0.0500194 ceff_f=1e-06 esr_ohm=0.2 dcgain_db=133.678 f0_hz=218415 phase_at_f0_deg=-110.657 f180_hz=1.61954E+06 gain_at_f180_db=-18.6306 f0_rising_hz= resurgence_db=-0.472
Doing analysis at TEMP = 125.000000 and TNOM = 27.000000

Using SPARSE 1.3 as Direct Linear Solver

No. of Data Rows : 1
Doing analysis at TEMP = 125.000000 and TNOM = 27.000000

Using SPARSE 1.3 as Direct Linear Solver
 Reference value :  1.00000e-02
No. of Data Rows : 4401
Doing analysis at TEMP = 125.000000 and TNOM = 27.000000

Using SPARSE 1.3 as Direct Linear Solver
 Reference value :  1.99526e-01
No. of Data Rows : 4401
dcg                 =  1.33678e+02
f0                  =  2.71147e+05
phx                 =  -8.84518e+01
f180                =  1.89886e+06
gmx                 =  -1.39184e+01
 meas ac f0r when tdb=0 rise=1 failed!

tres                =  -2.83456e-01 at=  2.85102e+05
ROW ssr_cmd=1.8 ssr_v=1.8 fb_v=1.19943 vout_v=1.79863 isup_a=0.0500194 ceff_f=1e-06 esr_ohm=0.5 dcgain_db=133.678 f0_hz=271146 phase_at_f0_deg=-88.4518 f180_hz=1.89886E+06 gain_at_f180_db=-13.9184 f0_rising_hz= resurgence_db=-0.283456
Doing analysis at TEMP = 125.000000 and TNOM = 27.000000

Using SPARSE 1.3 as Direct Linear Solver

No. of Data Rows : 1
Doing analysis at TEMP = 125.000000 and TNOM = 27.000000

Using SPARSE 1.3 as Direct Linear Solver
 Reference value :  1.00000e-02
No. of Data Rows : 4401
Doing analysis at TEMP = 125.000000 and TNOM = 27.000000

Using SPARSE 1.3 as Direct Linear Solver
 Reference value :  2.41268e-01
No. of Data Rows : 4401
dcg                 =  1.33678e+02
f0                  =  5.98257e+04
phx                 =  -1.35627e+02
f180                =  8.53679e+05
gmx                 =  -2.77760e+01
 meas ac f0r when tdb=0 rise=1 failed!

tres                =  -6.52608e-01 at=  6.30957e+04
ROW ssr_cmd=1.8 ssr_v=1.8 fb_v=1.19943 vout_v=1.79863 isup_a=0.0500194 ceff_f=4.7e-06 esr_ohm=0.001 dcgain_db=133.678 f0_hz=59825.7 phase_at_f0_deg=-135.627 f180_hz=853679 gain_at_f180_db=-27.776 f0_rising_hz= resurgence_db=-0.652608
Doing analysis at TEMP = 125.000000 and TNOM = 27.000000

Using SPARSE 1.3 as Direct Linear Solver

No. of Data Rows : 1
Doing analysis at TEMP = 125.000000 and TNOM = 27.000000

Using SPARSE 1.3 as Direct Linear Solver
 Reference value :  1.00000e-02
No. of Data Rows : 4401
Doing analysis at TEMP = 125.000000 and TNOM = 27.000000

Using SPARSE 1.3 as Direct Linear Solver
 Reference value :  2.12569e-02
No. of Data Rows : 4401
dcg                 =  1.33678e+02
f0                  =  5.99786e+04
phx                 =  -1.30619e+02
f180                =  1.68927e+06
gmx                 =  -3.15492e+01
 meas ac f0r when tdb=0 rise=1 failed!

tres                =  -6.17485e-01 at=  6.30957e+04
ROW ssr_cmd=1.8 ssr_v=1.8 fb_v=1.19943 vout_v=1.79863 isup_a=0.0500194 ceff_f=4.7e-06 esr_ohm=0.05 dcgain_db=133.678 f0_hz=59978.6 phase_at_f0_deg=-130.619 f180_hz=1.68927E+06 gain_at_f180_db=-31.5492 f0_rising_hz= resurgence_db=-0.617485
Doing analysis at TEMP = 125.000000 and TNOM = 27.000000

Using SPARSE 1.3 as Direct Linear Solver

No. of Data Rows : 1
Doing analysis at TEMP = 125.000000 and TNOM = 27.000000

Using SPARSE 1.3 as Direct Linear Solver
 Reference value :  1.00000e-02
No. of Data Rows : 4401
Doing analysis at TEMP = 125.000000 and TNOM = 27.000000

Using SPARSE 1.3 as Direct Linear Solver
 Reference value :  4.57088e-02
No. of Data Rows : 4401
dcg                 =  1.33678e+02
f0                  =  6.04670e+04
phx                 =  -1.25405e+02
f180                =  1.89068e+06
gmx                 =  -2.77695e+01
 meas ac f0r when tdb=0 rise=1 failed!

tres                =  -6.45805e-01 at=  6.38263e+04
ROW ssr_cmd=1.8 ssr_v=1.8 fb_v=1.19943 vout_v=1.79863 isup_a=0.0500194 ceff_f=4.7e-06 esr_ohm=0.1 dcgain_db=133.678 f0_hz=60467 phase_at_f0_deg=-125.405 f180_hz=1.89068E+06 gain_at_f180_db=-27.7695 f0_rising_hz= resurgence_db=-0.645805
Doing analysis at TEMP = 125.000000 and TNOM = 27.000000

Using SPARSE 1.3 as Direct Linear Solver

No. of Data Rows : 1
Doing analysis at TEMP = 125.000000 and TNOM = 27.000000

Using SPARSE 1.3 as Direct Linear Solver
 Reference value :  1.00000e-02
No. of Data Rows : 4401
Doing analysis at TEMP = 125.000000 and TNOM = 27.000000

Using SPARSE 1.3 as Direct Linear Solver
 Reference value :  8.22243e-02
No. of Data Rows : 4401
dcg                 =  1.33678e+02
f0                  =  6.25457e+04
phx                 =  -1.14630e+02
f180                =  1.98988e+06
gmx                 =  -2.27024e+01
 meas ac f0r when tdb=0 rise=1 failed!

tres                =  -5.41348e-01 at=  6.56901e+04
ROW ssr_cmd=1.8 ssr_v=1.8 fb_v=1.19943 vout_v=1.79863 isup_a=0.0500194 ceff_f=4.7e-06 esr_ohm=0.2 dcgain_db=133.678 f0_hz=62545.7 phase_at_f0_deg=-114.63 f180_hz=1.98988E+06 gain_at_f180_db=-22.7024 f0_rising_hz= resurgence_db=-0.541347
Doing analysis at TEMP = 125.000000 and TNOM = 27.000000

Using SPARSE 1.3 as Direct Linear Solver

No. of Data Rows : 1
Doing analysis at TEMP = 125.000000 and TNOM = 27.000000

Using SPARSE 1.3 as Direct Linear Solver
 Reference value :  1.00000e-02
No. of Data Rows : 4401
Doing analysis at TEMP = 125.000000 and TNOM = 27.000000

Using SPARSE 1.3 as Direct Linear Solver
 Reference value :  1.33352e-01
No. of Data Rows : 4401
dcg                 =  1.33678e+02
f0                  =  8.42007e+04
phx                 =  -7.87896e+01
f180                =  2.04568e+06
gmx                 =  -1.52670e+01
 meas ac f0r when tdb=0 rise=1 failed!

tres                =  -2.97355e-01 at=  8.86135e+04
ROW ssr_cmd=1.8 ssr_v=1.8 fb_v=1.19943 vout_v=1.79863 isup_a=0.0500194 ceff_f=4.7e-06 esr_ohm=0.5 dcgain_db=133.678 f0_hz=84200.6 phase_at_f0_deg=-78.7896 f180_hz=2.04568E+06 gain_at_f180_db=-15.267 f0_rising_hz= resurgence_db=-0.297355
* SWEEP COMPLETE res_ff_125c_2.97v
Note: Simulation executed from .control section 

Error: measure  f0r  when(WHEN) : out of interval
Error: &f0r: no such variable.
Note: Starting dynamic gmin stepping
Note: Dynamic gmin stepping completed
Note: Starting dynamic gmin stepping
Note: Dynamic gmin stepping completed
Note: Starting dynamic gmin stepping
Note: Dynamic gmin stepping completed

Error: measure  f0r  when(WHEN) : out of interval
Error: &f0r: no such variable.
Note: Starting dynamic gmin stepping
Note: Dynamic gmin stepping completed
Note: Starting dynamic gmin stepping
Note: Dynamic gmin stepping completed
Note: Starting dynamic gmin stepping
Note: Dynamic gmin stepping completed

Error: measure  f0r  when(WHEN) : out of interval
Error: &f0r: no such variable.
Note: Starting dynamic gmin stepping
Note: Dynamic gmin stepping completed
Note: Starting dynamic gmin stepping
Note: Dynamic gmin stepping completed
Note: Starting dynamic gmin stepping
Note: Dynamic gmin stepping completed

Error: measure  f0r  when(WHEN) : out of interval
Error: &f0r: no such variable.
Note: Starting dynamic gmin stepping
Note: Dynamic gmin stepping completed
Note: Starting dynamic gmin stepping
Note: Dynamic gmin stepping completed
Note: Starting dynamic gmin stepping
Note: Dynamic gmin stepping completed

Error: measure  f0r  when(WHEN) : out of interval
Error: &f0r: no such variable.

Error: measure  f0r  when(WHEN) : out of interval
Error: &f0r: no such variable.
Note: Starting dynamic gmin stepping
Note: Dynamic gmin stepping completed
Note: Starting dynamic gmin stepping
Note: Dynamic gmin stepping completed
Note: Starting dynamic gmin stepping
Note: Dynamic gmin stepping completed

Error: measure  f0r  when(WHEN) : out of interval
Error: &f0r: no such variable.
Note: Starting dynamic gmin stepping
Note: Dynamic gmin stepping completed
Note: Starting dynamic gmin stepping
Note: Dynamic gmin stepping completed
Note: Starting dynamic gmin stepping
Note: Dynamic gmin stepping completed

Error: measure  f0r  when(WHEN) : out of interval
Error: &f0r: no such variable.
Note: Starting dynamic gmin stepping
Note: Dynamic gmin stepping completed
Note: Starting dynamic gmin stepping
Note: Dynamic gmin stepping completed
Note: Starting dynamic gmin stepping
Note: Dynamic gmin stepping completed

Error: measure  f0r  when(WHEN) : out of interval
Error: &f0r: no such variable.
Note: Starting dynamic gmin stepping
Note: Dynamic gmin stepping completed
Note: Starting dynamic gmin stepping
Note: Dynamic gmin stepping completed
Note: Starting dynamic gmin stepping
Note: Dynamic gmin stepping completed

Error: measure  f0r  when(WHEN) : out of interval
Error: &f0r: no such variable.
Note: Starting dynamic gmin stepping
Note: Dynamic gmin stepping completed
Note: Starting dynamic gmin stepping
Note: Dynamic gmin stepping completed
Note: Starting dynamic gmin stepping
Note: Dynamic gmin stepping completed

Error: measure  f0r  when(WHEN) : out of interval
Error: &f0r: no such variable.
Note: Starting dynamic gmin stepping
Note: Dynamic gmin stepping completed
Note: Starting dynamic gmin stepping
Note: Dynamic gmin stepping completed
Note: Starting dynamic gmin stepping
Note: Dynamic gmin stepping completed

Error: measure  f0r  when(WHEN) : out of interval
Error: &f0r: no such variable.
Note: Starting dynamic gmin stepping
Note: Dynamic gmin stepping completed
Note: Starting dynamic gmin stepping
Note: Dynamic gmin stepping completed
Note: Starting dynamic gmin stepping
Note: Dynamic gmin stepping completed

Error: measure  f0r  when(WHEN) : out of interval
Error: &f0r: no such variable.
Note: Starting dynamic gmin stepping
Note: Dynamic gmin stepping completed
Note: Starting dynamic gmin stepping
Note: Dynamic gmin stepping completed
Note: Starting dynamic gmin stepping
Note: Dynamic gmin stepping completed

Error: measure  f0r  when(WHEN) : out of interval
Error: &f0r: no such variable.
Note: Starting dynamic gmin stepping
Note: Dynamic gmin stepping completed
Note: Starting dynamic gmin stepping
Note: Dynamic gmin stepping completed
Note: Starting dynamic gmin stepping
Note: Dynamic gmin stepping completed

Error: measure  f0r  when(WHEN) : out of interval
Error: &f0r: no such variable.
Note: Starting dynamic gmin stepping
Note: Dynamic gmin stepping completed
Note: Starting dynamic gmin stepping
Note: Dynamic gmin stepping completed
Note: Starting dynamic gmin stepping
Note: Dynamic gmin stepping completed

Error: measure  f0r  when(WHEN) : out of interval
Error: &f0r: no such variable.
Note: Starting dynamic gmin stepping
Note: Dynamic gmin stepping completed
Note: Starting dynamic gmin stepping
Note: Dynamic gmin stepping completed
Note: Starting dynamic gmin stepping
Note: Dynamic gmin stepping completed

Error: measure  f0r  when(WHEN) : out of interval
Error: &f0r: no such variable.
Note: Starting dynamic gmin stepping
Note: Dynamic gmin stepping completed
Note: Starting dynamic gmin stepping
Note: Dynamic gmin stepping completed
Note: Starting dynamic gmin stepping
Note: Dynamic gmin stepping completed

Error: measure  f0r  when(WHEN) : out of interval
Error: &f0r: no such variable.
Note: Starting dynamic gmin stepping
Note: Dynamic gmin stepping completed
Note: Starting dynamic gmin stepping
Note: Dynamic gmin stepping completed
Note: Starting dynamic gmin stepping
Note: Dynamic gmin stepping completed

Error: measure  f0r  when(WHEN) : out of interval
Error: &f0r: no such variable.
Note: Starting dynamic gmin stepping
Note: Dynamic gmin stepping completed
Note: Starting dynamic gmin stepping
Note: Dynamic gmin stepping completed
Note: Starting dynamic gmin stepping
Note: Dynamic gmin stepping completed

Error: measure  f0r  when(WHEN) : out of interval
Error: &f0r: no such variable.
Note: Starting dynamic gmin stepping
Note: Dynamic gmin stepping completed
Note: Starting dynamic gmin stepping
Note: Dynamic gmin stepping completed
Note: Starting dynamic gmin stepping
Note: Dynamic gmin stepping completed

Error: measure  f0r  when(WHEN) : out of interval
Error: &f0r: no such variable.
Note: Starting dynamic gmin stepping
Note: Dynamic gmin stepping completed
Note: Starting dynamic gmin stepping
Note: Dynamic gmin stepping completed
Note: Starting dynamic gmin stepping
Note: Dynamic gmin stepping completed

Error: measure  f0r  when(WHEN) : out of interval
Error: &f0r: no such variable.
Note: Starting dynamic gmin stepping
Note: Dynamic gmin stepping completed
Note: Starting dynamic gmin stepping
Note: Dynamic gmin stepping completed
Note: Starting dynamic gmin stepping
Note: Dynamic gmin stepping completed

Error: measure  f0r  when(WHEN) : out of interval
Error: &f0r: no such variable.
Note: Starting dynamic gmin stepping
Note: Dynamic gmin stepping completed
Note: Starting dynamic gmin stepping
Note: Dynamic gmin stepping completed
Note: Starting dynamic gmin stepping
Note: Dynamic gmin stepping completed

Error: measure  f0r  when(WHEN) : out of interval
Error: &f0r: no such variable.
Note: Starting dynamic gmin stepping
Note: Dynamic gmin stepping completed
Note: Starting dynamic gmin stepping
Note: Dynamic gmin stepping completed
Note: Starting dynamic gmin stepping
Note: Dynamic gmin stepping completed

Error: measure  f0r  when(WHEN) : out of interval
Error: &f0r: no such variable.
Note: Starting dynamic gmin stepping
Note: Dynamic gmin stepping completed
Note: Starting dynamic gmin stepping
Note: Dynamic gmin stepping completed
Note: Starting dynamic gmin stepping
Note: Dynamic gmin stepping completed

Error: measure  f0r  when(WHEN) : out of interval
Error: &f0r: no such variable.
Note: Starting dynamic gmin stepping
Note: Dynamic gmin stepping completed
Note: Starting dynamic gmin stepping
Note: Dynamic gmin stepping completed
Note: Starting dynamic gmin stepping
Note: Dynamic gmin stepping completed

Error: measure  f0r  when(WHEN) : out of interval
Error: &f0r: no such variable.
Note: Starting dynamic gmin stepping
Note: Dynamic gmin stepping completed
Note: Starting dynamic gmin stepping
Note: Dynamic gmin stepping completed
Note: Starting dynamic gmin stepping
Note: Dynamic gmin stepping completed

Error: measure  f0r  when(WHEN) : out of interval
Error: &f0r: no such variable.
Note: Starting dynamic gmin stepping
Note: Dynamic gmin stepping completed
Note: Starting dynamic gmin stepping
Note: Dynamic gmin stepping completed
Note: Starting dynamic gmin stepping
Note: Dynamic gmin stepping completed

Error: measure  f0r  when(WHEN) : out of interval
Error: &f0r: no such variable.
Note: Starting dynamic gmin stepping
Note: Dynamic gmin stepping completed
Note: Starting dynamic gmin stepping
Note: Dynamic gmin stepping completed
Note: Starting dynamic gmin stepping
Note: Dynamic gmin stepping completed

Error: measure  f0r  when(WHEN) : out of interval
Error: &f0r: no such variable.
