
Note: No compatibility mode selected!


Circuit: * soft-start-loop-gain -- tian dual-injection loop-gain testbench for the ldo

* corner_id=res_ss_125c_3.63v corner=res_ss temp_c=125 vin_v=3.63
* phase=anchor variant=binj iload_a=0.05 rload_ohm=1e+12
* ac sweep: dec 400 0.01 1e9 ; Tian dual injection at ERRAMP_OUT->PASS_GATE
* columns: ROW ssr_cmd= ssr_v= fb_v= vout_v= isup_a= ceff_f= esr_ohm=
*          dcgain_db= f0_hz= phase_at_f0_deg= f180_hz= gain_at_f180_db=
*          f0_rising_hz= resurgence_db=
* (phase margin = 180 + phase_at_f0_deg ; gain margin = -gain_at_f180_db ;
*  resurgence_db = max |T| in dB above the first 0 dB crossing, DR-0008 ;
*  an empty f180/gain field means the phase never reaches -180 deg in band ;
*  ssr_cmd is what this deck COMMANDED the ramp node to, or 'free' when it
*  is not pinned; ssr_v/fb_v/vout_v are what the DC solve LANDED on)
* Fields are written key=value BECAUSE a failed meas leaves its value
* empty: with bare positional fields an empty one vanishes into the
* whitespace and every field after it is read as the wrong quantity.
Doing analysis at TEMP = 125.000000 and TNOM = 27.000000

Using SPARSE 1.3 as Direct Linear Solver

No. of Data Rows : 1
Doing analysis at TEMP = 125.000000 and TNOM = 27.000000

Using SPARSE 1.3 as Direct Linear Solver
 Reference value :  6.13056e-01
No. of Data Rows : 4401
Doing analysis at TEMP = 125.000000 and TNOM = 27.000000

Using SPARSE 1.3 as Direct Linear Solver
 Reference value :  9.88553e+02
No. of Data Rows : 4401
dcg                 =  1.34855e+02
f0                  =  2.61806e+05
phx                 =  -1.33366e+02
f180                =  6.67864e+05
gmx                 =  -1.07500e+01
 meas ac f0r when tdb=0 rise=1 failed!

tres                =  -5.00491e-01 at=  2.75423e+05
ROW ssr_cmd=free ssr_v=2.23489 fb_v=1.19938 vout_v=1.79906 isup_a=0.0500143 ceff_f=1e-06 esr_ohm=0.001 dcgain_db=134.855 f0_hz=261806 phase_at_f0_deg=-133.366 f180_hz=667864 gain_at_f180_db=-10.75 f0_rising_hz= resurgence_db=-0.500491
Doing analysis at TEMP = 125.000000 and TNOM = 27.000000

Using SPARSE 1.3 as Direct Linear Solver

No. of Data Rows : 1
Doing analysis at TEMP = 125.000000 and TNOM = 27.000000

Using SPARSE 1.3 as Direct Linear Solver
 Reference value :  1.00000e-02
No. of Data Rows : 4401
Doing analysis at TEMP = 125.000000 and TNOM = 27.000000

Using SPARSE 1.3 as Direct Linear Solver
 Reference value :  3.93550e+01
No. of Data Rows : 4401
dcg                 =  1.34855e+02
f0                  =  2.62551e+05
phx                 =  -1.28828e+02
f180                =  8.00251e+05
gmx                 =  -1.32100e+01
 meas ac f0r when tdb=0 rise=1 failed!

tres                =  -5.26339e-01 at=  2.77013e+05
ROW ssr_cmd=free ssr_v=2.23489 fb_v=1.19938 vout_v=1.79906 isup_a=0.0500143 ceff_f=1e-06 esr_ohm=0.05 dcgain_db=134.855 f0_hz=262551 phase_at_f0_deg=-128.828 f180_hz=800251 gain_at_f180_db=-13.21 f0_rising_hz= resurgence_db=-0.526339
Doing analysis at TEMP = 125.000000 and TNOM = 27.000000

Using SPARSE 1.3 as Direct Linear Solver

No. of Data Rows : 1
Doing analysis at TEMP = 125.000000 and TNOM = 27.000000

Using SPARSE 1.3 as Direct Linear Solver
 Reference value :  1.00000e-02
No. of Data Rows : 4401
Doing analysis at TEMP = 125.000000 and TNOM = 27.000000

Using SPARSE 1.3 as Direct Linear Solver
 Reference value :  4.36516e+00
No. of Data Rows : 4401
dcg                 =  1.34855e+02
f0                  =  2.64902e+05
phx                 =  -1.24353e+02
f180                =  9.87071e+05
gmx                 =  -1.56454e+01
 meas ac f0r when tdb=0 rise=1 failed!

tres                =  -4.86707e-01 at=  2.78612e+05
ROW ssr_cmd=free ssr_v=2.23489 fb_v=1.19938 vout_v=1.79906 isup_a=0.0500143 ceff_f=1e-06 esr_ohm=0.1 dcgain_db=134.855 f0_hz=264902 phase_at_f0_deg=-124.353 f180_hz=987071 gain_at_f180_db=-15.6454 f0_rising_hz= resurgence_db=-0.486707
Doing analysis at TEMP = 125.000000 and TNOM = 27.000000

Using SPARSE 1.3 as Direct Linear Solver

No. of Data Rows : 1
Doing analysis at TEMP = 125.000000 and TNOM = 27.000000

Using SPARSE 1.3 as Direct Linear Solver
 Reference value :  1.11558e+02
No. of Data Rows : 4401
Doing analysis at TEMP = 125.000000 and TNOM = 27.000000

Using SPARSE 1.3 as Direct Linear Solver

No. of Data Rows : 4401
dcg                 =  1.34855e+02
f0                  =  2.74960e+05
phx                 =  -1.15861e+02
f180                =  1.33309e+06
gmx                 =  -1.72582e+01
 meas ac f0r when tdb=0 rise=1 failed!

tres                =  -4.81154e-01 at=  2.90068e+05
ROW ssr_cmd=free ssr_v=2.23489 fb_v=1.19938 vout_v=1.79906 isup_a=0.0500143 ceff_f=1e-06 esr_ohm=0.2 dcgain_db=134.855 f0_hz=274960 phase_at_f0_deg=-115.861 f180_hz=1.33309E+06 gain_at_f180_db=-17.2582 f0_rising_hz= resurgence_db=-0.481154
Doing analysis at TEMP = 125.000000 and TNOM = 27.000000

Using SPARSE 1.3 as Direct Linear Solver
 Reference value :  0.00000e+00
No. of Data Rows : 1
Doing analysis at TEMP = 125.000000 and TNOM = 27.000000

Using SPARSE 1.3 as Direct Linear Solver

No. of Data Rows : 4401
Doing analysis at TEMP = 125.000000 and TNOM = 27.000000

Using SPARSE 1.3 as Direct Linear Solver
 Reference value :  2.52639e+02
No. of Data Rows : 4401
dcg                 =  1.34855e+02
f0                  =  3.80877e+05
phx                 =  -9.71198e+01
f180                =  1.64480e+06
gmx                 =  -1.34686e+01
 meas ac f0r when tdb=0 rise=1 failed!

tres                =  -2.84661e-01 at=  4.00405e+05
ROW ssr_cmd=free ssr_v=2.23489 fb_v=1.19938 vout_v=1.79906 isup_a=0.0500143 ceff_f=1e-06 esr_ohm=0.5 dcgain_db=134.855 f0_hz=380877 phase_at_f0_deg=-97.1198 f180_hz=1.6448E+06 gain_at_f180_db=-13.4685 f0_rising_hz= resurgence_db=-0.284661
Doing analysis at TEMP = 125.000000 and TNOM = 27.000000

Using SPARSE 1.3 as Direct Linear Solver

No. of Data Rows : 1
Doing analysis at TEMP = 125.000000 and TNOM = 27.000000

Using SPARSE 1.3 as Direct Linear Solver
 Reference value :  7.58578e-02
No. of Data Rows : 4401
Doing analysis at TEMP = 125.000000 and TNOM = 27.000000

Using SPARSE 1.3 as Direct Linear Solver
 Reference value :  1.05317e+02
No. of Data Rows : 4401
dcg                 =  1.34855e+02
f0                  =  6.52211e+04
phx                 =  -1.25873e+02
f180                =  6.75930e+05
gmx                 =  -2.43568e+01
 meas ac f0r when tdb=0 rise=1 failed!

tres                =  -5.55171e-01 at=  6.87860e+04
ROW ssr_cmd=free ssr_v=2.23489 fb_v=1.19938 vout_v=1.79906 isup_a=0.0500143 ceff_f=4.7e-06 esr_ohm=0.001 dcgain_db=134.855 f0_hz=65221.1 phase_at_f0_deg=-125.873 f180_hz=675930 gain_at_f180_db=-24.3568 f0_rising_hz= resurgence_db=-0.555171
Doing analysis at TEMP = 125.000000 and TNOM = 27.000000

Using SPARSE 1.3 as Direct Linear Solver

No. of Data Rows : 1
Doing analysis at TEMP = 125.000000 and TNOM = 27.000000

Using SPARSE 1.3 as Direct Linear Solver
 Reference value :  1.00000e-02
No. of Data Rows : 4401
Doing analysis at TEMP = 125.000000 and TNOM = 27.000000

Using SPARSE 1.3 as Direct Linear Solver
 Reference value :  1.39637e+01
No. of Data Rows : 4401
dcg                 =  1.34855e+02
f0                  =  6.54616e+04
phx                 =  -1.20410e+02
f180                =  1.41006e+06
gmx                 =  -3.04569e+01
 meas ac f0r when tdb=0 rise=1 failed!

tres                =  -5.12359e-01 at=  6.87860e+04
ROW ssr_cmd=free ssr_v=2.23489 fb_v=1.19938 vout_v=1.79906 isup_a=0.0500143 ceff_f=4.7e-06 esr_ohm=0.05 dcgain_db=134.855 f0_hz=65461.5 phase_at_f0_deg=-120.41 f180_hz=1.41006E+06 gain_at_f180_db=-30.4569 f0_rising_hz= resurgence_db=-0.512359
Doing analysis at TEMP = 125.000000 and TNOM = 27.000000

Using SPARSE 1.3 as Direct Linear Solver

No. of Data Rows : 1
Doing analysis at TEMP = 125.000000 and TNOM = 27.000000

Using SPARSE 1.3 as Direct Linear Solver
 Reference value :  1.00000e-02
No. of Data Rows : 4401
Doing analysis at TEMP = 125.000000 and TNOM = 27.000000

Using SPARSE 1.3 as Direct Linear Solver
 Reference value :  3.23594e+01
No. of Data Rows : 4401
dcg                 =  1.34855e+02
f0                  =  6.62208e+04
phx                 =  -1.14705e+02
f180                =  1.63481e+06
gmx                 =  -2.72973e+01
 meas ac f0r when tdb=0 rise=1 failed!

tres                =  -4.98209e-01 at=  6.95825e+04
ROW ssr_cmd=free ssr_v=2.23489 fb_v=1.19938 vout_v=1.79906 isup_a=0.0500143 ceff_f=4.7e-06 esr_ohm=0.1 dcgain_db=134.855 f0_hz=66220.8 phase_at_f0_deg=-114.705 f180_hz=1.63481E+06 gain_at_f180_db=-27.2973 f0_rising_hz= resurgence_db=-0.498209
Doing analysis at TEMP = 125.000000 and TNOM = 27.000000

Using SPARSE 1.3 as Direct Linear Solver

No. of Data Rows : 1
Doing analysis at TEMP = 125.000000 and TNOM = 27.000000

Using SPARSE 1.3 as Direct Linear Solver
 Reference value :  7.32825e+01
No. of Data Rows : 4401
Doing analysis at TEMP = 125.000000 and TNOM = 27.000000

Using SPARSE 1.3 as Direct Linear Solver
 Reference value :  1.39637e+08
No. of Data Rows : 4401
dcg                 =  1.34855e+02
f0                  =  6.95549e+04
phx                 =  -1.02784e+02
f180                =  1.74390e+06
gmx                 =  -2.24348e+01
 meas ac f0r when tdb=0 rise=1 failed!

tres                =  -4.67576e-01 at=  7.32825e+04
ROW ssr_cmd=free ssr_v=2.23489 fb_v=1.19938 vout_v=1.79906 isup_a=0.0500143 ceff_f=4.7e-06 esr_ohm=0.2 dcgain_db=134.855 f0_hz=69554.9 phase_at_f0_deg=-102.784 f180_hz=1.7439E+06 gain_at_f180_db=-22.4348 f0_rising_hz= resurgence_db=-0.467576
Doing analysis at TEMP = 125.000000 and TNOM = 27.000000

Using SPARSE 1.3 as Direct Linear Solver

No. of Data Rows : 1
Doing analysis at TEMP = 125.000000 and TNOM = 27.000000

Using SPARSE 1.3 as Direct Linear Solver
 Reference value :  5.92243e+08
No. of Data Rows : 4401
Doing analysis at TEMP = 125.000000 and TNOM = 27.000000

Using SPARSE 1.3 as Direct Linear Solver

No. of Data Rows : 4401
dcg                 =  1.34855e+02
f0                  =  1.25440e+05
phx                 =  -6.06025e+01
f180                =  1.80506e+06
gmx                 =  -1.50918e+01
 meas ac f0r when tdb=0 rise=1 failed!

tres                =  -1.31213e-01 at=  1.31826e+05
ROW ssr_cmd=free ssr_v=2.23489 fb_v=1.19938 vout_v=1.79906 isup_a=0.0500143 ceff_f=4.7e-06 esr_ohm=0.5 dcgain_db=134.855 f0_hz=125440 phase_at_f0_deg=-60.6025 f180_hz=1.80506E+06 gain_at_f180_db=-15.0918 f0_rising_hz= resurgence_db=-0.131213
* SWEEP COMPLETE res_ss_125c_3.63v
Note: Simulation executed from .control section 
Note: Starting dynamic gmin stepping
Note: Dynamic gmin stepping completed
Note: Starting dynamic gmin stepping
Note: Dynamic gmin stepping completed
Note: Starting dynamic gmin stepping
Note: Dynamic gmin stepping completed

Error: measure  f0r  when(WHEN) : out of interval
Error: &f0r: no such variable.
Note: Starting dynamic gmin stepping
Note: Dynamic gmin stepping completed
Note: Starting dynamic gmin stepping
Note: Dynamic gmin stepping completed
Note: Starting dynamic gmin stepping
Note: Dynamic gmin stepping completed

Error: measure  f0r  when(WHEN) : out of interval
Error: &f0r: no such variable.
Note: Starting dynamic gmin stepping
Note: Dynamic gmin stepping completed
Note: Starting dynamic gmin stepping
Note: Dynamic gmin stepping completed
Note: Starting dynamic gmin stepping
Note: Dynamic gmin stepping completed

Error: measure  f0r  when(WHEN) : out of interval
Error: &f0r: no such variable.
Note: Starting dynamic gmin stepping
Note: Dynamic gmin stepping completed
Note: Starting dynamic gmin stepping
Note: Dynamic gmin stepping completed
Note: Starting dynamic gmin stepping
Note: Dynamic gmin stepping completed

Error: measure  f0r  when(WHEN) : out of interval
Error: &f0r: no such variable.
Note: Starting dynamic gmin stepping
Note: Dynamic gmin stepping completed
Note: Starting dynamic gmin stepping
Note: Dynamic gmin stepping completed
Note: Starting dynamic gmin stepping
Note: Dynamic gmin stepping completed

Error: measure  f0r  when(WHEN) : out of interval
Error: &f0r: no such variable.
Note: Starting dynamic gmin stepping
Note: Dynamic gmin stepping completed
Note: Starting dynamic gmin stepping
Note: Dynamic gmin stepping completed
Note: Starting dynamic gmin stepping
Note: Dynamic gmin stepping completed

Error: measure  f0r  when(WHEN) : out of interval
Error: &f0r: no such variable.
Note: Starting dynamic gmin stepping
Note: Dynamic gmin stepping completed
Note: Starting dynamic gmin stepping
Note: Dynamic gmin stepping completed
Note: Starting dynamic gmin stepping
Note: Dynamic gmin stepping completed

Error: measure  f0r  when(WHEN) : out of interval
Error: &f0r: no such variable.
Note: Starting dynamic gmin stepping
Note: Dynamic gmin stepping completed
Note: Starting dynamic gmin stepping
Note: Dynamic gmin stepping completed
Note: Starting dynamic gmin stepping
Note: Dynamic gmin stepping completed

Error: measure  f0r  when(WHEN) : out of interval
Error: &f0r: no such variable.
Note: Starting dynamic gmin stepping
Note: Dynamic gmin stepping completed
Note: Starting dynamic gmin stepping
Note: Dynamic gmin stepping completed
Note: Starting dynamic gmin stepping
Note: Dynamic gmin stepping completed

Error: measure  f0r  when(WHEN) : out of interval
Error: &f0r: no such variable.
Note: Starting dynamic gmin stepping
Note: Dynamic gmin stepping completed
Note: Starting dynamic gmin stepping
Note: Dynamic gmin stepping completed
Note: Starting dynamic gmin stepping
Note: Dynamic gmin stepping completed

Error: measure  f0r  when(WHEN) : out of interval
Error: &f0r: no such variable.
