
Note: No compatibility mode selected!


Circuit: * soft-start-loop-gain -- tian dual-injection loop-gain testbench for the ldo

* corner_id=res_ss_-40c_2.97v corner=res_ss temp_c=-40 vin_v=2.97
* phase=sink variant=binj iload_a=0.05 rload_ohm=1e+12
* ac sweep: dec 400 0.01 1e9 ; Tian dual injection at ERRAMP_OUT->PASS_GATE
* columns: ROW ssr_cmd= ssr_v= fb_v= vout_v= isup_a= ceff_f= esr_ohm=
*          dcgain_db= f0_hz= phase_at_f0_deg= f180_hz= gain_at_f180_db=
*          f0_rising_hz= resurgence_db=
* (phase margin = 180 + phase_at_f0_deg ; gain margin = -gain_at_f180_db ;
*  resurgence_db = max |T| in dB above the first 0 dB crossing, DR-0008 ;
*  an empty f180/gain field means the phase never reaches -180 deg in band ;
*  ssr_cmd is what this deck COMMANDED the ramp node to, or 'free' when it
*  is not pinned; ssr_v/fb_v/vout_v are what the DC solve LANDED on)
* Fields are written key=value BECAUSE a failed meas leaves its value
* empty: with bare positional fields an empty one vanishes into the
* whitespace and every field after it is read as the wrong quantity.
Doing analysis at TEMP = -40.000000 and TNOM = 27.000000

Using SPARSE 1.3 as Direct Linear Solver

No. of Data Rows : 1
Doing analysis at TEMP = -40.000000 and TNOM = 27.000000

Using SPARSE 1.3 as Direct Linear Solver
 Reference value :  1.00000e-02
No. of Data Rows : 4401
Doing analysis at TEMP = -40.000000 and TNOM = 27.000000

Using SPARSE 1.3 as Direct Linear Solver
 Reference value :  1.31826e+03
No. of Data Rows : 4401
dcg                 =  1.37531e+02
f0                  =  3.32608e+05
phx                 =  -1.44327e+02
f180                =  6.40484e+05
gmx                 =  -8.26917e+00
 meas ac f0r when tdb=0 rise=1 failed!

tres                =  -5.88474e-01 at=  3.50752e+05
ROW ssr_cmd=1.15 ssr_v=1.15 fb_v=1.19967 vout_v=1.7245 isup_a=0.0500093 ceff_f=1e-06 esr_ohm=0.001 dcgain_db=137.531 f0_hz=332608 phase_at_f0_deg=-144.327 f180_hz=640484 gain_at_f180_db=-8.26917 f0_rising_hz= resurgence_db=-0.588474
Doing analysis at TEMP = -40.000000 and TNOM = 27.000000

Using SPARSE 1.3 as Direct Linear Solver

No. of Data Rows : 1
Doing analysis at TEMP = -40.000000 and TNOM = 27.000000

Using SPARSE 1.3 as Direct Linear Solver
 Reference value :  1.00000e-02
No. of Data Rows : 4401
Doing analysis at TEMP = -40.000000 and TNOM = 27.000000

Using SPARSE 1.3 as Direct Linear Solver
 Reference value :  2.01837e+03
No. of Data Rows : 4401
dcg                 =  1.37531e+02
f0                  =  3.33991e+05
phx                 =  -1.38632e+02
f180                =  7.73995e+05
gmx                 =  -1.09452e+01
 meas ac f0r when tdb=0 rise=1 failed!

tres                =  -5.38002e-01 at=  3.50752e+05
ROW ssr_cmd=1.15 ssr_v=1.15 fb_v=1.19967 vout_v=1.7245 isup_a=0.0500093 ceff_f=1e-06 esr_ohm=0.05 dcgain_db=137.531 f0_hz=333991 phase_at_f0_deg=-138.632 f180_hz=773996 gain_at_f180_db=-10.9452 f0_rising_hz= resurgence_db=-0.538003
Doing analysis at TEMP = -40.000000 and TNOM = 27.000000

Using SPARSE 1.3 as Direct Linear Solver

No. of Data Rows : 1
Doing analysis at TEMP = -40.000000 and TNOM = 27.000000

Using SPARSE 1.3 as Direct Linear Solver
 Reference value :  1.00000e-02
No. of Data Rows : 4401
Doing analysis at TEMP = -40.000000 and TNOM = 27.000000

Using SPARSE 1.3 as Direct Linear Solver
 Reference value :  6.72202e+02
No. of Data Rows : 4401
dcg                 =  1.37531e+02
f0                  =  3.38337e+05
phx                 =  -1.33164e+02
f180                =  9.72826e+05
gmx                 =  -1.37568e+01
 meas ac f0r when tdb=0 rise=1 failed!

tres                =  -5.73058e-01 at=  3.56862e+05
ROW ssr_cmd=1.15 ssr_v=1.15 fb_v=1.19967 vout_v=1.7245 isup_a=0.0500093 ceff_f=1e-06 esr_ohm=0.1 dcgain_db=137.531 f0_hz=338337 phase_at_f0_deg=-133.164 f180_hz=972826 gain_at_f180_db=-13.7568 f0_rising_hz= resurgence_db=-0.573058
Doing analysis at TEMP = -40.000000 and TNOM = 27.000000

Using SPARSE 1.3 as Direct Linear Solver

No. of Data Rows : 1
Doing analysis at TEMP = -40.000000 and TNOM = 27.000000

Using SPARSE 1.3 as Direct Linear Solver
 Reference value :  1.00000e-02
No. of Data Rows : 4401
Doing analysis at TEMP = -40.000000 and TNOM = 27.000000

Using SPARSE 1.3 as Direct Linear Solver
 Reference value :  7.20278e+00
No. of Data Rows : 4401
dcg                 =  1.37531e+02
f0                  =  3.57074e+05
phx                 =  -1.23332e+02
f180                =  1.35494e+06
gmx                 =  -1.58087e+01
 meas ac f0r when tdb=0 rise=1 failed!

tres                =  -5.04084e-01 at=  3.75837e+05
ROW ssr_cmd=1.15 ssr_v=1.15 fb_v=1.19967 vout_v=1.7245 isup_a=0.0500093 ceff_f=1e-06 esr_ohm=0.2 dcgain_db=137.531 f0_hz=357074 phase_at_f0_deg=-123.332 f180_hz=1.35494E+06 gain_at_f180_db=-15.8087 f0_rising_hz= resurgence_db=-0.504084
Doing analysis at TEMP = -40.000000 and TNOM = 27.000000

Using SPARSE 1.3 as Direct Linear Solver

No. of Data Rows : 1
Doing analysis at TEMP = -40.000000 and TNOM = 27.000000

Using SPARSE 1.3 as Direct Linear Solver
 Reference value :  1.00000e-02
No. of Data Rows : 4401
Doing analysis at TEMP = -40.000000 and TNOM = 27.000000

Using SPARSE 1.3 as Direct Linear Solver
 Reference value :  3.07256e+00
No. of Data Rows : 4401
dcg                 =  1.37531e+02
f0                  =  5.40012e+05
phx                 =  -1.09875e+02
f180                =  1.68489e+06
gmx                 =  -1.20360e+01
 meas ac f0r when tdb=0 rise=1 failed!

tres                =  -3.70573e-01 at=  5.68853e+05
ROW ssr_cmd=1.15 ssr_v=1.15 fb_v=1.19967 vout_v=1.7245 isup_a=0.0500093 ceff_f=1e-06 esr_ohm=0.5 dcgain_db=137.531 f0_hz=540012 phase_at_f0_deg=-109.875 f180_hz=1.68489E+06 gain_at_f180_db=-12.036 f0_rising_hz= resurgence_db=-0.370573
Doing analysis at TEMP = -40.000000 and TNOM = 27.000000

Using SPARSE 1.3 as Direct Linear Solver

No. of Data Rows : 1
Doing analysis at TEMP = -40.000000 and TNOM = 27.000000

Using SPARSE 1.3 as Direct Linear Solver
 Reference value :  1.00000e-02
No. of Data Rows : 4401
Doing analysis at TEMP = -40.000000 and TNOM = 27.000000

Using SPARSE 1.3 as Direct Linear Solver
 Reference value :  1.21619e+00
No. of Data Rows : 4401
dcg                 =  1.37531e+02
f0                  =  8.39523e+04
phx                 =  -1.21553e+02
f180                =  6.48291e+05
gmx                 =  -2.18808e+01
 meas ac f0r when tdb=0 rise=1 failed!

tres                =  -5.18876e-01 at=  8.86135e+04
ROW ssr_cmd=1.15 ssr_v=1.15 fb_v=1.19967 vout_v=1.7245 isup_a=0.0500093 ceff_f=4.7e-06 esr_ohm=0.001 dcgain_db=137.531 f0_hz=83952.3 phase_at_f0_deg=-121.553 f180_hz=648291 gain_at_f180_db=-21.8808 f0_rising_hz= resurgence_db=-0.518876
Doing analysis at TEMP = -40.000000 and TNOM = 27.000000

Using SPARSE 1.3 as Direct Linear Solver

No. of Data Rows : 1
Doing analysis at TEMP = -40.000000 and TNOM = 27.000000

Using SPARSE 1.3 as Direct Linear Solver
 Reference value :  1.00000e-02
No. of Data Rows : 4401
Doing analysis at TEMP = -40.000000 and TNOM = 27.000000

Using SPARSE 1.3 as Direct Linear Solver
 Reference value :  6.56901e+01
No. of Data Rows : 4401
dcg                 =  1.37531e+02
f0                  =  8.45178e+04
phx                 =  -1.14548e+02
f180                =  1.43836e+06
gmx                 =  -2.90284e+01
 meas ac f0r when tdb=0 rise=1 failed!

tres                =  -5.01825e-01 at=  8.91251e+04
ROW ssr_cmd=1.15 ssr_v=1.15 fb_v=1.19967 vout_v=1.7245 isup_a=0.0500093 ceff_f=4.7e-06 esr_ohm=0.05 dcgain_db=137.531 f0_hz=84517.8 phase_at_f0_deg=-114.548 f180_hz=1.43836E+06 gain_at_f180_db=-29.0284 f0_rising_hz= resurgence_db=-0.501825
Doing analysis at TEMP = -40.000000 and TNOM = 27.000000

Using SPARSE 1.3 as Direct Linear Solver

No. of Data Rows : 1
Doing analysis at TEMP = -40.000000 and TNOM = 27.000000

Using SPARSE 1.3 as Direct Linear Solver
 Reference value :  1.00000e-02
No. of Data Rows : 4401
Doing analysis at TEMP = -40.000000 and TNOM = 27.000000

Using SPARSE 1.3 as Direct Linear Solver
 Reference value :  2.75423e+00
No. of Data Rows : 4401
dcg                 =  1.37531e+02
f0                  =  8.63296e+04
phx                 =  -1.07261e+02
f180                =  1.67559e+06
gmx                 =  -2.58625e+01
 meas ac f0r when tdb=0 rise=1 failed!

tres                =  -4.43085e-01 at=  9.06776e+04
ROW ssr_cmd=1.15 ssr_v=1.15 fb_v=1.19967 vout_v=1.7245 isup_a=0.0500093 ceff_f=4.7e-06 esr_ohm=0.1 dcgain_db=137.531 f0_hz=86329.5 phase_at_f0_deg=-107.261 f180_hz=1.67559E+06 gain_at_f180_db=-25.8625 f0_rising_hz= resurgence_db=-0.443085
Doing analysis at TEMP = -40.000000 and TNOM = 27.000000

Using SPARSE 1.3 as Direct Linear Solver

No. of Data Rows : 1
Doing analysis at TEMP = -40.000000 and TNOM = 27.000000

Using SPARSE 1.3 as Direct Linear Solver
 Reference value :  1.00000e-02
No. of Data Rows : 4401
Doing analysis at TEMP = -40.000000 and TNOM = 27.000000

Using SPARSE 1.3 as Direct Linear Solver
 Reference value :  2.16272e+00
No. of Data Rows : 4401
dcg                 =  1.37531e+02
f0                  =  9.49556e+04
phx                 =  -9.19954e+01
f180                =  1.78824e+06
gmx                 =  -2.09766e+01
 meas ac f0r when tdb=0 rise=1 failed!

tres                =  -3.78731e-01 at=  1.00000e+05
ROW ssr_cmd=1.15 ssr_v=1.15 fb_v=1.19967 vout_v=1.7245 isup_a=0.0500093 ceff_f=4.7e-06 esr_ohm=0.2 dcgain_db=137.531 f0_hz=94955.6 phase_at_f0_deg=-91.9954 f180_hz=1.78824E+06 gain_at_f180_db=-20.9766 f0_rising_hz= resurgence_db=-0.378731
Doing analysis at TEMP = -40.000000 and TNOM = 27.000000

Using SPARSE 1.3 as Direct Linear Solver

No. of Data Rows : 1
Doing analysis at TEMP = -40.000000 and TNOM = 27.000000

Using SPARSE 1.3 as Direct Linear Solver
 Reference value :  1.00000e-02
No. of Data Rows : 4401
Doing analysis at TEMP = -40.000000 and TNOM = 27.000000

Using SPARSE 1.3 as Direct Linear Solver
 Reference value :  2.39883e+02
No. of Data Rows : 4401
dcg                 =  1.37531e+02
f0                  =  3.99838e+05
phx                 =  -7.24881e+01
f180                =  1.85012e+06
gmx                 =  -1.36191e+01
 meas ac f0r when tdb=0 rise=1 failed!

tres                =  -1.82222e-01 at=  4.21697e+05
ROW ssr_cmd=1.15 ssr_v=1.15 fb_v=1.19967 vout_v=1.7245 isup_a=0.0500093 ceff_f=4.7e-06 esr_ohm=0.5 dcgain_db=137.531 f0_hz=399838 phase_at_f0_deg=-72.4881 f180_hz=1.85012E+06 gain_at_f180_db=-13.6191 f0_rising_hz= resurgence_db=-0.182222
Doing analysis at TEMP = -40.000000 and TNOM = 27.000000

Using SPARSE 1.3 as Direct Linear Solver

No. of Data Rows : 1
Doing analysis at TEMP = -40.000000 and TNOM = 27.000000

Using SPARSE 1.3 as Direct Linear Solver
 Reference value :  3.03739e-02
No. of Data Rows : 4401
Doing analysis at TEMP = -40.000000 and TNOM = 27.000000

Using SPARSE 1.3 as Direct Linear Solver
 Reference value :  6.56901e+06
No. of Data Rows : 4401
dcg                 =  1.37099e+02
f0                  =  3.31330e+05
phx                 =  -1.44172e+02
f180                =  6.40300e+05
gmx                 =  -8.30739e+00
 meas ac f0r when tdb=0 rise=1 failed!

tres                =  -5.66388e-01 at=  3.48739e+05
ROW ssr_cmd=1.25 ssr_v=1.25 fb_v=1.19967 vout_v=1.7995 isup_a=0.0500093 ceff_f=1e-06 esr_ohm=0.001 dcgain_db=137.099 f0_hz=331330 phase_at_f0_deg=-144.172 f180_hz=640300 gain_at_f180_db=-8.30739 f0_rising_hz= resurgence_db=-0.566388
Doing analysis at TEMP = -40.000000 and TNOM = 27.000000

Using SPARSE 1.3 as Direct Linear Solver

No. of Data Rows : 1
Doing analysis at TEMP = -40.000000 and TNOM = 27.000000

Using SPARSE 1.3 as Direct Linear Solver
 Reference value :  9.22571e-01
No. of Data Rows : 4401
Doing analysis at TEMP = -40.000000 and TNOM = 27.000000

Using SPARSE 1.3 as Direct Linear Solver
 Reference value :  4.49262e+05
No. of Data Rows : 4401
dcg                 =  1.37099e+02
f0                  =  3.32695e+05
phx                 =  -1.38497e+02
f180                =  7.73675e+05
gmx                 =  -1.09816e+01
 meas ac f0r when tdb=0 rise=1 failed!

tres                =  -5.80336e-01 at=  3.50752e+05
ROW ssr_cmd=1.25 ssr_v=1.25 fb_v=1.19967 vout_v=1.7995 isup_a=0.0500093 ceff_f=1e-06 esr_ohm=0.05 dcgain_db=137.099 f0_hz=332695 phase_at_f0_deg=-138.497 f180_hz=773675 gain_at_f180_db=-10.9816 f0_rising_hz= resurgence_db=-0.580336
Doing analysis at TEMP = -40.000000 and TNOM = 27.000000

Using SPARSE 1.3 as Direct Linear Solver

No. of Data Rows : 1
Doing analysis at TEMP = -40.000000 and TNOM = 27.000000

Using SPARSE 1.3 as Direct Linear Solver
 Reference value :  1.00000e-02
No. of Data Rows : 4401
Doing analysis at TEMP = -40.000000 and TNOM = 27.000000

Using SPARSE 1.3 as Direct Linear Solver
 Reference value :  2.21309e+00
No. of Data Rows : 4401
dcg                 =  1.37099e+02
f0                  =  3.36991e+05
phx                 =  -1.33047e+02
f180                =  9.72257e+05
gmx                 =  -1.37912e+01
 meas ac f0r when tdb=0 rise=1 failed!

tres                =  -5.53178e-01 at=  3.54813e+05
ROW ssr_cmd=1.25 ssr_v=1.25 fb_v=1.19967 vout_v=1.7995 isup_a=0.0500093 ceff_f=1e-06 esr_ohm=0.1 dcgain_db=137.099 f0_hz=336991 phase_at_f0_deg=-133.047 f180_hz=972257 gain_at_f180_db=-13.7912 f0_rising_hz= resurgence_db=-0.553178
Doing analysis at TEMP = -40.000000 and TNOM = 27.000000

Using SPARSE 1.3 as Direct Linear Solver

No. of Data Rows : 1
Doing analysis at TEMP = -40.000000 and TNOM = 27.000000

Using SPARSE 1.3 as Direct Linear Solver
 Reference value :  1.00000e-02
No. of Data Rows : 4401
Doing analysis at TEMP = -40.000000 and TNOM = 27.000000

Using SPARSE 1.3 as Direct Linear Solver
 Reference value :  1.00000e-02
No. of Data Rows : 4401
dcg                 =  1.37099e+02
f0                  =  3.55522e+05
phx                 =  -1.23237e+02
f180                =  1.35406e+06
gmx                 =  -1.58445e+01
 meas ac f0r when tdb=0 rise=1 failed!

tres                =  -4.89855e-01 at=  3.73680e+05
ROW ssr_cmd=1.25 ssr_v=1.25 fb_v=1.19967 vout_v=1.7995 isup_a=0.0500093 ceff_f=1e-06 esr_ohm=0.2 dcgain_db=137.099 f0_hz=355522 phase_at_f0_deg=-123.237 f180_hz=1.35406E+06 gain_at_f180_db=-15.8445 f0_rising_hz= resurgence_db=-0.489855
Doing analysis at TEMP = -40.000000 and TNOM = 27.000000

Using SPARSE 1.3 as Direct Linear Solver
 Reference value :  0.00000e+00
No. of Data Rows : 1
Doing analysis at TEMP = -40.000000 and TNOM = 27.000000

Using SPARSE 1.3 as Direct Linear Solver
 Reference value :  4.46684e+08
No. of Data Rows : 4401
Doing analysis at TEMP = -40.000000 and TNOM = 27.000000

Using SPARSE 1.3 as Direct Linear Solver
 Reference value :  7.94328e+07
No. of Data Rows : 4401
dcg                 =  1.37099e+02
f0                  =  5.36684e+05
phx                 =  -1.09668e+02
f180                =  1.68395e+06
gmx                 =  -1.20750e+01
 meas ac f0r when tdb=0 rise=1 failed!

tres                =  -3.72523e-01 at=  5.65588e+05
ROW ssr_cmd=1.25 ssr_v=1.25 fb_v=1.19967 vout_v=1.7995 isup_a=0.0500093 ceff_f=1e-06 esr_ohm=0.5 dcgain_db=137.099 f0_hz=536684 phase_at_f0_deg=-109.668 f180_hz=1.68395E+06 gain_at_f180_db=-12.075 f0_rising_hz= resurgence_db=-0.372523
Doing analysis at TEMP = -40.000000 and TNOM = 27.000000

Using SPARSE 1.3 as Direct Linear Solver

No. of Data Rows : 1
Doing analysis at TEMP = -40.000000 and TNOM = 27.000000

Using SPARSE 1.3 as Direct Linear Solver
 Reference value :  1.31826e+03
No. of Data Rows : 4401
Doing analysis at TEMP = -40.000000 and TNOM = 27.000000

Using SPARSE 1.3 as Direct Linear Solver
 Reference value :  9.49511e+06
No. of Data Rows : 4401
dcg                 =  1.37099e+02
f0                  =  8.35859e+04
phx                 =  -1.21577e+02
f180                =  6.48072e+05
gmx                 =  -2.19182e+01
 meas ac f0r when tdb=0 rise=1 failed!

tres                =  -5.05948e-01 at=  8.81049e+04
ROW ssr_cmd=1.25 ssr_v=1.25 fb_v=1.19967 vout_v=1.7995 isup_a=0.0500093 ceff_f=4.7e-06 esr_ohm=0.001 dcgain_db=137.099 f0_hz=83585.9 phase_at_f0_deg=-121.577 f180_hz=648072 gain_at_f180_db=-21.9182 f0_rising_hz= resurgence_db=-0.505948
Doing analysis at TEMP = -40.000000 and TNOM = 27.000000

Using SPARSE 1.3 as Direct Linear Solver

No. of Data Rows : 1
Doing analysis at TEMP = -40.000000 and TNOM = 27.000000

Using SPARSE 1.3 as Direct Linear Solver
 Reference value :  1.00000e-02
No. of Data Rows : 4401
Doing analysis at TEMP = -40.000000 and TNOM = 27.000000

Using SPARSE 1.3 as Direct Linear Solver
 Reference value :  4.09732e+01
No. of Data Rows : 4401
dcg                 =  1.37099e+02
f0                  =  8.41422e+04
phx                 =  -1.14602e+02
f180                =  1.43743e+06
gmx                 =  -2.90643e+01
 meas ac f0r when tdb=0 rise=1 failed!

tres                =  -4.89898e-01 at=  8.86135e+04
ROW ssr_cmd=1.25 ssr_v=1.25 fb_v=1.19967 vout_v=1.7995 isup_a=0.0500093 ceff_f=4.7e-06 esr_ohm=0.05 dcgain_db=137.099 f0_hz=84142.2 phase_at_f0_deg=-114.602 f180_hz=1.43743E+06 gain_at_f180_db=-29.0643 f0_rising_hz= resurgence_db=-0.489898
Doing analysis at TEMP = -40.000000 and TNOM = 27.000000

Using SPARSE 1.3 as Direct Linear Solver

No. of Data Rows : 1
Doing analysis at TEMP = -40.000000 and TNOM = 27.000000

Using SPARSE 1.3 as Direct Linear Solver
 Reference value :  1.00000e-02
No. of Data Rows : 4401
Doing analysis at TEMP = -40.000000 and TNOM = 27.000000

Using SPARSE 1.3 as Direct Linear Solver
 Reference value :  1.00000e-02
No. of Data Rows : 4401
dcg                 =  1.37099e+02
f0                  =  8.59272e+04
phx                 =  -1.07346e+02
f180                =  1.67464e+06
gmx                 =  -2.59003e+01
 meas ac f0r when tdb=0 rise=1 failed!

tres                =  -4.85506e-01 at=  9.06776e+04
ROW ssr_cmd=1.25 ssr_v=1.25 fb_v=1.19967 vout_v=1.7995 isup_a=0.0500093 ceff_f=4.7e-06 esr_ohm=0.1 dcgain_db=137.099 f0_hz=85927.2 phase_at_f0_deg=-107.346 f180_hz=1.67464E+06 gain_at_f180_db=-25.9003 f0_rising_hz= resurgence_db=-0.485506
Doing analysis at TEMP = -40.000000 and TNOM = 27.000000

Using SPARSE 1.3 as Direct Linear Solver
 Reference value :  0.00000e+00
No. of Data Rows : 1
Doing analysis at TEMP = -40.000000 and TNOM = 27.000000

Using SPARSE 1.3 as Direct Linear Solver

No. of Data Rows : 4401
Doing analysis at TEMP = -40.000000 and TNOM = 27.000000

Using SPARSE 1.3 as Direct Linear Solver
 Reference value :  1.00000e-02
No. of Data Rows : 4401
dcg                 =  1.37099e+02
f0                  =  9.44121e+04
phx                 =  -9.21462e+01
f180                =  1.78728e+06
gmx                 =  -2.10154e+01
 meas ac f0r when tdb=0 rise=1 failed!

tres                =  -3.79839e-01 at=  9.94260e+04
ROW ssr_cmd=1.25 ssr_v=1.25 fb_v=1.19967 vout_v=1.7995 isup_a=0.0500093 ceff_f=4.7e-06 esr_ohm=0.2 dcgain_db=137.099 f0_hz=94412.1 phase_at_f0_deg=-92.1462 f180_hz=1.78728E+06 gain_at_f180_db=-21.0154 f0_rising_hz= resurgence_db=-0.379839
Doing analysis at TEMP = -40.000000 and TNOM = 27.000000

Using SPARSE 1.3 as Direct Linear Solver
 Reference value :  0.00000e+00
No. of Data Rows : 1
Doing analysis at TEMP = -40.000000 and TNOM = 27.000000

Using SPARSE 1.3 as Direct Linear Solver
 Reference value :  8.26990e+08
No. of Data Rows : 4401
Doing analysis at TEMP = -40.000000 and TNOM = 27.000000

Using SPARSE 1.3 as Direct Linear Solver

No. of Data Rows : 4401
dcg                 =  1.37099e+02
f0                  =  3.94587e+05
phx                 =  -7.19835e+01
f180                =  1.84916e+06
gmx                 =  -1.36588e+01
 meas ac f0r when tdb=0 rise=1 failed!

tres                =  -1.65000e-01 at=  4.14477e+05
ROW ssr_cmd=1.25 ssr_v=1.25 fb_v=1.19967 vout_v=1.7995 isup_a=0.0500093 ceff_f=4.7e-06 esr_ohm=0.5 dcgain_db=137.099 f0_hz=394587 phase_at_f0_deg=-71.9835 f180_hz=1.84916E+06 gain_at_f180_db=-13.6588 f0_rising_hz= resurgence_db=-0.165
Doing analysis at TEMP = -40.000000 and TNOM = 27.000000

Using SPARSE 1.3 as Direct Linear Solver
 Reference value :  0.00000e+00
No. of Data Rows : 1
Doing analysis at TEMP = -40.000000 and TNOM = 27.000000

Using SPARSE 1.3 as Direct Linear Solver

No. of Data Rows : 4401
Doing analysis at TEMP = -40.000000 and TNOM = 27.000000

Using SPARSE 1.3 as Direct Linear Solver
 Reference value :  1.00000e-02
No. of Data Rows : 4401
dcg                 =  1.37099e+02
f0                  =  3.31330e+05
phx                 =  -1.44172e+02
f180                =  6.40300e+05
gmx                 =  -8.30739e+00
 meas ac f0r when tdb=0 rise=1 failed!

tres                =  -5.66388e-01 at=  3.48739e+05
ROW ssr_cmd=1.8 ssr_v=1.8 fb_v=1.19967 vout_v=1.7995 isup_a=0.0500093 ceff_f=1e-06 esr_ohm=0.001 dcgain_db=137.099 f0_hz=331330 phase_at_f0_deg=-144.172 f180_hz=640300 gain_at_f180_db=-8.30739 f0_rising_hz= resurgence_db=-0.566388
Doing analysis at TEMP = -40.000000 and TNOM = 27.000000

Using SPARSE 1.3 as Direct Linear Solver

No. of Data Rows : 1
Doing analysis at TEMP = -40.000000 and TNOM = 27.000000

Using SPARSE 1.3 as Direct Linear Solver
 Reference value :  1.00000e-02
No. of Data Rows : 4401
Doing analysis at TEMP = -40.000000 and TNOM = 27.000000

Using SPARSE 1.3 as Direct Linear Solver
 Reference value :  7.07946e-01
No. of Data Rows : 4401
dcg                 =  1.37099e+02
f0                  =  3.32695e+05
phx                 =  -1.38497e+02
f180                =  7.73675e+05
gmx                 =  -1.09816e+01
 meas ac f0r when tdb=0 rise=1 failed!

tres                =  -5.80336e-01 at=  3.50752e+05
ROW ssr_cmd=1.8 ssr_v=1.8 fb_v=1.19967 vout_v=1.7995 isup_a=0.0500093 ceff_f=1e-06 esr_ohm=0.05 dcgain_db=137.099 f0_hz=332695 phase_at_f0_deg=-138.497 f180_hz=773675 gain_at_f180_db=-10.9816 f0_rising_hz= resurgence_db=-0.580336
Doing analysis at TEMP = -40.000000 and TNOM = 27.000000

Using SPARSE 1.3 as Direct Linear Solver

No. of Data Rows : 1
Doing analysis at TEMP = -40.000000 and TNOM = 27.000000

Using SPARSE 1.3 as Direct Linear Solver
 Reference value :  1.00000e-02
No. of Data Rows : 4401
Doing analysis at TEMP = -40.000000 and TNOM = 27.000000

Using SPARSE 1.3 as Direct Linear Solver
 Reference value :  4.57088e-02
No. of Data Rows : 4401
dcg                 =  1.37099e+02
f0                  =  3.36991e+05
phx                 =  -1.33047e+02
f180                =  9.72257e+05
gmx                 =  -1.37912e+01
 meas ac f0r when tdb=0 rise=1 failed!

tres                =  -5.53178e-01 at=  3.54813e+05
ROW ssr_cmd=1.8 ssr_v=1.8 fb_v=1.19967 vout_v=1.7995 isup_a=0.0500093 ceff_f=1e-06 esr_ohm=0.1 dcgain_db=137.099 f0_hz=336991 phase_at_f0_deg=-133.047 f180_hz=972257 gain_at_f180_db=-13.7912 f0_rising_hz= resurgence_db=-0.553178
Doing analysis at TEMP = -40.000000 and TNOM = 27.000000

Using SPARSE 1.3 as Direct Linear Solver

No. of Data Rows : 1
Doing analysis at TEMP = -40.000000 and TNOM = 27.000000

Using SPARSE 1.3 as Direct Linear Solver
 Reference value :  1.00000e-02
No. of Data Rows : 4401
Doing analysis at TEMP = -40.000000 and TNOM = 27.000000

Using SPARSE 1.3 as Direct Linear Solver
 Reference value :  2.49747e-01
No. of Data Rows : 4401
dcg                 =  1.37099e+02
f0                  =  3.55522e+05
phx                 =  -1.23237e+02
f180                =  1.35406e+06
gmx                 =  -1.58445e+01
 meas ac f0r when tdb=0 rise=1 failed!

tres                =  -4.89855e-01 at=  3.73680e+05
ROW ssr_cmd=1.8 ssr_v=1.8 fb_v=1.19967 vout_v=1.7995 isup_a=0.0500093 ceff_f=1e-06 esr_ohm=0.2 dcgain_db=137.099 f0_hz=355522 phase_at_f0_deg=-123.237 f180_hz=1.35406E+06 gain_at_f180_db=-15.8445 f0_rising_hz= resurgence_db=-0.489855
Doing analysis at TEMP = -40.000000 and TNOM = 27.000000

Using SPARSE 1.3 as Direct Linear Solver

No. of Data Rows : 1
Doing analysis at TEMP = -40.000000 and TNOM = 27.000000

Using SPARSE 1.3 as Direct Linear Solver
 Reference value :  1.00000e-02
No. of Data Rows : 4401
Doing analysis at TEMP = -40.000000 and TNOM = 27.000000

Using SPARSE 1.3 as Direct Linear Solver
 Reference value :  1.00000e-02
No. of Data Rows : 4401
dcg                 =  1.37099e+02
f0                  =  5.36684e+05
phx                 =  -1.09668e+02
f180                =  1.68395e+06
gmx                 =  -1.20750e+01
 meas ac f0r when tdb=0 rise=1 failed!

tres                =  -3.72523e-01 at=  5.65588e+05
ROW ssr_cmd=1.8 ssr_v=1.8 fb_v=1.19967 vout_v=1.7995 isup_a=0.0500093 ceff_f=1e-06 esr_ohm=0.5 dcgain_db=137.099 f0_hz=536684 phase_at_f0_deg=-109.668 f180_hz=1.68395E+06 gain_at_f180_db=-12.075 f0_rising_hz= resurgence_db=-0.372523
Doing analysis at TEMP = -40.000000 and TNOM = 27.000000

Using SPARSE 1.3 as Direct Linear Solver

No. of Data Rows : 1
Doing analysis at TEMP = -40.000000 and TNOM = 27.000000

Using SPARSE 1.3 as Direct Linear Solver
 Reference value :  1.00000e-02
No. of Data Rows : 4401
Doing analysis at TEMP = -40.000000 and TNOM = 27.000000

Using SPARSE 1.3 as Direct Linear Solver
 Reference value :  6.53131e+01
No. of Data Rows : 4401
dcg                 =  1.37099e+02
f0                  =  8.35859e+04
phx                 =  -1.21577e+02
f180                =  6.48072e+05
gmx                 =  -2.19182e+01
 meas ac f0r when tdb=0 rise=1 failed!

tres                =  -5.05948e-01 at=  8.81049e+04
ROW ssr_cmd=1.8 ssr_v=1.8 fb_v=1.19967 vout_v=1.7995 isup_a=0.0500093 ceff_f=4.7e-06 esr_ohm=0.001 dcgain_db=137.099 f0_hz=83585.9 phase_at_f0_deg=-121.577 f180_hz=648072 gain_at_f180_db=-21.9182 f0_rising_hz= resurgence_db=-0.505948
Doing analysis at TEMP = -40.000000 and TNOM = 27.000000

Using SPARSE 1.3 as Direct Linear Solver

No. of Data Rows : 1
Doing analysis at TEMP = -40.000000 and TNOM = 27.000000

Using SPARSE 1.3 as Direct Linear Solver
 Reference value :  1.00000e-02
No. of Data Rows : 4401
Doing analysis at TEMP = -40.000000 and TNOM = 27.000000

Using SPARSE 1.3 as Direct Linear Solver
 Reference value :  1.00000e-02
No. of Data Rows : 4401
dcg                 =  1.37099e+02
f0                  =  8.41422e+04
phx                 =  -1.14602e+02
f180                =  1.43743e+06
gmx                 =  -2.90643e+01
 meas ac f0r when tdb=0 rise=1 failed!

tres                =  -4.89898e-01 at=  8.86135e+04
ROW ssr_cmd=1.8 ssr_v=1.8 fb_v=1.19967 vout_v=1.7995 isup_a=0.0500093 ceff_f=4.7e-06 esr_ohm=0.05 dcgain_db=137.099 f0_hz=84142.2 phase_at_f0_deg=-114.602 f180_hz=1.43743E+06 gain_at_f180_db=-29.0643 f0_rising_hz= resurgence_db=-0.489898
Doing analysis at TEMP = -40.000000 and TNOM = 27.000000

Using SPARSE 1.3 as Direct Linear Solver

No. of Data Rows : 1
Doing analysis at TEMP = -40.000000 and TNOM = 27.000000

Using SPARSE 1.3 as Direct Linear Solver
 Reference value :  1.00000e-02
No. of Data Rows : 4401
Doing analysis at TEMP = -40.000000 and TNOM = 27.000000

Using SPARSE 1.3 as Direct Linear Solver
 Reference value :  1.00000e-02
No. of Data Rows : 4401
dcg                 =  1.37099e+02
f0                  =  8.59272e+04
phx                 =  -1.07346e+02
f180                =  1.67464e+06
gmx                 =  -2.59003e+01
 meas ac f0r when tdb=0 rise=1 failed!

tres                =  -4.85506e-01 at=  9.06776e+04
ROW ssr_cmd=1.8 ssr_v=1.8 fb_v=1.19967 vout_v=1.7995 isup_a=0.0500093 ceff_f=4.7e-06 esr_ohm=0.1 dcgain_db=137.099 f0_hz=85927.2 phase_at_f0_deg=-107.346 f180_hz=1.67464E+06 gain_at_f180_db=-25.9003 f0_rising_hz= resurgence_db=-0.485506
Doing analysis at TEMP = -40.000000 and TNOM = 27.000000

Using SPARSE 1.3 as Direct Linear Solver

No. of Data Rows : 1
Doing analysis at TEMP = -40.000000 and TNOM = 27.000000

Using SPARSE 1.3 as Direct Linear Solver
 Reference value :  1.00000e-02
No. of Data Rows : 4401
Doing analysis at TEMP = -40.000000 and TNOM = 27.000000

Using SPARSE 1.3 as Direct Linear Solver
 Reference value :  1.00000e-02
No. of Data Rows : 4401
dcg                 =  1.37099e+02
f0                  =  9.44121e+04
phx                 =  -9.21462e+01
f180                =  1.78728e+06
gmx                 =  -2.10154e+01
 meas ac f0r when tdb=0 rise=1 failed!

tres                =  -3.79839e-01 at=  9.94260e+04
ROW ssr_cmd=1.8 ssr_v=1.8 fb_v=1.19967 vout_v=1.7995 isup_a=0.0500093 ceff_f=4.7e-06 esr_ohm=0.2 dcgain_db=137.099 f0_hz=94412.1 phase_at_f0_deg=-92.1462 f180_hz=1.78728E+06 gain_at_f180_db=-21.0154 f0_rising_hz= resurgence_db=-0.379839
Doing analysis at TEMP = -40.000000 and TNOM = 27.000000

Using SPARSE 1.3 as Direct Linear Solver
 Reference value :  0.00000e+00
No. of Data Rows : 1
Doing analysis at TEMP = -40.000000 and TNOM = 27.000000

Using SPARSE 1.3 as Direct Linear Solver

No. of Data Rows : 4401
Doing analysis at TEMP = -40.000000 and TNOM = 27.000000

Using SPARSE 1.3 as Direct Linear Solver
 Reference value :  1.00000e-02
No. of Data Rows : 4401
dcg                 =  1.37099e+02
f0                  =  3.94587e+05
phx                 =  -7.19835e+01
f180                =  1.84916e+06
gmx                 =  -1.36588e+01
 meas ac f0r when tdb=0 rise=1 failed!

tres                =  -1.65000e-01 at=  4.14477e+05
ROW ssr_cmd=1.8 ssr_v=1.8 fb_v=1.19967 vout_v=1.7995 isup_a=0.0500093 ceff_f=4.7e-06 esr_ohm=0.5 dcgain_db=137.099 f0_hz=394587 phase_at_f0_deg=-71.9835 f180_hz=1.84916E+06 gain_at_f180_db=-13.6588 f0_rising_hz= resurgence_db=-0.165
* SWEEP COMPLETE res_ss_-40c_2.97v
Note: Simulation executed from .control section 
Note: Starting dynamic gmin stepping
Note: Dynamic gmin stepping completed
Note: Starting dynamic gmin stepping
Note: Dynamic gmin stepping completed
Note: Starting dynamic gmin stepping
Note: Dynamic gmin stepping completed

Error: measure  f0r  when(WHEN) : out of interval
Error: &f0r: no such variable.
Note: Starting dynamic gmin stepping
Note: Dynamic gmin stepping completed
Note: Starting dynamic gmin stepping
Note: Dynamic gmin stepping completed
Note: Starting dynamic gmin stepping
Note: Dynamic gmin stepping completed

Error: measure  f0r  when(WHEN) : out of interval
Error: &f0r: no such variable.
Note: Starting dynamic gmin stepping
Note: Dynamic gmin stepping completed
Note: Starting dynamic gmin stepping
Note: Dynamic gmin stepping completed
Note: Starting dynamic gmin stepping
Note: Dynamic gmin stepping completed

Error: measure  f0r  when(WHEN) : out of interval
Error: &f0r: no such variable.
Note: Starting dynamic gmin stepping
Note: Dynamic gmin stepping completed
Note: Starting dynamic gmin stepping
Note: Dynamic gmin stepping completed
Note: Starting dynamic gmin stepping
Note: Dynamic gmin stepping completed

Error: measure  f0r  when(WHEN) : out of interval
Error: &f0r: no such variable.
Note: Starting dynamic gmin stepping
Note: Dynamic gmin stepping completed
Note: Starting dynamic gmin stepping
Note: Dynamic gmin stepping completed
Note: Starting dynamic gmin stepping
Note: Dynamic gmin stepping completed

Error: measure  f0r  when(WHEN) : out of interval
Error: &f0r: no such variable.
Note: Starting dynamic gmin stepping
Note: Dynamic gmin stepping completed
Note: Starting dynamic gmin stepping
Note: Dynamic gmin stepping completed
Note: Starting dynamic gmin stepping
Note: Dynamic gmin stepping completed

Error: measure  f0r  when(WHEN) : out of interval
Error: &f0r: no such variable.
Note: Starting dynamic gmin stepping
Note: Dynamic gmin stepping completed
Note: Starting dynamic gmin stepping
Note: Dynamic gmin stepping completed
Note: Starting dynamic gmin stepping
Note: Dynamic gmin stepping completed

Error: measure  f0r  when(WHEN) : out of interval
Error: &f0r: no such variable.
Note: Starting dynamic gmin stepping
Note: Dynamic gmin stepping completed
Note: Starting dynamic gmin stepping
Note: Dynamic gmin stepping completed
Note: Starting dynamic gmin stepping
Note: Dynamic gmin stepping completed

Error: measure  f0r  when(WHEN) : out of interval
Error: &f0r: no such variable.
Note: Starting dynamic gmin stepping
Note: Dynamic gmin stepping completed
Note: Starting dynamic gmin stepping
Note: Dynamic gmin stepping completed
Note: Starting dynamic gmin stepping
Note: Dynamic gmin stepping completed

Error: measure  f0r  when(WHEN) : out of interval
Error: &f0r: no such variable.
Note: Starting dynamic gmin stepping
Note: Dynamic gmin stepping completed
Note: Starting dynamic gmin stepping
Note: Dynamic gmin stepping completed
Note: Starting dynamic gmin stepping
Note: Dynamic gmin stepping completed

Error: measure  f0r  when(WHEN) : out of interval
Error: &f0r: no such variable.
Note: Starting dynamic gmin stepping
Note: Dynamic gmin stepping completed
Note: Starting dynamic gmin stepping
Note: Dynamic gmin stepping completed
Note: Starting dynamic gmin stepping
Note: Dynamic gmin stepping completed

Error: measure  f0r  when(WHEN) : out of interval
Error: &f0r: no such variable.
Note: Starting dynamic gmin stepping
Note: Dynamic gmin stepping completed
Note: Starting dynamic gmin stepping
Note: Dynamic gmin stepping completed
Note: Starting dynamic gmin stepping
Note: Dynamic gmin stepping completed

Error: measure  f0r  when(WHEN) : out of interval
Error: &f0r: no such variable.
Note: Starting dynamic gmin stepping
Note: Dynamic gmin stepping completed
Note: Starting dynamic gmin stepping
Note: Dynamic gmin stepping completed
Note: Starting dynamic gmin stepping
Note: Dynamic gmin stepping completed

Error: measure  f0r  when(WHEN) : out of interval
Error: &f0r: no such variable.
Note: Starting dynamic gmin stepping
Note: Dynamic gmin stepping completed
Note: Starting dynamic gmin stepping
Note: Dynamic gmin stepping completed
Note: Starting dynamic gmin stepping
Note: Dynamic gmin stepping completed

Error: measure  f0r  when(WHEN) : out of interval
Error: &f0r: no such variable.
Note: Starting dynamic gmin stepping
Note: Dynamic gmin stepping completed
Note: Starting dynamic gmin stepping
Note: Dynamic gmin stepping completed
Note: Starting dynamic gmin stepping
Note: Dynamic gmin stepping completed

Error: measure  f0r  when(WHEN) : out of interval
Error: &f0r: no such variable.
Note: Starting dynamic gmin stepping
Note: Dynamic gmin stepping completed
Note: Starting dynamic gmin stepping
Note: Dynamic gmin stepping completed
Note: Starting dynamic gmin stepping
Note: Dynamic gmin stepping completed

Error: measure  f0r  when(WHEN) : out of interval
Error: &f0r: no such variable.
Note: Starting dynamic gmin stepping
Note: Dynamic gmin stepping completed
Note: Starting dynamic gmin stepping
Note: Dynamic gmin stepping completed
Note: Starting dynamic gmin stepping
Note: Dynamic gmin stepping completed

Error: measure  f0r  when(WHEN) : out of interval
Error: &f0r: no such variable.
Note: Starting dynamic gmin stepping
Note: Dynamic gmin stepping completed
Note: Starting dynamic gmin stepping
Note: Dynamic gmin stepping completed
Note: Starting dynamic gmin stepping
Note: Dynamic gmin stepping completed

Error: measure  f0r  when(WHEN) : out of interval
Error: &f0r: no such variable.
Note: Starting dynamic gmin stepping
Note: Dynamic gmin stepping completed
Note: Starting dynamic gmin stepping
Note: Dynamic gmin stepping completed
Note: Starting dynamic gmin stepping
Note: Dynamic gmin stepping completed

Error: measure  f0r  when(WHEN) : out of interval
Error: &f0r: no such variable.
Note: Starting dynamic gmin stepping
Note: Dynamic gmin stepping completed
Note: Starting dynamic gmin stepping
Note: Dynamic gmin stepping completed
Note: Starting dynamic gmin stepping
Note: Dynamic gmin stepping completed

Error: measure  f0r  when(WHEN) : out of interval
Error: &f0r: no such variable.
Note: Starting dynamic gmin stepping
Note: Dynamic gmin stepping completed
Note: Starting dynamic gmin stepping
Note: Dynamic gmin stepping completed
Note: Starting dynamic gmin stepping
Note: Dynamic gmin stepping completed

Error: measure  f0r  when(WHEN) : out of interval
Error: &f0r: no such variable.
Note: Starting dynamic gmin stepping
Note: Dynamic gmin stepping completed
Note: Starting dynamic gmin stepping
Note: Dynamic gmin stepping completed
Note: Starting dynamic gmin stepping
Note: Dynamic gmin stepping completed

Error: measure  f0r  when(WHEN) : out of interval
Error: &f0r: no such variable.
Note: Starting dynamic gmin stepping
Note: Dynamic gmin stepping completed
Note: Starting dynamic gmin stepping
Note: Dynamic gmin stepping completed
Note: Starting dynamic gmin stepping
Note: Dynamic gmin stepping completed

Error: measure  f0r  when(WHEN) : out of interval
Error: &f0r: no such variable.
Note: Starting dynamic gmin stepping
Note: Dynamic gmin stepping completed
Note: Starting dynamic gmin stepping
Note: Dynamic gmin stepping completed
Note: Starting dynamic gmin stepping
Note: Dynamic gmin stepping completed

Error: measure  f0r  when(WHEN) : out of interval
Error: &f0r: no such variable.
Note: Starting dynamic gmin stepping
Note: Dynamic gmin stepping completed
Note: Starting dynamic gmin stepping
Note: Dynamic gmin stepping completed
Note: Starting dynamic gmin stepping
Note: Dynamic gmin stepping completed

Error: measure  f0r  when(WHEN) : out of interval
Error: &f0r: no such variable.
Note: Starting dynamic gmin stepping
Note: Dynamic gmin stepping completed
Note: Starting dynamic gmin stepping
Note: Dynamic gmin stepping completed
Note: Starting dynamic gmin stepping
Note: Dynamic gmin stepping completed

Error: measure  f0r  when(WHEN) : out of interval
Error: &f0r: no such variable.
Note: Starting dynamic gmin stepping
Note: Dynamic gmin stepping completed
Note: Starting dynamic gmin stepping
Note: Dynamic gmin stepping completed
Note: Starting dynamic gmin stepping
Note: Dynamic gmin stepping completed

Error: measure  f0r  when(WHEN) : out of interval
Error: &f0r: no such variable.
Note: Starting dynamic gmin stepping
Note: Dynamic gmin stepping completed
Note: Starting dynamic gmin stepping
Note: Dynamic gmin stepping completed
Note: Starting dynamic gmin stepping
Note: Dynamic gmin stepping completed

Error: measure  f0r  when(WHEN) : out of interval
Error: &f0r: no such variable.
Note: Starting dynamic gmin stepping
Note: Dynamic gmin stepping completed
Note: Starting dynamic gmin stepping
Note: Dynamic gmin stepping completed
Note: Starting dynamic gmin stepping
Note: Dynamic gmin stepping completed

Error: measure  f0r  when(WHEN) : out of interval
Error: &f0r: no such variable.
Note: Starting dynamic gmin stepping
Note: Dynamic gmin stepping completed
Note: Starting dynamic gmin stepping
Note: Dynamic gmin stepping completed
Note: Starting dynamic gmin stepping
Note: Dynamic gmin stepping completed

Error: measure  f0r  when(WHEN) : out of interval
Error: &f0r: no such variable.
