
Note: No compatibility mode selected!


Circuit: * soft-start-loop-gain -- tian dual-injection loop-gain testbench for the ldo

* corner_id=res_ff_27c_3.63v corner=res_ff temp_c=27 vin_v=3.63
* phase=ramp variant=device iload_a=0 rload_ohm=36
* ac sweep: dec 400 0.01 1e9 ; Tian dual injection at ERRAMP_OUT->PASS_GATE
* columns: ROW ssr_cmd= ssr_v= fb_v= vout_v= isup_a= ceff_f= esr_ohm=
*          dcgain_db= f0_hz= phase_at_f0_deg= f180_hz= gain_at_f180_db=
*          f0_rising_hz= resurgence_db=
* (phase margin = 180 + phase_at_f0_deg ; gain margin = -gain_at_f180_db ;
*  resurgence_db = max |T| in dB above the first 0 dB crossing, DR-0008 ;
*  an empty f180/gain field means the phase never reaches -180 deg in band ;
*  ssr_cmd is what this deck COMMANDED the ramp node to, or 'free' when it
*  is not pinned; ssr_v/fb_v/vout_v are what the DC solve LANDED on)
* Fields are written key=value BECAUSE a failed meas leaves its value
* empty: with bare positional fields an empty one vanishes into the
* whitespace and every field after it is read as the wrong quantity.
Doing analysis at TEMP = 27.000000 and TNOM = 27.000000

Using SPARSE 1.3 as Direct Linear Solver

No. of Data Rows : 1
Doing analysis at TEMP = 27.000000 and TNOM = 27.000000

Using SPARSE 1.3 as Direct Linear Solver

No. of Data Rows : 4401
Doing analysis at TEMP = 27.000000 and TNOM = 27.000000

Using SPARSE 1.3 as Direct Linear Solver
 Reference value :  3.63078e+00
No. of Data Rows : 4401
dcg                 =  -2.84170e+02
 meas ac f0 when tdb=0 fall=1 failed!

 meas ac phx find tph when tdb=0 fall=1 failed!

f180                =  3.95337e+03
gmx                 =  -2.67021e+02
 meas ac f0r when tdb=0 rise=1 failed!

 meas ac tres max tdb from=vexprint3 to=1e9 failed!

ROW ssr_cmd=0 ssr_v=0 fb_v=1.47617 vout_v=0.000229777 isup_a=5.08304E-05 ceff_f=1e-06 esr_ohm=0.001 dcgain_db=-284.17 f0_hz= phase_at_f0_deg= f180_hz=3953.37 gain_at_f180_db=-267.021 f0_rising_hz= resurgence_db=
Doing analysis at TEMP = 27.000000 and TNOM = 27.000000

Using SPARSE 1.3 as Direct Linear Solver

No. of Data Rows : 1
Doing analysis at TEMP = 27.000000 and TNOM = 27.000000

Using SPARSE 1.3 as Direct Linear Solver

No. of Data Rows : 4401
Doing analysis at TEMP = 27.000000 and TNOM = 27.000000

Using SPARSE 1.3 as Direct Linear Solver
 Reference value :  1.00000e-02
No. of Data Rows : 4401
dcg                 =  -2.84170e+02
 meas ac f0 when tdb=0 fall=1 failed!

 meas ac phx find tph when tdb=0 fall=1 failed!

f180                =  3.95550e+03
gmx                 =  -2.67025e+02
 meas ac f0r when tdb=0 rise=1 failed!

 meas ac tres max tdb from=vexprint3 to=1e9 failed!

ROW ssr_cmd=0 ssr_v=0 fb_v=1.47617 vout_v=0.000229777 isup_a=5.08304E-05 ceff_f=1e-06 esr_ohm=0.05 dcgain_db=-284.17 f0_hz= phase_at_f0_deg= f180_hz=3955.5 gain_at_f180_db=-267.025 f0_rising_hz= resurgence_db=
Doing analysis at TEMP = 27.000000 and TNOM = 27.000000

Using SPARSE 1.3 as Direct Linear Solver

No. of Data Rows : 1
Doing analysis at TEMP = 27.000000 and TNOM = 27.000000

Using SPARSE 1.3 as Direct Linear Solver
 Reference value :  9.71628e+06
No. of Data Rows : 4401
Doing analysis at TEMP = 27.000000 and TNOM = 27.000000

Using SPARSE 1.3 as Direct Linear Solver

No. of Data Rows : 4401
dcg                 =  -2.84170e+02
 meas ac f0 when tdb=0 fall=1 failed!

 meas ac phx find tph when tdb=0 fall=1 failed!

f180                =  3.95768e+03
gmx                 =  -2.67029e+02
 meas ac f0r when tdb=0 rise=1 failed!

 meas ac tres max tdb from=vexprint3 to=1e9 failed!

ROW ssr_cmd=0 ssr_v=0 fb_v=1.47617 vout_v=0.000229777 isup_a=5.08304E-05 ceff_f=1e-06 esr_ohm=0.1 dcgain_db=-284.17 f0_hz= phase_at_f0_deg= f180_hz=3957.68 gain_at_f180_db=-267.029 f0_rising_hz= resurgence_db=
Doing analysis at TEMP = 27.000000 and TNOM = 27.000000

Using SPARSE 1.3 as Direct Linear Solver

No. of Data Rows : 1
Doing analysis at TEMP = 27.000000 and TNOM = 27.000000

Using SPARSE 1.3 as Direct Linear Solver
 Reference value :  1.08393e+03
No. of Data Rows : 4401
Doing analysis at TEMP = 27.000000 and TNOM = 27.000000

Using SPARSE 1.3 as Direct Linear Solver

No. of Data Rows : 4401
dcg                 =  -2.84170e+02
 meas ac f0 when tdb=0 fall=1 failed!

 meas ac phx find tph when tdb=0 fall=1 failed!

f180                =  3.96207e+03
gmx                 =  -2.67037e+02
 meas ac f0r when tdb=0 rise=1 failed!

 meas ac tres max tdb from=vexprint3 to=1e9 failed!

ROW ssr_cmd=0 ssr_v=0 fb_v=1.47617 vout_v=0.000229777 isup_a=5.08304E-05 ceff_f=1e-06 esr_ohm=0.2 dcgain_db=-284.17 f0_hz= phase_at_f0_deg= f180_hz=3962.07 gain_at_f180_db=-267.037 f0_rising_hz= resurgence_db=
Doing analysis at TEMP = 27.000000 and TNOM = 27.000000

Using SPARSE 1.3 as Direct Linear Solver

No. of Data Rows : 1
Doing analysis at TEMP = 27.000000 and TNOM = 27.000000

Using SPARSE 1.3 as Direct Linear Solver
 Reference value :  5.18800e-01
No. of Data Rows : 4401
Doing analysis at TEMP = 27.000000 and TNOM = 27.000000

Using SPARSE 1.3 as Direct Linear Solver
 Reference value :  5.82103e+08
No. of Data Rows : 4401
dcg                 =  -2.84170e+02
 meas ac f0 when tdb=0 fall=1 failed!

 meas ac phx find tph when tdb=0 fall=1 failed!

f180                =  3.97544e+03
gmx                 =  -2.67060e+02
 meas ac f0r when tdb=0 rise=1 failed!

 meas ac tres max tdb from=vexprint3 to=1e9 failed!

ROW ssr_cmd=0 ssr_v=0 fb_v=1.47617 vout_v=0.000229777 isup_a=5.08304E-05 ceff_f=1e-06 esr_ohm=0.5 dcgain_db=-284.17 f0_hz= phase_at_f0_deg= f180_hz=3975.43 gain_at_f180_db=-267.06 f0_rising_hz= resurgence_db=
Doing analysis at TEMP = 27.000000 and TNOM = 27.000000

Using SPARSE 1.3 as Direct Linear Solver

No. of Data Rows : 1
Doing analysis at TEMP = 27.000000 and TNOM = 27.000000

Using SPARSE 1.3 as Direct Linear Solver

No. of Data Rows : 4401
Doing analysis at TEMP = 27.000000 and TNOM = 27.000000

Using SPARSE 1.3 as Direct Linear Solver
 Reference value :  1.69824e+06
No. of Data Rows : 4401
dcg                 =  -2.84170e+02
 meas ac f0 when tdb=0 fall=1 failed!

 meas ac phx find tph when tdb=0 fall=1 failed!

f180                =  1.52731e+03
gmx                 =  -2.77862e+02
 meas ac f0r when tdb=0 rise=1 failed!

 meas ac tres max tdb from=vexprint3 to=1e9 failed!

ROW ssr_cmd=0 ssr_v=0 fb_v=1.47617 vout_v=0.000229777 isup_a=5.08304E-05 ceff_f=4.7e-06 esr_ohm=0.001 dcgain_db=-284.17 f0_hz= phase_at_f0_deg= f180_hz=1527.31 gain_at_f180_db=-277.862 f0_rising_hz= resurgence_db=
Doing analysis at TEMP = 27.000000 and TNOM = 27.000000

Using SPARSE 1.3 as Direct Linear Solver

No. of Data Rows : 1
Doing analysis at TEMP = 27.000000 and TNOM = 27.000000

Using SPARSE 1.3 as Direct Linear Solver

No. of Data Rows : 4401
Doing analysis at TEMP = 27.000000 and TNOM = 27.000000

Using SPARSE 1.3 as Direct Linear Solver
 Reference value :  2.21309e+03
No. of Data Rows : 4401
dcg                 =  -2.84170e+02
 meas ac f0 when tdb=0 fall=1 failed!

 meas ac phx find tph when tdb=0 fall=1 failed!

f180                =  1.53242e+03
gmx                 =  -2.77881e+02
 meas ac f0r when tdb=0 rise=1 failed!

 meas ac tres max tdb from=vexprint3 to=1e9 failed!

ROW ssr_cmd=0 ssr_v=0 fb_v=1.47617 vout_v=0.000229777 isup_a=5.08304E-05 ceff_f=4.7e-06 esr_ohm=0.05 dcgain_db=-284.17 f0_hz= phase_at_f0_deg= f180_hz=1532.42 gain_at_f180_db=-277.881 f0_rising_hz= resurgence_db=
Doing analysis at TEMP = 27.000000 and TNOM = 27.000000

Using SPARSE 1.3 as Direct Linear Solver

No. of Data Rows : 1
Doing analysis at TEMP = 27.000000 and TNOM = 27.000000

Using SPARSE 1.3 as Direct Linear Solver

No. of Data Rows : 4401
Doing analysis at TEMP = 27.000000 and TNOM = 27.000000

Using SPARSE 1.3 as Direct Linear Solver
 Reference value :  2.34423e+00
No. of Data Rows : 4401
dcg                 =  -2.84170e+02
 meas ac f0 when tdb=0 fall=1 failed!

 meas ac phx find tph when tdb=0 fall=1 failed!

f180                =  1.53771e+03
gmx                 =  -2.77821e+02
 meas ac f0r when tdb=0 rise=1 failed!

 meas ac tres max tdb from=vexprint3 to=1e9 failed!

ROW ssr_cmd=0 ssr_v=0 fb_v=1.47617 vout_v=0.000229777 isup_a=5.08304E-05 ceff_f=4.7e-06 esr_ohm=0.1 dcgain_db=-284.17 f0_hz= phase_at_f0_deg= f180_hz=1537.71 gain_at_f180_db=-277.821 f0_rising_hz= resurgence_db=
Doing analysis at TEMP = 27.000000 and TNOM = 27.000000

Using SPARSE 1.3 as Direct Linear Solver

No. of Data Rows : 1
Doing analysis at TEMP = 27.000000 and TNOM = 27.000000

Using SPARSE 1.3 as Direct Linear Solver

No. of Data Rows : 4401
Doing analysis at TEMP = 27.000000 and TNOM = 27.000000

Using SPARSE 1.3 as Direct Linear Solver
 Reference value :  1.60325e-02
No. of Data Rows : 4401
dcg                 =  -2.84170e+02
 meas ac f0 when tdb=0 fall=1 failed!

 meas ac phx find tph when tdb=0 fall=1 failed!

f180                =  1.54849e+03
gmx                 =  -2.77858e+02
 meas ac f0r when tdb=0 rise=1 failed!

 meas ac tres max tdb from=vexprint3 to=1e9 failed!

ROW ssr_cmd=0 ssr_v=0 fb_v=1.47617 vout_v=0.000229777 isup_a=5.08304E-05 ceff_f=4.7e-06 esr_ohm=0.2 dcgain_db=-284.17 f0_hz= phase_at_f0_deg= f180_hz=1548.49 gain_at_f180_db=-277.858 f0_rising_hz= resurgence_db=
Doing analysis at TEMP = 27.000000 and TNOM = 27.000000

Using SPARSE 1.3 as Direct Linear Solver

No. of Data Rows : 1
Doing analysis at TEMP = 27.000000 and TNOM = 27.000000

Using SPARSE 1.3 as Direct Linear Solver
 Reference value :  5.88844e+07
No. of Data Rows : 4401
Doing analysis at TEMP = 27.000000 and TNOM = 27.000000

Using SPARSE 1.3 as Direct Linear Solver

No. of Data Rows : 4401
dcg                 =  -2.84170e+02
 meas ac f0 when tdb=0 fall=1 failed!

 meas ac phx find tph when tdb=0 fall=1 failed!

f180                =  1.58261e+03
gmx                 =  -2.77818e+02
 meas ac f0r when tdb=0 rise=1 failed!

 meas ac tres max tdb from=vexprint3 to=1e9 failed!

ROW ssr_cmd=0 ssr_v=0 fb_v=1.47617 vout_v=0.000229777 isup_a=5.08304E-05 ceff_f=4.7e-06 esr_ohm=0.5 dcgain_db=-284.17 f0_hz= phase_at_f0_deg= f180_hz=1582.62 gain_at_f180_db=-277.818 f0_rising_hz= resurgence_db=
Doing analysis at TEMP = 27.000000 and TNOM = 27.000000

Using SPARSE 1.3 as Direct Linear Solver

No. of Data Rows : 1
Doing analysis at TEMP = 27.000000 and TNOM = 27.000000

Using SPARSE 1.3 as Direct Linear Solver
 Reference value :  2.90068e+04
No. of Data Rows : 4401
Doing analysis at TEMP = 27.000000 and TNOM = 27.000000

Using SPARSE 1.3 as Direct Linear Solver

No. of Data Rows : 4401
dcg                 =  -2.81435e+02
 meas ac f0 when tdb=0 fall=1 failed!

 meas ac phx find tph when tdb=0 fall=1 failed!

f180                =  3.97090e+03
gmx                 =  -2.64367e+02
 meas ac f0r when tdb=0 rise=1 failed!

 meas ac tres max tdb from=vexprint3 to=1e9 failed!

ROW ssr_cmd=0.05 ssr_v=0.05 fb_v=1.4379 vout_v=0.000225185 isup_a=5.02172E-05 ceff_f=1e-06 esr_ohm=0.001 dcgain_db=-281.435 f0_hz= phase_at_f0_deg= f180_hz=3970.9 gain_at_f180_db=-264.367 f0_rising_hz= resurgence_db=
Doing analysis at TEMP = 27.000000 and TNOM = 27.000000

Using SPARSE 1.3 as Direct Linear Solver

No. of Data Rows : 1
Doing analysis at TEMP = 27.000000 and TNOM = 27.000000

Using SPARSE 1.3 as Direct Linear Solver
 Reference value :  1.03514e+01
No. of Data Rows : 4401
Doing analysis at TEMP = 27.000000 and TNOM = 27.000000

Using SPARSE 1.3 as Direct Linear Solver

No. of Data Rows : 4401
dcg                 =  -2.81435e+02
 meas ac f0 when tdb=0 fall=1 failed!

 meas ac phx find tph when tdb=0 fall=1 failed!

f180                =  3.97306e+03
gmx                 =  -2.64369e+02
 meas ac f0r when tdb=0 rise=1 failed!

 meas ac tres max tdb from=vexprint3 to=1e9 failed!

ROW ssr_cmd=0.05 ssr_v=0.05 fb_v=1.4379 vout_v=0.000225185 isup_a=5.02172E-05 ceff_f=1e-06 esr_ohm=0.05 dcgain_db=-281.435 f0_hz= phase_at_f0_deg= f180_hz=3973.06 gain_at_f180_db=-264.369 f0_rising_hz= resurgence_db=
Doing analysis at TEMP = 27.000000 and TNOM = 27.000000

Using SPARSE 1.3 as Direct Linear Solver

No. of Data Rows : 1
Doing analysis at TEMP = 27.000000 and TNOM = 27.000000

Using SPARSE 1.3 as Direct Linear Solver
 Reference value :  1.25170e-02
No. of Data Rows : 4401
Doing analysis at TEMP = 27.000000 and TNOM = 27.000000

Using SPARSE 1.3 as Direct Linear Solver
 Reference value :  1.77828e+08
No. of Data Rows : 4401
dcg                 =  -2.81435e+02
 meas ac f0 when tdb=0 fall=1 failed!

 meas ac phx find tph when tdb=0 fall=1 failed!

f180                =  3.97527e+03
gmx                 =  -2.64371e+02
 meas ac f0r when tdb=0 rise=1 failed!

 meas ac tres max tdb from=vexprint3 to=1e9 failed!

ROW ssr_cmd=0.05 ssr_v=0.05 fb_v=1.4379 vout_v=0.000225185 isup_a=5.02172E-05 ceff_f=1e-06 esr_ohm=0.1 dcgain_db=-281.435 f0_hz= phase_at_f0_deg= f180_hz=3975.26 gain_at_f180_db=-264.371 f0_rising_hz= resurgence_db=
Doing analysis at TEMP = 27.000000 and TNOM = 27.000000

Using SPARSE 1.3 as Direct Linear Solver

No. of Data Rows : 1
Doing analysis at TEMP = 27.000000 and TNOM = 27.000000

Using SPARSE 1.3 as Direct Linear Solver

No. of Data Rows : 4401
Doing analysis at TEMP = 27.000000 and TNOM = 27.000000

Using SPARSE 1.3 as Direct Linear Solver
 Reference value :  1.89452e+06
No. of Data Rows : 4401
dcg                 =  -2.81435e+02
 meas ac f0 when tdb=0 fall=1 failed!

 meas ac phx find tph when tdb=0 fall=1 failed!

f180                =  3.97970e+03
gmx                 =  -2.64374e+02
 meas ac f0r when tdb=0 rise=1 failed!

 meas ac tres max tdb from=vexprint3 to=1e9 failed!

ROW ssr_cmd=0.05 ssr_v=0.05 fb_v=1.4379 vout_v=0.000225185 isup_a=5.02172E-05 ceff_f=1e-06 esr_ohm=0.2 dcgain_db=-281.435 f0_hz= phase_at_f0_deg= f180_hz=3979.7 gain_at_f180_db=-264.374 f0_rising_hz= resurgence_db=
Doing analysis at TEMP = 27.000000 and TNOM = 27.000000

Using SPARSE 1.3 as Direct Linear Solver

No. of Data Rows : 1
Doing analysis at TEMP = 27.000000 and TNOM = 27.000000

Using SPARSE 1.3 as Direct Linear Solver

No. of Data Rows : 4401
Doing analysis at TEMP = 27.000000 and TNOM = 27.000000

Using SPARSE 1.3 as Direct Linear Solver
 Reference value :  2.77013e+04
No. of Data Rows : 4401
dcg                 =  -2.81435e+02
 meas ac f0 when tdb=0 fall=1 failed!

 meas ac phx find tph when tdb=0 fall=1 failed!

f180                =  3.99327e+03
gmx                 =  -2.64390e+02
 meas ac f0r when tdb=0 rise=1 failed!

 meas ac tres max tdb from=vexprint3 to=1e9 failed!

ROW ssr_cmd=0.05 ssr_v=0.05 fb_v=1.4379 vout_v=0.000225185 isup_a=5.02172E-05 ceff_f=1e-06 esr_ohm=0.5 dcgain_db=-281.435 f0_hz= phase_at_f0_deg= f180_hz=3993.27 gain_at_f180_db=-264.39 f0_rising_hz= resurgence_db=
Doing analysis at TEMP = 27.000000 and TNOM = 27.000000

Using SPARSE 1.3 as Direct Linear Solver

No. of Data Rows : 1
Doing analysis at TEMP = 27.000000 and TNOM = 27.000000

Using SPARSE 1.3 as Direct Linear Solver

No. of Data Rows : 4401
Doing analysis at TEMP = 27.000000 and TNOM = 27.000000

Using SPARSE 1.3 as Direct Linear Solver
 Reference value :  1.20921e+02
No. of Data Rows : 4401
dcg                 =  -2.81435e+02
 meas ac f0 when tdb=0 fall=1 failed!

 meas ac phx find tph when tdb=0 fall=1 failed!

f180                =  1.53387e+03
gmx                 =  -2.75144e+02
 meas ac f0r when tdb=0 rise=1 failed!

 meas ac tres max tdb from=vexprint3 to=1e9 failed!

ROW ssr_cmd=0.05 ssr_v=0.05 fb_v=1.4379 vout_v=0.000225185 isup_a=5.02172E-05 ceff_f=4.7e-06 esr_ohm=0.001 dcgain_db=-281.435 f0_hz= phase_at_f0_deg= f180_hz=1533.87 gain_at_f180_db=-275.144 f0_rising_hz= resurgence_db=
Doing analysis at TEMP = 27.000000 and TNOM = 27.000000

Using SPARSE 1.3 as Direct Linear Solver

No. of Data Rows : 1
Doing analysis at TEMP = 27.000000 and TNOM = 27.000000

Using SPARSE 1.3 as Direct Linear Solver

No. of Data Rows : 4401
Doing analysis at TEMP = 27.000000 and TNOM = 27.000000

Using SPARSE 1.3 as Direct Linear Solver
 Reference value :  2.90068e+01
No. of Data Rows : 4401
dcg                 =  -2.81435e+02
 meas ac f0 when tdb=0 fall=1 failed!

 meas ac phx find tph when tdb=0 fall=1 failed!

f180                =  1.53905e+03
gmx                 =  -2.75107e+02
 meas ac f0r when tdb=0 rise=1 failed!

 meas ac tres max tdb from=vexprint3 to=1e9 failed!

ROW ssr_cmd=0.05 ssr_v=0.05 fb_v=1.4379 vout_v=0.000225185 isup_a=5.02172E-05 ceff_f=4.7e-06 esr_ohm=0.05 dcgain_db=-281.435 f0_hz= phase_at_f0_deg= f180_hz=1539.05 gain_at_f180_db=-275.107 f0_rising_hz= resurgence_db=
Doing analysis at TEMP = 27.000000 and TNOM = 27.000000

Using SPARSE 1.3 as Direct Linear Solver

No. of Data Rows : 1
Doing analysis at TEMP = 27.000000 and TNOM = 27.000000

Using SPARSE 1.3 as Direct Linear Solver

No. of Data Rows : 4401
Doing analysis at TEMP = 27.000000 and TNOM = 27.000000

Using SPARSE 1.3 as Direct Linear Solver
 Reference value :  3.33043e+00
No. of Data Rows : 4401
dcg                 =  -2.81435e+02
 meas ac f0 when tdb=0 fall=1 failed!

 meas ac phx find tph when tdb=0 fall=1 failed!

f180                =  1.54441e+03
gmx                 =  -2.75063e+02
 meas ac f0r when tdb=0 rise=1 failed!

 meas ac tres max tdb from=vexprint3 to=1e9 failed!

ROW ssr_cmd=0.05 ssr_v=0.05 fb_v=1.4379 vout_v=0.000225185 isup_a=5.02172E-05 ceff_f=4.7e-06 esr_ohm=0.1 dcgain_db=-281.435 f0_hz= phase_at_f0_deg= f180_hz=1544.41 gain_at_f180_db=-275.063 f0_rising_hz= resurgence_db=
Doing analysis at TEMP = 27.000000 and TNOM = 27.000000

Using SPARSE 1.3 as Direct Linear Solver

No. of Data Rows : 1
Doing analysis at TEMP = 27.000000 and TNOM = 27.000000

Using SPARSE 1.3 as Direct Linear Solver
 Reference value :  3.75837e+08
No. of Data Rows : 4401
Doing analysis at TEMP = 27.000000 and TNOM = 27.000000

Using SPARSE 1.3 as Direct Linear Solver

No. of Data Rows : 4401
dcg                 =  -2.81435e+02
 meas ac f0 when tdb=0 fall=1 failed!

 meas ac phx find tph when tdb=0 fall=1 failed!

f180                =  1.55531e+03
gmx                 =  -2.75152e+02
 meas ac f0r when tdb=0 rise=1 failed!

 meas ac tres max tdb from=vexprint3 to=1e9 failed!

ROW ssr_cmd=0.05 ssr_v=0.05 fb_v=1.4379 vout_v=0.000225185 isup_a=5.02172E-05 ceff_f=4.7e-06 esr_ohm=0.2 dcgain_db=-281.435 f0_hz= phase_at_f0_deg= f180_hz=1555.32 gain_at_f180_db=-275.152 f0_rising_hz= resurgence_db=
Doing analysis at TEMP = 27.000000 and TNOM = 27.000000

Using SPARSE 1.3 as Direct Linear Solver

No. of Data Rows : 1
Doing analysis at TEMP = 27.000000 and TNOM = 27.000000

Using SPARSE 1.3 as Direct Linear Solver
 Reference value :  8.36566e+04
No. of Data Rows : 4401
Doing analysis at TEMP = 27.000000 and TNOM = 27.000000

Using SPARSE 1.3 as Direct Linear Solver

No. of Data Rows : 4401
dcg                 =  -2.81435e+02
 meas ac f0 when tdb=0 fall=1 failed!

 meas ac phx find tph when tdb=0 fall=1 failed!

f180                =  1.58993e+03
gmx                 =  -2.75140e+02
 meas ac f0r when tdb=0 rise=1 failed!

 meas ac tres max tdb from=vexprint3 to=1e9 failed!

ROW ssr_cmd=0.05 ssr_v=0.05 fb_v=1.4379 vout_v=0.000225185 isup_a=5.02172E-05 ceff_f=4.7e-06 esr_ohm=0.5 dcgain_db=-281.435 f0_hz= phase_at_f0_deg= f180_hz=1589.93 gain_at_f180_db=-275.14 f0_rising_hz= resurgence_db=
Doing analysis at TEMP = 27.000000 and TNOM = 27.000000

Using SPARSE 1.3 as Direct Linear Solver

No. of Data Rows : 1
Doing analysis at TEMP = 27.000000 and TNOM = 27.000000

Using SPARSE 1.3 as Direct Linear Solver
 Reference value :  3.25462e+01
No. of Data Rows : 4401
Doing analysis at TEMP = 27.000000 and TNOM = 27.000000

Using SPARSE 1.3 as Direct Linear Solver

No. of Data Rows : 4401
dcg                 =  -2.74462e+02
 meas ac f0 when tdb=0 fall=1 failed!

 meas ac phx find tph when tdb=0 fall=1 failed!

f180                =  4.00120e+03
gmx                 =  -2.57407e+02
 meas ac f0r when tdb=0 rise=1 failed!

 meas ac tres max tdb from=vexprint3 to=1e9 failed!

ROW ssr_cmd=0.15 ssr_v=0.15 fb_v=1.35741 vout_v=0.000215527 isup_a=4.89272E-05 ceff_f=1e-06 esr_ohm=0.001 dcgain_db=-274.462 f0_hz= phase_at_f0_deg= f180_hz=4001.2 gain_at_f180_db=-257.407 f0_rising_hz= resurgence_db=
Doing analysis at TEMP = 27.000000 and TNOM = 27.000000

Using SPARSE 1.3 as Direct Linear Solver

No. of Data Rows : 1
Doing analysis at TEMP = 27.000000 and TNOM = 27.000000

Using SPARSE 1.3 as Direct Linear Solver
 Reference value :  4.34010e+00
No. of Data Rows : 4401
Doing analysis at TEMP = 27.000000 and TNOM = 27.000000

Using SPARSE 1.3 as Direct Linear Solver

No. of Data Rows : 4401
dcg                 =  -2.74462e+02
 meas ac f0 when tdb=0 fall=1 failed!

 meas ac phx find tph when tdb=0 fall=1 failed!

f180                =  4.00340e+03
gmx                 =  -2.57409e+02
 meas ac f0r when tdb=0 rise=1 failed!

 meas ac tres max tdb from=vexprint3 to=1e9 failed!

ROW ssr_cmd=0.15 ssr_v=0.15 fb_v=1.35741 vout_v=0.000215527 isup_a=4.89272E-05 ceff_f=1e-06 esr_ohm=0.05 dcgain_db=-274.462 f0_hz= phase_at_f0_deg= f180_hz=4003.4 gain_at_f180_db=-257.409 f0_rising_hz= resurgence_db=
Doing analysis at TEMP = 27.000000 and TNOM = 27.000000

Using SPARSE 1.3 as Direct Linear Solver
 Reference value :  0.00000e+00
No. of Data Rows : 1
Doing analysis at TEMP = 27.000000 and TNOM = 27.000000

Using SPARSE 1.3 as Direct Linear Solver

No. of Data Rows : 4401
Doing analysis at TEMP = 27.000000 and TNOM = 27.000000

Using SPARSE 1.3 as Direct Linear Solver
 Reference value :  8.03526e+05
No. of Data Rows : 4401
dcg                 =  -2.74462e+02
 meas ac f0 when tdb=0 fall=1 failed!

 meas ac phx find tph when tdb=0 fall=1 failed!

f180                =  4.00567e+03
gmx                 =  -2.57412e+02
 meas ac f0r when tdb=0 rise=1 failed!

 meas ac tres max tdb from=vexprint3 to=1e9 failed!

ROW ssr_cmd=0.15 ssr_v=0.15 fb_v=1.35741 vout_v=0.000215527 isup_a=4.89272E-05 ceff_f=1e-06 esr_ohm=0.1 dcgain_db=-274.462 f0_hz= phase_at_f0_deg= f180_hz=4005.67 gain_at_f180_db=-257.412 f0_rising_hz= resurgence_db=
Doing analysis at TEMP = 27.000000 and TNOM = 27.000000

Using SPARSE 1.3 as Direct Linear Solver

No. of Data Rows : 1
Doing analysis at TEMP = 27.000000 and TNOM = 27.000000

Using SPARSE 1.3 as Direct Linear Solver

No. of Data Rows : 4401
Doing analysis at TEMP = 27.000000 and TNOM = 27.000000

Using SPARSE 1.3 as Direct Linear Solver
 Reference value :  3.84592e+01
No. of Data Rows : 4401
dcg                 =  -2.74462e+02
 meas ac f0 when tdb=0 fall=1 failed!

 meas ac phx find tph when tdb=0 fall=1 failed!

f180                =  4.01023e+03
gmx                 =  -2.57419e+02
 meas ac f0r when tdb=0 rise=1 failed!

 meas ac tres max tdb from=vexprint3 to=1e9 failed!

ROW ssr_cmd=0.15 ssr_v=0.15 fb_v=1.35741 vout_v=0.000215527 isup_a=4.89272E-05 ceff_f=1e-06 esr_ohm=0.2 dcgain_db=-274.462 f0_hz= phase_at_f0_deg= f180_hz=4010.23 gain_at_f180_db=-257.419 f0_rising_hz= resurgence_db=
Doing analysis at TEMP = 27.000000 and TNOM = 27.000000

Using SPARSE 1.3 as Direct Linear Solver

No. of Data Rows : 1
Doing analysis at TEMP = 27.000000 and TNOM = 27.000000

Using SPARSE 1.3 as Direct Linear Solver

No. of Data Rows : 4401
Doing analysis at TEMP = 27.000000 and TNOM = 27.000000

Using SPARSE 1.3 as Direct Linear Solver
 Reference value :  5.21795e-02
No. of Data Rows : 4401
dcg                 =  -2.74462e+02
 meas ac f0 when tdb=0 fall=1 failed!

 meas ac phx find tph when tdb=0 fall=1 failed!

f180                =  4.02414e+03
gmx                 =  -2.57439e+02
 meas ac f0r when tdb=0 rise=1 failed!

 meas ac tres max tdb from=vexprint3 to=1e9 failed!

ROW ssr_cmd=0.15 ssr_v=0.15 fb_v=1.35741 vout_v=0.000215527 isup_a=4.89272E-05 ceff_f=1e-06 esr_ohm=0.5 dcgain_db=-274.462 f0_hz= phase_at_f0_deg= f180_hz=4024.14 gain_at_f180_db=-257.439 f0_rising_hz= resurgence_db=
Doing analysis at TEMP = 27.000000 and TNOM = 27.000000

Using SPARSE 1.3 as Direct Linear Solver

No. of Data Rows : 1
Doing analysis at TEMP = 27.000000 and TNOM = 27.000000

Using SPARSE 1.3 as Direct Linear Solver
 Reference value :  2.85102e+06
No. of Data Rows : 4401
Doing analysis at TEMP = 27.000000 and TNOM = 27.000000

Using SPARSE 1.3 as Direct Linear Solver

No. of Data Rows : 4401
dcg                 =  -2.74462e+02
 meas ac f0 when tdb=0 fall=1 failed!

 meas ac phx find tph when tdb=0 fall=1 failed!

f180                =  1.54504e+03
gmx                 =  -2.68167e+02
 meas ac f0r when tdb=0 rise=1 failed!

 meas ac tres max tdb from=vexprint3 to=1e9 failed!

ROW ssr_cmd=0.15 ssr_v=0.15 fb_v=1.35741 vout_v=0.000215527 isup_a=4.89272E-05 ceff_f=4.7e-06 esr_ohm=0.001 dcgain_db=-274.462 f0_hz= phase_at_f0_deg= f180_hz=1545.04 gain_at_f180_db=-268.167 f0_rising_hz= resurgence_db=
Doing analysis at TEMP = 27.000000 and TNOM = 27.000000

Using SPARSE 1.3 as Direct Linear Solver

No. of Data Rows : 1
Doing analysis at TEMP = 27.000000 and TNOM = 27.000000

Using SPARSE 1.3 as Direct Linear Solver
 Reference value :  3.84592e+01
No. of Data Rows : 4401
Doing analysis at TEMP = 27.000000 and TNOM = 27.000000

Using SPARSE 1.3 as Direct Linear Solver

No. of Data Rows : 4401
dcg                 =  -2.74462e+02
 meas ac f0 when tdb=0 fall=1 failed!

 meas ac phx find tph when tdb=0 fall=1 failed!

f180                =  1.55033e+03
gmx                 =  -2.68148e+02
 meas ac f0r when tdb=0 rise=1 failed!

 meas ac tres max tdb from=vexprint3 to=1e9 failed!

ROW ssr_cmd=0.15 ssr_v=0.15 fb_v=1.35741 vout_v=0.000215527 isup_a=4.89272E-05 ceff_f=4.7e-06 esr_ohm=0.05 dcgain_db=-274.462 f0_hz= phase_at_f0_deg= f180_hz=1550.33 gain_at_f180_db=-268.148 f0_rising_hz= resurgence_db=
Doing analysis at TEMP = 27.000000 and TNOM = 27.000000

Using SPARSE 1.3 as Direct Linear Solver

No. of Data Rows : 1
Doing analysis at TEMP = 27.000000 and TNOM = 27.000000

Using SPARSE 1.3 as Direct Linear Solver
 Reference value :  1.00000e-02
No. of Data Rows : 4401
Doing analysis at TEMP = 27.000000 and TNOM = 27.000000

Using SPARSE 1.3 as Direct Linear Solver

No. of Data Rows : 4401
dcg                 =  -2.74462e+02
 meas ac f0 when tdb=0 fall=1 failed!

 meas ac phx find tph when tdb=0 fall=1 failed!

f180                =  1.55581e+03
gmx                 =  -2.68147e+02
 meas ac f0r when tdb=0 rise=1 failed!

 meas ac tres max tdb from=vexprint3 to=1e9 failed!

ROW ssr_cmd=0.15 ssr_v=0.15 fb_v=1.35741 vout_v=0.000215527 isup_a=4.89272E-05 ceff_f=4.7e-06 esr_ohm=0.1 dcgain_db=-274.462 f0_hz= phase_at_f0_deg= f180_hz=1555.81 gain_at_f180_db=-268.147 f0_rising_hz= resurgence_db=
Doing analysis at TEMP = 27.000000 and TNOM = 27.000000

Using SPARSE 1.3 as Direct Linear Solver
 Reference value :  0.00000e+00
No. of Data Rows : 1
Doing analysis at TEMP = 27.000000 and TNOM = 27.000000

Using SPARSE 1.3 as Direct Linear Solver

No. of Data Rows : 4401
Doing analysis at TEMP = 27.000000 and TNOM = 27.000000

Using SPARSE 1.3 as Direct Linear Solver
 Reference value :  2.37137e+06
No. of Data Rows : 4401
dcg                 =  -2.74462e+02
 meas ac f0 when tdb=0 fall=1 failed!

 meas ac phx find tph when tdb=0 fall=1 failed!

f180                =  1.56697e+03
gmx                 =  -2.68137e+02
 meas ac f0r when tdb=0 rise=1 failed!

 meas ac tres max tdb from=vexprint3 to=1e9 failed!

ROW ssr_cmd=0.15 ssr_v=0.15 fb_v=1.35741 vout_v=0.000215527 isup_a=4.89272E-05 ceff_f=4.7e-06 esr_ohm=0.2 dcgain_db=-274.462 f0_hz= phase_at_f0_deg= f180_hz=1566.97 gain_at_f180_db=-268.137 f0_rising_hz= resurgence_db=
Doing analysis at TEMP = 27.000000 and TNOM = 27.000000

Using SPARSE 1.3 as Direct Linear Solver

No. of Data Rows : 1
Doing analysis at TEMP = 27.000000 and TNOM = 27.000000

Using SPARSE 1.3 as Direct Linear Solver

No. of Data Rows : 4401
Doing analysis at TEMP = 27.000000 and TNOM = 27.000000

Using SPARSE 1.3 as Direct Linear Solver
 Reference value :  2.90068e+02
No. of Data Rows : 4401
dcg                 =  -2.74462e+02
 meas ac f0 when tdb=0 fall=1 failed!

 meas ac phx find tph when tdb=0 fall=1 failed!

f180                =  1.60234e+03
gmx                 =  -2.68164e+02
 meas ac f0r when tdb=0 rise=1 failed!

 meas ac tres max tdb from=vexprint3 to=1e9 failed!

ROW ssr_cmd=0.15 ssr_v=0.15 fb_v=1.35741 vout_v=0.000215527 isup_a=4.89272E-05 ceff_f=4.7e-06 esr_ohm=0.5 dcgain_db=-274.462 f0_hz= phase_at_f0_deg= f180_hz=1602.35 gain_at_f180_db=-268.164 f0_rising_hz= resurgence_db=
Doing analysis at TEMP = 27.000000 and TNOM = 27.000000

Using SPARSE 1.3 as Direct Linear Solver

No. of Data Rows : 1
Doing analysis at TEMP = 27.000000 and TNOM = 27.000000

Using SPARSE 1.3 as Direct Linear Solver
 Reference value :  8.75992e+05
No. of Data Rows : 4401
Doing analysis at TEMP = 27.000000 and TNOM = 27.000000

Using SPARSE 1.3 as Direct Linear Solver

No. of Data Rows : 4401
dcg                 =  1.15121e+02
f0                  =  2.25111e+05
phx                 =  -1.19111e+02
f180                =  1.05686e+06
gmx                 =  -1.69734e+01
 meas ac f0r when tdb=0 rise=1 failed!

tres                =  -4.85402e-01 at=  2.37137e+05
ROW ssr_cmd=0.6 ssr_v=0.6 fb_v=1.19947 vout_v=0.318217 isup_a=0.00888019 ceff_f=1e-06 esr_ohm=0.001 dcgain_db=115.121 f0_hz=225111 phase_at_f0_deg=-119.111 f180_hz=1.05686E+06 gain_at_f180_db=-16.9734 f0_rising_hz= resurgence_db=-0.485402
Doing analysis at TEMP = 27.000000 and TNOM = 27.000000

Using SPARSE 1.3 as Direct Linear Solver
 Reference value :  0.00000e+00
No. of Data Rows : 1
Doing analysis at TEMP = 27.000000 and TNOM = 27.000000

Using SPARSE 1.3 as Direct Linear Solver

No. of Data Rows : 4401
Doing analysis at TEMP = 27.000000 and TNOM = 27.000000

Using SPARSE 1.3 as Direct Linear Solver
 Reference value :  1.72783e+01
No. of Data Rows : 4401
dcg                 =  1.15121e+02
f0                  =  2.25338e+05
phx                 =  -1.15157e+02
f180                =  1.45022e+06
gmx                 =  -2.12792e+01
 meas ac f0r when tdb=0 rise=1 failed!

tres                =  -4.73697e-01 at=  2.37137e+05
ROW ssr_cmd=0.6 ssr_v=0.6 fb_v=1.19947 vout_v=0.318217 isup_a=0.00888019 ceff_f=1e-06 esr_ohm=0.05 dcgain_db=115.121 f0_hz=225338 phase_at_f0_deg=-115.157 f180_hz=1.45022E+06 gain_at_f180_db=-21.2792 f0_rising_hz= resurgence_db=-0.473698
Doing analysis at TEMP = 27.000000 and TNOM = 27.000000

Using SPARSE 1.3 as Direct Linear Solver

No. of Data Rows : 1
Doing analysis at TEMP = 27.000000 and TNOM = 27.000000

Using SPARSE 1.3 as Direct Linear Solver
 Reference value :  2.41268e+04
No. of Data Rows : 4401
Doing analysis at TEMP = 27.000000 and TNOM = 27.000000

Using SPARSE 1.3 as Direct Linear Solver

No. of Data Rows : 4401
dcg                 =  1.15121e+02
f0                  =  2.26620e+05
phx                 =  -1.11177e+02
f180                =  1.99096e+06
gmx                 =  -2.41440e+01
 meas ac f0r when tdb=0 rise=1 failed!

tres                =  -4.67588e-01 at=  2.38506e+05
ROW ssr_cmd=0.6 ssr_v=0.6 fb_v=1.19947 vout_v=0.318217 isup_a=0.00888019 ceff_f=1e-06 esr_ohm=0.1 dcgain_db=115.121 f0_hz=226620 phase_at_f0_deg=-111.177 f180_hz=1.99096E+06 gain_at_f180_db=-24.144 f0_rising_hz= resurgence_db=-0.467588
Doing analysis at TEMP = 27.000000 and TNOM = 27.000000

Using SPARSE 1.3 as Direct Linear Solver
 Reference value :  0.00000e+00
No. of Data Rows : 1
Doing analysis at TEMP = 27.000000 and TNOM = 27.000000

Using SPARSE 1.3 as Direct Linear Solver

No. of Data Rows : 4401
Doing analysis at TEMP = 27.000000 and TNOM = 27.000000

Using SPARSE 1.3 as Direct Linear Solver
 Reference value :  5.78762e+00
No. of Data Rows : 4401
dcg                 =  1.15121e+02
f0                  =  2.32627e+05
phx                 =  -1.03334e+02
f180                =  2.52584e+06
gmx                 =  -2.31144e+01
 meas ac f0r when tdb=0 rise=1 failed!

tres                =  -4.63323e-01 at=  2.45471e+05
ROW ssr_cmd=0.6 ssr_v=0.6 fb_v=1.19947 vout_v=0.318217 isup_a=0.00888019 ceff_f=1e-06 esr_ohm=0.2 dcgain_db=115.121 f0_hz=232627 phase_at_f0_deg=-103.334 f180_hz=2.52584E+06 gain_at_f180_db=-23.1144 f0_rising_hz= resurgence_db=-0.463323
Doing analysis at TEMP = 27.000000 and TNOM = 27.000000

Using SPARSE 1.3 as Direct Linear Solver

No. of Data Rows : 1
Doing analysis at TEMP = 27.000000 and TNOM = 27.000000

Using SPARSE 1.3 as Direct Linear Solver
 Reference value :  6.16595e+03
No. of Data Rows : 4401
Doing analysis at TEMP = 27.000000 and TNOM = 27.000000

Using SPARSE 1.3 as Direct Linear Solver

No. of Data Rows : 4401
dcg                 =  1.15121e+02
f0                  =  2.96609e+05
phx                 =  -8.08026e+01
f180                =  2.85661e+06
gmx                 =  -1.74960e+01
 meas ac f0r when tdb=0 rise=1 failed!

tres                =  -2.82267e-01 at=  3.12608e+05
ROW ssr_cmd=0.6 ssr_v=0.6 fb_v=1.19947 vout_v=0.318217 isup_a=0.00888019 ceff_f=1e-06 esr_ohm=0.5 dcgain_db=115.121 f0_hz=296609 phase_at_f0_deg=-80.8026 f180_hz=2.85661E+06 gain_at_f180_db=-17.496 f0_rising_hz= resurgence_db=-0.282267
Doing analysis at TEMP = 27.000000 and TNOM = 27.000000

Using SPARSE 1.3 as Direct Linear Solver
 Reference value :  0.00000e+00
No. of Data Rows : 1
Doing analysis at TEMP = 27.000000 and TNOM = 27.000000

Using SPARSE 1.3 as Direct Linear Solver

No. of Data Rows : 4401
Doing analysis at TEMP = 27.000000 and TNOM = 27.000000

Using SPARSE 1.3 as Direct Linear Solver
 Reference value :  6.79986e-01
No. of Data Rows : 4401
dcg                 =  1.15121e+02
f0                  =  5.76553e+04
phx                 =  -1.26958e+02
f180                =  1.07573e+06
gmx                 =  -3.06733e+01
 meas ac f0r when tdb=0 rise=1 failed!

tres                =  -5.57404e-01 at=  6.06038e+04
ROW ssr_cmd=0.6 ssr_v=0.6 fb_v=1.19947 vout_v=0.318217 isup_a=0.00888019 ceff_f=4.7e-06 esr_ohm=0.001 dcgain_db=115.121 f0_hz=57655.3 phase_at_f0_deg=-126.958 f180_hz=1.07573E+06 gain_at_f180_db=-30.6733 f0_rising_hz= resurgence_db=-0.557404
Doing analysis at TEMP = 27.000000 and TNOM = 27.000000

Using SPARSE 1.3 as Direct Linear Solver

No. of Data Rows : 1
Doing analysis at TEMP = 27.000000 and TNOM = 27.000000

Using SPARSE 1.3 as Direct Linear Solver
 Reference value :  7.28618e+05
No. of Data Rows : 4401
Doing analysis at TEMP = 27.000000 and TNOM = 27.000000

Using SPARSE 1.3 as Direct Linear Solver

No. of Data Rows : 4401
dcg                 =  1.15121e+02
f0                  =  5.77531e+04
phx                 =  -1.22151e+02
f180                =  2.61251e+06
gmx                 =  -3.57488e+01
 meas ac f0r when tdb=0 rise=1 failed!

tres                =  -5.98555e-01 at=  6.09537e+04
ROW ssr_cmd=0.6 ssr_v=0.6 fb_v=1.19947 vout_v=0.318217 isup_a=0.00888019 ceff_f=4.7e-06 esr_ohm=0.05 dcgain_db=115.121 f0_hz=57753.1 phase_at_f0_deg=-122.151 f180_hz=2.61251E+06 gain_at_f180_db=-35.7488 f0_rising_hz= resurgence_db=-0.598556
Doing analysis at TEMP = 27.000000 and TNOM = 27.000000

Using SPARSE 1.3 as Direct Linear Solver

No. of Data Rows : 1
Doing analysis at TEMP = 27.000000 and TNOM = 27.000000

Using SPARSE 1.3 as Direct Linear Solver
 Reference value :  1.00000e-02
No. of Data Rows : 4401
Doing analysis at TEMP = 27.000000 and TNOM = 27.000000

Using SPARSE 1.3 as Direct Linear Solver
 Reference value :  7.45590e+04
No. of Data Rows : 4401
dcg                 =  1.15121e+02
f0                  =  5.81771e+04
phx                 =  -1.17138e+02
f180                =  2.84612e+06
gmx                 =  -3.12971e+01
 meas ac f0r when tdb=0 rise=1 failed!

tres                =  -5.69832e-01 at=  6.13056e+04
ROW ssr_cmd=0.6 ssr_v=0.6 fb_v=1.19947 vout_v=0.318217 isup_a=0.00888019 ceff_f=4.7e-06 esr_ohm=0.1 dcgain_db=115.121 f0_hz=58177.1 phase_at_f0_deg=-117.138 f180_hz=2.84612E+06 gain_at_f180_db=-31.2971 f0_rising_hz= resurgence_db=-0.569832
Doing analysis at TEMP = 27.000000 and TNOM = 27.000000

Using SPARSE 1.3 as Direct Linear Solver

No. of Data Rows : 1
Doing analysis at TEMP = 27.000000 and TNOM = 27.000000

Using SPARSE 1.3 as Direct Linear Solver
 Reference value :  3.31131e+07
No. of Data Rows : 4401
Doing analysis at TEMP = 27.000000 and TNOM = 27.000000

Using SPARSE 1.3 as Direct Linear Solver

No. of Data Rows : 4401
dcg                 =  1.15121e+02
f0                  =  6.01034e+04
phx                 =  -1.06732e+02
f180                =  2.95735e+06
gmx                 =  -2.59729e+01
 meas ac f0r when tdb=0 rise=1 failed!

tres                =  -5.44100e-01 at=  6.34600e+04
ROW ssr_cmd=0.6 ssr_v=0.6 fb_v=1.19947 vout_v=0.318217 isup_a=0.00888019 ceff_f=4.7e-06 esr_ohm=0.2 dcgain_db=115.121 f0_hz=60103.4 phase_at_f0_deg=-106.732 f180_hz=2.95735E+06 gain_at_f180_db=-25.9729 f0_rising_hz= resurgence_db=-0.5441
Doing analysis at TEMP = 27.000000 and TNOM = 27.000000

Using SPARSE 1.3 as Direct Linear Solver

No. of Data Rows : 1
Doing analysis at TEMP = 27.000000 and TNOM = 27.000000

Using SPARSE 1.3 as Direct Linear Solver
 Reference value :  1.00000e-02
No. of Data Rows : 4401
Doing analysis at TEMP = 27.000000 and TNOM = 27.000000

Using SPARSE 1.3 as Direct Linear Solver
 Reference value :  2.58523e+05
No. of Data Rows : 4401
dcg                 =  1.15121e+02
f0                  =  8.22945e+04
phx                 =  -7.07624e+01
f180                =  3.02033e+06
gmx                 =  -1.84574e+01
 meas ac f0r when tdb=0 rise=1 failed!

tres                =  -2.49656e-01 at=  8.65964e+04
ROW ssr_cmd=0.6 ssr_v=0.6 fb_v=1.19947 vout_v=0.318217 isup_a=0.00888019 ceff_f=4.7e-06 esr_ohm=0.5 dcgain_db=115.121 f0_hz=82294.5 phase_at_f0_deg=-70.7624 f180_hz=3.02033E+06 gain_at_f180_db=-18.4574 f0_rising_hz= resurgence_db=-0.249656
Doing analysis at TEMP = 27.000000 and TNOM = 27.000000

Using SPARSE 1.3 as Direct Linear Solver

No. of Data Rows : 1
Doing analysis at TEMP = 27.000000 and TNOM = 27.000000

Using SPARSE 1.3 as Direct Linear Solver
 Reference value :  7.12033e+05
No. of Data Rows : 4401
Doing analysis at TEMP = 27.000000 and TNOM = 27.000000

Using SPARSE 1.3 as Direct Linear Solver

No. of Data Rows : 4401
dcg                 =  1.19412e+02
f0                  =  2.96305e+05
phx                 =  -1.26879e+02
f180                =  1.01650e+06
gmx                 =  -1.41883e+01
 meas ac f0r when tdb=0 rise=1 failed!

tres                =  -5.22221e-01 at=  3.12608e+05
ROW ssr_cmd=1.15 ssr_v=1.15 fb_v=1.19947 vout_v=0.979635 isup_a=0.0272465 ceff_f=1e-06 esr_ohm=0.001 dcgain_db=119.412 f0_hz=296305 phase_at_f0_deg=-126.879 f180_hz=1.0165E+06 gain_at_f180_db=-14.1883 f0_rising_hz= resurgence_db=-0.522221
Doing analysis at TEMP = 27.000000 and TNOM = 27.000000

Using SPARSE 1.3 as Direct Linear Solver
 Reference value :  0.00000e+00
No. of Data Rows : 1
Doing analysis at TEMP = 27.000000 and TNOM = 27.000000

Using SPARSE 1.3 as Direct Linear Solver

No. of Data Rows : 4401
Doing analysis at TEMP = 27.000000 and TNOM = 27.000000

Using SPARSE 1.3 as Direct Linear Solver
 Reference value :  1.10281e-01
No. of Data Rows : 4401
dcg                 =  1.19412e+02
f0                  =  2.97046e+05
phx                 =  -1.21698e+02
f180                =  1.39711e+06
gmx                 =  -1.85481e+01
 meas ac f0r when tdb=0 rise=1 failed!

tres                =  -4.93906e-01 at=  3.12608e+05
ROW ssr_cmd=1.15 ssr_v=1.15 fb_v=1.19947 vout_v=0.979635 isup_a=0.0272465 ceff_f=1e-06 esr_ohm=0.05 dcgain_db=119.412 f0_hz=297046 phase_at_f0_deg=-121.698 f180_hz=1.39711E+06 gain_at_f180_db=-18.5481 f0_rising_hz= resurgence_db=-0.493906
Doing analysis at TEMP = 27.000000 and TNOM = 27.000000

Using SPARSE 1.3 as Direct Linear Solver

No. of Data Rows : 1
Doing analysis at TEMP = 27.000000 and TNOM = 27.000000

Using SPARSE 1.3 as Direct Linear Solver
 Reference value :  4.07380e-02
No. of Data Rows : 4401
Doing analysis at TEMP = 27.000000 and TNOM = 27.000000

Using SPARSE 1.3 as Direct Linear Solver
 Reference value :  7.67361e+03
No. of Data Rows : 4401
dcg                 =  1.19412e+02
f0                  =  3.00170e+05
phx                 =  -1.16570e+02
f180                =  1.93159e+06
gmx                 =  -2.15656e+01
 meas ac f0r when tdb=0 rise=1 failed!

tres                =  -4.92442e-01 at=  3.16228e+05
ROW ssr_cmd=1.15 ssr_v=1.15 fb_v=1.19947 vout_v=0.979635 isup_a=0.0272465 ceff_f=1e-06 esr_ohm=0.1 dcgain_db=119.412 f0_hz=300170 phase_at_f0_deg=-116.57 f180_hz=1.93159E+06 gain_at_f180_db=-21.5656 f0_rising_hz= resurgence_db=-0.492442
Doing analysis at TEMP = 27.000000 and TNOM = 27.000000

Using SPARSE 1.3 as Direct Linear Solver

No. of Data Rows : 1
Doing analysis at TEMP = 27.000000 and TNOM = 27.000000

Using SPARSE 1.3 as Direct Linear Solver
 Reference value :  1.38038e+04
No. of Data Rows : 4401
Doing analysis at TEMP = 27.000000 and TNOM = 27.000000

Using SPARSE 1.3 as Direct Linear Solver

No. of Data Rows : 4401
dcg                 =  1.19412e+02
f0                  =  3.14408e+05
phx                 =  -1.06675e+02
f180                =  2.47040e+06
gmx                 =  -2.06586e+01
 meas ac f0r when tdb=0 rise=1 failed!

tres                =  -4.45267e-01 at=  3.31131e+05
ROW ssr_cmd=1.15 ssr_v=1.15 fb_v=1.19947 vout_v=0.979635 isup_a=0.0272465 ceff_f=1e-06 esr_ohm=0.2 dcgain_db=119.412 f0_hz=314408 phase_at_f0_deg=-106.675 f180_hz=2.4704E+06 gain_at_f180_db=-20.6586 f0_rising_hz= resurgence_db=-0.445267
Doing analysis at TEMP = 27.000000 and TNOM = 27.000000

Using SPARSE 1.3 as Direct Linear Solver
 Reference value :  0.00000e+00
No. of Data Rows : 1
Doing analysis at TEMP = 27.000000 and TNOM = 27.000000

Using SPARSE 1.3 as Direct Linear Solver

No. of Data Rows : 4401
Doing analysis at TEMP = 27.000000 and TNOM = 27.000000

Using SPARSE 1.3 as Direct Linear Solver
 Reference value :  1.38835e-02
No. of Data Rows : 4401
dcg                 =  1.19412e+02
f0                  =  4.95220e+05
phx                 =  -8.46604e+01
f180                =  2.80156e+06
gmx                 =  -1.50705e+01
 meas ac f0r when tdb=0 rise=1 failed!

tres                =  -2.41549e-01 at=  5.21795e+05
ROW ssr_cmd=1.15 ssr_v=1.15 fb_v=1.19947 vout_v=0.979635 isup_a=0.0272465 ceff_f=1e-06 esr_ohm=0.5 dcgain_db=119.412 f0_hz=495220 phase_at_f0_deg=-84.6604 f180_hz=2.80156E+06 gain_at_f180_db=-15.0705 f0_rising_hz= resurgence_db=-0.241549
Doing analysis at TEMP = 27.000000 and TNOM = 27.000000

Using SPARSE 1.3 as Direct Linear Solver

No. of Data Rows : 1
Doing analysis at TEMP = 27.000000 and TNOM = 27.000000

Using SPARSE 1.3 as Direct Linear Solver
 Reference value :  1.00000e-02
No. of Data Rows : 4401
Doing analysis at TEMP = 27.000000 and TNOM = 27.000000

Using SPARSE 1.3 as Direct Linear Solver
 Reference value :  4.78630e+02
No. of Data Rows : 4401
dcg                 =  1.19412e+02
f0                  =  7.72255e+04
phx                 =  -1.27411e+02
f180                =  1.03429e+06
gmx                 =  -2.78813e+01
 meas ac f0r when tdb=0 rise=1 failed!

tres                =  -5.66668e-01 at=  8.12831e+04
ROW ssr_cmd=1.15 ssr_v=1.15 fb_v=1.19947 vout_v=0.979635 isup_a=0.0272465 ceff_f=4.7e-06 esr_ohm=0.001 dcgain_db=119.412 f0_hz=77225.5 phase_at_f0_deg=-127.411 f180_hz=1.03429E+06 gain_at_f180_db=-27.8813 f0_rising_hz= resurgence_db=-0.566668
Doing analysis at TEMP = 27.000000 and TNOM = 27.000000

Using SPARSE 1.3 as Direct Linear Solver

No. of Data Rows : 1
Doing analysis at TEMP = 27.000000 and TNOM = 27.000000

Using SPARSE 1.3 as Direct Linear Solver
 Reference value :  1.05925e+02
No. of Data Rows : 4401
Doing analysis at TEMP = 27.000000 and TNOM = 27.000000

Using SPARSE 1.3 as Direct Linear Solver
 Reference value :  7.62957e+06
No. of Data Rows : 4401
dcg                 =  1.19412e+02
f0                  =  7.75267e+04
phx                 =  -1.20953e+02
f180                =  2.55906e+06
gmx                 =  -3.33176e+01
 meas ac f0r when tdb=0 rise=1 failed!

tres                =  -5.80322e-01 at=  8.17523e+04
ROW ssr_cmd=1.15 ssr_v=1.15 fb_v=1.19947 vout_v=0.979635 isup_a=0.0272465 ceff_f=4.7e-06 esr_ohm=0.05 dcgain_db=119.412 f0_hz=77526.7 phase_at_f0_deg=-120.953 f180_hz=2.55906E+06 gain_at_f180_db=-33.3176 f0_rising_hz= resurgence_db=-0.580322
Doing analysis at TEMP = 27.000000 and TNOM = 27.000000

Using SPARSE 1.3 as Direct Linear Solver

No. of Data Rows : 1
Doing analysis at TEMP = 27.000000 and TNOM = 27.000000

Using SPARSE 1.3 as Direct Linear Solver
 Reference value :  4.14477e+07
No. of Data Rows : 4401
Doing analysis at TEMP = 27.000000 and TNOM = 27.000000

Using SPARSE 1.3 as Direct Linear Solver

No. of Data Rows : 4401
dcg                 =  1.19412e+02
f0                  =  7.86434e+04
phx                 =  -1.14198e+02
f180                =  2.79161e+06
gmx                 =  -2.88648e+01
 meas ac f0r when tdb=0 rise=1 failed!

tres                =  -5.30514e-01 at=  8.26990e+04
ROW ssr_cmd=1.15 ssr_v=1.15 fb_v=1.19947 vout_v=0.979635 isup_a=0.0272465 ceff_f=4.7e-06 esr_ohm=0.1 dcgain_db=119.412 f0_hz=78643.4 phase_at_f0_deg=-114.198 f180_hz=2.7916E+06 gain_at_f180_db=-28.8648 f0_rising_hz= resurgence_db=-0.530514
Doing analysis at TEMP = 27.000000 and TNOM = 27.000000

Using SPARSE 1.3 as Direct Linear Solver
 Reference value :  0.00000e+00
No. of Data Rows : 1
Doing analysis at TEMP = 27.000000 and TNOM = 27.000000

Using SPARSE 1.3 as Direct Linear Solver

No. of Data Rows : 4401
Doing analysis at TEMP = 27.000000 and TNOM = 27.000000

Using SPARSE 1.3 as Direct Linear Solver
 Reference value :  3.42768e-01
No. of Data Rows : 4401
dcg                 =  1.19412e+02
f0                  =  8.37893e+04
phx                 =  -1.00040e+02
f180                =  2.90316e+06
gmx                 =  -2.35483e+01
 meas ac f0r when tdb=0 rise=1 failed!

tres                =  -4.55317e-01 at=  8.81049e+04
ROW ssr_cmd=1.15 ssr_v=1.15 fb_v=1.19947 vout_v=0.979635 isup_a=0.0272465 ceff_f=4.7e-06 esr_ohm=0.2 dcgain_db=119.412 f0_hz=83789.3 phase_at_f0_deg=-100.04 f180_hz=2.90316E+06 gain_at_f180_db=-23.5483 f0_rising_hz= resurgence_db=-0.455317
Doing analysis at TEMP = 27.000000 and TNOM = 27.000000

Using SPARSE 1.3 as Direct Linear Solver

No. of Data Rows : 1
Doing analysis at TEMP = 27.000000 and TNOM = 27.000000

Using SPARSE 1.3 as Direct Linear Solver
 Reference value :  6.27336e-02
No. of Data Rows : 4401
Doing analysis at TEMP = 27.000000 and TNOM = 27.000000

Using SPARSE 1.3 as Direct Linear Solver
 Reference value :  5.55904e+03
No. of Data Rows : 4401
dcg                 =  1.19412e+02
f0                  =  2.10138e+05
phx                 =  -5.09002e+01
f180                =  2.96523e+06
gmx                 =  -1.60362e+01
 meas ac f0r when tdb=0 rise=1 failed!

tres                =  -8.64895e-02 at=  2.21309e+05
ROW ssr_cmd=1.15 ssr_v=1.15 fb_v=1.19947 vout_v=0.979635 isup_a=0.0272465 ceff_f=4.7e-06 esr_ohm=0.5 dcgain_db=119.412 f0_hz=210138 phase_at_f0_deg=-50.9002 f180_hz=2.96522E+06 gain_at_f180_db=-16.0362 f0_rising_hz= resurgence_db=-0.0864895
Doing analysis at TEMP = 27.000000 and TNOM = 27.000000

Using SPARSE 1.3 as Direct Linear Solver

No. of Data Rows : 1
Doing analysis at TEMP = 27.000000 and TNOM = 27.000000

Using SPARSE 1.3 as Direct Linear Solver
 Reference value :  1.00000e-02
No. of Data Rows : 4401
Doing analysis at TEMP = 27.000000 and TNOM = 27.000000

Using SPARSE 1.3 as Direct Linear Solver
 Reference value :  9.38642e-01
No. of Data Rows : 4401
dcg                 =  1.19754e+02
f0                  =  3.04715e+05
phx                 =  -1.27631e+02
f180                =  1.01372e+06
gmx                 =  -1.38925e+01
 meas ac f0r when tdb=0 rise=1 failed!

tres                =  -5.32413e-01 at=  3.21736e+05
ROW ssr_cmd=1.25 ssr_v=1.25 fb_v=1.19947 vout_v=1.09537 isup_a=0.0304602 ceff_f=1e-06 esr_ohm=0.001 dcgain_db=119.754 f0_hz=304714 phase_at_f0_deg=-127.631 f180_hz=1.01372E+06 gain_at_f180_db=-13.8925 f0_rising_hz= resurgence_db=-0.532413
Doing analysis at TEMP = 27.000000 and TNOM = 27.000000

Using SPARSE 1.3 as Direct Linear Solver

No. of Data Rows : 1
Doing analysis at TEMP = 27.000000 and TNOM = 27.000000

Using SPARSE 1.3 as Direct Linear Solver
 Reference value :  1.00000e-02
No. of Data Rows : 4401
Doing analysis at TEMP = 27.000000 and TNOM = 27.000000

Using SPARSE 1.3 as Direct Linear Solver
 Reference value :  5.88844e+02
No. of Data Rows : 4401
dcg                 =  1.19754e+02
f0                  =  3.05558e+05
phx                 =  -1.22317e+02
f180                =  1.39149e+06
gmx                 =  -1.82306e+01
 meas ac f0r when tdb=0 rise=1 failed!

tres                =  -5.01087e-01 at=  3.21736e+05
ROW ssr_cmd=1.25 ssr_v=1.25 fb_v=1.19947 vout_v=1.09537 isup_a=0.0304602 ceff_f=1e-06 esr_ohm=0.05 dcgain_db=119.754 f0_hz=305558 phase_at_f0_deg=-122.317 f180_hz=1.39149E+06 gain_at_f180_db=-18.2306 f0_rising_hz= resurgence_db=-0.501087
Doing analysis at TEMP = 27.000000 and TNOM = 27.000000

Using SPARSE 1.3 as Direct Linear Solver

No. of Data Rows : 1
Doing analysis at TEMP = 27.000000 and TNOM = 27.000000

Using SPARSE 1.3 as Direct Linear Solver
 Reference value :  1.00000e-02
No. of Data Rows : 4401
Doing analysis at TEMP = 27.000000 and TNOM = 27.000000

Using SPARSE 1.3 as Direct Linear Solver
 Reference value :  2.04174e-02
No. of Data Rows : 4401
dcg                 =  1.19754e+02
f0                  =  3.08946e+05
phx                 =  -1.17049e+02
f180                =  1.92480e+06
gmx                 =  -2.12666e+01
 meas ac f0r when tdb=0 rise=1 failed!

tres                =  -4.93579e-01 at=  3.25462e+05
ROW ssr_cmd=1.25 ssr_v=1.25 fb_v=1.19947 vout_v=1.09537 isup_a=0.0304602 ceff_f=1e-06 esr_ohm=0.1 dcgain_db=119.754 f0_hz=308946 phase_at_f0_deg=-117.049 f180_hz=1.9248E+06 gain_at_f180_db=-21.2666 f0_rising_hz= resurgence_db=-0.493579
Doing analysis at TEMP = 27.000000 and TNOM = 27.000000

Using SPARSE 1.3 as Direct Linear Solver

No. of Data Rows : 1
Doing analysis at TEMP = 27.000000 and TNOM = 27.000000

Using SPARSE 1.3 as Direct Linear Solver
 Reference value :  1.00000e-02
No. of Data Rows : 4401
Doing analysis at TEMP = 27.000000 and TNOM = 27.000000

Using SPARSE 1.3 as Direct Linear Solver
 Reference value :  1.23027e-01
No. of Data Rows : 4401
dcg                 =  1.19754e+02
f0                  =  3.24510e+05
phx                 =  -1.06949e+02
f180                =  2.46063e+06
gmx                 =  -2.03507e+01
 meas ac f0r when tdb=0 rise=1 failed!

tres                =  -4.20270e-01 at=  3.40800e+05
ROW ssr_cmd=1.25 ssr_v=1.25 fb_v=1.19947 vout_v=1.09537 isup_a=0.0304602 ceff_f=1e-06 esr_ohm=0.2 dcgain_db=119.754 f0_hz=324510 phase_at_f0_deg=-106.949 f180_hz=2.46063E+06 gain_at_f180_db=-20.3507 f0_rising_hz= resurgence_db=-0.42027
Doing analysis at TEMP = 27.000000 and TNOM = 27.000000

Using SPARSE 1.3 as Direct Linear Solver

No. of Data Rows : 1
Doing analysis at TEMP = 27.000000 and TNOM = 27.000000

Using SPARSE 1.3 as Direct Linear Solver
 Reference value :  1.00000e-02
No. of Data Rows : 4401
Doing analysis at TEMP = 27.000000 and TNOM = 27.000000

Using SPARSE 1.3 as Direct Linear Solver
 Reference value :  7.28618e-02
No. of Data Rows : 4401
dcg                 =  1.19754e+02
f0                  =  5.24543e+05
phx                 =  -8.56693e+01
f180                =  2.79105e+06
gmx                 =  -1.47657e+01
 meas ac f0r when tdb=0 rise=1 failed!

tres                =  -2.42912e-01 at=  5.52713e+05
ROW ssr_cmd=1.25 ssr_v=1.25 fb_v=1.19947 vout_v=1.09537 isup_a=0.0304602 ceff_f=1e-06 esr_ohm=0.5 dcgain_db=119.754 f0_hz=524543 phase_at_f0_deg=-85.6693 f180_hz=2.79105E+06 gain_at_f180_db=-14.7657 f0_rising_hz= resurgence_db=-0.242912
Doing analysis at TEMP = 27.000000 and TNOM = 27.000000

Using SPARSE 1.3 as Direct Linear Solver

No. of Data Rows : 1
Doing analysis at TEMP = 27.000000 and TNOM = 27.000000

Using SPARSE 1.3 as Direct Linear Solver
 Reference value :  1.00000e-02
No. of Data Rows : 4401
Doing analysis at TEMP = 27.000000 and TNOM = 27.000000

Using SPARSE 1.3 as Direct Linear Solver
 Reference value :  3.23594e-02
No. of Data Rows : 4401
dcg                 =  1.19754e+02
f0                  =  7.93874e+04
phx                 =  -1.27302e+02
f180                =  1.03140e+06
gmx                 =  -2.75843e+01
 meas ac f0r when tdb=0 rise=1 failed!

tres                =  -5.77765e-01 at=  8.36566e+04
ROW ssr_cmd=1.25 ssr_v=1.25 fb_v=1.19947 vout_v=1.09537 isup_a=0.0304602 ceff_f=4.7e-06 esr_ohm=0.001 dcgain_db=119.754 f0_hz=79387.4 phase_at_f0_deg=-127.302 f180_hz=1.0314E+06 gain_at_f180_db=-27.5843 f0_rising_hz= resurgence_db=-0.577765
Doing analysis at TEMP = 27.000000 and TNOM = 27.000000

Using SPARSE 1.3 as Direct Linear Solver

No. of Data Rows : 1
Doing analysis at TEMP = 27.000000 and TNOM = 27.000000

Using SPARSE 1.3 as Direct Linear Solver
 Reference value :  1.00000e-02
No. of Data Rows : 4401
Doing analysis at TEMP = 27.000000 and TNOM = 27.000000

Using SPARSE 1.3 as Direct Linear Solver
 Reference value :  2.77013e-02
No. of Data Rows : 4401
dcg                 =  1.19754e+02
f0                  =  7.97230e+04
phx                 =  -1.20662e+02
f180                =  2.54867e+06
gmx                 =  -3.30067e+01
 meas ac f0r when tdb=0 rise=1 failed!

tres                =  -5.87253e-01 at=  8.41395e+04
ROW ssr_cmd=1.25 ssr_v=1.25 fb_v=1.19947 vout_v=1.09537 isup_a=0.0304602 ceff_f=4.7e-06 esr_ohm=0.05 dcgain_db=119.754 f0_hz=79723 phase_at_f0_deg=-120.662 f180_hz=2.54867E+06 gain_at_f180_db=-33.0067 f0_rising_hz= resurgence_db=-0.587253
Doing analysis at TEMP = 27.000000 and TNOM = 27.000000

Using SPARSE 1.3 as Direct Linear Solver

No. of Data Rows : 1
Doing analysis at TEMP = 27.000000 and TNOM = 27.000000

Using SPARSE 1.3 as Direct Linear Solver
 Reference value :  1.00000e-02
No. of Data Rows : 4401
Doing analysis at TEMP = 27.000000 and TNOM = 27.000000

Using SPARSE 1.3 as Direct Linear Solver
 Reference value :  3.56862e+00
No. of Data Rows : 4401
dcg                 =  1.19754e+02
f0                  =  8.09448e+04
phx                 =  -1.13713e+02
f180                =  2.78360e+06
gmx                 =  -2.85835e+01
 meas ac f0r when tdb=0 rise=1 failed!

tres                =  -5.26706e-01 at=  8.51138e+04
ROW ssr_cmd=1.25 ssr_v=1.25 fb_v=1.19947 vout_v=1.09537 isup_a=0.0304602 ceff_f=4.7e-06 esr_ohm=0.1 dcgain_db=119.754 f0_hz=80944.8 phase_at_f0_deg=-113.713 f180_hz=2.7836E+06 gain_at_f180_db=-28.5835 f0_rising_hz= resurgence_db=-0.526706
Doing analysis at TEMP = 27.000000 and TNOM = 27.000000

Using SPARSE 1.3 as Direct Linear Solver

No. of Data Rows : 1
Doing analysis at TEMP = 27.000000 and TNOM = 27.000000

Using SPARSE 1.3 as Direct Linear Solver
 Reference value :  1.00000e-02
No. of Data Rows : 4401
Doing analysis at TEMP = 27.000000 and TNOM = 27.000000

Using SPARSE 1.3 as Direct Linear Solver
 Reference value :  1.00000e-02
No. of Data Rows : 4401
dcg                 =  1.19754e+02
f0                  =  8.66193e+04
phx                 =  -9.91312e+01
f180                =  2.89252e+06
gmx                 =  -2.32433e+01
 meas ac f0r when tdb=0 rise=1 failed!

tres                =  -4.59763e-01 at=  9.12011e+04
ROW ssr_cmd=1.25 ssr_v=1.25 fb_v=1.19947 vout_v=1.09537 isup_a=0.0304602 ceff_f=4.7e-06 esr_ohm=0.2 dcgain_db=119.754 f0_hz=86619.3 phase_at_f0_deg=-99.1312 f180_hz=2.89252E+06 gain_at_f180_db=-23.2432 f0_rising_hz= resurgence_db=-0.459763
Doing analysis at TEMP = 27.000000 and TNOM = 27.000000

Using SPARSE 1.3 as Direct Linear Solver

No. of Data Rows : 1
Doing analysis at TEMP = 27.000000 and TNOM = 27.000000

Using SPARSE 1.3 as Direct Linear Solver
 Reference value :  1.00000e-02
No. of Data Rows : 4401
Doing analysis at TEMP = 27.000000 and TNOM = 27.000000

Using SPARSE 1.3 as Direct Linear Solver
 Reference value :  1.00000e-02
No. of Data Rows : 4401
dcg                 =  1.19754e+02
f0                  =  2.49576e+05
phx                 =  -5.03031e+01
f180                =  2.95433e+06
gmx                 =  -1.57316e+01
 meas ac f0r when tdb=0 rise=1 failed!

tres                =  -7.92071e-02 at=  2.63027e+05
ROW ssr_cmd=1.25 ssr_v=1.25 fb_v=1.19947 vout_v=1.09537 isup_a=0.0304602 ceff_f=4.7e-06 esr_ohm=0.5 dcgain_db=119.754 f0_hz=249576 phase_at_f0_deg=-50.3031 f180_hz=2.95434E+06 gain_at_f180_db=-15.7315 f0_rising_hz= resurgence_db=-0.0792071
* SWEEP COMPLETE res_ff_27c_3.63v
Note: Simulation executed from .control section 

Error: measure  f0  when(WHEN) : out of interval

Error: measure  phx  find(AT) : out of interval

Error: measure  f0r  when(WHEN) : out of interval
Warning from checkvalid: vector f0 is not available or has zero length.
Error: RHS "f0*1.05" invalid
Error: &fres: no such variable.
Error: RHS "" invalid

Error: measure  tres  max(TRIG) : bad syntax, cannot evaluate right hand side of from=vexprint3
Error: &f0: no such variable.
Error: &phx: no such variable.
Error: &f0r: no such variable.
Error: &tres: no such variable.

Error: measure  f0  when(WHEN) : out of interval

Error: measure  phx  find(AT) : out of interval

Error: measure  f0r  when(WHEN) : out of interval
Warning from checkvalid: vector f0 is not available or has zero length.
Error: RHS "f0*1.05" invalid
Error: &fres: no such variable.
Error: RHS "" invalid

Error: measure  tres  max(TRIG) : bad syntax, cannot evaluate right hand side of from=vexprint3
Error: &f0: no such variable.
Error: &phx: no such variable.
Error: &f0r: no such variable.
Error: &tres: no such variable.

Error: measure  f0  when(WHEN) : out of interval

Error: measure  phx  find(AT) : out of interval

Error: measure  f0r  when(WHEN) : out of interval
Warning from checkvalid: vector f0 is not available or has zero length.
Error: RHS "f0*1.05" invalid
Error: &fres: no such variable.
Error: RHS "" invalid

Error: measure  tres  max(TRIG) : bad syntax, cannot evaluate right hand side of from=vexprint3
Error: &f0: no such variable.
Error: &phx: no such variable.
Error: &f0r: no such variable.
Error: &tres: no such variable.

Error: measure  f0  when(WHEN) : out of interval

Error: measure  phx  find(AT) : out of interval

Error: measure  f0r  when(WHEN) : out of interval
Warning from checkvalid: vector f0 is not available or has zero length.
Error: RHS "f0*1.05" invalid
Error: &fres: no such variable.
Error: RHS "" invalid

Error: measure  tres  max(TRIG) : bad syntax, cannot evaluate right hand side of from=vexprint3
Error: &f0: no such variable.
Error: &phx: no such variable.
Error: &f0r: no such variable.
Error: &tres: no such variable.

Error: measure  f0  when(WHEN) : out of interval

Error: measure  phx  find(AT) : out of interval

Error: measure  f0r  when(WHEN) : out of interval
Warning from checkvalid: vector f0 is not available or has zero length.
Error: RHS "f0*1.05" invalid
Error: &fres: no such variable.
Error: RHS "" invalid

Error: measure  tres  max(TRIG) : bad syntax, cannot evaluate right hand side of from=vexprint3
Error: &f0: no such variable.
Error: &phx: no such variable.
Error: &f0r: no such variable.
Error: &tres: no such variable.

Error: measure  f0  when(WHEN) : out of interval

Error: measure  phx  find(AT) : out of interval

Error: measure  f0r  when(WHEN) : out of interval
Warning from checkvalid: vector f0 is not available or has zero length.
Error: RHS "f0*1.05" invalid
Error: &fres: no such variable.
Error: RHS "" invalid

Error: measure  tres  max(TRIG) : bad syntax, cannot evaluate right hand side of from=vexprint3
Error: &f0: no such variable.
Error: &phx: no such variable.
Error: &f0r: no such variable.
Error: &tres: no such variable.

Error: measure  f0  when(WHEN) : out of interval

Error: measure  phx  find(AT) : out of interval

Error: measure  f0r  when(WHEN) : out of interval
Warning from checkvalid: vector f0 is not available or has zero length.
Error: RHS "f0*1.05" invalid
Error: &fres: no such variable.
Error: RHS "" invalid

Error: measure  tres  max(TRIG) : bad syntax, cannot evaluate right hand side of from=vexprint3
Error: &f0: no such variable.
Error: &phx: no such variable.
Error: &f0r: no such variable.
Error: &tres: no such variable.

Error: measure  f0  when(WHEN) : out of interval

Error: measure  phx  find(AT) : out of interval

Error: measure  f0r  when(WHEN) : out of interval
Warning from checkvalid: vector f0 is not available or has zero length.
Error: RHS "f0*1.05" invalid
Error: &fres: no such variable.
Error: RHS "" invalid

Error: measure  tres  max(TRIG) : bad syntax, cannot evaluate right hand side of from=vexprint3
Error: &f0: no such variable.
Error: &phx: no such variable.
Error: &f0r: no such variable.
Error: &tres: no such variable.

Error: measure  f0  when(WHEN) : out of interval

Error: measure  phx  find(AT) : out of interval

Error: measure  f0r  when(WHEN) : out of interval
Warning from checkvalid: vector f0 is not available or has zero length.
Error: RHS "f0*1.05" invalid
Error: &fres: no such variable.
Error: RHS "" invalid

Error: measure  tres  max(TRIG) : bad syntax, cannot evaluate right hand side of from=vexprint3
Error: &f0: no such variable.
Error: &phx: no such variable.
Error: &f0r: no such variable.
Error: &tres: no such variable.

Error: measure  f0  when(WHEN) : out of interval

Error: measure  phx  find(AT) : out of interval

Error: measure  f0r  when(WHEN) : out of interval
Warning from checkvalid: vector f0 is not available or has zero length.
Error: RHS "f0*1.05" invalid
Error: &fres: no such variable.
Error: RHS "" invalid

Error: measure  tres  max(TRIG) : bad syntax, cannot evaluate right hand side of from=vexprint3
Error: &f0: no such variable.
Error: &phx: no such variable.
Error: &f0r: no such variable.
Error: &tres: no such variable.

Error: measure  f0  when(WHEN) : out of interval

Error: measure  phx  find(AT) : out of interval

Error: measure  f0r  when(WHEN) : out of interval
Warning from checkvalid: vector f0 is not available or has zero length.
Error: RHS "f0*1.05" invalid
Error: &fres: no such variable.
Error: RHS "" invalid

Error: measure  tres  max(TRIG) : bad syntax, cannot evaluate right hand side of from=vexprint3
Error: &f0: no such variable.
Error: &phx: no such variable.
Error: &f0r: no such variable.
Error: &tres: no such variable.

Error: measure  f0  when(WHEN) : out of interval

Error: measure  phx  find(AT) : out of interval

Error: measure  f0r  when(WHEN) : out of interval
Warning from checkvalid: vector f0 is not available or has zero length.
Error: RHS "f0*1.05" invalid
Error: &fres: no such variable.
Error: RHS "" invalid

Error: measure  tres  max(TRIG) : bad syntax, cannot evaluate right hand side of from=vexprint3
Error: &f0: no such variable.
Error: &phx: no such variable.
Error: &f0r: no such variable.
Error: &tres: no such variable.

Error: measure  f0  when(WHEN) : out of interval

Error: measure  phx  find(AT) : out of interval

Error: measure  f0r  when(WHEN) : out of interval
Warning from checkvalid: vector f0 is not available or has zero length.
Error: RHS "f0*1.05" invalid
Error: &fres: no such variable.
Error: RHS "" invalid

Error: measure  tres  max(TRIG) : bad syntax, cannot evaluate right hand side of from=vexprint3
Error: &f0: no such variable.
Error: &phx: no such variable.
Error: &f0r: no such variable.
Error: &tres: no such variable.

Error: measure  f0  when(WHEN) : out of interval

Error: measure  phx  find(AT) : out of interval

Error: measure  f0r  when(WHEN) : out of interval
Warning from checkvalid: vector f0 is not available or has zero length.
Error: RHS "f0*1.05" invalid
Error: &fres: no such variable.
Error: RHS "" invalid

Error: measure  tres  max(TRIG) : bad syntax, cannot evaluate right hand side of from=vexprint3
Error: &f0: no such variable.
Error: &phx: no such variable.
Error: &f0r: no such variable.
Error: &tres: no such variable.

Error: measure  f0  when(WHEN) : out of interval

Error: measure  phx  find(AT) : out of interval

Error: measure  f0r  when(WHEN) : out of interval
Warning from checkvalid: vector f0 is not available or has zero length.
Error: RHS "f0*1.05" invalid
Error: &fres: no such variable.
Error: RHS "" invalid

Error: measure  tres  max(TRIG) : bad syntax, cannot evaluate right hand side of from=vexprint3
Error: &f0: no such variable.
Error: &phx: no such variable.
Error: &f0r: no such variable.
Error: &tres: no such variable.

Error: measure  f0  when(WHEN) : out of interval

Error: measure  phx  find(AT) : out of interval

Error: measure  f0r  when(WHEN) : out of interval
Warning from checkvalid: vector f0 is not available or has zero length.
Error: RHS "f0*1.05" invalid
Error: &fres: no such variable.
Error: RHS "" invalid

Error: measure  tres  max(TRIG) : bad syntax, cannot evaluate right hand side of from=vexprint3
Error: &f0: no such variable.
Error: &phx: no such variable.
Error: &f0r: no such variable.
Error: &tres: no such variable.

Error: measure  f0  when(WHEN) : out of interval

Error: measure  phx  find(AT) : out of interval

Error: measure  f0r  when(WHEN) : out of interval
Warning from checkvalid: vector f0 is not available or has zero length.
Error: RHS "f0*1.05" invalid
Error: &fres: no such variable.
Error: RHS "" invalid

Error: measure  tres  max(TRIG) : bad syntax, cannot evaluate right hand side of from=vexprint3
Error: &f0: no such variable.
Error: &phx: no such variable.
Error: &f0r: no such variable.
Error: &tres: no such variable.

Error: measure  f0  when(WHEN) : out of interval

Error: measure  phx  find(AT) : out of interval

Error: measure  f0r  when(WHEN) : out of interval
Warning from checkvalid: vector f0 is not available or has zero length.
Error: RHS "f0*1.05" invalid
Error: &fres: no such variable.
Error: RHS "" invalid

Error: measure  tres  max(TRIG) : bad syntax, cannot evaluate right hand side of from=vexprint3
Error: &f0: no such variable.
Error: &phx: no such variable.
Error: &f0r: no such variable.
Error: &tres: no such variable.

Error: measure  f0  when(WHEN) : out of interval

Error: measure  phx  find(AT) : out of interval

Error: measure  f0r  when(WHEN) : out of interval
Warning from checkvalid: vector f0 is not available or has zero length.
Error: RHS "f0*1.05" invalid
Error: &fres: no such variable.
Error: RHS "" invalid

Error: measure  tres  max(TRIG) : bad syntax, cannot evaluate right hand side of from=vexprint3
Error: &f0: no such variable.
Error: &phx: no such variable.
Error: &f0r: no such variable.
Error: &tres: no such variable.

Error: measure  f0  when(WHEN) : out of interval

Error: measure  phx  find(AT) : out of interval

Error: measure  f0r  when(WHEN) : out of interval
Warning from checkvalid: vector f0 is not available or has zero length.
Error: RHS "f0*1.05" invalid
Error: &fres: no such variable.
Error: RHS "" invalid

Error: measure  tres  max(TRIG) : bad syntax, cannot evaluate right hand side of from=vexprint3
Error: &f0: no such variable.
Error: &phx: no such variable.
Error: &f0r: no such variable.
Error: &tres: no such variable.

Error: measure  f0  when(WHEN) : out of interval

Error: measure  phx  find(AT) : out of interval

Error: measure  f0r  when(WHEN) : out of interval
Warning from checkvalid: vector f0 is not available or has zero length.
Error: RHS "f0*1.05" invalid
Error: &fres: no such variable.
Error: RHS "" invalid

Error: measure  tres  max(TRIG) : bad syntax, cannot evaluate right hand side of from=vexprint3
Error: &f0: no such variable.
Error: &phx: no such variable.
Error: &f0r: no such variable.
Error: &tres: no such variable.

Error: measure  f0  when(WHEN) : out of interval

Error: measure  phx  find(AT) : out of interval

Error: measure  f0r  when(WHEN) : out of interval
Warning from checkvalid: vector f0 is not available or has zero length.
Error: RHS "f0*1.05" invalid
Error: &fres: no such variable.
Error: RHS "" invalid

Error: measure  tres  max(TRIG) : bad syntax, cannot evaluate right hand side of from=vexprint3
Error: &f0: no such variable.
Error: &phx: no such variable.
Error: &f0r: no such variable.
Error: &tres: no such variable.

Error: measure  f0  when(WHEN) : out of interval

Error: measure  phx  find(AT) : out of interval

Error: measure  f0r  when(WHEN) : out of interval
Warning from checkvalid: vector f0 is not available or has zero length.
Error: RHS "f0*1.05" invalid
Error: &fres: no such variable.
Error: RHS "" invalid

Error: measure  tres  max(TRIG) : bad syntax, cannot evaluate right hand side of from=vexprint3
Error: &f0: no such variable.
Error: &phx: no such variable.
Error: &f0r: no such variable.
Error: &tres: no such variable.

Error: measure  f0  when(WHEN) : out of interval

Error: measure  phx  find(AT) : out of interval

Error: measure  f0r  when(WHEN) : out of interval
Warning from checkvalid: vector f0 is not available or has zero length.
Error: RHS "f0*1.05" invalid
Error: &fres: no such variable.
Error: RHS "" invalid

Error: measure  tres  max(TRIG) : bad syntax, cannot evaluate right hand side of from=vexprint3
Error: &f0: no such variable.
Error: &phx: no such variable.
Error: &f0r: no such variable.
Error: &tres: no such variable.

Error: measure  f0  when(WHEN) : out of interval

Error: measure  phx  find(AT) : out of interval

Error: measure  f0r  when(WHEN) : out of interval
Warning from checkvalid: vector f0 is not available or has zero length.
Error: RHS "f0*1.05" invalid
Error: &fres: no such variable.
Error: RHS "" invalid

Error: measure  tres  max(TRIG) : bad syntax, cannot evaluate right hand side of from=vexprint3
Error: &f0: no such variable.
Error: &phx: no such variable.
Error: &f0r: no such variable.
Error: &tres: no such variable.

Error: measure  f0  when(WHEN) : out of interval

Error: measure  phx  find(AT) : out of interval

Error: measure  f0r  when(WHEN) : out of interval
Warning from checkvalid: vector f0 is not available or has zero length.
Error: RHS "f0*1.05" invalid
Error: &fres: no such variable.
Error: RHS "" invalid

Error: measure  tres  max(TRIG) : bad syntax, cannot evaluate right hand side of from=vexprint3
Error: &f0: no such variable.
Error: &phx: no such variable.
Error: &f0r: no such variable.
Error: &tres: no such variable.

Error: measure  f0  when(WHEN) : out of interval

Error: measure  phx  find(AT) : out of interval

Error: measure  f0r  when(WHEN) : out of interval
Warning from checkvalid: vector f0 is not available or has zero length.
Error: RHS "f0*1.05" invalid
Error: &fres: no such variable.
Error: RHS "" invalid

Error: measure  tres  max(TRIG) : bad syntax, cannot evaluate right hand side of from=vexprint3
Error: &f0: no such variable.
Error: &phx: no such variable.
Error: &f0r: no such variable.
Error: &tres: no such variable.

Error: measure  f0  when(WHEN) : out of interval

Error: measure  phx  find(AT) : out of interval

Error: measure  f0r  when(WHEN) : out of interval
Warning from checkvalid: vector f0 is not available or has zero length.
Error: RHS "f0*1.05" invalid
Error: &fres: no such variable.
Error: RHS "" invalid

Error: measure  tres  max(TRIG) : bad syntax, cannot evaluate right hand side of from=vexprint3
Error: &f0: no such variable.
Error: &phx: no such variable.
Error: &f0r: no such variable.
Error: &tres: no such variable.

Error: measure  f0  when(WHEN) : out of interval

Error: measure  phx  find(AT) : out of interval

Error: measure  f0r  when(WHEN) : out of interval
Warning from checkvalid: vector f0 is not available or has zero length.
Error: RHS "f0*1.05" invalid
Error: &fres: no such variable.
Error: RHS "" invalid

Error: measure  tres  max(TRIG) : bad syntax, cannot evaluate right hand side of from=vexprint3
Error: &f0: no such variable.
Error: &phx: no such variable.
Error: &f0r: no such variable.
Error: &tres: no such variable.

Error: measure  f0  when(WHEN) : out of interval

Error: measure  phx  find(AT) : out of interval

Error: measure  f0r  when(WHEN) : out of interval
Warning from checkvalid: vector f0 is not available or has zero length.
Error: RHS "f0*1.05" invalid
Error: &fres: no such variable.
Error: RHS "" invalid

Error: measure  tres  max(TRIG) : bad syntax, cannot evaluate right hand side of from=vexprint3
Error: &f0: no such variable.
Error: &phx: no such variable.
Error: &f0r: no such variable.
Error: &tres: no such variable.
Note: Starting dynamic gmin stepping
Note: Dynamic gmin stepping completed
Note: Starting dynamic gmin stepping
Note: Dynamic gmin stepping completed
Note: Starting dynamic gmin stepping
Note: Dynamic gmin stepping completed

Error: measure  f0r  when(WHEN) : out of interval
Error: &f0r: no such variable.
Note: Starting dynamic gmin stepping
Note: Dynamic gmin stepping completed
Note: Starting dynamic gmin stepping
Note: Dynamic gmin stepping completed
Note: Starting dynamic gmin stepping
Note: Dynamic gmin stepping completed

Error: measure  f0r  when(WHEN) : out of interval
Error: &f0r: no such variable.
Note: Starting dynamic gmin stepping
Note: Dynamic gmin stepping completed
Note: Starting dynamic gmin stepping
Note: Dynamic gmin stepping completed
Note: Starting dynamic gmin stepping
Note: Dynamic gmin stepping completed

Error: measure  f0r  when(WHEN) : out of interval
Error: &f0r: no such variable.
Note: Starting dynamic gmin stepping
Note: Dynamic gmin stepping completed
Note: Starting dynamic gmin stepping
Note: Dynamic gmin stepping completed
Note: Starting dynamic gmin stepping
Note: Dynamic gmin stepping completed

Error: measure  f0r  when(WHEN) : out of interval
Error: &f0r: no such variable.
Note: Starting dynamic gmin stepping
Note: Dynamic gmin stepping completed
Note: Starting dynamic gmin stepping
Note: Dynamic gmin stepping completed
Note: Starting dynamic gmin stepping
Note: Dynamic gmin stepping completed

Error: measure  f0r  when(WHEN) : out of interval
Error: &f0r: no such variable.
Note: Starting dynamic gmin stepping
Note: Dynamic gmin stepping completed
Note: Starting dynamic gmin stepping
Note: Dynamic gmin stepping completed
Note: Starting dynamic gmin stepping
Note: Dynamic gmin stepping completed

Error: measure  f0r  when(WHEN) : out of interval
Error: &f0r: no such variable.
Note: Starting dynamic gmin stepping
Note: Dynamic gmin stepping completed
Note: Starting dynamic gmin stepping
Note: Dynamic gmin stepping completed
Note: Starting dynamic gmin stepping
Note: Dynamic gmin stepping completed

Error: measure  f0r  when(WHEN) : out of interval
Error: &f0r: no such variable.
Note: Starting dynamic gmin stepping
Note: Dynamic gmin stepping completed
Note: Starting dynamic gmin stepping
Note: Dynamic gmin stepping completed
Note: Starting dynamic gmin stepping
Note: Dynamic gmin stepping completed

Error: measure  f0r  when(WHEN) : out of interval
Error: &f0r: no such variable.
Note: Starting dynamic gmin stepping
Note: Dynamic gmin stepping completed
Note: Starting dynamic gmin stepping
Note: Dynamic gmin stepping completed
Note: Starting dynamic gmin stepping
Note: Dynamic gmin stepping completed

Error: measure  f0r  when(WHEN) : out of interval
Error: &f0r: no such variable.
Note: Starting dynamic gmin stepping
Note: Dynamic gmin stepping completed
Note: Starting dynamic gmin stepping
Note: Dynamic gmin stepping completed
Note: Starting dynamic gmin stepping
Note: Dynamic gmin stepping completed

Error: measure  f0r  when(WHEN) : out of interval
Error: &f0r: no such variable.
Note: Starting dynamic gmin stepping
Note: Dynamic gmin stepping completed
Note: Starting dynamic gmin stepping
Note: Dynamic gmin stepping completed
Note: Starting dynamic gmin stepping
Note: Dynamic gmin stepping completed

Error: measure  f0r  when(WHEN) : out of interval
Error: &f0r: no such variable.
Note: Starting dynamic gmin stepping
Note: Dynamic gmin stepping completed
Note: Starting dynamic gmin stepping
Note: Dynamic gmin stepping completed
Note: Starting dynamic gmin stepping
Note: Dynamic gmin stepping completed

Error: measure  f0r  when(WHEN) : out of interval
Error: &f0r: no such variable.
Note: Starting dynamic gmin stepping
Note: Dynamic gmin stepping completed
Note: Starting dynamic gmin stepping
Note: Dynamic gmin stepping completed
Note: Starting dynamic gmin stepping
Note: Dynamic gmin stepping completed

Error: measure  f0r  when(WHEN) : out of interval
Error: &f0r: no such variable.
Note: Starting dynamic gmin stepping
Note: Dynamic gmin stepping completed
Note: Starting dynamic gmin stepping
Note: Dynamic gmin stepping completed
Note: Starting dynamic gmin stepping
Note: Dynamic gmin stepping completed

Error: measure  f0r  when(WHEN) : out of interval
Error: &f0r: no such variable.
Note: Starting dynamic gmin stepping
Note: Dynamic gmin stepping completed
Note: Starting dynamic gmin stepping
Note: Dynamic gmin stepping completed
Note: Starting dynamic gmin stepping
Note: Dynamic gmin stepping completed

Error: measure  f0r  when(WHEN) : out of interval
Error: &f0r: no such variable.
Note: Starting dynamic gmin stepping
Note: Dynamic gmin stepping completed
Note: Starting dynamic gmin stepping
Note: Dynamic gmin stepping completed
Note: Starting dynamic gmin stepping
Note: Dynamic gmin stepping completed

Error: measure  f0r  when(WHEN) : out of interval
Error: &f0r: no such variable.
Note: Starting dynamic gmin stepping
Note: Dynamic gmin stepping completed
Note: Starting dynamic gmin stepping
Note: Dynamic gmin stepping completed
Note: Starting dynamic gmin stepping
Note: Dynamic gmin stepping completed

Error: measure  f0r  when(WHEN) : out of interval
Error: &f0r: no such variable.
Note: Starting dynamic gmin stepping
Note: Dynamic gmin stepping completed
Note: Starting dynamic gmin stepping
Note: Dynamic gmin stepping completed
Note: Starting dynamic gmin stepping
Note: Dynamic gmin stepping completed

Error: measure  f0r  when(WHEN) : out of interval
Error: &f0r: no such variable.
Note: Starting dynamic gmin stepping
Note: Dynamic gmin stepping completed
Note: Starting dynamic gmin stepping
Note: Dynamic gmin stepping completed
Note: Starting dynamic gmin stepping
Note: Dynamic gmin stepping completed

Error: measure  f0r  when(WHEN) : out of interval
Error: &f0r: no such variable.
Note: Starting dynamic gmin stepping
Note: Dynamic gmin stepping completed
Note: Starting dynamic gmin stepping
Note: Dynamic gmin stepping completed
Note: Starting dynamic gmin stepping
Note: Dynamic gmin stepping completed

Error: measure  f0r  when(WHEN) : out of interval
Error: &f0r: no such variable.
Note: Starting dynamic gmin stepping
Note: Dynamic gmin stepping completed
Note: Starting dynamic gmin stepping
Note: Dynamic gmin stepping completed
Note: Starting dynamic gmin stepping
Note: Dynamic gmin stepping completed

Error: measure  f0r  when(WHEN) : out of interval
Error: &f0r: no such variable.
Note: Starting dynamic gmin stepping
Note: Dynamic gmin stepping completed
Note: Starting dynamic gmin stepping
Note: Dynamic gmin stepping completed
Note: Starting dynamic gmin stepping
Note: Dynamic gmin stepping completed

Error: measure  f0r  when(WHEN) : out of interval
Error: &f0r: no such variable.
Note: Starting dynamic gmin stepping
Note: Dynamic gmin stepping completed
Note: Starting dynamic gmin stepping
Note: Dynamic gmin stepping completed
Note: Starting dynamic gmin stepping
Note: Dynamic gmin stepping completed

Error: measure  f0r  when(WHEN) : out of interval
Error: &f0r: no such variable.
Note: Starting dynamic gmin stepping
Note: Dynamic gmin stepping completed
Note: Starting dynamic gmin stepping
Note: Dynamic gmin stepping completed
Note: Starting dynamic gmin stepping
Note: Dynamic gmin stepping completed

Error: measure  f0r  when(WHEN) : out of interval
Error: &f0r: no such variable.
Note: Starting dynamic gmin stepping
Note: Dynamic gmin stepping completed
Note: Starting dynamic gmin stepping
Note: Dynamic gmin stepping completed
Note: Starting dynamic gmin stepping
Note: Dynamic gmin stepping completed

Error: measure  f0r  when(WHEN) : out of interval
Error: &f0r: no such variable.
Note: Starting dynamic gmin stepping
Note: Dynamic gmin stepping completed
Note: Starting dynamic gmin stepping
Note: Dynamic gmin stepping completed
Note: Starting dynamic gmin stepping
Note: Dynamic gmin stepping completed

Error: measure  f0r  when(WHEN) : out of interval
Error: &f0r: no such variable.
Note: Starting dynamic gmin stepping
Note: Dynamic gmin stepping completed
Note: Starting dynamic gmin stepping
Note: Dynamic gmin stepping completed
Note: Starting dynamic gmin stepping
Note: Dynamic gmin stepping completed

Error: measure  f0r  when(WHEN) : out of interval
Error: &f0r: no such variable.
Note: Starting dynamic gmin stepping
Note: Dynamic gmin stepping completed
Note: Starting dynamic gmin stepping
Note: Dynamic gmin stepping completed
Note: Starting dynamic gmin stepping
Note: Dynamic gmin stepping completed

Error: measure  f0r  when(WHEN) : out of interval
Error: &f0r: no such variable.
Note: Starting dynamic gmin stepping
Note: Dynamic gmin stepping completed
Note: Starting dynamic gmin stepping
Note: Dynamic gmin stepping completed
Note: Starting dynamic gmin stepping
Note: Dynamic gmin stepping completed

Error: measure  f0r  when(WHEN) : out of interval
Error: &f0r: no such variable.
Note: Starting dynamic gmin stepping
Note: Dynamic gmin stepping completed
Note: Starting dynamic gmin stepping
Note: Dynamic gmin stepping completed
Note: Starting dynamic gmin stepping
Note: Dynamic gmin stepping completed

Error: measure  f0r  when(WHEN) : out of interval
Error: &f0r: no such variable.
