
Note: No compatibility mode selected!


Circuit: * soft-start-loop-gain -- tian dual-injection loop-gain testbench for the ldo

* corner_id=res_ff_-40c_3.30v corner=res_ff temp_c=-40 vin_v=3.3
* phase=ramp variant=binj iload_a=0 rload_ohm=36
* ac sweep: dec 400 0.01 1e9 ; Tian dual injection at ERRAMP_OUT->PASS_GATE
* columns: ROW ssr_cmd= ssr_v= fb_v= vout_v= isup_a= ceff_f= esr_ohm=
*          dcgain_db= f0_hz= phase_at_f0_deg= f180_hz= gain_at_f180_db=
*          f0_rising_hz= resurgence_db=
* (phase margin = 180 + phase_at_f0_deg ; gain margin = -gain_at_f180_db ;
*  resurgence_db = max |T| in dB above the first 0 dB crossing, DR-0008 ;
*  an empty f180/gain field means the phase never reaches -180 deg in band ;
*  ssr_cmd is what this deck COMMANDED the ramp node to, or 'free' when it
*  is not pinned; ssr_v/fb_v/vout_v are what the DC solve LANDED on)
* Fields are written key=value BECAUSE a failed meas leaves its value
* empty: with bare positional fields an empty one vanishes into the
* whitespace and every field after it is read as the wrong quantity.
Doing analysis at TEMP = -40.000000 and TNOM = 27.000000

Using SPARSE 1.3 as Direct Linear Solver

No. of Data Rows : 1
Doing analysis at TEMP = -40.000000 and TNOM = 27.000000

Using SPARSE 1.3 as Direct Linear Solver

No. of Data Rows : 4401
Doing analysis at TEMP = -40.000000 and TNOM = 27.000000

Using SPARSE 1.3 as Direct Linear Solver
 Reference value :  6.76083e+02
No. of Data Rows : 4401
dcg                 =  -1.65614e+02
 meas ac f0 when tdb=0 fall=1 failed!

 meas ac phx find tph when tdb=0 fall=1 failed!

f180                =  2.29383e+03
gmx                 =  -1.55508e+02
 meas ac f0r when tdb=0 rise=1 failed!

 meas ac tres max tdb from=vexprint3 to=1e9 failed!

ROW ssr_cmd=0 ssr_v=0 fb_v=1.20013 vout_v=0.000190309 isup_a=2.11999E-05 ceff_f=1e-06 esr_ohm=0.001 dcgain_db=-165.613 f0_hz= phase_at_f0_deg= f180_hz=2293.83 gain_at_f180_db=-155.508 f0_rising_hz= resurgence_db=
Doing analysis at TEMP = -40.000000 and TNOM = 27.000000

Using SPARSE 1.3 as Direct Linear Solver

No. of Data Rows : 1
Doing analysis at TEMP = -40.000000 and TNOM = 27.000000

Using SPARSE 1.3 as Direct Linear Solver

No. of Data Rows : 4401
Doing analysis at TEMP = -40.000000 and TNOM = 27.000000

Using SPARSE 1.3 as Direct Linear Solver
 Reference value :  2.57040e+05
No. of Data Rows : 4401
dcg                 =  -1.65614e+02
 meas ac f0 when tdb=0 fall=1 failed!

 meas ac phx find tph when tdb=0 fall=1 failed!

f180                =  2.29457e+03
gmx                 =  -1.55511e+02
 meas ac f0r when tdb=0 rise=1 failed!

 meas ac tres max tdb from=vexprint3 to=1e9 failed!

ROW ssr_cmd=0 ssr_v=0 fb_v=1.20013 vout_v=0.000190309 isup_a=2.11999E-05 ceff_f=1e-06 esr_ohm=0.05 dcgain_db=-165.613 f0_hz= phase_at_f0_deg= f180_hz=2294.57 gain_at_f180_db=-155.511 f0_rising_hz= resurgence_db=
Doing analysis at TEMP = -40.000000 and TNOM = 27.000000

Using SPARSE 1.3 as Direct Linear Solver

No. of Data Rows : 1
Doing analysis at TEMP = -40.000000 and TNOM = 27.000000

Using SPARSE 1.3 as Direct Linear Solver

No. of Data Rows : 4401
Doing analysis at TEMP = -40.000000 and TNOM = 27.000000

Using SPARSE 1.3 as Direct Linear Solver
 Reference value :  2.54097e+08
No. of Data Rows : 4401
dcg                 =  -1.65614e+02
 meas ac f0 when tdb=0 fall=1 failed!

 meas ac phx find tph when tdb=0 fall=1 failed!

f180                =  2.29533e+03
gmx                 =  -1.55513e+02
 meas ac f0r when tdb=0 rise=1 failed!

 meas ac tres max tdb from=vexprint3 to=1e9 failed!

ROW ssr_cmd=0 ssr_v=0 fb_v=1.20013 vout_v=0.000190309 isup_a=2.11999E-05 ceff_f=1e-06 esr_ohm=0.1 dcgain_db=-165.613 f0_hz= phase_at_f0_deg= f180_hz=2295.33 gain_at_f180_db=-155.513 f0_rising_hz= resurgence_db=
Doing analysis at TEMP = -40.000000 and TNOM = 27.000000

Using SPARSE 1.3 as Direct Linear Solver

No. of Data Rows : 1
Doing analysis at TEMP = -40.000000 and TNOM = 27.000000

Using SPARSE 1.3 as Direct Linear Solver

No. of Data Rows : 4401
Doing analysis at TEMP = -40.000000 and TNOM = 27.000000

Using SPARSE 1.3 as Direct Linear Solver

No. of Data Rows : 4401
dcg                 =  -1.65614e+02
 meas ac f0 when tdb=0 fall=1 failed!

 meas ac phx find tph when tdb=0 fall=1 failed!

f180                =  2.29685e+03
gmx                 =  -1.55518e+02
 meas ac f0r when tdb=0 rise=1 failed!

 meas ac tres max tdb from=vexprint3 to=1e9 failed!

ROW ssr_cmd=0 ssr_v=0 fb_v=1.20013 vout_v=0.000190309 isup_a=2.11999E-05 ceff_f=1e-06 esr_ohm=0.2 dcgain_db=-165.613 f0_hz= phase_at_f0_deg= f180_hz=2296.85 gain_at_f180_db=-155.518 f0_rising_hz= resurgence_db=
Doing analysis at TEMP = -40.000000 and TNOM = 27.000000

Using SPARSE 1.3 as Direct Linear Solver

No. of Data Rows : 1
Doing analysis at TEMP = -40.000000 and TNOM = 27.000000

Using SPARSE 1.3 as Direct Linear Solver
 Reference value :  1.55776e-02
No. of Data Rows : 4401
Doing analysis at TEMP = -40.000000 and TNOM = 27.000000

Using SPARSE 1.3 as Direct Linear Solver

No. of Data Rows : 4401
dcg                 =  -1.65614e+02
 meas ac f0 when tdb=0 fall=1 failed!

 meas ac phx find tph when tdb=0 fall=1 failed!

f180                =  2.30150e+03
gmx                 =  -1.55533e+02
 meas ac f0r when tdb=0 rise=1 failed!

 meas ac tres max tdb from=vexprint3 to=1e9 failed!

ROW ssr_cmd=0 ssr_v=0 fb_v=1.20013 vout_v=0.000190309 isup_a=2.11999E-05 ceff_f=1e-06 esr_ohm=0.5 dcgain_db=-165.613 f0_hz= phase_at_f0_deg= f180_hz=2301.5 gain_at_f180_db=-155.533 f0_rising_hz= resurgence_db=
Doing analysis at TEMP = -40.000000 and TNOM = 27.000000

Using SPARSE 1.3 as Direct Linear Solver

No. of Data Rows : 1
Doing analysis at TEMP = -40.000000 and TNOM = 27.000000

Using SPARSE 1.3 as Direct Linear Solver
 Reference value :  1.23027e-02
No. of Data Rows : 4401
Doing analysis at TEMP = -40.000000 and TNOM = 27.000000

Using SPARSE 1.3 as Direct Linear Solver

No. of Data Rows : 4401
dcg                 =  -1.65614e+02
 meas ac f0 when tdb=0 fall=1 failed!

 meas ac phx find tph when tdb=0 fall=1 failed!

f180                =  7.08210e+02
gmx                 =  -1.60093e+02
 meas ac f0r when tdb=0 rise=1 failed!

 meas ac tres max tdb from=vexprint3 to=1e9 failed!

ROW ssr_cmd=0 ssr_v=0 fb_v=1.20013 vout_v=0.000190309 isup_a=2.11999E-05 ceff_f=4.7e-06 esr_ohm=0.001 dcgain_db=-165.613 f0_hz= phase_at_f0_deg= f180_hz=708.21 gain_at_f180_db=-160.093 f0_rising_hz= resurgence_db=
Doing analysis at TEMP = -40.000000 and TNOM = 27.000000

Using SPARSE 1.3 as Direct Linear Solver

No. of Data Rows : 1
Doing analysis at TEMP = -40.000000 and TNOM = 27.000000

Using SPARSE 1.3 as Direct Linear Solver
 Reference value :  1.55776e-02
No. of Data Rows : 4401
Doing analysis at TEMP = -40.000000 and TNOM = 27.000000

Using SPARSE 1.3 as Direct Linear Solver
 Reference value :  9.94260e+08
No. of Data Rows : 4401
dcg                 =  -1.65614e+02
 meas ac f0 when tdb=0 fall=1 failed!

 meas ac phx find tph when tdb=0 fall=1 failed!

f180                =  7.08675e+02
gmx                 =  -1.60096e+02
 meas ac f0r when tdb=0 rise=1 failed!

 meas ac tres max tdb from=vexprint3 to=1e9 failed!

ROW ssr_cmd=0 ssr_v=0 fb_v=1.20013 vout_v=0.000190309 isup_a=2.11999E-05 ceff_f=4.7e-06 esr_ohm=0.05 dcgain_db=-165.613 f0_hz= phase_at_f0_deg= f180_hz=708.674 gain_at_f180_db=-160.096 f0_rising_hz= resurgence_db=
Doing analysis at TEMP = -40.000000 and TNOM = 27.000000

Using SPARSE 1.3 as Direct Linear Solver

No. of Data Rows : 1
Doing analysis at TEMP = -40.000000 and TNOM = 27.000000

Using SPARSE 1.3 as Direct Linear Solver

No. of Data Rows : 4401
Doing analysis at TEMP = -40.000000 and TNOM = 27.000000

Using SPARSE 1.3 as Direct Linear Solver
 Reference value :  1.81970e+07
No. of Data Rows : 4401
dcg                 =  -1.65614e+02
 meas ac f0 when tdb=0 fall=1 failed!

 meas ac phx find tph when tdb=0 fall=1 failed!

f180                =  7.09151e+02
gmx                 =  -1.60099e+02
 meas ac f0r when tdb=0 rise=1 failed!

 meas ac tres max tdb from=vexprint3 to=1e9 failed!

ROW ssr_cmd=0 ssr_v=0 fb_v=1.20013 vout_v=0.000190309 isup_a=2.11999E-05 ceff_f=4.7e-06 esr_ohm=0.1 dcgain_db=-165.613 f0_hz= phase_at_f0_deg= f180_hz=709.151 gain_at_f180_db=-160.099 f0_rising_hz= resurgence_db=
Doing analysis at TEMP = -40.000000 and TNOM = 27.000000

Using SPARSE 1.3 as Direct Linear Solver

No. of Data Rows : 1
Doing analysis at TEMP = -40.000000 and TNOM = 27.000000

Using SPARSE 1.3 as Direct Linear Solver

No. of Data Rows : 4401
Doing analysis at TEMP = -40.000000 and TNOM = 27.000000

Using SPARSE 1.3 as Direct Linear Solver
 Reference value :  1.73780e+08
No. of Data Rows : 4401
dcg                 =  -1.65614e+02
 meas ac f0 when tdb=0 fall=1 failed!

 meas ac phx find tph when tdb=0 fall=1 failed!

f180                =  7.10111e+02
gmx                 =  -1.60106e+02
 meas ac f0r when tdb=0 rise=1 failed!

 meas ac tres max tdb from=vexprint3 to=1e9 failed!

ROW ssr_cmd=0 ssr_v=0 fb_v=1.20013 vout_v=0.000190309 isup_a=2.11999E-05 ceff_f=4.7e-06 esr_ohm=0.2 dcgain_db=-165.613 f0_hz= phase_at_f0_deg= f180_hz=710.111 gain_at_f180_db=-160.106 f0_rising_hz= resurgence_db=
Doing analysis at TEMP = -40.000000 and TNOM = 27.000000

Using SPARSE 1.3 as Direct Linear Solver

No. of Data Rows : 1
Doing analysis at TEMP = -40.000000 and TNOM = 27.000000

Using SPARSE 1.3 as Direct Linear Solver

No. of Data Rows : 4401
Doing analysis at TEMP = -40.000000 and TNOM = 27.000000

Using SPARSE 1.3 as Direct Linear Solver

No. of Data Rows : 4401
dcg                 =  -1.65614e+02
 meas ac f0 when tdb=0 fall=1 failed!

 meas ac phx find tph when tdb=0 fall=1 failed!

f180                =  7.13048e+02
gmx                 =  -1.60127e+02
 meas ac f0r when tdb=0 rise=1 failed!

 meas ac tres max tdb from=vexprint3 to=1e9 failed!

ROW ssr_cmd=0 ssr_v=0 fb_v=1.20013 vout_v=0.000190309 isup_a=2.11999E-05 ceff_f=4.7e-06 esr_ohm=0.5 dcgain_db=-165.613 f0_hz= phase_at_f0_deg= f180_hz=713.048 gain_at_f180_db=-160.126 f0_rising_hz= resurgence_db=
Doing analysis at TEMP = -40.000000 and TNOM = 27.000000

Using SPARSE 1.3 as Direct Linear Solver
 Reference value :  0.00000e+00
No. of Data Rows : 1
Doing analysis at TEMP = -40.000000 and TNOM = 27.000000

Using SPARSE 1.3 as Direct Linear Solver

No. of Data Rows : 4401
Doing analysis at TEMP = -40.000000 and TNOM = 27.000000

Using SPARSE 1.3 as Direct Linear Solver
 Reference value :  1.00000e-02
No. of Data Rows : 4401
dcg                 =  1.11162e+02
f0                  =  1.86573e+05
phx                 =  -1.14642e+02
f180                =  9.45522e+05
gmx                 =  -1.84324e+01
 meas ac f0r when tdb=0 rise=1 failed!

tres                =  -4.56738e-01 at=  1.96110e+05
ROW ssr_cmd=0.05 ssr_v=0.05 fb_v=1.1996 vout_v=0.0744045 isup_a=0.00208497 ceff_f=1e-06 esr_ohm=0.001 dcgain_db=111.162 f0_hz=186573 phase_at_f0_deg=-114.642 f180_hz=945522 gain_at_f180_db=-18.4324 f0_rising_hz= resurgence_db=-0.456738
Doing analysis at TEMP = -40.000000 and TNOM = 27.000000

Using SPARSE 1.3 as Direct Linear Solver

No. of Data Rows : 1
Doing analysis at TEMP = -40.000000 and TNOM = 27.000000

Using SPARSE 1.3 as Direct Linear Solver
 Reference value :  1.00000e-02
No. of Data Rows : 4401
Doing analysis at TEMP = -40.000000 and TNOM = 27.000000

Using SPARSE 1.3 as Direct Linear Solver
 Reference value :  1.31826e+03
No. of Data Rows : 4401
dcg                 =  1.11162e+02
f0                  =  1.86631e+05
phx                 =  -1.11361e+02
f180                =  1.29508e+06
gmx                 =  -2.29556e+01
 meas ac f0r when tdb=0 rise=1 failed!

tres                =  -4.52317e-01 at=  1.96110e+05
ROW ssr_cmd=0.05 ssr_v=0.05 fb_v=1.1996 vout_v=0.0744045 isup_a=0.00208497 ceff_f=1e-06 esr_ohm=0.05 dcgain_db=111.162 f0_hz=186632 phase_at_f0_deg=-111.361 f180_hz=1.29508E+06 gain_at_f180_db=-22.9556 f0_rising_hz= resurgence_db=-0.452317
Doing analysis at TEMP = -40.000000 and TNOM = 27.000000

Using SPARSE 1.3 as Direct Linear Solver

No. of Data Rows : 1
Doing analysis at TEMP = -40.000000 and TNOM = 27.000000

Using SPARSE 1.3 as Direct Linear Solver
 Reference value :  1.66917e+01
No. of Data Rows : 4401
Doing analysis at TEMP = -40.000000 and TNOM = 27.000000

Using SPARSE 1.3 as Direct Linear Solver
 Reference value :  4.84172e+05
No. of Data Rows : 4401
dcg                 =  1.11162e+02
f0                  =  1.87298e+05
phx                 =  -1.08068e+02
f180                =  1.83373e+06
gmx                 =  -2.66003e+01
 meas ac f0r when tdb=0 rise=1 failed!

tres                =  -4.67748e-01 at=  1.97242e+05
ROW ssr_cmd=0.05 ssr_v=0.05 fb_v=1.1996 vout_v=0.0744045 isup_a=0.00208497 ceff_f=1e-06 esr_ohm=0.1 dcgain_db=111.162 f0_hz=187297 phase_at_f0_deg=-108.068 f180_hz=1.83373E+06 gain_at_f180_db=-26.6003 f0_rising_hz= resurgence_db=-0.467748
Doing analysis at TEMP = -40.000000 and TNOM = 27.000000

Using SPARSE 1.3 as Direct Linear Solver

No. of Data Rows : 1
Doing analysis at TEMP = -40.000000 and TNOM = 27.000000

Using SPARSE 1.3 as Direct Linear Solver
 Reference value :  2.13796e+04
No. of Data Rows : 4401
Doing analysis at TEMP = -40.000000 and TNOM = 27.000000

Using SPARSE 1.3 as Direct Linear Solver
 Reference value :  3.56862e+08
No. of Data Rows : 4401
dcg                 =  1.11162e+02
f0                  =  1.90560e+05
phx                 =  -1.01617e+02
f180                =  2.40221e+06
gmx                 =  -2.61421e+01
 meas ac f0r when tdb=0 rise=1 failed!

tres                =  -4.49633e-01 at=  2.00678e+05
ROW ssr_cmd=0.05 ssr_v=0.05 fb_v=1.1996 vout_v=0.0744045 isup_a=0.00208497 ceff_f=1e-06 esr_ohm=0.2 dcgain_db=111.162 f0_hz=190560 phase_at_f0_deg=-101.617 f180_hz=2.40221E+06 gain_at_f180_db=-26.1421 f0_rising_hz= resurgence_db=-0.449633
Doing analysis at TEMP = -40.000000 and TNOM = 27.000000

Using SPARSE 1.3 as Direct Linear Solver

No. of Data Rows : 1
Doing analysis at TEMP = -40.000000 and TNOM = 27.000000

Using SPARSE 1.3 as Direct Linear Solver
 Reference value :  1.11558e+07
No. of Data Rows : 4401
Doing analysis at TEMP = -40.000000 and TNOM = 27.000000

Using SPARSE 1.3 as Direct Linear Solver

No. of Data Rows : 4401
dcg                 =  1.11162e+02
f0                  =  2.21787e+05
phx                 =  -8.31790e+01
f180                =  2.74722e+06
gmx                 =  -2.06834e+01
 meas ac f0r when tdb=0 rise=1 failed!

tres                =  -3.20412e-01 at=  2.33077e+05
ROW ssr_cmd=0.05 ssr_v=0.05 fb_v=1.1996 vout_v=0.0744045 isup_a=0.00208497 ceff_f=1e-06 esr_ohm=0.5 dcgain_db=111.162 f0_hz=221787 phase_at_f0_deg=-83.179 f180_hz=2.74722E+06 gain_at_f180_db=-20.6834 f0_rising_hz= resurgence_db=-0.320412
Doing analysis at TEMP = -40.000000 and TNOM = 27.000000

Using SPARSE 1.3 as Direct Linear Solver
 Reference value :  0.00000e+00
No. of Data Rows : 1
Doing analysis at TEMP = -40.000000 and TNOM = 27.000000

Using SPARSE 1.3 as Direct Linear Solver

No. of Data Rows : 4401
Doing analysis at TEMP = -40.000000 and TNOM = 27.000000

Using SPARSE 1.3 as Direct Linear Solver
 Reference value :  1.00000e-02
No. of Data Rows : 4401
dcg                 =  1.11162e+02
f0                  =  4.22668e+04
phx                 =  -1.19019e+02
f180                =  9.61327e+05
gmx                 =  -3.21274e+01
 meas ac f0r when tdb=0 rise=1 failed!

tres                =  -4.96925e-01 at=  4.44120e+04
ROW ssr_cmd=0.05 ssr_v=0.05 fb_v=1.1996 vout_v=0.0744045 isup_a=0.00208497 ceff_f=4.7e-06 esr_ohm=0.001 dcgain_db=111.162 f0_hz=42266.8 phase_at_f0_deg=-119.019 f180_hz=961327 gain_at_f180_db=-32.1274 f0_rising_hz= resurgence_db=-0.496925
Doing analysis at TEMP = -40.000000 and TNOM = 27.000000

Using SPARSE 1.3 as Direct Linear Solver

No. of Data Rows : 1
Doing analysis at TEMP = -40.000000 and TNOM = 27.000000

Using SPARSE 1.3 as Direct Linear Solver
 Reference value :  1.00000e-02
No. of Data Rows : 4401
Doing analysis at TEMP = -40.000000 and TNOM = 27.000000

Using SPARSE 1.3 as Direct Linear Solver
 Reference value :  2.21309e+02
No. of Data Rows : 4401
dcg                 =  1.11162e+02
f0                  =  4.22871e+04
phx                 =  -1.15510e+02
f180                =  2.49560e+06
gmx                 =  -3.88481e+01
 meas ac f0r when tdb=0 rise=1 failed!

tres                =  -4.90345e-01 at=  4.44120e+04
ROW ssr_cmd=0.05 ssr_v=0.05 fb_v=1.1996 vout_v=0.0744045 isup_a=0.00208497 ceff_f=4.7e-06 esr_ohm=0.05 dcgain_db=111.162 f0_hz=42287.1 phase_at_f0_deg=-115.51 f180_hz=2.4956E+06 gain_at_f180_db=-38.8481 f0_rising_hz= resurgence_db=-0.490345
Doing analysis at TEMP = -40.000000 and TNOM = 27.000000

Using SPARSE 1.3 as Direct Linear Solver

No. of Data Rows : 1
Doing analysis at TEMP = -40.000000 and TNOM = 27.000000

Using SPARSE 1.3 as Direct Linear Solver
 Reference value :  8.51138e-01
No. of Data Rows : 4401
Doing analysis at TEMP = -40.000000 and TNOM = 27.000000

Using SPARSE 1.3 as Direct Linear Solver
 Reference value :  1.04713e+06
No. of Data Rows : 4401
dcg                 =  1.11162e+02
f0                  =  4.24483e+04
phx                 =  -1.11860e+02
f180                =  2.73695e+06
gmx                 =  -3.44912e+01
 meas ac f0r when tdb=0 rise=1 failed!

tres                =  -5.03534e-01 at=  4.46684e+04
ROW ssr_cmd=0.05 ssr_v=0.05 fb_v=1.1996 vout_v=0.0744045 isup_a=0.00208497 ceff_f=4.7e-06 esr_ohm=0.1 dcgain_db=111.162 f0_hz=42448.3 phase_at_f0_deg=-111.86 f180_hz=2.73695E+06 gain_at_f180_db=-34.4912 f0_rising_hz= resurgence_db=-0.503534
Doing analysis at TEMP = -40.000000 and TNOM = 27.000000

Using SPARSE 1.3 as Direct Linear Solver

No. of Data Rows : 1
Doing analysis at TEMP = -40.000000 and TNOM = 27.000000

Using SPARSE 1.3 as Direct Linear Solver
 Reference value :  1.83021e+07
No. of Data Rows : 4401
Doing analysis at TEMP = -40.000000 and TNOM = 27.000000

Using SPARSE 1.3 as Direct Linear Solver

No. of Data Rows : 4401
dcg                 =  1.11162e+02
f0                  =  4.32216e+04
phx                 =  -1.04313e+02
f180                =  2.85039e+06
gmx                 =  -2.91959e+01
 meas ac f0r when tdb=0 rise=1 failed!

tres                =  -4.71700e-01 at=  4.54465e+04
ROW ssr_cmd=0.05 ssr_v=0.05 fb_v=1.1996 vout_v=0.0744045 isup_a=0.00208497 ceff_f=4.7e-06 esr_ohm=0.2 dcgain_db=111.162 f0_hz=43221.6 phase_at_f0_deg=-104.313 f180_hz=2.85039E+06 gain_at_f180_db=-29.1959 f0_rising_hz= resurgence_db=-0.4717
Doing analysis at TEMP = -40.000000 and TNOM = 27.000000

Using SPARSE 1.3 as Direct Linear Solver
 Reference value :  0.00000e+00
No. of Data Rows : 1
Doing analysis at TEMP = -40.000000 and TNOM = 27.000000

Using SPARSE 1.3 as Direct Linear Solver

No. of Data Rows : 4401
Doing analysis at TEMP = -40.000000 and TNOM = 27.000000

Using SPARSE 1.3 as Direct Linear Solver
 Reference value :  1.00000e-02
No. of Data Rows : 4401
dcg                 =  1.11162e+02
f0                  =  5.09034e+04
phx                 =  -7.86767e+01
f180                =  2.91515e+06
gmx                 =  -2.16940e+01
 meas ac f0r when tdb=0 rise=1 failed!

tres                =  -3.31979e-01 at=  5.37032e+04
ROW ssr_cmd=0.05 ssr_v=0.05 fb_v=1.1996 vout_v=0.0744045 isup_a=0.00208497 ceff_f=4.7e-06 esr_ohm=0.5 dcgain_db=111.162 f0_hz=50903.4 phase_at_f0_deg=-78.6767 f180_hz=2.91515E+06 gain_at_f180_db=-21.694 f0_rising_hz= resurgence_db=-0.331979
Doing analysis at TEMP = -40.000000 and TNOM = 27.000000

Using SPARSE 1.3 as Direct Linear Solver

No. of Data Rows : 1
Doing analysis at TEMP = -40.000000 and TNOM = 27.000000

Using SPARSE 1.3 as Direct Linear Solver
 Reference value :  1.00000e-02
No. of Data Rows : 4401
Doing analysis at TEMP = -40.000000 and TNOM = 27.000000

Using SPARSE 1.3 as Direct Linear Solver
 Reference value :  1.14156e-01
No. of Data Rows : 4401
dcg                 =  1.16869e+02
f0                  =  2.27127e+05
phx                 =  -1.19248e+02
f180                =  1.04165e+06
gmx                 =  -1.70331e+01
 meas ac f0r when tdb=0 rise=1 failed!

tres                =  -4.57583e-01 at=  2.38506e+05
ROW ssr_cmd=0.15 ssr_v=0.15 fb_v=1.1996 vout_v=0.224404 isup_a=0.00625133 ceff_f=1e-06 esr_ohm=0.001 dcgain_db=116.869 f0_hz=227127 phase_at_f0_deg=-119.248 f180_hz=1.04165E+06 gain_at_f180_db=-17.033 f0_rising_hz= resurgence_db=-0.457583
Doing analysis at TEMP = -40.000000 and TNOM = 27.000000

Using SPARSE 1.3 as Direct Linear Solver

No. of Data Rows : 1
Doing analysis at TEMP = -40.000000 and TNOM = 27.000000

Using SPARSE 1.3 as Direct Linear Solver
 Reference value :  1.00000e-02
No. of Data Rows : 4401
Doing analysis at TEMP = -40.000000 and TNOM = 27.000000

Using SPARSE 1.3 as Direct Linear Solver
 Reference value :  5.55904e-01
No. of Data Rows : 4401
dcg                 =  1.16869e+02
f0                  =  2.27366e+05
phx                 =  -1.15261e+02
f180                =  1.44480e+06
gmx                 =  -2.15615e+01
 meas ac f0r when tdb=0 rise=1 failed!

tres                =  -4.99223e-01 at=  2.39883e+05
ROW ssr_cmd=0.15 ssr_v=0.15 fb_v=1.1996 vout_v=0.224404 isup_a=0.00625133 ceff_f=1e-06 esr_ohm=0.05 dcgain_db=116.869 f0_hz=227366 phase_at_f0_deg=-115.261 f180_hz=1.4448E+06 gain_at_f180_db=-21.5615 f0_rising_hz= resurgence_db=-0.499223
Doing analysis at TEMP = -40.000000 and TNOM = 27.000000

Using SPARSE 1.3 as Direct Linear Solver

No. of Data Rows : 1
Doing analysis at TEMP = -40.000000 and TNOM = 27.000000

Using SPARSE 1.3 as Direct Linear Solver
 Reference value :  1.00000e-02
No. of Data Rows : 4401
Doing analysis at TEMP = -40.000000 and TNOM = 27.000000

Using SPARSE 1.3 as Direct Linear Solver
 Reference value :  1.79887e+00
No. of Data Rows : 4401
dcg                 =  1.16869e+02
f0                  =  2.28688e+05
phx                 =  -1.11257e+02
f180                =  2.01535e+06
gmx                 =  -2.46599e+01
 meas ac f0r when tdb=0 rise=1 failed!

tres                =  -4.91625e-01 at=  2.41268e+05
ROW ssr_cmd=0.15 ssr_v=0.15 fb_v=1.1996 vout_v=0.224404 isup_a=0.00625133 ceff_f=1e-06 esr_ohm=0.1 dcgain_db=116.869 f0_hz=228688 phase_at_f0_deg=-111.257 f180_hz=2.01535E+06 gain_at_f180_db=-24.6599 f0_rising_hz= resurgence_db=-0.491625
Doing analysis at TEMP = -40.000000 and TNOM = 27.000000

Using SPARSE 1.3 as Direct Linear Solver

No. of Data Rows : 1
Doing analysis at TEMP = -40.000000 and TNOM = 27.000000

Using SPARSE 1.3 as Direct Linear Solver
 Reference value :  1.00000e-02
No. of Data Rows : 4401
Doing analysis at TEMP = -40.000000 and TNOM = 27.000000

Using SPARSE 1.3 as Direct Linear Solver
 Reference value :  2.83465e+02
No. of Data Rows : 4401
dcg                 =  1.16869e+02
f0                  =  2.34857e+05
phx                 =  -1.03395e+02
f180                =  2.56892e+06
gmx                 =  -2.36374e+01
 meas ac f0r when tdb=0 rise=1 failed!

tres                =  -4.32338e-01 at=  2.46888e+05
ROW ssr_cmd=0.15 ssr_v=0.15 fb_v=1.1996 vout_v=0.224404 isup_a=0.00625133 ceff_f=1e-06 esr_ohm=0.2 dcgain_db=116.869 f0_hz=234857 phase_at_f0_deg=-103.395 f180_hz=2.56892E+06 gain_at_f180_db=-23.6374 f0_rising_hz= resurgence_db=-0.432338
Doing analysis at TEMP = -40.000000 and TNOM = 27.000000

Using SPARSE 1.3 as Direct Linear Solver

No. of Data Rows : 1
Doing analysis at TEMP = -40.000000 and TNOM = 27.000000

Using SPARSE 1.3 as Direct Linear Solver
 Reference value :  1.00000e-02
No. of Data Rows : 4401
Doing analysis at TEMP = -40.000000 and TNOM = 27.000000

Using SPARSE 1.3 as Direct Linear Solver
 Reference value :  1.00577e+02
No. of Data Rows : 4401
dcg                 =  1.16869e+02
f0                  =  3.00278e+05
phx                 =  -8.11796e+01
f180                =  2.90465e+06
gmx                 =  -1.79818e+01
 meas ac f0r when tdb=0 rise=1 failed!

tres                =  -2.81575e-01 at=  3.16228e+05
ROW ssr_cmd=0.15 ssr_v=0.15 fb_v=1.1996 vout_v=0.224404 isup_a=0.00625133 ceff_f=1e-06 esr_ohm=0.5 dcgain_db=116.869 f0_hz=300278 phase_at_f0_deg=-81.1796 f180_hz=2.90465E+06 gain_at_f180_db=-17.9818 f0_rising_hz= resurgence_db=-0.281575
Doing analysis at TEMP = -40.000000 and TNOM = 27.000000

Using SPARSE 1.3 as Direct Linear Solver

No. of Data Rows : 1
Doing analysis at TEMP = -40.000000 and TNOM = 27.000000

Using SPARSE 1.3 as Direct Linear Solver
 Reference value :  1.00000e-02
No. of Data Rows : 4401
Doing analysis at TEMP = -40.000000 and TNOM = 27.000000

Using SPARSE 1.3 as Direct Linear Solver
 Reference value :  1.91646e+02
No. of Data Rows : 4401
dcg                 =  1.16869e+02
f0                  =  5.69518e+04
phx                 =  -1.25305e+02
f180                =  1.06058e+06
gmx                 =  -3.07413e+01
 meas ac f0r when tdb=0 rise=1 failed!

tres                =  -5.51831e-01 at=  5.99101e+04
ROW ssr_cmd=0.15 ssr_v=0.15 fb_v=1.1996 vout_v=0.224404 isup_a=0.00625133 ceff_f=4.7e-06 esr_ohm=0.001 dcgain_db=116.869 f0_hz=56951.8 phase_at_f0_deg=-125.304 f180_hz=1.06058E+06 gain_at_f180_db=-30.7413 f0_rising_hz= resurgence_db=-0.551831
Doing analysis at TEMP = -40.000000 and TNOM = 27.000000

Using SPARSE 1.3 as Direct Linear Solver

No. of Data Rows : 1
Doing analysis at TEMP = -40.000000 and TNOM = 27.000000

Using SPARSE 1.3 as Direct Linear Solver
 Reference value :  1.00000e-02
No. of Data Rows : 4401
Doing analysis at TEMP = -40.000000 and TNOM = 27.000000

Using SPARSE 1.3 as Direct Linear Solver
 Reference value :  3.00262e+00
No. of Data Rows : 4401
dcg                 =  1.16869e+02
f0                  =  5.70474e+04
phx                 =  -1.20556e+02
f180                =  2.65806e+06
gmx                 =  -3.62676e+01
 meas ac f0r when tdb=0 rise=1 failed!

tres                =  -5.30291e-01 at=  5.99101e+04
ROW ssr_cmd=0.15 ssr_v=0.15 fb_v=1.1996 vout_v=0.224404 isup_a=0.00625133 ceff_f=4.7e-06 esr_ohm=0.05 dcgain_db=116.869 f0_hz=57047.4 phase_at_f0_deg=-120.556 f180_hz=2.65806E+06 gain_at_f180_db=-36.2676 f0_rising_hz= resurgence_db=-0.530291
Doing analysis at TEMP = -40.000000 and TNOM = 27.000000

Using SPARSE 1.3 as Direct Linear Solver

No. of Data Rows : 1
Doing analysis at TEMP = -40.000000 and TNOM = 27.000000

Using SPARSE 1.3 as Direct Linear Solver
 Reference value :  1.00000e-02
No. of Data Rows : 4401
Doing analysis at TEMP = -40.000000 and TNOM = 27.000000

Using SPARSE 1.3 as Direct Linear Solver
 Reference value :  8.08165e-01
No. of Data Rows : 4401
dcg                 =  1.16869e+02
f0                  =  5.74655e+04
phx                 =  -1.15603e+02
f180                =  2.89448e+06
gmx                 =  -3.17868e+01
 meas ac f0r when tdb=0 rise=1 failed!

tres                =  -5.64044e-01 at=  6.06038e+04
ROW ssr_cmd=0.15 ssr_v=0.15 fb_v=1.1996 vout_v=0.224404 isup_a=0.00625133 ceff_f=4.7e-06 esr_ohm=0.1 dcgain_db=116.869 f0_hz=57465.5 phase_at_f0_deg=-115.603 f180_hz=2.89448E+06 gain_at_f180_db=-31.7868 f0_rising_hz= resurgence_db=-0.564044
Doing analysis at TEMP = -40.000000 and TNOM = 27.000000

Using SPARSE 1.3 as Direct Linear Solver

No. of Data Rows : 1
Doing analysis at TEMP = -40.000000 and TNOM = 27.000000

Using SPARSE 1.3 as Direct Linear Solver
 Reference value :  1.00000e-02
No. of Data Rows : 4401
Doing analysis at TEMP = -40.000000 and TNOM = 27.000000

Using SPARSE 1.3 as Direct Linear Solver
 Reference value :  1.04713e-01
No. of Data Rows : 4401
dcg                 =  1.16869e+02
f0                  =  5.93704e+04
phx                 =  -1.05311e+02
f180                =  3.00650e+06
gmx                 =  -2.64480e+01
 meas ac f0r when tdb=0 rise=1 failed!

tres                =  -4.82216e-01 at=  6.23735e+04
ROW ssr_cmd=0.15 ssr_v=0.15 fb_v=1.1996 vout_v=0.224404 isup_a=0.00625133 ceff_f=4.7e-06 esr_ohm=0.2 dcgain_db=116.869 f0_hz=59370.4 phase_at_f0_deg=-105.311 f180_hz=3.0065E+06 gain_at_f180_db=-26.448 f0_rising_hz= resurgence_db=-0.482216
Doing analysis at TEMP = -40.000000 and TNOM = 27.000000

Using SPARSE 1.3 as Direct Linear Solver

No. of Data Rows : 1
Doing analysis at TEMP = -40.000000 and TNOM = 27.000000

Using SPARSE 1.3 as Direct Linear Solver
 Reference value :  1.00000e-02
No. of Data Rows : 4401
Doing analysis at TEMP = -40.000000 and TNOM = 27.000000

Using SPARSE 1.3 as Direct Linear Solver
 Reference value :  1.98381e-01
No. of Data Rows : 4401
dcg                 =  1.16869e+02
f0                  =  8.17880e+04
phx                 =  -6.94319e+01
f180                =  3.06987e+06
gmx                 =  -1.89240e+01
 meas ac f0r when tdb=0 rise=1 failed!

tres                =  -2.40838e-01 at=  8.60994e+04
ROW ssr_cmd=0.15 ssr_v=0.15 fb_v=1.1996 vout_v=0.224404 isup_a=0.00625133 ceff_f=4.7e-06 esr_ohm=0.5 dcgain_db=116.869 f0_hz=81788 phase_at_f0_deg=-69.4319 f180_hz=3.06987E+06 gain_at_f180_db=-18.924 f0_rising_hz= resurgence_db=-0.240838
Doing analysis at TEMP = -40.000000 and TNOM = 27.000000

Using SPARSE 1.3 as Direct Linear Solver

No. of Data Rows : 1
Doing analysis at TEMP = -40.000000 and TNOM = 27.000000

Using SPARSE 1.3 as Direct Linear Solver
 Reference value :  1.00000e-02
No. of Data Rows : 4401
Doing analysis at TEMP = -40.000000 and TNOM = 27.000000

Using SPARSE 1.3 as Direct Linear Solver
 Reference value :  1.85140e-01
No. of Data Rows : 4401
dcg                 =  1.21952e+02
f0                  =  3.22969e+05
phx                 =  -1.29763e+02
f180                =  9.94640e+05
gmx                 =  -1.33989e+01
 meas ac f0r when tdb=0 rise=1 failed!

tres                =  -5.38863e-01 at=  3.40800e+05
ROW ssr_cmd=0.6 ssr_v=0.6 fb_v=1.1996 vout_v=0.899404 isup_a=0.025 ceff_f=1e-06 esr_ohm=0.001 dcgain_db=121.953 f0_hz=322969 phase_at_f0_deg=-129.763 f180_hz=994640 gain_at_f180_db=-13.3989 f0_rising_hz= resurgence_db=-0.538863
Doing analysis at TEMP = -40.000000 and TNOM = 27.000000

Using SPARSE 1.3 as Direct Linear Solver

No. of Data Rows : 1
Doing analysis at TEMP = -40.000000 and TNOM = 27.000000

Using SPARSE 1.3 as Direct Linear Solver
 Reference value :  1.00000e-02
No. of Data Rows : 4401
Doing analysis at TEMP = -40.000000 and TNOM = 27.000000

Using SPARSE 1.3 as Direct Linear Solver
 Reference value :  2.07730e-02
No. of Data Rows : 4401
dcg                 =  1.21952e+02
f0                  =  3.24005e+05
phx                 =  -1.24148e+02
f180                =  1.38009e+06
gmx                 =  -1.79654e+01
 meas ac f0r when tdb=0 rise=1 failed!

tres                =  -5.02121e-01 at=  3.40800e+05
ROW ssr_cmd=0.6 ssr_v=0.6 fb_v=1.1996 vout_v=0.899404 isup_a=0.025 ceff_f=1e-06 esr_ohm=0.05 dcgain_db=121.953 f0_hz=324005 phase_at_f0_deg=-124.147 f180_hz=1.38009E+06 gain_at_f180_db=-17.9654 f0_rising_hz= resurgence_db=-0.502121
Doing analysis at TEMP = -40.000000 and TNOM = 27.000000

Using SPARSE 1.3 as Direct Linear Solver

No. of Data Rows : 1
Doing analysis at TEMP = -40.000000 and TNOM = 27.000000

Using SPARSE 1.3 as Direct Linear Solver
 Reference value :  1.00000e-02
No. of Data Rows : 4401
Doing analysis at TEMP = -40.000000 and TNOM = 27.000000

Using SPARSE 1.3 as Direct Linear Solver
 Reference value :  1.81970e-01
No. of Data Rows : 4401
dcg                 =  1.21952e+02
f0                  =  3.28014e+05
phx                 =  -1.18620e+02
f180                =  1.94343e+06
gmx                 =  -2.12744e+01
 meas ac f0r when tdb=0 rise=1 failed!

tres                =  -4.81572e-01 at=  3.44747e+05
ROW ssr_cmd=0.6 ssr_v=0.6 fb_v=1.1996 vout_v=0.899404 isup_a=0.025 ceff_f=1e-06 esr_ohm=0.1 dcgain_db=121.953 f0_hz=328014 phase_at_f0_deg=-118.62 f180_hz=1.94343E+06 gain_at_f180_db=-21.2744 f0_rising_hz= resurgence_db=-0.481572
Doing analysis at TEMP = -40.000000 and TNOM = 27.000000

Using SPARSE 1.3 as Direct Linear Solver

No. of Data Rows : 1
Doing analysis at TEMP = -40.000000 and TNOM = 27.000000

Using SPARSE 1.3 as Direct Linear Solver
 Reference value :  1.00000e-02
No. of Data Rows : 4401
Doing analysis at TEMP = -40.000000 and TNOM = 27.000000

Using SPARSE 1.3 as Direct Linear Solver
 Reference value :  1.67880e-01
No. of Data Rows : 4401
dcg                 =  1.21952e+02
f0                  =  3.46348e+05
phx                 =  -1.08154e+02
f180                =  2.50243e+06
gmx                 =  -2.04091e+01
 meas ac f0r when tdb=0 rise=1 failed!

tres                =  -4.61095e-01 at=  3.65174e+05
ROW ssr_cmd=0.6 ssr_v=0.6 fb_v=1.1996 vout_v=0.899404 isup_a=0.025 ceff_f=1e-06 esr_ohm=0.2 dcgain_db=121.953 f0_hz=346348 phase_at_f0_deg=-108.153 f180_hz=2.50243E+06 gain_at_f180_db=-20.4091 f0_rising_hz= resurgence_db=-0.461095
Doing analysis at TEMP = -40.000000 and TNOM = 27.000000

Using SPARSE 1.3 as Direct Linear Solver

No. of Data Rows : 1
Doing analysis at TEMP = -40.000000 and TNOM = 27.000000

Using SPARSE 1.3 as Direct Linear Solver
 Reference value :  1.00000e-02
No. of Data Rows : 4401
Doing analysis at TEMP = -40.000000 and TNOM = 27.000000

Using SPARSE 1.3 as Direct Linear Solver
 Reference value :  4.46684e-01
No. of Data Rows : 4401
dcg                 =  1.21952e+02
f0                  =  5.74655e+05
phx                 =  -8.88801e+01
f180                =  2.83903e+06
gmx                 =  -1.47932e+01
 meas ac f0r when tdb=0 rise=1 failed!

tres                =  -2.70248e-01 at=  6.06038e+05
ROW ssr_cmd=0.6 ssr_v=0.6 fb_v=1.1996 vout_v=0.899404 isup_a=0.025 ceff_f=1e-06 esr_ohm=0.5 dcgain_db=121.953 f0_hz=574655 phase_at_f0_deg=-88.8801 f180_hz=2.83903E+06 gain_at_f180_db=-14.7932 f0_rising_hz= resurgence_db=-0.270248
Doing analysis at TEMP = -40.000000 and TNOM = 27.000000

Using SPARSE 1.3 as Direct Linear Solver

No. of Data Rows : 1
Doing analysis at TEMP = -40.000000 and TNOM = 27.000000

Using SPARSE 1.3 as Direct Linear Solver
 Reference value :  1.00000e-02
No. of Data Rows : 4401
Doing analysis at TEMP = -40.000000 and TNOM = 27.000000

Using SPARSE 1.3 as Direct Linear Solver
 Reference value :  3.16228e-01
No. of Data Rows : 4401
dcg                 =  1.21952e+02
f0                  =  8.31100e+04
phx                 =  -1.25540e+02
f180                =  1.01222e+06
gmx                 =  -2.70976e+01
 meas ac f0r when tdb=0 rise=1 failed!

tres                =  -5.62724e-01 at=  8.75992e+04
ROW ssr_cmd=0.6 ssr_v=0.6 fb_v=1.1996 vout_v=0.899404 isup_a=0.025 ceff_f=4.7e-06 esr_ohm=0.001 dcgain_db=121.953 f0_hz=83110 phase_at_f0_deg=-125.54 f180_hz=1.01222E+06 gain_at_f180_db=-27.0976 f0_rising_hz= resurgence_db=-0.562724
Doing analysis at TEMP = -40.000000 and TNOM = 27.000000

Using SPARSE 1.3 as Direct Linear Solver

No. of Data Rows : 1
Doing analysis at TEMP = -40.000000 and TNOM = 27.000000

Using SPARSE 1.3 as Direct Linear Solver
 Reference value :  1.00000e-02
No. of Data Rows : 4401
Doing analysis at TEMP = -40.000000 and TNOM = 27.000000

Using SPARSE 1.3 as Direct Linear Solver
 Reference value :  1.42889e+00
No. of Data Rows : 4401
dcg                 =  1.21952e+02
f0                  =  8.35176e+04
phx                 =  -1.18588e+02
f180                =  2.59068e+06
gmx                 =  -3.30380e+01
 meas ac f0r when tdb=0 rise=1 failed!

tres                =  -5.63938e-01 at=  8.81049e+04
ROW ssr_cmd=0.6 ssr_v=0.6 fb_v=1.1996 vout_v=0.899404 isup_a=0.025 ceff_f=4.7e-06 esr_ohm=0.05 dcgain_db=121.953 f0_hz=83517.6 phase_at_f0_deg=-118.588 f180_hz=2.59068E+06 gain_at_f180_db=-33.038 f0_rising_hz= resurgence_db=-0.563938
Doing analysis at TEMP = -40.000000 and TNOM = 27.000000

Using SPARSE 1.3 as Direct Linear Solver

No. of Data Rows : 1
Doing analysis at TEMP = -40.000000 and TNOM = 27.000000

Using SPARSE 1.3 as Direct Linear Solver
 Reference value :  1.00000e-02
No. of Data Rows : 4401
Doing analysis at TEMP = -40.000000 and TNOM = 27.000000

Using SPARSE 1.3 as Direct Linear Solver
 Reference value :  2.70707e+01
No. of Data Rows : 4401
dcg                 =  1.21952e+02
f0                  =  8.49825e+04
phx                 =  -1.11308e+02
f180                =  2.82947e+06
gmx                 =  -2.85893e+01
 meas ac f0r when tdb=0 rise=1 failed!

tres                =  -5.38825e-01 at=  8.96396e+04
ROW ssr_cmd=0.6 ssr_v=0.6 fb_v=1.1996 vout_v=0.899404 isup_a=0.025 ceff_f=4.7e-06 esr_ohm=0.1 dcgain_db=121.953 f0_hz=84982.6 phase_at_f0_deg=-111.308 f180_hz=2.82947E+06 gain_at_f180_db=-28.5893 f0_rising_hz= resurgence_db=-0.538825
Doing analysis at TEMP = -40.000000 and TNOM = 27.000000

Using SPARSE 1.3 as Direct Linear Solver

No. of Data Rows : 1
Doing analysis at TEMP = -40.000000 and TNOM = 27.000000

Using SPARSE 1.3 as Direct Linear Solver
 Reference value :  1.00000e-02
No. of Data Rows : 4401
Doing analysis at TEMP = -40.000000 and TNOM = 27.000000

Using SPARSE 1.3 as Direct Linear Solver
 Reference value :  4.98310e+02
No. of Data Rows : 4401
dcg                 =  1.21952e+02
f0                  =  9.18956e+04
phx                 =  -9.59753e+01
f180                =  2.94215e+06
gmx                 =  -2.32613e+01
 meas ac f0r when tdb=0 rise=1 failed!

tres                =  -4.20160e-01 at=  9.66051e+04
ROW ssr_cmd=0.6 ssr_v=0.6 fb_v=1.1996 vout_v=0.899404 isup_a=0.025 ceff_f=4.7e-06 esr_ohm=0.2 dcgain_db=121.953 f0_hz=91895.6 phase_at_f0_deg=-95.9754 f180_hz=2.94215E+06 gain_at_f180_db=-23.2613 f0_rising_hz= resurgence_db=-0.42016
Doing analysis at TEMP = -40.000000 and TNOM = 27.000000

Using SPARSE 1.3 as Direct Linear Solver

No. of Data Rows : 1
Doing analysis at TEMP = -40.000000 and TNOM = 27.000000

Using SPARSE 1.3 as Direct Linear Solver
 Reference value :  1.00000e-02
No. of Data Rows : 4401
Doing analysis at TEMP = -40.000000 and TNOM = 27.000000

Using SPARSE 1.3 as Direct Linear Solver
 Reference value :  2.05353e+00
No. of Data Rows : 4401
dcg                 =  1.21952e+02
f0                  =  3.59854e+05
phx                 =  -5.39828e+01
f180                =  3.00443e+06
gmx                 =  -1.57420e+01
 meas ac f0r when tdb=0 rise=1 failed!

tres                =  -9.00710e-02 at=  3.78007e+05
ROW ssr_cmd=0.6 ssr_v=0.6 fb_v=1.1996 vout_v=0.899404 isup_a=0.025 ceff_f=4.7e-06 esr_ohm=0.5 dcgain_db=121.953 f0_hz=359854 phase_at_f0_deg=-53.9828 f180_hz=3.00443E+06 gain_at_f180_db=-15.742 f0_rising_hz= resurgence_db=-0.090071
Doing analysis at TEMP = -40.000000 and TNOM = 27.000000

Using SPARSE 1.3 as Direct Linear Solver

No. of Data Rows : 1
Doing analysis at TEMP = -40.000000 and TNOM = 27.000000

Using SPARSE 1.3 as Direct Linear Solver
 Reference value :  1.00000e-02
No. of Data Rows : 4401
Doing analysis at TEMP = -40.000000 and TNOM = 27.000000

Using SPARSE 1.3 as Direct Linear Solver
 Reference value :  1.74783e-01
No. of Data Rows : 4401
dcg                 =  1.23345e+02
f0                  =  3.77593e+05
phx                 =  -1.34680e+02
f180                =  9.79139e+05
gmx                 =  -1.16228e+01
 meas ac f0r when tdb=0 rise=1 failed!

tres                =  -5.49513e-01 at=  3.98107e+05
ROW ssr_cmd=1.15 ssr_v=1.15 fb_v=1.1996 vout_v=1.7244 isup_a=0.0479151 ceff_f=1e-06 esr_ohm=0.001 dcgain_db=123.344 f0_hz=377593 phase_at_f0_deg=-134.68 f180_hz=979139 gain_at_f180_db=-11.6228 f0_rising_hz= resurgence_db=-0.549513
Doing analysis at TEMP = -40.000000 and TNOM = 27.000000

Using SPARSE 1.3 as Direct Linear Solver

No. of Data Rows : 1
Doing analysis at TEMP = -40.000000 and TNOM = 27.000000

Using SPARSE 1.3 as Direct Linear Solver
 Reference value :  1.00000e-02
No. of Data Rows : 4401
Doing analysis at TEMP = -40.000000 and TNOM = 27.000000

Using SPARSE 1.3 as Direct Linear Solver
 Reference value :  3.27341e+01
No. of Data Rows : 4401
dcg                 =  1.23345e+02
f0                  =  3.79340e+05
phx                 =  -1.28161e+02
f180                =  1.34943e+06
gmx                 =  -1.60807e+01
 meas ac f0r when tdb=0 rise=1 failed!

tres                =  -5.55105e-01 at=  4.00405e+05
ROW ssr_cmd=1.15 ssr_v=1.15 fb_v=1.1996 vout_v=1.7244 isup_a=0.0479151 ceff_f=1e-06 esr_ohm=0.05 dcgain_db=123.344 f0_hz=379340 phase_at_f0_deg=-128.161 f180_hz=1.34943E+06 gain_at_f180_db=-16.0807 f0_rising_hz= resurgence_db=-0.555105
Doing analysis at TEMP = -40.000000 and TNOM = 27.000000

Using SPARSE 1.3 as Direct Linear Solver

No. of Data Rows : 1
Doing analysis at TEMP = -40.000000 and TNOM = 27.000000

Using SPARSE 1.3 as Direct Linear Solver
 Reference value :  1.00000e-02
No. of Data Rows : 4401
Doing analysis at TEMP = -40.000000 and TNOM = 27.000000

Using SPARSE 1.3 as Direct Linear Solver
 Reference value :  4.59727e-02
No. of Data Rows : 4401
dcg                 =  1.23345e+02
f0                  =  3.85726e+05
phx                 =  -1.21844e+02
f180                =  1.89112e+06
gmx                 =  -1.93555e+01
 meas ac f0r when tdb=0 rise=1 failed!

tres                =  -4.85196e-01 at=  4.05042e+05
ROW ssr_cmd=1.15 ssr_v=1.15 fb_v=1.1996 vout_v=1.7244 isup_a=0.0479151 ceff_f=1e-06 esr_ohm=0.1 dcgain_db=123.344 f0_hz=385726 phase_at_f0_deg=-121.844 f180_hz=1.89112E+06 gain_at_f180_db=-19.3555 f0_rising_hz= resurgence_db=-0.485196
Doing analysis at TEMP = -40.000000 and TNOM = 27.000000

Using SPARSE 1.3 as Direct Linear Solver

No. of Data Rows : 1
Doing analysis at TEMP = -40.000000 and TNOM = 27.000000

Using SPARSE 1.3 as Direct Linear Solver
 Reference value :  1.00000e-02
No. of Data Rows : 4401
Doing analysis at TEMP = -40.000000 and TNOM = 27.000000

Using SPARSE 1.3 as Direct Linear Solver
 Reference value :  1.18168e-01
No. of Data Rows : 4401
dcg                 =  1.23345e+02
f0                  =  4.15183e+05
phx                 =  -1.10277e+02
f180                =  2.44025e+06
gmx                 =  -1.85520e+01
 meas ac f0r when tdb=0 rise=1 failed!

tres                =  -4.35925e-01 at=  4.36516e+05
ROW ssr_cmd=1.15 ssr_v=1.15 fb_v=1.1996 vout_v=1.7244 isup_a=0.0479151 ceff_f=1e-06 esr_ohm=0.2 dcgain_db=123.344 f0_hz=415183 phase_at_f0_deg=-110.277 f180_hz=2.44025E+06 gain_at_f180_db=-18.552 f0_rising_hz= resurgence_db=-0.435924
Doing analysis at TEMP = -40.000000 and TNOM = 27.000000

Using SPARSE 1.3 as Direct Linear Solver

No. of Data Rows : 1
Doing analysis at TEMP = -40.000000 and TNOM = 27.000000

Using SPARSE 1.3 as Direct Linear Solver
 Reference value :  1.00000e-02
No. of Data Rows : 4401
Doing analysis at TEMP = -40.000000 and TNOM = 27.000000

Using SPARSE 1.3 as Direct Linear Solver
 Reference value :  4.70435e+00
No. of Data Rows : 4401
dcg                 =  1.23345e+02
f0                  =  7.66988e+05
phx                 =  -9.80615e+01
f180                =  2.77199e+06
gmx                 =  -1.29626e+01
 meas ac f0r when tdb=0 rise=1 failed!

tres                =  -3.10888e-01 at=  8.08165e+05
ROW ssr_cmd=1.15 ssr_v=1.15 fb_v=1.1996 vout_v=1.7244 isup_a=0.0479151 ceff_f=1e-06 esr_ohm=0.5 dcgain_db=123.344 f0_hz=766988 phase_at_f0_deg=-98.0615 f180_hz=2.77199E+06 gain_at_f180_db=-12.9626 f0_rising_hz= resurgence_db=-0.310888
Doing analysis at TEMP = -40.000000 and TNOM = 27.000000

Using SPARSE 1.3 as Direct Linear Solver

No. of Data Rows : 1
Doing analysis at TEMP = -40.000000 and TNOM = 27.000000

Using SPARSE 1.3 as Direct Linear Solver
 Reference value :  1.00000e-02
No. of Data Rows : 4401
Doing analysis at TEMP = -40.000000 and TNOM = 27.000000

Using SPARSE 1.3 as Direct Linear Solver
 Reference value :  8.65964e-01
No. of Data Rows : 4401
dcg                 =  1.23345e+02
f0                  =  9.74067e+04
phx                 =  -1.24724e+02
f180                =  9.95839e+05
gmx                 =  -2.53099e+01
 meas ac f0r when tdb=0 rise=1 failed!

tres                =  -5.16099e-01 at=  1.02329e+05
ROW ssr_cmd=1.15 ssr_v=1.15 fb_v=1.1996 vout_v=1.7244 isup_a=0.0479151 ceff_f=4.7e-06 esr_ohm=0.001 dcgain_db=123.344 f0_hz=97406.7 phase_at_f0_deg=-124.724 f180_hz=995839 gain_at_f180_db=-25.3099 f0_rising_hz= resurgence_db=-0.516099
Doing analysis at TEMP = -40.000000 and TNOM = 27.000000

Using SPARSE 1.3 as Direct Linear Solver

No. of Data Rows : 1
Doing analysis at TEMP = -40.000000 and TNOM = 27.000000

Using SPARSE 1.3 as Direct Linear Solver
 Reference value :  1.00000e-02
No. of Data Rows : 4401
Doing analysis at TEMP = -40.000000 and TNOM = 27.000000

Using SPARSE 1.3 as Direct Linear Solver
 Reference value :  2.04174e+01
No. of Data Rows : 4401
dcg                 =  1.23345e+02
f0                  =  9.81164e+04
phx                 =  -1.16573e+02
f180                =  2.52712e+06
gmx                 =  -3.11811e+01
 meas ac f0r when tdb=0 rise=1 failed!

tres                =  -5.49443e-01 at=  1.03514e+05
ROW ssr_cmd=1.15 ssr_v=1.15 fb_v=1.1996 vout_v=1.7244 isup_a=0.0479151 ceff_f=4.7e-06 esr_ohm=0.05 dcgain_db=123.344 f0_hz=98116.4 phase_at_f0_deg=-116.573 f180_hz=2.52712E+06 gain_at_f180_db=-31.1811 f0_rising_hz= resurgence_db=-0.549443
Doing analysis at TEMP = -40.000000 and TNOM = 27.000000

Using SPARSE 1.3 as Direct Linear Solver

No. of Data Rows : 1
Doing analysis at TEMP = -40.000000 and TNOM = 27.000000

Using SPARSE 1.3 as Direct Linear Solver
 Reference value :  1.00000e-02
No. of Data Rows : 4401
Doing analysis at TEMP = -40.000000 and TNOM = 27.000000

Using SPARSE 1.3 as Direct Linear Solver
 Reference value :  2.64545e-01
No. of Data Rows : 4401
dcg                 =  1.23345e+02
f0                  =  1.00611e+05
phx                 =  -1.08025e+02
f180                =  2.76346e+06
gmx                 =  -2.67504e+01
 meas ac f0r when tdb=0 rise=1 failed!

tres                =  -4.97088e-01 at=  1.05925e+05
ROW ssr_cmd=1.15 ssr_v=1.15 fb_v=1.1996 vout_v=1.7244 isup_a=0.0479151 ceff_f=4.7e-06 esr_ohm=0.1 dcgain_db=123.344 f0_hz=100611 phase_at_f0_deg=-108.025 f180_hz=2.76346E+06 gain_at_f180_db=-26.7504 f0_rising_hz= resurgence_db=-0.497088
Doing analysis at TEMP = -40.000000 and TNOM = 27.000000

Using SPARSE 1.3 as Direct Linear Solver

No. of Data Rows : 1
Doing analysis at TEMP = -40.000000 and TNOM = 27.000000

Using SPARSE 1.3 as Direct Linear Solver
 Reference value :  1.00000e-02
No. of Data Rows : 4401
Doing analysis at TEMP = -40.000000 and TNOM = 27.000000

Using SPARSE 1.3 as Direct Linear Solver
 Reference value :  2.72270e+00
No. of Data Rows : 4401
dcg                 =  1.23345e+02
f0                  =  1.13072e+05
phx                 =  -8.98772e+01
f180                =  2.87469e+06
gmx                 =  -2.14288e+01
 meas ac f0r when tdb=0 rise=1 failed!

tres                =  -3.68832e-01 at=  1.18850e+05
ROW ssr_cmd=1.15 ssr_v=1.15 fb_v=1.1996 vout_v=1.7244 isup_a=0.0479151 ceff_f=4.7e-06 esr_ohm=0.2 dcgain_db=123.344 f0_hz=113072 phase_at_f0_deg=-89.8772 f180_hz=2.87469E+06 gain_at_f180_db=-21.4288 f0_rising_hz= resurgence_db=-0.368832
Doing analysis at TEMP = -40.000000 and TNOM = 27.000000

Using SPARSE 1.3 as Direct Linear Solver

No. of Data Rows : 1
Doing analysis at TEMP = -40.000000 and TNOM = 27.000000

Using SPARSE 1.3 as Direct Linear Solver
 Reference value :  1.00000e-02
No. of Data Rows : 4401
Doing analysis at TEMP = -40.000000 and TNOM = 27.000000

Using SPARSE 1.3 as Direct Linear Solver
 Reference value :  1.19536e+00
No. of Data Rows : 4401
dcg                 =  1.23345e+02
f0                  =  6.56351e+05
phx                 =  -7.33594e+01
f180                =  2.93514e+06
gmx                 =  -1.39146e+01
 meas ac f0r when tdb=0 rise=1 failed!

tres                =  -2.05820e-01 at=  6.91831e+05
ROW ssr_cmd=1.15 ssr_v=1.15 fb_v=1.1996 vout_v=1.7244 isup_a=0.0479151 ceff_f=4.7e-06 esr_ohm=0.5 dcgain_db=123.344 f0_hz=656351 phase_at_f0_deg=-73.3594 f180_hz=2.93514E+06 gain_at_f180_db=-13.9146 f0_rising_hz= resurgence_db=-0.20582
Doing analysis at TEMP = -40.000000 and TNOM = 27.000000

Using SPARSE 1.3 as Direct Linear Solver

No. of Data Rows : 1
Doing analysis at TEMP = -40.000000 and TNOM = 27.000000

Using SPARSE 1.3 as Direct Linear Solver
 Reference value :  1.00000e-02
No. of Data Rows : 4401
Doing analysis at TEMP = -40.000000 and TNOM = 27.000000

Using SPARSE 1.3 as Direct Linear Solver
 Reference value :  4.54465e+03
No. of Data Rows : 4401
dcg                 =  1.23369e+02
f0                  =  3.80726e+05
phx                 =  -1.34964e+02
f180                =  9.77945e+05
gmx                 =  -1.15205e+01
 meas ac f0r when tdb=0 rise=1 failed!

tres                =  -5.24375e-01 at=  4.00405e+05
ROW ssr_cmd=1.25 ssr_v=1.25 fb_v=1.1996 vout_v=1.7994 isup_a=0.0499983 ceff_f=1e-06 esr_ohm=0.001 dcgain_db=123.369 f0_hz=380726 phase_at_f0_deg=-134.964 f180_hz=977945 gain_at_f180_db=-11.5205 f0_rising_hz= resurgence_db=-0.524375
Doing analysis at TEMP = -40.000000 and TNOM = 27.000000

Using SPARSE 1.3 as Direct Linear Solver

No. of Data Rows : 1
Doing analysis at TEMP = -40.000000 and TNOM = 27.000000

Using SPARSE 1.3 as Direct Linear Solver
 Reference value :  1.70805e+00
No. of Data Rows : 4401
Doing analysis at TEMP = -40.000000 and TNOM = 27.000000

Using SPARSE 1.3 as Direct Linear Solver
 Reference value :  2.78612e+04
No. of Data Rows : 4401
dcg                 =  1.23369e+02
f0                  =  3.82517e+05
phx                 =  -1.28393e+02
f180                =  1.34682e+06
gmx                 =  -1.59673e+01
 meas ac f0r when tdb=0 rise=1 failed!

tres                =  -5.29390e-01 at=  4.02717e+05
ROW ssr_cmd=1.25 ssr_v=1.25 fb_v=1.1996 vout_v=1.7994 isup_a=0.0499983 ceff_f=1e-06 esr_ohm=0.05 dcgain_db=123.369 f0_hz=382517 phase_at_f0_deg=-128.393 f180_hz=1.34682E+06 gain_at_f180_db=-15.9673 f0_rising_hz= resurgence_db=-0.52939
Doing analysis at TEMP = -40.000000 and TNOM = 27.000000

Using SPARSE 1.3 as Direct Linear Solver

No. of Data Rows : 1
Doing analysis at TEMP = -40.000000 and TNOM = 27.000000

Using SPARSE 1.3 as Direct Linear Solver
 Reference value :  3.25462e+00
No. of Data Rows : 4401
Doing analysis at TEMP = -40.000000 and TNOM = 27.000000

Using SPARSE 1.3 as Direct Linear Solver
 Reference value :  1.38835e+05
No. of Data Rows : 4401
dcg                 =  1.23369e+02
f0                  =  3.89056e+05
phx                 =  -1.22033e+02
f180                =  1.88643e+06
gmx                 =  -1.92385e+01
 meas ac f0r when tdb=0 rise=1 failed!

tres                =  -5.14969e-01 at=  4.09732e+05
ROW ssr_cmd=1.25 ssr_v=1.25 fb_v=1.1996 vout_v=1.7994 isup_a=0.0499983 ceff_f=1e-06 esr_ohm=0.1 dcgain_db=123.369 f0_hz=389056 phase_at_f0_deg=-122.032 f180_hz=1.88643E+06 gain_at_f180_db=-19.2385 f0_rising_hz= resurgence_db=-0.514969
Doing analysis at TEMP = -40.000000 and TNOM = 27.000000

Using SPARSE 1.3 as Direct Linear Solver

No. of Data Rows : 1
Doing analysis at TEMP = -40.000000 and TNOM = 27.000000

Using SPARSE 1.3 as Direct Linear Solver
 Reference value :  1.32587e+04
No. of Data Rows : 4401
Doing analysis at TEMP = -40.000000 and TNOM = 27.000000

Using SPARSE 1.3 as Direct Linear Solver

No. of Data Rows : 4401
dcg                 =  1.23369e+02
f0                  =  4.19249e+05
phx                 =  -1.10413e+02
f180                =  2.43470e+06
gmx                 =  -1.84425e+01
 meas ac f0r when tdb=0 rise=1 failed!

tres                =  -4.51232e-01 at=  4.41570e+05
ROW ssr_cmd=1.25 ssr_v=1.25 fb_v=1.1996 vout_v=1.7994 isup_a=0.0499983 ceff_f=1e-06 esr_ohm=0.2 dcgain_db=123.369 f0_hz=419249 phase_at_f0_deg=-110.413 f180_hz=2.4347E+06 gain_at_f180_db=-18.4425 f0_rising_hz= resurgence_db=-0.451232
Doing analysis at TEMP = -40.000000 and TNOM = 27.000000

Using SPARSE 1.3 as Direct Linear Solver
 Reference value :  0.00000e+00
No. of Data Rows : 1
Doing analysis at TEMP = -40.000000 and TNOM = 27.000000

Using SPARSE 1.3 as Direct Linear Solver

No. of Data Rows : 4401
Doing analysis at TEMP = -40.000000 and TNOM = 27.000000

Using SPARSE 1.3 as Direct Linear Solver
 Reference value :  1.00000e-02
No. of Data Rows : 4401
dcg                 =  1.23369e+02
f0                  =  7.78001e+05
phx                 =  -9.86536e+01
f180                =  2.76607e+06
gmx                 =  -1.28571e+01
 meas ac f0r when tdb=0 rise=1 failed!

tres                =  -2.97319e-01 at=  8.17523e+05
ROW ssr_cmd=1.25 ssr_v=1.25 fb_v=1.1996 vout_v=1.7994 isup_a=0.0499983 ceff_f=1e-06 esr_ohm=0.5 dcgain_db=123.369 f0_hz=778001 phase_at_f0_deg=-98.6536 f180_hz=2.76606E+06 gain_at_f180_db=-12.8571 f0_rising_hz= resurgence_db=-0.297319
Doing analysis at TEMP = -40.000000 and TNOM = 27.000000

Using SPARSE 1.3 as Direct Linear Solver

No. of Data Rows : 1
Doing analysis at TEMP = -40.000000 and TNOM = 27.000000

Using SPARSE 1.3 as Direct Linear Solver
 Reference value :  1.00000e-02
No. of Data Rows : 4401
Doing analysis at TEMP = -40.000000 and TNOM = 27.000000

Using SPARSE 1.3 as Direct Linear Solver
 Reference value :  5.82103e+02
No. of Data Rows : 4401
dcg                 =  1.23369e+02
f0                  =  9.82399e+04
phx                 =  -1.24685e+02
f180                =  9.94556e+05
gmx                 =  -2.52064e+01
 meas ac f0r when tdb=0 rise=1 failed!

tres                =  -5.46622e-01 at=  1.03514e+05
ROW ssr_cmd=1.25 ssr_v=1.25 fb_v=1.1996 vout_v=1.7994 isup_a=0.0499983 ceff_f=4.7e-06 esr_ohm=0.001 dcgain_db=123.369 f0_hz=98239.9 phase_at_f0_deg=-124.685 f180_hz=994556 gain_at_f180_db=-25.2064 f0_rising_hz= resurgence_db=-0.546622
Doing analysis at TEMP = -40.000000 and TNOM = 27.000000

Using SPARSE 1.3 as Direct Linear Solver

No. of Data Rows : 1
Doing analysis at TEMP = -40.000000 and TNOM = 27.000000

Using SPARSE 1.3 as Direct Linear Solver
 Reference value :  2.46888e+00
No. of Data Rows : 4401
Doing analysis at TEMP = -40.000000 and TNOM = 27.000000

Using SPARSE 1.3 as Direct Linear Solver
 Reference value :  7.94328e+03
No. of Data Rows : 4401
dcg                 =  1.23369e+02
f0                  =  9.89702e+04
phx                 =  -1.16465e+02
f180                =  2.52151e+06
gmx                 =  -3.10720e+01
 meas ac f0r when tdb=0 rise=1 failed!

tres                =  -5.19003e-01 at=  1.04112e+05
ROW ssr_cmd=1.25 ssr_v=1.25 fb_v=1.1996 vout_v=1.7994 isup_a=0.0499983 ceff_f=4.7e-06 esr_ohm=0.05 dcgain_db=123.369 f0_hz=98970.2 phase_at_f0_deg=-116.465 f180_hz=2.52151E+06 gain_at_f180_db=-31.072 f0_rising_hz= resurgence_db=-0.519003
Doing analysis at TEMP = -40.000000 and TNOM = 27.000000

Using SPARSE 1.3 as Direct Linear Solver

No. of Data Rows : 1
Doing analysis at TEMP = -40.000000 and TNOM = 27.000000

Using SPARSE 1.3 as Direct Linear Solver
 Reference value :  2.73842e-01
No. of Data Rows : 4401
Doing analysis at TEMP = -40.000000 and TNOM = 27.000000

Using SPARSE 1.3 as Direct Linear Solver
 Reference value :  1.28825e+02
No. of Data Rows : 4401
dcg                 =  1.23369e+02
f0                  =  1.01537e+05
phx                 =  -1.07844e+02
f180                =  2.75768e+06
gmx                 =  -2.66438e+01
 meas ac f0r when tdb=0 rise=1 failed!

tres                =  -5.18264e-01 at=  1.07152e+05
ROW ssr_cmd=1.25 ssr_v=1.25 fb_v=1.1996 vout_v=1.7994 isup_a=0.0499983 ceff_f=4.7e-06 esr_ohm=0.1 dcgain_db=123.369 f0_hz=101537 phase_at_f0_deg=-107.844 f180_hz=2.75768E+06 gain_at_f180_db=-26.6438 f0_rising_hz= resurgence_db=-0.518264
Doing analysis at TEMP = -40.000000 and TNOM = 27.000000

Using SPARSE 1.3 as Direct Linear Solver

No. of Data Rows : 1
Doing analysis at TEMP = -40.000000 and TNOM = 27.000000

Using SPARSE 1.3 as Direct Linear Solver
 Reference value :  1.00000e-02
No. of Data Rows : 4401
Doing analysis at TEMP = -40.000000 and TNOM = 27.000000

Using SPARSE 1.3 as Direct Linear Solver
 Reference value :  1.53109e+01
No. of Data Rows : 4401
dcg                 =  1.23369e+02
f0                  =  1.14407e+05
phx                 =  -8.95337e+01
f180                =  2.86879e+06
gmx                 =  -2.13232e+01
 meas ac f0r when tdb=0 rise=1 failed!

tres                =  -3.64242e-01 at=  1.20226e+05
ROW ssr_cmd=1.25 ssr_v=1.25 fb_v=1.1996 vout_v=1.7994 isup_a=0.0499983 ceff_f=4.7e-06 esr_ohm=0.2 dcgain_db=123.369 f0_hz=114407 phase_at_f0_deg=-89.5337 f180_hz=2.86879E+06 gain_at_f180_db=-21.3232 f0_rising_hz= resurgence_db=-0.364242
Doing analysis at TEMP = -40.000000 and TNOM = 27.000000

Using SPARSE 1.3 as Direct Linear Solver

No. of Data Rows : 1
Doing analysis at TEMP = -40.000000 and TNOM = 27.000000

Using SPARSE 1.3 as Direct Linear Solver
 Reference value :  1.00000e-02
No. of Data Rows : 4401
Doing analysis at TEMP = -40.000000 and TNOM = 27.000000

Using SPARSE 1.3 as Direct Linear Solver
 Reference value :  2.80221e+03
No. of Data Rows : 4401
dcg                 =  1.23369e+02
f0                  =  6.70900e+05
phx                 =  -7.44107e+01
f180                =  2.92907e+06
gmx                 =  -1.38100e+01
 meas ac f0r when tdb=0 rise=1 failed!

tres                =  -2.16526e-01 at=  7.07946e+05
ROW ssr_cmd=1.25 ssr_v=1.25 fb_v=1.1996 vout_v=1.7994 isup_a=0.0499983 ceff_f=4.7e-06 esr_ohm=0.5 dcgain_db=123.369 f0_hz=670900 phase_at_f0_deg=-74.4107 f180_hz=2.92907E+06 gain_at_f180_db=-13.81 f0_rising_hz= resurgence_db=-0.216526
* SWEEP COMPLETE res_ff_-40c_3.30v
Note: Simulation executed from .control section 

Error: measure  f0  when(WHEN) : out of interval

Error: measure  phx  find(AT) : out of interval

Error: measure  f0r  when(WHEN) : out of interval
Warning from checkvalid: vector f0 is not available or has zero length.
Error: RHS "f0*1.05" invalid
Error: &fres: no such variable.
Error: RHS "" invalid

Error: measure  tres  max(TRIG) : bad syntax, cannot evaluate right hand side of from=vexprint3
Error: &f0: no such variable.
Error: &phx: no such variable.
Error: &f0r: no such variable.
Error: &tres: no such variable.

Error: measure  f0  when(WHEN) : out of interval

Error: measure  phx  find(AT) : out of interval

Error: measure  f0r  when(WHEN) : out of interval
Warning from checkvalid: vector f0 is not available or has zero length.
Error: RHS "f0*1.05" invalid
Error: &fres: no such variable.
Error: RHS "" invalid

Error: measure  tres  max(TRIG) : bad syntax, cannot evaluate right hand side of from=vexprint3
Error: &f0: no such variable.
Error: &phx: no such variable.
Error: &f0r: no such variable.
Error: &tres: no such variable.

Error: measure  f0  when(WHEN) : out of interval

Error: measure  phx  find(AT) : out of interval

Error: measure  f0r  when(WHEN) : out of interval
Warning from checkvalid: vector f0 is not available or has zero length.
Error: RHS "f0*1.05" invalid
Error: &fres: no such variable.
Error: RHS "" invalid

Error: measure  tres  max(TRIG) : bad syntax, cannot evaluate right hand side of from=vexprint3
Error: &f0: no such variable.
Error: &phx: no such variable.
Error: &f0r: no such variable.
Error: &tres: no such variable.

Error: measure  f0  when(WHEN) : out of interval

Error: measure  phx  find(AT) : out of interval

Error: measure  f0r  when(WHEN) : out of interval
Warning from checkvalid: vector f0 is not available or has zero length.
Error: RHS "f0*1.05" invalid
Error: &fres: no such variable.
Error: RHS "" invalid

Error: measure  tres  max(TRIG) : bad syntax, cannot evaluate right hand side of from=vexprint3
Error: &f0: no such variable.
Error: &phx: no such variable.
Error: &f0r: no such variable.
Error: &tres: no such variable.

Error: measure  f0  when(WHEN) : out of interval

Error: measure  phx  find(AT) : out of interval

Error: measure  f0r  when(WHEN) : out of interval
Warning from checkvalid: vector f0 is not available or has zero length.
Error: RHS "f0*1.05" invalid
Error: &fres: no such variable.
Error: RHS "" invalid

Error: measure  tres  max(TRIG) : bad syntax, cannot evaluate right hand side of from=vexprint3
Error: &f0: no such variable.
Error: &phx: no such variable.
Error: &f0r: no such variable.
Error: &tres: no such variable.

Error: measure  f0  when(WHEN) : out of interval

Error: measure  phx  find(AT) : out of interval

Error: measure  f0r  when(WHEN) : out of interval
Warning from checkvalid: vector f0 is not available or has zero length.
Error: RHS "f0*1.05" invalid
Error: &fres: no such variable.
Error: RHS "" invalid

Error: measure  tres  max(TRIG) : bad syntax, cannot evaluate right hand side of from=vexprint3
Error: &f0: no such variable.
Error: &phx: no such variable.
Error: &f0r: no such variable.
Error: &tres: no such variable.

Error: measure  f0  when(WHEN) : out of interval

Error: measure  phx  find(AT) : out of interval

Error: measure  f0r  when(WHEN) : out of interval
Warning from checkvalid: vector f0 is not available or has zero length.
Error: RHS "f0*1.05" invalid
Error: &fres: no such variable.
Error: RHS "" invalid

Error: measure  tres  max(TRIG) : bad syntax, cannot evaluate right hand side of from=vexprint3
Error: &f0: no such variable.
Error: &phx: no such variable.
Error: &f0r: no such variable.
Error: &tres: no such variable.

Error: measure  f0  when(WHEN) : out of interval

Error: measure  phx  find(AT) : out of interval

Error: measure  f0r  when(WHEN) : out of interval
Warning from checkvalid: vector f0 is not available or has zero length.
Error: RHS "f0*1.05" invalid
Error: &fres: no such variable.
Error: RHS "" invalid

Error: measure  tres  max(TRIG) : bad syntax, cannot evaluate right hand side of from=vexprint3
Error: &f0: no such variable.
Error: &phx: no such variable.
Error: &f0r: no such variable.
Error: &tres: no such variable.

Error: measure  f0  when(WHEN) : out of interval

Error: measure  phx  find(AT) : out of interval

Error: measure  f0r  when(WHEN) : out of interval
Warning from checkvalid: vector f0 is not available or has zero length.
Error: RHS "f0*1.05" invalid
Error: &fres: no such variable.
Error: RHS "" invalid

Error: measure  tres  max(TRIG) : bad syntax, cannot evaluate right hand side of from=vexprint3
Error: &f0: no such variable.
Error: &phx: no such variable.
Error: &f0r: no such variable.
Error: &tres: no such variable.

Error: measure  f0  when(WHEN) : out of interval

Error: measure  phx  find(AT) : out of interval

Error: measure  f0r  when(WHEN) : out of interval
Warning from checkvalid: vector f0 is not available or has zero length.
Error: RHS "f0*1.05" invalid
Error: &fres: no such variable.
Error: RHS "" invalid

Error: measure  tres  max(TRIG) : bad syntax, cannot evaluate right hand side of from=vexprint3
Error: &f0: no such variable.
Error: &phx: no such variable.
Error: &f0r: no such variable.
Error: &tres: no such variable.
Note: Starting dynamic gmin stepping
Note: Dynamic gmin stepping completed
Note: Starting dynamic gmin stepping
Note: Dynamic gmin stepping completed
Note: Starting dynamic gmin stepping
Note: Dynamic gmin stepping completed

Error: measure  f0r  when(WHEN) : out of interval
Error: &f0r: no such variable.
Note: Starting dynamic gmin stepping
Note: Dynamic gmin stepping completed
Note: Starting dynamic gmin stepping
Note: Dynamic gmin stepping completed
Note: Starting dynamic gmin stepping
Note: Dynamic gmin stepping completed

Error: measure  f0r  when(WHEN) : out of interval
Error: &f0r: no such variable.
Note: Starting dynamic gmin stepping
Note: Dynamic gmin stepping completed
Note: Starting dynamic gmin stepping
Note: Dynamic gmin stepping completed
Note: Starting dynamic gmin stepping
Note: Dynamic gmin stepping completed

Error: measure  f0r  when(WHEN) : out of interval
Error: &f0r: no such variable.
Note: Starting dynamic gmin stepping
Note: Dynamic gmin stepping completed
Note: Starting dynamic gmin stepping
Note: Dynamic gmin stepping completed
Note: Starting dynamic gmin stepping
Note: Dynamic gmin stepping completed

Error: measure  f0r  when(WHEN) : out of interval
Error: &f0r: no such variable.
Note: Starting dynamic gmin stepping
Note: Dynamic gmin stepping completed
Note: Starting dynamic gmin stepping
Note: Dynamic gmin stepping completed
Note: Starting dynamic gmin stepping
Note: Dynamic gmin stepping completed

Error: measure  f0r  when(WHEN) : out of interval
Error: &f0r: no such variable.
Note: Starting dynamic gmin stepping
Note: Dynamic gmin stepping completed
Note: Starting dynamic gmin stepping
Note: Dynamic gmin stepping completed
Note: Starting dynamic gmin stepping
Note: Dynamic gmin stepping completed

Error: measure  f0r  when(WHEN) : out of interval
Error: &f0r: no such variable.
Note: Starting dynamic gmin stepping
Note: Dynamic gmin stepping completed
Note: Starting dynamic gmin stepping
Note: Dynamic gmin stepping completed
Note: Starting dynamic gmin stepping
Note: Dynamic gmin stepping completed

Error: measure  f0r  when(WHEN) : out of interval
Error: &f0r: no such variable.
Note: Starting dynamic gmin stepping
Note: Dynamic gmin stepping completed
Note: Starting dynamic gmin stepping
Note: Dynamic gmin stepping completed
Note: Starting dynamic gmin stepping
Note: Dynamic gmin stepping completed

Error: measure  f0r  when(WHEN) : out of interval
Error: &f0r: no such variable.
Note: Starting dynamic gmin stepping
Note: Dynamic gmin stepping completed
Note: Starting dynamic gmin stepping
Note: Dynamic gmin stepping completed
Note: Starting dynamic gmin stepping
Note: Dynamic gmin stepping completed

Error: measure  f0r  when(WHEN) : out of interval
Error: &f0r: no such variable.
Note: Starting dynamic gmin stepping
Note: Dynamic gmin stepping completed
Note: Starting dynamic gmin stepping
Note: Dynamic gmin stepping completed
Note: Starting dynamic gmin stepping
Note: Dynamic gmin stepping completed

Error: measure  f0r  when(WHEN) : out of interval
Error: &f0r: no such variable.
Note: Starting dynamic gmin stepping
Note: Dynamic gmin stepping completed
Note: Starting dynamic gmin stepping
Note: Dynamic gmin stepping completed
Note: Starting dynamic gmin stepping
Note: Dynamic gmin stepping completed

Error: measure  f0r  when(WHEN) : out of interval
Error: &f0r: no such variable.
Note: Starting dynamic gmin stepping
Note: Dynamic gmin stepping completed
Note: Starting dynamic gmin stepping
Note: Dynamic gmin stepping completed
Note: Starting dynamic gmin stepping
Note: Dynamic gmin stepping completed

Error: measure  f0r  when(WHEN) : out of interval
Error: &f0r: no such variable.
Note: Starting dynamic gmin stepping
Note: Dynamic gmin stepping completed
Note: Starting dynamic gmin stepping
Note: Dynamic gmin stepping completed
Note: Starting dynamic gmin stepping
Note: Dynamic gmin stepping completed

Error: measure  f0r  when(WHEN) : out of interval
Error: &f0r: no such variable.
Note: Starting dynamic gmin stepping
Note: Dynamic gmin stepping completed
Note: Starting dynamic gmin stepping
Note: Dynamic gmin stepping completed
Note: Starting dynamic gmin stepping
Note: Dynamic gmin stepping completed

Error: measure  f0r  when(WHEN) : out of interval
Error: &f0r: no such variable.
Note: Starting dynamic gmin stepping
Note: Dynamic gmin stepping completed
Note: Starting dynamic gmin stepping
Note: Dynamic gmin stepping completed
Note: Starting dynamic gmin stepping
Note: Dynamic gmin stepping completed

Error: measure  f0r  when(WHEN) : out of interval
Error: &f0r: no such variable.
Note: Starting dynamic gmin stepping
Note: Dynamic gmin stepping completed
Note: Starting dynamic gmin stepping
Note: Dynamic gmin stepping completed
Note: Starting dynamic gmin stepping
Note: Dynamic gmin stepping completed

Error: measure  f0r  when(WHEN) : out of interval
Error: &f0r: no such variable.
Note: Starting dynamic gmin stepping
Note: Dynamic gmin stepping completed
Note: Starting dynamic gmin stepping
Note: Dynamic gmin stepping completed
Note: Starting dynamic gmin stepping
Note: Dynamic gmin stepping completed

Error: measure  f0r  when(WHEN) : out of interval
Error: &f0r: no such variable.
Note: Starting dynamic gmin stepping
Note: Dynamic gmin stepping completed
Note: Starting dynamic gmin stepping
Note: Dynamic gmin stepping completed
Note: Starting dynamic gmin stepping
Note: Dynamic gmin stepping completed

Error: measure  f0r  when(WHEN) : out of interval
Error: &f0r: no such variable.
Note: Starting dynamic gmin stepping
Note: Dynamic gmin stepping completed
Note: Starting dynamic gmin stepping
Note: Dynamic gmin stepping completed
Note: Starting dynamic gmin stepping
Note: Dynamic gmin stepping completed

Error: measure  f0r  when(WHEN) : out of interval
Error: &f0r: no such variable.
Note: Starting dynamic gmin stepping
Note: Dynamic gmin stepping completed
Note: Starting dynamic gmin stepping
Note: Dynamic gmin stepping completed
Note: Starting dynamic gmin stepping
Note: Dynamic gmin stepping completed

Error: measure  f0r  when(WHEN) : out of interval
Error: &f0r: no such variable.
Note: Starting dynamic gmin stepping
Note: Dynamic gmin stepping completed
Note: Starting dynamic gmin stepping
Note: Dynamic gmin stepping completed
Note: Starting dynamic gmin stepping
Note: Dynamic gmin stepping completed

Error: measure  f0r  when(WHEN) : out of interval
Error: &f0r: no such variable.
Note: Starting dynamic gmin stepping
Note: Dynamic gmin stepping completed
Note: Starting dynamic gmin stepping
Note: Dynamic gmin stepping completed
Note: Starting dynamic gmin stepping
Note: Dynamic gmin stepping completed

Error: measure  f0r  when(WHEN) : out of interval
Error: &f0r: no such variable.
Note: Starting dynamic gmin stepping
Note: Dynamic gmin stepping completed
Note: Starting dynamic gmin stepping
Note: Dynamic gmin stepping completed
Note: Starting dynamic gmin stepping
Note: Dynamic gmin stepping completed

Error: measure  f0r  when(WHEN) : out of interval
Error: &f0r: no such variable.
Note: Starting dynamic gmin stepping
Note: Dynamic gmin stepping completed
Note: Starting dynamic gmin stepping
Note: Dynamic gmin stepping completed
Note: Starting dynamic gmin stepping
Note: Dynamic gmin stepping completed

Error: measure  f0r  when(WHEN) : out of interval
Error: &f0r: no such variable.
Note: Starting dynamic gmin stepping
Note: Dynamic gmin stepping completed
Note: Starting dynamic gmin stepping
Note: Dynamic gmin stepping completed
Note: Starting dynamic gmin stepping
Note: Dynamic gmin stepping completed

Error: measure  f0r  when(WHEN) : out of interval
Error: &f0r: no such variable.
Note: Starting dynamic gmin stepping
Note: Dynamic gmin stepping completed
Note: Starting dynamic gmin stepping
Note: Dynamic gmin stepping completed
Note: Starting dynamic gmin stepping
Note: Dynamic gmin stepping completed

Error: measure  f0r  when(WHEN) : out of interval
Error: &f0r: no such variable.
Note: Starting dynamic gmin stepping
Note: Dynamic gmin stepping completed
Note: Starting dynamic gmin stepping
Note: Dynamic gmin stepping completed
Note: Starting dynamic gmin stepping
Note: Dynamic gmin stepping completed

Error: measure  f0r  when(WHEN) : out of interval
Error: &f0r: no such variable.
Note: Starting dynamic gmin stepping
Note: Dynamic gmin stepping completed
Note: Starting dynamic gmin stepping
Note: Dynamic gmin stepping completed
Note: Starting dynamic gmin stepping
Note: Dynamic gmin stepping completed

Error: measure  f0r  when(WHEN) : out of interval
Error: &f0r: no such variable.
Note: Starting dynamic gmin stepping
Note: Dynamic gmin stepping completed
Note: Starting dynamic gmin stepping
Note: Dynamic gmin stepping completed
Note: Starting dynamic gmin stepping
Note: Dynamic gmin stepping completed

Error: measure  f0r  when(WHEN) : out of interval
Error: &f0r: no such variable.
Note: Starting dynamic gmin stepping
Note: Dynamic gmin stepping completed
Note: Starting dynamic gmin stepping
Note: Dynamic gmin stepping completed
Note: Starting dynamic gmin stepping
Note: Dynamic gmin stepping completed

Error: measure  f0r  when(WHEN) : out of interval
Error: &f0r: no such variable.
Note: Starting dynamic gmin stepping
Note: Dynamic gmin stepping completed
Note: Starting dynamic gmin stepping
Note: Dynamic gmin stepping completed
Note: Starting dynamic gmin stepping
Note: Dynamic gmin stepping completed

Error: measure  f0r  when(WHEN) : out of interval
Error: &f0r: no such variable.
Note: Starting dynamic gmin stepping
Note: Dynamic gmin stepping completed
Note: Starting dynamic gmin stepping
Note: Dynamic gmin stepping completed
Note: Starting dynamic gmin stepping
Note: Dynamic gmin stepping completed

Error: measure  f0r  when(WHEN) : out of interval
Error: &f0r: no such variable.
Note: Starting dynamic gmin stepping
Note: Dynamic gmin stepping completed
Note: Starting dynamic gmin stepping
Note: Dynamic gmin stepping completed
Note: Starting dynamic gmin stepping
Note: Dynamic gmin stepping completed

Error: measure  f0r  when(WHEN) : out of interval
Error: &f0r: no such variable.
Note: Starting dynamic gmin stepping
Note: Dynamic gmin stepping completed
Note: Starting dynamic gmin stepping
Note: Dynamic gmin stepping completed
Note: Starting dynamic gmin stepping
Note: Dynamic gmin stepping completed

Error: measure  f0r  when(WHEN) : out of interval
Error: &f0r: no such variable.
Note: Starting dynamic gmin stepping
Note: Dynamic gmin stepping completed
Note: Starting dynamic gmin stepping
Note: Dynamic gmin stepping completed
Note: Starting dynamic gmin stepping
Note: Dynamic gmin stepping completed

Error: measure  f0r  when(WHEN) : out of interval
Error: &f0r: no such variable.
Note: Starting dynamic gmin stepping
Note: Dynamic gmin stepping completed
Note: Starting dynamic gmin stepping
Note: Dynamic gmin stepping completed
Note: Starting dynamic gmin stepping
Note: Dynamic gmin stepping completed

Error: measure  f0r  when(WHEN) : out of interval
Error: &f0r: no such variable.
Note: Starting dynamic gmin stepping
Note: Dynamic gmin stepping completed
Note: Starting dynamic gmin stepping
Note: Dynamic gmin stepping completed
Note: Starting dynamic gmin stepping
Note: Dynamic gmin stepping completed

Error: measure  f0r  when(WHEN) : out of interval
Error: &f0r: no such variable.
Note: Starting dynamic gmin stepping
Note: Dynamic gmin stepping completed
Note: Starting dynamic gmin stepping
Note: Dynamic gmin stepping completed
Note: Starting dynamic gmin stepping
Note: Dynamic gmin stepping completed

Error: measure  f0r  when(WHEN) : out of interval
Error: &f0r: no such variable.
Note: Starting dynamic gmin stepping
Note: Dynamic gmin stepping completed
Note: Starting dynamic gmin stepping
Note: Dynamic gmin stepping completed
Note: Starting dynamic gmin stepping
Note: Dynamic gmin stepping completed

Error: measure  f0r  when(WHEN) : out of interval
Error: &f0r: no such variable.
Note: Starting dynamic gmin stepping
Note: Dynamic gmin stepping completed
Note: Starting dynamic gmin stepping
Note: Dynamic gmin stepping completed
Note: Starting dynamic gmin stepping
Note: Dynamic gmin stepping completed

Error: measure  f0r  when(WHEN) : out of interval
Error: &f0r: no such variable.
Note: Starting dynamic gmin stepping
Note: Dynamic gmin stepping completed
Note: Starting dynamic gmin stepping
Note: Dynamic gmin stepping completed
Note: Starting dynamic gmin stepping
Note: Dynamic gmin stepping completed

Error: measure  f0r  when(WHEN) : out of interval
Error: &f0r: no such variable.
Note: Starting dynamic gmin stepping
Note: Dynamic gmin stepping completed
Note: Starting dynamic gmin stepping
Note: Dynamic gmin stepping completed
Note: Starting dynamic gmin stepping
Note: Dynamic gmin stepping completed

Error: measure  f0r  when(WHEN) : out of interval
Error: &f0r: no such variable.
Note: Starting dynamic gmin stepping
Note: Dynamic gmin stepping completed
Note: Starting dynamic gmin stepping
Note: Dynamic gmin stepping completed
Note: Starting dynamic gmin stepping
Note: Dynamic gmin stepping completed

Error: measure  f0r  when(WHEN) : out of interval
Error: &f0r: no such variable.
Note: Starting dynamic gmin stepping
Note: Dynamic gmin stepping completed
Note: Starting dynamic gmin stepping
Note: Dynamic gmin stepping completed
Note: Starting dynamic gmin stepping
Note: Dynamic gmin stepping completed

Error: measure  f0r  when(WHEN) : out of interval
Error: &f0r: no such variable.
Note: Starting dynamic gmin stepping
Note: Dynamic gmin stepping completed
Note: Starting dynamic gmin stepping
Note: Dynamic gmin stepping completed
Note: Starting dynamic gmin stepping
Note: Dynamic gmin stepping completed

Error: measure  f0r  when(WHEN) : out of interval
Error: &f0r: no such variable.
Note: Starting dynamic gmin stepping
Note: Dynamic gmin stepping completed
Note: Starting dynamic gmin stepping
Note: Dynamic gmin stepping completed
Note: Starting dynamic gmin stepping
Note: Dynamic gmin stepping completed

Error: measure  f0r  when(WHEN) : out of interval
Error: &f0r: no such variable.
Note: Starting dynamic gmin stepping
Note: Dynamic gmin stepping completed
Note: Starting dynamic gmin stepping
Note: Dynamic gmin stepping completed
Note: Starting dynamic gmin stepping
Note: Dynamic gmin stepping completed

Error: measure  f0r  when(WHEN) : out of interval
Error: &f0r: no such variable.
Note: Starting dynamic gmin stepping
Note: Dynamic gmin stepping completed
Note: Starting dynamic gmin stepping
Note: Dynamic gmin stepping completed
Note: Starting dynamic gmin stepping
Note: Dynamic gmin stepping completed

Error: measure  f0r  when(WHEN) : out of interval
Error: &f0r: no such variable.
Note: Starting dynamic gmin stepping
Note: Dynamic gmin stepping completed
Note: Starting dynamic gmin stepping
Note: Dynamic gmin stepping completed
Note: Starting dynamic gmin stepping
Note: Dynamic gmin stepping completed

Error: measure  f0r  when(WHEN) : out of interval
Error: &f0r: no such variable.
Note: Starting dynamic gmin stepping
Note: Dynamic gmin stepping completed
Note: Starting dynamic gmin stepping
Note: Dynamic gmin stepping completed
Note: Starting dynamic gmin stepping
Note: Dynamic gmin stepping completed

Error: measure  f0r  when(WHEN) : out of interval
Error: &f0r: no such variable.
