
Note: No compatibility mode selected!


Circuit: * soft-start-loop-gain -- the dc hand-over transfer of the fb-injection

* corner_id=sf_125c_3.63v corner=sf temp_c=125 vin_v=3.63
* variant=device analysis=dc-handover-transfer load=resistive-36ohm
* columns: HOV ssr_cmd= ssr_v= fb_v= vout_v= pg_v= erramp_v= isup_a= gmsum_v=
* (I_inj into FB is DERIVED from fb_v/vout_v by KCL in sweep.py, not
*  measured, so the identical expression reads both DUT variants;
*  fb_v away from VREF means the loop is not in regulation at that ramp
*  state and neither VOUT nor I_inj is a regulating-branch quantity)
* Fields are key=value for the same reason the margin deck's are: an
* empty positional field vanishes into the whitespace.
Doing analysis at TEMP = 125.000000 and TNOM = 27.000000

Using SPARSE 1.3 as Direct Linear Solver

No. of Data Rows : 1
HOV ssr_cmd=0 ssr_v=0 fb_v=1.64106 vout_v=0.000246307 pg_v=3.62991 erramp_v=3.62991 isup_a=5.00439E-05 gmsum_v=2.64377
Doing analysis at TEMP = 125.000000 and TNOM = 27.000000

Using SPARSE 1.3 as Direct Linear Solver

No. of Data Rows : 1
HOV ssr_cmd=0.025 ssr_v=0.025 fb_v=1.63077 vout_v=0.000245072 pg_v=3.62991 erramp_v=3.62991 isup_a=4.98769E-05 gmsum_v=2.64517
Doing analysis at TEMP = 125.000000 and TNOM = 27.000000

Using SPARSE 1.3 as Direct Linear Solver

No. of Data Rows : 1
HOV ssr_cmd=0.05 ssr_v=0.05 fb_v=1.61965 vout_v=0.000243737 pg_v=3.62991 erramp_v=3.62991 isup_a=4.96964E-05 gmsum_v=2.64669
Doing analysis at TEMP = 125.000000 and TNOM = 27.000000

Using SPARSE 1.3 as Direct Linear Solver

No. of Data Rows : 1
HOV ssr_cmd=0.075 ssr_v=0.075 fb_v=1.60763 vout_v=0.000242296 pg_v=3.62991 erramp_v=3.62991 isup_a=4.95015E-05 gmsum_v=2.64833
Doing analysis at TEMP = 125.000000 and TNOM = 27.000000

Using SPARSE 1.3 as Direct Linear Solver

No. of Data Rows : 1
HOV ssr_cmd=0.1 ssr_v=0.1 fb_v=1.59466 vout_v=0.00024074 pg_v=3.62991 erramp_v=3.62991 isup_a=4.92911E-05 gmsum_v=2.65011
Doing analysis at TEMP = 125.000000 and TNOM = 27.000000

Using SPARSE 1.3 as Direct Linear Solver

No. of Data Rows : 1
HOV ssr_cmd=0.125 ssr_v=0.125 fb_v=1.58069 vout_v=0.000239063 pg_v=3.62991 erramp_v=3.62991 isup_a=4.90643E-05 gmsum_v=2.65203
Doing analysis at TEMP = 125.000000 and TNOM = 27.000000

Using SPARSE 1.3 as Direct Linear Solver

No. of Data Rows : 1
HOV ssr_cmd=0.15 ssr_v=0.15 fb_v=1.56567 vout_v=0.000237261 pg_v=3.62991 erramp_v=3.62991 isup_a=4.88206E-05 gmsum_v=2.65411
Doing analysis at TEMP = 125.000000 and TNOM = 27.000000

Using SPARSE 1.3 as Direct Linear Solver

No. of Data Rows : 1
HOV ssr_cmd=0.175 ssr_v=0.175 fb_v=1.54962 vout_v=0.000235335 pg_v=3.62991 erramp_v=3.62991 isup_a=4.85601E-05 gmsum_v=2.65634
Doing analysis at TEMP = 125.000000 and TNOM = 27.000000

Using SPARSE 1.3 as Direct Linear Solver

No. of Data Rows : 1
HOV ssr_cmd=0.2 ssr_v=0.2 fb_v=1.5326 vout_v=0.000233293 pg_v=3.62991 erramp_v=3.62991 isup_a=4.82839E-05 gmsum_v=2.65871
Doing analysis at TEMP = 125.000000 and TNOM = 27.000000

Using SPARSE 1.3 as Direct Linear Solver

No. of Data Rows : 1
HOV ssr_cmd=0.225 ssr_v=0.225 fb_v=1.51474 vout_v=0.000231151 pg_v=3.62991 erramp_v=3.62991 isup_a=4.79941E-05 gmsum_v=2.66121
Doing analysis at TEMP = 125.000000 and TNOM = 27.000000

Using SPARSE 1.3 as Direct Linear Solver

No. of Data Rows : 1
HOV ssr_cmd=0.25 ssr_v=0.25 fb_v=1.49623 vout_v=0.000228929 pg_v=3.62991 erramp_v=3.62991 isup_a=4.76937E-05 gmsum_v=2.66382
Doing analysis at TEMP = 125.000000 and TNOM = 27.000000

Using SPARSE 1.3 as Direct Linear Solver

No. of Data Rows : 1
HOV ssr_cmd=0.275 ssr_v=0.275 fb_v=1.47725 vout_v=0.000226652 pg_v=3.62991 erramp_v=3.62991 isup_a=4.73855E-05 gmsum_v=2.66652
Doing analysis at TEMP = 125.000000 and TNOM = 27.000000

Using SPARSE 1.3 as Direct Linear Solver

No. of Data Rows : 1
HOV ssr_cmd=0.3 ssr_v=0.3 fb_v=1.45795 vout_v=0.000224337 pg_v=3.62991 erramp_v=3.62991 isup_a=4.70723E-05 gmsum_v=2.66927
Doing analysis at TEMP = 125.000000 and TNOM = 27.000000

Using SPARSE 1.3 as Direct Linear Solver

No. of Data Rows : 1
HOV ssr_cmd=0.325 ssr_v=0.325 fb_v=1.43846 vout_v=0.000221998 pg_v=3.62991 erramp_v=3.62991 isup_a=4.67559E-05 gmsum_v=2.67207
Doing analysis at TEMP = 125.000000 and TNOM = 27.000000

Using SPARSE 1.3 as Direct Linear Solver

No. of Data Rows : 1
HOV ssr_cmd=0.35 ssr_v=0.35 fb_v=1.41885 vout_v=0.000219645 pg_v=3.62991 erramp_v=3.62991 isup_a=4.64374E-05 gmsum_v=2.6749
Doing analysis at TEMP = 125.000000 and TNOM = 27.000000

Using SPARSE 1.3 as Direct Linear Solver

No. of Data Rows : 1
HOV ssr_cmd=0.375 ssr_v=0.375 fb_v=1.39916 vout_v=0.000217282 pg_v=3.62991 erramp_v=3.62991 isup_a=4.61176E-05 gmsum_v=2.67776
Doing analysis at TEMP = 125.000000 and TNOM = 27.000000

Using SPARSE 1.3 as Direct Linear Solver

No. of Data Rows : 1
HOV ssr_cmd=0.4 ssr_v=0.4 fb_v=1.37942 vout_v=0.000214914 pg_v=3.62991 erramp_v=3.62991 isup_a=4.5797E-05 gmsum_v=2.68065
Doing analysis at TEMP = 125.000000 and TNOM = 27.000000

Using SPARSE 1.3 as Direct Linear Solver

No. of Data Rows : 1
HOV ssr_cmd=0.425 ssr_v=0.425 fb_v=1.35966 vout_v=0.000212543 pg_v=3.62991 erramp_v=3.62991 isup_a=4.54758E-05 gmsum_v=2.68356
Doing analysis at TEMP = 125.000000 and TNOM = 27.000000

Using SPARSE 1.3 as Direct Linear Solver

No. of Data Rows : 1
HOV ssr_cmd=0.45 ssr_v=0.45 fb_v=1.33987 vout_v=0.000210169 pg_v=3.62991 erramp_v=3.62991 isup_a=4.51543E-05 gmsum_v=2.6865
Doing analysis at TEMP = 125.000000 and TNOM = 27.000000

Using SPARSE 1.3 as Direct Linear Solver

No. of Data Rows : 1
HOV ssr_cmd=0.475 ssr_v=0.475 fb_v=1.32008 vout_v=0.000207794 pg_v=3.62991 erramp_v=3.62991 isup_a=4.48327E-05 gmsum_v=2.68946
Doing analysis at TEMP = 125.000000 and TNOM = 27.000000

Using SPARSE 1.3 as Direct Linear Solver

No. of Data Rows : 1
HOV ssr_cmd=0.5 ssr_v=0.5 fb_v=1.30029 vout_v=0.00020542 pg_v=3.62991 erramp_v=3.62991 isup_a=4.45108E-05 gmsum_v=2.69243
Doing analysis at TEMP = 125.000000 and TNOM = 27.000000

Using SPARSE 1.3 as Direct Linear Solver

No. of Data Rows : 1
HOV ssr_cmd=0.525 ssr_v=0.525 fb_v=1.2805 vout_v=0.000203045 pg_v=3.62991 erramp_v=3.62991 isup_a=4.4189E-05 gmsum_v=2.69543
Doing analysis at TEMP = 125.000000 and TNOM = 27.000000

Using SPARSE 1.3 as Direct Linear Solver

No. of Data Rows : 1
HOV ssr_cmd=0.55 ssr_v=0.55 fb_v=1.26071 vout_v=0.000200671 pg_v=3.62991 erramp_v=3.62991 isup_a=4.38671E-05 gmsum_v=2.69846
Doing analysis at TEMP = 125.000000 and TNOM = 27.000000

Using SPARSE 1.3 as Direct Linear Solver

No. of Data Rows : 1
HOV ssr_cmd=0.575 ssr_v=0.575 fb_v=1.24094 vout_v=0.000198298 pg_v=3.62991 erramp_v=3.62991 isup_a=4.35452E-05 gmsum_v=2.7015
Doing analysis at TEMP = 125.000000 and TNOM = 27.000000

Using SPARSE 1.3 as Direct Linear Solver

No. of Data Rows : 1
HOV ssr_cmd=0.6 ssr_v=0.6 fb_v=1.22117 vout_v=0.000195926 pg_v=3.62991 erramp_v=3.62991 isup_a=4.32234E-05 gmsum_v=2.70456
Doing analysis at TEMP = 125.000000 and TNOM = 27.000000

Using SPARSE 1.3 as Direct Linear Solver

No. of Data Rows : 1
HOV ssr_cmd=0.625 ssr_v=0.625 fb_v=1.20141 vout_v=0.000193559 pg_v=3.62987 erramp_v=3.62987 isup_a=4.29017E-05 gmsum_v=2.70765
Doing analysis at TEMP = 125.000000 and TNOM = 27.000000

Using SPARSE 1.3 as Direct Linear Solver

No. of Data Rows : 1
HOV ssr_cmd=0.65 ssr_v=0.65 fb_v=1.19924 vout_v=0.0268755 pg_v=3.15391 erramp_v=3.15391 isup_a=0.000786402 gmsum_v=2.71076
Doing analysis at TEMP = 125.000000 and TNOM = 27.000000

Using SPARSE 1.3 as Direct Linear Solver

No. of Data Rows : 1
HOV ssr_cmd=0.675 ssr_v=0.675 fb_v=1.19924 vout_v=0.0568141 pg_v=3.09826 erramp_v=3.09826 isup_a=0.00161774 gmsum_v=2.71389
Doing analysis at TEMP = 125.000000 and TNOM = 27.000000

Using SPARSE 1.3 as Direct Linear Solver
 Reference value :  0.00000e+00
No. of Data Rows : 1
HOV ssr_cmd=0.7 ssr_v=0.7 fb_v=1.19924 vout_v=0.0867154 pg_v=3.06281 erramp_v=3.06281 isup_a=0.00244805 gmsum_v=2.71705
Doing analysis at TEMP = 125.000000 and TNOM = 27.000000

Using SPARSE 1.3 as Direct Linear Solver

No. of Data Rows : 1
HOV ssr_cmd=0.725 ssr_v=0.725 fb_v=1.19924 vout_v=0.116577 pg_v=3.03549 erramp_v=3.03549 isup_a=0.00327727 gmsum_v=2.72023
Doing analysis at TEMP = 125.000000 and TNOM = 27.000000

Using SPARSE 1.3 as Direct Linear Solver

No. of Data Rows : 1
HOV ssr_cmd=0.75 ssr_v=0.75 fb_v=1.19924 vout_v=0.146398 pg_v=3.01264 erramp_v=3.01264 isup_a=0.00410535 gmsum_v=2.72344
Doing analysis at TEMP = 125.000000 and TNOM = 27.000000

Using SPARSE 1.3 as Direct Linear Solver

No. of Data Rows : 1
HOV ssr_cmd=0.775 ssr_v=0.775 fb_v=1.19924 vout_v=0.176177 pg_v=2.99266 erramp_v=2.99266 isup_a=0.00493224 gmsum_v=2.72667
Doing analysis at TEMP = 125.000000 and TNOM = 27.000000

Using SPARSE 1.3 as Direct Linear Solver

No. of Data Rows : 1
HOV ssr_cmd=0.8 ssr_v=0.8 fb_v=1.19924 vout_v=0.20591 pg_v=2.97469 erramp_v=2.97469 isup_a=0.00575789 gmsum_v=2.72993
Doing analysis at TEMP = 125.000000 and TNOM = 27.000000

Using SPARSE 1.3 as Direct Linear Solver
 Reference value :  0.00000e+00
No. of Data Rows : 1
HOV ssr_cmd=0.825 ssr_v=0.825 fb_v=1.19924 vout_v=0.235598 pg_v=2.95822 erramp_v=2.95822 isup_a=0.00658226 gmsum_v=2.73321
Doing analysis at TEMP = 125.000000 and TNOM = 27.000000

Using SPARSE 1.3 as Direct Linear Solver

No. of Data Rows : 1
HOV ssr_cmd=0.85 ssr_v=0.85 fb_v=1.19924 vout_v=0.265237 pg_v=2.94291 erramp_v=2.94291 isup_a=0.0074053 gmsum_v=2.73652
Doing analysis at TEMP = 125.000000 and TNOM = 27.000000

Using SPARSE 1.3 as Direct Linear Solver

No. of Data Rows : 1
HOV ssr_cmd=0.875 ssr_v=0.875 fb_v=1.19924 vout_v=0.294827 pg_v=2.92853 erramp_v=2.92853 isup_a=0.00822696 gmsum_v=2.73986
Doing analysis at TEMP = 125.000000 and TNOM = 27.000000

Using SPARSE 1.3 as Direct Linear Solver

No. of Data Rows : 1
HOV ssr_cmd=0.9 ssr_v=0.9 fb_v=1.19924 vout_v=0.324366 pg_v=2.91492 erramp_v=2.91492 isup_a=0.0090472 gmsum_v=2.74322
Doing analysis at TEMP = 125.000000 and TNOM = 27.000000

Using SPARSE 1.3 as Direct Linear Solver

No. of Data Rows : 1
HOV ssr_cmd=0.925 ssr_v=0.925 fb_v=1.19924 vout_v=0.353851 pg_v=2.90195 erramp_v=2.90195 isup_a=0.00986596 gmsum_v=2.74662
Doing analysis at TEMP = 125.000000 and TNOM = 27.000000

Using SPARSE 1.3 as Direct Linear Solver
 Reference value :  0.00000e+00
No. of Data Rows : 1
HOV ssr_cmd=0.95 ssr_v=0.95 fb_v=1.19924 vout_v=0.383281 pg_v=2.88953 erramp_v=2.88953 isup_a=0.0106832 gmsum_v=2.75005
Doing analysis at TEMP = 125.000000 and TNOM = 27.000000

Using SPARSE 1.3 as Direct Linear Solver

No. of Data Rows : 1
HOV ssr_cmd=0.975 ssr_v=0.975 fb_v=1.19924 vout_v=0.412655 pg_v=2.87759 erramp_v=2.87759 isup_a=0.0114988 gmsum_v=2.7535
Doing analysis at TEMP = 125.000000 and TNOM = 27.000000

Using SPARSE 1.3 as Direct Linear Solver

No. of Data Rows : 1
HOV ssr_cmd=1 ssr_v=1 fb_v=1.19924 vout_v=0.44197 pg_v=2.86606 erramp_v=2.86606 isup_a=0.0123129 gmsum_v=2.75699
Doing analysis at TEMP = 125.000000 and TNOM = 27.000000

Using SPARSE 1.3 as Direct Linear Solver

No. of Data Rows : 1
HOV ssr_cmd=1.025 ssr_v=1.025 fb_v=1.19924 vout_v=0.471224 pg_v=2.8549 erramp_v=2.8549 isup_a=0.0131252 gmsum_v=2.76051
Doing analysis at TEMP = 125.000000 and TNOM = 27.000000

Using SPARSE 1.3 as Direct Linear Solver
 Reference value :  0.00000e+00
No. of Data Rows : 1
HOV ssr_cmd=1.05 ssr_v=1.05 fb_v=1.19924 vout_v=0.500415 pg_v=2.84408 erramp_v=2.84408 isup_a=0.0139358 gmsum_v=2.76407
Doing analysis at TEMP = 125.000000 and TNOM = 27.000000

Using SPARSE 1.3 as Direct Linear Solver

No. of Data Rows : 1
HOV ssr_cmd=1.075 ssr_v=1.075 fb_v=1.19924 vout_v=0.529542 pg_v=2.83355 erramp_v=2.83355 isup_a=0.0147446 gmsum_v=2.76766
Doing analysis at TEMP = 125.000000 and TNOM = 27.000000

Using SPARSE 1.3 as Direct Linear Solver

No. of Data Rows : 1
HOV ssr_cmd=1.1 ssr_v=1.1 fb_v=1.19924 vout_v=0.558601 pg_v=2.8233 erramp_v=2.8233 isup_a=0.0155515 gmsum_v=2.77129
Doing analysis at TEMP = 125.000000 and TNOM = 27.000000

Using SPARSE 1.3 as Direct Linear Solver

No. of Data Rows : 1
HOV ssr_cmd=1.125 ssr_v=1.125 fb_v=1.19924 vout_v=0.587591 pg_v=2.81329 erramp_v=2.81329 isup_a=0.0163565 gmsum_v=2.77496
Doing analysis at TEMP = 125.000000 and TNOM = 27.000000

Using SPARSE 1.3 as Direct Linear Solver
 Reference value :  0.00000e+00
No. of Data Rows : 1
HOV ssr_cmd=1.15 ssr_v=1.15 fb_v=1.19924 vout_v=0.616509 pg_v=2.8035 erramp_v=2.8035 isup_a=0.0171595 gmsum_v=2.77866
Doing analysis at TEMP = 125.000000 and TNOM = 27.000000

Using SPARSE 1.3 as Direct Linear Solver

No. of Data Rows : 1
HOV ssr_cmd=1.175 ssr_v=1.175 fb_v=1.19924 vout_v=0.645352 pg_v=2.79393 erramp_v=2.79393 isup_a=0.0179604 gmsum_v=2.7824
Doing analysis at TEMP = 125.000000 and TNOM = 27.000000

Using SPARSE 1.3 as Direct Linear Solver

No. of Data Rows : 1
HOV ssr_cmd=1.2 ssr_v=1.2 fb_v=1.19924 vout_v=0.674118 pg_v=2.78455 erramp_v=2.78455 isup_a=0.0187592 gmsum_v=2.78619
Doing analysis at TEMP = 125.000000 and TNOM = 27.000000

Using SPARSE 1.3 as Direct Linear Solver

No. of Data Rows : 1
HOV ssr_cmd=1.225 ssr_v=1.225 fb_v=1.19924 vout_v=0.702803 pg_v=2.77535 erramp_v=2.77535 isup_a=0.0195557 gmsum_v=2.79002
Doing analysis at TEMP = 125.000000 and TNOM = 27.000000

Using SPARSE 1.3 as Direct Linear Solver
 Reference value :  0.00000e+00
No. of Data Rows : 1
HOV ssr_cmd=1.25 ssr_v=1.25 fb_v=1.19924 vout_v=0.731405 pg_v=2.76633 erramp_v=2.76633 isup_a=0.02035 gmsum_v=2.79389
Doing analysis at TEMP = 125.000000 and TNOM = 27.000000

Using SPARSE 1.3 as Direct Linear Solver

No. of Data Rows : 1
HOV ssr_cmd=1.275 ssr_v=1.275 fb_v=1.19924 vout_v=0.759921 pg_v=2.75745 erramp_v=2.75745 isup_a=0.0211418 gmsum_v=2.79781
Doing analysis at TEMP = 125.000000 and TNOM = 27.000000

Using SPARSE 1.3 as Direct Linear Solver

No. of Data Rows : 1
HOV ssr_cmd=1.3 ssr_v=1.3 fb_v=1.19924 vout_v=0.788347 pg_v=2.74873 erramp_v=2.74873 isup_a=0.0219311 gmsum_v=2.80178
Doing analysis at TEMP = 125.000000 and TNOM = 27.000000

Using SPARSE 1.3 as Direct Linear Solver

No. of Data Rows : 1
HOV ssr_cmd=1.325 ssr_v=1.325 fb_v=1.19924 vout_v=0.81668 pg_v=2.74015 erramp_v=2.74015 isup_a=0.0227179 gmsum_v=2.8058
Doing analysis at TEMP = 125.000000 and TNOM = 27.000000

Using SPARSE 1.3 as Direct Linear Solver
 Reference value :  0.00000e+00
No. of Data Rows : 1
HOV ssr_cmd=1.35 ssr_v=1.35 fb_v=1.19924 vout_v=0.844915 pg_v=2.7317 erramp_v=2.7317 isup_a=0.0235019 gmsum_v=2.80987
Doing analysis at TEMP = 125.000000 and TNOM = 27.000000

Using SPARSE 1.3 as Direct Linear Solver

No. of Data Rows : 1
HOV ssr_cmd=1.375 ssr_v=1.375 fb_v=1.19924 vout_v=0.87305 pg_v=2.72338 erramp_v=2.72338 isup_a=0.0242832 gmsum_v=2.814
Doing analysis at TEMP = 125.000000 and TNOM = 27.000000

Using SPARSE 1.3 as Direct Linear Solver

No. of Data Rows : 1
HOV ssr_cmd=1.4 ssr_v=1.4 fb_v=1.19924 vout_v=0.90108 pg_v=2.71518 erramp_v=2.71518 isup_a=0.0250615 gmsum_v=2.81818
Doing analysis at TEMP = 125.000000 and TNOM = 27.000000

Using SPARSE 1.3 as Direct Linear Solver
 Reference value :  0.00000e+00
No. of Data Rows : 1
HOV ssr_cmd=1.425 ssr_v=1.425 fb_v=1.19924 vout_v=0.929001 pg_v=2.7071 erramp_v=2.7071 isup_a=0.0258368 gmsum_v=2.82243
Doing analysis at TEMP = 125.000000 and TNOM = 27.000000

Using SPARSE 1.3 as Direct Linear Solver

No. of Data Rows : 1
HOV ssr_cmd=1.45 ssr_v=1.45 fb_v=1.19924 vout_v=0.956807 pg_v=2.69913 erramp_v=2.69913 isup_a=0.0266089 gmsum_v=2.82673
Doing analysis at TEMP = 125.000000 and TNOM = 27.000000

Using SPARSE 1.3 as Direct Linear Solver

No. of Data Rows : 1
HOV ssr_cmd=1.475 ssr_v=1.475 fb_v=1.19924 vout_v=0.984494 pg_v=2.69126 erramp_v=2.69126 isup_a=0.0273777 gmsum_v=2.8311
Doing analysis at TEMP = 125.000000 and TNOM = 27.000000

Using SPARSE 1.3 as Direct Linear Solver
 Reference value :  0.00000e+00
No. of Data Rows : 1
HOV ssr_cmd=1.5 ssr_v=1.5 fb_v=1.19924 vout_v=1.01206 pg_v=2.68351 erramp_v=2.68351 isup_a=0.0281431 gmsum_v=2.83554
Doing analysis at TEMP = 125.000000 and TNOM = 27.000000

Using SPARSE 1.3 as Direct Linear Solver

No. of Data Rows : 1
HOV ssr_cmd=1.525 ssr_v=1.525 fb_v=1.19924 vout_v=1.03949 pg_v=2.67585 erramp_v=2.67585 isup_a=0.0289048 gmsum_v=2.84005
Doing analysis at TEMP = 125.000000 and TNOM = 27.000000

Using SPARSE 1.3 as Direct Linear Solver

No. of Data Rows : 1
HOV ssr_cmd=1.55 ssr_v=1.55 fb_v=1.19924 vout_v=1.06678 pg_v=2.6683 erramp_v=2.6683 isup_a=0.0296627 gmsum_v=2.84464
Doing analysis at TEMP = 125.000000 and TNOM = 27.000000

Using SPARSE 1.3 as Direct Linear Solver

No. of Data Rows : 1
HOV ssr_cmd=1.575 ssr_v=1.575 fb_v=1.19924 vout_v=1.09393 pg_v=2.66084 erramp_v=2.66084 isup_a=0.0304166 gmsum_v=2.8493
Doing analysis at TEMP = 125.000000 and TNOM = 27.000000

Using SPARSE 1.3 as Direct Linear Solver
 Reference value :  0.00000e+00
No. of Data Rows : 1
HOV ssr_cmd=1.6 ssr_v=1.6 fb_v=1.19924 vout_v=1.12093 pg_v=2.65348 erramp_v=2.65348 isup_a=0.0311663 gmsum_v=2.85405
Doing analysis at TEMP = 125.000000 and TNOM = 27.000000

Using SPARSE 1.3 as Direct Linear Solver

No. of Data Rows : 1
HOV ssr_cmd=1.625 ssr_v=1.625 fb_v=1.19924 vout_v=1.14777 pg_v=2.64621 erramp_v=2.64621 isup_a=0.0319117 gmsum_v=2.85889
Doing analysis at TEMP = 125.000000 and TNOM = 27.000000

Using SPARSE 1.3 as Direct Linear Solver

No. of Data Rows : 1
HOV ssr_cmd=1.65 ssr_v=1.65 fb_v=1.19924 vout_v=1.17445 pg_v=2.63903 erramp_v=2.63903 isup_a=0.0326523 gmsum_v=2.86382
Doing analysis at TEMP = 125.000000 and TNOM = 27.000000

Using SPARSE 1.3 as Direct Linear Solver
 Reference value :  0.00000e+00
No. of Data Rows : 1
HOV ssr_cmd=1.675 ssr_v=1.675 fb_v=1.19924 vout_v=1.20094 pg_v=2.63195 erramp_v=2.63195 isup_a=0.0333881 gmsum_v=2.86885
Doing analysis at TEMP = 125.000000 and TNOM = 27.000000

Using SPARSE 1.3 as Direct Linear Solver

No. of Data Rows : 1
HOV ssr_cmd=1.7 ssr_v=1.7 fb_v=1.19924 vout_v=1.22725 pg_v=2.62496 erramp_v=2.62496 isup_a=0.0341186 gmsum_v=2.87398
Doing analysis at TEMP = 125.000000 and TNOM = 27.000000

Using SPARSE 1.3 as Direct Linear Solver

No. of Data Rows : 1
HOV ssr_cmd=1.725 ssr_v=1.725 fb_v=1.19924 vout_v=1.25336 pg_v=2.61806 erramp_v=2.61806 isup_a=0.0348437 gmsum_v=2.87923
Doing analysis at TEMP = 125.000000 and TNOM = 27.000000

Using SPARSE 1.3 as Direct Linear Solver

No. of Data Rows : 1
HOV ssr_cmd=1.75 ssr_v=1.75 fb_v=1.19924 vout_v=1.27927 pg_v=2.61125 erramp_v=2.61125 isup_a=0.0355629 gmsum_v=2.8846
Doing analysis at TEMP = 125.000000 and TNOM = 27.000000

Using SPARSE 1.3 as Direct Linear Solver
 Reference value :  0.00000e+00
No. of Data Rows : 1
HOV ssr_cmd=1.775 ssr_v=1.775 fb_v=1.19924 vout_v=1.30494 pg_v=2.60454 erramp_v=2.60454 isup_a=0.0362759 gmsum_v=2.89009
Doing analysis at TEMP = 125.000000 and TNOM = 27.000000

Using SPARSE 1.3 as Direct Linear Solver

No. of Data Rows : 1
HOV ssr_cmd=1.8 ssr_v=1.8 fb_v=1.19924 vout_v=1.33038 pg_v=2.59792 erramp_v=2.59792 isup_a=0.0369824 gmsum_v=2.89572
Doing analysis at TEMP = 125.000000 and TNOM = 27.000000

Using SPARSE 1.3 as Direct Linear Solver

No. of Data Rows : 1
HOV ssr_cmd=1.825 ssr_v=1.825 fb_v=1.19924 vout_v=1.35557 pg_v=2.5914 erramp_v=2.5914 isup_a=0.0376817 gmsum_v=2.90149
Doing analysis at TEMP = 125.000000 and TNOM = 27.000000

Using SPARSE 1.3 as Direct Linear Solver

No. of Data Rows : 1
HOV ssr_cmd=1.85 ssr_v=1.85 fb_v=1.19924 vout_v=1.38049 pg_v=2.58498 erramp_v=2.58498 isup_a=0.0383735 gmsum_v=2.90742
Doing analysis at TEMP = 125.000000 and TNOM = 27.000000

Using SPARSE 1.3 as Direct Linear Solver
 Reference value :  0.00000e+00
No. of Data Rows : 1
HOV ssr_cmd=1.875 ssr_v=1.875 fb_v=1.19924 vout_v=1.40511 pg_v=2.57865 erramp_v=2.57865 isup_a=0.0390573 gmsum_v=2.91352
Doing analysis at TEMP = 125.000000 and TNOM = 27.000000

Using SPARSE 1.3 as Direct Linear Solver

No. of Data Rows : 1
HOV ssr_cmd=1.9 ssr_v=1.9 fb_v=1.19924 vout_v=1.42942 pg_v=2.57244 erramp_v=2.57244 isup_a=0.0397322 gmsum_v=2.91981
Doing analysis at TEMP = 125.000000 and TNOM = 27.000000

Using SPARSE 1.3 as Direct Linear Solver

No. of Data Rows : 1
HOV ssr_cmd=1.925 ssr_v=1.925 fb_v=1.19924 vout_v=1.45339 pg_v=2.56633 erramp_v=2.56633 isup_a=0.0403978 gmsum_v=2.92629
Doing analysis at TEMP = 125.000000 and TNOM = 27.000000

Using SPARSE 1.3 as Direct Linear Solver

No. of Data Rows : 1
HOV ssr_cmd=1.95 ssr_v=1.95 fb_v=1.19924 vout_v=1.47699 pg_v=2.56034 erramp_v=2.56034 isup_a=0.0410533 gmsum_v=2.93298
Doing analysis at TEMP = 125.000000 and TNOM = 27.000000

Using SPARSE 1.3 as Direct Linear Solver
 Reference value :  0.00000e+00
No. of Data Rows : 1
HOV ssr_cmd=1.975 ssr_v=1.975 fb_v=1.19924 vout_v=1.5002 pg_v=2.55446 erramp_v=2.55446 isup_a=0.0416977 gmsum_v=2.93992
Doing analysis at TEMP = 125.000000 and TNOM = 27.000000

Using SPARSE 1.3 as Direct Linear Solver

No. of Data Rows : 1
HOV ssr_cmd=2 ssr_v=2 fb_v=1.19924 vout_v=1.52298 pg_v=2.54872 erramp_v=2.54872 isup_a=0.0423301 gmsum_v=2.9471
Doing analysis at TEMP = 125.000000 and TNOM = 27.000000

Using SPARSE 1.3 as Direct Linear Solver

No. of Data Rows : 1
HOV ssr_cmd=2.025 ssr_v=2.025 fb_v=1.19924 vout_v=1.54528 pg_v=2.54311 erramp_v=2.54311 isup_a=0.0429494 gmsum_v=2.95457
Doing analysis at TEMP = 125.000000 and TNOM = 27.000000

Using SPARSE 1.3 as Direct Linear Solver

No. of Data Rows : 1
HOV ssr_cmd=2.05 ssr_v=2.05 fb_v=1.19924 vout_v=1.56707 pg_v=2.53764 erramp_v=2.53764 isup_a=0.0435544 gmsum_v=2.96235
Doing analysis at TEMP = 125.000000 and TNOM = 27.000000

Using SPARSE 1.3 as Direct Linear Solver
 Reference value :  0.00000e+00
No. of Data Rows : 1
HOV ssr_cmd=2.075 ssr_v=2.075 fb_v=1.19924 vout_v=1.58829 pg_v=2.53233 erramp_v=2.53233 isup_a=0.0441437 gmsum_v=2.97047
Doing analysis at TEMP = 125.000000 and TNOM = 27.000000

Using SPARSE 1.3 as Direct Linear Solver

No. of Data Rows : 1
HOV ssr_cmd=2.1 ssr_v=2.1 fb_v=1.19924 vout_v=1.60889 pg_v=2.52719 erramp_v=2.52719 isup_a=0.0447156 gmsum_v=2.97896
Doing analysis at TEMP = 125.000000 and TNOM = 27.000000

Using SPARSE 1.3 as Direct Linear Solver

No. of Data Rows : 1
HOV ssr_cmd=2.125 ssr_v=2.125 fb_v=1.19924 vout_v=1.6288 pg_v=2.52223 erramp_v=2.52223 isup_a=0.0452683 gmsum_v=2.98787
Doing analysis at TEMP = 125.000000 and TNOM = 27.000000

Using SPARSE 1.3 as Direct Linear Solver

No. of Data Rows : 1
HOV ssr_cmd=2.15 ssr_v=2.15 fb_v=1.19924 vout_v=1.64795 pg_v=2.51747 erramp_v=2.51747 isup_a=0.0458 gmsum_v=2.99725
Doing analysis at TEMP = 125.000000 and TNOM = 27.000000

Using SPARSE 1.3 as Direct Linear Solver

No. of Data Rows : 1
HOV ssr_cmd=2.175 ssr_v=2.175 fb_v=1.19924 vout_v=1.66625 pg_v=2.51292 erramp_v=2.51292 isup_a=0.0463081 gmsum_v=3.00714
Doing analysis at TEMP = 125.000000 and TNOM = 27.000000

Using SPARSE 1.3 as Direct Linear Solver
 Reference value :  0.00000e+00
No. of Data Rows : 1
HOV ssr_cmd=2.2 ssr_v=2.2 fb_v=1.19924 vout_v=1.68362 pg_v=2.50862 erramp_v=2.50862 isup_a=0.0467903 gmsum_v=3.01761
Doing analysis at TEMP = 125.000000 and TNOM = 27.000000

Using SPARSE 1.3 as Direct Linear Solver

No. of Data Rows : 1
HOV ssr_cmd=2.225 ssr_v=2.225 fb_v=1.19924 vout_v=1.69995 pg_v=2.50458 erramp_v=2.50458 isup_a=0.0472438 gmsum_v=3.02871
Doing analysis at TEMP = 125.000000 and TNOM = 27.000000

Using SPARSE 1.3 as Direct Linear Solver

No. of Data Rows : 1
HOV ssr_cmd=2.25 ssr_v=2.25 fb_v=1.19924 vout_v=1.71515 pg_v=2.50082 erramp_v=2.50082 isup_a=0.0476657 gmsum_v=3.04052
Doing analysis at TEMP = 125.000000 and TNOM = 27.000000

Using SPARSE 1.3 as Direct Linear Solver

No. of Data Rows : 1
HOV ssr_cmd=2.275 ssr_v=2.275 fb_v=1.19924 vout_v=1.7291 pg_v=2.49738 erramp_v=2.49738 isup_a=0.048053 gmsum_v=3.05309
Doing analysis at TEMP = 125.000000 and TNOM = 27.000000

Using SPARSE 1.3 as Direct Linear Solver
 Reference value :  0.00000e+00
No. of Data Rows : 1
HOV ssr_cmd=2.3 ssr_v=2.3 fb_v=1.19924 vout_v=1.7417 pg_v=2.49427 erramp_v=2.49427 isup_a=0.0484029 gmsum_v=3.06648
Doing analysis at TEMP = 125.000000 and TNOM = 27.000000

Using SPARSE 1.3 as Direct Linear Solver

No. of Data Rows : 1
HOV ssr_cmd=2.325 ssr_v=2.325 fb_v=1.19924 vout_v=1.75288 pg_v=2.49151 erramp_v=2.49151 isup_a=0.0487133 gmsum_v=3.08076
Doing analysis at TEMP = 125.000000 and TNOM = 27.000000

Using SPARSE 1.3 as Direct Linear Solver

No. of Data Rows : 1
HOV ssr_cmd=2.35 ssr_v=2.35 fb_v=1.19924 vout_v=1.76258 pg_v=2.48912 erramp_v=2.48912 isup_a=0.0489825 gmsum_v=3.09594
Doing analysis at TEMP = 125.000000 and TNOM = 27.000000

Using SPARSE 1.3 as Direct Linear Solver

No. of Data Rows : 1
HOV ssr_cmd=2.375 ssr_v=2.375 fb_v=1.19924 vout_v=1.7708 pg_v=2.4871 erramp_v=2.4871 isup_a=0.0492105 gmsum_v=3.11202
Doing analysis at TEMP = 125.000000 and TNOM = 27.000000

Using SPARSE 1.3 as Direct Linear Solver

No. of Data Rows : 1
HOV ssr_cmd=2.4 ssr_v=2.4 fb_v=1.19924 vout_v=1.77757 pg_v=2.48544 erramp_v=2.48544 isup_a=0.0493984 gmsum_v=3.12896
* SWEEP COMPLETE sf_125c_3.63v
Note: Simulation executed from .control section 
Note: Starting dynamic gmin stepping
Note: Dynamic gmin stepping completed
Note: Starting dynamic gmin stepping
Note: Dynamic gmin stepping completed
Note: Starting dynamic gmin stepping
Note: Dynamic gmin stepping completed
Note: Starting dynamic gmin stepping
Note: Dynamic gmin stepping completed
Note: Starting dynamic gmin stepping
Note: Dynamic gmin stepping completed
Note: Starting dynamic gmin stepping
Note: Dynamic gmin stepping completed
Note: Starting dynamic gmin stepping
Note: Dynamic gmin stepping completed
Note: Starting dynamic gmin stepping
Note: Dynamic gmin stepping completed
Note: Starting dynamic gmin stepping
Note: Dynamic gmin stepping completed
Note: Starting dynamic gmin stepping
Note: Dynamic gmin stepping completed
Note: Starting dynamic gmin stepping
Note: Dynamic gmin stepping completed
Note: Starting dynamic gmin stepping
Note: Dynamic gmin stepping completed
Note: Starting dynamic gmin stepping
Note: Dynamic gmin stepping completed
Note: Starting dynamic gmin stepping
Note: Dynamic gmin stepping completed
Note: Starting dynamic gmin stepping
Note: Dynamic gmin stepping completed
Note: Starting dynamic gmin stepping
Note: Dynamic gmin stepping completed
Note: Starting dynamic gmin stepping
Note: Dynamic gmin stepping completed
Note: Starting dynamic gmin stepping
Note: Dynamic gmin stepping completed
Note: Starting dynamic gmin stepping
Note: Dynamic gmin stepping completed
Note: Starting dynamic gmin stepping
Note: Dynamic gmin stepping completed
Note: Starting dynamic gmin stepping
Note: Dynamic gmin stepping completed
Note: Starting dynamic gmin stepping
Note: Dynamic gmin stepping completed
Note: Starting dynamic gmin stepping
Note: Dynamic gmin stepping completed
Note: Starting dynamic gmin stepping
Note: Dynamic gmin stepping completed
Note: Starting dynamic gmin stepping
Note: Dynamic gmin stepping completed
Note: Starting dynamic gmin stepping
Note: Dynamic gmin stepping completed
Note: Starting dynamic gmin stepping
Note: Dynamic gmin stepping completed
Note: Starting dynamic gmin stepping
Note: Dynamic gmin stepping completed
Note: Starting dynamic gmin stepping
Note: Dynamic gmin stepping completed
Note: Starting dynamic gmin stepping
Note: Dynamic gmin stepping completed
Note: Starting dynamic gmin stepping
Note: Dynamic gmin stepping completed
Note: Starting dynamic gmin stepping
Note: Dynamic gmin stepping completed
Note: Starting dynamic gmin stepping
Note: Dynamic gmin stepping completed
Note: Starting dynamic gmin stepping
Note: Dynamic gmin stepping completed
Note: Starting dynamic gmin stepping
Note: Dynamic gmin stepping completed
Note: Starting dynamic gmin stepping
Note: Dynamic gmin stepping completed
Note: Starting dynamic gmin stepping
Note: Dynamic gmin stepping completed
Note: Starting dynamic gmin stepping
Note: Dynamic gmin stepping completed
Note: Starting dynamic gmin stepping
Note: Dynamic gmin stepping completed
Note: Starting dynamic gmin stepping
Note: Dynamic gmin stepping completed
Note: Starting dynamic gmin stepping
Note: Dynamic gmin stepping completed
Note: Starting dynamic gmin stepping
Note: Dynamic gmin stepping completed
Note: Starting dynamic gmin stepping
Note: Dynamic gmin stepping completed
Note: Starting dynamic gmin stepping
Note: Dynamic gmin stepping completed
Note: Starting dynamic gmin stepping
Note: Dynamic gmin stepping completed
Note: Starting dynamic gmin stepping
Note: Dynamic gmin stepping completed
Note: Starting dynamic gmin stepping
Note: Dynamic gmin stepping completed
Note: Starting dynamic gmin stepping
Note: Dynamic gmin stepping completed
Note: Starting dynamic gmin stepping
Note: Dynamic gmin stepping completed
Note: Starting dynamic gmin stepping
Note: Dynamic gmin stepping completed
Note: Starting dynamic gmin stepping
Note: Dynamic gmin stepping completed
Note: Starting dynamic gmin stepping
Note: Dynamic gmin stepping completed
Note: Starting dynamic gmin stepping
Note: Dynamic gmin stepping completed
Note: Starting dynamic gmin stepping
Note: Dynamic gmin stepping completed
Note: Starting dynamic gmin stepping
Note: Dynamic gmin stepping completed
Note: Starting dynamic gmin stepping
Note: Dynamic gmin stepping completed
Note: Starting dynamic gmin stepping
Note: Dynamic gmin stepping completed
Note: Starting dynamic gmin stepping
Note: Dynamic gmin stepping completed
Note: Starting dynamic gmin stepping
Note: Dynamic gmin stepping completed
Note: Starting dynamic gmin stepping
Note: Dynamic gmin stepping completed
Note: Starting dynamic gmin stepping
Note: Dynamic gmin stepping completed
Note: Starting dynamic gmin stepping
Note: Dynamic gmin stepping completed
Note: Starting dynamic gmin stepping
Note: Dynamic gmin stepping completed
Note: Starting dynamic gmin stepping
Note: Dynamic gmin stepping completed
Note: Starting dynamic gmin stepping
Note: Dynamic gmin stepping completed
Note: Starting dynamic gmin stepping
Note: Dynamic gmin stepping completed
Note: Starting dynamic gmin stepping
Note: Dynamic gmin stepping completed
Note: Starting dynamic gmin stepping
Note: Dynamic gmin stepping completed
Note: Starting dynamic gmin stepping
Note: Dynamic gmin stepping completed
