
Note: No compatibility mode selected!


Circuit: * soft-start-loop-gain -- tian dual-injection loop-gain testbench for the ldo

* corner_id=sf_125c_3.63v corner=sf temp_c=125 vin_v=3.63
* phase=anchor variant=device iload_a=0.05 rload_ohm=1e+12
* ac sweep: dec 400 0.01 1e9 ; Tian dual injection at ERRAMP_OUT->PASS_GATE
* columns: ROW ssr_cmd= ssr_v= fb_v= vout_v= isup_a= ceff_f= esr_ohm=
*          dcgain_db= f0_hz= phase_at_f0_deg= f180_hz= gain_at_f180_db=
*          f0_rising_hz= resurgence_db=
* (phase margin = 180 + phase_at_f0_deg ; gain margin = -gain_at_f180_db ;
*  resurgence_db = max |T| in dB above the first 0 dB crossing, DR-0008 ;
*  an empty f180/gain field means the phase never reaches -180 deg in band ;
*  ssr_cmd is what this deck COMMANDED the ramp node to, or 'free' when it
*  is not pinned; ssr_v/fb_v/vout_v are what the DC solve LANDED on)
* Fields are written key=value BECAUSE a failed meas leaves its value
* empty: with bare positional fields an empty one vanishes into the
* whitespace and every field after it is read as the wrong quantity.
Doing analysis at TEMP = 125.000000 and TNOM = 27.000000

Using SPARSE 1.3 as Direct Linear Solver

No. of Data Rows : 1
Doing analysis at TEMP = 125.000000 and TNOM = 27.000000

Using SPARSE 1.3 as Direct Linear Solver
 Reference value :  3.25462e+05
No. of Data Rows : 4401
Doing analysis at TEMP = 125.000000 and TNOM = 27.000000

Using SPARSE 1.3 as Direct Linear Solver

No. of Data Rows : 4401
dcg                 =  1.32251e+02
f0                  =  2.65880e+05
phx                 =  -1.30509e+02
f180                =  7.72547e+05
gmx                 =  -1.19849e+01
 meas ac f0r when tdb=0 rise=1 failed!

tres                =  -5.09764e-01 at=  2.80221e+05
ROW ssr_cmd=free ssr_v=2.1646 fb_v=1.19924 vout_v=1.65874 isup_a=0.0500235 ceff_f=1e-06 esr_ohm=0.001 dcgain_db=132.251 f0_hz=265880 phase_at_f0_deg=-130.509 f180_hz=772547 gain_at_f180_db=-11.9849 f0_rising_hz= resurgence_db=-0.509764
Doing analysis at TEMP = 125.000000 and TNOM = 27.000000

Using SPARSE 1.3 as Direct Linear Solver
 Reference value :  0.00000e+00
No. of Data Rows : 1
Doing analysis at TEMP = 125.000000 and TNOM = 27.000000

Using SPARSE 1.3 as Direct Linear Solver

No. of Data Rows : 4401
Doing analysis at TEMP = 125.000000 and TNOM = 27.000000

Using SPARSE 1.3 as Direct Linear Solver
 Reference value :  2.83465e-02
No. of Data Rows : 4401
dcg                 =  1.32251e+02
f0                  =  2.66673e+05
phx                 =  -1.25885e+02
f180                =  9.54672e+05
gmx                 =  -1.48190e+01
 meas ac f0r when tdb=0 rise=1 failed!

tres                =  -4.77817e-01 at=  2.80221e+05
ROW ssr_cmd=free ssr_v=2.1646 fb_v=1.19924 vout_v=1.65874 isup_a=0.0500235 ceff_f=1e-06 esr_ohm=0.05 dcgain_db=132.251 f0_hz=266673 phase_at_f0_deg=-125.885 f180_hz=954672 gain_at_f180_db=-14.819 f0_rising_hz= resurgence_db=-0.477817
Doing analysis at TEMP = 125.000000 and TNOM = 27.000000

Using SPARSE 1.3 as Direct Linear Solver

No. of Data Rows : 1
Doing analysis at TEMP = 125.000000 and TNOM = 27.000000

Using SPARSE 1.3 as Direct Linear Solver
 Reference value :  8.91251e-01
No. of Data Rows : 4401
Doing analysis at TEMP = 125.000000 and TNOM = 27.000000

Using SPARSE 1.3 as Direct Linear Solver
 Reference value :  1.68850e+05
No. of Data Rows : 4401
dcg                 =  1.32251e+02
f0                  =  2.69176e+05
phx                 =  -1.21292e+02
f180                =  1.21200e+06
gmx                 =  -1.73908e+01
 meas ac f0r when tdb=0 rise=1 failed!

tres                =  -4.89473e-01 at=  2.83465e+05
ROW ssr_cmd=free ssr_v=2.1646 fb_v=1.19924 vout_v=1.65874 isup_a=0.0500235 ceff_f=1e-06 esr_ohm=0.1 dcgain_db=132.251 f0_hz=269176 phase_at_f0_deg=-121.292 f180_hz=1.212E+06 gain_at_f180_db=-17.3908 f0_rising_hz= resurgence_db=-0.489473
Doing analysis at TEMP = 125.000000 and TNOM = 27.000000

Using SPARSE 1.3 as Direct Linear Solver

No. of Data Rows : 1
Doing analysis at TEMP = 125.000000 and TNOM = 27.000000

Using SPARSE 1.3 as Direct Linear Solver
 Reference value :  1.01742e+07
No. of Data Rows : 4401
Doing analysis at TEMP = 125.000000 and TNOM = 27.000000

Using SPARSE 1.3 as Direct Linear Solver

No. of Data Rows : 4401
dcg                 =  1.32251e+02
f0                  =  2.79951e+05
phx                 =  -1.12458e+02
f180                =  1.61224e+06
gmx                 =  -1.81761e+01
 meas ac f0r when tdb=0 rise=1 failed!

tres                =  -4.62543e-01 at=  2.95121e+05
ROW ssr_cmd=free ssr_v=2.1646 fb_v=1.19924 vout_v=1.65874 isup_a=0.0500235 ceff_f=1e-06 esr_ohm=0.2 dcgain_db=132.251 f0_hz=279951 phase_at_f0_deg=-112.458 f180_hz=1.61224E+06 gain_at_f180_db=-18.1761 f0_rising_hz= resurgence_db=-0.462543
Doing analysis at TEMP = 125.000000 and TNOM = 27.000000

Using SPARSE 1.3 as Direct Linear Solver
 Reference value :  0.00000e+00
No. of Data Rows : 1
Doing analysis at TEMP = 125.000000 and TNOM = 27.000000

Using SPARSE 1.3 as Direct Linear Solver

No. of Data Rows : 4401
Doing analysis at TEMP = 125.000000 and TNOM = 27.000000

Using SPARSE 1.3 as Direct Linear Solver
 Reference value :  4.12098e+00
No. of Data Rows : 4401
dcg                 =  1.32251e+02
f0                  =  4.01074e+05
phx                 =  -9.18894e+01
f180                =  1.92391e+06
gmx                 =  -1.36461e+01
 meas ac f0r when tdb=0 rise=1 failed!

tres                =  -2.56674e-01 at=  4.21697e+05
ROW ssr_cmd=free ssr_v=2.1646 fb_v=1.19924 vout_v=1.65874 isup_a=0.0500235 ceff_f=1e-06 esr_ohm=0.5 dcgain_db=132.251 f0_hz=401074 phase_at_f0_deg=-91.8894 f180_hz=1.9239E+06 gain_at_f180_db=-13.6461 f0_rising_hz= resurgence_db=-0.256674
Doing analysis at TEMP = 125.000000 and TNOM = 27.000000

Using SPARSE 1.3 as Direct Linear Solver

No. of Data Rows : 1
Doing analysis at TEMP = 125.000000 and TNOM = 27.000000

Using SPARSE 1.3 as Direct Linear Solver
 Reference value :  3.40800e+02
No. of Data Rows : 4401
Doing analysis at TEMP = 125.000000 and TNOM = 27.000000

Using SPARSE 1.3 as Direct Linear Solver
 Reference value :  5.18800e+07
No. of Data Rows : 4401
dcg                 =  1.32251e+02
f0                  =  6.84291e+04
phx                 =  -1.28482e+02
f180                =  7.83445e+05
gmx                 =  -2.56199e+01
 meas ac f0r when tdb=0 rise=1 failed!

tres                =  -5.61633e-01 at=  7.20278e+04
ROW ssr_cmd=free ssr_v=2.1646 fb_v=1.19924 vout_v=1.65874 isup_a=0.0500235 ceff_f=4.7e-06 esr_ohm=0.001 dcgain_db=132.251 f0_hz=68429.1 phase_at_f0_deg=-128.482 f180_hz=783445 gain_at_f180_db=-25.6199 f0_rising_hz= resurgence_db=-0.561633
Doing analysis at TEMP = 125.000000 and TNOM = 27.000000

Using SPARSE 1.3 as Direct Linear Solver

No. of Data Rows : 1
Doing analysis at TEMP = 125.000000 and TNOM = 27.000000

Using SPARSE 1.3 as Direct Linear Solver
 Reference value :  1.71791e+08
No. of Data Rows : 4401
Doing analysis at TEMP = 125.000000 and TNOM = 27.000000

Using SPARSE 1.3 as Direct Linear Solver

No. of Data Rows : 4401
dcg                 =  1.32251e+02
f0                  =  6.86945e+04
phx                 =  -1.22746e+02
f180                =  1.69128e+06
gmx                 =  -3.11688e+01
 meas ac f0r when tdb=0 rise=1 failed!

tres                =  -5.76615e-01 at=  7.24436e+04
ROW ssr_cmd=free ssr_v=2.1646 fb_v=1.19924 vout_v=1.65874 isup_a=0.0500235 ceff_f=4.7e-06 esr_ohm=0.05 dcgain_db=132.251 f0_hz=68694.5 phase_at_f0_deg=-122.746 f180_hz=1.69128E+06 gain_at_f180_db=-31.1688 f0_rising_hz= resurgence_db=-0.576615
Doing analysis at TEMP = 125.000000 and TNOM = 27.000000

Using SPARSE 1.3 as Direct Linear Solver

No. of Data Rows : 1
Doing analysis at TEMP = 125.000000 and TNOM = 27.000000

Using SPARSE 1.3 as Direct Linear Solver
 Reference value :  1.00000e-02
No. of Data Rows : 4401
Doing analysis at TEMP = 125.000000 and TNOM = 27.000000

Using SPARSE 1.3 as Direct Linear Solver
 Reference value :  3.21736e+03
No. of Data Rows : 4401
dcg                 =  1.32251e+02
f0                  =  6.95303e+04
phx                 =  -1.16748e+02
f180                =  1.91460e+06
gmx                 =  -2.75001e+01
 meas ac f0r when tdb=0 rise=1 failed!

tres                =  -5.53979e-01 at=  7.32825e+04
ROW ssr_cmd=free ssr_v=2.1646 fb_v=1.19924 vout_v=1.65874 isup_a=0.0500235 ceff_f=4.7e-06 esr_ohm=0.1 dcgain_db=132.251 f0_hz=69530.3 phase_at_f0_deg=-116.748 f180_hz=1.9146E+06 gain_at_f180_db=-27.5001 f0_rising_hz= resurgence_db=-0.553979
Doing analysis at TEMP = 125.000000 and TNOM = 27.000000

Using SPARSE 1.3 as Direct Linear Solver

No. of Data Rows : 1
Doing analysis at TEMP = 125.000000 and TNOM = 27.000000

Using SPARSE 1.3 as Direct Linear Solver
 Reference value :  6.95825e+05
No. of Data Rows : 4401
Doing analysis at TEMP = 125.000000 and TNOM = 27.000000

Using SPARSE 1.3 as Direct Linear Solver

No. of Data Rows : 4401
dcg                 =  1.32251e+02
f0                  =  7.32005e+04
phx                 =  -1.04208e+02
f180                =  2.02217e+06
gmx                 =  -2.24537e+01
 meas ac f0r when tdb=0 rise=1 failed!

tres                =  -4.94099e-01 at=  7.71792e+04
ROW ssr_cmd=free ssr_v=2.1646 fb_v=1.19924 vout_v=1.65874 isup_a=0.0500235 ceff_f=4.7e-06 esr_ohm=0.2 dcgain_db=132.251 f0_hz=73200.5 phase_at_f0_deg=-104.208 f180_hz=2.02217E+06 gain_at_f180_db=-22.4537 f0_rising_hz= resurgence_db=-0.494099
Doing analysis at TEMP = 125.000000 and TNOM = 27.000000

Using SPARSE 1.3 as Direct Linear Solver
 Reference value :  0.00000e+00
No. of Data Rows : 1
Doing analysis at TEMP = 125.000000 and TNOM = 27.000000

Using SPARSE 1.3 as Direct Linear Solver

No. of Data Rows : 4401
Doing analysis at TEMP = 125.000000 and TNOM = 27.000000

Using SPARSE 1.3 as Direct Linear Solver
 Reference value :  3.80189e-01
No. of Data Rows : 4401
dcg                 =  1.32251e+02
f0                  =  1.34496e+05
phx                 =  -5.98719e+01
f180                =  2.08243e+06
gmx                 =  -1.50218e+01
 meas ac f0r when tdb=0 rise=1 failed!

tres                =  -1.30536e-01 at=  1.41254e+05
ROW ssr_cmd=free ssr_v=2.1646 fb_v=1.19924 vout_v=1.65874 isup_a=0.0500235 ceff_f=4.7e-06 esr_ohm=0.5 dcgain_db=132.251 f0_hz=134496 phase_at_f0_deg=-59.8719 f180_hz=2.08243E+06 gain_at_f180_db=-15.0218 f0_rising_hz= resurgence_db=-0.130536
* SWEEP COMPLETE sf_125c_3.63v
Note: Simulation executed from .control section 
Note: Starting dynamic gmin stepping
Note: Dynamic gmin stepping completed
Note: Starting dynamic gmin stepping
Note: Dynamic gmin stepping completed
Note: Starting dynamic gmin stepping
Note: Dynamic gmin stepping completed

Error: measure  f0r  when(WHEN) : out of interval
Error: &f0r: no such variable.
Note: Starting dynamic gmin stepping
Note: Dynamic gmin stepping completed
Note: Starting dynamic gmin stepping
Note: Dynamic gmin stepping completed
Note: Starting dynamic gmin stepping
Note: Dynamic gmin stepping completed

Error: measure  f0r  when(WHEN) : out of interval
Error: &f0r: no such variable.
Note: Starting dynamic gmin stepping
Note: Dynamic gmin stepping completed
Note: Starting dynamic gmin stepping
Note: Dynamic gmin stepping completed
Note: Starting dynamic gmin stepping
Note: Dynamic gmin stepping completed

Error: measure  f0r  when(WHEN) : out of interval
Error: &f0r: no such variable.
Note: Starting dynamic gmin stepping
Note: Dynamic gmin stepping completed
Note: Starting dynamic gmin stepping
Note: Dynamic gmin stepping completed
Note: Starting dynamic gmin stepping
Note: Dynamic gmin stepping completed

Error: measure  f0r  when(WHEN) : out of interval
Error: &f0r: no such variable.
Note: Starting dynamic gmin stepping
Note: Dynamic gmin stepping completed
Note: Starting dynamic gmin stepping
Note: Dynamic gmin stepping completed
Note: Starting dynamic gmin stepping
Note: Dynamic gmin stepping completed

Error: measure  f0r  when(WHEN) : out of interval
Error: &f0r: no such variable.
Note: Starting dynamic gmin stepping
Note: Dynamic gmin stepping completed
Note: Starting dynamic gmin stepping
Note: Dynamic gmin stepping completed
Note: Starting dynamic gmin stepping
Note: Dynamic gmin stepping completed

Error: measure  f0r  when(WHEN) : out of interval
Error: &f0r: no such variable.
Note: Starting dynamic gmin stepping
Note: Dynamic gmin stepping completed
Note: Starting dynamic gmin stepping
Note: Dynamic gmin stepping completed
Note: Starting dynamic gmin stepping
Note: Dynamic gmin stepping completed

Error: measure  f0r  when(WHEN) : out of interval
Error: &f0r: no such variable.
Note: Starting dynamic gmin stepping
Note: Dynamic gmin stepping completed
Note: Starting dynamic gmin stepping
Note: Dynamic gmin stepping completed
Note: Starting dynamic gmin stepping
Note: Dynamic gmin stepping completed

Error: measure  f0r  when(WHEN) : out of interval
Error: &f0r: no such variable.
Note: Starting dynamic gmin stepping
Note: Dynamic gmin stepping completed
Note: Starting dynamic gmin stepping
Note: Dynamic gmin stepping completed
Note: Starting dynamic gmin stepping
Note: Dynamic gmin stepping completed

Error: measure  f0r  when(WHEN) : out of interval
Error: &f0r: no such variable.
Note: Starting dynamic gmin stepping
Note: Dynamic gmin stepping completed
Note: Starting dynamic gmin stepping
Note: Dynamic gmin stepping completed
Note: Starting dynamic gmin stepping
Note: Dynamic gmin stepping completed

Error: measure  f0r  when(WHEN) : out of interval
Error: &f0r: no such variable.
