
Note: No compatibility mode selected!


Circuit: * soft-start-loop-gain -- tian dual-injection loop-gain testbench for the ldo

* corner_id=tt_27c_2.97v corner=tt temp_c=27 vin_v=2.97
* phase=anchor variant=device iload_a=0.05 rload_ohm=1e+12
* ac sweep: dec 400 0.01 1e9 ; Tian dual injection at ERRAMP_OUT->PASS_GATE
* columns: ROW ssr_cmd= ssr_v= fb_v= vout_v= isup_a= ceff_f= esr_ohm=
*          dcgain_db= f0_hz= phase_at_f0_deg= f180_hz= gain_at_f180_db=
*          f0_rising_hz= resurgence_db=
* (phase margin = 180 + phase_at_f0_deg ; gain margin = -gain_at_f180_db ;
*  resurgence_db = max |T| in dB above the first 0 dB crossing, DR-0008 ;
*  an empty f180/gain field means the phase never reaches -180 deg in band ;
*  ssr_cmd is what this deck COMMANDED the ramp node to, or 'free' when it
*  is not pinned; ssr_v/fb_v/vout_v are what the DC solve LANDED on)
* Fields are written key=value BECAUSE a failed meas leaves its value
* empty: with bare positional fields an empty one vanishes into the
* whitespace and every field after it is read as the wrong quantity.
Doing analysis at TEMP = 27.000000 and TNOM = 27.000000

Using SPARSE 1.3 as Direct Linear Solver

No. of Data Rows : 1
Doing analysis at TEMP = 27.000000 and TNOM = 27.000000

Using SPARSE 1.3 as Direct Linear Solver
 Reference value :  1.00000e-02
No. of Data Rows : 4401
Doing analysis at TEMP = 27.000000 and TNOM = 27.000000

Using SPARSE 1.3 as Direct Linear Solver
 Reference value :  1.00000e-02
No. of Data Rows : 4401
dcg                 =  1.36284e+02
f0                  =  2.76089e+05
phx                 =  -1.32612e+02
f180                =  7.27642e+05
gmx                 =  -1.09584e+01
 meas ac f0r when tdb=0 rise=1 failed!

tres                =  -4.82977e-01 at=  2.90068e+05
ROW ssr_cmd=free ssr_v=2.18417 fb_v=1.19959 vout_v=1.79938 isup_a=0.0500121 ceff_f=1e-06 esr_ohm=0.001 dcgain_db=136.284 f0_hz=276089 phase_at_f0_deg=-132.612 f180_hz=727642 gain_at_f180_db=-10.9584 f0_rising_hz= resurgence_db=-0.482977
Doing analysis at TEMP = 27.000000 and TNOM = 27.000000

Using SPARSE 1.3 as Direct Linear Solver
 Reference value :  0.00000e+00
No. of Data Rows : 1
Doing analysis at TEMP = 27.000000 and TNOM = 27.000000

Using SPARSE 1.3 as Direct Linear Solver
 Reference value :  1.68850e+07
No. of Data Rows : 4401
Doing analysis at TEMP = 27.000000 and TNOM = 27.000000

Using SPARSE 1.3 as Direct Linear Solver
 Reference value :  4.29042e+05
No. of Data Rows : 4401
dcg                 =  1.36284e+02
f0                  =  2.76955e+05
phx                 =  -1.27824e+02
f180                =  8.84436e+05
gmx                 =  -1.35669e+01
 meas ac f0r when tdb=0 rise=1 failed!

tres                =  -5.05350e-01 at=  2.91743e+05
ROW ssr_cmd=free ssr_v=2.18417 fb_v=1.19959 vout_v=1.79938 isup_a=0.0500121 ceff_f=1e-06 esr_ohm=0.05 dcgain_db=136.284 f0_hz=276955 phase_at_f0_deg=-127.824 f180_hz=884436 gain_at_f180_db=-13.5669 f0_rising_hz= resurgence_db=-0.50535
Doing analysis at TEMP = 27.000000 and TNOM = 27.000000

Using SPARSE 1.3 as Direct Linear Solver

No. of Data Rows : 1
Doing analysis at TEMP = 27.000000 and TNOM = 27.000000

Using SPARSE 1.3 as Direct Linear Solver
 Reference value :  1.00000e-02
No. of Data Rows : 4401
Doing analysis at TEMP = 27.000000 and TNOM = 27.000000

Using SPARSE 1.3 as Direct Linear Solver
 Reference value :  1.00000e-02
No. of Data Rows : 4401
dcg                 =  1.36284e+02
f0                  =  2.79713e+05
phx                 =  -1.23104e+02
f180                =  1.10372e+06
gmx                 =  -1.60078e+01
 meas ac f0r when tdb=0 rise=1 failed!

tres                =  -5.10839e-01 at=  2.95121e+05
ROW ssr_cmd=free ssr_v=2.18417 fb_v=1.19959 vout_v=1.79938 isup_a=0.0500121 ceff_f=1e-06 esr_ohm=0.1 dcgain_db=136.284 f0_hz=279713 phase_at_f0_deg=-123.104 f180_hz=1.10372E+06 gain_at_f180_db=-16.0078 f0_rising_hz= resurgence_db=-0.510839
Doing analysis at TEMP = 27.000000 and TNOM = 27.000000

Using SPARSE 1.3 as Direct Linear Solver
 Reference value :  0.00000e+00
No. of Data Rows : 1
Doing analysis at TEMP = 27.000000 and TNOM = 27.000000

Using SPARSE 1.3 as Direct Linear Solver
 Reference value :  4.14477e+07
No. of Data Rows : 4401
Doing analysis at TEMP = 27.000000 and TNOM = 27.000000

Using SPARSE 1.3 as Direct Linear Solver
 Reference value :  1.41254e+05
No. of Data Rows : 4401
dcg                 =  1.36284e+02
f0                  =  2.91723e+05
phx                 =  -1.14114e+02
f180                =  1.47228e+06
gmx                 =  -1.70993e+01
 meas ac f0r when tdb=0 rise=1 failed!

tres                =  -4.55906e-01 at=  3.07256e+05
ROW ssr_cmd=free ssr_v=2.18417 fb_v=1.19959 vout_v=1.79938 isup_a=0.0500121 ceff_f=1e-06 esr_ohm=0.2 dcgain_db=136.284 f0_hz=291722 phase_at_f0_deg=-114.114 f180_hz=1.47228E+06 gain_at_f180_db=-17.0993 f0_rising_hz= resurgence_db=-0.455906
Doing analysis at TEMP = 27.000000 and TNOM = 27.000000

Using SPARSE 1.3 as Direct Linear Solver

No. of Data Rows : 1
Doing analysis at TEMP = 27.000000 and TNOM = 27.000000

Using SPARSE 1.3 as Direct Linear Solver
 Reference value :  1.00000e-02
No. of Data Rows : 4401
Doing analysis at TEMP = 27.000000 and TNOM = 27.000000

Using SPARSE 1.3 as Direct Linear Solver
 Reference value :  1.00000e-02
No. of Data Rows : 4401
dcg                 =  1.36284e+02
f0                  =  4.27622e+05
phx                 =  -9.51817e+01
f180                =  1.77879e+06
gmx                 =  -1.28696e+01
 meas ac f0r when tdb=0 rise=1 failed!

tres                =  -2.57750e-01 at=  4.49262e+05
ROW ssr_cmd=free ssr_v=2.18417 fb_v=1.19959 vout_v=1.79938 isup_a=0.0500121 ceff_f=1e-06 esr_ohm=0.5 dcgain_db=136.284 f0_hz=427622 phase_at_f0_deg=-95.1817 f180_hz=1.77879E+06 gain_at_f180_db=-12.8696 f0_rising_hz= resurgence_db=-0.25775
Doing analysis at TEMP = 27.000000 and TNOM = 27.000000

Using SPARSE 1.3 as Direct Linear Solver
 Reference value :  0.00000e+00
No. of Data Rows : 1
Doing analysis at TEMP = 27.000000 and TNOM = 27.000000

Using SPARSE 1.3 as Direct Linear Solver
 Reference value :  5.27837e+06
No. of Data Rows : 4401
Doing analysis at TEMP = 27.000000 and TNOM = 27.000000

Using SPARSE 1.3 as Direct Linear Solver
 Reference value :  1.90546e+04
No. of Data Rows : 4401
dcg                 =  1.36284e+02
f0                  =  6.99973e+04
phx                 =  -1.27246e+02
f180                =  7.37024e+05
gmx                 =  -2.45736e+01
 meas ac f0r when tdb=0 rise=1 failed!

tres                =  -5.52668e-01 at=  7.37055e+04
ROW ssr_cmd=free ssr_v=2.18417 fb_v=1.19959 vout_v=1.79938 isup_a=0.0500121 ceff_f=4.7e-06 esr_ohm=0.001 dcgain_db=136.284 f0_hz=69997.3 phase_at_f0_deg=-127.245 f180_hz=737024 gain_at_f180_db=-24.5736 f0_rising_hz= resurgence_db=-0.552668
Doing analysis at TEMP = 27.000000 and TNOM = 27.000000

Using SPARSE 1.3 as Direct Linear Solver

No. of Data Rows : 1
Doing analysis at TEMP = 27.000000 and TNOM = 27.000000

Using SPARSE 1.3 as Direct Linear Solver
 Reference value :  1.00000e-02
No. of Data Rows : 4401
Doing analysis at TEMP = 27.000000 and TNOM = 27.000000

Using SPARSE 1.3 as Direct Linear Solver
 Reference value :  1.00000e-02
No. of Data Rows : 4401
dcg                 =  1.36284e+02
f0                  =  7.02842e+04
phx                 =  -1.21381e+02
f180                =  1.54924e+06
gmx                 =  -3.01692e+01
 meas ac f0r when tdb=0 rise=1 failed!

tres                =  -5.64618e-01 at=  7.41310e+04
ROW ssr_cmd=free ssr_v=2.18417 fb_v=1.19959 vout_v=1.79938 isup_a=0.0500121 ceff_f=4.7e-06 esr_ohm=0.05 dcgain_db=136.284 f0_hz=70284.2 phase_at_f0_deg=-121.381 f180_hz=1.54924E+06 gain_at_f180_db=-30.1692 f0_rising_hz= resurgence_db=-0.564618
Doing analysis at TEMP = 27.000000 and TNOM = 27.000000

Using SPARSE 1.3 as Direct Linear Solver
 Reference value :  0.00000e+00
No. of Data Rows : 1
Doing analysis at TEMP = 27.000000 and TNOM = 27.000000

Using SPARSE 1.3 as Direct Linear Solver
 Reference value :  3.98107e+07
No. of Data Rows : 4401
Doing analysis at TEMP = 27.000000 and TNOM = 27.000000

Using SPARSE 1.3 as Direct Linear Solver
 Reference value :  1.80926e+06
No. of Data Rows : 4401
dcg                 =  1.36284e+02
f0                  =  7.11967e+04
phx                 =  -1.15251e+02
f180                =  1.76964e+06
gmx                 =  -2.67083e+01
 meas ac f0r when tdb=0 rise=1 failed!

tres                =  -5.33175e-01 at=  7.49894e+04
ROW ssr_cmd=free ssr_v=2.18417 fb_v=1.19959 vout_v=1.79938 isup_a=0.0500121 ceff_f=4.7e-06 esr_ohm=0.1 dcgain_db=136.284 f0_hz=71196.7 phase_at_f0_deg=-115.251 f180_hz=1.76964E+06 gain_at_f180_db=-26.7083 f0_rising_hz= resurgence_db=-0.533175
Doing analysis at TEMP = 27.000000 and TNOM = 27.000000

Using SPARSE 1.3 as Direct Linear Solver

No. of Data Rows : 1
Doing analysis at TEMP = 27.000000 and TNOM = 27.000000

Using SPARSE 1.3 as Direct Linear Solver
 Reference value :  1.00000e-02
No. of Data Rows : 4401
Doing analysis at TEMP = 27.000000 and TNOM = 27.000000

Using SPARSE 1.3 as Direct Linear Solver
 Reference value :  1.00000e-02
No. of Data Rows : 4401
dcg                 =  1.36284e+02
f0                  =  7.52515e+04
phx                 =  -1.02413e+02
f180                =  1.87669e+06
gmx                 =  -2.17377e+01
 meas ac f0r when tdb=0 rise=1 failed!

tres                =  -4.87422e-01 at=  7.94328e+04
ROW ssr_cmd=free ssr_v=2.18417 fb_v=1.19959 vout_v=1.79938 isup_a=0.0500121 ceff_f=4.7e-06 esr_ohm=0.2 dcgain_db=136.284 f0_hz=75251.6 phase_at_f0_deg=-102.413 f180_hz=1.87669E+06 gain_at_f180_db=-21.7377 f0_rising_hz= resurgence_db=-0.487422
Doing analysis at TEMP = 27.000000 and TNOM = 27.000000

Using SPARSE 1.3 as Direct Linear Solver
 Reference value :  0.00000e+00
No. of Data Rows : 1
Doing analysis at TEMP = 27.000000 and TNOM = 27.000000

Using SPARSE 1.3 as Direct Linear Solver
 Reference value :  5.15822e+06
No. of Data Rows : 4401
Doing analysis at TEMP = 27.000000 and TNOM = 27.000000

Using SPARSE 1.3 as Direct Linear Solver
 Reference value :  3.52777e+04
No. of Data Rows : 4401
dcg                 =  1.36284e+02
f0                  =  1.54391e+05
phx                 =  -5.73056e+01
f180                =  1.93599e+06
gmx                 =  -1.43455e+01
 meas ac f0r when tdb=0 rise=1 failed!

tres                =  -1.05979e-01 at=  1.62181e+05
ROW ssr_cmd=free ssr_v=2.18417 fb_v=1.19959 vout_v=1.79938 isup_a=0.0500121 ceff_f=4.7e-06 esr_ohm=0.5 dcgain_db=136.284 f0_hz=154391 phase_at_f0_deg=-57.3056 f180_hz=1.93599E+06 gain_at_f180_db=-14.3455 f0_rising_hz= resurgence_db=-0.105979
* SWEEP COMPLETE tt_27c_2.97v
Note: Simulation executed from .control section 
Note: Starting dynamic gmin stepping
Note: Dynamic gmin stepping completed
Note: Starting dynamic gmin stepping
Note: Dynamic gmin stepping completed
Note: Starting dynamic gmin stepping
Note: Dynamic gmin stepping completed

Error: measure  f0r  when(WHEN) : out of interval
Error: &f0r: no such variable.
Note: Starting dynamic gmin stepping
Note: Dynamic gmin stepping completed
Note: Starting dynamic gmin stepping
Note: Dynamic gmin stepping completed
Note: Starting dynamic gmin stepping
Note: Dynamic gmin stepping completed

Error: measure  f0r  when(WHEN) : out of interval
Error: &f0r: no such variable.
Note: Starting dynamic gmin stepping
Note: Dynamic gmin stepping completed
Note: Starting dynamic gmin stepping
Note: Dynamic gmin stepping completed
Note: Starting dynamic gmin stepping
Note: Dynamic gmin stepping completed

Error: measure  f0r  when(WHEN) : out of interval
Error: &f0r: no such variable.
Note: Starting dynamic gmin stepping
Note: Dynamic gmin stepping completed
Note: Starting dynamic gmin stepping
Note: Dynamic gmin stepping completed
Note: Starting dynamic gmin stepping
Note: Dynamic gmin stepping completed

Error: measure  f0r  when(WHEN) : out of interval
Error: &f0r: no such variable.
Note: Starting dynamic gmin stepping
Note: Dynamic gmin stepping completed
Note: Starting dynamic gmin stepping
Note: Dynamic gmin stepping completed
Note: Starting dynamic gmin stepping
Note: Dynamic gmin stepping completed

Error: measure  f0r  when(WHEN) : out of interval
Error: &f0r: no such variable.
Note: Starting dynamic gmin stepping
Note: Dynamic gmin stepping completed
Note: Starting dynamic gmin stepping
Note: Dynamic gmin stepping completed
Note: Starting dynamic gmin stepping
Note: Dynamic gmin stepping completed

Error: measure  f0r  when(WHEN) : out of interval
Error: &f0r: no such variable.
Note: Starting dynamic gmin stepping
Note: Dynamic gmin stepping completed
Note: Starting dynamic gmin stepping
Note: Dynamic gmin stepping completed
Note: Starting dynamic gmin stepping
Note: Dynamic gmin stepping completed

Error: measure  f0r  when(WHEN) : out of interval
Error: &f0r: no such variable.
Note: Starting dynamic gmin stepping
Note: Dynamic gmin stepping completed
Note: Starting dynamic gmin stepping
Note: Dynamic gmin stepping completed
Note: Starting dynamic gmin stepping
Note: Dynamic gmin stepping completed

Error: measure  f0r  when(WHEN) : out of interval
Error: &f0r: no such variable.
Note: Starting dynamic gmin stepping
Note: Dynamic gmin stepping completed
Note: Starting dynamic gmin stepping
Note: Dynamic gmin stepping completed
Note: Starting dynamic gmin stepping
Note: Dynamic gmin stepping completed

Error: measure  f0r  when(WHEN) : out of interval
Error: &f0r: no such variable.
Note: Starting dynamic gmin stepping
Note: Dynamic gmin stepping completed
Note: Starting dynamic gmin stepping
Note: Dynamic gmin stepping completed
Note: Starting dynamic gmin stepping
Note: Dynamic gmin stepping completed

Error: measure  f0r  when(WHEN) : out of interval
Error: &f0r: no such variable.
