
Note: No compatibility mode selected!


Circuit: * soft-start-loop-gain -- the dc hand-over transfer of the fb-injection

* corner_id=tt_27c_3.30v corner=tt temp_c=27 vin_v=3.3
* variant=device analysis=dc-handover-transfer load=resistive-36ohm
* columns: HOV ssr_cmd= ssr_v= fb_v= vout_v= pg_v= erramp_v= isup_a= gmsum_v=
* (I_inj into FB is DERIVED from fb_v/vout_v by KCL in sweep.py, not
*  measured, so the identical expression reads both DUT variants;
*  fb_v away from VREF means the loop is not in regulation at that ramp
*  state and neither VOUT nor I_inj is a regulating-branch quantity)
* Fields are key=value for the same reason the margin deck's are: an
* empty positional field vanishes into the whitespace.
Doing analysis at TEMP = 27.000000 and TNOM = 27.000000

Using SPARSE 1.3 as Direct Linear Solver

No. of Data Rows : 1
HOV ssr_cmd=0 ssr_v=0 fb_v=1.23153 vout_v=0.000186939 pg_v=3.29993 erramp_v=3.29993 isup_a=4.0832E-05 gmsum_v=2.21861
Doing analysis at TEMP = 27.000000 and TNOM = 27.000000

Using SPARSE 1.3 as Direct Linear Solver

No. of Data Rows : 1
HOV ssr_cmd=0.025 ssr_v=0.025 fb_v=1.21221 vout_v=0.000184621 pg_v=3.29993 erramp_v=3.29993 isup_a=4.05273E-05 gmsum_v=2.22126
Doing analysis at TEMP = 27.000000 and TNOM = 27.000000

Using SPARSE 1.3 as Direct Linear Solver

No. of Data Rows : 1
HOV ssr_cmd=0.05 ssr_v=0.05 fb_v=1.19957 vout_v=0.0111997 pg_v=2.64063 erramp_v=2.64063 isup_a=0.000348416 gmsum_v=2.224
Doing analysis at TEMP = 27.000000 and TNOM = 27.000000

Using SPARSE 1.3 as Direct Linear Solver

No. of Data Rows : 1
HOV ssr_cmd=0.075 ssr_v=0.075 fb_v=1.19956 vout_v=0.0419829 pg_v=2.56794 erramp_v=2.56794 isup_a=0.00120323 gmsum_v=2.22682
Doing analysis at TEMP = 27.000000 and TNOM = 27.000000

Using SPARSE 1.3 as Direct Linear Solver

No. of Data Rows : 1
HOV ssr_cmd=0.1 ssr_v=0.1 fb_v=1.19956 vout_v=0.0730741 pg_v=2.53148 erramp_v=2.53148 isup_a=0.0020666 gmsum_v=2.22969
Doing analysis at TEMP = 27.000000 and TNOM = 27.000000

Using SPARSE 1.3 as Direct Linear Solver
 Reference value :  0.00000e+00
No. of Data Rows : 1
HOV ssr_cmd=0.125 ssr_v=0.125 fb_v=1.19956 vout_v=0.104337 pg_v=2.50482 erramp_v=2.50482 isup_a=0.00293474 gmsum_v=2.2326
Doing analysis at TEMP = 27.000000 and TNOM = 27.000000

Using SPARSE 1.3 as Direct Linear Solver

No. of Data Rows : 1
HOV ssr_cmd=0.15 ssr_v=0.15 fb_v=1.19956 vout_v=0.13569 pg_v=2.48294 erramp_v=2.48294 isup_a=0.00380539 gmsum_v=2.23555
Doing analysis at TEMP = 27.000000 and TNOM = 27.000000

Using SPARSE 1.3 as Direct Linear Solver

No. of Data Rows : 1
HOV ssr_cmd=0.175 ssr_v=0.175 fb_v=1.19956 vout_v=0.167085 pg_v=2.46397 erramp_v=2.46397 isup_a=0.00467719 gmsum_v=2.23853
Doing analysis at TEMP = 27.000000 and TNOM = 27.000000

Using SPARSE 1.3 as Direct Linear Solver

No. of Data Rows : 1
HOV ssr_cmd=0.2 ssr_v=0.2 fb_v=1.19956 vout_v=0.198492 pg_v=2.44696 erramp_v=2.44696 isup_a=0.00554931 gmsum_v=2.24154
Doing analysis at TEMP = 27.000000 and TNOM = 27.000000

Using SPARSE 1.3 as Direct Linear Solver

No. of Data Rows : 1
HOV ssr_cmd=0.225 ssr_v=0.225 fb_v=1.19956 vout_v=0.22989 pg_v=2.43137 erramp_v=2.43137 isup_a=0.00642122 gmsum_v=2.24458
Doing analysis at TEMP = 27.000000 and TNOM = 27.000000

Using SPARSE 1.3 as Direct Linear Solver
 Reference value :  0.00000e+00
No. of Data Rows : 1
HOV ssr_cmd=0.25 ssr_v=0.25 fb_v=1.19956 vout_v=0.261268 pg_v=2.41688 erramp_v=2.41688 isup_a=0.00729254 gmsum_v=2.24764
Doing analysis at TEMP = 27.000000 and TNOM = 27.000000

Using SPARSE 1.3 as Direct Linear Solver

No. of Data Rows : 1
HOV ssr_cmd=0.275 ssr_v=0.275 fb_v=1.19956 vout_v=0.292616 pg_v=2.40326 erramp_v=2.40326 isup_a=0.00816304 gmsum_v=2.25074
Doing analysis at TEMP = 27.000000 and TNOM = 27.000000

Using SPARSE 1.3 as Direct Linear Solver

No. of Data Rows : 1
HOV ssr_cmd=0.3 ssr_v=0.3 fb_v=1.19956 vout_v=0.323927 pg_v=2.39034 erramp_v=2.39034 isup_a=0.00903252 gmsum_v=2.25386
Doing analysis at TEMP = 27.000000 and TNOM = 27.000000

Using SPARSE 1.3 as Direct Linear Solver

No. of Data Rows : 1
HOV ssr_cmd=0.325 ssr_v=0.325 fb_v=1.19956 vout_v=0.355196 pg_v=2.37802 erramp_v=2.37802 isup_a=0.00990082 gmsum_v=2.25702
Doing analysis at TEMP = 27.000000 and TNOM = 27.000000

Using SPARSE 1.3 as Direct Linear Solver
 Reference value :  0.00000e+00
No. of Data Rows : 1
HOV ssr_cmd=0.35 ssr_v=0.35 fb_v=1.19956 vout_v=0.386418 pg_v=2.3662 erramp_v=2.3662 isup_a=0.0107678 gmsum_v=2.2602
Doing analysis at TEMP = 27.000000 and TNOM = 27.000000

Using SPARSE 1.3 as Direct Linear Solver

No. of Data Rows : 1
HOV ssr_cmd=0.375 ssr_v=0.375 fb_v=1.19956 vout_v=0.417591 pg_v=2.35482 erramp_v=2.35482 isup_a=0.0116335 gmsum_v=2.26342
Doing analysis at TEMP = 27.000000 and TNOM = 27.000000

Using SPARSE 1.3 as Direct Linear Solver

No. of Data Rows : 1
HOV ssr_cmd=0.4 ssr_v=0.4 fb_v=1.19956 vout_v=0.44871 pg_v=2.34382 erramp_v=2.34382 isup_a=0.0124976 gmsum_v=2.26666
Doing analysis at TEMP = 27.000000 and TNOM = 27.000000

Using SPARSE 1.3 as Direct Linear Solver

No. of Data Rows : 1
HOV ssr_cmd=0.425 ssr_v=0.425 fb_v=1.19956 vout_v=0.479773 pg_v=2.33315 erramp_v=2.33315 isup_a=0.0133602 gmsum_v=2.26994
Doing analysis at TEMP = 27.000000 and TNOM = 27.000000

Using SPARSE 1.3 as Direct Linear Solver
 Reference value :  0.00000e+00
No. of Data Rows : 1
HOV ssr_cmd=0.45 ssr_v=0.45 fb_v=1.19956 vout_v=0.510776 pg_v=2.32279 erramp_v=2.32279 isup_a=0.0142211 gmsum_v=2.27326
Doing analysis at TEMP = 27.000000 and TNOM = 27.000000

Using SPARSE 1.3 as Direct Linear Solver

No. of Data Rows : 1
HOV ssr_cmd=0.475 ssr_v=0.475 fb_v=1.19956 vout_v=0.541718 pg_v=2.3127 erramp_v=2.3127 isup_a=0.0150803 gmsum_v=2.2766
Doing analysis at TEMP = 27.000000 and TNOM = 27.000000

Using SPARSE 1.3 as Direct Linear Solver

No. of Data Rows : 1
HOV ssr_cmd=0.5 ssr_v=0.5 fb_v=1.19956 vout_v=0.572595 pg_v=2.30286 erramp_v=2.30286 isup_a=0.0159377 gmsum_v=2.27999
Doing analysis at TEMP = 27.000000 and TNOM = 27.000000

Using SPARSE 1.3 as Direct Linear Solver

No. of Data Rows : 1
HOV ssr_cmd=0.525 ssr_v=0.525 fb_v=1.19956 vout_v=0.603404 pg_v=2.29324 erramp_v=2.29324 isup_a=0.0167933 gmsum_v=2.28341
Doing analysis at TEMP = 27.000000 and TNOM = 27.000000

Using SPARSE 1.3 as Direct Linear Solver
 Reference value :  0.00000e+00
No. of Data Rows : 1
HOV ssr_cmd=0.55 ssr_v=0.55 fb_v=1.19956 vout_v=0.634143 pg_v=2.28383 erramp_v=2.28383 isup_a=0.0176469 gmsum_v=2.28687
Doing analysis at TEMP = 27.000000 and TNOM = 27.000000

Using SPARSE 1.3 as Direct Linear Solver

No. of Data Rows : 1
HOV ssr_cmd=0.575 ssr_v=0.575 fb_v=1.19956 vout_v=0.664809 pg_v=2.27461 erramp_v=2.27461 isup_a=0.0184984 gmsum_v=2.29037
Doing analysis at TEMP = 27.000000 and TNOM = 27.000000

Using SPARSE 1.3 as Direct Linear Solver

No. of Data Rows : 1
HOV ssr_cmd=0.6 ssr_v=0.6 fb_v=1.19956 vout_v=0.6954 pg_v=2.26557 erramp_v=2.26557 isup_a=0.0193479 gmsum_v=2.29391
Doing analysis at TEMP = 27.000000 and TNOM = 27.000000

Using SPARSE 1.3 as Direct Linear Solver

No. of Data Rows : 1
HOV ssr_cmd=0.625 ssr_v=0.625 fb_v=1.19956 vout_v=0.725912 pg_v=2.2567 erramp_v=2.2567 isup_a=0.0201952 gmsum_v=2.29749
Doing analysis at TEMP = 27.000000 and TNOM = 27.000000

Using SPARSE 1.3 as Direct Linear Solver
 Reference value :  0.00000e+00
No. of Data Rows : 1
HOV ssr_cmd=0.65 ssr_v=0.65 fb_v=1.19956 vout_v=0.756342 pg_v=2.24798 erramp_v=2.24798 isup_a=0.0210402 gmsum_v=2.30112
Doing analysis at TEMP = 27.000000 and TNOM = 27.000000

Using SPARSE 1.3 as Direct Linear Solver

No. of Data Rows : 1
HOV ssr_cmd=0.675 ssr_v=0.675 fb_v=1.19956 vout_v=0.786687 pg_v=2.2394 erramp_v=2.2394 isup_a=0.0218828 gmsum_v=2.30479
Doing analysis at TEMP = 27.000000 and TNOM = 27.000000

Using SPARSE 1.3 as Direct Linear Solver

No. of Data Rows : 1
HOV ssr_cmd=0.7 ssr_v=0.7 fb_v=1.19956 vout_v=0.816943 pg_v=2.23097 erramp_v=2.23097 isup_a=0.022723 gmsum_v=2.30852
Doing analysis at TEMP = 27.000000 and TNOM = 27.000000

Using SPARSE 1.3 as Direct Linear Solver
 Reference value :  0.00000e+00
No. of Data Rows : 1
HOV ssr_cmd=0.725 ssr_v=0.725 fb_v=1.19956 vout_v=0.847108 pg_v=2.22266 erramp_v=2.22266 isup_a=0.0235606 gmsum_v=2.31229
Doing analysis at TEMP = 27.000000 and TNOM = 27.000000

Using SPARSE 1.3 as Direct Linear Solver

No. of Data Rows : 1
HOV ssr_cmd=0.75 ssr_v=0.75 fb_v=1.19956 vout_v=0.877176 pg_v=2.21448 erramp_v=2.21448 isup_a=0.0243956 gmsum_v=2.31612
Doing analysis at TEMP = 27.000000 and TNOM = 27.000000

Using SPARSE 1.3 as Direct Linear Solver

No. of Data Rows : 1
HOV ssr_cmd=0.775 ssr_v=0.775 fb_v=1.19956 vout_v=0.907145 pg_v=2.20641 erramp_v=2.20641 isup_a=0.0252278 gmsum_v=2.32
Doing analysis at TEMP = 27.000000 and TNOM = 27.000000

Using SPARSE 1.3 as Direct Linear Solver
 Reference value :  0.00000e+00
No. of Data Rows : 1
HOV ssr_cmd=0.8 ssr_v=0.8 fb_v=1.19956 vout_v=0.93701 pg_v=2.19846 erramp_v=2.19846 isup_a=0.0260571 gmsum_v=2.32395
Doing analysis at TEMP = 27.000000 and TNOM = 27.000000

Using SPARSE 1.3 as Direct Linear Solver

No. of Data Rows : 1
HOV ssr_cmd=0.825 ssr_v=0.825 fb_v=1.19956 vout_v=0.966765 pg_v=2.19061 erramp_v=2.19061 isup_a=0.0268834 gmsum_v=2.32795
Doing analysis at TEMP = 27.000000 and TNOM = 27.000000

Using SPARSE 1.3 as Direct Linear Solver

No. of Data Rows : 1
HOV ssr_cmd=0.85 ssr_v=0.85 fb_v=1.19956 vout_v=0.996407 pg_v=2.18287 erramp_v=2.18287 isup_a=0.0277065 gmsum_v=2.33202
Doing analysis at TEMP = 27.000000 and TNOM = 27.000000

Using SPARSE 1.3 as Direct Linear Solver

No. of Data Rows : 1
HOV ssr_cmd=0.875 ssr_v=0.875 fb_v=1.19956 vout_v=1.02593 pg_v=2.17523 erramp_v=2.17523 isup_a=0.0285263 gmsum_v=2.33616
Doing analysis at TEMP = 27.000000 and TNOM = 27.000000

Using SPARSE 1.3 as Direct Linear Solver
 Reference value :  0.00000e+00
No. of Data Rows : 1
HOV ssr_cmd=0.9 ssr_v=0.9 fb_v=1.19956 vout_v=1.05533 pg_v=2.16768 erramp_v=2.16768 isup_a=0.0293426 gmsum_v=2.34036
Doing analysis at TEMP = 27.000000 and TNOM = 27.000000

Using SPARSE 1.3 as Direct Linear Solver

No. of Data Rows : 1
HOV ssr_cmd=0.925 ssr_v=0.925 fb_v=1.19956 vout_v=1.08459 pg_v=2.16023 erramp_v=2.16023 isup_a=0.0301552 gmsum_v=2.34465
Doing analysis at TEMP = 27.000000 and TNOM = 27.000000

Using SPARSE 1.3 as Direct Linear Solver

No. of Data Rows : 1
HOV ssr_cmd=0.95 ssr_v=0.95 fb_v=1.19956 vout_v=1.11372 pg_v=2.15287 erramp_v=2.15287 isup_a=0.0309641 gmsum_v=2.34901
Doing analysis at TEMP = 27.000000 and TNOM = 27.000000

Using SPARSE 1.3 as Direct Linear Solver

No. of Data Rows : 1
HOV ssr_cmd=0.975 ssr_v=0.975 fb_v=1.19956 vout_v=1.1427 pg_v=2.1456 erramp_v=2.1456 isup_a=0.0317688 gmsum_v=2.35347
Doing analysis at TEMP = 27.000000 and TNOM = 27.000000

Using SPARSE 1.3 as Direct Linear Solver
 Reference value :  0.00000e+00
No. of Data Rows : 1
HOV ssr_cmd=1 ssr_v=1 fb_v=1.19956 vout_v=1.17152 pg_v=2.13842 erramp_v=2.13842 isup_a=0.0325693 gmsum_v=2.35801
Doing analysis at TEMP = 27.000000 and TNOM = 27.000000

Using SPARSE 1.3 as Direct Linear Solver

No. of Data Rows : 1
HOV ssr_cmd=1.025 ssr_v=1.025 fb_v=1.19956 vout_v=1.20019 pg_v=2.13132 erramp_v=2.13132 isup_a=0.0333652 gmsum_v=2.36265
Doing analysis at TEMP = 27.000000 and TNOM = 27.000000

Using SPARSE 1.3 as Direct Linear Solver

No. of Data Rows : 1
HOV ssr_cmd=1.05 ssr_v=1.05 fb_v=1.19956 vout_v=1.22868 pg_v=2.12432 erramp_v=2.12432 isup_a=0.0341563 gmsum_v=2.36739
Doing analysis at TEMP = 27.000000 and TNOM = 27.000000

Using SPARSE 1.3 as Direct Linear Solver
 Reference value :  0.00000e+00
No. of Data Rows : 1
HOV ssr_cmd=1.075 ssr_v=1.075 fb_v=1.19956 vout_v=1.25698 pg_v=2.11739 erramp_v=2.11739 isup_a=0.0349422 gmsum_v=2.37225
Doing analysis at TEMP = 27.000000 and TNOM = 27.000000

Using SPARSE 1.3 as Direct Linear Solver

No. of Data Rows : 1
HOV ssr_cmd=1.1 ssr_v=1.1 fb_v=1.19956 vout_v=1.28509 pg_v=2.11056 erramp_v=2.11056 isup_a=0.0357227 gmsum_v=2.37723
Doing analysis at TEMP = 27.000000 and TNOM = 27.000000

Using SPARSE 1.3 as Direct Linear Solver

No. of Data Rows : 1
HOV ssr_cmd=1.125 ssr_v=1.125 fb_v=1.19956 vout_v=1.31298 pg_v=2.10381 erramp_v=2.10381 isup_a=0.0364972 gmsum_v=2.38234
Doing analysis at TEMP = 27.000000 and TNOM = 27.000000

Using SPARSE 1.3 as Direct Linear Solver

No. of Data Rows : 1
HOV ssr_cmd=1.15 ssr_v=1.15 fb_v=1.19956 vout_v=1.34065 pg_v=2.09714 erramp_v=2.09714 isup_a=0.0372655 gmsum_v=2.38758
Doing analysis at TEMP = 27.000000 and TNOM = 27.000000

Using SPARSE 1.3 as Direct Linear Solver
 Reference value :  0.00000e+00
No. of Data Rows : 1
HOV ssr_cmd=1.175 ssr_v=1.175 fb_v=1.19956 vout_v=1.36807 pg_v=2.09057 erramp_v=2.09057 isup_a=0.038027 gmsum_v=2.39298
Doing analysis at TEMP = 27.000000 and TNOM = 27.000000

Using SPARSE 1.3 as Direct Linear Solver

No. of Data Rows : 1
HOV ssr_cmd=1.2 ssr_v=1.2 fb_v=1.19956 vout_v=1.39523 pg_v=2.08409 erramp_v=2.08409 isup_a=0.0387811 gmsum_v=2.39855
Doing analysis at TEMP = 27.000000 and TNOM = 27.000000

Using SPARSE 1.3 as Direct Linear Solver

No. of Data Rows : 1
HOV ssr_cmd=1.225 ssr_v=1.225 fb_v=1.19956 vout_v=1.4221 pg_v=2.0777 erramp_v=2.0777 isup_a=0.0395272 gmsum_v=2.4043
Doing analysis at TEMP = 27.000000 and TNOM = 27.000000

Using SPARSE 1.3 as Direct Linear Solver

No. of Data Rows : 1
HOV ssr_cmd=1.25 ssr_v=1.25 fb_v=1.19956 vout_v=1.44865 pg_v=2.07141 erramp_v=2.07141 isup_a=0.0402645 gmsum_v=2.41025
Doing analysis at TEMP = 27.000000 and TNOM = 27.000000

Using SPARSE 1.3 as Direct Linear Solver
 Reference value :  0.00000e+00
No. of Data Rows : 1
HOV ssr_cmd=1.275 ssr_v=1.275 fb_v=1.19956 vout_v=1.47486 pg_v=2.06522 erramp_v=2.06522 isup_a=0.0409923 gmsum_v=2.41642
Doing analysis at TEMP = 27.000000 and TNOM = 27.000000

Using SPARSE 1.3 as Direct Linear Solver

No. of Data Rows : 1
HOV ssr_cmd=1.3 ssr_v=1.3 fb_v=1.19956 vout_v=1.50069 pg_v=2.05914 erramp_v=2.05914 isup_a=0.0417095 gmsum_v=2.42284
Doing analysis at TEMP = 27.000000 and TNOM = 27.000000

Using SPARSE 1.3 as Direct Linear Solver

No. of Data Rows : 1
HOV ssr_cmd=1.325 ssr_v=1.325 fb_v=1.19956 vout_v=1.5261 pg_v=2.05318 erramp_v=2.05318 isup_a=0.042415 gmsum_v=2.42953
Doing analysis at TEMP = 27.000000 and TNOM = 27.000000

Using SPARSE 1.3 as Direct Linear Solver

No. of Data Rows : 1
HOV ssr_cmd=1.35 ssr_v=1.35 fb_v=1.19956 vout_v=1.55103 pg_v=2.04735 erramp_v=2.04735 isup_a=0.0431075 gmsum_v=2.43653
Doing analysis at TEMP = 27.000000 and TNOM = 27.000000

Using SPARSE 1.3 as Direct Linear Solver
 Reference value :  0.00000e+00
No. of Data Rows : 1
HOV ssr_cmd=1.375 ssr_v=1.375 fb_v=1.19956 vout_v=1.57544 pg_v=2.04165 erramp_v=2.04165 isup_a=0.0437853 gmsum_v=2.44388
Doing analysis at TEMP = 27.000000 and TNOM = 27.000000

Using SPARSE 1.3 as Direct Linear Solver

No. of Data Rows : 1
HOV ssr_cmd=1.4 ssr_v=1.4 fb_v=1.19956 vout_v=1.59926 pg_v=2.0361 erramp_v=2.0361 isup_a=0.0444465 gmsum_v=2.45163
Doing analysis at TEMP = 27.000000 and TNOM = 27.000000

Using SPARSE 1.3 as Direct Linear Solver

No. of Data Rows : 1
HOV ssr_cmd=1.425 ssr_v=1.425 fb_v=1.19956 vout_v=1.62239 pg_v=2.03072 erramp_v=2.03072 isup_a=0.0450889 gmsum_v=2.45982
Doing analysis at TEMP = 27.000000 and TNOM = 27.000000

Using SPARSE 1.3 as Direct Linear Solver

No. of Data Rows : 1
HOV ssr_cmd=1.45 ssr_v=1.45 fb_v=1.19956 vout_v=1.64475 pg_v=2.02553 erramp_v=2.02553 isup_a=0.0457096 gmsum_v=2.46854
Doing analysis at TEMP = 27.000000 and TNOM = 27.000000

Using SPARSE 1.3 as Direct Linear Solver
 Reference value :  0.00000e+00
No. of Data Rows : 1
HOV ssr_cmd=1.475 ssr_v=1.475 fb_v=1.19956 vout_v=1.66621 pg_v=2.02056 erramp_v=2.02056 isup_a=0.0463055 gmsum_v=2.47786
Doing analysis at TEMP = 27.000000 and TNOM = 27.000000

Using SPARSE 1.3 as Direct Linear Solver

No. of Data Rows : 1
HOV ssr_cmd=1.5 ssr_v=1.5 fb_v=1.19956 vout_v=1.68662 pg_v=2.01584 erramp_v=2.01584 isup_a=0.0468723 gmsum_v=2.48788
Doing analysis at TEMP = 27.000000 and TNOM = 27.000000

Using SPARSE 1.3 as Direct Linear Solver

No. of Data Rows : 1
HOV ssr_cmd=1.525 ssr_v=1.525 fb_v=1.19956 vout_v=1.70582 pg_v=2.0114 erramp_v=2.0114 isup_a=0.0474054 gmsum_v=2.49872
Doing analysis at TEMP = 27.000000 and TNOM = 27.000000

Using SPARSE 1.3 as Direct Linear Solver
 Reference value :  0.00000e+00
No. of Data Rows : 1
HOV ssr_cmd=1.55 ssr_v=1.55 fb_v=1.19956 vout_v=1.7236 pg_v=2.00729 erramp_v=2.00729 isup_a=0.0478991 gmsum_v=2.51051
Doing analysis at TEMP = 27.000000 and TNOM = 27.000000

Using SPARSE 1.3 as Direct Linear Solver

No. of Data Rows : 1
HOV ssr_cmd=1.575 ssr_v=1.575 fb_v=1.19956 vout_v=1.73973 pg_v=2.00356 erramp_v=2.00356 isup_a=0.0483469 gmsum_v=2.52342
Doing analysis at TEMP = 27.000000 and TNOM = 27.000000

Using SPARSE 1.3 as Direct Linear Solver

No. of Data Rows : 1
HOV ssr_cmd=1.6 ssr_v=1.6 fb_v=1.19956 vout_v=1.75397 pg_v=2.00028 erramp_v=2.00028 isup_a=0.0487422 gmsum_v=2.53759
Doing analysis at TEMP = 27.000000 and TNOM = 27.000000

Using SPARSE 1.3 as Direct Linear Solver
 Reference value :  0.00000e+00
No. of Data Rows : 1
HOV ssr_cmd=1.625 ssr_v=1.625 fb_v=1.19956 vout_v=1.7661 pg_v=1.99748 erramp_v=1.99748 isup_a=0.0490789 gmsum_v=2.55317
Doing analysis at TEMP = 27.000000 and TNOM = 27.000000

Using SPARSE 1.3 as Direct Linear Solver

No. of Data Rows : 1
HOV ssr_cmd=1.65 ssr_v=1.65 fb_v=1.19956 vout_v=1.77597 pg_v=1.9952 erramp_v=1.9952 isup_a=0.0493529 gmsum_v=2.57022
Doing analysis at TEMP = 27.000000 and TNOM = 27.000000

Using SPARSE 1.3 as Direct Linear Solver

No. of Data Rows : 1
HOV ssr_cmd=1.675 ssr_v=1.675 fb_v=1.19956 vout_v=1.7836 pg_v=1.99345 erramp_v=1.99345 isup_a=0.0495644 gmsum_v=2.58874
Doing analysis at TEMP = 27.000000 and TNOM = 27.000000

Using SPARSE 1.3 as Direct Linear Solver
 Reference value :  0.00000e+00
No. of Data Rows : 1
HOV ssr_cmd=1.7 ssr_v=1.7 fb_v=1.19956 vout_v=1.78915 pg_v=1.99217 erramp_v=1.99217 isup_a=0.0497185 gmsum_v=2.60856
Doing analysis at TEMP = 27.000000 and TNOM = 27.000000

Using SPARSE 1.3 as Direct Linear Solver

No. of Data Rows : 1
HOV ssr_cmd=1.725 ssr_v=1.725 fb_v=1.19956 vout_v=1.79298 pg_v=1.99128 erramp_v=1.99128 isup_a=0.0498246 gmsum_v=2.62943
Doing analysis at TEMP = 27.000000 and TNOM = 27.000000

Using SPARSE 1.3 as Direct Linear Solver

No. of Data Rows : 1
HOV ssr_cmd=1.75 ssr_v=1.75 fb_v=1.19956 vout_v=1.79548 pg_v=1.9907 erramp_v=1.9907 isup_a=0.049894 gmsum_v=2.65106
Doing analysis at TEMP = 27.000000 and TNOM = 27.000000

Using SPARSE 1.3 as Direct Linear Solver
 Reference value :  0.00000e+00
No. of Data Rows : 1
HOV ssr_cmd=1.775 ssr_v=1.775 fb_v=1.19956 vout_v=1.79706 pg_v=1.99034 erramp_v=1.99034 isup_a=0.0499376 gmsum_v=2.67317
Doing analysis at TEMP = 27.000000 and TNOM = 27.000000

Using SPARSE 1.3 as Direct Linear Solver

No. of Data Rows : 1
HOV ssr_cmd=1.8 ssr_v=1.8 fb_v=1.19956 vout_v=1.79802 pg_v=1.99012 erramp_v=1.99012 isup_a=0.049964 gmsum_v=2.69555
Doing analysis at TEMP = 27.000000 and TNOM = 27.000000

Using SPARSE 1.3 as Direct Linear Solver

No. of Data Rows : 1
HOV ssr_cmd=1.825 ssr_v=1.825 fb_v=1.19956 vout_v=1.79859 pg_v=1.98999 erramp_v=1.98999 isup_a=0.0499795 gmsum_v=2.71805
Doing analysis at TEMP = 27.000000 and TNOM = 27.000000

Using SPARSE 1.3 as Direct Linear Solver

No. of Data Rows : 1
HOV ssr_cmd=1.85 ssr_v=1.85 fb_v=1.19956 vout_v=1.79892 pg_v=1.98991 erramp_v=1.98991 isup_a=0.0499884 gmsum_v=2.74058
Doing analysis at TEMP = 27.000000 and TNOM = 27.000000

Using SPARSE 1.3 as Direct Linear Solver
 Reference value :  0.00000e+00
No. of Data Rows : 1
HOV ssr_cmd=1.875 ssr_v=1.875 fb_v=1.19956 vout_v=1.7991 pg_v=1.98987 erramp_v=1.98987 isup_a=0.0499935 gmsum_v=2.76307
Doing analysis at TEMP = 27.000000 and TNOM = 27.000000

Using SPARSE 1.3 as Direct Linear Solver

No. of Data Rows : 1
HOV ssr_cmd=1.9 ssr_v=1.9 fb_v=1.19956 vout_v=1.79921 pg_v=1.98985 erramp_v=1.98985 isup_a=0.0499962 gmsum_v=2.78548
Doing analysis at TEMP = 27.000000 and TNOM = 27.000000

Using SPARSE 1.3 as Direct Linear Solver

No. of Data Rows : 1
HOV ssr_cmd=1.925 ssr_v=1.925 fb_v=1.19956 vout_v=1.79927 pg_v=1.98983 erramp_v=1.98983 isup_a=0.0499976 gmsum_v=2.8078
Doing analysis at TEMP = 27.000000 and TNOM = 27.000000

Using SPARSE 1.3 as Direct Linear Solver

No. of Data Rows : 1
HOV ssr_cmd=1.95 ssr_v=1.95 fb_v=1.19956 vout_v=1.7993 pg_v=1.98983 erramp_v=1.98983 isup_a=0.0499983 gmsum_v=2.83001
Doing analysis at TEMP = 27.000000 and TNOM = 27.000000

Using SPARSE 1.3 as Direct Linear Solver
 Reference value :  0.00000e+00
No. of Data Rows : 1
HOV ssr_cmd=1.975 ssr_v=1.975 fb_v=1.19956 vout_v=1.79932 pg_v=1.98982 erramp_v=1.98982 isup_a=0.0499987 gmsum_v=2.8521
Doing analysis at TEMP = 27.000000 and TNOM = 27.000000

Using SPARSE 1.3 as Direct Linear Solver

No. of Data Rows : 1
HOV ssr_cmd=2 ssr_v=2 fb_v=1.19956 vout_v=1.79933 pg_v=1.98982 erramp_v=1.98982 isup_a=0.0499987 gmsum_v=2.87408
Doing analysis at TEMP = 27.000000 and TNOM = 27.000000

Using SPARSE 1.3 as Direct Linear Solver

No. of Data Rows : 1
HOV ssr_cmd=2.025 ssr_v=2.025 fb_v=1.19956 vout_v=1.79934 pg_v=1.98982 erramp_v=1.98982 isup_a=0.0499987 gmsum_v=2.89593
Doing analysis at TEMP = 27.000000 and TNOM = 27.000000

Using SPARSE 1.3 as Direct Linear Solver

No. of Data Rows : 1
HOV ssr_cmd=2.05 ssr_v=2.05 fb_v=1.19956 vout_v=1.79934 pg_v=1.98982 erramp_v=1.98982 isup_a=0.0499986 gmsum_v=2.91764
Doing analysis at TEMP = 27.000000 and TNOM = 27.000000

Using SPARSE 1.3 as Direct Linear Solver
 Reference value :  0.00000e+00
No. of Data Rows : 1
HOV ssr_cmd=2.075 ssr_v=2.075 fb_v=1.19956 vout_v=1.79934 pg_v=1.98982 erramp_v=1.98982 isup_a=0.0499984 gmsum_v=2.93922
Doing analysis at TEMP = 27.000000 and TNOM = 27.000000

Using SPARSE 1.3 as Direct Linear Solver

No. of Data Rows : 1
HOV ssr_cmd=2.1 ssr_v=2.1 fb_v=1.19956 vout_v=1.79934 pg_v=1.98982 erramp_v=1.98982 isup_a=0.0499983 gmsum_v=2.96065
Doing analysis at TEMP = 27.000000 and TNOM = 27.000000

Using SPARSE 1.3 as Direct Linear Solver

No. of Data Rows : 1
HOV ssr_cmd=2.125 ssr_v=2.125 fb_v=1.19956 vout_v=1.79934 pg_v=1.98982 erramp_v=1.98982 isup_a=0.0499981 gmsum_v=2.98193
Doing analysis at TEMP = 27.000000 and TNOM = 27.000000

Using SPARSE 1.3 as Direct Linear Solver

No. of Data Rows : 1
HOV ssr_cmd=2.15 ssr_v=2.15 fb_v=1.19956 vout_v=1.79934 pg_v=1.98982 erramp_v=1.98982 isup_a=0.0499979 gmsum_v=3.00304
Doing analysis at TEMP = 27.000000 and TNOM = 27.000000

Using SPARSE 1.3 as Direct Linear Solver
 Reference value :  0.00000e+00
No. of Data Rows : 1
HOV ssr_cmd=2.175 ssr_v=2.175 fb_v=1.19956 vout_v=1.79934 pg_v=1.98982 erramp_v=1.98982 isup_a=0.0499977 gmsum_v=3.02396
Doing analysis at TEMP = 27.000000 and TNOM = 27.000000

Using SPARSE 1.3 as Direct Linear Solver

No. of Data Rows : 1
HOV ssr_cmd=2.2 ssr_v=2.2 fb_v=1.19956 vout_v=1.79934 pg_v=1.98982 erramp_v=1.98982 isup_a=0.0499975 gmsum_v=3.04467
Doing analysis at TEMP = 27.000000 and TNOM = 27.000000

Using SPARSE 1.3 as Direct Linear Solver

No. of Data Rows : 1
HOV ssr_cmd=2.225 ssr_v=2.225 fb_v=1.19956 vout_v=1.79934 pg_v=1.98982 erramp_v=1.98982 isup_a=0.0499973 gmsum_v=3.06515
Doing analysis at TEMP = 27.000000 and TNOM = 27.000000

Using SPARSE 1.3 as Direct Linear Solver

No. of Data Rows : 1
HOV ssr_cmd=2.25 ssr_v=2.25 fb_v=1.19956 vout_v=1.79934 pg_v=1.98982 erramp_v=1.98982 isup_a=0.0499971 gmsum_v=3.08538
Doing analysis at TEMP = 27.000000 and TNOM = 27.000000

Using SPARSE 1.3 as Direct Linear Solver
 Reference value :  0.00000e+00
No. of Data Rows : 1
HOV ssr_cmd=2.275 ssr_v=2.275 fb_v=1.19956 vout_v=1.79934 pg_v=1.98982 erramp_v=1.98982 isup_a=0.0499969 gmsum_v=3.1053
Doing analysis at TEMP = 27.000000 and TNOM = 27.000000

Using SPARSE 1.3 as Direct Linear Solver

No. of Data Rows : 1
HOV ssr_cmd=2.3 ssr_v=2.3 fb_v=1.19956 vout_v=1.79934 pg_v=1.98982 erramp_v=1.98982 isup_a=0.0499968 gmsum_v=3.12488
Doing analysis at TEMP = 27.000000 and TNOM = 27.000000

Using SPARSE 1.3 as Direct Linear Solver

No. of Data Rows : 1
HOV ssr_cmd=2.325 ssr_v=2.325 fb_v=1.19956 vout_v=1.79934 pg_v=1.98982 erramp_v=1.98982 isup_a=0.0499966 gmsum_v=3.14406
Doing analysis at TEMP = 27.000000 and TNOM = 27.000000

Using SPARSE 1.3 as Direct Linear Solver

No. of Data Rows : 1
HOV ssr_cmd=2.35 ssr_v=2.35 fb_v=1.19956 vout_v=1.79934 pg_v=1.98982 erramp_v=1.98982 isup_a=0.0499964 gmsum_v=3.16275
Doing analysis at TEMP = 27.000000 and TNOM = 27.000000

Using SPARSE 1.3 as Direct Linear Solver
 Reference value :  0.00000e+00
No. of Data Rows : 1
HOV ssr_cmd=2.375 ssr_v=2.375 fb_v=1.19956 vout_v=1.79934 pg_v=1.98982 erramp_v=1.98982 isup_a=0.0499963 gmsum_v=3.18088
Doing analysis at TEMP = 27.000000 and TNOM = 27.000000

Using SPARSE 1.3 as Direct Linear Solver

No. of Data Rows : 1
HOV ssr_cmd=2.4 ssr_v=2.4 fb_v=1.19956 vout_v=1.79934 pg_v=1.98982 erramp_v=1.98982 isup_a=0.0499961 gmsum_v=3.19832
* SWEEP COMPLETE tt_27c_3.30v
Note: Simulation executed from .control section 
Note: Starting dynamic gmin stepping
Note: Dynamic gmin stepping completed
Note: Starting dynamic gmin stepping
Note: Dynamic gmin stepping completed
Note: Starting dynamic gmin stepping
Note: Dynamic gmin stepping completed
Note: Starting dynamic gmin stepping
Note: Dynamic gmin stepping completed
Note: Starting dynamic gmin stepping
Note: Dynamic gmin stepping completed
Note: Starting dynamic gmin stepping
Note: Dynamic gmin stepping completed
Note: Starting dynamic gmin stepping
Note: Dynamic gmin stepping completed
Note: Starting dynamic gmin stepping
Note: Dynamic gmin stepping completed
Note: Starting dynamic gmin stepping
Note: Dynamic gmin stepping completed
Note: Starting dynamic gmin stepping
Note: Dynamic gmin stepping completed
Note: Starting dynamic gmin stepping
Note: Dynamic gmin stepping completed
Note: Starting dynamic gmin stepping
Note: Dynamic gmin stepping completed
Note: Starting dynamic gmin stepping
Note: Dynamic gmin stepping completed
Note: Starting dynamic gmin stepping
Note: Dynamic gmin stepping completed
Note: Starting dynamic gmin stepping
Note: Dynamic gmin stepping completed
Note: Starting dynamic gmin stepping
Note: Dynamic gmin stepping completed
Note: Starting dynamic gmin stepping
Note: Dynamic gmin stepping completed
Note: Starting dynamic gmin stepping
Note: Dynamic gmin stepping completed
Note: Starting dynamic gmin stepping
Note: Dynamic gmin stepping completed
Note: Starting dynamic gmin stepping
Note: Dynamic gmin stepping completed
Note: Starting dynamic gmin stepping
Note: Dynamic gmin stepping completed
Note: Starting dynamic gmin stepping
Note: Dynamic gmin stepping completed
Note: Starting dynamic gmin stepping
Note: Dynamic gmin stepping completed
Note: Starting dynamic gmin stepping
Note: Dynamic gmin stepping completed
Note: Starting dynamic gmin stepping
Note: Dynamic gmin stepping completed
Note: Starting dynamic gmin stepping
Note: Dynamic gmin stepping completed
Note: Starting dynamic gmin stepping
Note: Dynamic gmin stepping completed
Note: Starting dynamic gmin stepping
Note: Dynamic gmin stepping completed
Note: Starting dynamic gmin stepping
Note: Dynamic gmin stepping completed
Note: Starting dynamic gmin stepping
Note: Dynamic gmin stepping completed
Note: Starting dynamic gmin stepping
Note: Dynamic gmin stepping completed
Note: Starting dynamic gmin stepping
Note: Dynamic gmin stepping completed
Note: Starting dynamic gmin stepping
Note: Dynamic gmin stepping completed
Note: Starting dynamic gmin stepping
Note: Dynamic gmin stepping completed
Note: Starting dynamic gmin stepping
Note: Dynamic gmin stepping completed
Note: Starting dynamic gmin stepping
Note: Dynamic gmin stepping completed
Note: Starting dynamic gmin stepping
Note: Dynamic gmin stepping completed
Note: Starting dynamic gmin stepping
Note: Dynamic gmin stepping completed
Note: Starting dynamic gmin stepping
Note: Dynamic gmin stepping completed
Note: Starting dynamic gmin stepping
Note: Dynamic gmin stepping completed
Note: Starting dynamic gmin stepping
Note: Dynamic gmin stepping completed
Note: Starting dynamic gmin stepping
Note: Dynamic gmin stepping completed
Note: Starting dynamic gmin stepping
Note: Dynamic gmin stepping completed
Note: Starting dynamic gmin stepping
Note: Dynamic gmin stepping completed
Note: Starting dynamic gmin stepping
Note: Dynamic gmin stepping completed
Note: Starting dynamic gmin stepping
Note: Dynamic gmin stepping completed
Note: Starting dynamic gmin stepping
Note: Dynamic gmin stepping completed
Note: Starting dynamic gmin stepping
Note: Dynamic gmin stepping completed
Note: Starting dynamic gmin stepping
Note: Dynamic gmin stepping completed
Note: Starting dynamic gmin stepping
Note: Dynamic gmin stepping completed
Note: Starting dynamic gmin stepping
Note: Dynamic gmin stepping completed
Note: Starting dynamic gmin stepping
Note: Dynamic gmin stepping completed
Note: Starting dynamic gmin stepping
Note: Dynamic gmin stepping completed
Note: Starting dynamic gmin stepping
Note: Dynamic gmin stepping completed
Note: Starting dynamic gmin stepping
Note: Dynamic gmin stepping completed
Note: Starting dynamic gmin stepping
Note: Dynamic gmin stepping completed
Note: Starting dynamic gmin stepping
Note: Dynamic gmin stepping completed
Note: Starting dynamic gmin stepping
Note: Dynamic gmin stepping completed
Note: Starting dynamic gmin stepping
Note: Dynamic gmin stepping completed
Note: Starting dynamic gmin stepping
Note: Dynamic gmin stepping completed
Note: Starting dynamic gmin stepping
Note: Dynamic gmin stepping completed
Note: Starting dynamic gmin stepping
Note: Dynamic gmin stepping completed
Note: Starting dynamic gmin stepping
Note: Dynamic gmin stepping completed
Note: Starting dynamic gmin stepping
Note: Dynamic gmin stepping completed
Note: Starting dynamic gmin stepping
Note: Dynamic gmin stepping completed
Note: Starting dynamic gmin stepping
Note: Dynamic gmin stepping completed
Note: Starting dynamic gmin stepping
Note: Dynamic gmin stepping completed
Note: Starting dynamic gmin stepping
Note: Dynamic gmin stepping completed
Note: Starting dynamic gmin stepping
Note: Dynamic gmin stepping completed
Note: Starting dynamic gmin stepping
Note: Dynamic gmin stepping completed
Note: Starting dynamic gmin stepping
Note: Dynamic gmin stepping completed
Note: Starting dynamic gmin stepping
Note: Dynamic gmin stepping completed
Note: Starting dynamic gmin stepping
Note: Dynamic gmin stepping completed
Note: Starting dynamic gmin stepping
Note: Dynamic gmin stepping completed
Note: Starting dynamic gmin stepping
Note: Dynamic gmin stepping completed
Note: Starting dynamic gmin stepping
Note: Dynamic gmin stepping completed
Note: Starting dynamic gmin stepping
Note: Dynamic gmin stepping completed
Note: Starting dynamic gmin stepping
Note: Dynamic gmin stepping completed
Note: Starting dynamic gmin stepping
Note: Dynamic gmin stepping completed
Note: Starting dynamic gmin stepping
Note: Dynamic gmin stepping completed
Note: Starting dynamic gmin stepping
Note: Dynamic gmin stepping completed
Note: Starting dynamic gmin stepping
Note: Dynamic gmin stepping completed
Note: Starting dynamic gmin stepping
Note: Dynamic gmin stepping completed
Note: Starting dynamic gmin stepping
Note: Dynamic gmin stepping completed
Note: Starting dynamic gmin stepping
Note: Dynamic gmin stepping completed
Note: Starting dynamic gmin stepping
Note: Dynamic gmin stepping completed
Note: Starting dynamic gmin stepping
Note: Dynamic gmin stepping completed
Note: Starting dynamic gmin stepping
Note: Dynamic gmin stepping completed
Note: Starting dynamic gmin stepping
Note: Dynamic gmin stepping completed
Note: Starting dynamic gmin stepping
Note: Dynamic gmin stepping completed
Note: Starting dynamic gmin stepping
Note: Dynamic gmin stepping completed
Note: Starting dynamic gmin stepping
Note: Dynamic gmin stepping completed
Note: Starting dynamic gmin stepping
Note: Dynamic gmin stepping completed
