
Note: Compatibility modes selected: hs a


Circuit: * startup @ tt_27c_2.97v -- generated by sim/harness, do not edit

Doing analysis at TEMP = 27.000000 and TNOM = 27.000000

Using SPARSE 1.3 as Direct Linear Solver

Initial Transient Solution
--------------------------

Node                                   Voltage
----                                   -------
vin                                       2.97
en                                           0
vref                                       1.2
vout_full                          2.73896e-09
loop_full                                 2.97
xdut_full.fb                       9.29686e-07
xdut_full.xerramp.nbias            8.11673e-10
xdut_full.xerramp.xrbias.11        1.09926e-09
xdut_full.xerramp.xrbias.21        3.41381e-06
xdut_full.xerramp.rbt               3.4141e-06
xdut_full.xerramp.tail                0.789455
xdut_full.xerramp.nd                      2.97
xdut_full.xerramp.n1                      2.97
xdut_full.xerramp.nz                      2.97
xdut_full.xerramp.xrz.11                  2.97
xdut_full.xerramp.xrz.21                  2.97
xdut_full.bg                              2.97
xdut_full.xerramp.nrza                    2.97
xdut_full.xerramp.xrza.11                 2.97
xdut_full.xerramp.xrza.21                 2.97
xdut_full.xerramp.nf                      2.97
xdut_full.xerramp.nbp                     2.97
xdut_full.xerramp.xrbufb.11               2.97
xdut_full.xerramp.xrbufb.21               2.97
xdut_full.xerramp.enb                     2.97
xdut_full.xilimit.isns              2.9952e-09
xdut_full.xilimit.xrsns.11         2.74448e-09
xdut_full.xilimit.xrsns.21         2.98969e-09
xdut_full.xilimit.pb                   2.68831
xdut_full.xilimit.vth              3.94953e-07
xdut_full.xilimit.xrref.11         2.88188e-09
xdut_full.xilimit.xrref.21          3.9481e-07
xdut_full.xilimit.bt                       1.2
xdut_full.xilimit.bb                       1.2
xdut_full.xilimit.xrbias.11                1.2
xdut_full.xilimit.xrbias.21                1.2
xdut_full.xilimit.cn                  0.152083
xdut_full.xilimit.tail                0.984071
xdut_full.xilimit.co               7.34075e-10
xdut_full.xilimit.xrtail.11           0.984071
xdut_full.xilimit.xrtail.21           0.984072
xdut_full.xilimit.tailp               0.984072
xdut_full.xilimit.enb                     2.97
xdut_full.xilimit.clg                     2.97
xdut_full.xilimit.xrl2.11                 2.97
xdut_full.xilimit.xrl2.21                 2.97
xdut_full.xsoftstart.bt                    1.2
xdut_full.xsoftstart.bb                    1.2
xdut_full.xsoftstart.xrss_bias.11             1.2
xdut_full.xsoftstart.xrss_bias.21             1.2
xdut_full.xsoftstart.ssr           1.32736e-08
xdut_full.xsoftstart.sd                   2.97
xdut_full.xsoftstart.vceil             2.96999
xdut_full.xsoftstart.xrceil_ss.11            2.97
xdut_full.xsoftstart.xrceil_ss.21         2.96999
xdut_full.xsoftstart.gmsa                 2.97
xdut_full.xsoftstart.gmia                 2.97
xdut_full.xsoftstart.gmvss             2.15456
xdut_full.xsoftstart.gmsb                 2.97
xdut_full.xsoftstart.gmsum                2.97
xdut_full.xsoftstart.gmrm               2.9693
xdut_full.xsoftstart.gmod              1.47304
xdut_full.xsoftstart.fbp                   1.2
xdut_full.xsoftstart.hg                      0
xdut_full.xsoftstart.enb                  2.97
xdut_full.xsoftstart.xrh_ss.11               0
xdut_full.xsoftstart.xrh_ss.21               0
xdut_full.xsoftstart.xrr_ss.11            2.97
xdut_full.xsoftstart.xrr_ss.21            2.97
n_esr_full                         2.73896e-09
vout_min                           4.56453e-05
loop_min                                  2.97
xdut_min.fb                        3.13581e-05
xdut_min.xerramp.nbias             8.11673e-10
xdut_min.xerramp.xrbias.11         1.09926e-09
xdut_min.xerramp.xrbias.21         3.41381e-06
xdut_min.xerramp.rbt                3.4141e-06
xdut_min.xerramp.tail                 0.789471
xdut_min.xerramp.nd                       2.97
xdut_min.xerramp.n1                       2.97
xdut_min.xerramp.nz                       2.97
xdut_min.xerramp.xrz.11                   2.97
xdut_min.xerramp.xrz.21                   2.97
xdut_min.bg                               2.97
xdut_min.xerramp.nrza                     2.97
xdut_min.xerramp.xrza.11                  2.97
xdut_min.xerramp.xrza.21                  2.97
xdut_min.xerramp.nf                       2.97
xdut_min.xerramp.nbp                      2.97
xdut_min.xerramp.xrbufb.11                2.97
xdut_min.xerramp.xrbufb.21                2.97
xdut_min.xerramp.enb                      2.97
xdut_min.xilimit.isns              4.56456e-05
xdut_min.xilimit.xrsns.11          4.56453e-05
xdut_min.xilimit.xrsns.21          4.56456e-05
xdut_min.xilimit.pb                    2.68831
xdut_min.xilimit.vth               4.60375e-05
xdut_min.xilimit.xrref.11          4.56455e-05
xdut_min.xilimit.xrref.21          4.60374e-05
xdut_min.xilimit.bt                        1.2
xdut_min.xilimit.bb                        1.2
xdut_min.xilimit.xrbias.11                 1.2
xdut_min.xilimit.xrbias.21                 1.2
xdut_min.xilimit.cn                   0.152086
xdut_min.xilimit.tail                 0.984119
xdut_min.xilimit.co                7.34223e-10
xdut_min.xilimit.xrtail.11            0.984119
xdut_min.xilimit.xrtail.21             0.98412
xdut_min.xilimit.tailp                 0.98412
xdut_min.xilimit.enb                      2.97
xdut_min.xilimit.clg                      2.97
xdut_min.xilimit.xrl2.11                  2.97
xdut_min.xilimit.xrl2.21                  2.97
xdut_min.xsoftstart.bt                     1.2
xdut_min.xsoftstart.bb                     1.2
xdut_min.xsoftstart.xrss_bias.11             1.2
xdut_min.xsoftstart.xrss_bias.21             1.2
xdut_min.xsoftstart.ssr            1.32736e-08
xdut_min.xsoftstart.sd                    2.97
xdut_min.xsoftstart.vceil              2.96999
xdut_min.xsoftstart.xrceil_ss.11            2.97
xdut_min.xsoftstart.xrceil_ss.21         2.96999
xdut_min.xsoftstart.gmsa                  2.97
xdut_min.xsoftstart.gmia                  2.97
xdut_min.xsoftstart.gmvss              2.15457
xdut_min.xsoftstart.gmsb                  2.97
xdut_min.xsoftstart.gmsum                 2.97
xdut_min.xsoftstart.gmrm                2.9703
xdut_min.xsoftstart.gmod               1.47305
xdut_min.xsoftstart.fbp                    1.2
xdut_min.xsoftstart.hg                       0
xdut_min.xsoftstart.enb                   2.97
xdut_min.xsoftstart.xrh_ss.11                0
xdut_min.xsoftstart.xrh_ss.21                0
xdut_min.xsoftstart.xrr_ss.11             2.97
xdut_min.xsoftstart.xrr_ss.21             2.97
n_esr_min                          4.56453e-05
vin_short                                 2.97
vout_short                         7.60853e-11
loop_short                                2.97
xdut_short.fb                      9.27909e-07
xdut_short.xerramp.nbias           8.11673e-10
xdut_short.xerramp.xrbias.11       1.09926e-09
xdut_short.xerramp.xrbias.21       3.41381e-06
xdut_short.xerramp.rbt              3.4141e-06
xdut_short.xerramp.tail                0.78946
xdut_short.xerramp.nd                     2.97
xdut_short.xerramp.n1                     2.97
xdut_short.xerramp.nz                     2.97
xdut_short.xerramp.xrz.11                 2.97
xdut_short.xerramp.xrz.21                 2.97
xdut_short.bg                             2.97
xdut_short.xerramp.nrza                   2.97
xdut_short.xerramp.xrza.11                2.97
xdut_short.xerramp.xrza.21                2.97
xdut_short.xerramp.nf                     2.97
xdut_short.xerramp.nbp                    2.97
xdut_short.xerramp.xrbufb.11              2.97
xdut_short.xerramp.xrbufb.21              2.97
xdut_short.xerramp.enb                    2.97
xdut_short.xilimit.isns            3.32324e-10
xdut_short.xilimit.xrsns.11         8.1601e-11
xdut_short.xilimit.xrsns.21        3.26808e-10
xdut_short.xilimit.pb                  2.68831
xdut_short.xilimit.vth              3.9229e-07
xdut_short.xilimit.xrref.11        2.18998e-10
xdut_short.xilimit.xrref.21        3.92147e-07
xdut_short.xilimit.bt                      1.2
xdut_short.xilimit.bb                      1.2
xdut_short.xilimit.xrbias.11               1.2
xdut_short.xilimit.xrbias.21               1.2
xdut_short.xilimit.cn                  0.15208
xdut_short.xilimit.tail               0.984072
xdut_short.xilimit.co              7.34088e-10
xdut_short.xilimit.xrtail.11          0.984072
xdut_short.xilimit.xrtail.21          0.984073
xdut_short.xilimit.tailp              0.984073
xdut_short.xilimit.enb                    2.97
xdut_short.xilimit.clg                    2.97
xdut_short.xilimit.xrl2.11                2.97
xdut_short.xilimit.xrl2.21                2.97
xdut_short.xsoftstart.bt                   1.2
xdut_short.xsoftstart.bb                   1.2
xdut_short.xsoftstart.xrss_bias.11             1.2
xdut_short.xsoftstart.xrss_bias.21             1.2
xdut_short.xsoftstart.ssr          1.32736e-08
xdut_short.xsoftstart.sd                  2.97
xdut_short.xsoftstart.vceil            2.96999
xdut_short.xsoftstart.xrceil_ss.11            2.97
xdut_short.xsoftstart.xrceil_ss.21         2.96999
xdut_short.xsoftstart.gmsa                2.97
xdut_short.xsoftstart.gmia                2.97
xdut_short.xsoftstart.gmvss            2.15457
xdut_short.xsoftstart.gmsb                2.97
xdut_short.xsoftstart.gmsum               2.97
xdut_short.xsoftstart.gmrm              2.9703
xdut_short.xsoftstart.gmod             1.47304
xdut_short.xsoftstart.fbp                  1.2
xdut_short.xsoftstart.hg                     0
xdut_short.xsoftstart.enb                 2.97
xdut_short.xsoftstart.xrh_ss.11               0
xdut_short.xsoftstart.xrh_ss.21               0
xdut_short.xsoftstart.xrr_ss.11            2.97
xdut_short.xsoftstart.xrr_ss.21            2.97
n_esr_short                        7.60853e-11
v.xdut_short.xsoftstart.vbsense_ss#branch     1.34256e-12
v.xdut_short.xilimit.vbsense#branch     1.34256e-12
v.xdut_min.xsoftstart.vbsense_ss#branch     1.34256e-12
v.xdut_min.xilimit.vbsense#branch     1.34256e-12
v.xdut_full.xsoftstart.vbsense_ss#branch     1.34256e-12
v.xdut_full.xilimit.vbsense#branch     1.34256e-12
vamm_short#branch                   1.4687e-10
vref#branch                        7.90307e-12
ven#branch                                   0
vsup#branch                       -4.46976e-10

 Reference value :  0.00000e+00
 Reference value :  2.76876e-05
 Reference value :  4.91768e-05
 Reference value :  5.05026e-05
 Reference value :  5.17080e-05
 Reference value :  5.28538e-05
 Reference value :  5.39860e-05
 Reference value :  5.46366e-05
 Reference value :  5.51811e-05
 Reference value :  5.62527e-05
 Reference value :  5.73166e-05
 Reference value :  5.76173e-05
 Reference value :  5.83835e-05
 Reference value :  5.88357e-05
 Reference value :  5.94758e-05
 Reference value :  6.00461e-05
 Reference value :  6.05170e-05
 Reference value :  6.14030e-05
 Reference value :  6.20426e-05
 Reference value :  6.27023e-05
 Reference value :  6.33942e-05
 Reference value :  6.40049e-05
 Reference value :  6.46454e-05
 Reference value :  6.53244e-05
 Reference value :  6.63410e-05
 Reference value :  6.73244e-05
 Reference value :  6.83720e-05
 Reference value :  6.94574e-05
 Reference value :  7.05630e-05
 Reference value :  7.16868e-05
 Reference value :  7.27730e-05
 Reference value :  7.39324e-05
 Reference value :  7.50428e-05
 Reference value :  7.61490e-05
 Reference value :  7.72894e-05
 Reference value :  7.85557e-05
 Reference value :  7.95570e-05
 Reference value :  8.05778e-05
 Reference value :  8.16774e-05
 Reference value :  8.27655e-05
 Reference value :  8.38258e-05
 Reference value :  8.49314e-05
 Reference value :  8.60341e-05
 Reference value :  8.71371e-05
 Reference value :  8.82342e-05
 Reference value :  8.93632e-05
 Reference value :  9.04743e-05
 Reference value :  9.15797e-05
 Reference value :  9.26503e-05
 Reference value :  9.37917e-05
 Reference value :  9.48969e-05
 Reference value :  9.55580e-05
 Reference value :  9.64913e-05
 Reference value :  9.73226e-05
 Reference value :  9.83019e-05
 Reference value :  9.93990e-05
 Reference value :  1.00469e-04
 Reference value :  1.01550e-04
 Reference value :  1.02664e-04
 Reference value :  1.03769e-04
 Reference value :  1.04874e-04
 Reference value :  1.06032e-04
 Reference value :  1.07156e-04
 Reference value :  1.08247e-04
 Reference value :  1.09268e-04
 Reference value :  1.10377e-04
 Reference value :  1.11597e-04
 Reference value :  1.13114e-04
 Reference value :  1.14720e-04
 Reference value :  1.16010e-04
 Reference value :  1.17250e-04
 Reference value :  1.18272e-04
 Reference value :  1.19350e-04
 Reference value :  1.20437e-04
 Reference value :  1.21496e-04
 Reference value :  1.22608e-04
 Reference value :  1.23720e-04
 Reference value :  1.24830e-04
 Reference value :  1.26004e-04
 Reference value :  1.27405e-04
 Reference value :  1.29073e-04
 Reference value :  1.30295e-04
 Reference value :  1.31482e-04
 Reference value :  1.32658e-04
 Reference value :  1.34372e-04
 Reference value :  1.35534e-04
 Reference value :  1.36268e-04
 Reference value :  1.37087e-04
 Reference value :  1.38129e-04
 Reference value :  1.39247e-04
 Reference value :  1.40350e-04
 Reference value :  1.41498e-04
 Reference value :  1.42609e-04
 Reference value :  1.43679e-04
 Reference value :  1.44788e-04
 Reference value :  1.45898e-04
 Reference value :  1.47003e-04
 Reference value :  1.48109e-04
 Reference value :  1.49204e-04
 Reference value :  1.49614e-04
 Reference value :  1.50390e-04
 Reference value :  1.51478e-04
 Reference value :  1.52538e-04
 Reference value :  1.53648e-04
 Reference value :  1.54750e-04
 Reference value :  1.55867e-04
 Reference value :  1.56977e-04
 Reference value :  1.58084e-04
 Reference value :  1.59260e-04
 Reference value :  1.60372e-04
 Reference value :  1.61485e-04
 Reference value :  1.62583e-04
 Reference value :  1.63706e-04
 Reference value :  1.64811e-04
 Reference value :  1.66377e-04
 Reference value :  1.67090e-04
 Reference value :  1.68138e-04
 Reference value :  1.69193e-04
 Reference value :  1.70272e-04
 Reference value :  1.71417e-04
 Reference value :  1.72528e-04
 Reference value :  1.73636e-04
 Reference value :  1.74746e-04
 Reference value :  1.75854e-04
 Reference value :  1.76962e-04
 Reference value :  1.78077e-04
 Reference value :  1.79264e-04
 Reference value :  1.80369e-04
 Reference value :  1.81475e-04
 Reference value :  1.82569e-04
 Reference value :  1.83682e-04
 Reference value :  1.84801e-04
 Reference value :  1.85886e-04
 Reference value :  1.87042e-04
 Reference value :  1.88148e-04
 Reference value :  1.89252e-04
 Reference value :  1.90326e-04
 Reference value :  1.91367e-04
 Reference value :  1.92599e-04
 Reference value :  1.94718e-04
 Reference value :  1.95892e-04
 Reference value :  1.96960e-04
 Reference value :  1.98027e-04
 Reference value :  1.99298e-04
 Reference value :  2.01388e-04
 Reference value :  2.02560e-04
 Reference value :  2.03621e-04
 Reference value :  2.04728e-04
 Reference value :  2.05837e-04
 Reference value :  2.06946e-04
 Reference value :  2.08062e-04
 Reference value :  2.09246e-04
 Reference value :  2.10524e-04
 Reference value :  2.11490e-04
 Reference value :  2.12548e-04
 Reference value :  2.13576e-04
 Reference value :  2.14716e-04
 Reference value :  2.15824e-04
 Reference value :  2.16937e-04
 Reference value :  2.18057e-04
 Reference value :  2.19213e-04
 Reference value :  2.20321e-04
 Reference value :  2.21382e-04
 Reference value :  2.22491e-04
 Reference value :  2.23602e-04
 Reference value :  2.24712e-04
 Reference value :  2.25823e-04
 Reference value :  2.26931e-04
 Reference value :  2.28068e-04
 Reference value :  2.29136e-04
 Reference value :  2.30253e-04
 Reference value :  2.31359e-04
 Reference value :  2.32467e-04
 Reference value :  2.33142e-04
 Reference value :  2.33889e-04
 Reference value :  2.34761e-04
 Reference value :  2.35850e-04
 Reference value :  2.36978e-04
 Reference value :  2.38239e-04
 Reference value :  2.39800e-04
 Reference value :  2.40750e-04
 Reference value :  2.41558e-04
 Reference value :  2.42534e-04
 Reference value :  2.43636e-04
 Reference value :  2.44690e-04
 Reference value :  2.45800e-04
 Reference value :  2.46914e-04
 Reference value :  2.48025e-04
 Reference value :  2.49133e-04
 Reference value :  2.50246e-04
 Reference value :  2.51357e-04
 Reference value :  2.52452e-04
 Reference value :  2.53584e-04

Warning: m=xx on .subckt line will override multiplier m hierarchy!

