
Note: Compatibility modes selected: hs a


Circuit: * load-transient @ ff_27c_3.30v -- generated by sim/harness, do not edit

Doing analysis at TEMP = 27.000000 and TNOM = 27.000000

Using SPARSE 1.3 as Direct Linear Solver

Initial Transient Solution
--------------------------

Node                                   Voltage
----                                   -------
vin                                        3.3
vout                                   1.79931
loop                                   2.67799
xdut.fb                                1.19954
xdut.vref                                  1.2
xdut.xerramp.nbias                    0.699918
xdut.xerramp.xrbias.11                0.700192
xdut.xerramp.xrbias.21                 3.29868
xdut.xerramp.rbt                       3.29895
xdut.xerramp.tail                     0.508787
xdut.xerramp.nd                        2.33332
xdut.xerramp.n1                        2.67632
xdut.xerramp.nz                        2.67632
xdut.xerramp.xrz.11                    2.67632
xdut.xerramp.xrz.21                    2.67632
xdut.bg                                2.08149
xdut.xerramp.nbp                       2.67632
xdut.xerramp.xrbufb.11                 2.67632
xdut.xerramp.xrbufb.21                 2.67632
xdut.xerramp.enb                   4.10054e-09
xdut.xilimit.isns                      1.80041
xdut.xilimit.xrsns.11                  1.79934
xdut.xilimit.xrsns.21                  1.80038
xdut.xilimit.pb                        2.53811
xdut.xilimit.vth                       1.90068
xdut.xilimit.xrref.11                  1.79935
xdut.xilimit.xrref.21                  1.90063
xdut.xilimit.bt                            1.2
xdut.xilimit.bb                     0.00015232
xdut.xilimit.xrbias.11             0.000201205
xdut.xilimit.xrbias.21                 1.19995
xdut.xilimit.cn                       0.512266
xdut.xilimit.tail                      2.70765
xdut.xilimit.co                     0.00413596
xdut.xilimit.xrtail.11                 2.70771
xdut.xilimit.xrtail.21                 3.29883
xdut.xilimit.tailp                     3.29889
xdut.xilimit.enb                   4.10054e-09
xdut.xilimit.clg                           3.3
xdut.xilimit.xrl2.11                       3.3
xdut.xilimit.xrl2.21                       3.3
xdut.xsoftstart.bt                         1.2
xdut.xsoftstart.bb                 5.48587e-05
xdut.xsoftstart.xrss_bias.11       7.24656e-05
xdut.xsoftstart.xrss_bias.21           1.19998
xdut.xsoftstart.ssr                    2.16691
xdut.xsoftstart.enb                4.10054e-09
xdut.xsoftstart.tailp                  3.29949
xdut.xsoftstart.tail                   2.22581
xdut.xsoftstart.xrtail_ss.11           2.22584
xdut.xsoftstart.xrtail_ss.21           3.29947
xdut.xsoftstart.cn                    0.483005
xdut.xsoftstart.co                   0.0364736
xdut.xsoftstart.lp                         3.3
xdut.xsoftstart.clg                    3.29995
xdut.xsoftstart.xrl2_ss.11             3.29995
xdut.xsoftstart.xrl2_ss.21                 3.3
ilc                                      0.001
nload                                        0
n_esr                                  1.79931
v.xdut.xsoftstart.vbsense_ss#branch     5.10835e-07
v.xdut.xilimit.vbsense#branch      1.41833e-06
vlmeas#branch                            0.001
vilc#branch                                  0
v.xdut.vref1#branch               -1.92916e-06
vsup#branch                        -0.00101707

 Reference value :  0.00000e+00
 Reference value :  8.78067e-06
 Reference value :  1.81007e-05
 Reference value :  2.75173e-05
 Reference value :  3.68573e-05
 Reference value :  4.67573e-05
 Reference value :  5.59500e-05
 Reference value :  6.56700e-05
 Reference value :  7.43785e-05
 Reference value :  8.23760e-05
 Reference value :  9.04340e-05
 Reference value :  9.90186e-05
 Reference value :  1.07599e-04
 Reference value :  1.15611e-04
 Reference value :  1.23837e-04
 Reference value :  1.31667e-04
 Reference value :  1.40486e-04
 Reference value :  1.50150e-04
 Reference value :  1.59470e-04
 Reference value :  1.68630e-04
 Reference value :  1.77910e-04
 Reference value :  1.88290e-04
 Reference value :  1.97890e-04
 Reference value :  2.07030e-04
 Reference value :  2.15830e-04
 Reference value :  2.25250e-04
 Reference value :  2.36090e-04
 Reference value :  2.45110e-04
 Reference value :  2.53950e-04
 Reference value :  2.62590e-04
 Reference value :  2.71630e-04
 Reference value :  2.81950e-04
 Reference value :  2.92250e-04
 Reference value :  3.01570e-04
 Reference value :  3.10088e-04
 Reference value :  3.18448e-04
 Reference value :  3.27428e-04
 Reference value :  3.36128e-04
 Reference value :  3.44928e-04
 Reference value :  3.53608e-04
 Reference value :  3.62628e-04
 Reference value :  3.71168e-04
 Reference value :  3.80088e-04
 Reference value :  3.89848e-04
 Reference value :  3.99608e-04
No. of Data Rows : 20069
vmin_load           =  1.25934e+00 at=  6.07700e-05
vmax_load           =  1.92959e+00 at=  1.51150e-04
vmin_line           =  1.75571e+00 at=  2.08510e-04
vmax_line           =  1.80361e+00 at=  3.02468e-04
iload_plateau       =  5.00000e-02 from=  1.00000e-04 to=  1.40006e-04
vout_min_global     =  1.25934e+00 at=  6.07700e-05
m_undershoot_mv = 5.4066000000e+02
m_overshoot_mv = 1.2959300000e+02
m_line_step_dev_lo_mv = 4.4292000000e+01
m_line_step_dev_hi_mv = 3.6080000000e+00
m_iload_plateau_ma = 5.0000000000e+01
m_vout_min_global_v = 1.2593400000e+00
m_iload_err_max_ua = 6.9388939039e-12
Note: Simulation executed from .control section 

Warning: m=xx on .subckt line will override multiplier m hierarchy!

Note: Starting dynamic gmin stepping
Note: Dynamic gmin stepping completed
