
Note: Compatibility modes selected: hs a


Circuit: * amp-selfosc @ fs_27c_3.63v -- generated by sim/harness, do not edit

Doing analysis at TEMP = 27.000000 and TNOM = 27.000000

Using SPARSE 1.3 as Direct Linear Solver

Initial Transient Solution
--------------------------

Node                                   Voltage
----                                   -------
vin                                       3.63
en                                        3.63
vref                                       1.2
vout_light                             1.79928
loop_light                             2.92149
xdut_light.fb                          1.19952
xdut_light.xerramp.nbias              0.727594
xdut_light.xerramp.xrbias.11          0.727785
xdut_light.xerramp.xrbias.21            3.6287
xdut_light.xerramp.rbt                  3.6289
xdut_light.xerramp.tail               0.480564
xdut_light.xerramp.nd                  2.41741
xdut_light.xerramp.n1                  2.78136
xdut_light.xerramp.nz                  2.78136
xdut_light.xerramp.xrz.11              2.78136
xdut_light.xerramp.xrz.21              2.78136
xdut_light.bg                          2.10227
xdut_light.xerramp.nrza                2.78136
xdut_light.xerramp.xrza.11             2.78136
xdut_light.xerramp.xrza.21             2.78136
xdut_light.xerramp.nf                  2.44181
xdut_light.xerramp.nbp                 2.78136
xdut_light.xerramp.xrbufb.11           2.78136
xdut_light.xerramp.xrbufb.21           2.78136
xdut_light.xerramp.enb              4.5156e-09
xdut_light.xilimit.isns                1.79942
xdut_light.xilimit.xrsns.11            1.79928
xdut_light.xilimit.xrsns.21            1.79941
xdut_light.xilimit.pb                  2.67066
xdut_light.xilimit.vth                 1.90069
xdut_light.xilimit.xrref.11            1.79931
xdut_light.xilimit.xrref.21            1.90066
xdut_light.xilimit.bt                      1.2
xdut_light.xilimit.bb              0.000112859
xdut_light.xilimit.xrbias.11       0.000149525
xdut_light.xilimit.xrbias.21           1.19996
xdut_light.xilimit.cn                 0.534494
xdut_light.xilimit.tail                2.95972
xdut_light.xilimit.co               0.00410178
xdut_light.xilimit.xrtail.11           2.95977
xdut_light.xilimit.xrtail.21           3.62891
xdut_light.xilimit.tailp               3.62896
xdut_light.xilimit.enb              4.5156e-09
xdut_light.xilimit.clg                    3.63
xdut_light.xilimit.xrl2.11                3.63
xdut_light.xilimit.xrl2.21                3.63
xdut_light.xsoftstart.bt                   1.2
xdut_light.xsoftstart.bb           4.06456e-05
xdut_light.xsoftstart.xrss_bias.11      5.3851e-05
xdut_light.xsoftstart.xrss_bias.21         1.19999
xdut_light.xsoftstart.ssr              2.42493
xdut_light.xsoftstart.sd            4.5156e-09
xdut_light.xsoftstart.gmsa             3.40344
xdut_light.xsoftstart.gmia            0.607312
xdut_light.xsoftstart.gmvss        0.000258538
xdut_light.xsoftstart.gmsb             3.36311
xdut_light.xsoftstart.gmsum            3.35492
xdut_light.xsoftstart.gmrm             3.49264
xdut_light.xsoftstart.gmod             2.41541
xdut_light.xsoftstart.fbp              1.20577
xdut_light.xsoftstart.hg                  3.63
xdut_light.xsoftstart.enb           4.5156e-09
xdut_light.xsoftstart.xrh_ss.11            3.63
xdut_light.xsoftstart.xrh_ss.21            3.63
xdut_light.xsoftstart.xrr_ss.11      4.5156e-09
xdut_light.xsoftstart.xrr_ss.21      4.5156e-09
n_esr_light                            1.79928
vout_heavy                             1.79928
loop_heavy                             2.32102
xdut_heavy.fb                          1.19952
xdut_heavy.xerramp.nbias              0.727594
xdut_heavy.xerramp.xrbias.11          0.727785
xdut_heavy.xerramp.xrbias.21            3.6287
xdut_heavy.xerramp.rbt                  3.6289
xdut_heavy.xerramp.tail               0.480564
xdut_heavy.xerramp.nd                  2.41741
xdut_heavy.xerramp.n1                  2.78238
xdut_heavy.xerramp.nz                  2.78238
xdut_heavy.xerramp.xrz.11              2.78238
xdut_heavy.xerramp.xrz.21              2.78238
xdut_heavy.bg                          1.50034
xdut_heavy.xerramp.nrza                2.78238
xdut_heavy.xerramp.xrza.11             2.78238
xdut_heavy.xerramp.xrza.21             2.78238
xdut_heavy.xerramp.nf                  2.14136
xdut_heavy.xerramp.nbp                 2.78238
xdut_heavy.xerramp.xrbufb.11           2.78238
xdut_heavy.xerramp.xrbufb.21           2.78238
xdut_heavy.xerramp.enb              4.5156e-09
xdut_heavy.xilimit.isns                1.86732
xdut_heavy.xilimit.xrsns.11            1.80074
xdut_heavy.xilimit.xrsns.21            1.86586
xdut_heavy.xilimit.pb                  2.67066
xdut_heavy.xilimit.vth                 1.90069
xdut_heavy.xilimit.xrref.11            1.79931
xdut_heavy.xilimit.xrref.21            1.90066
xdut_heavy.xilimit.bt                      1.2
xdut_heavy.xilimit.bb              0.000112859
xdut_heavy.xilimit.xrbias.11       0.000149525
xdut_heavy.xilimit.xrbias.21           1.19996
xdut_heavy.xilimit.cn                 0.519012
xdut_heavy.xilimit.tail                2.99568
xdut_heavy.xilimit.co                0.0199773
xdut_heavy.xilimit.xrtail.11           2.99573
xdut_heavy.xilimit.xrtail.21           3.62897
xdut_heavy.xilimit.tailp               3.62901
xdut_heavy.xilimit.enb              4.5156e-09
xdut_heavy.xilimit.clg                    3.63
xdut_heavy.xilimit.xrl2.11                3.63
xdut_heavy.xilimit.xrl2.21                3.63
xdut_heavy.xsoftstart.bt                   1.2
xdut_heavy.xsoftstart.bb           4.06456e-05
xdut_heavy.xsoftstart.xrss_bias.11      5.3851e-05
xdut_heavy.xsoftstart.xrss_bias.21         1.19999
xdut_heavy.xsoftstart.ssr              2.42493
xdut_heavy.xsoftstart.sd            4.5156e-09
xdut_heavy.xsoftstart.gmsa             3.40344
xdut_heavy.xsoftstart.gmia            0.607312
xdut_heavy.xsoftstart.gmvss        0.000258538
xdut_heavy.xsoftstart.gmsb             3.36311
xdut_heavy.xsoftstart.gmsum            3.35492
xdut_heavy.xsoftstart.gmrm             3.49264
xdut_heavy.xsoftstart.gmod             2.41541
xdut_heavy.xsoftstart.fbp              1.20577
xdut_heavy.xsoftstart.hg                  3.63
xdut_heavy.xsoftstart.enb           4.5156e-09
xdut_heavy.xsoftstart.xrh_ss.11            3.63
xdut_heavy.xsoftstart.xrh_ss.21            3.63
xdut_heavy.xsoftstart.xrr_ss.11      4.5156e-09
xdut_heavy.xsoftstart.xrr_ss.21      4.5156e-09
n_esr_heavy                            1.79928
v.xdut_heavy.xsoftstart.vbsense_ss#branch     3.83133e-07
v.xdut_heavy.xilimit.vbsense#branch      1.0638e-06
v.xdut_light.xsoftstart.vbsense_ss#branch     3.83133e-07
v.xdut_light.xilimit.vbsense#branch      1.0638e-06
vref#branch                       -2.89386e-06
ven#branch                        -1.35187e-14
vsup#branch                         -0.0501169

 Reference value :  1.50089e-04
 Reference value :  1.96089e-04
 Reference value :  2.42489e-04
 Reference value :  2.87489e-04
No. of Data Rows : 751
bg_pp_light         =  1.11130e-07 from=  2.00000e-04 to=  3.00000e-04
pg_pp_light         =  1.05553e-07 from=  2.00000e-04 to=  3.00000e-04
vo_pp_light         =  1.11992e-09 from=  2.00000e-04 to=  3.00000e-04
vo_avg_light        =  1.79928e+00 from=  2.00000e-04 to=  3.00000e-04
bg_pp_heavy         =  7.85614e-09 from=  2.00000e-04 to=  3.00000e-04
pg_pp_heavy         =  6.02339e-09 from=  2.00000e-04 to=  3.00000e-04
vo_pp_heavy         =  8.51640e-10 from=  2.00000e-04 to=  3.00000e-04
vo_avg_heavy        =  1.79928e+00 from=  2.00000e-04 to=  3.00000e-04
m_bg_pp_light_mv = 1.1112990000e-04
m_pg_pp_light_mv = 1.0555330000e-04
m_vout_pp_light_mv = 1.1199150000e-06
m_vout_avg_light_v = 1.7992780000e+00
m_bg_pp_heavy_mv = 7.8561440000e-06
m_pg_pp_heavy_mv = 6.0233880000e-06
m_vout_pp_heavy_mv = 8.5164010000e-07
m_vout_avg_heavy_v = 1.7992760000e+00
Note: Simulation executed from .control section 

Warning: m=xx on .subckt line will override multiplier m hierarchy!

Note: Starting dynamic gmin stepping
Note: Dynamic gmin stepping completed
