
Note: No compatibility mode selected!


Circuit: * klt sim -- generated corner deck, do not edit

Doing analysis at TEMP = -40.000000 and TNOM = 27.000000

Using SPARSE 1.3 as Direct Linear Solver
Note: Starting dynamic gmin stepping
Warning: Dynamic gmin stepping failed
Note: Starting true gmin stepping
Note: True gmin stepping completed

Initial Transient Solution
--------------------------

Node                                   Voltage
----                                   -------
vin                                        3.3
enctl                                        0
en                                           0
vref                                       1.2
vout                               9.17859e-09
pg                                         3.3
xdut.fb                            1.17288e-06
xdut.xerramp.nbias                  9.5759e-10
xdut.xerramp.xrbias.11             1.69351e-09
xdut.xerramp.xrbias.21             5.44873e-06
xdut.xerramp.rbt                   5.44947e-06
xdut.xerramp.tail                     0.606207
xdut.xerramp.nd                            3.3
xdut.xerramp.n1                            3.3
xdut.xerramp.nz                            3.3
xdut.xerramp.xrz.11                        3.3
xdut.xerramp.xrz.21                        3.3
eout                                       3.3
xdut.bg                                    3.3
xdut.xerramp.nrza                          3.3
xdut.xerramp.xrza.11                       3.3
xdut.xerramp.xrza.21                       3.3
xdut.xerramp.nf                            3.3
xdut.xerramp.nbp                           3.3
xdut.xerramp.xrbufb.11                     3.3
xdut.xerramp.xrbufb.21                     3.3
xdut.xerramp.enb                           3.3
xdut.xilimit.isns                  9.69139e-09
xdut.xilimit.xrsns.11               9.1906e-09
xdut.xilimit.xrsns.21              9.67938e-09
xdut.xilimit.pb                        2.86063
xdut.xilimit.vth                   1.38779e-06
xdut.xilimit.xrref.11              9.75552e-09
xdut.xilimit.xrref.21              1.38721e-06
xdut.xilimit.pb_acqcv                  2.86063
xdut.xilimit.vg                        2.00121
xdut.xilimit.vx                        1.19678
xdut.xilimit.vtl                       2.10927
xdut.xilimit.vo1                       0.36513
xdut.xilimit.vd1                      0.476457
xdut.xilimit.vsu                   6.07123e-08
xdut.xilimit.pb_acqst                  2.86063
xdut.xilimit.bb                        1.19678
xdut.xilimit.xrbias.11                 1.19678
xdut.xilimit.xrbias.21                 1.19678
xdut.xilimit.vx_acqrb                  1.19678
xdut.xilimit.cn                       0.403542
xdut.xilimit.tail                      1.10398
xdut.xilimit.co                    6.47468e-10
xdut.xilimit.xrtail.11                 1.10398
xdut.xilimit.xrtail.21                 1.10398
xdut.xilimit.tailp                     1.10398
xdut.xilimit.enb                           3.3
xdut.xilimit.clg                           3.3
xdut.xilimit.xrl2.11                       3.3
xdut.xilimit.xrl2.21                       3.3
xdut.xsoftstart.pb_ss_acqcv            3.28006
xdut.xsoftstart.vg_ss                  2.00444
xdut.xsoftstart.vx_ss                  1.19994
xdut.xsoftstart.vtl_ss                 2.15035
xdut.xsoftstart.pb_ss                  3.28006
xdut.xsoftstart.vo1_ss                0.504914
xdut.xsoftstart.vd1_ss                0.515382
xdut.xsoftstart.vsu_ss             6.02276e-08
xdut.xsoftstart.pb_ss_acqst            3.28006
xdut.xsoftstart.bb                     1.19993
xdut.xsoftstart.ssr                4.47397e-08
xdut.xsoftstart.xrss_bias.11           1.19993
xdut.xsoftstart.xrss_bias.21           1.19994
xdut.xsoftstart.vx_ss_acqrb            1.19994
xdut.xsoftstart.sd                         3.3
xdut.xsoftstart.gmsa                       3.3
xdut.xsoftstart.gmia                       3.3
xdut.xsoftstart.gmvss                  2.22795
xdut.xsoftstart.gmsb                       3.3
xdut.xsoftstart.gmsum                      3.3
xdut.xsoftstart.gmrm                    3.2996
xdut.xsoftstart.gmod                   1.58296
xdut.xsoftstart.fbp                    1.20003
xdut.xsoftstart.hg                           0
xdut.xsoftstart.enb                        3.3
xdut.xsoftstart.xrh_ss.11                    0
xdut.xsoftstart.xrh_ss.21                    0
xdut.xsoftstart.xrr_ss.11                  3.3
xdut.xsoftstart.xrr_ss.21                  3.3
acq_il_w1                           0.00877923
acq_ss_w1                            0.0119427
acq_il_w2                           0.00877923
acq_ss_w2                            0.0119427
acq_il_w3                           0.00877923
acq_ss_w3                            0.0119427
acq_il_w4                           0.00877923
acq_ss_w4                            0.0119427
n_esr                              9.17859e-09
bacq_ss_w4#branch                            0
bacq_il_w4#branch                            0
bacq_ss_w3#branch                            0
bacq_il_w3#branch                            0
bacq_ss_w2#branch                            0
bacq_il_w2#branch                            0
bacq_ss_w1#branch                            0
bacq_il_w1#branch                            0
ben#branch                                   0
vloop#branch                       1.14208e-11
v.xdut.xsoftstart.vacq_rb#branch     2.39808e-12
v.xdut.xsoftstart.vacq_st#branch      3.2796e-12
v.xdut.xsoftstart.vacq_cv#branch     6.88055e-12
v.xdut.xilimit.vacq_rb#branch      2.39098e-12
v.xdut.xilimit.vacq_st#branch      2.86082e-12
v.xdut.xilimit.vacq_cv#branch      6.45351e-12
vref#branch                        3.91687e-12
venctl#branch                                0
vin#branch                        -4.82394e-10


No. of Data Rows : 14950

  Measurements for Transient Analysis

w1_il_vx_end        =  1.19999e+00
w1_il_bb_end        =  9.54260e-05
w1_il_pb_end        =  2.46985e+00
w1_il_vg_end        =  2.35481e+00
w1_il_vsu_end       =  1.00698e-07
w1_il_icv_end       =  9.43075e-07
w1_il_irb_end       =  9.42844e-07
w1_il_ist_end       =  -4.49003e-12
w1_il_vx_setmax     =  1.19999e+00 at=  1.30178e-04
w1_il_vx_setmin     =  1.19999e+00 at=  1.30028e-04
w1_il_vx_winmin     =  9.12870e-01 at=  2.00699e-05
w1_il_ist_peak      =  1.94645e-09 at=  2.00062e-05
w1_il_t99           =   2.03443e-05
w1_il_vx_pre        =  1.19678e+00
w1_il_pb_pre        =  2.86063e+00
w1_il_icv_pre       =  6.45309e-12
w1_ss_vx_end        =  1.19998e+00
w1_ss_bb_end        =  3.52458e-05
w1_ss_pb_end        =  2.62116e+00
w1_ss_vg_end        =  2.31706e+00
w1_ss_vsu_end       =  8.29315e-08
w1_ss_icv_end       =  3.39578e-07
w1_ss_irb_end       =  3.39602e-07
w1_ss_ist_end       =  2.80108e-12
w1_ss_vx_setmax     =  1.19998e+00 at=  1.35078e-04
w1_ss_vx_setmin     =  1.19998e+00 at=  1.33328e-04
w1_ss_vx_winmin     =  9.03768e-01 at=  3.74541e-05
w1_ss_ist_peak      =  1.52422e-09 at=  2.00051e-05
w1_ss_t99           =   4.72685e-05
w1_ss_vx_pre        =  1.19994e+00
w1_ss_pb_pre        =  3.28006e+00
w1_ss_icv_pre       =  6.87969e-12
w1_vref_end         =  1.20000e+00
w2_il_vx_end        =  1.19999e+00
w2_il_bb_end        =  9.14542e-05
w2_il_pb_end        =  2.46985e+00
w2_il_vg_end        =  2.35481e+00
w2_il_vsu_end       =  5.68558e-08
w2_il_icv_end       =  9.42940e-07
w2_il_irb_end       =  9.42992e-07
w2_il_ist_end       =  -3.43176e-12
w2_il_vx_setmax     =  1.19999e+00 at=  3.80836e-04
w2_il_vx_setmin     =  1.19999e+00 at=  3.82786e-04
w2_il_vx_winmin     =  9.69617e-01 at=  2.70071e-04
w2_il_ist_peak      =  2.03133e-09 at=  2.70006e-04
w2_il_t99           =   2.70298e-04
w2_il_vx_pre        =  1.27368e+00
w2_il_pb_pre        =  2.82261e+00
w2_il_icv_pre       =  1.11166e-11
w2_ss_vx_end        =  1.19998e+00
w2_ss_bb_end        =  3.29365e-05
w2_ss_pb_end        =  2.62116e+00
w2_ss_vg_end        =  2.31706e+00
w2_ss_vsu_end       =  6.02290e-08
w2_ss_icv_end       =  3.39626e-07
w2_ss_irb_end       =  3.39622e-07
w2_ss_ist_end       =  2.62134e-12
w2_ss_vx_setmax     =  1.19998e+00 at=  3.86436e-04
w2_ss_vx_setmin     =  1.19998e+00 at=  4.17986e-04
w2_ss_vx_winmin     =  9.90207e-01 at=  2.71835e-04
w2_ss_ist_peak      =  1.53394e-09 at=  2.70005e-04
w2_ss_t99           =   2.80773e-04
w2_ss_vx_pre        =  1.29542e+00
w2_ss_pb_pre        =  2.77783e+00
w2_ss_icv_pre       =  6.40567e-12
w2_vref_end         =  1.20000e+00
w3_il_vx_end        =  1.19999e+00
w3_il_bb_end        =  9.14327e-05
w3_il_pb_end        =  2.46985e+00
w3_il_vg_end        =  2.35481e+00
w3_il_vsu_end       =  5.69679e-08
w3_il_icv_end       =  9.42609e-07
w3_il_irb_end       =  9.42973e-07
w3_il_ist_end       =  -3.61873e-11
w3_il_vx_setmax     =  1.19999e+00 at=  5.30156e-04
w3_il_vx_setmin     =  1.19999e+00 at=  5.31506e-04
w3_il_vx_winmin     =  1.09114e+00 at=  4.21038e-04
w3_il_ist_peak      =  1.98453e-09 at=  4.21006e-04
w3_il_t99           =   4.21161e-04
w3_il_vx_pre        =  1.26675e+00
w3_il_pb_pre        =  2.64151e+00
w3_il_icv_pre       =  3.28647e-09
w3_ss_vx_end        =  1.19998e+00
w3_ss_bb_end        =  3.29190e-05
w3_ss_pb_end        =  2.62116e+00
w3_ss_vg_end        =  2.31706e+00
w3_ss_vsu_end       =  6.00631e-08
w3_ss_icv_end       =  3.39626e-07
w3_ss_irb_end       =  3.39622e-07
w3_ss_ist_end       =  2.61776e-12
w3_ss_vx_setmax     =  1.19998e+00 at=  5.30006e-04
w3_ss_vx_setmin     =  1.19998e+00 at=  5.63056e-04
w3_ss_vx_winmin     =  1.17407e+00 at=  4.21505e-04
w3_ss_ist_peak      =  1.50428e-09 at=  4.21005e-04
w3_ss_t99           =   4.22606e-04
w3_ss_vx_pre        =  1.24887e+00
w3_ss_pb_pre        =  2.63022e+00
w3_ss_icv_pre       =  4.92436e-08
w3_vref_end         =  1.20000e+00
w4_il_vx_end        =  1.19999e+00
w4_il_bb_end        =  6.71752e-05
w4_il_pb_end        =  2.46985e+00
w4_il_vg_end        =  2.35481e+00
w4_il_vsu_end       =  -1.73272e-07
w4_il_icv_end       =  9.41205e-07
w4_il_irb_end       =  9.43217e-07
w4_il_ist_end       =  -3.39485e-11
w4_il_vx_setmax     =  1.19999e+00 at=  6.90245e-04
w4_il_vx_setmin     =  1.19999e+00 at=  6.90395e-04
w4_il_vx_winmin     =  1.02528e+00 at=  5.80043e-04
w4_il_ist_peak      =  1.99665e-09 at=  5.80006e-04
w4_il_t99           =   5.80230e-04
w4_il_vx_pre        =  1.27563e+00
w4_il_pb_pre        =  2.75342e+00
w4_il_icv_pre       =  6.93492e-11
w4_ss_vx_end        =  1.19998e+00
w4_ss_bb_end        =  1.89214e-05
w4_ss_pb_end        =  2.62116e+00
w4_ss_vg_end        =  2.31706e+00
w4_ss_vsu_end       =  -7.53346e-08
w4_ss_icv_end       =  3.39362e-07
w4_ss_irb_end       =  3.39860e-07
w4_ss_ist_end       =  -2.90701e-13
w4_ss_vx_setmax     =  1.19998e+00 at=  6.98045e-04
w4_ss_vx_setmin     =  1.19998e+00 at=  6.91895e-04
w4_ss_vx_winmin     =  1.08765e+00 at=  5.80824e-04
w4_ss_ist_peak      =  1.66957e-09 at=  5.80005e-04
w4_ss_t99           =   5.85975e-04
w4_ss_vx_pre        =  1.29846e+00
w4_ss_pb_pre        =  2.70521e+00
w4_ss_icv_pre       =  7.30345e-11
w4_vref_end         =  1.20000e+00

ngspice-46 done
