
Note: No compatibility mode selected!


Circuit: * klt sim -- generated corner deck, do not edit

Doing analysis at TEMP = 27.000000 and TNOM = 27.000000

Using SPARSE 1.3 as Direct Linear Solver
Note: Starting dynamic gmin stepping
Note: Dynamic gmin stepping completed

Initial Transient Solution
--------------------------

Node                                   Voltage
----                                   -------
vin                                        3.3
enctl                                        0
en                                           0
vref                                       1.2
vout                               1.68862e-08
pg                                         3.3
xdut.fb                             1.1797e-06
xdut.xerramp.nbias                 1.22254e-09
xdut.xerramp.xrbias.11             1.65537e-09
xdut.xerramp.xrbias.21             5.13789e-06
xdut.xerramp.rbt                   5.13832e-06
xdut.xerramp.tail                     0.728778
xdut.xerramp.nd                            3.3
xdut.xerramp.n1                            3.3
xdut.xerramp.nz                            3.3
xdut.xerramp.xrz.11                        3.3
xdut.xerramp.xrz.21                        3.3
eout                                       3.3
xdut.bg                                    3.3
xdut.xerramp.nrza                          3.3
xdut.xerramp.xrza.11                       3.3
xdut.xerramp.xrza.21                       3.3
xdut.xerramp.nf                            3.3
xdut.xerramp.nbp                           3.3
xdut.xerramp.xrbufb.11                     3.3
xdut.xerramp.xrbufb.21                     3.3
xdut.xerramp.enb                           3.3
xdut.xilimit.isns                  1.76858e-08
xdut.xilimit.xrsns.11              1.69034e-08
xdut.xilimit.xrsns.21              1.76686e-08
xdut.xilimit.pb                        3.02445
xdut.xilimit.vth                   1.29988e-06
xdut.xilimit.xrref.11              1.73537e-08
xdut.xilimit.xrref.21              1.29941e-06
xdut.xilimit.pb_acqcv                  3.02445
xdut.xilimit.vg                        1.84014
xdut.xilimit.vx                        1.19591
xdut.xilimit.vtl                        1.9945
xdut.xilimit.vo1                      0.209195
xdut.xilimit.vd1                      0.329411
xdut.xilimit.vsu                   7.67182e-08
xdut.xilimit.pb_acqst                  3.02445
xdut.xilimit.bb                        1.19591
xdut.xilimit.xrbias.11                 1.19591
xdut.xilimit.xrbias.21                 1.19591
xdut.xilimit.vx_acqrb                  1.19591
xdut.xilimit.cn                       0.232441
xdut.xilimit.tail                     0.970107
xdut.xilimit.co                    8.43035e-10
xdut.xilimit.xrtail.11                0.970107
xdut.xilimit.xrtail.21                0.970108
xdut.xilimit.tailp                    0.970108
xdut.xilimit.enb                           3.3
xdut.xilimit.clg                           3.3
xdut.xilimit.xrl2.11                       3.3
xdut.xilimit.xrl2.21                       3.3
xdut.xsoftstart.pb_ss_acqcv             3.2805
xdut.xsoftstart.vg_ss                  1.84488
xdut.xsoftstart.vx_ss                  1.19996
xdut.xsoftstart.vtl_ss                 2.04715
xdut.xsoftstart.pb_ss                   3.2805
xdut.xsoftstart.vo1_ss                0.371803
xdut.xsoftstart.vd1_ss                0.378874
xdut.xsoftstart.vsu_ss             7.60626e-08
xdut.xsoftstart.pb_ss_acqst             3.2805
xdut.xsoftstart.bb                     1.19995
xdut.xsoftstart.ssr                 5.8775e-08
xdut.xsoftstart.xrss_bias.11           1.19995
xdut.xsoftstart.xrss_bias.21           1.19996
xdut.xsoftstart.vx_ss_acqrb            1.19996
xdut.xsoftstart.sd                         3.3
xdut.xsoftstart.gmsa                       3.3
xdut.xsoftstart.gmia                       3.3
xdut.xsoftstart.gmvss                  2.34839
xdut.xsoftstart.gmsb                       3.3
xdut.xsoftstart.gmsum                      3.3
xdut.xsoftstart.gmrm                   3.30079
xdut.xsoftstart.gmod                   1.58518
xdut.xsoftstart.fbp                        1.2
xdut.xsoftstart.hg                           0
xdut.xsoftstart.enb                        3.3
xdut.xsoftstart.xrh_ss.11                    0
xdut.xsoftstart.xrh_ss.21                    0
xdut.xsoftstart.xrr_ss.11                  3.3
xdut.xsoftstart.xrr_ss.21                  3.3
acq_il_w1                           0.00791461
acq_ss_w1                            0.0119551
acq_il_w2                           0.00791461
acq_ss_w2                            0.0119551
acq_il_w3                           0.00791461
acq_ss_w3                            0.0119551
acq_il_w4                           0.00791461
acq_ss_w4                            0.0119551
n_esr                              1.68862e-08
bacq_ss_w4#branch                            0
bacq_il_w4#branch                            0
bacq_ss_w3#branch                            0
bacq_il_w3#branch                            0
bacq_ss_w2#branch                            0
bacq_il_w2#branch                            0
bacq_ss_w1#branch                            0
bacq_il_w1#branch                            0
ben#branch                                   0
vloop#branch                       1.16276e-11
v.xdut.xsoftstart.vacq_rb#branch     2.41407e-12
v.xdut.xsoftstart.vacq_st#branch     3.28004e-12
v.xdut.xsoftstart.vacq_cv#branch     6.89706e-12
v.xdut.xilimit.vacq_rb#branch      2.41052e-12
v.xdut.xilimit.vacq_st#branch      3.02425e-12
v.xdut.xilimit.vacq_cv#branch      6.62945e-12
vref#branch                        3.91864e-12
venctl#branch                                0
vin#branch                        -7.07813e-10


No. of Data Rows : 14916

  Measurements for Transient Analysis

w1_il_vx_end        =  1.19999e+00
w1_il_bb_end        =  1.28054e-04
w1_il_pb_end        =  2.52416e+00
w1_il_vg_end        =  2.29048e+00
w1_il_vsu_end       =  5.58161e-08
w1_il_icv_end       =  1.06386e-06
w1_il_irb_end       =  1.06381e-06
w1_il_ist_end       =  2.32922e-11
w1_il_vx_setmax     =  1.19999e+00 at=  1.30969e-04
w1_il_vx_setmin     =  1.19999e+00 at=  1.30519e-04
w1_il_vx_winmin     =  8.39330e-01 at=  2.00746e-05
w1_il_ist_peak      =  1.94183e-09 at=  2.00034e-05
w1_il_t99           =   2.04207e-05
w1_il_vx_pre        =  1.19591e+00
w1_il_pb_pre        =  3.02445e+00
w1_il_icv_pre       =  6.63008e-12
w1_ss_vx_end        =  1.19999e+00
w1_ss_bb_end        =  4.62273e-05
w1_ss_pb_end        =  2.71422e+00
w1_ss_vg_end        =  2.24541e+00
w1_ss_vsu_end       =  7.00063e-08
w1_ss_icv_end       =  3.83035e-07
w1_ss_irb_end       =  3.83229e-07
w1_ss_ist_end       =  2.22668e-12
w1_ss_vx_setmax     =  1.19999e+00 at=  1.67569e-04
w1_ss_vx_setmin     =  1.19999e+00 at=  1.41319e-04
w1_ss_vx_winmin     =  8.45975e-01 at=  3.26630e-05
w1_ss_ist_peak      =  1.51130e-09 at=  2.00051e-05
w1_ss_t99           =   4.47458e-05
w1_ss_vx_pre        =  1.19996e+00
w1_ss_pb_pre        =  3.28050e+00
w1_ss_icv_pre       =  6.89782e-12
w1_vref_end         =  1.20000e+00
w2_il_vx_end        =  1.19999e+00
w2_il_bb_end        =  1.27777e-04
w2_il_pb_end        =  2.52416e+00
w2_il_vg_end        =  2.29048e+00
w2_il_vsu_end       =  5.40916e-08
w2_il_icv_end       =  1.06535e-06
w2_il_irb_end       =  1.06280e-06
w2_il_ist_end       =  -6.68604e-11
w2_il_vx_setmax     =  1.19999e+00 at=  3.81454e-04
w2_il_vx_setmin     =  1.19999e+00 at=  3.99204e-04
w2_il_vx_winmin     =  9.15149e-01 at=  2.70065e-04
w2_il_ist_peak      =  2.07147e-09 at=  2.70003e-04
w2_il_t99           =   2.70348e-04
w2_il_vx_pre        =  1.29430e+00
w2_il_pb_pre        =  2.96856e+00
w2_il_icv_pre       =  7.60910e-12
w2_ss_vx_end        =  1.19999e+00
w2_ss_bb_end        =  4.30037e-05
w2_ss_pb_end        =  2.71422e+00
w2_ss_vg_end        =  2.24541e+00
w2_ss_vsu_end       =  3.89287e-08
w2_ss_icv_end       =  3.82808e-07
w2_ss_irb_end       =  3.83332e-07
w2_ss_ist_end       =  1.47503e-12
w2_ss_vx_setmax     =  1.19999e+00 at=  4.01554e-04
w2_ss_vx_setmin     =  1.19999e+00 at=  3.80804e-04
w2_ss_vx_winmin     =  9.42494e-01 at=  2.72010e-04
w2_ss_ist_peak      =  1.09210e-09 at=  2.70003e-04
w2_ss_t99           =   2.82802e-04
w2_ss_vx_pre        =  1.32381e+00
w2_ss_pb_pre        =  2.90846e+00
w2_ss_icv_pre       =  7.20446e-12
w2_vref_end         =  1.20000e+00
w3_il_vx_end        =  1.19999e+00
w3_il_bb_end        =  1.30097e-04
w3_il_pb_end        =  2.52416e+00
w3_il_vg_end        =  2.29048e+00
w3_il_vsu_end       =  7.69405e-08
w3_il_icv_end       =  1.06385e-06
w3_il_irb_end       =  1.06378e-06
w3_il_ist_end       =  9.58459e-12
w3_il_vx_setmax     =  1.19999e+00 at=  5.30989e-04
w3_il_vx_setmin     =  1.19999e+00 at=  5.33439e-04
w3_il_vx_winmin     =  1.06792e+00 at=  4.21039e-04
w3_il_ist_peak      =  2.13314e-09 at=  4.21003e-04
w3_il_t99           =   4.21183e-04
w3_il_vx_pre        =  1.28514e+00
w3_il_pb_pre        =  2.73841e+00
w3_il_icv_pre       =  3.86041e-09
w3_ss_vx_end        =  1.19999e+00
w3_ss_bb_end        =  4.68573e-05
w3_ss_pb_end        =  2.71422e+00
w3_ss_vg_end        =  2.24541e+00
w3_ss_vsu_end       =  7.60834e-08
w3_ss_icv_end       =  3.83133e-07
w3_ss_irb_end       =  3.83128e-07
w3_ss_ist_end       =  2.71452e-12
w3_ss_vx_setmax     =  1.19999e+00 at=  5.59089e-04
w3_ss_vx_setmin     =  1.19999e+00 at=  5.63789e-04
w3_ss_vx_winmin     =  1.17020e+00 at=  4.21611e-04
w3_ss_ist_peak      =  1.16957e-09 at=  4.21003e-04
w3_ss_t99           =   4.22950e-04
w3_ss_vx_pre        =  1.26489e+00
w3_ss_pb_pre        =  2.72508e+00
w3_ss_icv_pre       =  4.84241e-08
w3_vref_end         =  1.20000e+00
w4_il_vx_end        =  1.19999e+00
w4_il_bb_end        =  1.29721e-04
w4_il_pb_end        =  2.52416e+00
w4_il_vg_end        =  2.29048e+00
w4_il_vsu_end       =  7.25501e-08
w4_il_icv_end       =  1.06351e-06
w4_il_irb_end       =  1.06391e-06
w4_il_ist_end       =  9.77596e-12
w4_il_vx_setmax     =  1.19999e+00 at=  6.90427e-04
w4_il_vx_setmin     =  1.19999e+00 at=  6.92677e-04
w4_il_vx_winmin     =  9.85617e-01 at=  5.80056e-04
w4_il_ist_peak      =  9.04509e-10 at=  5.80006e-04
w4_il_t99           =   5.80264e-04
w4_il_vx_pre        =  1.29595e+00
w4_il_pb_pre        =  2.87966e+00
w4_il_icv_pre       =  6.91902e-11
w4_ss_vx_end        =  1.19999e+00
w4_ss_bb_end        =  4.67193e-05
w4_ss_pb_end        =  2.71422e+00
w4_ss_vg_end        =  2.24541e+00
w4_ss_vsu_end       =  7.47573e-08
w4_ss_icv_end       =  3.83092e-07
w4_ss_irb_end       =  3.83172e-07
w4_ss_ist_end       =  2.62116e-12
w4_ss_vx_setmax     =  1.19999e+00 at=  6.91127e-04
w4_ss_vx_setmin     =  1.19999e+00 at=  6.91577e-04
w4_ss_vx_winmin     =  1.06532e+00 at=  5.80927e-04
w4_ss_ist_peak      =  1.11097e-09 at=  5.80005e-04
w4_ss_t99           =   5.87019e-04
w4_ss_vx_pre        =  1.32701e+00
w4_ss_pb_pre        =  2.81658e+00
w4_ss_icv_pre       =  9.27699e-11
w4_vref_end         =  1.20000e+00

ngspice-46 done
