
Note: Compatibility modes selected: hs a


Circuit: * mc-output-accuracy @ fs_125c_2.97v -- generated by sim/harness, do not edit

Doing analysis at TEMP = 125.000000 and TNOM = 27.000000

Using SPARSE 1.3 as Direct Linear Solver
 Reference value :  0.00000e+00
No. of Data Rows : 1
"MCSAMPLE 0 -1.28642 -1.23173 0.067166 -0.170962 -0.822875 -1.6645 -1.35354 -1.30427 -0.701564 -1.61018 0.605738 -1.43191 -0.688648 -0.301497 -0.75196 -0.576827 -0.880502 -0.29806 -0.573448 -1.27562 -0.430304 0.590085 -1.53531 -0.509588 -1.86363"

Circuit: * mc-output-accuracy @ fs_125c_2.97v -- generated by sim/harness, do not edit

Doing analysis at TEMP = 125.000000 and TNOM = 27.000000

Using SPARSE 1.3 as Direct Linear Solver
 Reference value :  0.00000e+00
No. of Data Rows : 1
"MCSAMPLE 1 -0.667152 0.983524 -0.680962 -0.307732 -0.937271 0.0339964 0.118095 -0.318777 -0.722092 -0.570051 -1.98662 -0.171445 -1.06481 -0.846184 -2.10986 -1.00636 -1.02342 -1.48013 -1.56552 -0.587366 -1.14392 -0.00706699 -1.47564 -0.937435 0.440927"

Circuit: * mc-output-accuracy @ fs_125c_2.97v -- generated by sim/harness, do not edit

Doing analysis at TEMP = 125.000000 and TNOM = 27.000000

Using SPARSE 1.3 as Direct Linear Solver
 Reference value :  0.00000e+00
No. of Data Rows : 1
"MCSAMPLE 2 -0.575383 0.534365 -1.59303 -1.12185 -2.24148 0.23135 -1.13331 -0.469083 -0.692772 -0.0448175 -1.31827 -0.636884 -0.44722 -0.454868 -0.998012 0.126414 -0.780447 -0.856081 0.216997 -0.940103 -0.885054 -1.20724 -0.456695 -0.622415 -0.718829"

Circuit: * mc-output-accuracy @ fs_125c_2.97v -- generated by sim/harness, do not edit

Doing analysis at TEMP = 125.000000 and TNOM = 27.000000

Using SPARSE 1.3 as Direct Linear Solver
 Reference value :  0.00000e+00
No. of Data Rows : 1
"MCSAMPLE 3 0.193849 -1.80921 -0.104241 -0.552741 -0.159971 0.160208 -2.22486 -0.196852 -0.62368 -1.59864 -0.0642576 -1.00201 -0.879113 -1.36571 -1.08784 -1.37895 -1.29168 -1.68635 -1.23744 -1.37978 -1.17501 -0.722952 -0.640126 -1.3045 0.181923"

Circuit: * mc-output-accuracy @ fs_125c_2.97v -- generated by sim/harness, do not edit

Doing analysis at TEMP = 125.000000 and TNOM = 27.000000

Using SPARSE 1.3 as Direct Linear Solver
 Reference value :  0.00000e+00
No. of Data Rows : 1
"MCSAMPLE 4 -0.955162 -1.68946 -1.55363 -0.233859 -1.41631 -0.993024 -0.315842 -0.891181 -1.11031 -1.66788 -1.07984 -1.67311 -1.14161 -0.666015 -1.05693 -0.0592786 -1.49844 -1.04603 -0.707323 -1.06222 -0.422937 -0.290281 -0.759055 -0.413755 -0.822071"

Circuit: * mc-output-accuracy @ fs_125c_2.97v -- generated by sim/harness, do not edit

Doing analysis at TEMP = 125.000000 and TNOM = 27.000000

Using SPARSE 1.3 as Direct Linear Solver
 Reference value :  0.00000e+00
No. of Data Rows : 1
"MCSAMPLE 5 -1.11424 -0.861373 -0.571544 -1.18151 -1.56747 -1.7696 -0.157674 -0.32088 -1.54163 -1.18841 -1.12778 -1.15945 -0.188895 -0.965071 -1.14874 -0.870114 -1.62869 -1.82869 -0.283663 -2.00072 -0.844157 0.0446569 -0.218574 -0.544713 -0.203971"

Circuit: * mc-output-accuracy @ fs_125c_2.97v -- generated by sim/harness, do not edit

Doing analysis at TEMP = 125.000000 and TNOM = 27.000000

Using SPARSE 1.3 as Direct Linear Solver
 Reference value :  0.00000e+00
No. of Data Rows : 1
"MCSAMPLE 6 -1.0298 -0.383989 -1.5095 -1.27458 -1.47423 -1.08537 1.05367 -0.747454 -0.704556 -1.04187 -0.191381 -1.05509 0.0929455 -1.03935 0.0385442 -1.50619 -1.77037 -1.65348 -0.511168 -1.28933 -1.70815 -0.128872 0.248084 -1.87696 0.207634"

Circuit: * mc-output-accuracy @ fs_125c_2.97v -- generated by sim/harness, do not edit

Doing analysis at TEMP = 125.000000 and TNOM = 27.000000

Using SPARSE 1.3 as Direct Linear Solver
 Reference value :  0.00000e+00
No. of Data Rows : 1
"MCSAMPLE 7 -0.626878 -0.200422 -1.78199 -0.0818544 -0.685447 0.571248 0.0164353 -1.3978 -0.198088 -0.362469 -1.29639 -1.31829 -0.803777 -1.40519 -1.25112 -0.992029 -1.78478 -0.558104 -0.184629 -2.78031 -1.28692 -0.918216 0.299704 -0.531274 -1.34988"

Circuit: * mc-output-accuracy @ fs_125c_2.97v -- generated by sim/harness, do not edit

Doing analysis at TEMP = 125.000000 and TNOM = 27.000000

Using SPARSE 1.3 as Direct Linear Solver
 Reference value :  0.00000e+00
No. of Data Rows : 1
"MCSAMPLE 8 -1.05079 -0.69004 -0.83209 -1.38789 -1.47375 -0.820201 -1.33199 0.976018 -0.71973 -0.98397 -1.35759 -1.32076 -2.13925 -0.752984 -1.61789 -0.632643 -0.4965 -0.226381 -1.22328 -0.347887 -0.340673 0.0169646 -0.254296 -0.760401 -0.327859"

Circuit: * mc-output-accuracy @ fs_125c_2.97v -- generated by sim/harness, do not edit

Doing analysis at TEMP = 125.000000 and TNOM = 27.000000

Using SPARSE 1.3 as Direct Linear Solver
 Reference value :  0.00000e+00
No. of Data Rows : 1
"MCSAMPLE 9 -0.49587 -1.09839 -1.27409 -0.261653 -1.07837 -0.65874 -0.932138 -0.950579 0.39426 -1.40405 -0.359788 -0.811362 -1.1015 -0.819898 -1.76001 0.254257 -0.0215547 0.042472 -2.51789 -1.42686 0.0920451 -0.13984 -0.108279 -1.43031 -0.289184"

Circuit: * mc-output-accuracy @ fs_125c_2.97v -- generated by sim/harness, do not edit

Doing analysis at TEMP = 125.000000 and TNOM = 27.000000

Using SPARSE 1.3 as Direct Linear Solver
 Reference value :  0.00000e+00
No. of Data Rows : 1
"MCSAMPLE 10 -0.315924 -0.294864 -0.356741 -0.729663 0.305728 -0.524176 -0.254997 -1.38617 -0.34684 0.182993 -0.203899 -0.195885 -0.833379 -0.355716 -0.465676 1.23488 -0.626172 -0.906413 -0.507822 0.730229 -0.832063 -0.349222 -1.33442 -0.936203 0.542805"

Circuit: * mc-output-accuracy @ fs_125c_2.97v -- generated by sim/harness, do not edit

Doing analysis at TEMP = 125.000000 and TNOM = 27.000000

Using SPARSE 1.3 as Direct Linear Solver
 Reference value :  0.00000e+00
No. of Data Rows : 1
"MCSAMPLE 11 -2.02712 0.202925 -1.2076 0.0174241 -2.50919 0.21951 -2.13628 -0.678583 -0.603486 -0.980459 -0.652705 -0.712436 0.145095 -1.41328 -1.74112 -0.83671 -0.751263 0.00191687 -1.53251 -0.531489 -1.91586 -1.04821 -0.832582 -1.02331 -0.7609"

Circuit: * mc-output-accuracy @ fs_125c_2.97v -- generated by sim/harness, do not edit

Doing analysis at TEMP = 125.000000 and TNOM = 27.000000

Using SPARSE 1.3 as Direct Linear Solver
 Reference value :  0.00000e+00
No. of Data Rows : 1
"MCSAMPLE 12 0.0472372 -0.64086 -1.28811 0.668015 -0.673178 -0.919001 -1.35858 -0.883267 -1.23771 -1.98743 -1.41722 -0.958135 0.163841 -1.68895 -0.0283578 -1.00833 -0.758149 -1.17334 -1.04391 -0.956391 -1.09025 -0.00912901 -0.811054 -0.66543 -0.907292"

Circuit: * mc-output-accuracy @ fs_125c_2.97v -- generated by sim/harness, do not edit

Doing analysis at TEMP = 125.000000 and TNOM = 27.000000

Using SPARSE 1.3 as Direct Linear Solver
 Reference value :  0.00000e+00
No. of Data Rows : 1
"MCSAMPLE 13 -0.936514 -1.10599 -1.08475 -1.52728 -1.43588 -1.56845 -0.418518 -1.29358 -1.50332 -1.58501 -0.444491 0.285561 -1.41485 -0.520563 -0.896547 -2.40909 -0.565368 -1.90598 -1.56492 0.0121643 -1.74262 0.0719807 -0.26346 -1.37479 -0.759811"

Circuit: * mc-output-accuracy @ fs_125c_2.97v -- generated by sim/harness, do not edit

Doing analysis at TEMP = 125.000000 and TNOM = 27.000000

Using SPARSE 1.3 as Direct Linear Solver
 Reference value :  0.00000e+00
No. of Data Rows : 1
"MCSAMPLE 14 0.390207 -1.00296 -0.146663 -0.350843 -1.63867 -0.786748 -0.502721 -2.47833 -0.846432 -0.309798 -1.62881 -1.15504 0.298106 -0.483686 -0.867778 -0.445029 -0.606649 0.0213577 -0.739185 -1.09698 -1.22599 0.119012 -1.45799 -1.98852 -0.973385"

Circuit: * mc-output-accuracy @ fs_125c_2.97v -- generated by sim/harness, do not edit

Doing analysis at TEMP = 125.000000 and TNOM = 27.000000

Using SPARSE 1.3 as Direct Linear Solver
 Reference value :  0.00000e+00
No. of Data Rows : 1
"MCSAMPLE 15 -0.215278 0.594536 -0.458055 -0.321331 -1.14645 -1.47607 -1.39431 -1.22896 0.130293 -0.525007 0.631277 -0.067153 -1.82464 -1.01611 -1.11296 -0.65274 -1.20302 -1.76228 -0.1204 0.42561 -0.815715 0.0582101 0.103994 -0.0178376 -0.911919"

Circuit: * mc-output-accuracy @ fs_125c_2.97v -- generated by sim/harness, do not edit

Doing analysis at TEMP = 125.000000 and TNOM = 27.000000

Using SPARSE 1.3 as Direct Linear Solver
 Reference value :  0.00000e+00
No. of Data Rows : 1
"MCSAMPLE 16 0.216288 -0.0119057 -0.972477 -0.593768 -0.270173 -1.86644 -1.30782 -0.0981111 -0.791806 -1.23243 -1.31733 -0.916571 -0.593361 -1.68707 -1.00039 -0.78677 -0.985533 0.207154 -1.87353 -1.23708 -0.655707 -1.0506 -0.258173 -0.631291 -2.13047"

Circuit: * mc-output-accuracy @ fs_125c_2.97v -- generated by sim/harness, do not edit

Doing analysis at TEMP = 125.000000 and TNOM = 27.000000

Using SPARSE 1.3 as Direct Linear Solver
 Reference value :  0.00000e+00
No. of Data Rows : 1
"MCSAMPLE 17 -0.983904 -1.9888 -1.34684 -0.757549 -1.08234 -0.0579029 -1.10212 0.530902 -0.172636 -0.804849 -0.766068 0.150282 -0.37306 0.971873 0.254747 -1.7672 -1.668 -1.69326 -2.57763 -0.109786 -0.337873 -1.47227 -0.920462 -1.65845 -0.299104"

Circuit: * mc-output-accuracy @ fs_125c_2.97v -- generated by sim/harness, do not edit

Doing analysis at TEMP = 125.000000 and TNOM = 27.000000

Using SPARSE 1.3 as Direct Linear Solver
 Reference value :  0.00000e+00
No. of Data Rows : 1
"MCSAMPLE 18 -1.50164 -1.26234 -0.225889 -0.768214 -1.22585 -0.646611 0.412239 -1.07247 -0.513707 0.871338 -1.43828 -1.89459 -0.68357 -0.800942 -1.51424 -0.497191 -0.978666 -1.90729 -0.873345 0.0386494 -0.523968 -0.837715 -1.13863 -0.572139 -0.937554"

Circuit: * mc-output-accuracy @ fs_125c_2.97v -- generated by sim/harness, do not edit

Doing analysis at TEMP = 125.000000 and TNOM = 27.000000

Using SPARSE 1.3 as Direct Linear Solver
 Reference value :  0.00000e+00
No. of Data Rows : 1
"MCSAMPLE 19 -1.13075 -0.0406629 -0.377081 -1.44219 -0.241208 -0.474466 0.834454 -0.940432 -0.508671 -0.423403 0.0280538 -0.0620628 -1.16087 -1.08453 -0.671337 -0.270114 -1.90886 0.353375 -0.291621 0.243306 -1.08681 0.375923 -2.02023 -0.00054051 -0.394266"

Circuit: * mc-output-accuracy @ fs_125c_2.97v -- generated by sim/harness, do not edit

Doing analysis at TEMP = 125.000000 and TNOM = 27.000000

Using SPARSE 1.3 as Direct Linear Solver
 Reference value :  0.00000e+00
No. of Data Rows : 1
"MCSAMPLE 20 -0.748784 -0.283056 -1.06338 0.191055 -0.938693 -1.55206 -0.716822 -0.282792 -1.27465 -0.802347 -1.13873 -1.62408 -1.1489 -1.03411 -0.782259 -0.561485 -1.06086 -1.32324 -0.924426 -1.70912 -0.733359 -0.98173 -0.872488 -1.78447 -0.965056"

Circuit: * mc-output-accuracy @ fs_125c_2.97v -- generated by sim/harness, do not edit

Doing analysis at TEMP = 125.000000 and TNOM = 27.000000

Using SPARSE 1.3 as Direct Linear Solver
 Reference value :  0.00000e+00
No. of Data Rows : 1
"MCSAMPLE 21 -2.17159 -1.33718 -0.938866 -0.69473 -1.13912 -1.43983 -1.17387 -0.928596 -0.833124 -1.20555 -0.923855 -1.02625 -0.765906 -0.65032 -0.648769 -0.897586 -0.558716 -0.306194 -1.02205 -0.674368 -0.432778 -0.843632 -1.46776 -0.76426 -1.59314"

Circuit: * mc-output-accuracy @ fs_125c_2.97v -- generated by sim/harness, do not edit

Doing analysis at TEMP = 125.000000 and TNOM = 27.000000

Using SPARSE 1.3 as Direct Linear Solver
 Reference value :  0.00000e+00
No. of Data Rows : 1
"MCSAMPLE 22 -0.0291336 -0.70953 0.0404434 -0.987836 -1.26521 -0.633492 -1.20313 -0.955159 -0.895605 -1.18951 -1.22452 -1.34966 -0.785289 -1.67002 -1.77002 0.689759 -0.944522 0.513185 -1.25609 -0.702513 -1.0721 -0.157766 -1.90951 -1.19403 -1.1765"

Circuit: * mc-output-accuracy @ fs_125c_2.97v -- generated by sim/harness, do not edit

Doing analysis at TEMP = 125.000000 and TNOM = 27.000000

Using SPARSE 1.3 as Direct Linear Solver
 Reference value :  0.00000e+00
No. of Data Rows : 1
"MCSAMPLE 23 -0.993067 -0.801471 -0.154165 -1.8898 -1.3899 -0.401978 -1.07988 -1.73761 -0.329502 0.960407 -1.54672 0.486751 -0.268574 -1.2047 -1.48056 -1.52916 -1.276 -0.34941 -2.05305 -1.08197 -1.97803 -0.617858 -0.427586 -1.60447 0.309253"

Circuit: * mc-output-accuracy @ fs_125c_2.97v -- generated by sim/harness, do not edit

Doing analysis at TEMP = 125.000000 and TNOM = 27.000000

Using SPARSE 1.3 as Direct Linear Solver
 Reference value :  0.00000e+00
No. of Data Rows : 1
"MCSAMPLE 24 0.58311 -1.22402 -1.73426 0.725986 0.589851 -1.28687 -1.54558 -0.931835 -0.867687 -0.551968 -0.946712 -1.25486 -1.35815 -0.642934 -1.59446 -1.23106 -1.04301 -1.46996 -0.810864 -1.32291 -0.900186 0.652101 -0.958356 -1.41647 -1.21004"

Circuit: * mc-output-accuracy @ fs_125c_2.97v -- generated by sim/harness, do not edit

Doing analysis at TEMP = 125.000000 and TNOM = 27.000000

Using SPARSE 1.3 as Direct Linear Solver
 Reference value :  0.00000e+00
No. of Data Rows : 1
"MCSAMPLE 25 -0.0594562 -0.79073 -1.05312 0.0446733 -1.02206 -1.47577 -1.36409 -0.0793355 -2.3046 0.00595157 -1.62072 -0.103876 -0.956549 -2.05704 -0.0301342 -0.753419 -0.379889 -0.267687 0.342829 -0.993685 -1.66248 -1.62405 -0.767121 -1.2115 -1.40145"

Circuit: * mc-output-accuracy @ fs_125c_2.97v -- generated by sim/harness, do not edit

Doing analysis at TEMP = 125.000000 and TNOM = 27.000000

Using SPARSE 1.3 as Direct Linear Solver
 Reference value :  0.00000e+00
No. of Data Rows : 1
"MCSAMPLE 26 -0.83069 -1.07746 -0.413187 0.180737 -0.550494 -0.476505 -1.68299 -0.0786502 0.664291 -1.08997 -1.02111 0.0764757 -2.1014 0.0113575 0.32894 0.779892 -0.931758 0.206741 -0.370001 -1.44571 -0.750568 -0.241126 -0.500198 -0.70512 -1.18236"

Circuit: * mc-output-accuracy @ fs_125c_2.97v -- generated by sim/harness, do not edit

Doing analysis at TEMP = 125.000000 and TNOM = 27.000000

Using SPARSE 1.3 as Direct Linear Solver
 Reference value :  0.00000e+00
No. of Data Rows : 1
"MCSAMPLE 27 -1.32341 0.120616 0.0301748 -0.255002 0.220194 -1.46658 -1.25132 -0.0681021 -0.593236 0.15475 -1.31484 -1.64128 -0.466017 -1.16316 -1.62687 0.0204243 -1.20043 -1.28062 -0.9474 0.527996 -0.193902 -0.115673 -1.92061 -1.79634 -0.53346"

Circuit: * mc-output-accuracy @ fs_125c_2.97v -- generated by sim/harness, do not edit

Doing analysis at TEMP = 125.000000 and TNOM = 27.000000

Using SPARSE 1.3 as Direct Linear Solver
 Reference value :  0.00000e+00
No. of Data Rows : 1
"MCSAMPLE 28 -0.762158 -0.384639 -0.581307 -0.229348 -0.116197 -0.957492 -1.32009 -1.39265 -0.952303 -1.22163 -0.921232 0.094137 -0.399127 -3.02529 -1.36537 -1.10691 -1.44721 -0.207713 -2.02514 -1.18855 -0.944995 -0.63578 -0.414339 -1.25751 -0.1526"

Circuit: * mc-output-accuracy @ fs_125c_2.97v -- generated by sim/harness, do not edit

Doing analysis at TEMP = 125.000000 and TNOM = 27.000000

Using SPARSE 1.3 as Direct Linear Solver
 Reference value :  0.00000e+00
No. of Data Rows : 1
"MCSAMPLE 29 -0.0175211 -0.763221 -0.30873 -0.450157 0.607067 -0.609375 -1.38599 -1.82581 -1.45935 -1.40195 -0.342577 -0.639881 0.0838543 0.18397 -0.0596585 -1.22547 -0.739435 -1.52827 -0.596224 0.113224 -1.26406 -0.3799 -1.44876 -1.0236 -1.48898"

Circuit: * mc-output-accuracy @ fs_125c_2.97v -- generated by sim/harness, do not edit

Doing analysis at TEMP = 125.000000 and TNOM = 27.000000

Using SPARSE 1.3 as Direct Linear Solver
 Reference value :  0.00000e+00
No. of Data Rows : 1
"MCSAMPLE 30 -0.832183 -1.00434 0.143523 -0.31633 -0.261653 -0.354581 -0.339942 0.724371 0.160105 -2.30069 -0.961786 -1.23979 -0.146839 -1.45637 -0.534244 -1.35689 -0.195564 0.205805 -0.697713 -2.03594 -0.610663 -0.32845 -1.44333 -1.43744 -2.33303"

Circuit: * mc-output-accuracy @ fs_125c_2.97v -- generated by sim/harness, do not edit

Doing analysis at TEMP = 125.000000 and TNOM = 27.000000

Using SPARSE 1.3 as Direct Linear Solver
 Reference value :  0.00000e+00
No. of Data Rows : 1
"MCSAMPLE 31 -0.811178 -1.11049 -1.6773 -0.419039 -0.320291 0.632399 -0.72597 -0.498016 0.164324 0.0407566 -0.319106 -0.806452 -0.789117 -1.73894 -0.124823 -1.6515 -0.302349 -0.669797 0.0991902 -1.14202 -1.97216 -0.487499 -1.06568 -0.0295846 -1.10509"

Circuit: * mc-output-accuracy @ fs_125c_2.97v -- generated by sim/harness, do not edit

Doing analysis at TEMP = 125.000000 and TNOM = 27.000000

Using SPARSE 1.3 as Direct Linear Solver
 Reference value :  0.00000e+00
No. of Data Rows : 1
"MCSAMPLE 32 -1.42686 -0.748151 -0.685012 0.902378 -1.25335 -2.03635 -0.912475 -1.8634 -2.87811 -0.607011 -0.674216 -0.926319 -1.22781 -1.23141 -0.441709 -0.661552 -0.789338 -0.956188 0.533364 -0.599883 -2.30866 -0.738097 -1.18623 -0.276484 -0.0235416"

Circuit: * mc-output-accuracy @ fs_125c_2.97v -- generated by sim/harness, do not edit

Doing analysis at TEMP = 125.000000 and TNOM = 27.000000

Using SPARSE 1.3 as Direct Linear Solver
 Reference value :  0.00000e+00
No. of Data Rows : 1
"MCSAMPLE 33 0.768416 -1.58634 -1.08694 -1.08241 -0.357527 0.515799 -1.43409 0.00861239 -1.23015 -0.519876 -2.43138 0.200801 -0.328606 0.405536 -0.0930134 -0.109068 -1.76201 -1.64988 -0.855871 -0.742011 -0.681289 -0.527526 -1.49808 -0.664729 -1.45717"

Circuit: * mc-output-accuracy @ fs_125c_2.97v -- generated by sim/harness, do not edit

Doing analysis at TEMP = 125.000000 and TNOM = 27.000000

Using SPARSE 1.3 as Direct Linear Solver
 Reference value :  0.00000e+00
No. of Data Rows : 1
"MCSAMPLE 34 -1.82286 -1.04312 -0.758773 -0.0202408 -0.135447 -0.689078 -0.843973 -0.695449 -1.2112 -1.48534 0.250269 -0.20507 0.097662 -0.461719 -0.30888 0.365176 -0.547507 -0.624978 -0.43315 -2.18664 -0.831589 -0.334384 -0.952674 -1.19679 -0.0856523"

Circuit: * mc-output-accuracy @ fs_125c_2.97v -- generated by sim/harness, do not edit

Doing analysis at TEMP = 125.000000 and TNOM = 27.000000

Using SPARSE 1.3 as Direct Linear Solver
 Reference value :  0.00000e+00
No. of Data Rows : 1
"MCSAMPLE 35 0.101116 -0.562167 -1.16768 -0.0754205 -1.58969 0.0730818 -0.77328 -0.557171 -1.27781 -1.16263 -2.13339 -1.51161 -0.497137 -0.521961 -2.1533 -0.783212 -1.01376 -0.0823926 -0.608769 -0.847556 -2.32361 -2.4569 -1.25879 -0.0276239 -0.562489"

Circuit: * mc-output-accuracy @ fs_125c_2.97v -- generated by sim/harness, do not edit

Doing analysis at TEMP = 125.000000 and TNOM = 27.000000

Using SPARSE 1.3 as Direct Linear Solver
 Reference value :  0.00000e+00
No. of Data Rows : 1
"MCSAMPLE 36 -1.62847 -0.966586 -1.08548 -1.45371 -0.998149 -0.943302 -1.52431 -0.187728 -0.427717 0.0852392 -0.690924 -1.56088 -1.88186 -1.07745 -1.26276 -1.14762 0.380836 -0.209526 0.556525 -1.11666 -1.15882 0.0321943 -1.11467 -0.793938 -1.26873"

Circuit: * mc-output-accuracy @ fs_125c_2.97v -- generated by sim/harness, do not edit

Doing analysis at TEMP = 125.000000 and TNOM = 27.000000

Using SPARSE 1.3 as Direct Linear Solver
 Reference value :  0.00000e+00
No. of Data Rows : 1
"MCSAMPLE 37 -1.7745 -0.166423 -1.27397 -0.974477 -1.32524 -0.318657 -0.648754 -1.55401 -1.22701 -0.990026 0.569878 -1.12866 -2.02556 -1.15144 -1.97439 0.593239 -0.210487 0.715346 -0.795062 -1.27999 -0.822748 -0.731382 -0.713908 -0.409588 -1.53091"

Circuit: * mc-output-accuracy @ fs_125c_2.97v -- generated by sim/harness, do not edit

Doing analysis at TEMP = 125.000000 and TNOM = 27.000000

Using SPARSE 1.3 as Direct Linear Solver
 Reference value :  0.00000e+00
No. of Data Rows : 1
"MCSAMPLE 38 -1.15026 0.319349 -1.29383 -0.442492 -1.12314 -0.880184 -1.36057 -1.05175 -0.470331 -1.00399 -1.25511 -1.42821 -0.128809 -1.98733 -0.496462 -0.876366 -0.393109 -0.641667 -0.0587094 -1.25016 -1.50034 -0.857132 -0.847224 -0.84538 -0.357541"

Circuit: * mc-output-accuracy @ fs_125c_2.97v -- generated by sim/harness, do not edit

Doing analysis at TEMP = 125.000000 and TNOM = 27.000000

Using SPARSE 1.3 as Direct Linear Solver
 Reference value :  0.00000e+00
No. of Data Rows : 1
"MCSAMPLE 39 -1.40675 -0.493572 -0.729032 0.441367 -1.68916 -0.776339 -0.609243 -1.54858 -1.15833 -1.82673 -1.11976 -0.568149 -0.164568 -1.09456 -2.57052 -1.31435 -0.642333 -0.618849 0.259633 -0.85689 -0.990908 -0.408303 0.530572 -1.56876 -1.24482"

Circuit: * mc-output-accuracy @ fs_125c_2.97v -- generated by sim/harness, do not edit

m_n_samples = 1.0000000000e+03
m_n_bad_solves = 0.0000000000e+00
m_mean_mv = -8.026949626e-01
m_sigma_mv = 6.8582348927e-01
m_sigma3_mv = 2.0574704678e+00
m_worst_abs_mv = 3.0252856185e+00
m_vos_in_mean_uv = -5.351299751e+02
m_vos_in_sigma3_mv = 1.3716469785e+00
m_divider_exact_uv = 2.5900979139e-03
Note: Simulation executed from .control section 

Warning: m=xx on .subckt line will override multiplier m hierarchy!

Note: Starting dynamic gmin stepping
Note: Dynamic gmin stepping completed
Note: Starting dynamic gmin stepping
Note: Dynamic gmin stepping completed
Note: Starting dynamic gmin stepping
Note: Dynamic gmin stepping completed
Note: Starting dynamic gmin stepping
Note: Dynamic gmin stepping completed
Note: Starting dynamic gmin stepping
Note: Dynamic gmin stepping completed
Note: Starting dynamic gmin stepping
Note: Dynamic gmin stepping completed
Note: Starting dynamic gmin stepping
Note: Dynamic gmin stepping completed
Note: Starting dynamic gmin stepping
Note: Dynamic gmin stepping completed
Note: Starting dynamic gmin stepping
Note: Dynamic gmin stepping completed
Note: Starting dynamic gmin stepping
Note: Dynamic gmin stepping completed
Note: Starting dynamic gmin stepping
Note: Dynamic gmin stepping completed
Note: Starting dynamic gmin stepping
Note: Dynamic gmin stepping completed
Note: Starting dynamic gmin stepping
Note: Dynamic gmin stepping completed
Note: Starting dynamic gmin stepping
Note: Dynamic gmin stepping completed
Note: Starting dynamic gmin stepping
Note: Dynamic gmin stepping completed
Note: Starting dynamic gmin stepping
Note: Dynamic gmin stepping completed
Note: Starting dynamic gmin stepping
Note: Dynamic gmin stepping completed
Note: Starting dynamic gmin stepping
Note: Dynamic gmin stepping completed
Note: Starting dynamic gmin stepping
Note: Dynamic gmin stepping completed
Note: Starting dynamic gmin stepping
Note: Dynamic gmin stepping completed
Note: Starting dynamic gmin stepping
Note: Dynamic gmin stepping completed
Note: Starting dynamic gmin stepping
Note: Dynamic gmin stepping completed
Note: Starting dynamic gmin stepping
Note: Dynamic gmin stepping completed
Note: Starting dynamic gmin stepping
Note: Dynamic gmin stepping completed
Note: Starting dynamic gmin stepping
Note: Dynamic gmin stepping completed
Note: Starting dynamic gmin stepping
Note: Dynamic gmin stepping completed
Note: Starting dynamic gmin stepping
Note: Dynamic gmin stepping completed
Note: Starting dynamic gmin stepping
Note: Dynamic gmin stepping completed
Note: Starting dynamic gmin stepping
Note: Dynamic gmin stepping completed
Note: Starting dynamic gmin stepping
Note: Dynamic gmin stepping completed
Note: Starting dynamic gmin stepping
Note: Dynamic gmin stepping completed
Note: Starting dynamic gmin stepping
Note: Dynamic gmin stepping completed
Note: Starting dynamic gmin stepping
Note: Dynamic gmin stepping completed
Note: Starting dynamic gmin stepping
Note: Dynamic gmin stepping completed
Note: Starting dynamic gmin stepping
Note: Dynamic gmin stepping completed
Note: Starting dynamic gmin stepping
Note: Dynamic gmin stepping completed
Note: Starting dynamic gmin stepping
Note: Dynamic gmin stepping completed
Note: Starting dynamic gmin stepping
Note: Dynamic gmin stepping completed
Note: Starting dynamic gmin stepping
Note: Dynamic gmin stepping completed
Note: Starting dynamic gmin stepping
Note: Dynamic gmin stepping completed
