
Note: Compatibility modes selected: hs a


Circuit: * mc-output-accuracy @ tt_-40c_3.30v -- generated by sim/harness, do not edit

Doing analysis at TEMP = -40.000000 and TNOM = 27.000000

Using SPARSE 1.3 as Direct Linear Solver
 Reference value :  0.00000e+00
No. of Data Rows : 1
"MCSAMPLE 0 -1.44503 -0.0742583 -0.0132338 0.141961 -0.785398 -0.683904 0.630067 0.735197 0.303201 -0.144993 0.114525 -0.2163 0.0999295 -1.11393 -1.62314 -0.345055 -0.543105 -1.1751 -0.33206 -1.8214 -0.22399 -0.507445 -0.343045 -0.199175 0.254545"

Circuit: * mc-output-accuracy @ tt_-40c_3.30v -- generated by sim/harness, do not edit

Doing analysis at TEMP = -40.000000 and TNOM = 27.000000

Using SPARSE 1.3 as Direct Linear Solver
 Reference value :  0.00000e+00
No. of Data Rows : 1
"MCSAMPLE 1 -1.1352 -0.634503 0.118299 -1.65704 -0.327727 -0.920579 0.333587 -0.0444322 -0.0285966 1.19567 -0.367728 -0.100083 -0.888099 -0.297507 -1.32438 -1.41593 0.219875 -1.59415 -1.89143 -0.557 -0.216733 0.340433 0.25231 -1.30743 -0.434117"

Circuit: * mc-output-accuracy @ tt_-40c_3.30v -- generated by sim/harness, do not edit

Doing analysis at TEMP = -40.000000 and TNOM = 27.000000

Using SPARSE 1.3 as Direct Linear Solver
 Reference value :  0.00000e+00
No. of Data Rows : 1
"MCSAMPLE 2 -1.28724 -0.0136005 0.301917 0.558009 1.11939 -0.669875 -0.278261 -0.090493 -0.0465208 -0.0595297 -0.599716 -1.02135 -0.810188 -0.781457 0.82696 -0.350826 -1.11256 -1.16509 -0.22567 -1.917 -0.237651 -0.187466 -1.16023 0.63454 -1.48843"

Circuit: * mc-output-accuracy @ tt_-40c_3.30v -- generated by sim/harness, do not edit

Doing analysis at TEMP = -40.000000 and TNOM = 27.000000

Using SPARSE 1.3 as Direct Linear Solver
 Reference value :  0.00000e+00
No. of Data Rows : 1
"MCSAMPLE 3 0.080265 -0.132297 -0.382883 -0.819536 -0.501268 -0.206634 0.184277 -0.942432 -1.20383 -0.347236 -1.05929 -0.438186 -0.465741 -0.442934 0.64231 -0.0296758 -1.20296 -0.689392 -1.08597 -0.19864 -1.89613 -0.637931 -0.949829 -0.561476 -0.932405"

Circuit: * mc-output-accuracy @ tt_-40c_3.30v -- generated by sim/harness, do not edit

Doing analysis at TEMP = -40.000000 and TNOM = 27.000000

Using SPARSE 1.3 as Direct Linear Solver
 Reference value :  0.00000e+00
No. of Data Rows : 1
"MCSAMPLE 4 -1.91999 0.105546 -1.44354 -0.337965 -0.335266 -0.617003 -0.545959 -1.97522 -0.160492 -0.762238 -0.76236 -0.161285 -0.574147 -0.760116 0.732218 -0.867747 -0.1196 0.327527 -0.537592 -0.18911 -0.903912 -0.923672 0.36188 -0.983066 0.20148"

Circuit: * mc-output-accuracy @ tt_-40c_3.30v -- generated by sim/harness, do not edit

Doing analysis at TEMP = -40.000000 and TNOM = 27.000000

Using SPARSE 1.3 as Direct Linear Solver
 Reference value :  0.00000e+00
No. of Data Rows : 1
"MCSAMPLE 5 0.565433 -0.518997 -0.242063 -0.645662 -0.582808 0.258605 0.105177 -1.53011 -0.822002 0.0972447 -0.606263 -1.65689 0.725661 -0.377543 -0.880615 -0.153335 -0.202615 -1.05517 -1.06426 -0.875432 -0.590149 -0.967631 -0.310595 -0.405166 0.214254"

Circuit: * mc-output-accuracy @ tt_-40c_3.30v -- generated by sim/harness, do not edit

Doing analysis at TEMP = -40.000000 and TNOM = 27.000000

Using SPARSE 1.3 as Direct Linear Solver
 Reference value :  0.00000e+00
No. of Data Rows : 1
"MCSAMPLE 6 1.14023 -0.640864 -0.774677 -0.87807 1.90788 1.11095 -0.927849 0.502088 0.369718 0.203752 0.0577094 0.542155 -1.52416 -0.896435 1.09327 -1.7312 -1.53707 0.331448 -1.98332 -0.228526 -0.884965 -1.00562 -0.531351 -0.313847 -0.260925"

Circuit: * mc-output-accuracy @ tt_-40c_3.30v -- generated by sim/harness, do not edit

Doing analysis at TEMP = -40.000000 and TNOM = 27.000000

Using SPARSE 1.3 as Direct Linear Solver
 Reference value :  0.00000e+00
No. of Data Rows : 1
"MCSAMPLE 7 0.017024 -1.73757 -1.3789 -0.655927 -1.36777 -0.920578 -0.966999 -0.52756 -1.91636 -0.33914 -0.815171 -1.23868 -1.1092 -1.83772 -1.19524 -0.349162 -2.21555 -0.795057 0.141853 -0.540673 -0.73406 -2.10531 -0.472051 0.0334812 0.326423"

Circuit: * mc-output-accuracy @ tt_-40c_3.30v -- generated by sim/harness, do not edit

Doing analysis at TEMP = -40.000000 and TNOM = 27.000000

Using SPARSE 1.3 as Direct Linear Solver
 Reference value :  0.00000e+00
No. of Data Rows : 1
"MCSAMPLE 8 -0.0645083 -1.60977 0.338337 -0.763959 -2.15411 0.157219 -0.743898 -0.639471 1.33837 -0.934952 -0.446693 0.412731 -1.26304 -1.31137 -1.33142 -1.52684 -1.78486 -0.343515 0.912494 -0.433209 0.390831 -1.64354 -1.14363 -0.134468 -1.14232"

Circuit: * mc-output-accuracy @ tt_-40c_3.30v -- generated by sim/harness, do not edit

Doing analysis at TEMP = -40.000000 and TNOM = 27.000000

Using SPARSE 1.3 as Direct Linear Solver
 Reference value :  0.00000e+00
No. of Data Rows : 1
"MCSAMPLE 9 -0.952196 0.0853656 -1.24391 -1.59865 -0.706995 -0.229668 -1.33995 -0.260932 -0.405721 -0.0153036 -0.565277 -0.781119 -1.09335 -0.824218 0.141643 -0.0637002 -0.827782 -0.1068 -0.755419 -0.811138 -0.346583 -0.718387 0.00564865 0.0438933 -0.779369"

Circuit: * mc-output-accuracy @ tt_-40c_3.30v -- generated by sim/harness, do not edit

Doing analysis at TEMP = -40.000000 and TNOM = 27.000000

Using SPARSE 1.3 as Direct Linear Solver
 Reference value :  0.00000e+00
No. of Data Rows : 1
"MCSAMPLE 10 0.794499 -0.563713 0.21183 -0.680543 -0.445521 0.495452 -1.72255 0.00553955 -0.166317 -0.480851 -1.40478 -1.64396 0.709254 -1.74793 -1.01027 -1.73376 -0.49471 -1.33874 -0.55559 0.298908 -1.09354 -1.36236 -0.68402 -0.689354 -0.241682"

Circuit: * mc-output-accuracy @ tt_-40c_3.30v -- generated by sim/harness, do not edit

Doing analysis at TEMP = -40.000000 and TNOM = 27.000000

Using SPARSE 1.3 as Direct Linear Solver
 Reference value :  0.00000e+00
No. of Data Rows : 1
"MCSAMPLE 11 -0.77967 -0.87118 0.0921208 -0.526979 -0.719244 0.306397 -0.863767 -0.852095 -1.33551 -0.689968 -1.68168 -0.727442 0.260438 -0.346309 -0.889861 -0.839981 -1.44087 -0.540378 0.12417 -0.10115 -0.61483 -0.311889 -0.254231 -0.533447 -0.0218894"

Circuit: * mc-output-accuracy @ tt_-40c_3.30v -- generated by sim/harness, do not edit

Doing analysis at TEMP = -40.000000 and TNOM = 27.000000

Using SPARSE 1.3 as Direct Linear Solver
 Reference value :  0.00000e+00
No. of Data Rows : 1
"MCSAMPLE 12 -0.618916 -1.21087 -0.587708 0.167404 -1.99807 -1.5138 -0.986777 -1.16214 0.181375 0.208689 -0.0281055 -0.734395 -0.69831 -0.669175 -1.34737 -1.31095 -1.01417 -0.96246 0.13272 -1.30175 -0.887641 -1.54241 -0.265168 -1.35587 0.172184"

Circuit: * mc-output-accuracy @ tt_-40c_3.30v -- generated by sim/harness, do not edit

Doing analysis at TEMP = -40.000000 and TNOM = 27.000000

Using SPARSE 1.3 as Direct Linear Solver
 Reference value :  0.00000e+00
No. of Data Rows : 1
"MCSAMPLE 13 0.451423 -0.324523 -1.53421 0.296909 -1.28804 -1.2345 -1.00792 -0.987407 0.360625 -1.54444 0.467755 -1.13713 -0.54036 -1.25442 -0.572585 -1.57627 -1.32592 -0.437521 0.871494 -0.840729 0.581467 -1.77494 -0.616203 -2.21575 0.941221"

Circuit: * mc-output-accuracy @ tt_-40c_3.30v -- generated by sim/harness, do not edit

Doing analysis at TEMP = -40.000000 and TNOM = 27.000000

Using SPARSE 1.3 as Direct Linear Solver
 Reference value :  0.00000e+00
No. of Data Rows : 1
"MCSAMPLE 14 -1.67905 0.00545799 -0.843637 -0.741272 -0.171847 -0.704876 0.772793 -1.14661 -0.130947 0.707269 -0.163449 -1.46876 0.049079 -1.14999 0.684419 0.27833 0.278312 -1.52822 -1.37978 -0.170501 -0.347736 -1.01367 0.0358856 0.256601 0.308476"

Circuit: * mc-output-accuracy @ tt_-40c_3.30v -- generated by sim/harness, do not edit

Doing analysis at TEMP = -40.000000 and TNOM = 27.000000

Using SPARSE 1.3 as Direct Linear Solver
 Reference value :  0.00000e+00
No. of Data Rows : 1
"MCSAMPLE 15 -0.553232 0.123544 -0.11514 1.39613 -0.403129 -0.848764 -1.02169 -1.16636 -1.71208 -0.956754 -1.53941 0.381857 -1.76597 -0.737954 0.465569 0.339652 -1.4972 -0.250271 0.0685678 -0.331558 -0.334378 -1.00511 -0.938879 -0.788671 0.0304807"

Circuit: * mc-output-accuracy @ tt_-40c_3.30v -- generated by sim/harness, do not edit

Doing analysis at TEMP = -40.000000 and TNOM = 27.000000

Using SPARSE 1.3 as Direct Linear Solver
 Reference value :  0.00000e+00
No. of Data Rows : 1
"MCSAMPLE 16 -1.25133 -0.605934 -1.08762 -0.865996 -0.933479 -0.398419 0.592391 -1.92967 -1.15427 -0.595953 -0.223158 -0.306386 -0.43767 0.0984902 -1.48795 -1.14029 -0.613595 -0.907805 0.736439 -0.0212191 -0.669475 -0.546784 0.297332 0.0190866 -1.00689"

Circuit: * mc-output-accuracy @ tt_-40c_3.30v -- generated by sim/harness, do not edit

Doing analysis at TEMP = -40.000000 and TNOM = 27.000000

Using SPARSE 1.3 as Direct Linear Solver
 Reference value :  0.00000e+00
No. of Data Rows : 1
"MCSAMPLE 17 1.09229 -0.928632 0.138852 0.0895307 0.0145551 -0.496516 0.613437 -0.531191 -0.199791 -0.965759 -2.5967 -0.409223 -1.02205 -1.00153 -1.58398 -0.351636 -0.222021 0.217401 0.0932961 -0.944219 -1.23616 -1.41081 -1.39475 -0.74545 0.548156"

Circuit: * mc-output-accuracy @ tt_-40c_3.30v -- generated by sim/harness, do not edit

Doing analysis at TEMP = -40.000000 and TNOM = 27.000000

Using SPARSE 1.3 as Direct Linear Solver
 Reference value :  0.00000e+00
No. of Data Rows : 1
"MCSAMPLE 18 -0.0353519 -1.09747 -0.699843 -1.06541 -0.254943 -0.291108 -1.86921 -0.662849 -0.835814 -1.38531 0.0172353 -0.151688 0.758835 -1.47814 -1.8773 0.0939063 0.236164 0.581465 -2.03707 -1.03685 0.124364 0.743744 -1.3241 -0.869412 0.3353"

Circuit: * mc-output-accuracy @ tt_-40c_3.30v -- generated by sim/harness, do not edit

Doing analysis at TEMP = -40.000000 and TNOM = 27.000000

Using SPARSE 1.3 as Direct Linear Solver
 Reference value :  0.00000e+00
No. of Data Rows : 1
"MCSAMPLE 19 -0.561902 0.0712485 -1.44802 -2.91657 -1.30079 -0.940683 -0.714023 -0.737492 -0.817665 -0.253012 -0.118927 -0.0356414 -0.444121 -1.88885 -1.96656 -0.127658 -0.627907 -1.05949 -0.402831 -0.989826 -0.127004 -1.03679 -0.315668 -0.331747 -0.645546"

Circuit: * mc-output-accuracy @ tt_-40c_3.30v -- generated by sim/harness, do not edit

Doing analysis at TEMP = -40.000000 and TNOM = 27.000000

Using SPARSE 1.3 as Direct Linear Solver
 Reference value :  0.00000e+00
No. of Data Rows : 1
"MCSAMPLE 20 -0.887519 -0.942774 -1.6516 -0.698605 -0.900011 0.289686 0.127231 -1.11667 -0.646729 0.0820985 0.596697 -1.48089 0.249877 -0.796548 -0.022731 0.0324247 -0.185973 -0.909927 -0.689474 0.0648221 -0.190443 -0.389563 -1.23696 -0.0273755 -1.28963"

Circuit: * mc-output-accuracy @ tt_-40c_3.30v -- generated by sim/harness, do not edit

Doing analysis at TEMP = -40.000000 and TNOM = 27.000000

Using SPARSE 1.3 as Direct Linear Solver
 Reference value :  0.00000e+00
No. of Data Rows : 1
"MCSAMPLE 21 -1.15694 0.0379116 -0.566942 -0.355611 -1.4043 -0.55736 -0.824785 -0.892151 -0.479834 0.444194 0.524223 -0.843525 -0.544043 -1.5987 -1.70295 -2.33659 -0.164107 -1.1817 0.715798 -0.200875 -0.694042 -0.691507 -0.505133 -0.240413 0.495469"

Circuit: * mc-output-accuracy @ tt_-40c_3.30v -- generated by sim/harness, do not edit

Doing analysis at TEMP = -40.000000 and TNOM = 27.000000

Using SPARSE 1.3 as Direct Linear Solver
 Reference value :  0.00000e+00
No. of Data Rows : 1
"MCSAMPLE 22 -0.278213 -0.580091 -0.10838 -0.443215 -0.363289 -1.02889 -0.699611 -0.577871 -0.381959 -0.720899 -0.513534 -0.421217 -0.682432 -0.262004 0.209025 -0.696275 -1.22336 0.741642 -0.515907 -0.0911663 -0.346914 -0.108012 0.379062 -0.00139422 -0.710316"

Circuit: * mc-output-accuracy @ tt_-40c_3.30v -- generated by sim/harness, do not edit

Doing analysis at TEMP = -40.000000 and TNOM = 27.000000

Using SPARSE 1.3 as Direct Linear Solver
 Reference value :  0.00000e+00
No. of Data Rows : 1
"MCSAMPLE 23 -0.651114 -0.980138 -0.976808 0.684011 0.0893617 0.134927 -0.768085 -0.606673 1.12551 -1.13545 0.599589 -1.20221 -0.646483 -0.863296 -0.505863 -1.15763 -1.50201 0.183557 -1.29985 -0.134611 -0.845685 -1.24036 -1.0878 -1.30668 -0.738933"

Circuit: * mc-output-accuracy @ tt_-40c_3.30v -- generated by sim/harness, do not edit

Doing analysis at TEMP = -40.000000 and TNOM = 27.000000

Using SPARSE 1.3 as Direct Linear Solver
 Reference value :  0.00000e+00
No. of Data Rows : 1
"MCSAMPLE 24 -0.19515 -0.778745 -0.178422 -0.462082 -0.523434 0.603654 -2.04489 -0.469677 0.566689 -0.796744 0.592295 -0.23692 -0.821264 -0.406152 -0.787172 0.514575 -0.836567 -1.58762 -1.97585 -2.26534 -0.57238 -0.880135 -0.512941 -0.756665 1.30583"

Circuit: * mc-output-accuracy @ tt_-40c_3.30v -- generated by sim/harness, do not edit

Doing analysis at TEMP = -40.000000 and TNOM = 27.000000

Using SPARSE 1.3 as Direct Linear Solver
 Reference value :  0.00000e+00
No. of Data Rows : 1
"MCSAMPLE 25 -0.84282 -1.45677 -0.678718 -0.794929 -0.614531 -0.695998 -0.452992 -0.363094 -0.956959 -0.627224 -1.12648 -0.961013 -0.197356 0.204641 -0.213902 -0.478109 -1.05692 -0.725869 -0.839694 -1.18069 -0.666167 0.73882 -0.456151 -0.911613 -1.35681"

Circuit: * mc-output-accuracy @ tt_-40c_3.30v -- generated by sim/harness, do not edit

Doing analysis at TEMP = -40.000000 and TNOM = 27.000000

Using SPARSE 1.3 as Direct Linear Solver
 Reference value :  0.00000e+00
No. of Data Rows : 1
"MCSAMPLE 26 -0.595807 -1.32219 -0.141192 -1.37923 -0.937821 -0.41294 -0.325964 -1.05714 -0.863175 -1.36349 -0.328784 -1.05477 -1.50065 -0.30974 -0.505014 0.527017 -0.693028 0.279298 -0.0944005 1.10656 -0.0500317 -1.47656 -1.16297 0.265632 -0.289593"

Circuit: * mc-output-accuracy @ tt_-40c_3.30v -- generated by sim/harness, do not edit

Doing analysis at TEMP = -40.000000 and TNOM = 27.000000

Using SPARSE 1.3 as Direct Linear Solver
 Reference value :  0.00000e+00
No. of Data Rows : 1
"MCSAMPLE 27 -1.05437 -1.59021 -0.740567 0.256367 -2.14747 1.18951 -0.136723 0.527578 -0.687852 -0.339087 -1.05004 -0.00653128 -0.0296014 -1.23877 0.807875 -0.770861 -0.89569 -0.983865 -1.28457 -0.205502 0.0831034 -0.769444 -0.994166 -1.09854 -0.934659"

Circuit: * mc-output-accuracy @ tt_-40c_3.30v -- generated by sim/harness, do not edit

Doing analysis at TEMP = -40.000000 and TNOM = 27.000000

Using SPARSE 1.3 as Direct Linear Solver
 Reference value :  0.00000e+00
No. of Data Rows : 1
"MCSAMPLE 28 -0.273075 -0.0190665 -0.536268 -0.391902 0.0596859 -0.877552 0.00458867 -0.588824 -0.044619 -1.57818 0.538288 0.021566 0.749762 -1.33908 -0.471295 0.0609849 -1.1996 -1.15079 0.29142 -0.182437 -1.99735 0.746658 -1.47227 0.488096 0.244324"

Circuit: * mc-output-accuracy @ tt_-40c_3.30v -- generated by sim/harness, do not edit

Doing analysis at TEMP = -40.000000 and TNOM = 27.000000

Using SPARSE 1.3 as Direct Linear Solver
 Reference value :  0.00000e+00
No. of Data Rows : 1
"MCSAMPLE 29 -1.38213 -0.227446 0.317156 -1.23984 -0.483414 -0.393578 0.590523 -0.695436 -1.31663 0.574042 -0.296503 -0.594812 -0.839214 -0.226131 -0.387447 -0.85418 -0.509854 -0.366211 -0.334777 -0.410378 -0.516261 -1.26255 0.648921 -0.834337 -0.0608711"

Circuit: * mc-output-accuracy @ tt_-40c_3.30v -- generated by sim/harness, do not edit

Doing analysis at TEMP = -40.000000 and TNOM = 27.000000

Using SPARSE 1.3 as Direct Linear Solver
 Reference value :  0.00000e+00
No. of Data Rows : 1
"MCSAMPLE 30 -1.18451 -0.904288 -0.474479 0.0801977 -1.04479 0.641568 -0.379909 -0.899738 -0.0709485 -0.80094 -0.264156 -0.916586 0.25596 0.682359 -0.178247 -1.15518 -1.11818 -0.438919 0.0503457 -0.515423 -1.79843 -0.322472 -0.802655 -1.26865 -0.798995"

Circuit: * mc-output-accuracy @ tt_-40c_3.30v -- generated by sim/harness, do not edit

Doing analysis at TEMP = -40.000000 and TNOM = 27.000000

Using SPARSE 1.3 as Direct Linear Solver
 Reference value :  0.00000e+00
No. of Data Rows : 1
"MCSAMPLE 31 -0.870732 -0.595192 -0.15204 -1.28566 -2.13426 0.088104 -0.196235 -0.197707 -0.910749 -0.501109 -0.431142 0.391075 -0.971226 -0.925636 -1.06416 0.120713 -0.572952 -2.04912 -0.702018 -0.609606 0.207677 -0.781041 0.477577 -0.12792 -0.903874"

Circuit: * mc-output-accuracy @ tt_-40c_3.30v -- generated by sim/harness, do not edit

Doing analysis at TEMP = -40.000000 and TNOM = 27.000000

Using SPARSE 1.3 as Direct Linear Solver
 Reference value :  0.00000e+00
No. of Data Rows : 1
"MCSAMPLE 32 -0.404362 -1.20604 -0.507986 0.0560968 -1.55446 -1.00679 0.954124 -1.13035 -1.73194 -0.87239 -0.247743 -0.537959 -1.38086 -1.346 0.00268219 0.204905 -0.811299 0.175741 -0.0925832 -0.690466 0.754358 -0.755653 -1.95528 -1.41895 -0.267526"

Circuit: * mc-output-accuracy @ tt_-40c_3.30v -- generated by sim/harness, do not edit

Doing analysis at TEMP = -40.000000 and TNOM = 27.000000

Using SPARSE 1.3 as Direct Linear Solver
 Reference value :  0.00000e+00
No. of Data Rows : 1
"MCSAMPLE 33 -0.421312 1.06832 -0.752495 -0.8944 -0.396082 -0.165274 -1.72547 -0.343878 0.381154 -0.581841 -0.384038 -1.26258 -1.8604 -1.21057 -0.58744 -0.656011 -0.925475 -0.18572 -0.692216 -0.416872 -0.905825 -1.53449 -0.396857 -0.165064 -0.999478"

Circuit: * mc-output-accuracy @ tt_-40c_3.30v -- generated by sim/harness, do not edit

Doing analysis at TEMP = -40.000000 and TNOM = 27.000000

Using SPARSE 1.3 as Direct Linear Solver
 Reference value :  0.00000e+00
No. of Data Rows : 1
"MCSAMPLE 34 -0.690538 0.949588 -0.445545 0.521772 -0.0101366 -1.15935 -0.60188 -0.267871 0.0825594 -1.37183 -0.204322 -0.492385 -0.502004 -0.642397 1.05987 -1.03778 -0.394343 -0.720396 0.256331 -1.31444 -1.08556 -0.680049 -1.31025 -1.22582 -0.169819"

Circuit: * mc-output-accuracy @ tt_-40c_3.30v -- generated by sim/harness, do not edit

Doing analysis at TEMP = -40.000000 and TNOM = 27.000000

Using SPARSE 1.3 as Direct Linear Solver
 Reference value :  0.00000e+00
No. of Data Rows : 1
"MCSAMPLE 35 -0.769201 -0.588561 -0.824413 -0.575876 -0.192962 0.630881 -0.540748 0.532671 -0.587182 -1.38782 -0.31482 -1.19266 -0.223567 -0.76128 -0.905183 0.157597 0.247688 -1.16582 0.0535388 -1.26552 -0.121136 -1.08185 -0.9476 -1.14551 0.391797"

Circuit: * mc-output-accuracy @ tt_-40c_3.30v -- generated by sim/harness, do not edit

Doing analysis at TEMP = -40.000000 and TNOM = 27.000000

Using SPARSE 1.3 as Direct Linear Solver
 Reference value :  0.00000e+00
No. of Data Rows : 1
"MCSAMPLE 36 -0.341979 -0.565865 -0.700957 -0.491067 -0.968678 -0.797342 0.562447 -0.853836 -0.194746 -1.8491 0.458744 0.43925 -1.25859 0.0558695 -1.0029 -0.515863 0.359723 -0.556297 -0.279737 -0.174609 -0.558032 0.00937017 -0.225722 0.284162 -1.21267"

Circuit: * mc-output-accuracy @ tt_-40c_3.30v -- generated by sim/harness, do not edit

Doing analysis at TEMP = -40.000000 and TNOM = 27.000000

Using SPARSE 1.3 as Direct Linear Solver
 Reference value :  0.00000e+00
No. of Data Rows : 1
"MCSAMPLE 37 -0.302244 -0.278348 -0.436182 -0.647353 -0.908214 -0.821038 -1.16123 -0.789984 0.136023 -0.0702203 -1.02768 -0.166509 -0.298705 0.166135 0.682401 -1.78161 -0.898339 -1.16777 -0.498246 0.469177 -0.457941 -0.259363 -0.430355 0.0525186 -1.22098"

Circuit: * mc-output-accuracy @ tt_-40c_3.30v -- generated by sim/harness, do not edit

Doing analysis at TEMP = -40.000000 and TNOM = 27.000000

Using SPARSE 1.3 as Direct Linear Solver
 Reference value :  0.00000e+00
No. of Data Rows : 1
"MCSAMPLE 38 -0.82768 -0.59188 -0.733758 -0.852735 0.077426 -1.4684 -0.360198 -1.53331 -1.63651 -0.288832 -0.40055 -0.616916 -1.33054 -0.436339 -0.727803 -0.723512 -1.51239 0.0161154 -0.517215 0.733005 0.0914618 -1.00781 -0.297634 -0.487788 -0.35765"

Circuit: * mc-output-accuracy @ tt_-40c_3.30v -- generated by sim/harness, do not edit

Doing analysis at TEMP = -40.000000 and TNOM = 27.000000

Using SPARSE 1.3 as Direct Linear Solver
 Reference value :  0.00000e+00
No. of Data Rows : 1
"MCSAMPLE 39 -0.440271 -1.51283 -0.892128 0.722177 -0.479695 -1.22646 0.568521 0.141659 -0.167828 -0.21915 -0.316969 -0.766776 -1.06459 -0.715951 -1.9419 -2.36658 -0.348529 -0.182165 -0.569207 -0.104193 -0.363291 0.344664 0.783202 -0.707457 -0.780809"

Circuit: * mc-output-accuracy @ tt_-40c_3.30v -- generated by sim/harness, do not edit

m_n_samples = 1.0000000000e+03
m_n_bad_solves = 0.0000000000e+00
m_mean_mv = -5.443720650e-01
m_sigma_mv = 6.9109365059e-01
m_sigma3_mv = 2.0732809518e+00
m_worst_abs_mv = 2.9165689189e+00
m_vos_in_mean_uv = -3.629147100e+02
m_vos_in_sigma3_mv = 1.3821873012e+00
m_divider_exact_uv = 2.5961511829e-03
Note: Simulation executed from .control section 

Warning: m=xx on .subckt line will override multiplier m hierarchy!

Note: Starting dynamic gmin stepping
Note: Dynamic gmin stepping completed
Note: Starting dynamic gmin stepping
Note: Dynamic gmin stepping completed
Note: Starting dynamic gmin stepping
Note: Dynamic gmin stepping completed
Note: Starting dynamic gmin stepping
Note: Dynamic gmin stepping completed
Note: Starting dynamic gmin stepping
Note: Dynamic gmin stepping completed
Note: Starting dynamic gmin stepping
Note: Dynamic gmin stepping completed
Note: Starting dynamic gmin stepping
Note: Dynamic gmin stepping completed
Note: Starting dynamic gmin stepping
Note: Dynamic gmin stepping completed
Note: Starting dynamic gmin stepping
Note: Dynamic gmin stepping completed
Note: Starting dynamic gmin stepping
Note: Dynamic gmin stepping completed
Note: Starting dynamic gmin stepping
Note: Dynamic gmin stepping completed
Note: Starting dynamic gmin stepping
Note: Dynamic gmin stepping completed
Note: Starting dynamic gmin stepping
Note: Dynamic gmin stepping completed
Note: Starting dynamic gmin stepping
Note: Dynamic gmin stepping completed
Note: Starting dynamic gmin stepping
Note: Dynamic gmin stepping completed
Note: Starting dynamic gmin stepping
Note: Dynamic gmin stepping completed
Note: Starting dynamic gmin stepping
Note: Dynamic gmin stepping completed
Note: Starting dynamic gmin stepping
Note: Dynamic gmin stepping completed
Note: Starting dynamic gmin stepping
Note: Dynamic gmin stepping completed
Note: Starting dynamic gmin stepping
Note: Dynamic gmin stepping completed
Note: Starting dynamic gmin stepping
Note: Dynamic gmin stepping completed
Note: Starting dynamic gmin stepping
Note: Dynamic gmin stepping completed
Note: Starting dynamic gmin stepping
Note: Dynamic gmin stepping completed
Note: Starting dynamic gmin stepping
Note: Dynamic gmin stepping completed
Note: Starting dynamic gmin stepping
Note: Dynamic gmin stepping completed
Note: Starting dynamic gmin stepping
Note: Dynamic gmin stepping completed
Note: Starting dynamic gmin stepping
Note: Dynamic gmin stepping completed
Note: Starting dynamic gmin stepping
Note: Dynamic gmin stepping completed
Note: Starting dynamic gmin stepping
Note: Dynamic gmin stepping completed
Note: Starting dynamic gmin stepping
Note: Dynamic gmin stepping completed
Note: Starting dynamic gmin stepping
Note: Dynamic gmin stepping completed
Note: Starting dynamic gmin stepping
Note: Dynamic gmin stepping completed
Note: Starting dynamic gmin stepping
Note: Dynamic gmin stepping completed
Note: Starting dynamic gmin stepping
Note: Dynamic gmin stepping completed
Note: Starting dynamic gmin stepping
Note: Dynamic gmin stepping completed
Note: Starting dynamic gmin stepping
Note: Dynamic gmin stepping completed
Note: Starting dynamic gmin stepping
Note: Dynamic gmin stepping completed
Note: Starting dynamic gmin stepping
Note: Dynamic gmin stepping completed
Note: Starting dynamic gmin stepping
Note: Dynamic gmin stepping completed
Note: Starting dynamic gmin stepping
Note: Dynamic gmin stepping completed
