
Note: Compatibility modes selected: hs a


Circuit: * mc-output-accuracy @ tt_125c_3.63v -- generated by sim/harness, do not edit

Doing analysis at TEMP = 125.000000 and TNOM = 27.000000

Using SPARSE 1.3 as Direct Linear Solver
 Reference value :  0.00000e+00
No. of Data Rows : 1
"MCSAMPLE 0 -1.2513 -1.43939 -2.14729 -0.420698 0.27336 -0.411048 -1.11055 -0.549169 -0.923414 -0.870091 -1.06884 -1.49187 -1.5135 -1.47673 -1.48157 -1.00948 -1.51264 -0.108293 -0.78993 -1.78485 0.94459 -1.23846 -0.132322 -1.99549 -2.08747"

Circuit: * mc-output-accuracy @ tt_125c_3.63v -- generated by sim/harness, do not edit

Doing analysis at TEMP = 125.000000 and TNOM = 27.000000

Using SPARSE 1.3 as Direct Linear Solver
 Reference value :  0.00000e+00
No. of Data Rows : 1
"MCSAMPLE 1 -0.710537 -1.67683 -0.182854 -1.43461 -2.26793 -0.645818 -2.1201 -0.753312 -1.41358 0.147828 -1.16985 -0.452172 -1.21989 -0.972801 -1.19002 -0.708775 -1.42231 -1.40793 -1.39214 -1.40208 -1.15272 -1.73222 -1.46437 -0.817177 -1.31915"

Circuit: * mc-output-accuracy @ tt_125c_3.63v -- generated by sim/harness, do not edit

Doing analysis at TEMP = 125.000000 and TNOM = 27.000000

Using SPARSE 1.3 as Direct Linear Solver
 Reference value :  0.00000e+00
No. of Data Rows : 1
"MCSAMPLE 2 -1.65323 -0.555999 0.183662 -0.139735 -1.60252 -0.57845 -1.95071 -1.78883 -0.223824 -0.0348967 -0.847806 -0.610258 -1.89659 -0.275673 -0.209296 -1.09267 -1.10775 -1.18151 -0.181677 -1.64262 -1.20412 -0.278739 -0.32185 -0.874833 -1.76567"

Circuit: * mc-output-accuracy @ tt_125c_3.63v -- generated by sim/harness, do not edit

Doing analysis at TEMP = 125.000000 and TNOM = 27.000000

Using SPARSE 1.3 as Direct Linear Solver
 Reference value :  0.00000e+00
No. of Data Rows : 1
"MCSAMPLE 3 -0.721657 -2.43177 -0.49099 0.181577 -1.09105 -1.31322 -1.5506 -0.155903 -1.90673 -0.0313452 -1.9534 -0.142055 -1.71385 -1.16283 -0.359234 -1.70896 -0.97867 0.177127 -1.11241 -0.471061 -1.86031 0.196124 0.538477 0.193377 -0.67789"

Circuit: * mc-output-accuracy @ tt_125c_3.63v -- generated by sim/harness, do not edit

Doing analysis at TEMP = 125.000000 and TNOM = 27.000000

Using SPARSE 1.3 as Direct Linear Solver
 Reference value :  0.00000e+00
No. of Data Rows : 1
"MCSAMPLE 4 -1.91562 -0.813855 -0.156207 -1.39652 -1.05895 -2.308 -0.204078 -0.928511 -0.590655 -1.66089 -1.39884 -0.126666 -1.8557 -1.45515 -0.724793 -1.18183 -1.91356 -1.88888 -0.7006 -0.573242 -0.733778 -0.87963 -1.66577 -0.427333 -1.47945"

Circuit: * mc-output-accuracy @ tt_125c_3.63v -- generated by sim/harness, do not edit

Doing analysis at TEMP = 125.000000 and TNOM = 27.000000

Using SPARSE 1.3 as Direct Linear Solver
 Reference value :  0.00000e+00
No. of Data Rows : 1
"MCSAMPLE 5 -1.56705 -0.488396 -1.4755 -0.825934 1.04971 -1.05702 -0.191492 -0.263793 -1.03207 -1.93486 -1.60892 -1.10785 -1.24969 -0.513299 -2.2182 -1.40524 -1.51035 -2.02508 -1.11535 -0.258653 -0.3453 0.56865 -2.68763 -1.16751 -1.78163"

Circuit: * mc-output-accuracy @ tt_125c_3.63v -- generated by sim/harness, do not edit

Doing analysis at TEMP = 125.000000 and TNOM = 27.000000

Using SPARSE 1.3 as Direct Linear Solver
 Reference value :  0.00000e+00
No. of Data Rows : 1
"MCSAMPLE 6 -1.21521 0.411876 -1.59498 -0.0307779 -0.92263 -1.35057 -2.45807 -1.69385 -0.979496 -0.330528 -0.54398 -2.6125 -0.870078 0.280417 -0.412416 -0.917156 0.978301 0.22737 -1.51833 -1.56197 -2.54921 -1.21411 -0.794839 -0.259743 -1.58023"

Circuit: * mc-output-accuracy @ tt_125c_3.63v -- generated by sim/harness, do not edit

Doing analysis at TEMP = 125.000000 and TNOM = 27.000000

Using SPARSE 1.3 as Direct Linear Solver
 Reference value :  0.00000e+00
No. of Data Rows : 1
"MCSAMPLE 7 -0.339256 -1.14322 -0.572194 -0.895201 -0.906801 -1.6337 -1.70486 -0.99847 -1.14986 -1.29861 -0.188129 -0.308691 -1.48854 -1.28059 -0.978328 -0.124242 -0.196809 -0.513707 -1.07463 -0.519562 -0.924021 -0.745689 -2.15722 -1.63496 -0.855017"

Circuit: * mc-output-accuracy @ tt_125c_3.63v -- generated by sim/harness, do not edit

Doing analysis at TEMP = 125.000000 and TNOM = 27.000000

Using SPARSE 1.3 as Direct Linear Solver
 Reference value :  0.00000e+00
No. of Data Rows : 1
"MCSAMPLE 8 -0.234662 0.0927074 -1.17273 -1.05622 -0.435683 -0.238193 -1.48185 -0.872107 -1.10652 -0.851607 -1.13833 -1.10858 -0.0142064 -1.95445 -0.579527 0.0897533 -0.938359 0.410091 -1.12611 -1.08488 -1.50663 -1.39369 0.446697 0.433921 -1.34275"

Circuit: * mc-output-accuracy @ tt_125c_3.63v -- generated by sim/harness, do not edit

Doing analysis at TEMP = 125.000000 and TNOM = 27.000000

Using SPARSE 1.3 as Direct Linear Solver
 Reference value :  0.00000e+00
No. of Data Rows : 1
"MCSAMPLE 9 0.144534 -1.78 -1.89117 -1.81225 -0.563759 -0.157359 0.526582 -1.27635 -0.087596 -1.42214 -0.804893 -1.54198 -1.41399 -0.853696 -1.11357 -0.829517 -0.833506 -1.9872 -0.731775 -0.782267 -0.493333 -0.633548 -1.32074 -0.905554 -1.66899"

Circuit: * mc-output-accuracy @ tt_125c_3.63v -- generated by sim/harness, do not edit

Doing analysis at TEMP = 125.000000 and TNOM = 27.000000

Using SPARSE 1.3 as Direct Linear Solver
 Reference value :  0.00000e+00
No. of Data Rows : 1
"MCSAMPLE 10 -0.9994 -1.51525 -0.895992 -0.844213 -1.95506 -1.7584 -0.389201 -1.7315 -0.48675 -1.68091 0.0634714 -1.82666 -1.60049 -1.46952 0.532107 -1.12922 -0.974862 -1.40757 -2.37692 -0.969182 0.419908 -1.21762 -1.0189 -1.32373 -1.1573"

Circuit: * mc-output-accuracy @ tt_125c_3.63v -- generated by sim/harness, do not edit

Doing analysis at TEMP = 125.000000 and TNOM = 27.000000

Using SPARSE 1.3 as Direct Linear Solver
 Reference value :  0.00000e+00
No. of Data Rows : 1
"MCSAMPLE 11 -0.462969 -2.05068 0.145371 -0.974402 -0.377641 -2.6574 -1.14985 -0.663796 -0.669499 -2.01695 -0.167992 0.842737 -0.240238 -0.815045 -1.31713 -0.84038 -1.20879 -0.79886 -0.752225 -0.950751 -0.36104 -0.0773026 -1.0434 -1.19696 -0.910723"

Circuit: * mc-output-accuracy @ tt_125c_3.63v -- generated by sim/harness, do not edit

Doing analysis at TEMP = 125.000000 and TNOM = 27.000000

Using SPARSE 1.3 as Direct Linear Solver
 Reference value :  0.00000e+00
No. of Data Rows : 1
"MCSAMPLE 12 -0.0773987 -0.534825 -1.37294 -0.262622 -1.51621 -1.46305 -0.977487 -0.827015 -1.71713 -0.119736 -1.19812 0.244081 -1.03078 -1.44761 -0.14694 -0.945014 -0.155181 -1.317 -0.664252 -1.3218 -1.41578 -0.555834 -1.73927 -0.0980554 -1.50701"

Circuit: * mc-output-accuracy @ tt_125c_3.63v -- generated by sim/harness, do not edit

Doing analysis at TEMP = 125.000000 and TNOM = 27.000000

Using SPARSE 1.3 as Direct Linear Solver
 Reference value :  0.00000e+00
No. of Data Rows : 1
"MCSAMPLE 13 -0.985307 -1.8924 -1.11246 -1.67917 -1.14033 -1.63789 0.02791 -0.414343 -1.04646 -0.774671 -0.695352 -0.766029 -0.28985 -1.64734 -0.285235 -0.383376 -1.49152 0.0440711 -0.512496 -0.29205 0.1081 0.321195 -0.926376 -1.01897 -1.30734"

Circuit: * mc-output-accuracy @ tt_125c_3.63v -- generated by sim/harness, do not edit

Doing analysis at TEMP = 125.000000 and TNOM = 27.000000

Using SPARSE 1.3 as Direct Linear Solver
 Reference value :  0.00000e+00
No. of Data Rows : 1
"MCSAMPLE 14 -0.383688 -1.00622 -1.72168 -0.640295 -1.01219 -1.57822 -2.78167 -1.04846 -3.02386 -0.760507 -0.952072 -2.84114 0.0207893 -0.0689179 -0.909445 -1.08966 -0.0321193 0.671872 -1.0481 -0.437793 -1.30601 -2.02273 -0.888674 -1.39173 -0.230088"

Circuit: * mc-output-accuracy @ tt_125c_3.63v -- generated by sim/harness, do not edit

Doing analysis at TEMP = 125.000000 and TNOM = 27.000000

Using SPARSE 1.3 as Direct Linear Solver
 Reference value :  0.00000e+00
No. of Data Rows : 1
"MCSAMPLE 15 -0.348967 -0.849716 -0.684739 -0.0270565 0.144669 -2.11727 -0.535061 -1.34326 -1.34472 -0.537118 -1.67688 -1.98648 -1.17062 -0.337318 -0.3446 -0.729287 -1.48617 -1.872 -0.70439 -0.280827 -0.926051 0.19186 -1.54329 -1.39414 -1.27477"

Circuit: * mc-output-accuracy @ tt_125c_3.63v -- generated by sim/harness, do not edit

Doing analysis at TEMP = 125.000000 and TNOM = 27.000000

Using SPARSE 1.3 as Direct Linear Solver
 Reference value :  0.00000e+00
No. of Data Rows : 1
"MCSAMPLE 16 -1.18515 -0.556809 -0.36016 -1.24496 -2.00674 -0.466725 -0.462072 -1.38162 -1.16345 -1.35856 -1.40341 -1.3108 -1.3401 -0.889046 -1.42112 -1.23664 0.326241 -0.65051 -1.70745 -1.06995 -1.26852 -0.2083 0.308892 -1.54726 -0.302467"

Circuit: * mc-output-accuracy @ tt_125c_3.63v -- generated by sim/harness, do not edit

Doing analysis at TEMP = 125.000000 and TNOM = 27.000000

Using SPARSE 1.3 as Direct Linear Solver
 Reference value :  0.00000e+00
No. of Data Rows : 1
"MCSAMPLE 17 -0.445771 -1.06882 -0.749182 -1.14736 0.460518 -0.377628 -0.668808 -1.62539 0.474031 -2.02636 -1.07868 -1.50879 -0.694167 -0.563356 -1.23031 -1.10154 -0.783311 -0.391189 -1.46787 -0.451706 -0.195057 -1.5168 -0.34263 -1.64439 -1.62871"

Circuit: * mc-output-accuracy @ tt_125c_3.63v -- generated by sim/harness, do not edit

Doing analysis at TEMP = 125.000000 and TNOM = 27.000000

Using SPARSE 1.3 as Direct Linear Solver
 Reference value :  0.00000e+00
No. of Data Rows : 1
"MCSAMPLE 18 -1.45643 -1.70473 -0.953391 -1.23109 -1.10249 -0.670809 -0.596829 -0.346758 -0.929053 -1.63533 -0.695014 -0.422142 -1.00193 -0.82063 -0.0174333 -1.94467 -1.43846 -1.37962 -1.13784 0.194057 -0.569467 -1.22225 -1.24633 -0.27068 -0.453613"

Circuit: * mc-output-accuracy @ tt_125c_3.63v -- generated by sim/harness, do not edit

Doing analysis at TEMP = 125.000000 and TNOM = 27.000000

Using SPARSE 1.3 as Direct Linear Solver
 Reference value :  0.00000e+00
No. of Data Rows : 1
"MCSAMPLE 19 -1.29635 -1.20057 -2.04202 -1.15282 0.385246 -0.421975 -0.775767 -1.01046 -1.38773 -0.498882 -0.0675565 -0.736336 -0.248668 -1.01628 -2.00913 -0.217178 -1.08133 -0.661238 -0.624684 -1.07798 0.120323 -1.15054 -1.79136 -0.868069 -0.872637"

Circuit: * mc-output-accuracy @ tt_125c_3.63v -- generated by sim/harness, do not edit

Doing analysis at TEMP = 125.000000 and TNOM = 27.000000

Using SPARSE 1.3 as Direct Linear Solver
 Reference value :  0.00000e+00
No. of Data Rows : 1
"MCSAMPLE 20 -1.27795 -0.371266 -1.11863 -0.855541 0.385403 -0.00348244 -0.8706 -1.21674 -1.17151 0.33604 -0.139546 -0.819673 -0.804803 -1.23319 -1.06314 -1.74216 -1.23551 -0.502896 -1.88155 0.110654 -1.02585 -0.135288 0.0982898 0.0908788 -1.60122"

Circuit: * mc-output-accuracy @ tt_125c_3.63v -- generated by sim/harness, do not edit

Doing analysis at TEMP = 125.000000 and TNOM = 27.000000

Using SPARSE 1.3 as Direct Linear Solver
 Reference value :  0.00000e+00
No. of Data Rows : 1
"MCSAMPLE 21 -0.869115 -0.324031 -0.746953 0.111971 -1.2627 -1.76103 -1.38567 -0.716449 -2.05585 -1.08644 -1.13226 -0.880538 -0.192341 -0.830018 -0.794007 -0.918404 -1.51106 -2.13955 -0.382155 -1.32641 -1.16598 -1.50435 -0.987463 -0.157861 -0.700043"

Circuit: * mc-output-accuracy @ tt_125c_3.63v -- generated by sim/harness, do not edit

Doing analysis at TEMP = 125.000000 and TNOM = 27.000000

Using SPARSE 1.3 as Direct Linear Solver
 Reference value :  0.00000e+00
No. of Data Rows : 1
"MCSAMPLE 22 -0.68806 -0.905501 -1.30418 -1.11571 -0.89432 -1.39531 0.395256 -0.743724 -0.450896 -1.55907 -1.2311 -1.34855 -1.65248 -1.524 -0.330388 -1.46009 -1.14081 -1.51254 -0.953554 0.234054 -0.0870822 -1.91518 -1.04905 -1.08228 -1.74496"

Circuit: * mc-output-accuracy @ tt_125c_3.63v -- generated by sim/harness, do not edit

Doing analysis at TEMP = 125.000000 and TNOM = 27.000000

Using SPARSE 1.3 as Direct Linear Solver
 Reference value :  0.00000e+00
No. of Data Rows : 1
"MCSAMPLE 23 -0.95873 -1.20071 -0.80161 -0.390318 -0.629424 -1.14997 -0.995306 -0.211006 -1.92648 -0.661274 -0.698246 -1.87069 0.0123387 -1.52368 -0.913674 -1.40703 -1.61215 -0.369404 -0.803956 -2.5621 -1.09881 -0.935944 -1.04012 -0.0789068 -1.38648"

Circuit: * mc-output-accuracy @ tt_125c_3.63v -- generated by sim/harness, do not edit

Doing analysis at TEMP = 125.000000 and TNOM = 27.000000

Using SPARSE 1.3 as Direct Linear Solver
 Reference value :  0.00000e+00
No. of Data Rows : 1
"MCSAMPLE 24 -1.12026 -1.71795 -1.65267 -1.46347 -0.498276 -1.5281 -0.52636 -1.07912 -0.271543 -0.108024 -1.30319 -1.18933 -0.583697 -0.298364 -0.637946 -1.56146 -1.42482 -0.67244 -0.366579 -1.68619 -0.655344 -1.34141 1.01119 -1.33172 -0.778595"

Circuit: * mc-output-accuracy @ tt_125c_3.63v -- generated by sim/harness, do not edit

Doing analysis at TEMP = 125.000000 and TNOM = 27.000000

Using SPARSE 1.3 as Direct Linear Solver
 Reference value :  0.00000e+00
No. of Data Rows : 1
"MCSAMPLE 25 -0.0537301 -1.19202 -1.39803 -1.32673 -0.636138 -1.42496 -1.39651 -2.28805 0.790633 -1.24831 -1.09126 -0.703441 -1.04482 -0.513936 -0.85565 -0.851104 -1.55538 -0.464027 -0.69847 -1.24305 -1.25906 -0.908535 -1.04401 -0.234164 -0.926575"

Circuit: * mc-output-accuracy @ tt_125c_3.63v -- generated by sim/harness, do not edit

Doing analysis at TEMP = 125.000000 and TNOM = 27.000000

Using SPARSE 1.3 as Direct Linear Solver
 Reference value :  0.00000e+00
No. of Data Rows : 1
"MCSAMPLE 26 -1.12492 -0.8078 -1.2826 -1.60747 -1.60783 -1.07275 -1.07805 -0.956355 -0.918701 0.0864119 -0.646842 -1.01136 -1.91273 -0.933209 -1.84734 -1.98782 -0.743613 -1.31836 -0.105858 -1.5753 -0.454707 -1.03139 -1.44606 0.251821 -2.2953"

Circuit: * mc-output-accuracy @ tt_125c_3.63v -- generated by sim/harness, do not edit

Doing analysis at TEMP = 125.000000 and TNOM = 27.000000

Using SPARSE 1.3 as Direct Linear Solver
 Reference value :  0.00000e+00
No. of Data Rows : 1
"MCSAMPLE 27 -2.09167 0.661122 0.840389 -0.674681 -0.112337 -2.12463 -1.40809 -0.0967317 -1.8358 -1.09815 -1.81548 -1.40964 0.20225 0.54359 -1.03922 -0.450791 -0.309043 -0.835476 -0.842216 -0.529427 -0.978902 -0.968761 -0.219837 -0.721594 -1.21752"

Circuit: * mc-output-accuracy @ tt_125c_3.63v -- generated by sim/harness, do not edit

Doing analysis at TEMP = 125.000000 and TNOM = 27.000000

Using SPARSE 1.3 as Direct Linear Solver
 Reference value :  0.00000e+00
No. of Data Rows : 1
"MCSAMPLE 28 -1.73388 -1.56473 -1.53035 -1.79178 -0.739936 -0.658927 -2.10087 -0.809119 -1.63052 -1.59126 -0.520007 -1.78371 -0.763036 0.00154892 -1.46994 -0.890005 -0.0379879 -1.54529 -0.659508 -1.45428 -1.26532 -1.32778 -0.897579 -1.17284 -0.206395"

Circuit: * mc-output-accuracy @ tt_125c_3.63v -- generated by sim/harness, do not edit

Doing analysis at TEMP = 125.000000 and TNOM = 27.000000

Using SPARSE 1.3 as Direct Linear Solver
 Reference value :  0.00000e+00
No. of Data Rows : 1
"MCSAMPLE 29 -1.7685 -1.8783 -0.610561 -1.22705 -0.585407 -1.11691 -0.88578 -3.00757 -1.40031 -0.430504 -0.519004 0.0518272 -0.163473 -0.408834 -3.03186 -0.391108 -0.867551 0.106729 -0.414598 -0.959095 -0.642329 -0.794388 -1.27549 -1.58934 -0.912859"

Circuit: * mc-output-accuracy @ tt_125c_3.63v -- generated by sim/harness, do not edit

Doing analysis at TEMP = 125.000000 and TNOM = 27.000000

Using SPARSE 1.3 as Direct Linear Solver
 Reference value :  0.00000e+00
No. of Data Rows : 1
"MCSAMPLE 30 -2.30967 -0.0545071 -0.880541 -1.01299 -0.803518 -0.662398 -1.40991 -1.03846 -0.75871 -0.767758 -0.898779 -0.0268072 -1.54738 -1.72756 -1.43243 -1.33525 -0.0972781 -1.23586 -0.816192 -1.17838 -0.627161 -1.54631 -1.427 -0.191536 -1.08915"

Circuit: * mc-output-accuracy @ tt_125c_3.63v -- generated by sim/harness, do not edit

Doing analysis at TEMP = 125.000000 and TNOM = 27.000000

Using SPARSE 1.3 as Direct Linear Solver
 Reference value :  0.00000e+00
No. of Data Rows : 1
"MCSAMPLE 31 -1.15032 -0.0650451 -1.75775 -1.06817 -2.18382 -0.765888 -1.17495 -1.29524 -1.24837 -2.12679 -1.2467 -1.79456 -0.120174 -1.02009 -0.626875 -0.101755 -0.708765 -1.77798 -0.669241 -1.21106 -1.33176 -1.73864 -1.41139 -0.652569 -1.52378"

Circuit: * mc-output-accuracy @ tt_125c_3.63v -- generated by sim/harness, do not edit

Doing analysis at TEMP = 125.000000 and TNOM = 27.000000

Using SPARSE 1.3 as Direct Linear Solver
 Reference value :  0.00000e+00
No. of Data Rows : 1
"MCSAMPLE 32 -1.09246 -2.27665 -0.761078 -2.02444 -0.856856 -1.10166 -1.38167 -0.821011 -0.32112 0.431291 -0.571495 -0.983285 -1.6545 -1.25194 -0.727549 -2.07378 -1.283 -0.991312 -0.0545365 -0.103166 -1.31909 -0.787167 -0.304117 -1.21296 0.156275"

Circuit: * mc-output-accuracy @ tt_125c_3.63v -- generated by sim/harness, do not edit

Doing analysis at TEMP = 125.000000 and TNOM = 27.000000

Using SPARSE 1.3 as Direct Linear Solver
 Reference value :  0.00000e+00
No. of Data Rows : 1
"MCSAMPLE 33 -1.10441 -0.997762 -1.86278 -0.472166 -2.37458 -0.830273 0.540393 -0.5669 -0.202112 -0.541911 -0.69332 -0.440729 -0.795376 -0.424803 -0.476972 -1.81728 -1.60348 -1.28057 -0.0998789 -1.23106 -1.66792 -0.423252 -0.151484 -0.690133 -0.543162"

Circuit: * mc-output-accuracy @ tt_125c_3.63v -- generated by sim/harness, do not edit

Doing analysis at TEMP = 125.000000 and TNOM = 27.000000

Using SPARSE 1.3 as Direct Linear Solver
 Reference value :  0.00000e+00
No. of Data Rows : 1
"MCSAMPLE 34 1.09862 -0.467797 -1.54621 0.0624575 -1.61398 -0.572079 -1.04171 -0.901404 -1.29702 -1.55873 -2.15678 -0.77373 -0.768259 0.0618077 -1.08956 -1.52188 -2.26315 -1.1908 -0.21939 -1.16654 -0.184636 -2.34223 -1.09488 -0.871113 -0.894007"

Circuit: * mc-output-accuracy @ tt_125c_3.63v -- generated by sim/harness, do not edit

Doing analysis at TEMP = 125.000000 and TNOM = 27.000000

Using SPARSE 1.3 as Direct Linear Solver
 Reference value :  0.00000e+00
No. of Data Rows : 1
"MCSAMPLE 35 -0.351315 -1.2697 -1.34766 -1.33019 -2.03041 -0.858941 -1.2555 -1.62689 -1.24436 -0.886312 -0.685437 -1.00785 -0.0217877 -2.16969 -1.60777 -0.442042 0.0984608 -1.51298 -0.302626 -0.367724 -0.975843 -0.452804 -0.970524 0.57833 -1.05455"

Circuit: * mc-output-accuracy @ tt_125c_3.63v -- generated by sim/harness, do not edit

Doing analysis at TEMP = 125.000000 and TNOM = 27.000000

Using SPARSE 1.3 as Direct Linear Solver
 Reference value :  0.00000e+00
No. of Data Rows : 1
"MCSAMPLE 36 -2.86518 -1.41034 -0.233333 -1.08621 -1.28513 -0.246911 -0.923508 -1.62003 -2.42521 -0.362183 -1.61911 -1.12892 -1.01334 -2.0198 -1.64391 -1.43676 -0.551328 -1.54648 0.0704707 -1.40021 -1.84475 -1.34403 -2.14106 -0.814174 -1.14483"

Circuit: * mc-output-accuracy @ tt_125c_3.63v -- generated by sim/harness, do not edit

Doing analysis at TEMP = 125.000000 and TNOM = 27.000000

Using SPARSE 1.3 as Direct Linear Solver
 Reference value :  0.00000e+00
No. of Data Rows : 1
"MCSAMPLE 37 -0.999518 -0.759039 -1.70422 -0.168 -0.979727 -1.20658 -0.570734 -0.176106 -0.854832 -1.49095 -1.91239 -1.38637 -0.779514 -1.04573 -0.197421 0.431097 -0.991637 -2.43678 -0.401868 -2.03257 -2.06428 -1.8613 -0.936461 -0.943375 -1.27915"

Circuit: * mc-output-accuracy @ tt_125c_3.63v -- generated by sim/harness, do not edit

Doing analysis at TEMP = 125.000000 and TNOM = 27.000000

Using SPARSE 1.3 as Direct Linear Solver
 Reference value :  0.00000e+00
No. of Data Rows : 1
"MCSAMPLE 38 -1.9825 -1.70706 -0.635132 -1.7673 -1.59391 -1.45484 -1.55325 -1.15662 -0.416389 -1.44482 -0.669973 -0.955747 -1.86064 -0.628162 -2.19059 -0.606434 -0.994193 -1.67439 -0.482594 -2.0945 -0.703548 -1.12669 -2.15747 -0.987664 -0.792001"

Circuit: * mc-output-accuracy @ tt_125c_3.63v -- generated by sim/harness, do not edit

Doing analysis at TEMP = 125.000000 and TNOM = 27.000000

Using SPARSE 1.3 as Direct Linear Solver
 Reference value :  0.00000e+00
No. of Data Rows : 1
"MCSAMPLE 39 -1.63886 -0.791366 -0.272347 -0.876705 -1.1176 -0.515222 -1.21103 -0.497957 -0.31747 -1.1132 -1.78337 -1.48843 0.0206405 -0.623762 -1.58622 -2.34081 -0.955882 -1.01743 -1.82416 -1.05863 0.479389 -0.125059 -1.39185 -1.28617 -0.748094"

Circuit: * mc-output-accuracy @ tt_125c_3.63v -- generated by sim/harness, do not edit

m_n_samples = 1.0000000000e+03
m_n_bad_solves = 0.0000000000e+00
m_mean_mv = -9.694440251e-01
m_sigma_mv = 6.7500229168e-01
m_sigma3_mv = 2.0250068750e+00
m_worst_abs_mv = 3.0318585311e+00
m_vos_in_mean_uv = -6.462960168e+02
m_vos_in_sigma3_mv = 1.3500045834e+00
m_divider_exact_uv = 2.5914598245e-03
Note: Simulation executed from .control section 

Warning: m=xx on .subckt line will override multiplier m hierarchy!

Note: Starting dynamic gmin stepping
Note: Dynamic gmin stepping completed
Note: Starting dynamic gmin stepping
Note: Dynamic gmin stepping completed
Note: Starting dynamic gmin stepping
Note: Dynamic gmin stepping completed
Note: Starting dynamic gmin stepping
Note: Dynamic gmin stepping completed
Note: Starting dynamic gmin stepping
Note: Dynamic gmin stepping completed
Note: Starting dynamic gmin stepping
Note: Dynamic gmin stepping completed
Note: Starting dynamic gmin stepping
Note: Dynamic gmin stepping completed
Note: Starting dynamic gmin stepping
Note: Dynamic gmin stepping completed
Note: Starting dynamic gmin stepping
Note: Dynamic gmin stepping completed
Note: Starting dynamic gmin stepping
Note: Dynamic gmin stepping completed
Note: Starting dynamic gmin stepping
Note: Dynamic gmin stepping completed
Note: Starting dynamic gmin stepping
Note: Dynamic gmin stepping completed
Note: Starting dynamic gmin stepping
Note: Dynamic gmin stepping completed
Note: Starting dynamic gmin stepping
Note: Dynamic gmin stepping completed
Note: Starting dynamic gmin stepping
Note: Dynamic gmin stepping completed
Note: Starting dynamic gmin stepping
Note: Dynamic gmin stepping completed
Note: Starting dynamic gmin stepping
Note: Dynamic gmin stepping completed
Note: Starting dynamic gmin stepping
Note: Dynamic gmin stepping completed
Note: Starting dynamic gmin stepping
Note: Dynamic gmin stepping completed
Note: Starting dynamic gmin stepping
Note: Dynamic gmin stepping completed
Note: Starting dynamic gmin stepping
Note: Dynamic gmin stepping completed
Note: Starting dynamic gmin stepping
Note: Dynamic gmin stepping completed
Note: Starting dynamic gmin stepping
Note: Dynamic gmin stepping completed
Note: Starting dynamic gmin stepping
Note: Dynamic gmin stepping completed
Note: Starting dynamic gmin stepping
Note: Dynamic gmin stepping completed
Note: Starting dynamic gmin stepping
Note: Dynamic gmin stepping completed
Note: Starting dynamic gmin stepping
Note: Dynamic gmin stepping completed
Note: Starting dynamic gmin stepping
Note: Dynamic gmin stepping completed
Note: Starting dynamic gmin stepping
Note: Dynamic gmin stepping completed
Note: Starting dynamic gmin stepping
Note: Dynamic gmin stepping completed
Note: Starting dynamic gmin stepping
Note: Dynamic gmin stepping completed
Note: Starting dynamic gmin stepping
Note: Dynamic gmin stepping completed
Note: Starting dynamic gmin stepping
Note: Dynamic gmin stepping completed
Note: Starting dynamic gmin stepping
Note: Dynamic gmin stepping completed
Note: Starting dynamic gmin stepping
Note: Dynamic gmin stepping completed
Note: Starting dynamic gmin stepping
Note: Dynamic gmin stepping completed
Note: Starting dynamic gmin stepping
Note: Dynamic gmin stepping completed
Note: Starting dynamic gmin stepping
Note: Dynamic gmin stepping completed
Note: Starting dynamic gmin stepping
Note: Dynamic gmin stepping completed
Note: Starting dynamic gmin stepping
Note: Dynamic gmin stepping completed
