
Note: No compatibility mode selected!


Circuit: * soft-start-loop-gain -- the dc hand-over transfer of the fb-injection

* corner_id=tt_27c_2.97v corner=tt temp_c=27 vin_v=2.97
* variant=device analysis=dc-handover-transfer load=resistive-36ohm
* columns: HOV ssr_cmd= ssr_v= fb_v= vout_v= pg_v= erramp_v= isup_a=
* (I_inj into FB is DERIVED from fb_v/vout_v by KCL in sweep.py, not
*  measured, so the identical expression reads both DUT variants;
*  fb_v away from VREF means the loop is not in regulation at that ramp
*  state and neither VOUT nor I_inj is a regulating-branch quantity)
* Fields are key=value for the same reason the margin deck's are.
Doing analysis at TEMP = 27.000000 and TNOM = 27.000000

Using SPARSE 1.3 as Direct Linear Solver
 Reference value :  0.00000e+00
No. of Data Rows : 1
HOV ssr_cmd=0 ssr_v=0 fb_v=1.19959 vout_v=0.231646 pg_v=2.09489 erramp_v=2.09489 isup_a=0.00646632
Doing analysis at TEMP = 27.000000 and TNOM = 27.000000

Using SPARSE 1.3 as Direct Linear Solver

No. of Data Rows : 1
HOV ssr_cmd=0.025 ssr_v=0.025 fb_v=1.19959 vout_v=0.262143 pg_v=2.08078 erramp_v=2.08078 isup_a=0.00731321
Doing analysis at TEMP = 27.000000 and TNOM = 27.000000

Using SPARSE 1.3 as Direct Linear Solver
 Reference value :  0.00000e+00
No. of Data Rows : 1
HOV ssr_cmd=0.05 ssr_v=0.05 fb_v=1.19959 vout_v=0.293454 pg_v=2.06713 erramp_v=2.06713 isup_a=0.00818267
Doing analysis at TEMP = 27.000000 and TNOM = 27.000000

Using SPARSE 1.3 as Direct Linear Solver

No. of Data Rows : 1
HOV ssr_cmd=0.075 ssr_v=0.075 fb_v=1.19959 vout_v=0.325262 pg_v=2.05397 erramp_v=2.05397 isup_a=0.00906597
Doing analysis at TEMP = 27.000000 and TNOM = 27.000000

Using SPARSE 1.3 as Direct Linear Solver
 Reference value :  0.00000e+00
No. of Data Rows : 1
HOV ssr_cmd=0.1 ssr_v=0.1 fb_v=1.19959 vout_v=0.357367 pg_v=2.04128 erramp_v=2.04128 isup_a=0.00995751
Doing analysis at TEMP = 27.000000 and TNOM = 27.000000

Using SPARSE 1.3 as Direct Linear Solver
 Reference value :  0.00000e+00
No. of Data Rows : 1
HOV ssr_cmd=0.125 ssr_v=0.125 fb_v=1.19959 vout_v=0.38965 pg_v=2.02904 erramp_v=2.02904 isup_a=0.010854
Doing analysis at TEMP = 27.000000 and TNOM = 27.000000

Using SPARSE 1.3 as Direct Linear Solver
 Reference value :  0.00000e+00
No. of Data Rows : 1
HOV ssr_cmd=0.15 ssr_v=0.15 fb_v=1.19959 vout_v=0.422042 pg_v=2.01719 erramp_v=2.01719 isup_a=0.0117535
Doing analysis at TEMP = 27.000000 and TNOM = 27.000000

Using SPARSE 1.3 as Direct Linear Solver

No. of Data Rows : 1
HOV ssr_cmd=0.175 ssr_v=0.175 fb_v=1.19959 vout_v=0.454502 pg_v=2.0057 erramp_v=2.0057 isup_a=0.0126549
Doing analysis at TEMP = 27.000000 and TNOM = 27.000000

Using SPARSE 1.3 as Direct Linear Solver
 Reference value :  0.00000e+00
No. of Data Rows : 1
HOV ssr_cmd=0.2 ssr_v=0.2 fb_v=1.19959 vout_v=0.487005 pg_v=1.99453 erramp_v=1.99453 isup_a=0.0135574
Doing analysis at TEMP = 27.000000 and TNOM = 27.000000

Using SPARSE 1.3 as Direct Linear Solver

No. of Data Rows : 1
HOV ssr_cmd=0.225 ssr_v=0.225 fb_v=1.19959 vout_v=0.519535 pg_v=1.98366 erramp_v=1.98366 isup_a=0.0144608
Doing analysis at TEMP = 27.000000 and TNOM = 27.000000

Using SPARSE 1.3 as Direct Linear Solver
 Reference value :  0.00000e+00
No. of Data Rows : 1
HOV ssr_cmd=0.25 ssr_v=0.25 fb_v=1.19959 vout_v=0.552083 pg_v=1.97304 erramp_v=1.97304 isup_a=0.0153646
Doing analysis at TEMP = 27.000000 and TNOM = 27.000000

Using SPARSE 1.3 as Direct Linear Solver
 Reference value :  0.00000e+00
No. of Data Rows : 1
HOV ssr_cmd=0.275 ssr_v=0.275 fb_v=1.19959 vout_v=0.584641 pg_v=1.96267 erramp_v=1.96267 isup_a=0.0162687
Doing analysis at TEMP = 27.000000 and TNOM = 27.000000

Using SPARSE 1.3 as Direct Linear Solver
 Reference value :  0.00000e+00
No. of Data Rows : 1
HOV ssr_cmd=0.3 ssr_v=0.3 fb_v=1.19959 vout_v=0.617204 pg_v=1.95251 erramp_v=1.95251 isup_a=0.017173
Doing analysis at TEMP = 27.000000 and TNOM = 27.000000

Using SPARSE 1.3 as Direct Linear Solver

No. of Data Rows : 1
HOV ssr_cmd=0.325 ssr_v=0.325 fb_v=1.19959 vout_v=0.649767 pg_v=1.94254 erramp_v=1.94254 isup_a=0.0180772
Doing analysis at TEMP = 27.000000 and TNOM = 27.000000

Using SPARSE 1.3 as Direct Linear Solver
 Reference value :  0.00000e+00
No. of Data Rows : 1
HOV ssr_cmd=0.35 ssr_v=0.35 fb_v=1.19959 vout_v=0.682328 pg_v=1.93276 erramp_v=1.93276 isup_a=0.0189814
Doing analysis at TEMP = 27.000000 and TNOM = 27.000000

Using SPARSE 1.3 as Direct Linear Solver
 Reference value :  0.00000e+00
No. of Data Rows : 1
HOV ssr_cmd=0.375 ssr_v=0.375 fb_v=1.19959 vout_v=0.714885 pg_v=1.92314 erramp_v=1.92314 isup_a=0.0198855
Doing analysis at TEMP = 27.000000 and TNOM = 27.000000

Using SPARSE 1.3 as Direct Linear Solver

No. of Data Rows : 1
HOV ssr_cmd=0.4 ssr_v=0.4 fb_v=1.19959 vout_v=0.747435 pg_v=1.91368 erramp_v=1.91368 isup_a=0.0207894
Doing analysis at TEMP = 27.000000 and TNOM = 27.000000

Using SPARSE 1.3 as Direct Linear Solver
 Reference value :  0.00000e+00
No. of Data Rows : 1
HOV ssr_cmd=0.425 ssr_v=0.425 fb_v=1.19959 vout_v=0.779976 pg_v=1.90436 erramp_v=1.90436 isup_a=0.021693
Doing analysis at TEMP = 27.000000 and TNOM = 27.000000

Using SPARSE 1.3 as Direct Linear Solver
 Reference value :  0.00000e+00
No. of Data Rows : 1
HOV ssr_cmd=0.45 ssr_v=0.45 fb_v=1.19959 vout_v=0.812507 pg_v=1.89517 erramp_v=1.89517 isup_a=0.0225964
Doing analysis at TEMP = 27.000000 and TNOM = 27.000000

Using SPARSE 1.3 as Direct Linear Solver
 Reference value :  0.00000e+00
No. of Data Rows : 1
HOV ssr_cmd=0.475 ssr_v=0.475 fb_v=1.19959 vout_v=0.845026 pg_v=1.8861 erramp_v=1.8861 isup_a=0.0234994
Doing analysis at TEMP = 27.000000 and TNOM = 27.000000

Using SPARSE 1.3 as Direct Linear Solver

No. of Data Rows : 1
HOV ssr_cmd=0.5 ssr_v=0.5 fb_v=1.19959 vout_v=0.877533 pg_v=1.87715 erramp_v=1.87715 isup_a=0.0244021
Doing analysis at TEMP = 27.000000 and TNOM = 27.000000

Using SPARSE 1.3 as Direct Linear Solver
 Reference value :  0.00000e+00
No. of Data Rows : 1
HOV ssr_cmd=0.525 ssr_v=0.525 fb_v=1.19959 vout_v=0.910025 pg_v=1.86831 erramp_v=1.86831 isup_a=0.0253044
Doing analysis at TEMP = 27.000000 and TNOM = 27.000000

Using SPARSE 1.3 as Direct Linear Solver
 Reference value :  0.00000e+00
No. of Data Rows : 1
HOV ssr_cmd=0.55 ssr_v=0.55 fb_v=1.19959 vout_v=0.942503 pg_v=1.85956 erramp_v=1.85956 isup_a=0.0262063
Doing analysis at TEMP = 27.000000 and TNOM = 27.000000

Using SPARSE 1.3 as Direct Linear Solver

No. of Data Rows : 1
HOV ssr_cmd=0.575 ssr_v=0.575 fb_v=1.19959 vout_v=0.974965 pg_v=1.85091 erramp_v=1.85091 isup_a=0.0271077
Doing analysis at TEMP = 27.000000 and TNOM = 27.000000

Using SPARSE 1.3 as Direct Linear Solver
 Reference value :  0.00000e+00
No. of Data Rows : 1
HOV ssr_cmd=0.6 ssr_v=0.6 fb_v=1.19959 vout_v=1.00741 pg_v=1.84235 erramp_v=1.84235 isup_a=0.0280087
Doing analysis at TEMP = 27.000000 and TNOM = 27.000000

Using SPARSE 1.3 as Direct Linear Solver

No. of Data Rows : 1
HOV ssr_cmd=0.625 ssr_v=0.625 fb_v=1.19959 vout_v=1.03984 pg_v=1.83387 erramp_v=1.83387 isup_a=0.0289092
Doing analysis at TEMP = 27.000000 and TNOM = 27.000000

Using SPARSE 1.3 as Direct Linear Solver
 Reference value :  0.00000e+00
No. of Data Rows : 1
HOV ssr_cmd=0.65 ssr_v=0.65 fb_v=1.19959 vout_v=1.07225 pg_v=1.82546 erramp_v=1.82546 isup_a=0.0298092
Doing analysis at TEMP = 27.000000 and TNOM = 27.000000

Using SPARSE 1.3 as Direct Linear Solver

No. of Data Rows : 1
HOV ssr_cmd=0.675 ssr_v=0.675 fb_v=1.19959 vout_v=1.10464 pg_v=1.81713 erramp_v=1.81713 isup_a=0.0307087
Doing analysis at TEMP = 27.000000 and TNOM = 27.000000

Using SPARSE 1.3 as Direct Linear Solver

No. of Data Rows : 1
HOV ssr_cmd=0.7 ssr_v=0.7 fb_v=1.19959 vout_v=1.13702 pg_v=1.80887 erramp_v=1.80887 isup_a=0.0316078
Doing analysis at TEMP = 27.000000 and TNOM = 27.000000

Using SPARSE 1.3 as Direct Linear Solver
 Reference value :  0.00000e+00
No. of Data Rows : 1
HOV ssr_cmd=0.725 ssr_v=0.725 fb_v=1.19959 vout_v=1.16938 pg_v=1.80066 erramp_v=1.80066 isup_a=0.0325064
Doing analysis at TEMP = 27.000000 and TNOM = 27.000000

Using SPARSE 1.3 as Direct Linear Solver
 Reference value :  0.00000e+00
No. of Data Rows : 1
HOV ssr_cmd=0.75 ssr_v=0.75 fb_v=1.19959 vout_v=1.20173 pg_v=1.79252 erramp_v=1.79252 isup_a=0.0334047
Doing analysis at TEMP = 27.000000 and TNOM = 27.000000

Using SPARSE 1.3 as Direct Linear Solver
 Reference value :  0.00000e+00
No. of Data Rows : 1
HOV ssr_cmd=0.775 ssr_v=0.775 fb_v=1.19959 vout_v=1.23407 pg_v=1.78442 erramp_v=1.78442 isup_a=0.0343027
Doing analysis at TEMP = 27.000000 and TNOM = 27.000000

Using SPARSE 1.3 as Direct Linear Solver

No. of Data Rows : 1
HOV ssr_cmd=0.8 ssr_v=0.8 fb_v=1.19959 vout_v=1.26641 pg_v=1.77638 erramp_v=1.77638 isup_a=0.0352008
Doing analysis at TEMP = 27.000000 and TNOM = 27.000000

Using SPARSE 1.3 as Direct Linear Solver
 Reference value :  0.00000e+00
No. of Data Rows : 1
HOV ssr_cmd=0.825 ssr_v=0.825 fb_v=1.19959 vout_v=1.29877 pg_v=1.76837 erramp_v=1.76837 isup_a=0.0360994
Doing analysis at TEMP = 27.000000 and TNOM = 27.000000

Using SPARSE 1.3 as Direct Linear Solver

No. of Data Rows : 1
HOV ssr_cmd=0.85 ssr_v=0.85 fb_v=1.19959 vout_v=1.33119 pg_v=1.76038 erramp_v=1.76038 isup_a=0.0369994
Doing analysis at TEMP = 27.000000 and TNOM = 27.000000

Using SPARSE 1.3 as Direct Linear Solver
 Reference value :  0.00000e+00
No. of Data Rows : 1
HOV ssr_cmd=0.875 ssr_v=0.875 fb_v=1.19959 vout_v=1.36372 pg_v=1.75241 erramp_v=1.75241 isup_a=0.0379029
Doing analysis at TEMP = 27.000000 and TNOM = 27.000000

Using SPARSE 1.3 as Direct Linear Solver
 Reference value :  0.00000e+00
No. of Data Rows : 1
HOV ssr_cmd=0.9 ssr_v=0.9 fb_v=1.19959 vout_v=1.39651 pg_v=1.7444 erramp_v=1.7444 isup_a=0.0388132
Doing analysis at TEMP = 27.000000 and TNOM = 27.000000

Using SPARSE 1.3 as Direct Linear Solver
 Reference value :  0.00000e+00
No. of Data Rows : 1
HOV ssr_cmd=0.925 ssr_v=0.925 fb_v=1.19959 vout_v=1.42966 pg_v=1.73633 erramp_v=1.73633 isup_a=0.0397335
Doing analysis at TEMP = 27.000000 and TNOM = 27.000000

Using SPARSE 1.3 as Direct Linear Solver
 Reference value :  0.00000e+00
No. of Data Rows : 1
HOV ssr_cmd=0.95 ssr_v=0.95 fb_v=1.19959 vout_v=1.46306 pg_v=1.72823 erramp_v=1.72823 isup_a=0.0406606
Doing analysis at TEMP = 27.000000 and TNOM = 27.000000

Using SPARSE 1.3 as Direct Linear Solver
 Reference value :  0.00000e+00
No. of Data Rows : 1
HOV ssr_cmd=0.975 ssr_v=0.975 fb_v=1.19959 vout_v=1.49652 pg_v=1.72014 erramp_v=1.72014 isup_a=0.0415893
Doing analysis at TEMP = 27.000000 and TNOM = 27.000000

Using SPARSE 1.3 as Direct Linear Solver
 Reference value :  0.00000e+00
No. of Data Rows : 1
HOV ssr_cmd=1 ssr_v=1 fb_v=1.19959 vout_v=1.52993 pg_v=1.71208 erramp_v=1.71208 isup_a=0.0425168
Doing analysis at TEMP = 27.000000 and TNOM = 27.000000

Using SPARSE 1.3 as Direct Linear Solver

No. of Data Rows : 1
HOV ssr_cmd=1.025 ssr_v=1.025 fb_v=1.19959 vout_v=1.56324 pg_v=1.70406 erramp_v=1.70406 isup_a=0.0434415
Doing analysis at TEMP = 27.000000 and TNOM = 27.000000

Using SPARSE 1.3 as Direct Linear Solver
 Reference value :  0.00000e+00
No. of Data Rows : 1
HOV ssr_cmd=1.05 ssr_v=1.05 fb_v=1.19959 vout_v=1.5964 pg_v=1.69609 erramp_v=1.69609 isup_a=0.0443618
Doing analysis at TEMP = 27.000000 and TNOM = 27.000000

Using SPARSE 1.3 as Direct Linear Solver
 Reference value :  0.00000e+00
No. of Data Rows : 1
HOV ssr_cmd=1.075 ssr_v=1.075 fb_v=1.19959 vout_v=1.62932 pg_v=1.68817 erramp_v=1.68817 isup_a=0.0452757
Doing analysis at TEMP = 27.000000 and TNOM = 27.000000

Using SPARSE 1.3 as Direct Linear Solver
 Reference value :  0.00000e+00
No. of Data Rows : 1
HOV ssr_cmd=1.1 ssr_v=1.1 fb_v=1.19959 vout_v=1.66192 pg_v=1.68035 erramp_v=1.68035 isup_a=0.0461805
Doing analysis at TEMP = 27.000000 and TNOM = 27.000000

Using SPARSE 1.3 as Direct Linear Solver

No. of Data Rows : 1
HOV ssr_cmd=1.125 ssr_v=1.125 fb_v=1.19959 vout_v=1.69403 pg_v=1.67263 erramp_v=1.67263 isup_a=0.0470718
Doing analysis at TEMP = 27.000000 and TNOM = 27.000000

Using SPARSE 1.3 as Direct Linear Solver
 Reference value :  0.00000e+00
No. of Data Rows : 1
HOV ssr_cmd=1.15 ssr_v=1.15 fb_v=1.19959 vout_v=1.72541 pg_v=1.66509 erramp_v=1.66509 isup_a=0.047943
Doing analysis at TEMP = 27.000000 and TNOM = 27.000000

Using SPARSE 1.3 as Direct Linear Solver

No. of Data Rows : 1
HOV ssr_cmd=1.175 ssr_v=1.175 fb_v=1.19959 vout_v=1.75564 pg_v=1.65781 erramp_v=1.65781 isup_a=0.0487821
Doing analysis at TEMP = 27.000000 and TNOM = 27.000000

Using SPARSE 1.3 as Direct Linear Solver
 Reference value :  0.00000e+00
No. of Data Rows : 1
HOV ssr_cmd=1.2 ssr_v=1.2 fb_v=1.19959 vout_v=1.78379 pg_v=1.65102 erramp_v=1.65102 isup_a=0.0495633
Doing analysis at TEMP = 27.000000 and TNOM = 27.000000

Using SPARSE 1.3 as Direct Linear Solver

No. of Data Rows : 1
HOV ssr_cmd=1.225 ssr_v=1.225 fb_v=1.19959 vout_v=1.79928 pg_v=1.64728 erramp_v=1.64728 isup_a=0.0499933
Doing analysis at TEMP = 27.000000 and TNOM = 27.000000

Using SPARSE 1.3 as Direct Linear Solver
 Reference value :  0.00000e+00
No. of Data Rows : 1
HOV ssr_cmd=1.25 ssr_v=1.25 fb_v=1.19959 vout_v=1.79934 pg_v=1.64727 erramp_v=1.64727 isup_a=0.049995
Doing analysis at TEMP = 27.000000 and TNOM = 27.000000

Using SPARSE 1.3 as Direct Linear Solver

No. of Data Rows : 1
HOV ssr_cmd=1.275 ssr_v=1.275 fb_v=1.19959 vout_v=1.79935 pg_v=1.64726 erramp_v=1.64726 isup_a=0.0499954
Doing analysis at TEMP = 27.000000 and TNOM = 27.000000

Using SPARSE 1.3 as Direct Linear Solver
 Reference value :  0.00000e+00
No. of Data Rows : 1
HOV ssr_cmd=1.3 ssr_v=1.3 fb_v=1.19959 vout_v=1.79936 pg_v=1.64726 erramp_v=1.64726 isup_a=0.0499955
Doing analysis at TEMP = 27.000000 and TNOM = 27.000000

Using SPARSE 1.3 as Direct Linear Solver

No. of Data Rows : 1
HOV ssr_cmd=1.325 ssr_v=1.325 fb_v=1.19959 vout_v=1.79937 pg_v=1.64726 erramp_v=1.64726 isup_a=0.0499956
Doing analysis at TEMP = 27.000000 and TNOM = 27.000000

Using SPARSE 1.3 as Direct Linear Solver
 Reference value :  0.00000e+00
No. of Data Rows : 1
HOV ssr_cmd=1.35 ssr_v=1.35 fb_v=1.19959 vout_v=1.79937 pg_v=1.64726 erramp_v=1.64726 isup_a=0.0499957
Doing analysis at TEMP = 27.000000 and TNOM = 27.000000

Using SPARSE 1.3 as Direct Linear Solver

No. of Data Rows : 1
HOV ssr_cmd=1.375 ssr_v=1.375 fb_v=1.19959 vout_v=1.79937 pg_v=1.64726 erramp_v=1.64726 isup_a=0.0499957
Doing analysis at TEMP = 27.000000 and TNOM = 27.000000

Using SPARSE 1.3 as Direct Linear Solver

No. of Data Rows : 1
HOV ssr_cmd=1.4 ssr_v=1.4 fb_v=1.19959 vout_v=1.79937 pg_v=1.64726 erramp_v=1.64726 isup_a=0.0499957
Doing analysis at TEMP = 27.000000 and TNOM = 27.000000

Using SPARSE 1.3 as Direct Linear Solver
 Reference value :  0.00000e+00
No. of Data Rows : 1
HOV ssr_cmd=1.425 ssr_v=1.425 fb_v=1.19959 vout_v=1.79938 pg_v=1.64726 erramp_v=1.64726 isup_a=0.0499957
Doing analysis at TEMP = 27.000000 and TNOM = 27.000000

Using SPARSE 1.3 as Direct Linear Solver

No. of Data Rows : 1
HOV ssr_cmd=1.45 ssr_v=1.45 fb_v=1.19959 vout_v=1.79938 pg_v=1.64726 erramp_v=1.64726 isup_a=0.0499957
Doing analysis at TEMP = 27.000000 and TNOM = 27.000000

Using SPARSE 1.3 as Direct Linear Solver
 Reference value :  0.00000e+00
No. of Data Rows : 1
HOV ssr_cmd=1.475 ssr_v=1.475 fb_v=1.19959 vout_v=1.79938 pg_v=1.64726 erramp_v=1.64726 isup_a=0.0499956
Doing analysis at TEMP = 27.000000 and TNOM = 27.000000

Using SPARSE 1.3 as Direct Linear Solver
 Reference value :  0.00000e+00
No. of Data Rows : 1
HOV ssr_cmd=1.5 ssr_v=1.5 fb_v=1.19959 vout_v=1.79938 pg_v=1.64726 erramp_v=1.64726 isup_a=0.0499956
Doing analysis at TEMP = 27.000000 and TNOM = 27.000000

Using SPARSE 1.3 as Direct Linear Solver
 Reference value :  0.00000e+00
No. of Data Rows : 1
HOV ssr_cmd=1.525 ssr_v=1.525 fb_v=1.19959 vout_v=1.79938 pg_v=1.64726 erramp_v=1.64726 isup_a=0.0499956
Doing analysis at TEMP = 27.000000 and TNOM = 27.000000

Using SPARSE 1.3 as Direct Linear Solver

No. of Data Rows : 1
HOV ssr_cmd=1.55 ssr_v=1.55 fb_v=1.19959 vout_v=1.79938 pg_v=1.64726 erramp_v=1.64726 isup_a=0.0499955
Doing analysis at TEMP = 27.000000 and TNOM = 27.000000

Using SPARSE 1.3 as Direct Linear Solver

No. of Data Rows : 1
HOV ssr_cmd=1.575 ssr_v=1.575 fb_v=1.19959 vout_v=1.79938 pg_v=1.64726 erramp_v=1.64726 isup_a=0.0499955
Doing analysis at TEMP = 27.000000 and TNOM = 27.000000

Using SPARSE 1.3 as Direct Linear Solver
 Reference value :  0.00000e+00
No. of Data Rows : 1
HOV ssr_cmd=1.6 ssr_v=1.6 fb_v=1.19959 vout_v=1.79938 pg_v=1.64726 erramp_v=1.64726 isup_a=0.0499955
Doing analysis at TEMP = 27.000000 and TNOM = 27.000000

Using SPARSE 1.3 as Direct Linear Solver

No. of Data Rows : 1
HOV ssr_cmd=1.625 ssr_v=1.625 fb_v=1.19959 vout_v=1.79938 pg_v=1.64726 erramp_v=1.64726 isup_a=0.0499954
Doing analysis at TEMP = 27.000000 and TNOM = 27.000000

Using SPARSE 1.3 as Direct Linear Solver

No. of Data Rows : 1
HOV ssr_cmd=1.65 ssr_v=1.65 fb_v=1.19959 vout_v=1.79938 pg_v=1.64726 erramp_v=1.64726 isup_a=0.0499954
Doing analysis at TEMP = 27.000000 and TNOM = 27.000000

Using SPARSE 1.3 as Direct Linear Solver
 Reference value :  0.00000e+00
No. of Data Rows : 1
HOV ssr_cmd=1.675 ssr_v=1.675 fb_v=1.19959 vout_v=1.79938 pg_v=1.64726 erramp_v=1.64726 isup_a=0.0499953
Doing analysis at TEMP = 27.000000 and TNOM = 27.000000

Using SPARSE 1.3 as Direct Linear Solver

No. of Data Rows : 1
HOV ssr_cmd=1.7 ssr_v=1.7 fb_v=1.19959 vout_v=1.79938 pg_v=1.64726 erramp_v=1.64726 isup_a=0.0499953
Doing analysis at TEMP = 27.000000 and TNOM = 27.000000

Using SPARSE 1.3 as Direct Linear Solver

No. of Data Rows : 1
HOV ssr_cmd=1.725 ssr_v=1.725 fb_v=1.19959 vout_v=1.79938 pg_v=1.64726 erramp_v=1.64726 isup_a=0.0499953
Doing analysis at TEMP = 27.000000 and TNOM = 27.000000

Using SPARSE 1.3 as Direct Linear Solver
 Reference value :  0.00000e+00
No. of Data Rows : 1
HOV ssr_cmd=1.75 ssr_v=1.75 fb_v=1.19959 vout_v=1.79938 pg_v=1.64726 erramp_v=1.64726 isup_a=0.0499952
Doing analysis at TEMP = 27.000000 and TNOM = 27.000000

Using SPARSE 1.3 as Direct Linear Solver

No. of Data Rows : 1
HOV ssr_cmd=1.775 ssr_v=1.775 fb_v=1.19959 vout_v=1.79938 pg_v=1.64726 erramp_v=1.64726 isup_a=0.0499952
Doing analysis at TEMP = 27.000000 and TNOM = 27.000000

Using SPARSE 1.3 as Direct Linear Solver

No. of Data Rows : 1
HOV ssr_cmd=1.8 ssr_v=1.8 fb_v=1.19959 vout_v=1.79938 pg_v=1.64726 erramp_v=1.64726 isup_a=0.0499951
Doing analysis at TEMP = 27.000000 and TNOM = 27.000000

Using SPARSE 1.3 as Direct Linear Solver
 Reference value :  0.00000e+00
No. of Data Rows : 1
HOV ssr_cmd=1.825 ssr_v=1.825 fb_v=1.19959 vout_v=1.79938 pg_v=1.64726 erramp_v=1.64726 isup_a=0.0499951
Doing analysis at TEMP = 27.000000 and TNOM = 27.000000

Using SPARSE 1.3 as Direct Linear Solver

No. of Data Rows : 1
HOV ssr_cmd=1.85 ssr_v=1.85 fb_v=1.19959 vout_v=1.79938 pg_v=1.64726 erramp_v=1.64726 isup_a=0.0499951
Doing analysis at TEMP = 27.000000 and TNOM = 27.000000

Using SPARSE 1.3 as Direct Linear Solver

No. of Data Rows : 1
HOV ssr_cmd=1.875 ssr_v=1.875 fb_v=1.19959 vout_v=1.79938 pg_v=1.64726 erramp_v=1.64726 isup_a=0.049995
Doing analysis at TEMP = 27.000000 and TNOM = 27.000000

Using SPARSE 1.3 as Direct Linear Solver
 Reference value :  0.00000e+00
No. of Data Rows : 1
HOV ssr_cmd=1.9 ssr_v=1.9 fb_v=1.19959 vout_v=1.79938 pg_v=1.64726 erramp_v=1.64726 isup_a=0.049995
Doing analysis at TEMP = 27.000000 and TNOM = 27.000000

Using SPARSE 1.3 as Direct Linear Solver

No. of Data Rows : 1
HOV ssr_cmd=1.925 ssr_v=1.925 fb_v=1.19959 vout_v=1.79938 pg_v=1.64726 erramp_v=1.64726 isup_a=0.049995
Doing analysis at TEMP = 27.000000 and TNOM = 27.000000

Using SPARSE 1.3 as Direct Linear Solver

No. of Data Rows : 1
HOV ssr_cmd=1.95 ssr_v=1.95 fb_v=1.19959 vout_v=1.79938 pg_v=1.64726 erramp_v=1.64726 isup_a=0.0499949
Doing analysis at TEMP = 27.000000 and TNOM = 27.000000

Using SPARSE 1.3 as Direct Linear Solver

No. of Data Rows : 1
HOV ssr_cmd=1.975 ssr_v=1.975 fb_v=1.19959 vout_v=1.79938 pg_v=1.64726 erramp_v=1.64726 isup_a=0.0499949
Doing analysis at TEMP = 27.000000 and TNOM = 27.000000

Using SPARSE 1.3 as Direct Linear Solver
 Reference value :  0.00000e+00
No. of Data Rows : 1
HOV ssr_cmd=2 ssr_v=2 fb_v=1.19959 vout_v=1.79938 pg_v=1.64726 erramp_v=1.64726 isup_a=0.0499949
Doing analysis at TEMP = 27.000000 and TNOM = 27.000000

Using SPARSE 1.3 as Direct Linear Solver

No. of Data Rows : 1
HOV ssr_cmd=2.025 ssr_v=2.025 fb_v=1.19959 vout_v=1.79938 pg_v=1.64726 erramp_v=1.64726 isup_a=0.0499948
Doing analysis at TEMP = 27.000000 and TNOM = 27.000000

Using SPARSE 1.3 as Direct Linear Solver

No. of Data Rows : 1
HOV ssr_cmd=2.05 ssr_v=2.05 fb_v=1.19959 vout_v=1.79938 pg_v=1.64726 erramp_v=1.64726 isup_a=0.0499948
Doing analysis at TEMP = 27.000000 and TNOM = 27.000000

Using SPARSE 1.3 as Direct Linear Solver
 Reference value :  0.00000e+00
No. of Data Rows : 1
HOV ssr_cmd=2.075 ssr_v=2.075 fb_v=1.19959 vout_v=1.79938 pg_v=1.64726 erramp_v=1.64726 isup_a=0.0499948
Doing analysis at TEMP = 27.000000 and TNOM = 27.000000

Using SPARSE 1.3 as Direct Linear Solver

No. of Data Rows : 1
HOV ssr_cmd=2.1 ssr_v=2.1 fb_v=1.19959 vout_v=1.79938 pg_v=1.64726 erramp_v=1.64726 isup_a=0.0499947
Doing analysis at TEMP = 27.000000 and TNOM = 27.000000

Using SPARSE 1.3 as Direct Linear Solver

No. of Data Rows : 1
HOV ssr_cmd=2.125 ssr_v=2.125 fb_v=1.19959 vout_v=1.79938 pg_v=1.64726 erramp_v=1.64726 isup_a=0.0499947
Doing analysis at TEMP = 27.000000 and TNOM = 27.000000

Using SPARSE 1.3 as Direct Linear Solver

No. of Data Rows : 1
HOV ssr_cmd=2.15 ssr_v=2.15 fb_v=1.19959 vout_v=1.79938 pg_v=1.64726 erramp_v=1.64726 isup_a=0.0499947
Doing analysis at TEMP = 27.000000 and TNOM = 27.000000

Using SPARSE 1.3 as Direct Linear Solver
 Reference value :  0.00000e+00
No. of Data Rows : 1
HOV ssr_cmd=2.175 ssr_v=2.175 fb_v=1.19959 vout_v=1.79938 pg_v=1.64726 erramp_v=1.64726 isup_a=0.0499946
Doing analysis at TEMP = 27.000000 and TNOM = 27.000000

Using SPARSE 1.3 as Direct Linear Solver

No. of Data Rows : 1
HOV ssr_cmd=2.2 ssr_v=2.2 fb_v=1.19959 vout_v=1.79938 pg_v=1.64726 erramp_v=1.64726 isup_a=0.0499946
Doing analysis at TEMP = 27.000000 and TNOM = 27.000000

Using SPARSE 1.3 as Direct Linear Solver
 Reference value :  0.00000e+00
No. of Data Rows : 1
HOV ssr_cmd=2.225 ssr_v=2.225 fb_v=1.19959 vout_v=1.79938 pg_v=1.64726 erramp_v=1.64726 isup_a=0.0499946
Doing analysis at TEMP = 27.000000 and TNOM = 27.000000

Using SPARSE 1.3 as Direct Linear Solver

No. of Data Rows : 1
HOV ssr_cmd=2.25 ssr_v=2.25 fb_v=1.19959 vout_v=1.79938 pg_v=1.64726 erramp_v=1.64726 isup_a=0.0499946
Doing analysis at TEMP = 27.000000 and TNOM = 27.000000

Using SPARSE 1.3 as Direct Linear Solver
 Reference value :  0.00000e+00
No. of Data Rows : 1
HOV ssr_cmd=2.275 ssr_v=2.275 fb_v=1.19959 vout_v=1.79938 pg_v=1.64726 erramp_v=1.64726 isup_a=0.0499945
Doing analysis at TEMP = 27.000000 and TNOM = 27.000000

Using SPARSE 1.3 as Direct Linear Solver

No. of Data Rows : 1
HOV ssr_cmd=2.3 ssr_v=2.3 fb_v=1.19959 vout_v=1.79938 pg_v=1.64726 erramp_v=1.64726 isup_a=0.0499945
Doing analysis at TEMP = 27.000000 and TNOM = 27.000000

Using SPARSE 1.3 as Direct Linear Solver
 Reference value :  0.00000e+00
No. of Data Rows : 1
HOV ssr_cmd=2.325 ssr_v=2.325 fb_v=1.19959 vout_v=1.79938 pg_v=1.64726 erramp_v=1.64726 isup_a=0.0499945
Doing analysis at TEMP = 27.000000 and TNOM = 27.000000

Using SPARSE 1.3 as Direct Linear Solver

No. of Data Rows : 1
HOV ssr_cmd=2.35 ssr_v=2.35 fb_v=1.19959 vout_v=1.79938 pg_v=1.64726 erramp_v=1.64726 isup_a=0.0499945
Doing analysis at TEMP = 27.000000 and TNOM = 27.000000

Using SPARSE 1.3 as Direct Linear Solver
 Reference value :  0.00000e+00
No. of Data Rows : 1
HOV ssr_cmd=2.375 ssr_v=2.375 fb_v=1.19959 vout_v=1.79938 pg_v=1.64726 erramp_v=1.64726 isup_a=0.0499945
Doing analysis at TEMP = 27.000000 and TNOM = 27.000000

Using SPARSE 1.3 as Direct Linear Solver

No. of Data Rows : 1
HOV ssr_cmd=2.4 ssr_v=2.4 fb_v=1.19959 vout_v=1.79938 pg_v=1.64726 erramp_v=1.64726 isup_a=0.0499945
* SWEEP COMPLETE tt_27c_2.97v
Note: Simulation executed from .control section 
Note: Starting dynamic gmin stepping
Note: Dynamic gmin stepping completed
Note: Starting dynamic gmin stepping
Note: Dynamic gmin stepping completed
Note: Starting dynamic gmin stepping
Note: Dynamic gmin stepping completed
Note: Starting dynamic gmin stepping
Note: Dynamic gmin stepping completed
Note: Starting dynamic gmin stepping
Note: Dynamic gmin stepping completed
Note: Starting dynamic gmin stepping
Note: Dynamic gmin stepping completed
Note: Starting dynamic gmin stepping
Note: Dynamic gmin stepping completed
Note: Starting dynamic gmin stepping
Note: Dynamic gmin stepping completed
Note: Starting dynamic gmin stepping
Note: Dynamic gmin stepping completed
Note: Starting dynamic gmin stepping
Note: Dynamic gmin stepping completed
Note: Starting dynamic gmin stepping
Note: Dynamic gmin stepping completed
Note: Starting dynamic gmin stepping
Note: Dynamic gmin stepping completed
Note: Starting dynamic gmin stepping
Note: Dynamic gmin stepping completed
Note: Starting dynamic gmin stepping
Note: Dynamic gmin stepping completed
Note: Starting dynamic gmin stepping
Note: Dynamic gmin stepping completed
Note: Starting dynamic gmin stepping
Note: Dynamic gmin stepping completed
Note: Starting dynamic gmin stepping
Note: Dynamic gmin stepping completed
Note: Starting dynamic gmin stepping
Note: Dynamic gmin stepping completed
Note: Starting dynamic gmin stepping
Note: Dynamic gmin stepping completed
Note: Starting dynamic gmin stepping
Note: Dynamic gmin stepping completed
Note: Starting dynamic gmin stepping
Note: Dynamic gmin stepping completed
Note: Starting dynamic gmin stepping
Note: Dynamic gmin stepping completed
Note: Starting dynamic gmin stepping
Note: Dynamic gmin stepping completed
Note: Starting dynamic gmin stepping
Note: Dynamic gmin stepping completed
Note: Starting dynamic gmin stepping
Note: Dynamic gmin stepping completed
Note: Starting dynamic gmin stepping
Note: Dynamic gmin stepping completed
Note: Starting dynamic gmin stepping
Note: Dynamic gmin stepping completed
Note: Starting dynamic gmin stepping
Note: Dynamic gmin stepping completed
Note: Starting dynamic gmin stepping
Note: Dynamic gmin stepping completed
Note: Starting dynamic gmin stepping
Note: Dynamic gmin stepping completed
Note: Starting dynamic gmin stepping
Note: Dynamic gmin stepping completed
Note: Starting dynamic gmin stepping
Note: Dynamic gmin stepping completed
Note: Starting dynamic gmin stepping
Note: Dynamic gmin stepping completed
Note: Starting dynamic gmin stepping
Note: Dynamic gmin stepping completed
Note: Starting dynamic gmin stepping
Note: Dynamic gmin stepping completed
Note: Starting dynamic gmin stepping
Note: Dynamic gmin stepping completed
Note: Starting dynamic gmin stepping
Note: Dynamic gmin stepping completed
Note: Starting dynamic gmin stepping
Note: Dynamic gmin stepping completed
Note: Starting dynamic gmin stepping
Note: Dynamic gmin stepping completed
Note: Starting dynamic gmin stepping
Note: Dynamic gmin stepping completed
Note: Starting dynamic gmin stepping
Note: Dynamic gmin stepping completed
Note: Starting dynamic gmin stepping
Note: Dynamic gmin stepping completed
Note: Starting dynamic gmin stepping
Note: Dynamic gmin stepping completed
Note: Starting dynamic gmin stepping
Note: Dynamic gmin stepping completed
Note: Starting dynamic gmin stepping
Note: Dynamic gmin stepping completed
Note: Starting dynamic gmin stepping
Note: Dynamic gmin stepping completed
Note: Starting dynamic gmin stepping
Note: Dynamic gmin stepping completed
Note: Starting dynamic gmin stepping
Note: Dynamic gmin stepping completed
Note: Starting dynamic gmin stepping
Note: Dynamic gmin stepping completed
Note: Starting dynamic gmin stepping
Note: Dynamic gmin stepping completed
Note: Starting dynamic gmin stepping
Note: Dynamic gmin stepping completed
Note: Starting dynamic gmin stepping
Note: Dynamic gmin stepping completed
Note: Starting dynamic gmin stepping
Note: Dynamic gmin stepping completed
Note: Starting dynamic gmin stepping
Note: Dynamic gmin stepping completed
Note: Starting dynamic gmin stepping
Note: Dynamic gmin stepping completed
Note: Starting dynamic gmin stepping
Note: Dynamic gmin stepping completed
Note: Starting dynamic gmin stepping
Note: Dynamic gmin stepping completed
Note: Starting dynamic gmin stepping
Note: Dynamic gmin stepping completed
Note: Starting dynamic gmin stepping
Note: Dynamic gmin stepping completed
Note: Starting dynamic gmin stepping
Note: Dynamic gmin stepping completed
Note: Starting dynamic gmin stepping
Note: Dynamic gmin stepping completed
Note: Starting dynamic gmin stepping
Note: Dynamic gmin stepping completed
Note: Starting dynamic gmin stepping
Note: Dynamic gmin stepping completed
Note: Starting dynamic gmin stepping
Note: Dynamic gmin stepping completed
Note: Starting dynamic gmin stepping
Note: Dynamic gmin stepping completed
Note: Starting dynamic gmin stepping
Note: Dynamic gmin stepping completed
Note: Starting dynamic gmin stepping
Note: Dynamic gmin stepping completed
Note: Starting dynamic gmin stepping
Note: Dynamic gmin stepping completed
Note: Starting dynamic gmin stepping
Note: Dynamic gmin stepping completed
Note: Starting dynamic gmin stepping
Note: Dynamic gmin stepping completed
Note: Starting dynamic gmin stepping
Note: Dynamic gmin stepping completed
Note: Starting dynamic gmin stepping
Note: Dynamic gmin stepping completed
Note: Starting dynamic gmin stepping
Note: Dynamic gmin stepping completed
Note: Starting dynamic gmin stepping
Note: Dynamic gmin stepping completed
Note: Starting dynamic gmin stepping
Note: Dynamic gmin stepping completed
Note: Starting dynamic gmin stepping
Note: Dynamic gmin stepping completed
Note: Starting dynamic gmin stepping
Note: Dynamic gmin stepping completed
Note: Starting dynamic gmin stepping
Note: Dynamic gmin stepping completed
Note: Starting dynamic gmin stepping
Note: Dynamic gmin stepping completed
Note: Starting dynamic gmin stepping
Note: Dynamic gmin stepping completed
Note: Starting dynamic gmin stepping
Note: Dynamic gmin stepping completed
Note: Starting dynamic gmin stepping
Note: Dynamic gmin stepping completed
Note: Starting dynamic gmin stepping
Note: Dynamic gmin stepping completed
Note: Starting dynamic gmin stepping
Note: Dynamic gmin stepping completed
Note: Starting dynamic gmin stepping
Note: Dynamic gmin stepping completed
Note: Starting dynamic gmin stepping
Note: Dynamic gmin stepping completed
Note: Starting dynamic gmin stepping
Note: Dynamic gmin stepping completed
Note: Starting dynamic gmin stepping
Note: Dynamic gmin stepping completed
Note: Starting dynamic gmin stepping
Note: Dynamic gmin stepping completed
Note: Starting dynamic gmin stepping
Note: Dynamic gmin stepping completed
Note: Starting dynamic gmin stepping
Note: Dynamic gmin stepping completed
Note: Starting dynamic gmin stepping
Note: Dynamic gmin stepping completed
Note: Starting dynamic gmin stepping
Note: Dynamic gmin stepping completed
Note: Starting dynamic gmin stepping
Note: Dynamic gmin stepping completed
