
Note: No compatibility mode selected!


Circuit: * soft-start-loop-gain -- the dc hand-over transfer of the fb-injection

* corner_id=ff_-40c_2.97v corner=ff temp_c=-40 vin_v=2.97
* variant=binj analysis=dc-handover-transfer load=resistive-36ohm
* columns: HOV ssr_cmd= ssr_v= fb_v= vout_v= pg_v= erramp_v= isup_a=
* (I_inj into FB is DERIVED from fb_v/vout_v by KCL in sweep.py, not
*  measured, so the identical expression reads both DUT variants;
*  fb_v away from VREF means the loop is not in regulation at that ramp
*  state and neither VOUT nor I_inj is a regulating-branch quantity)
* Fields are key=value for the same reason the margin deck's are.
Doing analysis at TEMP = -40.000000 and TNOM = 27.000000

Using SPARSE 1.3 as Direct Linear Solver

No. of Data Rows : 1
HOV ssr_cmd=0 ssr_v=0 fb_v=1.20013 vout_v=0.000190184 pg_v=2.96977 erramp_v=2.96977 isup_a=2.0127E-05
Doing analysis at TEMP = -40.000000 and TNOM = 27.000000

Using SPARSE 1.3 as Direct Linear Solver

No. of Data Rows : 1
HOV ssr_cmd=0.025 ssr_v=0.025 fb_v=1.19964 vout_v=0.0369515 pg_v=2.3056 erramp_v=2.3056 isup_a=0.00104346
Doing analysis at TEMP = -40.000000 and TNOM = 27.000000

Using SPARSE 1.3 as Direct Linear Solver
 Reference value :  0.00000e+00
No. of Data Rows : 1
HOV ssr_cmd=0.05 ssr_v=0.05 fb_v=1.19964 vout_v=0.0744514 pg_v=2.27188 erramp_v=2.27188 isup_a=0.00208504
Doing analysis at TEMP = -40.000000 and TNOM = 27.000000

Using SPARSE 1.3 as Direct Linear Solver

No. of Data Rows : 1
HOV ssr_cmd=0.075 ssr_v=0.075 fb_v=1.19964 vout_v=0.111951 pg_v=2.24922 erramp_v=2.24922 isup_a=0.00312663
Doing analysis at TEMP = -40.000000 and TNOM = 27.000000

Using SPARSE 1.3 as Direct Linear Solver

No. of Data Rows : 1
HOV ssr_cmd=0.1 ssr_v=0.1 fb_v=1.19964 vout_v=0.149451 pg_v=2.23123 erramp_v=2.23123 isup_a=0.00416822
Doing analysis at TEMP = -40.000000 and TNOM = 27.000000

Using SPARSE 1.3 as Direct Linear Solver
 Reference value :  0.00000e+00
No. of Data Rows : 1
HOV ssr_cmd=0.125 ssr_v=0.125 fb_v=1.19964 vout_v=0.186951 pg_v=2.21588 erramp_v=2.21588 isup_a=0.00520981
Doing analysis at TEMP = -40.000000 and TNOM = 27.000000

Using SPARSE 1.3 as Direct Linear Solver

No. of Data Rows : 1
HOV ssr_cmd=0.15 ssr_v=0.15 fb_v=1.19964 vout_v=0.224451 pg_v=2.20225 erramp_v=2.20225 isup_a=0.0062514
Doing analysis at TEMP = -40.000000 and TNOM = 27.000000

Using SPARSE 1.3 as Direct Linear Solver

No. of Data Rows : 1
HOV ssr_cmd=0.175 ssr_v=0.175 fb_v=1.19964 vout_v=0.261951 pg_v=2.18984 erramp_v=2.18984 isup_a=0.00729299
Doing analysis at TEMP = -40.000000 and TNOM = 27.000000

Using SPARSE 1.3 as Direct Linear Solver
 Reference value :  0.00000e+00
No. of Data Rows : 1
HOV ssr_cmd=0.2 ssr_v=0.2 fb_v=1.19964 vout_v=0.299451 pg_v=2.17833 erramp_v=2.17833 isup_a=0.00833458
Doing analysis at TEMP = -40.000000 and TNOM = 27.000000

Using SPARSE 1.3 as Direct Linear Solver

No. of Data Rows : 1
HOV ssr_cmd=0.225 ssr_v=0.225 fb_v=1.19964 vout_v=0.336951 pg_v=2.16753 erramp_v=2.16753 isup_a=0.00937617
Doing analysis at TEMP = -40.000000 and TNOM = 27.000000

Using SPARSE 1.3 as Direct Linear Solver
 Reference value :  0.00000e+00
No. of Data Rows : 1
HOV ssr_cmd=0.25 ssr_v=0.25 fb_v=1.19964 vout_v=0.374451 pg_v=2.15731 erramp_v=2.15731 isup_a=0.0104178
Doing analysis at TEMP = -40.000000 and TNOM = 27.000000

Using SPARSE 1.3 as Direct Linear Solver

No. of Data Rows : 1
HOV ssr_cmd=0.275 ssr_v=0.275 fb_v=1.19964 vout_v=0.411951 pg_v=2.14755 erramp_v=2.14755 isup_a=0.0114594
Doing analysis at TEMP = -40.000000 and TNOM = 27.000000

Using SPARSE 1.3 as Direct Linear Solver
 Reference value :  0.00000e+00
No. of Data Rows : 1
HOV ssr_cmd=0.3 ssr_v=0.3 fb_v=1.19963 vout_v=0.449451 pg_v=2.13819 erramp_v=2.13819 isup_a=0.0125009
Doing analysis at TEMP = -40.000000 and TNOM = 27.000000

Using SPARSE 1.3 as Direct Linear Solver

No. of Data Rows : 1
HOV ssr_cmd=0.325 ssr_v=0.325 fb_v=1.19963 vout_v=0.486951 pg_v=2.12917 erramp_v=2.12917 isup_a=0.0135425
Doing analysis at TEMP = -40.000000 and TNOM = 27.000000

Using SPARSE 1.3 as Direct Linear Solver
 Reference value :  0.00000e+00
No. of Data Rows : 1
HOV ssr_cmd=0.35 ssr_v=0.35 fb_v=1.19963 vout_v=0.524451 pg_v=2.12044 erramp_v=2.12044 isup_a=0.0145841
Doing analysis at TEMP = -40.000000 and TNOM = 27.000000

Using SPARSE 1.3 as Direct Linear Solver

No. of Data Rows : 1
HOV ssr_cmd=0.375 ssr_v=0.375 fb_v=1.19963 vout_v=0.561951 pg_v=2.11196 erramp_v=2.11196 isup_a=0.0156257
Doing analysis at TEMP = -40.000000 and TNOM = 27.000000

Using SPARSE 1.3 as Direct Linear Solver
 Reference value :  0.00000e+00
No. of Data Rows : 1
HOV ssr_cmd=0.4 ssr_v=0.4 fb_v=1.19963 vout_v=0.599451 pg_v=2.10371 erramp_v=2.10371 isup_a=0.0166673
Doing analysis at TEMP = -40.000000 and TNOM = 27.000000

Using SPARSE 1.3 as Direct Linear Solver

No. of Data Rows : 1
HOV ssr_cmd=0.425 ssr_v=0.425 fb_v=1.19963 vout_v=0.636951 pg_v=2.09566 erramp_v=2.09566 isup_a=0.0177089
Doing analysis at TEMP = -40.000000 and TNOM = 27.000000

Using SPARSE 1.3 as Direct Linear Solver
 Reference value :  0.00000e+00
No. of Data Rows : 1
HOV ssr_cmd=0.45 ssr_v=0.45 fb_v=1.19963 vout_v=0.674451 pg_v=2.08779 erramp_v=2.08779 isup_a=0.0187505
Doing analysis at TEMP = -40.000000 and TNOM = 27.000000

Using SPARSE 1.3 as Direct Linear Solver

No. of Data Rows : 1
HOV ssr_cmd=0.475 ssr_v=0.475 fb_v=1.19963 vout_v=0.711951 pg_v=2.08007 erramp_v=2.08007 isup_a=0.0197921
Doing analysis at TEMP = -40.000000 and TNOM = 27.000000

Using SPARSE 1.3 as Direct Linear Solver
 Reference value :  0.00000e+00
No. of Data Rows : 1
HOV ssr_cmd=0.5 ssr_v=0.5 fb_v=1.19963 vout_v=0.749451 pg_v=2.07251 erramp_v=2.07251 isup_a=0.0208337
Doing analysis at TEMP = -40.000000 and TNOM = 27.000000

Using SPARSE 1.3 as Direct Linear Solver

No. of Data Rows : 1
HOV ssr_cmd=0.525 ssr_v=0.525 fb_v=1.19963 vout_v=0.786951 pg_v=2.06508 erramp_v=2.06508 isup_a=0.0218753
Doing analysis at TEMP = -40.000000 and TNOM = 27.000000

Using SPARSE 1.3 as Direct Linear Solver
 Reference value :  0.00000e+00
No. of Data Rows : 1
HOV ssr_cmd=0.55 ssr_v=0.55 fb_v=1.19963 vout_v=0.824451 pg_v=2.05776 erramp_v=2.05776 isup_a=0.0229169
Doing analysis at TEMP = -40.000000 and TNOM = 27.000000

Using SPARSE 1.3 as Direct Linear Solver

No. of Data Rows : 1
HOV ssr_cmd=0.575 ssr_v=0.575 fb_v=1.19963 vout_v=0.861951 pg_v=2.05056 erramp_v=2.05056 isup_a=0.0239585
Doing analysis at TEMP = -40.000000 and TNOM = 27.000000

Using SPARSE 1.3 as Direct Linear Solver
 Reference value :  0.00000e+00
No. of Data Rows : 1
HOV ssr_cmd=0.6 ssr_v=0.6 fb_v=1.19963 vout_v=0.899451 pg_v=2.04347 erramp_v=2.04347 isup_a=0.0250001
Doing analysis at TEMP = -40.000000 and TNOM = 27.000000

Using SPARSE 1.3 as Direct Linear Solver

No. of Data Rows : 1
HOV ssr_cmd=0.625 ssr_v=0.625 fb_v=1.19963 vout_v=0.936951 pg_v=2.03646 erramp_v=2.03646 isup_a=0.0260417
Doing analysis at TEMP = -40.000000 and TNOM = 27.000000

Using SPARSE 1.3 as Direct Linear Solver
 Reference value :  0.00000e+00
No. of Data Rows : 1
HOV ssr_cmd=0.65 ssr_v=0.65 fb_v=1.19963 vout_v=0.97445 pg_v=2.02955 erramp_v=2.02955 isup_a=0.0270833
Doing analysis at TEMP = -40.000000 and TNOM = 27.000000

Using SPARSE 1.3 as Direct Linear Solver

No. of Data Rows : 1
HOV ssr_cmd=0.675 ssr_v=0.675 fb_v=1.19963 vout_v=1.01195 pg_v=2.02271 erramp_v=2.02271 isup_a=0.0281249
Doing analysis at TEMP = -40.000000 and TNOM = 27.000000

Using SPARSE 1.3 as Direct Linear Solver

No. of Data Rows : 1
HOV ssr_cmd=0.7 ssr_v=0.7 fb_v=1.19963 vout_v=1.04945 pg_v=2.01595 erramp_v=2.01595 isup_a=0.0291664
Doing analysis at TEMP = -40.000000 and TNOM = 27.000000

Using SPARSE 1.3 as Direct Linear Solver
 Reference value :  0.00000e+00
No. of Data Rows : 1
HOV ssr_cmd=0.725 ssr_v=0.725 fb_v=1.19963 vout_v=1.08695 pg_v=2.00925 erramp_v=2.00925 isup_a=0.030208
Doing analysis at TEMP = -40.000000 and TNOM = 27.000000

Using SPARSE 1.3 as Direct Linear Solver

No. of Data Rows : 1
HOV ssr_cmd=0.75 ssr_v=0.75 fb_v=1.19963 vout_v=1.12445 pg_v=2.00262 erramp_v=2.00262 isup_a=0.0312496
Doing analysis at TEMP = -40.000000 and TNOM = 27.000000

Using SPARSE 1.3 as Direct Linear Solver

No. of Data Rows : 1
HOV ssr_cmd=0.775 ssr_v=0.775 fb_v=1.19963 vout_v=1.16195 pg_v=1.99605 erramp_v=1.99605 isup_a=0.0322912
Doing analysis at TEMP = -40.000000 and TNOM = 27.000000

Using SPARSE 1.3 as Direct Linear Solver
 Reference value :  0.00000e+00
No. of Data Rows : 1
HOV ssr_cmd=0.8 ssr_v=0.8 fb_v=1.19963 vout_v=1.19945 pg_v=1.98953 erramp_v=1.98953 isup_a=0.0333328
Doing analysis at TEMP = -40.000000 and TNOM = 27.000000

Using SPARSE 1.3 as Direct Linear Solver

No. of Data Rows : 1
HOV ssr_cmd=0.825 ssr_v=0.825 fb_v=1.19963 vout_v=1.23695 pg_v=1.98307 erramp_v=1.98307 isup_a=0.0343744
Doing analysis at TEMP = -40.000000 and TNOM = 27.000000

Using SPARSE 1.3 as Direct Linear Solver
 Reference value :  0.00000e+00
No. of Data Rows : 1
HOV ssr_cmd=0.85 ssr_v=0.85 fb_v=1.19963 vout_v=1.27445 pg_v=1.97665 erramp_v=1.97665 isup_a=0.035416
Doing analysis at TEMP = -40.000000 and TNOM = 27.000000

Using SPARSE 1.3 as Direct Linear Solver

No. of Data Rows : 1
HOV ssr_cmd=0.875 ssr_v=0.875 fb_v=1.19963 vout_v=1.31195 pg_v=1.97027 erramp_v=1.97027 isup_a=0.0364576
Doing analysis at TEMP = -40.000000 and TNOM = 27.000000

Using SPARSE 1.3 as Direct Linear Solver
 Reference value :  0.00000e+00
No. of Data Rows : 1
HOV ssr_cmd=0.9 ssr_v=0.9 fb_v=1.19963 vout_v=1.34945 pg_v=1.96393 erramp_v=1.96393 isup_a=0.0374992
Doing analysis at TEMP = -40.000000 and TNOM = 27.000000

Using SPARSE 1.3 as Direct Linear Solver

No. of Data Rows : 1
HOV ssr_cmd=0.925 ssr_v=0.925 fb_v=1.19963 vout_v=1.38695 pg_v=1.95762 erramp_v=1.95762 isup_a=0.0385408
Doing analysis at TEMP = -40.000000 and TNOM = 27.000000

Using SPARSE 1.3 as Direct Linear Solver
 Reference value :  0.00000e+00
No. of Data Rows : 1
HOV ssr_cmd=0.95 ssr_v=0.95 fb_v=1.19963 vout_v=1.42445 pg_v=1.95135 erramp_v=1.95135 isup_a=0.0395824
Doing analysis at TEMP = -40.000000 and TNOM = 27.000000

Using SPARSE 1.3 as Direct Linear Solver

No. of Data Rows : 1
HOV ssr_cmd=0.975 ssr_v=0.975 fb_v=1.19963 vout_v=1.46195 pg_v=1.94511 erramp_v=1.94511 isup_a=0.040624
Doing analysis at TEMP = -40.000000 and TNOM = 27.000000

Using SPARSE 1.3 as Direct Linear Solver
 Reference value :  0.00000e+00
No. of Data Rows : 1
HOV ssr_cmd=1 ssr_v=1 fb_v=1.19963 vout_v=1.49945 pg_v=1.93889 erramp_v=1.93889 isup_a=0.0416656
Doing analysis at TEMP = -40.000000 and TNOM = 27.000000

Using SPARSE 1.3 as Direct Linear Solver

No. of Data Rows : 1
HOV ssr_cmd=1.025 ssr_v=1.025 fb_v=1.19963 vout_v=1.53695 pg_v=1.93269 erramp_v=1.93269 isup_a=0.0427072
Doing analysis at TEMP = -40.000000 and TNOM = 27.000000

Using SPARSE 1.3 as Direct Linear Solver
 Reference value :  0.00000e+00
No. of Data Rows : 1
HOV ssr_cmd=1.05 ssr_v=1.05 fb_v=1.19963 vout_v=1.57445 pg_v=1.92651 erramp_v=1.92651 isup_a=0.0437488
Doing analysis at TEMP = -40.000000 and TNOM = 27.000000

Using SPARSE 1.3 as Direct Linear Solver

No. of Data Rows : 1
HOV ssr_cmd=1.075 ssr_v=1.075 fb_v=1.19963 vout_v=1.61195 pg_v=1.92034 erramp_v=1.92034 isup_a=0.0447904
Doing analysis at TEMP = -40.000000 and TNOM = 27.000000

Using SPARSE 1.3 as Direct Linear Solver
 Reference value :  0.00000e+00
No. of Data Rows : 1
HOV ssr_cmd=1.1 ssr_v=1.1 fb_v=1.19963 vout_v=1.64945 pg_v=1.91419 erramp_v=1.91419 isup_a=0.045832
Doing analysis at TEMP = -40.000000 and TNOM = 27.000000

Using SPARSE 1.3 as Direct Linear Solver

No. of Data Rows : 1
HOV ssr_cmd=1.125 ssr_v=1.125 fb_v=1.19963 vout_v=1.68695 pg_v=1.90805 erramp_v=1.90805 isup_a=0.0468736
Doing analysis at TEMP = -40.000000 and TNOM = 27.000000

Using SPARSE 1.3 as Direct Linear Solver
 Reference value :  0.00000e+00
No. of Data Rows : 1
HOV ssr_cmd=1.15 ssr_v=1.15 fb_v=1.19963 vout_v=1.72445 pg_v=1.90191 erramp_v=1.90191 isup_a=0.0479152
Doing analysis at TEMP = -40.000000 and TNOM = 27.000000

Using SPARSE 1.3 as Direct Linear Solver

No. of Data Rows : 1
HOV ssr_cmd=1.175 ssr_v=1.175 fb_v=1.19963 vout_v=1.76195 pg_v=1.89577 erramp_v=1.89577 isup_a=0.0489568
Doing analysis at TEMP = -40.000000 and TNOM = 27.000000

Using SPARSE 1.3 as Direct Linear Solver
 Reference value :  0.00000e+00
No. of Data Rows : 1
HOV ssr_cmd=1.2 ssr_v=1.2 fb_v=1.19963 vout_v=1.79945 pg_v=1.88962 erramp_v=1.88962 isup_a=0.0499984
Doing analysis at TEMP = -40.000000 and TNOM = 27.000000

Using SPARSE 1.3 as Direct Linear Solver

No. of Data Rows : 1
HOV ssr_cmd=1.225 ssr_v=1.225 fb_v=1.19963 vout_v=1.79945 pg_v=1.88962 erramp_v=1.88962 isup_a=0.0499984
Doing analysis at TEMP = -40.000000 and TNOM = 27.000000

Using SPARSE 1.3 as Direct Linear Solver
 Reference value :  0.00000e+00
No. of Data Rows : 1
HOV ssr_cmd=1.25 ssr_v=1.25 fb_v=1.19963 vout_v=1.79945 pg_v=1.88962 erramp_v=1.88962 isup_a=0.0499984
Doing analysis at TEMP = -40.000000 and TNOM = 27.000000

Using SPARSE 1.3 as Direct Linear Solver

No. of Data Rows : 1
HOV ssr_cmd=1.275 ssr_v=1.275 fb_v=1.19963 vout_v=1.79945 pg_v=1.88962 erramp_v=1.88962 isup_a=0.0499984
Doing analysis at TEMP = -40.000000 and TNOM = 27.000000

Using SPARSE 1.3 as Direct Linear Solver
 Reference value :  0.00000e+00
No. of Data Rows : 1
HOV ssr_cmd=1.3 ssr_v=1.3 fb_v=1.19963 vout_v=1.79945 pg_v=1.88962 erramp_v=1.88962 isup_a=0.0499984
Doing analysis at TEMP = -40.000000 and TNOM = 27.000000

Using SPARSE 1.3 as Direct Linear Solver

No. of Data Rows : 1
HOV ssr_cmd=1.325 ssr_v=1.325 fb_v=1.19963 vout_v=1.79945 pg_v=1.88962 erramp_v=1.88962 isup_a=0.0499984
Doing analysis at TEMP = -40.000000 and TNOM = 27.000000

Using SPARSE 1.3 as Direct Linear Solver
 Reference value :  0.00000e+00
No. of Data Rows : 1
HOV ssr_cmd=1.35 ssr_v=1.35 fb_v=1.19963 vout_v=1.79945 pg_v=1.88962 erramp_v=1.88962 isup_a=0.0499984
Doing analysis at TEMP = -40.000000 and TNOM = 27.000000

Using SPARSE 1.3 as Direct Linear Solver

No. of Data Rows : 1
HOV ssr_cmd=1.375 ssr_v=1.375 fb_v=1.19963 vout_v=1.79945 pg_v=1.88962 erramp_v=1.88962 isup_a=0.0499984
Doing analysis at TEMP = -40.000000 and TNOM = 27.000000

Using SPARSE 1.3 as Direct Linear Solver
 Reference value :  0.00000e+00
No. of Data Rows : 1
HOV ssr_cmd=1.4 ssr_v=1.4 fb_v=1.19963 vout_v=1.79945 pg_v=1.88962 erramp_v=1.88962 isup_a=0.0499984
Doing analysis at TEMP = -40.000000 and TNOM = 27.000000

Using SPARSE 1.3 as Direct Linear Solver

No. of Data Rows : 1
HOV ssr_cmd=1.425 ssr_v=1.425 fb_v=1.19963 vout_v=1.79945 pg_v=1.88962 erramp_v=1.88962 isup_a=0.0499984
Doing analysis at TEMP = -40.000000 and TNOM = 27.000000

Using SPARSE 1.3 as Direct Linear Solver
 Reference value :  0.00000e+00
No. of Data Rows : 1
HOV ssr_cmd=1.45 ssr_v=1.45 fb_v=1.19963 vout_v=1.79945 pg_v=1.88962 erramp_v=1.88962 isup_a=0.0499984
Doing analysis at TEMP = -40.000000 and TNOM = 27.000000

Using SPARSE 1.3 as Direct Linear Solver

No. of Data Rows : 1
HOV ssr_cmd=1.475 ssr_v=1.475 fb_v=1.19963 vout_v=1.79945 pg_v=1.88962 erramp_v=1.88962 isup_a=0.0499984
Doing analysis at TEMP = -40.000000 and TNOM = 27.000000

Using SPARSE 1.3 as Direct Linear Solver
 Reference value :  0.00000e+00
No. of Data Rows : 1
HOV ssr_cmd=1.5 ssr_v=1.5 fb_v=1.19963 vout_v=1.79945 pg_v=1.88962 erramp_v=1.88962 isup_a=0.0499984
Doing analysis at TEMP = -40.000000 and TNOM = 27.000000

Using SPARSE 1.3 as Direct Linear Solver

No. of Data Rows : 1
HOV ssr_cmd=1.525 ssr_v=1.525 fb_v=1.19963 vout_v=1.79945 pg_v=1.88962 erramp_v=1.88962 isup_a=0.0499984
Doing analysis at TEMP = -40.000000 and TNOM = 27.000000

Using SPARSE 1.3 as Direct Linear Solver
 Reference value :  0.00000e+00
No. of Data Rows : 1
HOV ssr_cmd=1.55 ssr_v=1.55 fb_v=1.19963 vout_v=1.79945 pg_v=1.88962 erramp_v=1.88962 isup_a=0.0499984
Doing analysis at TEMP = -40.000000 and TNOM = 27.000000

Using SPARSE 1.3 as Direct Linear Solver

No. of Data Rows : 1
HOV ssr_cmd=1.575 ssr_v=1.575 fb_v=1.19963 vout_v=1.79945 pg_v=1.88962 erramp_v=1.88962 isup_a=0.0499984
Doing analysis at TEMP = -40.000000 and TNOM = 27.000000

Using SPARSE 1.3 as Direct Linear Solver
 Reference value :  0.00000e+00
No. of Data Rows : 1
HOV ssr_cmd=1.6 ssr_v=1.6 fb_v=1.19963 vout_v=1.79945 pg_v=1.88962 erramp_v=1.88962 isup_a=0.0499984
Doing analysis at TEMP = -40.000000 and TNOM = 27.000000

Using SPARSE 1.3 as Direct Linear Solver

No. of Data Rows : 1
HOV ssr_cmd=1.625 ssr_v=1.625 fb_v=1.19963 vout_v=1.79945 pg_v=1.88962 erramp_v=1.88962 isup_a=0.0499984
Doing analysis at TEMP = -40.000000 and TNOM = 27.000000

Using SPARSE 1.3 as Direct Linear Solver
 Reference value :  0.00000e+00
No. of Data Rows : 1
HOV ssr_cmd=1.65 ssr_v=1.65 fb_v=1.19963 vout_v=1.79945 pg_v=1.88962 erramp_v=1.88962 isup_a=0.0499984
Doing analysis at TEMP = -40.000000 and TNOM = 27.000000

Using SPARSE 1.3 as Direct Linear Solver

No. of Data Rows : 1
HOV ssr_cmd=1.675 ssr_v=1.675 fb_v=1.19963 vout_v=1.79945 pg_v=1.88962 erramp_v=1.88962 isup_a=0.0499984
Doing analysis at TEMP = -40.000000 and TNOM = 27.000000

Using SPARSE 1.3 as Direct Linear Solver
 Reference value :  0.00000e+00
No. of Data Rows : 1
HOV ssr_cmd=1.7 ssr_v=1.7 fb_v=1.19963 vout_v=1.79945 pg_v=1.88962 erramp_v=1.88962 isup_a=0.0499984
Doing analysis at TEMP = -40.000000 and TNOM = 27.000000

Using SPARSE 1.3 as Direct Linear Solver

No. of Data Rows : 1
HOV ssr_cmd=1.725 ssr_v=1.725 fb_v=1.19963 vout_v=1.79945 pg_v=1.88962 erramp_v=1.88962 isup_a=0.0499984
Doing analysis at TEMP = -40.000000 and TNOM = 27.000000

Using SPARSE 1.3 as Direct Linear Solver
 Reference value :  0.00000e+00
No. of Data Rows : 1
HOV ssr_cmd=1.75 ssr_v=1.75 fb_v=1.19963 vout_v=1.79945 pg_v=1.88962 erramp_v=1.88962 isup_a=0.0499984
Doing analysis at TEMP = -40.000000 and TNOM = 27.000000

Using SPARSE 1.3 as Direct Linear Solver

No. of Data Rows : 1
HOV ssr_cmd=1.775 ssr_v=1.775 fb_v=1.19963 vout_v=1.79945 pg_v=1.88962 erramp_v=1.88962 isup_a=0.0499984
Doing analysis at TEMP = -40.000000 and TNOM = 27.000000

Using SPARSE 1.3 as Direct Linear Solver
 Reference value :  0.00000e+00
No. of Data Rows : 1
HOV ssr_cmd=1.8 ssr_v=1.8 fb_v=1.19963 vout_v=1.79945 pg_v=1.88962 erramp_v=1.88962 isup_a=0.0499984
Doing analysis at TEMP = -40.000000 and TNOM = 27.000000

Using SPARSE 1.3 as Direct Linear Solver

No. of Data Rows : 1
HOV ssr_cmd=1.825 ssr_v=1.825 fb_v=1.19963 vout_v=1.79945 pg_v=1.88962 erramp_v=1.88962 isup_a=0.0499984
Doing analysis at TEMP = -40.000000 and TNOM = 27.000000

Using SPARSE 1.3 as Direct Linear Solver
 Reference value :  0.00000e+00
No. of Data Rows : 1
HOV ssr_cmd=1.85 ssr_v=1.85 fb_v=1.19963 vout_v=1.79945 pg_v=1.88962 erramp_v=1.88962 isup_a=0.0499984
Doing analysis at TEMP = -40.000000 and TNOM = 27.000000

Using SPARSE 1.3 as Direct Linear Solver

No. of Data Rows : 1
HOV ssr_cmd=1.875 ssr_v=1.875 fb_v=1.19963 vout_v=1.79945 pg_v=1.88962 erramp_v=1.88962 isup_a=0.0499984
Doing analysis at TEMP = -40.000000 and TNOM = 27.000000

Using SPARSE 1.3 as Direct Linear Solver
 Reference value :  0.00000e+00
No. of Data Rows : 1
HOV ssr_cmd=1.9 ssr_v=1.9 fb_v=1.19963 vout_v=1.79945 pg_v=1.88962 erramp_v=1.88962 isup_a=0.0499984
Doing analysis at TEMP = -40.000000 and TNOM = 27.000000

Using SPARSE 1.3 as Direct Linear Solver

No. of Data Rows : 1
HOV ssr_cmd=1.925 ssr_v=1.925 fb_v=1.19963 vout_v=1.79945 pg_v=1.88962 erramp_v=1.88962 isup_a=0.0499984
Doing analysis at TEMP = -40.000000 and TNOM = 27.000000

Using SPARSE 1.3 as Direct Linear Solver
 Reference value :  0.00000e+00
No. of Data Rows : 1
HOV ssr_cmd=1.95 ssr_v=1.95 fb_v=1.19963 vout_v=1.79945 pg_v=1.88962 erramp_v=1.88962 isup_a=0.0499984
Doing analysis at TEMP = -40.000000 and TNOM = 27.000000

Using SPARSE 1.3 as Direct Linear Solver

No. of Data Rows : 1
HOV ssr_cmd=1.975 ssr_v=1.975 fb_v=1.19963 vout_v=1.79945 pg_v=1.88962 erramp_v=1.88962 isup_a=0.0499984
Doing analysis at TEMP = -40.000000 and TNOM = 27.000000

Using SPARSE 1.3 as Direct Linear Solver
 Reference value :  0.00000e+00
No. of Data Rows : 1
HOV ssr_cmd=2 ssr_v=2 fb_v=1.19963 vout_v=1.79945 pg_v=1.88962 erramp_v=1.88962 isup_a=0.0499984
Doing analysis at TEMP = -40.000000 and TNOM = 27.000000

Using SPARSE 1.3 as Direct Linear Solver

No. of Data Rows : 1
HOV ssr_cmd=2.025 ssr_v=2.025 fb_v=1.19963 vout_v=1.79945 pg_v=1.88962 erramp_v=1.88962 isup_a=0.0499984
Doing analysis at TEMP = -40.000000 and TNOM = 27.000000

Using SPARSE 1.3 as Direct Linear Solver
 Reference value :  0.00000e+00
No. of Data Rows : 1
HOV ssr_cmd=2.05 ssr_v=2.05 fb_v=1.19963 vout_v=1.79945 pg_v=1.88962 erramp_v=1.88962 isup_a=0.0499984
Doing analysis at TEMP = -40.000000 and TNOM = 27.000000

Using SPARSE 1.3 as Direct Linear Solver

No. of Data Rows : 1
HOV ssr_cmd=2.075 ssr_v=2.075 fb_v=1.19963 vout_v=1.79945 pg_v=1.88962 erramp_v=1.88962 isup_a=0.0499984
Doing analysis at TEMP = -40.000000 and TNOM = 27.000000

Using SPARSE 1.3 as Direct Linear Solver
 Reference value :  0.00000e+00
No. of Data Rows : 1
HOV ssr_cmd=2.1 ssr_v=2.1 fb_v=1.19963 vout_v=1.79945 pg_v=1.88962 erramp_v=1.88962 isup_a=0.0499984
Doing analysis at TEMP = -40.000000 and TNOM = 27.000000

Using SPARSE 1.3 as Direct Linear Solver

No. of Data Rows : 1
HOV ssr_cmd=2.125 ssr_v=2.125 fb_v=1.19963 vout_v=1.79945 pg_v=1.88962 erramp_v=1.88962 isup_a=0.0499984
Doing analysis at TEMP = -40.000000 and TNOM = 27.000000

Using SPARSE 1.3 as Direct Linear Solver
 Reference value :  0.00000e+00
No. of Data Rows : 1
HOV ssr_cmd=2.15 ssr_v=2.15 fb_v=1.19963 vout_v=1.79945 pg_v=1.88962 erramp_v=1.88962 isup_a=0.0499984
Doing analysis at TEMP = -40.000000 and TNOM = 27.000000

Using SPARSE 1.3 as Direct Linear Solver

No. of Data Rows : 1
HOV ssr_cmd=2.175 ssr_v=2.175 fb_v=1.19963 vout_v=1.79945 pg_v=1.88962 erramp_v=1.88962 isup_a=0.0499984
Doing analysis at TEMP = -40.000000 and TNOM = 27.000000

Using SPARSE 1.3 as Direct Linear Solver
 Reference value :  0.00000e+00
No. of Data Rows : 1
HOV ssr_cmd=2.2 ssr_v=2.2 fb_v=1.19963 vout_v=1.79945 pg_v=1.88962 erramp_v=1.88962 isup_a=0.0499984
Doing analysis at TEMP = -40.000000 and TNOM = 27.000000

Using SPARSE 1.3 as Direct Linear Solver

No. of Data Rows : 1
HOV ssr_cmd=2.225 ssr_v=2.225 fb_v=1.19963 vout_v=1.79945 pg_v=1.88962 erramp_v=1.88962 isup_a=0.0499984
Doing analysis at TEMP = -40.000000 and TNOM = 27.000000

Using SPARSE 1.3 as Direct Linear Solver
 Reference value :  0.00000e+00
No. of Data Rows : 1
HOV ssr_cmd=2.25 ssr_v=2.25 fb_v=1.19963 vout_v=1.79945 pg_v=1.88962 erramp_v=1.88962 isup_a=0.0499984
Doing analysis at TEMP = -40.000000 and TNOM = 27.000000

Using SPARSE 1.3 as Direct Linear Solver

No. of Data Rows : 1
HOV ssr_cmd=2.275 ssr_v=2.275 fb_v=1.19963 vout_v=1.79945 pg_v=1.88962 erramp_v=1.88962 isup_a=0.0499984
Doing analysis at TEMP = -40.000000 and TNOM = 27.000000

Using SPARSE 1.3 as Direct Linear Solver
 Reference value :  0.00000e+00
No. of Data Rows : 1
HOV ssr_cmd=2.3 ssr_v=2.3 fb_v=1.19963 vout_v=1.79945 pg_v=1.88962 erramp_v=1.88962 isup_a=0.0499984
Doing analysis at TEMP = -40.000000 and TNOM = 27.000000

Using SPARSE 1.3 as Direct Linear Solver

No. of Data Rows : 1
HOV ssr_cmd=2.325 ssr_v=2.325 fb_v=1.19963 vout_v=1.79945 pg_v=1.88962 erramp_v=1.88962 isup_a=0.0499984
Doing analysis at TEMP = -40.000000 and TNOM = 27.000000

Using SPARSE 1.3 as Direct Linear Solver
 Reference value :  0.00000e+00
No. of Data Rows : 1
HOV ssr_cmd=2.35 ssr_v=2.35 fb_v=1.19963 vout_v=1.79945 pg_v=1.88962 erramp_v=1.88962 isup_a=0.0499984
Doing analysis at TEMP = -40.000000 and TNOM = 27.000000

Using SPARSE 1.3 as Direct Linear Solver

No. of Data Rows : 1
HOV ssr_cmd=2.375 ssr_v=2.375 fb_v=1.19963 vout_v=1.79945 pg_v=1.88962 erramp_v=1.88962 isup_a=0.0499984
Doing analysis at TEMP = -40.000000 and TNOM = 27.000000

Using SPARSE 1.3 as Direct Linear Solver
 Reference value :  0.00000e+00
No. of Data Rows : 1
HOV ssr_cmd=2.4 ssr_v=2.4 fb_v=1.19963 vout_v=1.79945 pg_v=1.88962 erramp_v=1.88962 isup_a=0.0499984
* SWEEP COMPLETE ff_-40c_2.97v
Note: Simulation executed from .control section 
Note: Starting dynamic gmin stepping
Note: Dynamic gmin stepping completed
Note: Starting dynamic gmin stepping
Note: Dynamic gmin stepping completed
Note: Starting dynamic gmin stepping
Note: Dynamic gmin stepping completed
Note: Starting dynamic gmin stepping
Note: Dynamic gmin stepping completed
Note: Starting dynamic gmin stepping
Note: Dynamic gmin stepping completed
Note: Starting dynamic gmin stepping
Note: Dynamic gmin stepping completed
Note: Starting dynamic gmin stepping
Note: Dynamic gmin stepping completed
Note: Starting dynamic gmin stepping
Note: Dynamic gmin stepping completed
Note: Starting dynamic gmin stepping
Note: Dynamic gmin stepping completed
Note: Starting dynamic gmin stepping
Note: Dynamic gmin stepping completed
Note: Starting dynamic gmin stepping
Note: Dynamic gmin stepping completed
Note: Starting dynamic gmin stepping
Note: Dynamic gmin stepping completed
Note: Starting dynamic gmin stepping
Note: Dynamic gmin stepping completed
Note: Starting dynamic gmin stepping
Note: Dynamic gmin stepping completed
Note: Starting dynamic gmin stepping
Note: Dynamic gmin stepping completed
Note: Starting dynamic gmin stepping
Note: Dynamic gmin stepping completed
Note: Starting dynamic gmin stepping
Note: Dynamic gmin stepping completed
Note: Starting dynamic gmin stepping
Note: Dynamic gmin stepping completed
Note: Starting dynamic gmin stepping
Note: Dynamic gmin stepping completed
Note: Starting dynamic gmin stepping
Note: Dynamic gmin stepping completed
Note: Starting dynamic gmin stepping
Note: Dynamic gmin stepping completed
Note: Starting dynamic gmin stepping
Note: Dynamic gmin stepping completed
Note: Starting dynamic gmin stepping
Note: Dynamic gmin stepping completed
Note: Starting dynamic gmin stepping
Note: Dynamic gmin stepping completed
Note: Starting dynamic gmin stepping
Note: Dynamic gmin stepping completed
Note: Starting dynamic gmin stepping
Note: Dynamic gmin stepping completed
Note: Starting dynamic gmin stepping
Note: Dynamic gmin stepping completed
Note: Starting dynamic gmin stepping
Note: Dynamic gmin stepping completed
Note: Starting dynamic gmin stepping
Note: Dynamic gmin stepping completed
Note: Starting dynamic gmin stepping
Note: Dynamic gmin stepping completed
Note: Starting dynamic gmin stepping
Note: Dynamic gmin stepping completed
Note: Starting dynamic gmin stepping
Note: Dynamic gmin stepping completed
Note: Starting dynamic gmin stepping
Note: Dynamic gmin stepping completed
Note: Starting dynamic gmin stepping
Note: Dynamic gmin stepping completed
Note: Starting dynamic gmin stepping
Note: Dynamic gmin stepping completed
Note: Starting dynamic gmin stepping
Note: Dynamic gmin stepping completed
Note: Starting dynamic gmin stepping
Note: Dynamic gmin stepping completed
Note: Starting dynamic gmin stepping
Note: Dynamic gmin stepping completed
Note: Starting dynamic gmin stepping
Note: Dynamic gmin stepping completed
Note: Starting dynamic gmin stepping
Note: Dynamic gmin stepping completed
Note: Starting dynamic gmin stepping
Note: Dynamic gmin stepping completed
Note: Starting dynamic gmin stepping
Note: Dynamic gmin stepping completed
Note: Starting dynamic gmin stepping
Note: Dynamic gmin stepping completed
Note: Starting dynamic gmin stepping
Note: Dynamic gmin stepping completed
Note: Starting dynamic gmin stepping
Note: Dynamic gmin stepping completed
Note: Starting dynamic gmin stepping
Note: Dynamic gmin stepping completed
Note: Starting dynamic gmin stepping
Note: Dynamic gmin stepping completed
Note: Starting dynamic gmin stepping
Note: Dynamic gmin stepping completed
Note: Starting dynamic gmin stepping
Note: Dynamic gmin stepping completed
Note: Starting dynamic gmin stepping
Note: Dynamic gmin stepping completed
Note: Starting dynamic gmin stepping
Note: Dynamic gmin stepping completed
Note: Starting dynamic gmin stepping
Note: Dynamic gmin stepping completed
Note: Starting dynamic gmin stepping
Note: Dynamic gmin stepping completed
Note: Starting dynamic gmin stepping
Note: Dynamic gmin stepping completed
Note: Starting dynamic gmin stepping
Note: Dynamic gmin stepping completed
Note: Starting dynamic gmin stepping
Note: Dynamic gmin stepping completed
Note: Starting dynamic gmin stepping
Note: Dynamic gmin stepping completed
Note: Starting dynamic gmin stepping
Note: Dynamic gmin stepping completed
Note: Starting dynamic gmin stepping
Note: Dynamic gmin stepping completed
Note: Starting dynamic gmin stepping
Note: Dynamic gmin stepping completed
Note: Starting dynamic gmin stepping
Note: Dynamic gmin stepping completed
Note: Starting dynamic gmin stepping
Note: Dynamic gmin stepping completed
Note: Starting dynamic gmin stepping
Note: Dynamic gmin stepping completed
Note: Starting dynamic gmin stepping
Note: Dynamic gmin stepping completed
Note: Starting dynamic gmin stepping
Note: Dynamic gmin stepping completed
Note: Starting dynamic gmin stepping
Note: Dynamic gmin stepping completed
Note: Starting dynamic gmin stepping
Note: Dynamic gmin stepping completed
Note: Starting dynamic gmin stepping
Note: Dynamic gmin stepping completed
Note: Starting dynamic gmin stepping
Note: Dynamic gmin stepping completed
Note: Starting dynamic gmin stepping
Note: Dynamic gmin stepping completed
Note: Starting dynamic gmin stepping
Note: Dynamic gmin stepping completed
Note: Starting dynamic gmin stepping
Note: Dynamic gmin stepping completed
Note: Starting dynamic gmin stepping
Note: Dynamic gmin stepping completed
Note: Starting dynamic gmin stepping
Note: Dynamic gmin stepping completed
Note: Starting dynamic gmin stepping
Note: Dynamic gmin stepping completed
Note: Starting dynamic gmin stepping
Note: Dynamic gmin stepping completed
Note: Starting dynamic gmin stepping
Note: Dynamic gmin stepping completed
Note: Starting dynamic gmin stepping
Note: Dynamic gmin stepping completed
Note: Starting dynamic gmin stepping
Note: Dynamic gmin stepping completed
Note: Starting dynamic gmin stepping
Note: Dynamic gmin stepping completed
Note: Starting dynamic gmin stepping
Note: Dynamic gmin stepping completed
Note: Starting dynamic gmin stepping
Note: Dynamic gmin stepping completed
Note: Starting dynamic gmin stepping
Note: Dynamic gmin stepping completed
Note: Starting dynamic gmin stepping
Note: Dynamic gmin stepping completed
Note: Starting dynamic gmin stepping
Note: Dynamic gmin stepping completed
Note: Starting dynamic gmin stepping
Note: Dynamic gmin stepping completed
Note: Starting dynamic gmin stepping
Note: Dynamic gmin stepping completed
Note: Starting dynamic gmin stepping
Note: Dynamic gmin stepping completed
Note: Starting dynamic gmin stepping
Note: Dynamic gmin stepping completed
Note: Starting dynamic gmin stepping
Note: Dynamic gmin stepping completed
Note: Starting dynamic gmin stepping
Note: Dynamic gmin stepping completed
Note: Starting dynamic gmin stepping
Note: Dynamic gmin stepping completed
Note: Starting dynamic gmin stepping
Note: Dynamic gmin stepping completed
Note: Starting dynamic gmin stepping
Note: Dynamic gmin stepping completed
Note: Starting dynamic gmin stepping
Note: Dynamic gmin stepping completed
Note: Starting dynamic gmin stepping
Note: Dynamic gmin stepping completed
