
Note: No compatibility mode selected!


Circuit: * soft-start-loop-gain -- tian dual-injection loop-gain testbench for the ldo

* corner_id=ff_-40c_3.63v corner=ff temp_c=-40 vin_v=3.63
* phase=anchor variant=device iload_a=0.05 rload_ohm=1e+12
* ac sweep: dec 400 0.01 1e9 ; Tian dual injection at ERRAMP_OUT->PASS_GATE
* columns: ROW ssr_cmd= ssr_v= fb_v= vout_v= isup_a= ceff_f= esr_ohm=
*          dcgain_db= f0_hz= phase_at_f0_deg= f180_hz= gain_at_f180_db=
*          f0_rising_hz= resurgence_db=
* (phase margin = 180 + phase_at_f0_deg ; gain margin = -gain_at_f180_db ;
*  resurgence_db = max |T| in dB above the first 0 dB crossing, DR-0008 ;
*  an empty f180/gain field means the phase never reaches -180 deg in band ;
*  ssr_cmd is what this deck COMMANDED the ramp node to, or 'free' when it
*  is not pinned; ssr_v/fb_v/vout_v are what the DC solve LANDED on)
* Fields are written key=value BECAUSE a failed meas leaves its value
* empty: with bare positional fields an empty one vanishes into the
* whitespace and every field after it is read as the wrong quantity.
Doing analysis at TEMP = -40.000000 and TNOM = 27.000000

Using SPARSE 1.3 as Direct Linear Solver
 Reference value :  0.00000e+00
No. of Data Rows : 1
Doing analysis at TEMP = -40.000000 and TNOM = 27.000000

Using SPARSE 1.3 as Direct Linear Solver
 Reference value :  1.00000e-02
No. of Data Rows : 4401
Doing analysis at TEMP = -40.000000 and TNOM = 27.000000

Using SPARSE 1.3 as Direct Linear Solver
 Reference value :  1.00000e-02
 Reference value :  1.84077e+08
No. of Data Rows : 4401
dcg                 =  1.40083e+02
f0                  =  5.27588e+05
phx                 =  -1.45158e+02
f180                =  1.05932e+06
gmx                 =  -9.16762e+00
 meas ac f0r when tdb=0 rise=1 failed!

tres                =  -6.00425e-01 at=  5.55904e+05
ROW ssr_cmd=free ssr_v=3.05502 fb_v=1.19956 vout_v=1.79933 isup_a=0.0500181 ceff_f=1e-06 esr_ohm=0.001 dcgain_db=140.083 f0_hz=527588 phase_at_f0_deg=-145.158 f180_hz=1.05932E+06 gain_at_f180_db=-9.16762 f0_rising_hz= resurgence_db=-0.600425
Doing analysis at TEMP = -40.000000 and TNOM = 27.000000

Using SPARSE 1.3 as Direct Linear Solver
 Reference value :  0.00000e+00
No. of Data Rows : 1
Doing analysis at TEMP = -40.000000 and TNOM = 27.000000

Using SPARSE 1.3 as Direct Linear Solver
 Reference value :  1.00000e-02
 Reference value :  3.75837e+08
No. of Data Rows : 4401
Doing analysis at TEMP = -40.000000 and TNOM = 27.000000

Using SPARSE 1.3 as Direct Linear Solver
 Reference value :  1.00000e-02
 Reference value :  3.09030e+08
No. of Data Rows : 4401
dcg                 =  1.40083e+02
f0                  =  5.33092e+05
phx                 =  -1.36243e+02
f180                =  1.56349e+06
gmx                 =  -1.47602e+01
 meas ac f0r when tdb=0 rise=1 failed!

tres                =  -6.02455e-01 at=  5.62341e+05
ROW ssr_cmd=free ssr_v=3.05502 fb_v=1.19956 vout_v=1.79933 isup_a=0.0500181 ceff_f=1e-06 esr_ohm=0.05 dcgain_db=140.083 f0_hz=533092 phase_at_f0_deg=-136.243 f180_hz=1.56349E+06 gain_at_f180_db=-14.7602 f0_rising_hz= resurgence_db=-0.602455
Doing analysis at TEMP = -40.000000 and TNOM = 27.000000

Using SPARSE 1.3 as Direct Linear Solver

No. of Data Rows : 1
Doing analysis at TEMP = -40.000000 and TNOM = 27.000000

Using SPARSE 1.3 as Direct Linear Solver
 Reference value :  1.00000e-02
 Reference value :  4.36516e+08
No. of Data Rows : 4401
Doing analysis at TEMP = -40.000000 and TNOM = 27.000000

Using SPARSE 1.3 as Direct Linear Solver
 Reference value :  1.00000e-02
 Reference value :  1.91646e+08
No. of Data Rows : 4401
dcg                 =  1.40083e+02
f0                  =  5.50492e+05
phx                 =  -1.27932e+02
f180                =  2.33313e+06
gmx                 =  -1.87173e+01
 meas ac f0r when tdb=0 rise=1 failed!

tres                =  -5.35039e-01 at=  5.78762e+05
ROW ssr_cmd=free ssr_v=3.05502 fb_v=1.19956 vout_v=1.79933 isup_a=0.0500181 ceff_f=1e-06 esr_ohm=0.1 dcgain_db=140.083 f0_hz=550492 phase_at_f0_deg=-127.932 f180_hz=2.33313E+06 gain_at_f180_db=-18.7173 f0_rising_hz= resurgence_db=-0.535039
Doing analysis at TEMP = -40.000000 and TNOM = 27.000000

Using SPARSE 1.3 as Direct Linear Solver

No. of Data Rows : 1
Doing analysis at TEMP = -40.000000 and TNOM = 27.000000

Using SPARSE 1.3 as Direct Linear Solver
 Reference value :  1.00000e-02
 Reference value :  4.41570e+08
No. of Data Rows : 4401
Doing analysis at TEMP = -40.000000 and TNOM = 27.000000

Using SPARSE 1.3 as Direct Linear Solver
 Reference value :  1.00000e-02
 Reference value :  5.78762e+08
No. of Data Rows : 4401
dcg                 =  1.40083e+02
f0                  =  6.31339e+05
phx                 =  -1.14448e+02
f180                =  2.99061e+06
gmx                 =  -1.75548e+01
 meas ac f0r when tdb=0 rise=1 failed!

tres                =  -4.52107e-01 at=  6.64508e+05
ROW ssr_cmd=free ssr_v=3.05502 fb_v=1.19956 vout_v=1.79933 isup_a=0.0500181 ceff_f=1e-06 esr_ohm=0.2 dcgain_db=140.083 f0_hz=631339 phase_at_f0_deg=-114.448 f180_hz=2.99061E+06 gain_at_f180_db=-17.5548 f0_rising_hz= resurgence_db=-0.452107
Doing analysis at TEMP = -40.000000 and TNOM = 27.000000

Using SPARSE 1.3 as Direct Linear Solver
 Reference value :  0.00000e+00
No. of Data Rows : 1
Doing analysis at TEMP = -40.000000 and TNOM = 27.000000

Using SPARSE 1.3 as Direct Linear Solver
 Reference value :  1.00000e-02
 Reference value :  6.09537e+08
No. of Data Rows : 4401
Doing analysis at TEMP = -40.000000 and TNOM = 27.000000

Using SPARSE 1.3 as Direct Linear Solver
 Reference value :  1.00000e-02
 Reference value :  2.93427e+08
No. of Data Rows : 4401
dcg                 =  1.40083e+02
f0                  =  1.29972e+06
phx                 =  -1.17445e+02
f180                =  3.38107e+06
gmx                 =  -1.18125e+01
 meas ac f0r when tdb=0 rise=1 failed!

tres                =  -4.81829e-01 at=  1.37246e+06
ROW ssr_cmd=free ssr_v=3.05502 fb_v=1.19956 vout_v=1.79933 isup_a=0.0500181 ceff_f=1e-06 esr_ohm=0.5 dcgain_db=140.083 f0_hz=1.29972E+06 phase_at_f0_deg=-117.445 f180_hz=3.38107E+06 gain_at_f180_db=-11.8125 f0_rising_hz= resurgence_db=-0.481829
Doing analysis at TEMP = -40.000000 and TNOM = 27.000000

Using SPARSE 1.3 as Direct Linear Solver
 Reference value :  0.00000e+00
No. of Data Rows : 1
Doing analysis at TEMP = -40.000000 and TNOM = 27.000000

Using SPARSE 1.3 as Direct Linear Solver
 Reference value :  1.00000e-02
 Reference value :  7.76247e+08
No. of Data Rows : 4401
Doing analysis at TEMP = -40.000000 and TNOM = 27.000000

Using SPARSE 1.3 as Direct Linear Solver
 Reference value :  1.00000e-02
 Reference value :  5.92243e+08
No. of Data Rows : 4401
dcg                 =  1.40083e+02
f0                  =  1.41151e+05
phx                 =  -1.24802e+02
f180                =  1.08414e+06
gmx                 =  -2.29561e+01
 meas ac f0r when tdb=0 rise=1 failed!

tres                =  -5.32868e-01 at=  1.48765e+05
ROW ssr_cmd=free ssr_v=3.05502 fb_v=1.19956 vout_v=1.79933 isup_a=0.0500181 ceff_f=4.7e-06 esr_ohm=0.001 dcgain_db=140.083 f0_hz=141151 phase_at_f0_deg=-124.802 f180_hz=1.08414E+06 gain_at_f180_db=-22.9561 f0_rising_hz= resurgence_db=-0.532868
Doing analysis at TEMP = -40.000000 and TNOM = 27.000000

Using SPARSE 1.3 as Direct Linear Solver
 Reference value :  0.00000e+00
No. of Data Rows : 1
Doing analysis at TEMP = -40.000000 and TNOM = 27.000000

Using SPARSE 1.3 as Direct Linear Solver
 Reference value :  1.00000e-02
No. of Data Rows : 4401
Doing analysis at TEMP = -40.000000 and TNOM = 27.000000

Using SPARSE 1.3 as Direct Linear Solver
 Reference value :  1.00000e-02
No. of Data Rows : 4401
dcg                 =  1.40083e+02
f0                  =  1.43801e+05
phx                 =  -1.12974e+02
f180                =  3.10467e+06
gmx                 =  -3.02427e+01
 meas ac f0r when tdb=0 rise=1 failed!

tres                =  -4.97872e-01 at=  1.51356e+05
ROW ssr_cmd=free ssr_v=3.05502 fb_v=1.19956 vout_v=1.79933 isup_a=0.0500181 ceff_f=4.7e-06 esr_ohm=0.05 dcgain_db=140.083 f0_hz=143802 phase_at_f0_deg=-112.974 f180_hz=3.10467E+06 gain_at_f180_db=-30.2427 f0_rising_hz= resurgence_db=-0.497872
Doing analysis at TEMP = -40.000000 and TNOM = 27.000000

Using SPARSE 1.3 as Direct Linear Solver
 Reference value :  0.00000e+00
No. of Data Rows : 1
Doing analysis at TEMP = -40.000000 and TNOM = 27.000000

Using SPARSE 1.3 as Direct Linear Solver
 Reference value :  1.00000e-02
No. of Data Rows : 4401
Doing analysis at TEMP = -40.000000 and TNOM = 27.000000

Using SPARSE 1.3 as Direct Linear Solver
 Reference value :  1.00000e-02
 Reference value :  3.25462e+07
No. of Data Rows : 4401
dcg                 =  1.40083e+02
f0                  =  1.52754e+05
phx                 =  -1.00484e+02
f180                =  3.37753e+06
gmx                 =  -2.57117e+01
 meas ac f0r when tdb=0 rise=1 failed!

tres                =  -4.60165e-01 at=  1.61250e+05
ROW ssr_cmd=free ssr_v=3.05502 fb_v=1.19956 vout_v=1.79933 isup_a=0.0500181 ceff_f=4.7e-06 esr_ohm=0.1 dcgain_db=140.083 f0_hz=152754 phase_at_f0_deg=-100.484 f180_hz=3.37753E+06 gain_at_f180_db=-25.7117 f0_rising_hz= resurgence_db=-0.460166
Doing analysis at TEMP = -40.000000 and TNOM = 27.000000

Using SPARSE 1.3 as Direct Linear Solver
 Reference value :  0.00000e+00
No. of Data Rows : 1
Doing analysis at TEMP = -40.000000 and TNOM = 27.000000

Using SPARSE 1.3 as Direct Linear Solver
 Reference value :  1.00000e-02
 Reference value :  2.54097e+07
No. of Data Rows : 4401
Doing analysis at TEMP = -40.000000 and TNOM = 27.000000

Using SPARSE 1.3 as Direct Linear Solver
 Reference value :  1.73780e+00
No. of Data Rows : 4401
dcg                 =  1.40083e+02
f0                  =  2.13674e+05
phx                 =  -7.39117e+01
f180                =  3.49444e+06
gmx                 =  -2.02817e+01
 meas ac f0r when tdb=0 rise=1 failed!

tres                =  -2.29603e-01 at=  2.25165e+05
ROW ssr_cmd=free ssr_v=3.05502 fb_v=1.19956 vout_v=1.79933 isup_a=0.0500181 ceff_f=4.7e-06 esr_ohm=0.2 dcgain_db=140.083 f0_hz=213674 phase_at_f0_deg=-73.9117 f180_hz=3.49444E+06 gain_at_f180_db=-20.2817 f0_rising_hz= resurgence_db=-0.229603
Doing analysis at TEMP = -40.000000 and TNOM = 27.000000

Using SPARSE 1.3 as Direct Linear Solver
 Reference value :  0.00000e+00
No. of Data Rows : 1
Doing analysis at TEMP = -40.000000 and TNOM = 27.000000

Using SPARSE 1.3 as Direct Linear Solver
 Reference value :  6.83912e-01
No. of Data Rows : 4401
Doing analysis at TEMP = -40.000000 and TNOM = 27.000000

Using SPARSE 1.3 as Direct Linear Solver
 Reference value :  1.00000e-02
No. of Data Rows : 4401
dcg                 =  1.40083e+02
f0                  =  1.26247e+06
phx                 =  -1.04849e+02
f180                =  3.57266e+06
gmx                 =  -1.27451e+01
 meas ac f0r when tdb=0 rise=1 failed!

tres                =  -3.99529e-01 at=  1.32587e+06
ROW ssr_cmd=free ssr_v=3.05502 fb_v=1.19956 vout_v=1.79933 isup_a=0.0500181 ceff_f=4.7e-06 esr_ohm=0.5 dcgain_db=140.083 f0_hz=1.26247E+06 phase_at_f0_deg=-104.849 f180_hz=3.57266E+06 gain_at_f180_db=-12.7451 f0_rising_hz= resurgence_db=-0.399529
* SWEEP COMPLETE ff_-40c_3.63v
Note: Simulation executed from .control section 
Note: Starting dynamic gmin stepping
Note: Dynamic gmin stepping completed
Note: Starting dynamic gmin stepping
Note: Dynamic gmin stepping completed
Note: Starting dynamic gmin stepping
Note: Dynamic gmin stepping completed

Error: measure  f0r  when(WHEN) : out of interval
Error: &f0r: no such variable.
Note: Starting dynamic gmin stepping
Note: Dynamic gmin stepping completed
Note: Starting dynamic gmin stepping
Note: Dynamic gmin stepping completed
Note: Starting dynamic gmin stepping
Note: Dynamic gmin stepping completed

Error: measure  f0r  when(WHEN) : out of interval
Error: &f0r: no such variable.
Note: Starting dynamic gmin stepping
Note: Dynamic gmin stepping completed
Note: Starting dynamic gmin stepping
Note: Dynamic gmin stepping completed
Note: Starting dynamic gmin stepping
Note: Dynamic gmin stepping completed

Error: measure  f0r  when(WHEN) : out of interval
Error: &f0r: no such variable.
Note: Starting dynamic gmin stepping
Note: Dynamic gmin stepping completed
Note: Starting dynamic gmin stepping
Note: Dynamic gmin stepping completed
Note: Starting dynamic gmin stepping
Note: Dynamic gmin stepping completed

Error: measure  f0r  when(WHEN) : out of interval
Error: &f0r: no such variable.
Note: Starting dynamic gmin stepping
Note: Dynamic gmin stepping completed
Note: Starting dynamic gmin stepping
Note: Dynamic gmin stepping completed
Note: Starting dynamic gmin stepping
Note: Dynamic gmin stepping completed

Error: measure  f0r  when(WHEN) : out of interval
Error: &f0r: no such variable.
Note: Starting dynamic gmin stepping
Note: Dynamic gmin stepping completed
Note: Starting dynamic gmin stepping
Note: Dynamic gmin stepping completed
Note: Starting dynamic gmin stepping
Note: Dynamic gmin stepping completed

Error: measure  f0r  when(WHEN) : out of interval
Error: &f0r: no such variable.
Note: Starting dynamic gmin stepping
Note: Dynamic gmin stepping completed
Note: Starting dynamic gmin stepping
Note: Dynamic gmin stepping completed
Note: Starting dynamic gmin stepping
Note: Dynamic gmin stepping completed

Error: measure  f0r  when(WHEN) : out of interval
Error: &f0r: no such variable.
Note: Starting dynamic gmin stepping
Note: Dynamic gmin stepping completed
Note: Starting dynamic gmin stepping
Note: Dynamic gmin stepping completed
Note: Starting dynamic gmin stepping
Note: Dynamic gmin stepping completed

Error: measure  f0r  when(WHEN) : out of interval
Error: &f0r: no such variable.
Note: Starting dynamic gmin stepping
Note: Dynamic gmin stepping completed
Note: Starting dynamic gmin stepping
Note: Dynamic gmin stepping completed
Note: Starting dynamic gmin stepping
Note: Dynamic gmin stepping completed

Error: measure  f0r  when(WHEN) : out of interval
Error: &f0r: no such variable.
Note: Starting dynamic gmin stepping
Note: Dynamic gmin stepping completed
Note: Starting dynamic gmin stepping
Note: Dynamic gmin stepping completed
Note: Starting dynamic gmin stepping
Note: Dynamic gmin stepping completed

Error: measure  f0r  when(WHEN) : out of interval
Error: &f0r: no such variable.
