
Note: No compatibility mode selected!


Circuit: * soft-start-loop-gain -- tian dual-injection loop-gain testbench for the ldo

* corner_id=fs_125c_2.97v corner=fs temp_c=125 vin_v=2.97
* phase=sink variant=device iload_a=0.05 rload_ohm=1e+12
* ac sweep: dec 400 0.01 1e9 ; Tian dual injection at ERRAMP_OUT->PASS_GATE
* columns: ROW ssr_cmd= ssr_v= fb_v= vout_v= isup_a= ceff_f= esr_ohm=
*          dcgain_db= f0_hz= phase_at_f0_deg= f180_hz= gain_at_f180_db=
*          f0_rising_hz= resurgence_db=
* (phase margin = 180 + phase_at_f0_deg ; gain margin = -gain_at_f180_db ;
*  resurgence_db = max |T| in dB above the first 0 dB crossing, DR-0008 ;
*  an empty f180/gain field means the phase never reaches -180 deg in band ;
*  ssr_cmd is what this deck COMMANDED the ramp node to, or 'free' when it
*  is not pinned; ssr_v/fb_v/vout_v are what the DC solve LANDED on)
* Fields are written key=value BECAUSE a failed meas leaves its value
* empty: with bare positional fields an empty one vanishes into the
* whitespace and every field after it is read as the wrong quantity.
Doing analysis at TEMP = 125.000000 and TNOM = 27.000000

Using SPARSE 1.3 as Direct Linear Solver
 Reference value :  0.00000e+00
No. of Data Rows : 1
Doing analysis at TEMP = 125.000000 and TNOM = 27.000000

Using SPARSE 1.3 as Direct Linear Solver
 Reference value :  1.18168e+01
No. of Data Rows : 4401
Doing analysis at TEMP = 125.000000 and TNOM = 27.000000

Using SPARSE 1.3 as Direct Linear Solver
 Reference value :  1.00000e-02
No. of Data Rows : 4401
dcg                 =  1.36681e+02
f0                  =  2.44876e+05
phx                 =  -1.28669e+02
f180                =  7.20670e+05
gmx                 =  -1.11112e+01
 meas ac f0r when tdb=0 rise=1 failed!

tres                =  -5.01739e-01 at=  2.58523e+05
ROW ssr_cmd=1.15 ssr_v=1.15 fb_v=1.19948 vout_v=1.7028 isup_a=0.0500217 ceff_f=1e-06 esr_ohm=0.001 dcgain_db=136.681 f0_hz=244876 phase_at_f0_deg=-128.669 f180_hz=720670 gain_at_f180_db=-11.1112 f0_rising_hz= resurgence_db=-0.501739
Doing analysis at TEMP = 125.000000 and TNOM = 27.000000

Using SPARSE 1.3 as Direct Linear Solver
 Reference value :  0.00000e+00
No. of Data Rows : 1
Doing analysis at TEMP = 125.000000 and TNOM = 27.000000

Using SPARSE 1.3 as Direct Linear Solver
 Reference value :  1.00000e-02
No. of Data Rows : 4401
Doing analysis at TEMP = 125.000000 and TNOM = 27.000000

Using SPARSE 1.3 as Direct Linear Solver
 Reference value :  1.00000e-02
No. of Data Rows : 4401
dcg                 =  1.36681e+02
f0                  =  2.45509e+05
phx                 =  -1.24397e+02
f180                =  8.48768e+05
gmx                 =  -1.31993e+01
 meas ac f0r when tdb=0 rise=1 failed!

tres                =  -4.75020e-01 at=  2.58523e+05
ROW ssr_cmd=1.15 ssr_v=1.15 fb_v=1.19948 vout_v=1.7028 isup_a=0.0500217 ceff_f=1e-06 esr_ohm=0.05 dcgain_db=136.681 f0_hz=245509 phase_at_f0_deg=-124.397 f180_hz=848768 gain_at_f180_db=-13.1993 f0_rising_hz= resurgence_db=-0.47502
Doing analysis at TEMP = 125.000000 and TNOM = 27.000000

Using SPARSE 1.3 as Direct Linear Solver
 Reference value :  0.00000e+00
No. of Data Rows : 1
Doing analysis at TEMP = 125.000000 and TNOM = 27.000000

Using SPARSE 1.3 as Direct Linear Solver
 Reference value :  6.06038e-02
No. of Data Rows : 4401
Doing analysis at TEMP = 125.000000 and TNOM = 27.000000

Using SPARSE 1.3 as Direct Linear Solver
 Reference value :  1.00000e-02
No. of Data Rows : 4401
dcg                 =  1.36681e+02
f0                  =  2.47539e+05
phx                 =  -1.20125e+02
f180                =  1.01595e+06
gmx                 =  -1.51239e+01
 meas ac f0r when tdb=0 rise=1 failed!

tres                =  -4.44285e-01 at=  2.60016e+05
ROW ssr_cmd=1.15 ssr_v=1.15 fb_v=1.19948 vout_v=1.7028 isup_a=0.0500217 ceff_f=1e-06 esr_ohm=0.1 dcgain_db=136.681 f0_hz=247539 phase_at_f0_deg=-120.125 f180_hz=1.01595E+06 gain_at_f180_db=-15.1238 f0_rising_hz= resurgence_db=-0.444285
Doing analysis at TEMP = 125.000000 and TNOM = 27.000000

Using SPARSE 1.3 as Direct Linear Solver
 Reference value :  0.00000e+00
No. of Data Rows : 1
Doing analysis at TEMP = 125.000000 and TNOM = 27.000000

Using SPARSE 1.3 as Direct Linear Solver
 Reference value :  1.00000e-02
 Reference value :  1.73780e+08
No. of Data Rows : 4401
Doing analysis at TEMP = 125.000000 and TNOM = 27.000000

Using SPARSE 1.3 as Direct Linear Solver
 Reference value :  1.00000e-02
No. of Data Rows : 4401
dcg                 =  1.36681e+02
f0                  =  2.56282e+05
phx                 =  -1.11806e+02
f180                =  1.32017e+06
gmx                 =  -1.63740e+01
 meas ac f0r when tdb=0 rise=1 failed!

tres                =  -4.11506e-01 at=  2.69153e+05
ROW ssr_cmd=1.15 ssr_v=1.15 fb_v=1.19948 vout_v=1.7028 isup_a=0.0500217 ceff_f=1e-06 esr_ohm=0.2 dcgain_db=136.681 f0_hz=256282 phase_at_f0_deg=-111.806 f180_hz=1.32017E+06 gain_at_f180_db=-16.374 f0_rising_hz= resurgence_db=-0.411506
Doing analysis at TEMP = 125.000000 and TNOM = 27.000000

Using SPARSE 1.3 as Direct Linear Solver
 Reference value :  0.00000e+00
No. of Data Rows : 1
Doing analysis at TEMP = 125.000000 and TNOM = 27.000000

Using SPARSE 1.3 as Direct Linear Solver
 Reference value :  2.12569e-02
 Reference value :  6.53131e+08
No. of Data Rows : 4401
Doing analysis at TEMP = 125.000000 and TNOM = 27.000000

Using SPARSE 1.3 as Direct Linear Solver
 Reference value :  2.93427e+06
No. of Data Rows : 4401
dcg                 =  1.36681e+02
f0                  =  3.57809e+05
phx                 =  -9.06932e+01
f180                =  1.62309e+06
gmx                 =  -1.28620e+01
 meas ac f0r when tdb=0 rise=1 failed!

tres                =  -2.23444e-01 at=  3.75837e+05
ROW ssr_cmd=1.15 ssr_v=1.15 fb_v=1.19948 vout_v=1.7028 isup_a=0.0500217 ceff_f=1e-06 esr_ohm=0.5 dcgain_db=136.681 f0_hz=357809 phase_at_f0_deg=-90.6932 f180_hz=1.62309E+06 gain_at_f180_db=-12.862 f0_rising_hz= resurgence_db=-0.223444
Doing analysis at TEMP = 125.000000 and TNOM = 27.000000

Using SPARSE 1.3 as Direct Linear Solver

No. of Data Rows : 1
Doing analysis at TEMP = 125.000000 and TNOM = 27.000000

Using SPARSE 1.3 as Direct Linear Solver
 Reference value :  1.00000e-02
No. of Data Rows : 4401
Doing analysis at TEMP = 125.000000 and TNOM = 27.000000

Using SPARSE 1.3 as Direct Linear Solver
 Reference value :  1.00000e-02
No. of Data Rows : 4401
dcg                 =  1.36681e+02
f0                  =  6.42546e+04
phx                 =  -1.31521e+02
f180                =  7.28789e+05
gmx                 =  -2.46920e+01
 meas ac f0r when tdb=0 rise=1 failed!

tres                =  -5.84390e-01 at=  6.76083e+04
ROW ssr_cmd=1.15 ssr_v=1.15 fb_v=1.19948 vout_v=1.7028 isup_a=0.0500217 ceff_f=4.7e-06 esr_ohm=0.001 dcgain_db=136.681 f0_hz=64254.6 phase_at_f0_deg=-131.521 f180_hz=728789 gain_at_f180_db=-24.692 f0_rising_hz= resurgence_db=-0.58439
Doing analysis at TEMP = 125.000000 and TNOM = 27.000000

Using SPARSE 1.3 as Direct Linear Solver
 Reference value :  0.00000e+00
No. of Data Rows : 1
Doing analysis at TEMP = 125.000000 and TNOM = 27.000000

Using SPARSE 1.3 as Direct Linear Solver
 Reference value :  3.82384e+06
No. of Data Rows : 4401
Doing analysis at TEMP = 125.000000 and TNOM = 27.000000

Using SPARSE 1.3 as Direct Linear Solver
 Reference value :  1.04112e+05
No. of Data Rows : 4401
dcg                 =  1.36681e+02
f0                  =  6.44603e+04
phx                 =  -1.26138e+02
f180                =  1.39236e+06
gmx                 =  -2.95956e+01
 meas ac f0r when tdb=0 rise=1 failed!

tres                =  -6.08648e-01 at=  6.79986e+04
ROW ssr_cmd=1.15 ssr_v=1.15 fb_v=1.19948 vout_v=1.7028 isup_a=0.0500217 ceff_f=4.7e-06 esr_ohm=0.05 dcgain_db=136.681 f0_hz=64460.3 phase_at_f0_deg=-126.138 f180_hz=1.39236E+06 gain_at_f180_db=-29.5956 f0_rising_hz= resurgence_db=-0.608648
Doing analysis at TEMP = 125.000000 and TNOM = 27.000000

Using SPARSE 1.3 as Direct Linear Solver

No. of Data Rows : 1
Doing analysis at TEMP = 125.000000 and TNOM = 27.000000

Using SPARSE 1.3 as Direct Linear Solver
 Reference value :  1.00000e-02
No. of Data Rows : 4401
Doing analysis at TEMP = 125.000000 and TNOM = 27.000000

Using SPARSE 1.3 as Direct Linear Solver
 Reference value :  1.00000e-02
No. of Data Rows : 4401
dcg                 =  1.36681e+02
f0                  =  6.51129e+04
phx                 =  -1.20517e+02
f180                =  1.61407e+06
gmx                 =  -2.66652e+01
 meas ac f0r when tdb=0 rise=1 failed!

tres                =  -5.46318e-01 at=  6.83912e+04
ROW ssr_cmd=1.15 ssr_v=1.15 fb_v=1.19948 vout_v=1.7028 isup_a=0.0500217 ceff_f=4.7e-06 esr_ohm=0.1 dcgain_db=136.681 f0_hz=65112.9 phase_at_f0_deg=-120.517 f180_hz=1.61407E+06 gain_at_f180_db=-26.6652 f0_rising_hz= resurgence_db=-0.546318
Doing analysis at TEMP = 125.000000 and TNOM = 27.000000

Using SPARSE 1.3 as Direct Linear Solver
 Reference value :  0.00000e+00
No. of Data Rows : 1
Doing analysis at TEMP = 125.000000 and TNOM = 27.000000

Using SPARSE 1.3 as Direct Linear Solver
 Reference value :  2.57040e+03
No. of Data Rows : 4401
Doing analysis at TEMP = 125.000000 and TNOM = 27.000000

Using SPARSE 1.3 as Direct Linear Solver
 Reference value :  1.00000e-02
No. of Data Rows : 4401
dcg                 =  1.36681e+02
f0                  =  6.79351e+04
phx                 =  -1.08824e+02
f180                =  1.72647e+06
gmx                 =  -2.19495e+01
 meas ac f0r when tdb=0 rise=1 failed!

tres                =  -5.29810e-01 at=  7.16143e+04
ROW ssr_cmd=1.15 ssr_v=1.15 fb_v=1.19948 vout_v=1.7028 isup_a=0.0500217 ceff_f=4.7e-06 esr_ohm=0.2 dcgain_db=136.681 f0_hz=67935.1 phase_at_f0_deg=-108.824 f180_hz=1.72647E+06 gain_at_f180_db=-21.9495 f0_rising_hz= resurgence_db=-0.52981
Doing analysis at TEMP = 125.000000 and TNOM = 27.000000

Using SPARSE 1.3 as Direct Linear Solver
 Reference value :  0.00000e+00
No. of Data Rows : 1
Doing analysis at TEMP = 125.000000 and TNOM = 27.000000

Using SPARSE 1.3 as Direct Linear Solver
 Reference value :  2.05353e+00
No. of Data Rows : 4401
Doing analysis at TEMP = 125.000000 and TNOM = 27.000000

Using SPARSE 1.3 as Direct Linear Solver
 Reference value :  1.00000e-02
 Reference value :  1.50487e+08
No. of Data Rows : 4401
dcg                 =  1.36681e+02
f0                  =  1.04291e+05
phx                 =  -6.83183e+01
f180                =  1.78952e+06
gmx                 =  -1.46955e+01
 meas ac f0r when tdb=0 rise=1 failed!

tres                =  -1.98802e-01 at=  1.09648e+05
ROW ssr_cmd=1.15 ssr_v=1.15 fb_v=1.19948 vout_v=1.7028 isup_a=0.0500217 ceff_f=4.7e-06 esr_ohm=0.5 dcgain_db=136.681 f0_hz=104291 phase_at_f0_deg=-68.3183 f180_hz=1.78952E+06 gain_at_f180_db=-14.6955 f0_rising_hz= resurgence_db=-0.198802
Doing analysis at TEMP = 125.000000 and TNOM = 27.000000

Using SPARSE 1.3 as Direct Linear Solver
 Reference value :  0.00000e+00
No. of Data Rows : 1
Doing analysis at TEMP = 125.000000 and TNOM = 27.000000

Using SPARSE 1.3 as Direct Linear Solver
 Reference value :  8.65964e-02
No. of Data Rows : 4401
Doing analysis at TEMP = 125.000000 and TNOM = 27.000000

Using SPARSE 1.3 as Direct Linear Solver
 Reference value :  1.00000e-02
No. of Data Rows : 4401
dcg                 =  1.36155e+02
f0                  =  2.43471e+05
phx                 =  -1.28573e+02
f180                =  7.20167e+05
gmx                 =  -1.11554e+01
 meas ac f0r when tdb=0 rise=1 failed!

tres                =  -5.01751e-01 at=  2.57040e+05
ROW ssr_cmd=1.25 ssr_v=1.25 fb_v=1.19948 vout_v=1.79856 isup_a=0.0500208 ceff_f=1e-06 esr_ohm=0.001 dcgain_db=136.155 f0_hz=243470 phase_at_f0_deg=-128.573 f180_hz=720167 gain_at_f180_db=-11.1554 f0_rising_hz= resurgence_db=-0.501751
Doing analysis at TEMP = 125.000000 and TNOM = 27.000000

Using SPARSE 1.3 as Direct Linear Solver
 Reference value :  0.00000e+00
No. of Data Rows : 1
Doing analysis at TEMP = 125.000000 and TNOM = 27.000000

Using SPARSE 1.3 as Direct Linear Solver
 Reference value :  7.67361e+01
No. of Data Rows : 4401
Doing analysis at TEMP = 125.000000 and TNOM = 27.000000

Using SPARSE 1.3 as Direct Linear Solver
 Reference value :  1.00000e-02
No. of Data Rows : 4401
dcg                 =  1.36155e+02
f0                  =  2.44088e+05
phx                 =  -1.24324e+02
f180                =  8.47999e+05
gmx                 =  -1.32406e+01
 meas ac f0r when tdb=0 rise=1 failed!

tres                =  -4.75485e-01 at=  2.57040e+05
ROW ssr_cmd=1.25 ssr_v=1.25 fb_v=1.19948 vout_v=1.79856 isup_a=0.0500208 ceff_f=1e-06 esr_ohm=0.05 dcgain_db=136.155 f0_hz=244088 phase_at_f0_deg=-124.324 f180_hz=847998 gain_at_f180_db=-13.2406 f0_rising_hz= resurgence_db=-0.475484
Doing analysis at TEMP = 125.000000 and TNOM = 27.000000

Using SPARSE 1.3 as Direct Linear Solver
 Reference value :  0.00000e+00
No. of Data Rows : 1
Doing analysis at TEMP = 125.000000 and TNOM = 27.000000

Using SPARSE 1.3 as Direct Linear Solver
 Reference value :  1.21619e+00
No. of Data Rows : 4401
Doing analysis at TEMP = 125.000000 and TNOM = 27.000000

Using SPARSE 1.3 as Direct Linear Solver
 Reference value :  1.00000e-02
No. of Data Rows : 4401
dcg                 =  1.36155e+02
f0                  =  2.46079e+05
phx                 =  -1.20074e+02
f180                =  1.01479e+06
gmx                 =  -1.51627e+01
 meas ac f0r when tdb=0 rise=1 failed!

tres                =  -4.45843e-01 at=  2.58523e+05
ROW ssr_cmd=1.25 ssr_v=1.25 fb_v=1.19948 vout_v=1.79856 isup_a=0.0500208 ceff_f=1e-06 esr_ohm=0.1 dcgain_db=136.155 f0_hz=246079 phase_at_f0_deg=-120.074 f180_hz=1.01479E+06 gain_at_f180_db=-15.1627 f0_rising_hz= resurgence_db=-0.445843
Doing analysis at TEMP = 125.000000 and TNOM = 27.000000

Using SPARSE 1.3 as Direct Linear Solver
 Reference value :  0.00000e+00
No. of Data Rows : 1
Doing analysis at TEMP = 125.000000 and TNOM = 27.000000

Using SPARSE 1.3 as Direct Linear Solver
 Reference value :  7.62957e+04
No. of Data Rows : 4401
Doing analysis at TEMP = 125.000000 and TNOM = 27.000000

Using SPARSE 1.3 as Direct Linear Solver
 Reference value :  1.02329e-02
No. of Data Rows : 4401
dcg                 =  1.36155e+02
f0                  =  2.54654e+05
phx                 =  -1.11793e+02
f180                =  1.31848e+06
gmx                 =  -1.64149e+01
 meas ac f0r when tdb=0 rise=1 failed!

tres                =  -4.17102e-01 at=  2.67609e+05
ROW ssr_cmd=1.25 ssr_v=1.25 fb_v=1.19948 vout_v=1.79856 isup_a=0.0500208 ceff_f=1e-06 esr_ohm=0.2 dcgain_db=136.155 f0_hz=254654 phase_at_f0_deg=-111.793 f180_hz=1.31848E+06 gain_at_f180_db=-16.4149 f0_rising_hz= resurgence_db=-0.417102
Doing analysis at TEMP = 125.000000 and TNOM = 27.000000

Using SPARSE 1.3 as Direct Linear Solver
 Reference value :  0.00000e+00
No. of Data Rows : 1
Doing analysis at TEMP = 125.000000 and TNOM = 27.000000

Using SPARSE 1.3 as Direct Linear Solver
 Reference value :  7.28618e-01
No. of Data Rows : 4401
Doing analysis at TEMP = 125.000000 and TNOM = 27.000000

Using SPARSE 1.3 as Direct Linear Solver
 Reference value :  1.00000e-02
No. of Data Rows : 4401
dcg                 =  1.36155e+02
f0                  =  3.53634e+05
phx                 =  -9.06241e+01
f180                =  1.62126e+06
gmx                 =  -1.29088e+01
 meas ac f0r when tdb=0 rise=1 failed!

tres                =  -2.25969e-01 at=  3.71535e+05
ROW ssr_cmd=1.25 ssr_v=1.25 fb_v=1.19948 vout_v=1.79856 isup_a=0.0500208 ceff_f=1e-06 esr_ohm=0.5 dcgain_db=136.155 f0_hz=353634 phase_at_f0_deg=-90.6241 f180_hz=1.62126E+06 gain_at_f180_db=-12.9088 f0_rising_hz= resurgence_db=-0.225969
Doing analysis at TEMP = 125.000000 and TNOM = 27.000000

Using SPARSE 1.3 as Direct Linear Solver
 Reference value :  0.00000e+00
No. of Data Rows : 1
Doing analysis at TEMP = 125.000000 and TNOM = 27.000000

Using SPARSE 1.3 as Direct Linear Solver
 Reference value :  1.10917e+01
No. of Data Rows : 4401
Doing analysis at TEMP = 125.000000 and TNOM = 27.000000

Using SPARSE 1.3 as Direct Linear Solver
 Reference value :  1.00000e-02
No. of Data Rows : 4401
dcg                 =  1.36155e+02
f0                  =  6.39704e+04
phx                 =  -1.31610e+02
f180                =  7.28247e+05
gmx                 =  -2.47355e+01
 meas ac f0r when tdb=0 rise=1 failed!

tres                =  -5.70162e-01 at=  6.72202e+04
ROW ssr_cmd=1.25 ssr_v=1.25 fb_v=1.19948 vout_v=1.79856 isup_a=0.0500208 ceff_f=4.7e-06 esr_ohm=0.001 dcgain_db=136.155 f0_hz=63970.4 phase_at_f0_deg=-131.61 f180_hz=728248 gain_at_f180_db=-24.7355 f0_rising_hz= resurgence_db=-0.570162
Doing analysis at TEMP = 125.000000 and TNOM = 27.000000

Using SPARSE 1.3 as Direct Linear Solver
 Reference value :  0.00000e+00
No. of Data Rows : 1
Doing analysis at TEMP = 125.000000 and TNOM = 27.000000

Using SPARSE 1.3 as Direct Linear Solver
 Reference value :  1.29569e+05
No. of Data Rows : 4401
Doing analysis at TEMP = 125.000000 and TNOM = 27.000000

Using SPARSE 1.3 as Direct Linear Solver
 Reference value :  6.23735e+00
No. of Data Rows : 4401
dcg                 =  1.36155e+02
f0                  =  6.41719e+04
phx                 =  -1.26251e+02
f180                =  1.39060e+06
gmx                 =  -2.96369e+01
 meas ac f0r when tdb=0 rise=1 failed!

tres                =  -5.95162e-01 at=  6.76083e+04
ROW ssr_cmd=1.25 ssr_v=1.25 fb_v=1.19948 vout_v=1.79856 isup_a=0.0500208 ceff_f=4.7e-06 esr_ohm=0.05 dcgain_db=136.155 f0_hz=64171.8 phase_at_f0_deg=-126.251 f180_hz=1.3906E+06 gain_at_f180_db=-29.6369 f0_rising_hz= resurgence_db=-0.595162
Doing analysis at TEMP = 125.000000 and TNOM = 27.000000

Using SPARSE 1.3 as Direct Linear Solver
 Reference value :  0.00000e+00
No. of Data Rows : 1
Doing analysis at TEMP = 125.000000 and TNOM = 27.000000

Using SPARSE 1.3 as Direct Linear Solver
 Reference value :  2.98538e+04
No. of Data Rows : 4401
Doing analysis at TEMP = 125.000000 and TNOM = 27.000000

Using SPARSE 1.3 as Direct Linear Solver
 Reference value :  5.37032e-01
No. of Data Rows : 4401
dcg                 =  1.36155e+02
f0                  =  6.48140e+04
phx                 =  -1.20656e+02
f180                =  1.61224e+06
gmx                 =  -2.67105e+01
 meas ac f0r when tdb=0 rise=1 failed!

tres                =  -5.98085e-01 at=  6.83912e+04
ROW ssr_cmd=1.25 ssr_v=1.25 fb_v=1.19948 vout_v=1.79856 isup_a=0.0500208 ceff_f=4.7e-06 esr_ohm=0.1 dcgain_db=136.155 f0_hz=64814 phase_at_f0_deg=-120.656 f180_hz=1.61224E+06 gain_at_f180_db=-26.7105 f0_rising_hz= resurgence_db=-0.598085
Doing analysis at TEMP = 125.000000 and TNOM = 27.000000

Using SPARSE 1.3 as Direct Linear Solver
 Reference value :  0.00000e+00
No. of Data Rows : 1
Doing analysis at TEMP = 125.000000 and TNOM = 27.000000

Using SPARSE 1.3 as Direct Linear Solver
 Reference value :  3.86812e+01
No. of Data Rows : 4401
Doing analysis at TEMP = 125.000000 and TNOM = 27.000000

Using SPARSE 1.3 as Direct Linear Solver
 Reference value :  1.00000e-02
No. of Data Rows : 4401
dcg                 =  1.36155e+02
f0                  =  6.75894e+04
phx                 =  -1.09021e+02
f180                =  1.72463e+06
gmx                 =  -2.19967e+01
 meas ac f0r when tdb=0 rise=1 failed!

tres                =  -5.24830e-01 at=  7.12033e+04
ROW ssr_cmd=1.25 ssr_v=1.25 fb_v=1.19948 vout_v=1.79856 isup_a=0.0500208 ceff_f=4.7e-06 esr_ohm=0.2 dcgain_db=136.155 f0_hz=67589.4 phase_at_f0_deg=-109.021 f180_hz=1.72463E+06 gain_at_f180_db=-21.9967 f0_rising_hz= resurgence_db=-0.52483
Doing analysis at TEMP = 125.000000 and TNOM = 27.000000

Using SPARSE 1.3 as Direct Linear Solver
 Reference value :  0.00000e+00
No. of Data Rows : 1
Doing analysis at TEMP = 125.000000 and TNOM = 27.000000

Using SPARSE 1.3 as Direct Linear Solver
 Reference value :  1.11558e+02
No. of Data Rows : 4401
Doing analysis at TEMP = 125.000000 and TNOM = 27.000000

Using SPARSE 1.3 as Direct Linear Solver
 Reference value :  1.00000e-02
No. of Data Rows : 4401
dcg                 =  1.36155e+02
f0                  =  1.02949e+05
phx                 =  -6.87776e+01
f180                =  1.78765e+06
gmx                 =  -1.47442e+01
 meas ac f0r when tdb=0 rise=1 failed!

tres                =  -2.08191e-01 at=  1.08393e+05
ROW ssr_cmd=1.25 ssr_v=1.25 fb_v=1.19948 vout_v=1.79856 isup_a=0.0500208 ceff_f=4.7e-06 esr_ohm=0.5 dcgain_db=136.155 f0_hz=102949 phase_at_f0_deg=-68.7776 f180_hz=1.78765E+06 gain_at_f180_db=-14.7442 f0_rising_hz= resurgence_db=-0.208191
Doing analysis at TEMP = 125.000000 and TNOM = 27.000000

Using SPARSE 1.3 as Direct Linear Solver
 Reference value :  0.00000e+00
No. of Data Rows : 1
Doing analysis at TEMP = 125.000000 and TNOM = 27.000000

Using SPARSE 1.3 as Direct Linear Solver
 Reference value :  9.44061e-02
No. of Data Rows : 4401
Doing analysis at TEMP = 125.000000 and TNOM = 27.000000

Using SPARSE 1.3 as Direct Linear Solver
 Reference value :  1.00000e-02
No. of Data Rows : 4401
dcg                 =  1.36151e+02
f0                  =  2.43435e+05
phx                 =  -1.28568e+02
f180                =  7.20197e+05
gmx                 =  -1.11566e+01
 meas ac f0r when tdb=0 rise=1 failed!

tres                =  -5.03061e-01 at=  2.57040e+05
ROW ssr_cmd=1.8 ssr_v=1.8 fb_v=1.19948 vout_v=1.79921 isup_a=0.0500165 ceff_f=1e-06 esr_ohm=0.001 dcgain_db=136.151 f0_hz=243436 phase_at_f0_deg=-128.568 f180_hz=720196 gain_at_f180_db=-11.1566 f0_rising_hz= resurgence_db=-0.503061
Doing analysis at TEMP = 125.000000 and TNOM = 27.000000

Using SPARSE 1.3 as Direct Linear Solver
 Reference value :  0.00000e+00
No. of Data Rows : 1
Doing analysis at TEMP = 125.000000 and TNOM = 27.000000

Using SPARSE 1.3 as Direct Linear Solver
 Reference value :  1.00000e-02
 Reference value :  1.40443e+08
No. of Data Rows : 4401
Doing analysis at TEMP = 125.000000 and TNOM = 27.000000

Using SPARSE 1.3 as Direct Linear Solver
 Reference value :  3.98107e-02
No. of Data Rows : 4401
dcg                 =  1.36151e+02
f0                  =  2.44052e+05
phx                 =  -1.24320e+02
f180                =  8.48031e+05
gmx                 =  -1.32417e+01
 meas ac f0r when tdb=0 rise=1 failed!

tres                =  -4.76795e-01 at=  2.57040e+05
ROW ssr_cmd=1.8 ssr_v=1.8 fb_v=1.19948 vout_v=1.79921 isup_a=0.0500165 ceff_f=1e-06 esr_ohm=0.05 dcgain_db=136.151 f0_hz=244052 phase_at_f0_deg=-124.32 f180_hz=848031 gain_at_f180_db=-13.2417 f0_rising_hz= resurgence_db=-0.476795
Doing analysis at TEMP = 125.000000 and TNOM = 27.000000

Using SPARSE 1.3 as Direct Linear Solver
 Reference value :  0.00000e+00
No. of Data Rows : 1
Doing analysis at TEMP = 125.000000 and TNOM = 27.000000

Using SPARSE 1.3 as Direct Linear Solver
 Reference value :  9.60506e-01
No. of Data Rows : 4401
Doing analysis at TEMP = 125.000000 and TNOM = 27.000000

Using SPARSE 1.3 as Direct Linear Solver
 Reference value :  1.00000e-02
 Reference value :  1.10917e+08
No. of Data Rows : 4401
dcg                 =  1.36151e+02
f0                  =  2.46043e+05
phx                 =  -1.20070e+02
f180                =  1.01482e+06
gmx                 =  -1.51638e+01
 meas ac f0r when tdb=0 rise=1 failed!

tres                =  -4.47152e-01 at=  2.58523e+05
ROW ssr_cmd=1.8 ssr_v=1.8 fb_v=1.19948 vout_v=1.79921 isup_a=0.0500165 ceff_f=1e-06 esr_ohm=0.1 dcgain_db=136.151 f0_hz=246043 phase_at_f0_deg=-120.07 f180_hz=1.01483E+06 gain_at_f180_db=-15.1638 f0_rising_hz= resurgence_db=-0.447152
Doing analysis at TEMP = 125.000000 and TNOM = 27.000000

Using SPARSE 1.3 as Direct Linear Solver
 Reference value :  0.00000e+00
No. of Data Rows : 1
Doing analysis at TEMP = 125.000000 and TNOM = 27.000000

Using SPARSE 1.3 as Direct Linear Solver
 Reference value :  1.29569e-02
 Reference value :  6.09537e+08
No. of Data Rows : 4401
Doing analysis at TEMP = 125.000000 and TNOM = 27.000000

Using SPARSE 1.3 as Direct Linear Solver
 Reference value :  1.00000e-02
 Reference value :  4.31519e+08
No. of Data Rows : 4401
dcg                 =  1.36151e+02
f0                  =  2.54614e+05
phx                 =  -1.11791e+02
f180                =  1.31852e+06
gmx                 =  -1.64158e+01
 meas ac f0r when tdb=0 rise=1 failed!

tres                =  -4.18397e-01 at=  2.67609e+05
ROW ssr_cmd=1.8 ssr_v=1.8 fb_v=1.19948 vout_v=1.79921 isup_a=0.0500165 ceff_f=1e-06 esr_ohm=0.2 dcgain_db=136.151 f0_hz=254614 phase_at_f0_deg=-111.79 f180_hz=1.31852E+06 gain_at_f180_db=-16.4158 f0_rising_hz= resurgence_db=-0.418397
Doing analysis at TEMP = 125.000000 and TNOM = 27.000000

Using SPARSE 1.3 as Direct Linear Solver
 Reference value :  0.00000e+00
No. of Data Rows : 1
Doing analysis at TEMP = 125.000000 and TNOM = 27.000000

Using SPARSE 1.3 as Direct Linear Solver
 Reference value :  2.42661e-02
 Reference value :  4.59727e+08
No. of Data Rows : 4401
Doing analysis at TEMP = 125.000000 and TNOM = 27.000000

Using SPARSE 1.3 as Direct Linear Solver
 Reference value :  1.00000e-02
 Reference value :  5.24807e+08
No. of Data Rows : 4401
dcg                 =  1.36151e+02
f0                  =  3.53547e+05
phx                 =  -9.06190e+01
f180                =  1.62129e+06
gmx                 =  -1.29095e+01
 meas ac f0r when tdb=0 rise=1 failed!

tres                =  -2.27080e-01 at=  3.71535e+05
ROW ssr_cmd=1.8 ssr_v=1.8 fb_v=1.19948 vout_v=1.79921 isup_a=0.0500165 ceff_f=1e-06 esr_ohm=0.5 dcgain_db=136.151 f0_hz=353547 phase_at_f0_deg=-90.619 f180_hz=1.62129E+06 gain_at_f180_db=-12.9095 f0_rising_hz= resurgence_db=-0.22708
Doing analysis at TEMP = 125.000000 and TNOM = 27.000000

Using SPARSE 1.3 as Direct Linear Solver
 Reference value :  0.00000e+00
No. of Data Rows : 1
Doing analysis at TEMP = 125.000000 and TNOM = 27.000000

Using SPARSE 1.3 as Direct Linear Solver
 Reference value :  1.60325e-02
 Reference value :  1.34896e+08
No. of Data Rows : 4401
Doing analysis at TEMP = 125.000000 and TNOM = 27.000000

Using SPARSE 1.3 as Direct Linear Solver
 Reference value :  1.00000e-02
 Reference value :  7.80728e+07
No. of Data Rows : 4401
dcg                 =  1.36151e+02
f0                  =  6.39639e+04
phx                 =  -1.31615e+02
f180                =  7.28277e+05
gmx                 =  -2.47367e+01
 meas ac f0r when tdb=0 rise=1 failed!

tres                =  -5.71354e-01 at=  6.72202e+04
ROW ssr_cmd=1.8 ssr_v=1.8 fb_v=1.19948 vout_v=1.79921 isup_a=0.0500165 ceff_f=4.7e-06 esr_ohm=0.001 dcgain_db=136.151 f0_hz=63963.9 phase_at_f0_deg=-131.615 f180_hz=728277 gain_at_f180_db=-24.7367 f0_rising_hz= resurgence_db=-0.571354
Doing analysis at TEMP = 125.000000 and TNOM = 27.000000

Using SPARSE 1.3 as Direct Linear Solver
 Reference value :  0.00000e+00
No. of Data Rows : 1
Doing analysis at TEMP = 125.000000 and TNOM = 27.000000

Using SPARSE 1.3 as Direct Linear Solver
 Reference value :  2.93427e-01
No. of Data Rows : 4401
Doing analysis at TEMP = 125.000000 and TNOM = 27.000000

Using SPARSE 1.3 as Direct Linear Solver
 Reference value :  1.00000e-02
No. of Data Rows : 4401
dcg                 =  1.36151e+02
f0                  =  6.41654e+04
phx                 =  -1.26256e+02
f180                =  1.39063e+06
gmx                 =  -2.96378e+01
 meas ac f0r when tdb=0 rise=1 failed!

tres                =  -5.96359e-01 at=  6.76083e+04
ROW ssr_cmd=1.8 ssr_v=1.8 fb_v=1.19948 vout_v=1.79921 isup_a=0.0500165 ceff_f=4.7e-06 esr_ohm=0.05 dcgain_db=136.151 f0_hz=64165.4 phase_at_f0_deg=-126.256 f180_hz=1.39063E+06 gain_at_f180_db=-29.6378 f0_rising_hz= resurgence_db=-0.596359
Doing analysis at TEMP = 125.000000 and TNOM = 27.000000

Using SPARSE 1.3 as Direct Linear Solver
 Reference value :  0.00000e+00
No. of Data Rows : 1
Doing analysis at TEMP = 125.000000 and TNOM = 27.000000

Using SPARSE 1.3 as Direct Linear Solver
 Reference value :  1.68850e-02
 Reference value :  3.19890e+08
No. of Data Rows : 4401
Doing analysis at TEMP = 125.000000 and TNOM = 27.000000

Using SPARSE 1.3 as Direct Linear Solver
 Reference value :  1.00000e-02
No. of Data Rows : 4401
dcg                 =  1.36151e+02
f0                  =  6.48073e+04
phx                 =  -1.20662e+02
f180                =  1.61227e+06
gmx                 =  -2.67112e+01
 meas ac f0r when tdb=0 rise=1 failed!

tres                =  -5.99289e-01 at=  6.83912e+04
ROW ssr_cmd=1.8 ssr_v=1.8 fb_v=1.19948 vout_v=1.79921 isup_a=0.0500165 ceff_f=4.7e-06 esr_ohm=0.1 dcgain_db=136.151 f0_hz=64807.3 phase_at_f0_deg=-120.662 f180_hz=1.61227E+06 gain_at_f180_db=-26.7112 f0_rising_hz= resurgence_db=-0.599289
Doing analysis at TEMP = 125.000000 and TNOM = 27.000000

Using SPARSE 1.3 as Direct Linear Solver
 Reference value :  0.00000e+00
No. of Data Rows : 1
Doing analysis at TEMP = 125.000000 and TNOM = 27.000000

Using SPARSE 1.3 as Direct Linear Solver
 Reference value :  1.07152e+01
No. of Data Rows : 4401
Doing analysis at TEMP = 125.000000 and TNOM = 27.000000

Using SPARSE 1.3 as Direct Linear Solver
 Reference value :  1.00000e-02
 Reference value :  2.85102e+08
No. of Data Rows : 4401
dcg                 =  1.36151e+02
f0                  =  6.75815e+04
phx                 =  -1.09028e+02
f180                =  1.72466e+06
gmx                 =  -2.19974e+01
 meas ac f0r when tdb=0 rise=1 failed!

tres                =  -5.26059e-01 at=  7.12033e+04
ROW ssr_cmd=1.8 ssr_v=1.8 fb_v=1.19948 vout_v=1.79921 isup_a=0.0500165 ceff_f=4.7e-06 esr_ohm=0.2 dcgain_db=136.151 f0_hz=67581.5 phase_at_f0_deg=-109.028 f180_hz=1.72466E+06 gain_at_f180_db=-21.9974 f0_rising_hz= resurgence_db=-0.526059
Doing analysis at TEMP = 125.000000 and TNOM = 27.000000

Using SPARSE 1.3 as Direct Linear Solver
 Reference value :  0.00000e+00
No. of Data Rows : 1
Doing analysis at TEMP = 125.000000 and TNOM = 27.000000

Using SPARSE 1.3 as Direct Linear Solver
 Reference value :  1.25893e-02
No. of Data Rows : 4401
Doing analysis at TEMP = 125.000000 and TNOM = 27.000000

Using SPARSE 1.3 as Direct Linear Solver
 Reference value :  1.00000e-02
 Reference value :  2.52639e+08
No. of Data Rows : 4401
dcg                 =  1.36151e+02
f0                  =  1.02915e+05
phx                 =  -6.87906e+01
f180                =  1.78767e+06
gmx                 =  -1.47449e+01
 meas ac f0r when tdb=0 rise=1 failed!

tres                =  -2.09597e-01 at=  1.08393e+05
ROW ssr_cmd=1.8 ssr_v=1.8 fb_v=1.19948 vout_v=1.79921 isup_a=0.0500165 ceff_f=4.7e-06 esr_ohm=0.5 dcgain_db=136.151 f0_hz=102915 phase_at_f0_deg=-68.7906 f180_hz=1.78767E+06 gain_at_f180_db=-14.7449 f0_rising_hz= resurgence_db=-0.209597
* SWEEP COMPLETE fs_125c_2.97v
Note: Simulation executed from .control section 
Note: Starting dynamic gmin stepping
Note: Dynamic gmin stepping completed
Note: Starting dynamic gmin stepping
Note: Dynamic gmin stepping completed
Note: Starting dynamic gmin stepping
Note: Dynamic gmin stepping completed

Error: measure  f0r  when(WHEN) : out of interval
Error: &f0r: no such variable.
Note: Starting dynamic gmin stepping
Note: Dynamic gmin stepping completed
Note: Starting dynamic gmin stepping
Note: Dynamic gmin stepping completed
Note: Starting dynamic gmin stepping
Note: Dynamic gmin stepping completed

Error: measure  f0r  when(WHEN) : out of interval
Error: &f0r: no such variable.
Note: Starting dynamic gmin stepping
Note: Dynamic gmin stepping completed
Note: Starting dynamic gmin stepping
Note: Dynamic gmin stepping completed
Note: Starting dynamic gmin stepping
Note: Dynamic gmin stepping completed

Error: measure  f0r  when(WHEN) : out of interval
Error: &f0r: no such variable.
Note: Starting dynamic gmin stepping
Note: Dynamic gmin stepping completed
Note: Starting dynamic gmin stepping
Note: Dynamic gmin stepping completed
Note: Starting dynamic gmin stepping
Note: Dynamic gmin stepping completed

Error: measure  f0r  when(WHEN) : out of interval
Error: &f0r: no such variable.
Note: Starting dynamic gmin stepping
Note: Dynamic gmin stepping completed
Note: Starting dynamic gmin stepping
Note: Dynamic gmin stepping completed
Note: Starting dynamic gmin stepping
Note: Dynamic gmin stepping completed

Error: measure  f0r  when(WHEN) : out of interval
Error: &f0r: no such variable.
Note: Starting dynamic gmin stepping
Note: Dynamic gmin stepping completed
Note: Starting dynamic gmin stepping
Note: Dynamic gmin stepping completed
Note: Starting dynamic gmin stepping
Note: Dynamic gmin stepping completed

Error: measure  f0r  when(WHEN) : out of interval
Error: &f0r: no such variable.
Note: Starting dynamic gmin stepping
Note: Dynamic gmin stepping completed
Note: Starting dynamic gmin stepping
Note: Dynamic gmin stepping completed
Note: Starting dynamic gmin stepping
Note: Dynamic gmin stepping completed

Error: measure  f0r  when(WHEN) : out of interval
Error: &f0r: no such variable.
Note: Starting dynamic gmin stepping
Note: Dynamic gmin stepping completed
Note: Starting dynamic gmin stepping
Note: Dynamic gmin stepping completed
Note: Starting dynamic gmin stepping
Note: Dynamic gmin stepping completed

Error: measure  f0r  when(WHEN) : out of interval
Error: &f0r: no such variable.
Note: Starting dynamic gmin stepping
Note: Dynamic gmin stepping completed
Note: Starting dynamic gmin stepping
Note: Dynamic gmin stepping completed
Note: Starting dynamic gmin stepping
Note: Dynamic gmin stepping completed

Error: measure  f0r  when(WHEN) : out of interval
Error: &f0r: no such variable.
Note: Starting dynamic gmin stepping
Note: Dynamic gmin stepping completed
Note: Starting dynamic gmin stepping
Note: Dynamic gmin stepping completed
Note: Starting dynamic gmin stepping
Note: Dynamic gmin stepping completed

Error: measure  f0r  when(WHEN) : out of interval
Error: &f0r: no such variable.
Note: Starting dynamic gmin stepping
Note: Dynamic gmin stepping completed
Note: Starting dynamic gmin stepping
Note: Dynamic gmin stepping completed
Note: Starting dynamic gmin stepping
Note: Dynamic gmin stepping completed

Error: measure  f0r  when(WHEN) : out of interval
Error: &f0r: no such variable.
Note: Starting dynamic gmin stepping
Note: Dynamic gmin stepping completed
Note: Starting dynamic gmin stepping
Note: Dynamic gmin stepping completed
Note: Starting dynamic gmin stepping
Note: Dynamic gmin stepping completed

Error: measure  f0r  when(WHEN) : out of interval
Error: &f0r: no such variable.
Note: Starting dynamic gmin stepping
Note: Dynamic gmin stepping completed
Note: Starting dynamic gmin stepping
Note: Dynamic gmin stepping completed
Note: Starting dynamic gmin stepping
Note: Dynamic gmin stepping completed

Error: measure  f0r  when(WHEN) : out of interval
Error: &f0r: no such variable.
Note: Starting dynamic gmin stepping
Note: Dynamic gmin stepping completed
Note: Starting dynamic gmin stepping
Note: Dynamic gmin stepping completed
Note: Starting dynamic gmin stepping
Note: Dynamic gmin stepping completed

Error: measure  f0r  when(WHEN) : out of interval
Error: &f0r: no such variable.
Note: Starting dynamic gmin stepping
Note: Dynamic gmin stepping completed
Note: Starting dynamic gmin stepping
Note: Dynamic gmin stepping completed
Note: Starting dynamic gmin stepping
Note: Dynamic gmin stepping completed

Error: measure  f0r  when(WHEN) : out of interval
Error: &f0r: no such variable.
Note: Starting dynamic gmin stepping
Note: Dynamic gmin stepping completed
Note: Starting dynamic gmin stepping
Note: Dynamic gmin stepping completed
Note: Starting dynamic gmin stepping
Note: Dynamic gmin stepping completed

Error: measure  f0r  when(WHEN) : out of interval
Error: &f0r: no such variable.
Note: Starting dynamic gmin stepping
Note: Dynamic gmin stepping completed
Note: Starting dynamic gmin stepping
Note: Dynamic gmin stepping completed
Note: Starting dynamic gmin stepping
Note: Dynamic gmin stepping completed

Error: measure  f0r  when(WHEN) : out of interval
Error: &f0r: no such variable.
Note: Starting dynamic gmin stepping
Note: Dynamic gmin stepping completed
Note: Starting dynamic gmin stepping
Note: Dynamic gmin stepping completed
Note: Starting dynamic gmin stepping
Note: Dynamic gmin stepping completed

Error: measure  f0r  when(WHEN) : out of interval
Error: &f0r: no such variable.
Note: Starting dynamic gmin stepping
Note: Dynamic gmin stepping completed
Note: Starting dynamic gmin stepping
Note: Dynamic gmin stepping completed
Note: Starting dynamic gmin stepping
Note: Dynamic gmin stepping completed

Error: measure  f0r  when(WHEN) : out of interval
Error: &f0r: no such variable.
Note: Starting dynamic gmin stepping
Note: Dynamic gmin stepping completed
Note: Starting dynamic gmin stepping
Note: Dynamic gmin stepping completed
Note: Starting dynamic gmin stepping
Note: Dynamic gmin stepping completed

Error: measure  f0r  when(WHEN) : out of interval
Error: &f0r: no such variable.
Note: Starting dynamic gmin stepping
Note: Dynamic gmin stepping completed
Note: Starting dynamic gmin stepping
Note: Dynamic gmin stepping completed
Note: Starting dynamic gmin stepping
Note: Dynamic gmin stepping completed

Error: measure  f0r  when(WHEN) : out of interval
Error: &f0r: no such variable.
Note: Starting dynamic gmin stepping
Note: Dynamic gmin stepping completed
Note: Starting dynamic gmin stepping
Note: Dynamic gmin stepping completed
Note: Starting dynamic gmin stepping
Note: Dynamic gmin stepping completed

Error: measure  f0r  when(WHEN) : out of interval
Error: &f0r: no such variable.
Note: Starting dynamic gmin stepping
Note: Dynamic gmin stepping completed
Note: Starting dynamic gmin stepping
Note: Dynamic gmin stepping completed
Note: Starting dynamic gmin stepping
Note: Dynamic gmin stepping completed

Error: measure  f0r  when(WHEN) : out of interval
Error: &f0r: no such variable.
Note: Starting dynamic gmin stepping
Note: Dynamic gmin stepping completed
Note: Starting dynamic gmin stepping
Note: Dynamic gmin stepping completed
Note: Starting dynamic gmin stepping
Note: Dynamic gmin stepping completed

Error: measure  f0r  when(WHEN) : out of interval
Error: &f0r: no such variable.
Note: Starting dynamic gmin stepping
Note: Dynamic gmin stepping completed
Note: Starting dynamic gmin stepping
Note: Dynamic gmin stepping completed
Note: Starting dynamic gmin stepping
Note: Dynamic gmin stepping completed

Error: measure  f0r  when(WHEN) : out of interval
Error: &f0r: no such variable.
Note: Starting dynamic gmin stepping
Note: Dynamic gmin stepping completed
Note: Starting dynamic gmin stepping
Note: Dynamic gmin stepping completed
Note: Starting dynamic gmin stepping
Note: Dynamic gmin stepping completed

Error: measure  f0r  when(WHEN) : out of interval
Error: &f0r: no such variable.
Note: Starting dynamic gmin stepping
Note: Dynamic gmin stepping completed
Note: Starting dynamic gmin stepping
Note: Dynamic gmin stepping completed
Note: Starting dynamic gmin stepping
Note: Dynamic gmin stepping completed

Error: measure  f0r  when(WHEN) : out of interval
Error: &f0r: no such variable.
Note: Starting dynamic gmin stepping
Note: Dynamic gmin stepping completed
Note: Starting dynamic gmin stepping
Note: Dynamic gmin stepping completed
Note: Starting dynamic gmin stepping
Note: Dynamic gmin stepping completed

Error: measure  f0r  when(WHEN) : out of interval
Error: &f0r: no such variable.
Note: Starting dynamic gmin stepping
Note: Dynamic gmin stepping completed
Note: Starting dynamic gmin stepping
Note: Dynamic gmin stepping completed
Note: Starting dynamic gmin stepping
Note: Dynamic gmin stepping completed

Error: measure  f0r  when(WHEN) : out of interval
Error: &f0r: no such variable.
Note: Starting dynamic gmin stepping
Note: Dynamic gmin stepping completed
Note: Starting dynamic gmin stepping
Note: Dynamic gmin stepping completed
Note: Starting dynamic gmin stepping
Note: Dynamic gmin stepping completed

Error: measure  f0r  when(WHEN) : out of interval
Error: &f0r: no such variable.
