
Note: No compatibility mode selected!


Circuit: * soft-start-loop-gain -- tian dual-injection loop-gain testbench for the ldo

* corner_id=fs_27c_2.97v corner=fs temp_c=27 vin_v=2.97
* phase=anchor variant=binj iload_a=0.05 rload_ohm=1e+12
* ac sweep: dec 400 0.01 1e9 ; Tian dual injection at ERRAMP_OUT->PASS_GATE
* columns: ROW ssr_cmd= ssr_v= fb_v= vout_v= isup_a= ceff_f= esr_ohm=
*          dcgain_db= f0_hz= phase_at_f0_deg= f180_hz= gain_at_f180_db=
*          f0_rising_hz= resurgence_db=
* (phase margin = 180 + phase_at_f0_deg ; gain margin = -gain_at_f180_db ;
*  resurgence_db = max |T| in dB above the first 0 dB crossing, DR-0008 ;
*  an empty f180/gain field means the phase never reaches -180 deg in band ;
*  ssr_cmd is what this deck COMMANDED the ramp node to, or 'free' when it
*  is not pinned; ssr_v/fb_v/vout_v are what the DC solve LANDED on)
* Fields are written key=value BECAUSE a failed meas leaves its value
* empty: with bare positional fields an empty one vanishes into the
* whitespace and every field after it is read as the wrong quantity.
Doing analysis at TEMP = 27.000000 and TNOM = 27.000000

Using SPARSE 1.3 as Direct Linear Solver
 Reference value :  0.00000e+00
No. of Data Rows : 1
Doing analysis at TEMP = 27.000000 and TNOM = 27.000000

Using SPARSE 1.3 as Direct Linear Solver
 Reference value :  1.00000e-02
No. of Data Rows : 4401
Doing analysis at TEMP = 27.000000 and TNOM = 27.000000

Using SPARSE 1.3 as Direct Linear Solver
 Reference value :  1.00000e-02
No. of Data Rows : 4401
dcg                 =  1.38068e+02
f0                  =  3.30094e+05
phx                 =  -1.36950e+02
f180                =  7.34426e+05
gmx                 =  -9.21443e+00
 meas ac f0r when tdb=0 rise=1 failed!

tres                =  -4.88636e-01 at=  3.46737e+05
ROW ssr_cmd=free ssr_v=2.25566 fb_v=1.19958 vout_v=1.79937 isup_a=0.050012 ceff_f=1e-06 esr_ohm=0.001 dcgain_db=138.068 f0_hz=330094 phase_at_f0_deg=-136.95 f180_hz=734426 gain_at_f180_db=-9.21443 f0_rising_hz= resurgence_db=-0.488636
Doing analysis at TEMP = 27.000000 and TNOM = 27.000000

Using SPARSE 1.3 as Direct Linear Solver
 Reference value :  0.00000e+00
No. of Data Rows : 1
Doing analysis at TEMP = 27.000000 and TNOM = 27.000000

Using SPARSE 1.3 as Direct Linear Solver
 Reference value :  1.00000e-02
No. of Data Rows : 4401
Doing analysis at TEMP = 27.000000 and TNOM = 27.000000

Using SPARSE 1.3 as Direct Linear Solver
 Reference value :  1.00000e-02
No. of Data Rows : 4401
dcg                 =  1.38068e+02
f0                  =  3.31601e+05
phx                 =  -1.31278e+02
f180                =  8.89522e+05
gmx                 =  -1.18325e+01
 meas ac f0r when tdb=0 rise=1 failed!

tres                =  -4.96136e-01 at=  3.48739e+05
ROW ssr_cmd=free ssr_v=2.25566 fb_v=1.19958 vout_v=1.79937 isup_a=0.050012 ceff_f=1e-06 esr_ohm=0.05 dcgain_db=138.068 f0_hz=331600 phase_at_f0_deg=-131.278 f180_hz=889522 gain_at_f180_db=-11.8325 f0_rising_hz= resurgence_db=-0.496136
Doing analysis at TEMP = 27.000000 and TNOM = 27.000000

Using SPARSE 1.3 as Direct Linear Solver
 Reference value :  0.00000e+00
No. of Data Rows : 1
Doing analysis at TEMP = 27.000000 and TNOM = 27.000000

Using SPARSE 1.3 as Direct Linear Solver
 Reference value :  1.00000e-02
No. of Data Rows : 4401
Doing analysis at TEMP = 27.000000 and TNOM = 27.000000

Using SPARSE 1.3 as Direct Linear Solver
 Reference value :  1.00000e-02
No. of Data Rows : 4401
dcg                 =  1.38068e+02
f0                  =  3.36356e+05
phx                 =  -1.25779e+02
f180                =  1.11024e+06
gmx                 =  -1.44081e+01
 meas ac f0r when tdb=0 rise=1 failed!

tres                =  -5.12109e-01 at=  3.54813e+05
ROW ssr_cmd=free ssr_v=2.25566 fb_v=1.19958 vout_v=1.79937 isup_a=0.050012 ceff_f=1e-06 esr_ohm=0.1 dcgain_db=138.068 f0_hz=336356 phase_at_f0_deg=-125.779 f180_hz=1.11024E+06 gain_at_f180_db=-14.4081 f0_rising_hz= resurgence_db=-0.512109
Doing analysis at TEMP = 27.000000 and TNOM = 27.000000

Using SPARSE 1.3 as Direct Linear Solver
 Reference value :  0.00000e+00
No. of Data Rows : 1
Doing analysis at TEMP = 27.000000 and TNOM = 27.000000

Using SPARSE 1.3 as Direct Linear Solver
 Reference value :  1.00000e-02
No. of Data Rows : 4401
Doing analysis at TEMP = 27.000000 and TNOM = 27.000000

Using SPARSE 1.3 as Direct Linear Solver
 Reference value :  1.00000e-02
No. of Data Rows : 4401
dcg                 =  1.38068e+02
f0                  =  3.57347e+05
phx                 =  -1.15698e+02
f180                =  1.50363e+06
gmx                 =  -1.59788e+01
 meas ac f0r when tdb=0 rise=1 failed!

tres                =  -4.33758e-01 at=  3.75837e+05
ROW ssr_cmd=free ssr_v=2.25566 fb_v=1.19958 vout_v=1.79937 isup_a=0.050012 ceff_f=1e-06 esr_ohm=0.2 dcgain_db=138.068 f0_hz=357347 phase_at_f0_deg=-115.698 f180_hz=1.50363E+06 gain_at_f180_db=-15.9788 f0_rising_hz= resurgence_db=-0.433758
Doing analysis at TEMP = 27.000000 and TNOM = 27.000000

Using SPARSE 1.3 as Direct Linear Solver
 Reference value :  0.00000e+00
No. of Data Rows : 1
Doing analysis at TEMP = 27.000000 and TNOM = 27.000000

Using SPARSE 1.3 as Direct Linear Solver
 Reference value :  1.20921e-02
No. of Data Rows : 4401
Doing analysis at TEMP = 27.000000 and TNOM = 27.000000

Using SPARSE 1.3 as Direct Linear Solver
 Reference value :  1.00000e-02
No. of Data Rows : 4401
dcg                 =  1.38068e+02
f0                  =  6.05520e+05
phx                 =  -1.04524e+02
f180                =  1.84489e+06
gmx                 =  -1.21455e+01
 meas ac f0r when tdb=0 rise=1 failed!

tres                =  -3.10015e-01 at=  6.38263e+05
ROW ssr_cmd=free ssr_v=2.25566 fb_v=1.19958 vout_v=1.79937 isup_a=0.050012 ceff_f=1e-06 esr_ohm=0.5 dcgain_db=138.068 f0_hz=605520 phase_at_f0_deg=-104.524 f180_hz=1.84489E+06 gain_at_f180_db=-12.1455 f0_rising_hz= resurgence_db=-0.310015
Doing analysis at TEMP = 27.000000 and TNOM = 27.000000

Using SPARSE 1.3 as Direct Linear Solver
 Reference value :  0.00000e+00
No. of Data Rows : 1
Doing analysis at TEMP = 27.000000 and TNOM = 27.000000

Using SPARSE 1.3 as Direct Linear Solver
 Reference value :  1.00000e-02
No. of Data Rows : 4401
Doing analysis at TEMP = 27.000000 and TNOM = 27.000000

Using SPARSE 1.3 as Direct Linear Solver
 Reference value :  1.00000e-02
No. of Data Rows : 4401
dcg                 =  1.38068e+02
f0                  =  8.23663e+04
phx                 =  -1.25404e+02
f180                =  7.43775e+05
gmx                 =  -2.28251e+01
 meas ac f0r when tdb=0 rise=1 failed!

tres                =  -5.19647e-01 at=  8.65964e+04
ROW ssr_cmd=free ssr_v=2.25566 fb_v=1.19958 vout_v=1.79937 isup_a=0.050012 ceff_f=4.7e-06 esr_ohm=0.001 dcgain_db=138.068 f0_hz=82366.3 phase_at_f0_deg=-125.404 f180_hz=743775 gain_at_f180_db=-22.8251 f0_rising_hz= resurgence_db=-0.519647
Doing analysis at TEMP = 27.000000 and TNOM = 27.000000

Using SPARSE 1.3 as Direct Linear Solver
 Reference value :  0.00000e+00
No. of Data Rows : 1
Doing analysis at TEMP = 27.000000 and TNOM = 27.000000

Using SPARSE 1.3 as Direct Linear Solver
 Reference value :  1.00000e-02
No. of Data Rows : 4401
Doing analysis at TEMP = 27.000000 and TNOM = 27.000000

Using SPARSE 1.3 as Direct Linear Solver
 Reference value :  1.00000e-02
No. of Data Rows : 4401
dcg                 =  1.38068e+02
f0                  =  8.28580e+04
phx                 =  -1.18500e+02
f180                =  1.58914e+06
gmx                 =  -2.91481e+01
 meas ac f0r when tdb=0 rise=1 failed!

tres                =  -5.10219e-01 at=  8.70964e+04
ROW ssr_cmd=free ssr_v=2.25566 fb_v=1.19958 vout_v=1.79937 isup_a=0.050012 ceff_f=4.7e-06 esr_ohm=0.05 dcgain_db=138.068 f0_hz=82858 phase_at_f0_deg=-118.5 f180_hz=1.58914E+06 gain_at_f180_db=-29.1481 f0_rising_hz= resurgence_db=-0.510219
Doing analysis at TEMP = 27.000000 and TNOM = 27.000000

Using SPARSE 1.3 as Direct Linear Solver
 Reference value :  0.00000e+00
No. of Data Rows : 1
Doing analysis at TEMP = 27.000000 and TNOM = 27.000000

Using SPARSE 1.3 as Direct Linear Solver
 Reference value :  1.00000e-02
No. of Data Rows : 4401
Doing analysis at TEMP = 27.000000 and TNOM = 27.000000

Using SPARSE 1.3 as Direct Linear Solver
 Reference value :  1.00000e-02
No. of Data Rows : 4401
dcg                 =  1.38068e+02
f0                  =  8.44257e+04
phx                 =  -1.11267e+02
f180                =  1.83637e+06
gmx                 =  -2.59663e+01
 meas ac f0r when tdb=0 rise=1 failed!

tres                =  -5.29711e-01 at=  8.91251e+04
ROW ssr_cmd=free ssr_v=2.25566 fb_v=1.19958 vout_v=1.79937 isup_a=0.050012 ceff_f=4.7e-06 esr_ohm=0.1 dcgain_db=138.068 f0_hz=84425.7 phase_at_f0_deg=-111.267 f180_hz=1.83637E+06 gain_at_f180_db=-25.9663 f0_rising_hz= resurgence_db=-0.529711
Doing analysis at TEMP = 27.000000 and TNOM = 27.000000

Using SPARSE 1.3 as Direct Linear Solver
 Reference value :  0.00000e+00
No. of Data Rows : 1
Doing analysis at TEMP = 27.000000 and TNOM = 27.000000

Using SPARSE 1.3 as Direct Linear Solver
 Reference value :  1.79887e+02
No. of Data Rows : 4401
Doing analysis at TEMP = 27.000000 and TNOM = 27.000000

Using SPARSE 1.3 as Direct Linear Solver
 Reference value :  1.00000e-02
No. of Data Rows : 4401
dcg                 =  1.38068e+02
f0                  =  9.17049e+04
phx                 =  -9.59998e+01
f180                =  1.95655e+06
gmx                 =  -2.11207e+01
 meas ac f0r when tdb=0 rise=1 failed!

tres                =  -4.20956e-01 at=  9.66051e+04
ROW ssr_cmd=free ssr_v=2.25566 fb_v=1.19958 vout_v=1.79937 isup_a=0.050012 ceff_f=4.7e-06 esr_ohm=0.2 dcgain_db=138.068 f0_hz=91704.9 phase_at_f0_deg=-95.9998 f180_hz=1.95655E+06 gain_at_f180_db=-21.1207 f0_rising_hz= resurgence_db=-0.420956
Doing analysis at TEMP = 27.000000 and TNOM = 27.000000

Using SPARSE 1.3 as Direct Linear Solver
 Reference value :  0.00000e+00
No. of Data Rows : 1
Doing analysis at TEMP = 27.000000 and TNOM = 27.000000

Using SPARSE 1.3 as Direct Linear Solver
 Reference value :  1.03514e-01
No. of Data Rows : 4401
Doing analysis at TEMP = 27.000000 and TNOM = 27.000000

Using SPARSE 1.3 as Direct Linear Solver
 Reference value :  1.00000e-02
No. of Data Rows : 4401
dcg                 =  1.38068e+02
f0                  =  4.31646e+05
phx                 =  -6.67942e+01
f180                =  2.02239e+06
gmx                 =  -1.37961e+01
 meas ac f0r when tdb=0 rise=1 failed!

tres                =  -1.15521e-01 at=  4.54465e+05
ROW ssr_cmd=free ssr_v=2.25566 fb_v=1.19958 vout_v=1.79937 isup_a=0.050012 ceff_f=4.7e-06 esr_ohm=0.5 dcgain_db=138.068 f0_hz=431646 phase_at_f0_deg=-66.7942 f180_hz=2.02239E+06 gain_at_f180_db=-13.7961 f0_rising_hz= resurgence_db=-0.115521
* SWEEP COMPLETE fs_27c_2.97v
Note: Simulation executed from .control section 
Note: Starting dynamic gmin stepping
Note: Dynamic gmin stepping completed
Note: Starting dynamic gmin stepping
Note: Dynamic gmin stepping completed
Note: Starting dynamic gmin stepping
Note: Dynamic gmin stepping completed

Error: measure  f0r  when(WHEN) : out of interval
Error: &f0r: no such variable.
Note: Starting dynamic gmin stepping
Note: Dynamic gmin stepping completed
Note: Starting dynamic gmin stepping
Note: Dynamic gmin stepping completed
Note: Starting dynamic gmin stepping
Note: Dynamic gmin stepping completed

Error: measure  f0r  when(WHEN) : out of interval
Error: &f0r: no such variable.
Note: Starting dynamic gmin stepping
Note: Dynamic gmin stepping completed
Note: Starting dynamic gmin stepping
Note: Dynamic gmin stepping completed
Note: Starting dynamic gmin stepping
Note: Dynamic gmin stepping completed

Error: measure  f0r  when(WHEN) : out of interval
Error: &f0r: no such variable.
Note: Starting dynamic gmin stepping
Note: Dynamic gmin stepping completed
Note: Starting dynamic gmin stepping
Note: Dynamic gmin stepping completed
Note: Starting dynamic gmin stepping
Note: Dynamic gmin stepping completed

Error: measure  f0r  when(WHEN) : out of interval
Error: &f0r: no such variable.
Note: Starting dynamic gmin stepping
Note: Dynamic gmin stepping completed
Note: Starting dynamic gmin stepping
Note: Dynamic gmin stepping completed
Note: Starting dynamic gmin stepping
Note: Dynamic gmin stepping completed

Error: measure  f0r  when(WHEN) : out of interval
Error: &f0r: no such variable.
Note: Starting dynamic gmin stepping
Note: Dynamic gmin stepping completed
Note: Starting dynamic gmin stepping
Note: Dynamic gmin stepping completed
Note: Starting dynamic gmin stepping
Note: Dynamic gmin stepping completed

Error: measure  f0r  when(WHEN) : out of interval
Error: &f0r: no such variable.
Note: Starting dynamic gmin stepping
Note: Dynamic gmin stepping completed
Note: Starting dynamic gmin stepping
Note: Dynamic gmin stepping completed
Note: Starting dynamic gmin stepping
Note: Dynamic gmin stepping completed

Error: measure  f0r  when(WHEN) : out of interval
Error: &f0r: no such variable.
Note: Starting dynamic gmin stepping
Note: Dynamic gmin stepping completed
Note: Starting dynamic gmin stepping
Note: Dynamic gmin stepping completed
Note: Starting dynamic gmin stepping
Note: Dynamic gmin stepping completed

Error: measure  f0r  when(WHEN) : out of interval
Error: &f0r: no such variable.
Note: Starting dynamic gmin stepping
Note: Dynamic gmin stepping completed
Note: Starting dynamic gmin stepping
Note: Dynamic gmin stepping completed
Note: Starting dynamic gmin stepping
Note: Dynamic gmin stepping completed

Error: measure  f0r  when(WHEN) : out of interval
Error: &f0r: no such variable.
Note: Starting dynamic gmin stepping
Note: Dynamic gmin stepping completed
Note: Starting dynamic gmin stepping
Note: Dynamic gmin stepping completed
Note: Starting dynamic gmin stepping
Note: Dynamic gmin stepping completed

Error: measure  f0r  when(WHEN) : out of interval
Error: &f0r: no such variable.
