
Note: No compatibility mode selected!


Circuit: * soft-start-loop-gain -- tian dual-injection loop-gain testbench for the ldo

* corner_id=res_ss_125c_3.30v corner=res_ss temp_c=125 vin_v=3.3
* phase=ramp variant=device iload_a=0 rload_ohm=36
* ac sweep: dec 400 0.01 1e9 ; Tian dual injection at ERRAMP_OUT->PASS_GATE
* columns: ROW ssr_cmd= ssr_v= fb_v= vout_v= isup_a= ceff_f= esr_ohm=
*          dcgain_db= f0_hz= phase_at_f0_deg= f180_hz= gain_at_f180_db=
*          f0_rising_hz= resurgence_db=
* (phase margin = 180 + phase_at_f0_deg ; gain margin = -gain_at_f180_db ;
*  resurgence_db = max |T| in dB above the first 0 dB crossing, DR-0008 ;
*  an empty f180/gain field means the phase never reaches -180 deg in band ;
*  ssr_cmd is what this deck COMMANDED the ramp node to, or 'free' when it
*  is not pinned; ssr_v/fb_v/vout_v are what the DC solve LANDED on)
* Fields are written key=value BECAUSE a failed meas leaves its value
* empty: with bare positional fields an empty one vanishes into the
* whitespace and every field after it is read as the wrong quantity.
Doing analysis at TEMP = 125.000000 and TNOM = 27.000000

Using SPARSE 1.3 as Direct Linear Solver
 Reference value :  0.00000e+00
No. of Data Rows : 1
Doing analysis at TEMP = 125.000000 and TNOM = 27.000000

Using SPARSE 1.3 as Direct Linear Solver
 Reference value :  8.70964e+02
No. of Data Rows : 4401
Doing analysis at TEMP = 125.000000 and TNOM = 27.000000

Using SPARSE 1.3 as Direct Linear Solver
 Reference value :  1.38038e+00
No. of Data Rows : 4401
dcg                 =  1.11292e+02
f0                  =  1.57072e+05
phx                 =  -1.15070e+02
f180                =  6.81224e+05
gmx                 =  -1.49295e+01
 meas ac f0r when tdb=0 rise=1 failed!

tres                =  -4.34214e-01 at=  1.65006e+05
ROW ssr_cmd=0 ssr_v=0 fb_v=1.19947 vout_v=0.201141 isup_a=0.00562416 ceff_f=1e-06 esr_ohm=0.001 dcgain_db=111.292 f0_hz=157072 phase_at_f0_deg=-115.07 f180_hz=681224 gain_at_f180_db=-14.9295 f0_rising_hz= resurgence_db=-0.434214
Doing analysis at TEMP = 125.000000 and TNOM = 27.000000

Using SPARSE 1.3 as Direct Linear Solver

No. of Data Rows : 1
Doing analysis at TEMP = 125.000000 and TNOM = 27.000000

Using SPARSE 1.3 as Direct Linear Solver
 Reference value :  1.00000e-02
No. of Data Rows : 4401
Doing analysis at TEMP = 125.000000 and TNOM = 27.000000

Using SPARSE 1.3 as Direct Linear Solver
 Reference value :  1.00000e-02
No. of Data Rows : 4401
dcg                 =  1.11292e+02
f0                  =  1.57044e+05
phx                 =  -1.12302e+02
f180                =  7.96727e+05
gmx                 =  -1.70877e+01
 meas ac f0r when tdb=0 rise=1 failed!

tres                =  -4.34693e-01 at=  1.65006e+05
ROW ssr_cmd=0 ssr_v=0 fb_v=1.19947 vout_v=0.201141 isup_a=0.00562416 ceff_f=1e-06 esr_ohm=0.05 dcgain_db=111.292 f0_hz=157044 phase_at_f0_deg=-112.302 f180_hz=796727 gain_at_f180_db=-17.0877 f0_rising_hz= resurgence_db=-0.434693
Doing analysis at TEMP = 125.000000 and TNOM = 27.000000

Using SPARSE 1.3 as Direct Linear Solver
 Reference value :  0.00000e+00
No. of Data Rows : 1
Doing analysis at TEMP = 125.000000 and TNOM = 27.000000

Using SPARSE 1.3 as Direct Linear Solver
 Reference value :  2.06538e+03
No. of Data Rows : 4401
Doing analysis at TEMP = 125.000000 and TNOM = 27.000000

Using SPARSE 1.3 as Direct Linear Solver
 Reference value :  1.00000e-02
No. of Data Rows : 4401
dcg                 =  1.11292e+02
f0                  =  1.57390e+05
phx                 =  -1.09514e+02
f180                =  9.54050e+05
gmx                 =  -1.92526e+01
 meas ac f0r when tdb=0 rise=1 failed!

tres                =  -4.62519e-01 at=  1.65959e+05
ROW ssr_cmd=0 ssr_v=0 fb_v=1.19947 vout_v=0.201141 isup_a=0.00562416 ceff_f=1e-06 esr_ohm=0.1 dcgain_db=111.292 f0_hz=157390 phase_at_f0_deg=-109.514 f180_hz=954050 gain_at_f180_db=-19.2526 f0_rising_hz= resurgence_db=-0.462519
Doing analysis at TEMP = 125.000000 and TNOM = 27.000000

Using SPARSE 1.3 as Direct Linear Solver
 Reference value :  0.00000e+00
No. of Data Rows : 1
Doing analysis at TEMP = 125.000000 and TNOM = 27.000000

Using SPARSE 1.3 as Direct Linear Solver
 Reference value :  2.80221e+02
No. of Data Rows : 4401
Doing analysis at TEMP = 125.000000 and TNOM = 27.000000

Using SPARSE 1.3 as Direct Linear Solver
 Reference value :  1.00000e-02
No. of Data Rows : 4401
dcg                 =  1.11292e+02
f0                  =  1.59252e+05
phx                 =  -1.04028e+02
f180                =  1.26977e+06
gmx                 =  -2.12112e+01
 meas ac f0r when tdb=0 rise=1 failed!

tres                =  -4.46637e-01 at=  1.67880e+05
ROW ssr_cmd=0 ssr_v=0 fb_v=1.19947 vout_v=0.201141 isup_a=0.00562416 ceff_f=1e-06 esr_ohm=0.2 dcgain_db=111.292 f0_hz=159252 phase_at_f0_deg=-104.028 f180_hz=1.26977E+06 gain_at_f180_db=-21.2112 f0_rising_hz= resurgence_db=-0.446637
Doing analysis at TEMP = 125.000000 and TNOM = 27.000000

Using SPARSE 1.3 as Direct Linear Solver
 Reference value :  0.00000e+00
No. of Data Rows : 1
Doing analysis at TEMP = 125.000000 and TNOM = 27.000000

Using SPARSE 1.3 as Direct Linear Solver
 Reference value :  6.20155e+03
No. of Data Rows : 4401
Doing analysis at TEMP = 125.000000 and TNOM = 27.000000

Using SPARSE 1.3 as Direct Linear Solver
 Reference value :  1.00000e-02
No. of Data Rows : 4401
dcg                 =  1.11292e+02
f0                  =  1.76825e+05
phx                 =  -8.80545e+01
f180                =  1.60275e+06
gmx                 =  -1.82756e+01
 meas ac f0r when tdb=0 rise=1 failed!

tres                =  -3.48051e-01 at=  1.86209e+05
ROW ssr_cmd=0 ssr_v=0 fb_v=1.19947 vout_v=0.201141 isup_a=0.00562416 ceff_f=1e-06 esr_ohm=0.5 dcgain_db=111.292 f0_hz=176825 phase_at_f0_deg=-88.0545 f180_hz=1.60275E+06 gain_at_f180_db=-18.2756 f0_rising_hz= resurgence_db=-0.348051
Doing analysis at TEMP = 125.000000 and TNOM = 27.000000

Using SPARSE 1.3 as Direct Linear Solver
 Reference value :  0.00000e+00
No. of Data Rows : 1
Doing analysis at TEMP = 125.000000 and TNOM = 27.000000

Using SPARSE 1.3 as Direct Linear Solver
 Reference value :  5.82103e+02
No. of Data Rows : 4401
Doing analysis at TEMP = 125.000000 and TNOM = 27.000000

Using SPARSE 1.3 as Direct Linear Solver
 Reference value :  1.00000e-02
No. of Data Rows : 4401
dcg                 =  1.11292e+02
f0                  =  3.69653e+04
phx                 =  -1.24750e+02
f180                =  6.86300e+05
gmx                 =  -2.84737e+01
 meas ac f0r when tdb=0 rise=1 failed!

tres                =  -5.57625e-01 at=  3.89045e+04
ROW ssr_cmd=0 ssr_v=0 fb_v=1.19947 vout_v=0.201141 isup_a=0.00562416 ceff_f=4.7e-06 esr_ohm=0.001 dcgain_db=111.292 f0_hz=36965.3 phase_at_f0_deg=-124.75 f180_hz=686300 gain_at_f180_db=-28.4737 f0_rising_hz= resurgence_db=-0.557625
Doing analysis at TEMP = 125.000000 and TNOM = 27.000000

Using SPARSE 1.3 as Direct Linear Solver
 Reference value :  0.00000e+00
No. of Data Rows : 1
Doing analysis at TEMP = 125.000000 and TNOM = 27.000000

Using SPARSE 1.3 as Direct Linear Solver
 Reference value :  5.52713e+02
No. of Data Rows : 4401
Doing analysis at TEMP = 125.000000 and TNOM = 27.000000

Using SPARSE 1.3 as Direct Linear Solver
 Reference value :  1.00000e-02
 Reference value :  5.68853e+08
No. of Data Rows : 4401
dcg                 =  1.11292e+02
f0                  =  3.69677e+04
phx                 =  -1.21689e+02
f180                =  1.34541e+06
gmx                 =  -3.45281e+01
 meas ac f0r when tdb=0 rise=1 failed!

tres                =  -5.55521e-01 at=  3.89045e+04
ROW ssr_cmd=0 ssr_v=0 fb_v=1.19947 vout_v=0.201141 isup_a=0.00562416 ceff_f=4.7e-06 esr_ohm=0.05 dcgain_db=111.292 f0_hz=36967.8 phase_at_f0_deg=-121.689 f180_hz=1.34541E+06 gain_at_f180_db=-34.5281 f0_rising_hz= resurgence_db=-0.555522
Doing analysis at TEMP = 125.000000 and TNOM = 27.000000

Using SPARSE 1.3 as Direct Linear Solver

No. of Data Rows : 1
Doing analysis at TEMP = 125.000000 and TNOM = 27.000000

Using SPARSE 1.3 as Direct Linear Solver
 Reference value :  1.00000e-02
No. of Data Rows : 4401
Doing analysis at TEMP = 125.000000 and TNOM = 27.000000

Using SPARSE 1.3 as Direct Linear Solver
 Reference value :  1.00000e-02
No. of Data Rows : 4401
dcg                 =  1.11292e+02
f0                  =  3.70564e+04
phx                 =  -1.18514e+02
f180                =  1.58789e+06
gmx                 =  -3.19604e+01
 meas ac f0r when tdb=0 rise=1 failed!

tres                =  -5.86693e-01 at=  3.91291e+04
ROW ssr_cmd=0 ssr_v=0 fb_v=1.19947 vout_v=0.201141 isup_a=0.00562416 ceff_f=4.7e-06 esr_ohm=0.1 dcgain_db=111.292 f0_hz=37056.4 phase_at_f0_deg=-118.514 f180_hz=1.58789E+06 gain_at_f180_db=-31.9604 f0_rising_hz= resurgence_db=-0.586693
Doing analysis at TEMP = 125.000000 and TNOM = 27.000000

Using SPARSE 1.3 as Direct Linear Solver
 Reference value :  0.00000e+00
No. of Data Rows : 1
Doing analysis at TEMP = 125.000000 and TNOM = 27.000000

Using SPARSE 1.3 as Direct Linear Solver
 Reference value :  1.57580e+02
No. of Data Rows : 4401
Doing analysis at TEMP = 125.000000 and TNOM = 27.000000

Using SPARSE 1.3 as Direct Linear Solver
 Reference value :  1.00000e-02
No. of Data Rows : 4401
dcg                 =  1.11292e+02
f0                  =  3.75027e+04
phx                 =  -1.11993e+02
f180                =  1.71018e+06
gmx                 =  -2.73858e+01
 meas ac f0r when tdb=0 rise=1 failed!

tres                =  -5.61646e-01 at=  3.95822e+04
ROW ssr_cmd=0 ssr_v=0 fb_v=1.19947 vout_v=0.201141 isup_a=0.00562416 ceff_f=4.7e-06 esr_ohm=0.2 dcgain_db=111.292 f0_hz=37502.7 phase_at_f0_deg=-111.993 f180_hz=1.71018E+06 gain_at_f180_db=-27.3858 f0_rising_hz= resurgence_db=-0.561646
Doing analysis at TEMP = 125.000000 and TNOM = 27.000000

Using SPARSE 1.3 as Direct Linear Solver
 Reference value :  0.00000e+00
No. of Data Rows : 1
Doing analysis at TEMP = 125.000000 and TNOM = 27.000000

Using SPARSE 1.3 as Direct Linear Solver
 Reference value :  7.07946e+01
No. of Data Rows : 4401
Doing analysis at TEMP = 125.000000 and TNOM = 27.000000

Using SPARSE 1.3 as Direct Linear Solver
 Reference value :  1.00000e-02
No. of Data Rows : 4401
dcg                 =  1.11292e+02
f0                  =  4.15806e+04
phx                 =  -9.06307e+01
f180                =  1.78065e+06
gmx                 =  -2.02547e+01
 meas ac f0r when tdb=0 rise=1 failed!

tres                =  -4.30652e-01 at=  4.39036e+04
ROW ssr_cmd=0 ssr_v=0 fb_v=1.19947 vout_v=0.201141 isup_a=0.00562416 ceff_f=4.7e-06 esr_ohm=0.5 dcgain_db=111.292 f0_hz=41580.6 phase_at_f0_deg=-90.6307 f180_hz=1.78065E+06 gain_at_f180_db=-20.2547 f0_rising_hz= resurgence_db=-0.430652
Doing analysis at TEMP = 125.000000 and TNOM = 27.000000

Using SPARSE 1.3 as Direct Linear Solver
 Reference value :  0.00000e+00
No. of Data Rows : 1
Doing analysis at TEMP = 125.000000 and TNOM = 27.000000

Using SPARSE 1.3 as Direct Linear Solver
 Reference value :  9.94260e+01
No. of Data Rows : 4401
Doing analysis at TEMP = 125.000000 and TNOM = 27.000000

Using SPARSE 1.3 as Direct Linear Solver
 Reference value :  1.00000e-02
 Reference value :  1.56675e+08
No. of Data Rows : 4401
dcg                 =  1.12718e+02
f0                  =  1.68060e+05
phx                 =  -1.16771e+02
f180                =  6.88698e+05
gmx                 =  -1.43760e+01
 meas ac f0r when tdb=0 rise=1 failed!

tres                =  -4.50521e-01 at=  1.76807e+05
ROW ssr_cmd=0.05 ssr_v=0.05 fb_v=1.19947 vout_v=0.259453 isup_a=0.00724344 ceff_f=1e-06 esr_ohm=0.001 dcgain_db=112.718 f0_hz=168060 phase_at_f0_deg=-116.771 f180_hz=688698 gain_at_f180_db=-14.376 f0_rising_hz= resurgence_db=-0.450521
Doing analysis at TEMP = 125.000000 and TNOM = 27.000000

Using SPARSE 1.3 as Direct Linear Solver

No. of Data Rows : 1
Doing analysis at TEMP = 125.000000 and TNOM = 27.000000

Using SPARSE 1.3 as Direct Linear Solver
 Reference value :  1.00000e-02
 Reference value :  1.74783e+08
No. of Data Rows : 4401
Doing analysis at TEMP = 125.000000 and TNOM = 27.000000

Using SPARSE 1.3 as Direct Linear Solver
 Reference value :  1.29569e+01
No. of Data Rows : 4401
dcg                 =  1.12718e+02
f0                  =  1.68058e+05
phx                 =  -1.13812e+02
f180                =  8.06212e+05
gmx                 =  -1.65318e+01
 meas ac f0r when tdb=0 rise=1 failed!

tres                =  -4.49328e-01 at=  1.76807e+05
ROW ssr_cmd=0.05 ssr_v=0.05 fb_v=1.19947 vout_v=0.259453 isup_a=0.00724344 ceff_f=1e-06 esr_ohm=0.05 dcgain_db=112.718 f0_hz=168058 phase_at_f0_deg=-113.812 f180_hz=806212 gain_at_f180_db=-16.5318 f0_rising_hz= resurgence_db=-0.449328
Doing analysis at TEMP = 125.000000 and TNOM = 27.000000

Using SPARSE 1.3 as Direct Linear Solver
 Reference value :  0.00000e+00
No. of Data Rows : 1
Doing analysis at TEMP = 125.000000 and TNOM = 27.000000

Using SPARSE 1.3 as Direct Linear Solver
 Reference value :  1.05317e+03
No. of Data Rows : 4401
Doing analysis at TEMP = 125.000000 and TNOM = 27.000000

Using SPARSE 1.3 as Direct Linear Solver
 Reference value :  1.00000e-02
No. of Data Rows : 4401
dcg                 =  1.12718e+02
f0                  =  1.68512e+05
phx                 =  -1.10834e+02
f180                =  9.65622e+05
gmx                 =  -1.86768e+01
 meas ac f0r when tdb=0 rise=1 failed!

tres                =  -4.72395e-01 at=  1.77828e+05
ROW ssr_cmd=0.05 ssr_v=0.05 fb_v=1.19947 vout_v=0.259453 isup_a=0.00724344 ceff_f=1e-06 esr_ohm=0.1 dcgain_db=112.718 f0_hz=168512 phase_at_f0_deg=-110.834 f180_hz=965622 gain_at_f180_db=-18.6768 f0_rising_hz= resurgence_db=-0.472395
Doing analysis at TEMP = 125.000000 and TNOM = 27.000000

Using SPARSE 1.3 as Direct Linear Solver
 Reference value :  0.00000e+00
No. of Data Rows : 1
Doing analysis at TEMP = 125.000000 and TNOM = 27.000000

Using SPARSE 1.3 as Direct Linear Solver
 Reference value :  7.16143e+01
No. of Data Rows : 4401
Doing analysis at TEMP = 125.000000 and TNOM = 27.000000

Using SPARSE 1.3 as Direct Linear Solver
 Reference value :  1.00000e-02
No. of Data Rows : 4401
dcg                 =  1.12718e+02
f0                  =  1.70854e+05
phx                 =  -1.04981e+02
f180                =  1.28202e+06
gmx                 =  -2.05619e+01
 meas ac f0r when tdb=0 rise=1 failed!

tres                =  -4.36952e-01 at=  1.79887e+05
ROW ssr_cmd=0.05 ssr_v=0.05 fb_v=1.19947 vout_v=0.259453 isup_a=0.00724344 ceff_f=1e-06 esr_ohm=0.2 dcgain_db=112.718 f0_hz=170854 phase_at_f0_deg=-104.981 f180_hz=1.28202E+06 gain_at_f180_db=-20.5619 f0_rising_hz= resurgence_db=-0.436952
Doing analysis at TEMP = 125.000000 and TNOM = 27.000000

Using SPARSE 1.3 as Direct Linear Solver
 Reference value :  0.00000e+00
No. of Data Rows : 1
Doing analysis at TEMP = 125.000000 and TNOM = 27.000000

Using SPARSE 1.3 as Direct Linear Solver
 Reference value :  4.70435e+01
No. of Data Rows : 4401
Doing analysis at TEMP = 125.000000 and TNOM = 27.000000

Using SPARSE 1.3 as Direct Linear Solver
 Reference value :  1.00000e-02
No. of Data Rows : 4401
dcg                 =  1.12718e+02
f0                  =  1.93176e+05
phx                 =  -8.80271e+01
f180                =  1.61363e+06
gmx                 =  -1.75721e+01
 meas ac f0r when tdb=0 rise=1 failed!

tres                =  -3.22824e-01 at=  2.03002e+05
ROW ssr_cmd=0.05 ssr_v=0.05 fb_v=1.19947 vout_v=0.259453 isup_a=0.00724344 ceff_f=1e-06 esr_ohm=0.5 dcgain_db=112.718 f0_hz=193176 phase_at_f0_deg=-88.0271 f180_hz=1.61363E+06 gain_at_f180_db=-17.5721 f0_rising_hz= resurgence_db=-0.322824
Doing analysis at TEMP = 125.000000 and TNOM = 27.000000

Using SPARSE 1.3 as Direct Linear Solver
 Reference value :  0.00000e+00
No. of Data Rows : 1
Doing analysis at TEMP = 125.000000 and TNOM = 27.000000

Using SPARSE 1.3 as Direct Linear Solver
 Reference value :  1.96110e+02
No. of Data Rows : 4401
Doing analysis at TEMP = 125.000000 and TNOM = 27.000000

Using SPARSE 1.3 as Direct Linear Solver
 Reference value :  1.00000e-02
 Reference value :  9.71628e+08
No. of Data Rows : 4401
dcg                 =  1.12718e+02
f0                  =  4.01774e+04
phx                 =  -1.25387e+02
f180                =  6.93915e+05
gmx                 =  -2.79206e+01
 meas ac f0r when tdb=0 rise=1 failed!

tres                =  -5.91898e-01 at=  4.24131e+04
ROW ssr_cmd=0.05 ssr_v=0.05 fb_v=1.19947 vout_v=0.259453 isup_a=0.00724344 ceff_f=4.7e-06 esr_ohm=0.001 dcgain_db=112.718 f0_hz=40177.4 phase_at_f0_deg=-125.387 f180_hz=693915 gain_at_f180_db=-27.9206 f0_rising_hz= resurgence_db=-0.591898
Doing analysis at TEMP = 125.000000 and TNOM = 27.000000

Using SPARSE 1.3 as Direct Linear Solver

No. of Data Rows : 1
Doing analysis at TEMP = 125.000000 and TNOM = 27.000000

Using SPARSE 1.3 as Direct Linear Solver
 Reference value :  1.00000e-02
No. of Data Rows : 4401
Doing analysis at TEMP = 125.000000 and TNOM = 27.000000

Using SPARSE 1.3 as Direct Linear Solver
 Reference value :  1.00000e-02
No. of Data Rows : 4401
dcg                 =  1.12718e+02
f0                  =  4.01883e+04
phx                 =  -1.22055e+02
f180                =  1.35735e+06
gmx                 =  -3.38607e+01
 meas ac f0r when tdb=0 rise=1 failed!

tres                =  -5.87177e-01 at=  4.24131e+04
ROW ssr_cmd=0.05 ssr_v=0.05 fb_v=1.19947 vout_v=0.259453 isup_a=0.00724344 ceff_f=4.7e-06 esr_ohm=0.05 dcgain_db=112.718 f0_hz=40188.3 phase_at_f0_deg=-122.055 f180_hz=1.35735E+06 gain_at_f180_db=-33.8607 f0_rising_hz= resurgence_db=-0.587177
Doing analysis at TEMP = 125.000000 and TNOM = 27.000000

Using SPARSE 1.3 as Direct Linear Solver
 Reference value :  0.00000e+00
No. of Data Rows : 1
Doing analysis at TEMP = 125.000000 and TNOM = 27.000000

Using SPARSE 1.3 as Direct Linear Solver
 Reference value :  7.24436e+02
No. of Data Rows : 4401
Doing analysis at TEMP = 125.000000 and TNOM = 27.000000

Using SPARSE 1.3 as Direct Linear Solver
 Reference value :  1.00000e-02
 Reference value :  6.64508e+07
No. of Data Rows : 4401
dcg                 =  1.12718e+02
f0                  =  4.03098e+04
phx                 =  -1.18597e+02
f180                =  1.59893e+06
gmx                 =  -3.12569e+01
 meas ac f0r when tdb=0 rise=1 failed!

tres                =  -5.49080e-01 at=  4.24131e+04
ROW ssr_cmd=0.05 ssr_v=0.05 fb_v=1.19947 vout_v=0.259453 isup_a=0.00724344 ceff_f=4.7e-06 esr_ohm=0.1 dcgain_db=112.718 f0_hz=40309.8 phase_at_f0_deg=-118.597 f180_hz=1.59893E+06 gain_at_f180_db=-31.2569 f0_rising_hz= resurgence_db=-0.54908
Doing analysis at TEMP = 125.000000 and TNOM = 27.000000

Using SPARSE 1.3 as Direct Linear Solver

No. of Data Rows : 1
Doing analysis at TEMP = 125.000000 and TNOM = 27.000000

Using SPARSE 1.3 as Direct Linear Solver
 Reference value :  1.00000e-02
 Reference value :  1.78855e+08
No. of Data Rows : 4401
Doing analysis at TEMP = 125.000000 and TNOM = 27.000000

Using SPARSE 1.3 as Direct Linear Solver
 Reference value :  2.67609e+02
No. of Data Rows : 4401
dcg                 =  1.12718e+02
f0                  =  4.09014e+04
phx                 =  -1.11482e+02
f180                =  1.72096e+06
gmx                 =  -2.66718e+01
 meas ac f0r when tdb=0 rise=1 failed!

tres                =  -5.54441e-01 at=  4.31519e+04
ROW ssr_cmd=0.05 ssr_v=0.05 fb_v=1.19947 vout_v=0.259453 isup_a=0.00724344 ceff_f=4.7e-06 esr_ohm=0.2 dcgain_db=112.718 f0_hz=40901.4 phase_at_f0_deg=-111.482 f180_hz=1.72096E+06 gain_at_f180_db=-26.6718 f0_rising_hz= resurgence_db=-0.554441
Doing analysis at TEMP = 125.000000 and TNOM = 27.000000

Using SPARSE 1.3 as Direct Linear Solver
 Reference value :  0.00000e+00
No. of Data Rows : 1
Doing analysis at TEMP = 125.000000 and TNOM = 27.000000

Using SPARSE 1.3 as Direct Linear Solver
 Reference value :  2.86748e+01
No. of Data Rows : 4401
Doing analysis at TEMP = 125.000000 and TNOM = 27.000000

Using SPARSE 1.3 as Direct Linear Solver
 Reference value :  1.00000e-02
 Reference value :  6.53131e+08
No. of Data Rows : 4401
dcg                 =  1.12718e+02
f0                  =  4.64015e+04
phx                 =  -8.79926e+01
f180                =  1.79119e+06
gmx                 =  -1.95364e+01
 meas ac f0r when tdb=0 rise=1 failed!

tres                =  -4.04073e-01 at=  4.89779e+04
ROW ssr_cmd=0.05 ssr_v=0.05 fb_v=1.19947 vout_v=0.259453 isup_a=0.00724344 ceff_f=4.7e-06 esr_ohm=0.5 dcgain_db=112.718 f0_hz=46401.5 phase_at_f0_deg=-87.9926 f180_hz=1.79119E+06 gain_at_f180_db=-19.5364 f0_rising_hz= resurgence_db=-0.404073
Doing analysis at TEMP = 125.000000 and TNOM = 27.000000

Using SPARSE 1.3 as Direct Linear Solver

No. of Data Rows : 1
Doing analysis at TEMP = 125.000000 and TNOM = 27.000000

Using SPARSE 1.3 as Direct Linear Solver
 Reference value :  1.00000e-02
 Reference value :  1.44544e+08
No. of Data Rows : 4401
Doing analysis at TEMP = 125.000000 and TNOM = 27.000000

Using SPARSE 1.3 as Direct Linear Solver
 Reference value :  1.00000e+00
No. of Data Rows : 4401
dcg                 =  1.14747e+02
f0                  =  1.87542e+05
phx                 =  -1.19985e+02
f180                =  6.86862e+05
gmx                 =  -1.34289e+01
 meas ac f0r when tdb=0 rise=1 failed!

tres                =  -4.54201e-01 at=  1.97242e+05
ROW ssr_cmd=0.15 ssr_v=0.15 fb_v=1.19946 vout_v=0.385518 isup_a=0.0107442 ceff_f=1e-06 esr_ohm=0.001 dcgain_db=114.747 f0_hz=187542 phase_at_f0_deg=-119.985 f180_hz=686862 gain_at_f180_db=-13.4289 f0_rising_hz= resurgence_db=-0.454201
Doing analysis at TEMP = 125.000000 and TNOM = 27.000000

Using SPARSE 1.3 as Direct Linear Solver
 Reference value :  0.00000e+00
No. of Data Rows : 1
Doing analysis at TEMP = 125.000000 and TNOM = 27.000000

Using SPARSE 1.3 as Direct Linear Solver
 Reference value :  3.38844e+01
No. of Data Rows : 4401
Doing analysis at TEMP = 125.000000 and TNOM = 27.000000

Using SPARSE 1.3 as Direct Linear Solver
 Reference value :  1.00000e-02
 Reference value :  5.15822e+08
No. of Data Rows : 4401
dcg                 =  1.14747e+02
f0                  =  1.87600e+05
phx                 =  -1.16688e+02
f180                =  8.05331e+05
gmx                 =  -1.56007e+01
 meas ac f0r when tdb=0 rise=1 failed!

tres                =  -4.49834e-01 at=  1.97242e+05
ROW ssr_cmd=0.15 ssr_v=0.15 fb_v=1.19946 vout_v=0.385518 isup_a=0.0107442 ceff_f=1e-06 esr_ohm=0.05 dcgain_db=114.747 f0_hz=187600 phase_at_f0_deg=-116.688 f180_hz=805331 gain_at_f180_db=-15.6007 f0_rising_hz= resurgence_db=-0.449834
Doing analysis at TEMP = 125.000000 and TNOM = 27.000000

Using SPARSE 1.3 as Direct Linear Solver

No. of Data Rows : 1
Doing analysis at TEMP = 125.000000 and TNOM = 27.000000

Using SPARSE 1.3 as Direct Linear Solver
 Reference value :  1.00000e-02
 Reference value :  7.58578e+08
No. of Data Rows : 4401
Doing analysis at TEMP = 125.000000 and TNOM = 27.000000

Using SPARSE 1.3 as Direct Linear Solver
 Reference value :  5.21795e+01
No. of Data Rows : 4401
dcg                 =  1.14747e+02
f0                  =  1.88285e+05
phx                 =  -1.13380e+02
f180                =  9.66262e+05
gmx                 =  -1.77619e+01
 meas ac f0r when tdb=0 rise=1 failed!

tres                =  -4.63922e-01 at=  1.98381e+05
ROW ssr_cmd=0.15 ssr_v=0.15 fb_v=1.19946 vout_v=0.385518 isup_a=0.0107442 ceff_f=1e-06 esr_ohm=0.1 dcgain_db=114.747 f0_hz=188285 phase_at_f0_deg=-113.38 f180_hz=966262 gain_at_f180_db=-17.7619 f0_rising_hz= resurgence_db=-0.463922
Doing analysis at TEMP = 125.000000 and TNOM = 27.000000

Using SPARSE 1.3 as Direct Linear Solver
 Reference value :  0.00000e+00
No. of Data Rows : 1
Doing analysis at TEMP = 125.000000 and TNOM = 27.000000

Using SPARSE 1.3 as Direct Linear Solver
 Reference value :  2.29087e+01
No. of Data Rows : 4401
Doing analysis at TEMP = 125.000000 and TNOM = 27.000000

Using SPARSE 1.3 as Direct Linear Solver
 Reference value :  1.00000e-02
 Reference value :  8.36566e+08
No. of Data Rows : 4401
dcg                 =  1.14747e+02
f0                  =  1.91651e+05
phx                 =  -1.06908e+02
f180                =  1.28490e+06
gmx                 =  -1.96472e+01
 meas ac f0r when tdb=0 rise=1 failed!

tres                =  -4.40822e-01 at=  2.01837e+05
ROW ssr_cmd=0.15 ssr_v=0.15 fb_v=1.19946 vout_v=0.385518 isup_a=0.0107442 ceff_f=1e-06 esr_ohm=0.2 dcgain_db=114.747 f0_hz=191651 phase_at_f0_deg=-106.907 f180_hz=1.2849E+06 gain_at_f180_db=-19.6472 f0_rising_hz= resurgence_db=-0.440822
Doing analysis at TEMP = 125.000000 and TNOM = 27.000000

Using SPARSE 1.3 as Direct Linear Solver

No. of Data Rows : 1
Doing analysis at TEMP = 125.000000 and TNOM = 27.000000

Using SPARSE 1.3 as Direct Linear Solver
 Reference value :  1.00000e-02
 Reference value :  1.87284e+08
No. of Data Rows : 4401
Doing analysis at TEMP = 125.000000 and TNOM = 27.000000

Using SPARSE 1.3 as Direct Linear Solver
 Reference value :  3.23594e+00
No. of Data Rows : 4401
dcg                 =  1.14747e+02
f0                  =  2.24674e+05
phx                 =  -8.85455e+01
f180                =  1.61692e+06
gmx                 =  -1.66376e+01
 meas ac f0r when tdb=0 rise=1 failed!

tres                =  -3.29436e-01 at=  2.37137e+05
ROW ssr_cmd=0.15 ssr_v=0.15 fb_v=1.19946 vout_v=0.385518 isup_a=0.0107442 ceff_f=1e-06 esr_ohm=0.5 dcgain_db=114.747 f0_hz=224674 phase_at_f0_deg=-88.5455 f180_hz=1.61692E+06 gain_at_f180_db=-16.6376 f0_rising_hz= resurgence_db=-0.329436
Doing analysis at TEMP = 125.000000 and TNOM = 27.000000

Using SPARSE 1.3 as Direct Linear Solver
 Reference value :  0.00000e+00
No. of Data Rows : 1
Doing analysis at TEMP = 125.000000 and TNOM = 27.000000

Using SPARSE 1.3 as Direct Linear Solver
 Reference value :  1.89452e+01
No. of Data Rows : 4401
Doing analysis at TEMP = 125.000000 and TNOM = 27.000000

Using SPARSE 1.3 as Direct Linear Solver
 Reference value :  1.00000e-02
 Reference value :  3.67282e+08
No. of Data Rows : 4401
dcg                 =  1.14747e+02
f0                  =  4.55854e+04
phx                 =  -1.25945e+02
f180                =  6.92088e+05
gmx                 =  -2.69723e+01
 meas ac f0r when tdb=0 rise=1 failed!

tres                =  -5.94481e-01 at=  4.81393e+04
ROW ssr_cmd=0.15 ssr_v=0.15 fb_v=1.19946 vout_v=0.385518 isup_a=0.0107442 ceff_f=4.7e-06 esr_ohm=0.001 dcgain_db=114.747 f0_hz=45585.4 phase_at_f0_deg=-125.945 f180_hz=692088 gain_at_f180_db=-26.9723 f0_rising_hz= resurgence_db=-0.594481
Doing analysis at TEMP = 125.000000 and TNOM = 27.000000

Using SPARSE 1.3 as Direct Linear Solver

No. of Data Rows : 1
Doing analysis at TEMP = 125.000000 and TNOM = 27.000000

Using SPARSE 1.3 as Direct Linear Solver
 Reference value :  1.00000e-02
 Reference value :  1.30317e+08
No. of Data Rows : 4401
Doing analysis at TEMP = 125.000000 and TNOM = 27.000000

Using SPARSE 1.3 as Direct Linear Solver
 Reference value :  7.85236e-01
No. of Data Rows : 4401
dcg                 =  1.14747e+02
f0                  =  4.56154e+04
phx                 =  -1.22157e+02
f180                =  1.36043e+06
gmx                 =  -3.29386e+01
 meas ac f0r when tdb=0 rise=1 failed!

tres                =  -5.85009e-01 at=  4.81393e+04
ROW ssr_cmd=0.15 ssr_v=0.15 fb_v=1.19946 vout_v=0.385518 isup_a=0.0107442 ceff_f=4.7e-06 esr_ohm=0.05 dcgain_db=114.747 f0_hz=45615.4 phase_at_f0_deg=-122.157 f180_hz=1.36043E+06 gain_at_f180_db=-32.9386 f0_rising_hz= resurgence_db=-0.585009
Doing analysis at TEMP = 125.000000 and TNOM = 27.000000

Using SPARSE 1.3 as Direct Linear Solver
 Reference value :  0.00000e+00
No. of Data Rows : 1
Doing analysis at TEMP = 125.000000 and TNOM = 27.000000

Using SPARSE 1.3 as Direct Linear Solver
 Reference value :  9.17276e+01
No. of Data Rows : 4401
Doing analysis at TEMP = 125.000000 and TNOM = 27.000000

Using SPARSE 1.3 as Direct Linear Solver
 Reference value :  1.00000e-02
 Reference value :  8.91251e+08
No. of Data Rows : 4401
dcg                 =  1.14747e+02
f0                  =  4.58085e+04
phx                 =  -1.18221e+02
f180                =  1.60243e+06
gmx                 =  -3.03208e+01
 meas ac f0r when tdb=0 rise=1 failed!

tres                =  -5.32643e-01 at=  4.81393e+04
ROW ssr_cmd=0.15 ssr_v=0.15 fb_v=1.19946 vout_v=0.385518 isup_a=0.0107442 ceff_f=4.7e-06 esr_ohm=0.1 dcgain_db=114.747 f0_hz=45808.5 phase_at_f0_deg=-118.221 f180_hz=1.60243E+06 gain_at_f180_db=-30.3207 f0_rising_hz= resurgence_db=-0.532643
Doing analysis at TEMP = 125.000000 and TNOM = 27.000000

Using SPARSE 1.3 as Direct Linear Solver

No. of Data Rows : 1
Doing analysis at TEMP = 125.000000 and TNOM = 27.000000

Using SPARSE 1.3 as Direct Linear Solver
 Reference value :  1.00000e-02
 Reference value :  2.61517e+08
No. of Data Rows : 4401
Doing analysis at TEMP = 125.000000 and TNOM = 27.000000

Using SPARSE 1.3 as Direct Linear Solver
 Reference value :  3.69403e+00
No. of Data Rows : 4401
dcg                 =  1.14747e+02
f0                  =  4.67149e+04
phx                 =  -1.10103e+02
f180                =  1.72457e+06
gmx                 =  -2.57302e+01
 meas ac f0r when tdb=0 rise=1 failed!

tres                =  -5.39531e-01 at=  4.92606e+04
ROW ssr_cmd=0.15 ssr_v=0.15 fb_v=1.19946 vout_v=0.385518 isup_a=0.0107442 ceff_f=4.7e-06 esr_ohm=0.2 dcgain_db=114.747 f0_hz=46714.9 phase_at_f0_deg=-110.103 f180_hz=1.72457E+06 gain_at_f180_db=-25.7302 f0_rising_hz= resurgence_db=-0.539531
Doing analysis at TEMP = 125.000000 and TNOM = 27.000000

Using SPARSE 1.3 as Direct Linear Solver
 Reference value :  0.00000e+00
No. of Data Rows : 1
Doing analysis at TEMP = 125.000000 and TNOM = 27.000000

Using SPARSE 1.3 as Direct Linear Solver
 Reference value :  5.55904e+01
No. of Data Rows : 4401
Doing analysis at TEMP = 125.000000 and TNOM = 27.000000

Using SPARSE 1.3 as Direct Linear Solver
 Reference value :  1.00000e-02
No. of Data Rows : 4401
dcg                 =  1.14747e+02
f0                  =  5.55905e+04
phx                 =  -8.29280e+01
f180                =  1.79460e+06
gmx                 =  -1.85922e+01
 meas ac f0r when tdb=0 rise=1 failed!

tres                =  -3.42557e-01 at=  5.85464e+04
ROW ssr_cmd=0.15 ssr_v=0.15 fb_v=1.19946 vout_v=0.385518 isup_a=0.0107442 ceff_f=4.7e-06 esr_ohm=0.5 dcgain_db=114.747 f0_hz=55590.5 phase_at_f0_deg=-82.928 f180_hz=1.7946E+06 gain_at_f180_db=-18.5922 f0_rising_hz= resurgence_db=-0.342557
Doing analysis at TEMP = 125.000000 and TNOM = 27.000000

Using SPARSE 1.3 as Direct Linear Solver
 Reference value :  0.00000e+00
No. of Data Rows : 1
Doing analysis at TEMP = 125.000000 and TNOM = 27.000000

Using SPARSE 1.3 as Direct Linear Solver
 Reference value :  7.76247e+00
No. of Data Rows : 4401
Doing analysis at TEMP = 125.000000 and TNOM = 27.000000

Using SPARSE 1.3 as Direct Linear Solver
 Reference value :  1.00000e-02
 Reference value :  1.16145e+08
No. of Data Rows : 4401
dcg                 =  1.18525e+02
f0                  =  2.42013e+05
phx                 =  -1.28941e+02
f180                =  6.55495e+05
gmx                 =  -1.08744e+01
 meas ac f0r when tdb=0 rise=1 failed!

tres                =  -5.12359e-01 at=  2.55564e+05
ROW ssr_cmd=0.6 ssr_v=0.6 fb_v=1.19946 vout_v=0.970037 isup_a=0.026976 ceff_f=1e-06 esr_ohm=0.001 dcgain_db=118.525 f0_hz=242013 phase_at_f0_deg=-128.941 f180_hz=655495 gain_at_f180_db=-10.8744 f0_rising_hz= resurgence_db=-0.512359
Doing analysis at TEMP = 125.000000 and TNOM = 27.000000

Using SPARSE 1.3 as Direct Linear Solver

No. of Data Rows : 1
Doing analysis at TEMP = 125.000000 and TNOM = 27.000000

Using SPARSE 1.3 as Direct Linear Solver
 Reference value :  1.00000e-02
 Reference value :  2.54097e+08
No. of Data Rows : 4401
Doing analysis at TEMP = 125.000000 and TNOM = 27.000000

Using SPARSE 1.3 as Direct Linear Solver
 Reference value :  2.96825e-01
No. of Data Rows : 4401
dcg                 =  1.18525e+02
f0                  =  2.42335e+05
phx                 =  -1.24713e+02
f180                =  7.68291e+05
gmx                 =  -1.30471e+01
 meas ac f0r when tdb=0 rise=1 failed!

tres                =  -4.97047e-01 at=  2.55564e+05
ROW ssr_cmd=0.6 ssr_v=0.6 fb_v=1.19946 vout_v=0.970037 isup_a=0.026976 ceff_f=1e-06 esr_ohm=0.05 dcgain_db=118.525 f0_hz=242335 phase_at_f0_deg=-124.713 f180_hz=768291 gain_at_f180_db=-13.0471 f0_rising_hz= resurgence_db=-0.497047
Doing analysis at TEMP = 125.000000 and TNOM = 27.000000

Using SPARSE 1.3 as Direct Linear Solver
 Reference value :  0.00000e+00
No. of Data Rows : 1
Doing analysis at TEMP = 125.000000 and TNOM = 27.000000

Using SPARSE 1.3 as Direct Linear Solver
 Reference value :  1.33352e+03
No. of Data Rows : 4401
Doing analysis at TEMP = 125.000000 and TNOM = 27.000000

Using SPARSE 1.3 as Direct Linear Solver
 Reference value :  1.00000e-02
 Reference value :  2.55564e+08
No. of Data Rows : 4401
dcg                 =  1.18525e+02
f0                  =  2.43965e+05
phx                 =  -1.20533e+02
f180                =  9.22560e+05
gmx                 =  -1.52434e+01
 meas ac f0r when tdb=0 rise=1 failed!

tres                =  -4.80260e-01 at=  2.57040e+05
ROW ssr_cmd=0.6 ssr_v=0.6 fb_v=1.19946 vout_v=0.970037 isup_a=0.026976 ceff_f=1e-06 esr_ohm=0.1 dcgain_db=118.525 f0_hz=243965 phase_at_f0_deg=-120.533 f180_hz=922560 gain_at_f180_db=-15.2434 f0_rising_hz= resurgence_db=-0.48026
Doing analysis at TEMP = 125.000000 and TNOM = 27.000000

Using SPARSE 1.3 as Direct Linear Solver

No. of Data Rows : 1
Doing analysis at TEMP = 125.000000 and TNOM = 27.000000

Using SPARSE 1.3 as Direct Linear Solver
 Reference value :  1.00000e-02
No. of Data Rows : 4401
Doing analysis at TEMP = 125.000000 and TNOM = 27.000000

Using SPARSE 1.3 as Direct Linear Solver
 Reference value :  1.00000e-02
No. of Data Rows : 4401
dcg                 =  1.18525e+02
f0                  =  2.51534e+05
phx                 =  -1.12549e+02
f180                =  1.23512e+06
gmx                 =  -1.72718e+01
 meas ac f0r when tdb=0 rise=1 failed!

tres                =  -4.34548e-01 at=  2.64545e+05
ROW ssr_cmd=0.6 ssr_v=0.6 fb_v=1.19946 vout_v=0.970037 isup_a=0.026976 ceff_f=1e-06 esr_ohm=0.2 dcgain_db=118.525 f0_hz=251534 phase_at_f0_deg=-112.549 f180_hz=1.23512E+06 gain_at_f180_db=-17.2718 f0_rising_hz= resurgence_db=-0.434548
Doing analysis at TEMP = 125.000000 and TNOM = 27.000000

Using SPARSE 1.3 as Direct Linear Solver
 Reference value :  0.00000e+00
No. of Data Rows : 1
Doing analysis at TEMP = 125.000000 and TNOM = 27.000000

Using SPARSE 1.3 as Direct Linear Solver
 Reference value :  1.14815e+01
No. of Data Rows : 4401
Doing analysis at TEMP = 125.000000 and TNOM = 27.000000

Using SPARSE 1.3 as Direct Linear Solver
 Reference value :  1.00000e-02
No. of Data Rows : 4401
dcg                 =  1.18525e+02
f0                  =  3.34364e+05
phx                 =  -9.34456e+01
f180                =  1.56439e+06
gmx                 =  -1.43537e+01
 meas ac f0r when tdb=0 rise=1 failed!

tres                =  -2.84475e-01 at=  3.52777e+05
ROW ssr_cmd=0.6 ssr_v=0.6 fb_v=1.19946 vout_v=0.970037 isup_a=0.026976 ceff_f=1e-06 esr_ohm=0.5 dcgain_db=118.525 f0_hz=334364 phase_at_f0_deg=-93.4456 f180_hz=1.56439E+06 gain_at_f180_db=-14.3537 f0_rising_hz= resurgence_db=-0.284476
Doing analysis at TEMP = 125.000000 and TNOM = 27.000000

Using SPARSE 1.3 as Direct Linear Solver
 Reference value :  0.00000e+00
No. of Data Rows : 1
Doing analysis at TEMP = 125.000000 and TNOM = 27.000000

Using SPARSE 1.3 as Direct Linear Solver
 Reference value :  9.22571e+00
No. of Data Rows : 4401
Doing analysis at TEMP = 125.000000 and TNOM = 27.000000

Using SPARSE 1.3 as Direct Linear Solver
 Reference value :  1.00000e-02
No. of Data Rows : 4401
dcg                 =  1.18525e+02
f0                  =  5.96317e+04
phx                 =  -1.25835e+02
f180                =  6.60162e+05
gmx                 =  -2.44076e+01
 meas ac f0r when tdb=0 rise=1 failed!

tres                =  -5.39768e-01 at=  6.27336e+04
ROW ssr_cmd=0.6 ssr_v=0.6 fb_v=1.19946 vout_v=0.970037 isup_a=0.026976 ceff_f=4.7e-06 esr_ohm=0.001 dcgain_db=118.525 f0_hz=59631.7 phase_at_f0_deg=-125.835 f180_hz=660162 gain_at_f180_db=-24.4076 f0_rising_hz= resurgence_db=-0.539768
Doing analysis at TEMP = 125.000000 and TNOM = 27.000000

Using SPARSE 1.3 as Direct Linear Solver
 Reference value :  0.00000e+00
No. of Data Rows : 1
Doing analysis at TEMP = 125.000000 and TNOM = 27.000000

Using SPARSE 1.3 as Direct Linear Solver
 Reference value :  2.37137e+01
No. of Data Rows : 4401
Doing analysis at TEMP = 125.000000 and TNOM = 27.000000

Using SPARSE 1.3 as Direct Linear Solver
 Reference value :  1.00000e-02
 Reference value :  2.77013e+08
No. of Data Rows : 4401
dcg                 =  1.18525e+02
f0                  =  5.97473e+04
phx                 =  -1.20866e+02
f180                =  1.31001e+06
gmx                 =  -3.05848e+01
 meas ac f0r when tdb=0 rise=1 failed!

tres                =  -5.75939e-01 at=  6.30957e+04
ROW ssr_cmd=0.6 ssr_v=0.6 fb_v=1.19946 vout_v=0.970037 isup_a=0.026976 ceff_f=4.7e-06 esr_ohm=0.05 dcgain_db=118.525 f0_hz=59747.3 phase_at_f0_deg=-120.866 f180_hz=1.31001E+06 gain_at_f180_db=-30.5849 f0_rising_hz= resurgence_db=-0.575939
Doing analysis at TEMP = 125.000000 and TNOM = 27.000000

Using SPARSE 1.3 as Direct Linear Solver

No. of Data Rows : 1
Doing analysis at TEMP = 125.000000 and TNOM = 27.000000

Using SPARSE 1.3 as Direct Linear Solver
 Reference value :  1.00000e-02
No. of Data Rows : 4401
Doing analysis at TEMP = 125.000000 and TNOM = 27.000000

Using SPARSE 1.3 as Direct Linear Solver
 Reference value :  1.00000e-02
No. of Data Rows : 4401
dcg                 =  1.18525e+02
f0                  =  6.02431e+04
phx                 =  -1.15692e+02
f180                =  1.55064e+06
gmx                 =  -2.80284e+01
 meas ac f0r when tdb=0 rise=1 failed!

tres                =  -5.37397e-01 at=  6.34600e+04
ROW ssr_cmd=0.6 ssr_v=0.6 fb_v=1.19946 vout_v=0.970037 isup_a=0.026976 ceff_f=4.7e-06 esr_ohm=0.1 dcgain_db=118.525 f0_hz=60243.1 phase_at_f0_deg=-115.692 f180_hz=1.55064E+06 gain_at_f180_db=-28.0284 f0_rising_hz= resurgence_db=-0.537397
Doing analysis at TEMP = 125.000000 and TNOM = 27.000000

Using SPARSE 1.3 as Direct Linear Solver
 Reference value :  0.00000e+00
No. of Data Rows : 1
Doing analysis at TEMP = 125.000000 and TNOM = 27.000000

Using SPARSE 1.3 as Direct Linear Solver
 Reference value :  1.31069e+02
No. of Data Rows : 4401
Doing analysis at TEMP = 125.000000 and TNOM = 27.000000

Using SPARSE 1.3 as Direct Linear Solver
 Reference value :  1.00000e-02
No. of Data Rows : 4401
dcg                 =  1.18525e+02
f0                  =  6.25142e+04
phx                 =  -1.04955e+02
f180                =  1.67149e+06
gmx                 =  -2.34507e+01
 meas ac f0r when tdb=0 rise=1 failed!

tres                =  -4.66632e-01 at=  6.56901e+04
ROW ssr_cmd=0.6 ssr_v=0.6 fb_v=1.19946 vout_v=0.970037 isup_a=0.026976 ceff_f=4.7e-06 esr_ohm=0.2 dcgain_db=118.525 f0_hz=62514.2 phase_at_f0_deg=-104.955 f180_hz=1.67149E+06 gain_at_f180_db=-23.4507 f0_rising_hz= resurgence_db=-0.466632
Doing analysis at TEMP = 125.000000 and TNOM = 27.000000

Using SPARSE 1.3 as Direct Linear Solver
 Reference value :  0.00000e+00
No. of Data Rows : 1
Doing analysis at TEMP = 125.000000 and TNOM = 27.000000

Using SPARSE 1.3 as Direct Linear Solver
 Reference value :  6.56901e+00
No. of Data Rows : 4401
Doing analysis at TEMP = 125.000000 and TNOM = 27.000000

Using SPARSE 1.3 as Direct Linear Solver
 Reference value :  1.00000e-02
No. of Data Rows : 4401
dcg                 =  1.18525e+02
f0                  =  9.21986e+04
phx                 =  -6.75505e+01
f180                =  1.73989e+06
gmx                 =  -1.63163e+01
 meas ac f0r when tdb=0 rise=1 failed!

tres                =  -2.04952e-01 at=  9.71628e+04
ROW ssr_cmd=0.6 ssr_v=0.6 fb_v=1.19946 vout_v=0.970037 isup_a=0.026976 ceff_f=4.7e-06 esr_ohm=0.5 dcgain_db=118.525 f0_hz=92198.6 phase_at_f0_deg=-67.5506 f180_hz=1.73989E+06 gain_at_f180_db=-16.3163 f0_rising_hz= resurgence_db=-0.204952
Doing analysis at TEMP = 125.000000 and TNOM = 27.000000

Using SPARSE 1.3 as Direct Linear Solver
 Reference value :  0.00000e+00
No. of Data Rows : 1
Doing analysis at TEMP = 125.000000 and TNOM = 27.000000

Using SPARSE 1.3 as Direct Linear Solver
 Reference value :  3.58922e+03
No. of Data Rows : 4401
Doing analysis at TEMP = 125.000000 and TNOM = 27.000000

Using SPARSE 1.3 as Direct Linear Solver
 Reference value :  1.00000e-02
No. of Data Rows : 4401
dcg                 =  1.19942e+02
f0                  =  2.76589e+05
phx                 =  -1.34114e+02
f180                =  6.40959e+05
gmx                 =  -9.41511e+00
 meas ac f0r when tdb=0 rise=1 failed!

tres                =  -5.15576e-01 at=  2.91743e+05
ROW ssr_cmd=1.15 ssr_v=1.15 fb_v=1.19946 vout_v=1.67055 isup_a=0.046429 ceff_f=1e-06 esr_ohm=0.001 dcgain_db=119.942 f0_hz=276589 phase_at_f0_deg=-134.113 f180_hz=640960 gain_at_f180_db=-9.41511 f0_rising_hz= resurgence_db=-0.515576
Doing analysis at TEMP = 125.000000 and TNOM = 27.000000

Using SPARSE 1.3 as Direct Linear Solver
 Reference value :  0.00000e+00
No. of Data Rows : 1
Doing analysis at TEMP = 125.000000 and TNOM = 27.000000

Using SPARSE 1.3 as Direct Linear Solver
 Reference value :  7.89769e+02
No. of Data Rows : 4401
Doing analysis at TEMP = 125.000000 and TNOM = 27.000000

Using SPARSE 1.3 as Direct Linear Solver
 Reference value :  1.00000e-02
No. of Data Rows : 4401
dcg                 =  1.19942e+02
f0                  =  2.77153e+05
phx                 =  -1.29307e+02
f180                =  7.49618e+05
gmx                 =  -1.15523e+01
 meas ac f0r when tdb=0 rise=1 failed!

tres                =  -4.92412e-01 at=  2.91743e+05
ROW ssr_cmd=1.15 ssr_v=1.15 fb_v=1.19946 vout_v=1.67055 isup_a=0.046429 ceff_f=1e-06 esr_ohm=0.05 dcgain_db=119.942 f0_hz=277153 phase_at_f0_deg=-129.307 f180_hz=749618 gain_at_f180_db=-11.5523 f0_rising_hz= resurgence_db=-0.492412
Doing analysis at TEMP = 125.000000 and TNOM = 27.000000

Using SPARSE 1.3 as Direct Linear Solver
 Reference value :  0.00000e+00
No. of Data Rows : 1
Doing analysis at TEMP = 125.000000 and TNOM = 27.000000

Using SPARSE 1.3 as Direct Linear Solver
 Reference value :  9.60506e+02
No. of Data Rows : 4401
Doing analysis at TEMP = 125.000000 and TNOM = 27.000000

Using SPARSE 1.3 as Direct Linear Solver
 Reference value :  1.00000e-02
No. of Data Rows : 4401
dcg                 =  1.19942e+02
f0                  =  2.79634e+05
phx                 =  -1.24614e+02
f180                =  8.97806e+05
gmx                 =  -1.37172e+01
 meas ac f0r when tdb=0 rise=1 failed!

tres                =  -5.07239e-01 at=  2.95121e+05
ROW ssr_cmd=1.15 ssr_v=1.15 fb_v=1.19946 vout_v=1.67055 isup_a=0.046429 ceff_f=1e-06 esr_ohm=0.1 dcgain_db=119.942 f0_hz=279634 phase_at_f0_deg=-124.614 f180_hz=897806 gain_at_f180_db=-13.7172 f0_rising_hz= resurgence_db=-0.507239
Doing analysis at TEMP = 125.000000 and TNOM = 27.000000

Using SPARSE 1.3 as Direct Linear Solver
 Reference value :  0.00000e+00
No. of Data Rows : 1
Doing analysis at TEMP = 125.000000 and TNOM = 27.000000

Using SPARSE 1.3 as Direct Linear Solver
 Reference value :  5.21795e+04
No. of Data Rows : 4401
Doing analysis at TEMP = 125.000000 and TNOM = 27.000000

Using SPARSE 1.3 as Direct Linear Solver
 Reference value :  2.73842e+01
No. of Data Rows : 4401
dcg                 =  1.19942e+02
f0                  =  2.91033e+05
phx                 =  -1.15851e+02
f180                =  1.20105e+06
gmx                 =  -1.57679e+01
 meas ac f0r when tdb=0 rise=1 failed!

tres                =  -4.70946e-01 at=  3.07256e+05
ROW ssr_cmd=1.15 ssr_v=1.15 fb_v=1.19946 vout_v=1.67055 isup_a=0.046429 ceff_f=1e-06 esr_ohm=0.2 dcgain_db=119.942 f0_hz=291032 phase_at_f0_deg=-115.851 f180_hz=1.20105E+06 gain_at_f180_db=-15.7679 f0_rising_hz= resurgence_db=-0.470946
Doing analysis at TEMP = 125.000000 and TNOM = 27.000000

Using SPARSE 1.3 as Direct Linear Solver
 Reference value :  0.00000e+00
No. of Data Rows : 1
Doing analysis at TEMP = 125.000000 and TNOM = 27.000000

Using SPARSE 1.3 as Direct Linear Solver
 Reference value :  8.08165e+05
No. of Data Rows : 4401
Doing analysis at TEMP = 125.000000 and TNOM = 27.000000

Using SPARSE 1.3 as Direct Linear Solver
 Reference value :  1.35675e+01
No. of Data Rows : 4401
dcg                 =  1.19942e+02
f0                  =  4.21557e+05
phx                 =  -9.93880e+01
f180                =  1.52494e+06
gmx                 =  -1.29017e+01
 meas ac f0r when tdb=0 rise=1 failed!

tres                =  -2.79371e-01 at=  4.44120e+05
ROW ssr_cmd=1.15 ssr_v=1.15 fb_v=1.19946 vout_v=1.67055 isup_a=0.046429 ceff_f=1e-06 esr_ohm=0.5 dcgain_db=119.942 f0_hz=421557 phase_at_f0_deg=-99.388 f180_hz=1.52494E+06 gain_at_f180_db=-12.9017 f0_rising_hz= resurgence_db=-0.279371
Doing analysis at TEMP = 125.000000 and TNOM = 27.000000

Using SPARSE 1.3 as Direct Linear Solver
 Reference value :  0.00000e+00
No. of Data Rows : 1
Doing analysis at TEMP = 125.000000 and TNOM = 27.000000

Using SPARSE 1.3 as Direct Linear Solver
 Reference value :  3.42768e+04
No. of Data Rows : 4401
Doing analysis at TEMP = 125.000000 and TNOM = 27.000000

Using SPARSE 1.3 as Direct Linear Solver
 Reference value :  9.88553e+00
No. of Data Rows : 4401
dcg                 =  1.19942e+02
f0                  =  6.82358e+04
phx                 =  -1.25334e+02
f180                =  6.45215e+05
gmx                 =  -2.29388e+01
 meas ac f0r when tdb=0 rise=1 failed!

tres                =  -5.64811e-01 at=  7.20278e+04
ROW ssr_cmd=1.15 ssr_v=1.15 fb_v=1.19946 vout_v=1.67055 isup_a=0.046429 ceff_f=4.7e-06 esr_ohm=0.001 dcgain_db=119.942 f0_hz=68235.8 phase_at_f0_deg=-125.334 f180_hz=645215 gain_at_f180_db=-22.9388 f0_rising_hz= resurgence_db=-0.564811
Doing analysis at TEMP = 125.000000 and TNOM = 27.000000

Using SPARSE 1.3 as Direct Linear Solver
 Reference value :  0.00000e+00
No. of Data Rows : 1
Doing analysis at TEMP = 125.000000 and TNOM = 27.000000

Using SPARSE 1.3 as Direct Linear Solver
 Reference value :  2.83465e+05
No. of Data Rows : 4401
Doing analysis at TEMP = 125.000000 and TNOM = 27.000000

Using SPARSE 1.3 as Direct Linear Solver
 Reference value :  1.36458e-01
No. of Data Rows : 4401
dcg                 =  1.19942e+02
f0                  =  6.84334e+04
phx                 =  -1.19644e+02
f180                =  1.27450e+06
gmx                 =  -2.90876e+01
 meas ac f0r when tdb=0 rise=1 failed!

tres                =  -5.29654e-01 at=  7.20278e+04
ROW ssr_cmd=1.15 ssr_v=1.15 fb_v=1.19946 vout_v=1.67055 isup_a=0.046429 ceff_f=4.7e-06 esr_ohm=0.05 dcgain_db=119.942 f0_hz=68433.4 phase_at_f0_deg=-119.644 f180_hz=1.2745E+06 gain_at_f180_db=-29.0876 f0_rising_hz= resurgence_db=-0.529654
Doing analysis at TEMP = 125.000000 and TNOM = 27.000000

Using SPARSE 1.3 as Direct Linear Solver
 Reference value :  0.00000e+00
No. of Data Rows : 1
Doing analysis at TEMP = 125.000000 and TNOM = 27.000000

Using SPARSE 1.3 as Direct Linear Solver
 Reference value :  5.01187e+02
No. of Data Rows : 4401
Doing analysis at TEMP = 125.000000 and TNOM = 27.000000

Using SPARSE 1.3 as Direct Linear Solver
 Reference value :  1.00000e-02
No. of Data Rows : 4401
dcg                 =  1.19942e+02
f0                  =  6.92187e+04
phx                 =  -1.13717e+02
f180                =  1.51183e+06
gmx                 =  -2.65671e+01
 meas ac f0r when tdb=0 rise=1 failed!

tres                =  -5.15109e-01 at=  7.28618e+04
ROW ssr_cmd=1.15 ssr_v=1.15 fb_v=1.19946 vout_v=1.67055 isup_a=0.046429 ceff_f=4.7e-06 esr_ohm=0.1 dcgain_db=119.942 f0_hz=69218.7 phase_at_f0_deg=-113.717 f180_hz=1.51184E+06 gain_at_f180_db=-26.5671 f0_rising_hz= resurgence_db=-0.515109
Doing analysis at TEMP = 125.000000 and TNOM = 27.000000

Using SPARSE 1.3 as Direct Linear Solver
 Reference value :  0.00000e+00
No. of Data Rows : 1
Doing analysis at TEMP = 125.000000 and TNOM = 27.000000

Using SPARSE 1.3 as Direct Linear Solver
 Reference value :  2.27772e+03
No. of Data Rows : 4401
Doing analysis at TEMP = 125.000000 and TNOM = 27.000000

Using SPARSE 1.3 as Direct Linear Solver
 Reference value :  1.00000e-02
No. of Data Rows : 4401
dcg                 =  1.19942e+02
f0                  =  7.28491e+04
phx                 =  -1.01375e+02
f180                =  1.63097e+06
gmx                 =  -2.19988e+01
 meas ac f0r when tdb=0 rise=1 failed!

tres                =  -4.60556e-01 at=  7.67361e+04
ROW ssr_cmd=1.15 ssr_v=1.15 fb_v=1.19946 vout_v=1.67055 isup_a=0.046429 ceff_f=4.7e-06 esr_ohm=0.2 dcgain_db=119.942 f0_hz=72849.1 phase_at_f0_deg=-101.375 f180_hz=1.63097E+06 gain_at_f180_db=-21.9988 f0_rising_hz= resurgence_db=-0.460556
Doing analysis at TEMP = 125.000000 and TNOM = 27.000000

Using SPARSE 1.3 as Direct Linear Solver
 Reference value :  0.00000e+00
No. of Data Rows : 1
Doing analysis at TEMP = 125.000000 and TNOM = 27.000000

Using SPARSE 1.3 as Direct Linear Solver
 Reference value :  1.55776e+04
No. of Data Rows : 4401
Doing analysis at TEMP = 125.000000 and TNOM = 27.000000

Using SPARSE 1.3 as Direct Linear Solver
 Reference value :  1.28086e-01
No. of Data Rows : 4401
dcg                 =  1.19942e+02
f0                  =  1.42022e+05
phx                 =  -5.82980e+01
f180                =  1.69781e+06
gmx                 =  -1.48691e+01
 meas ac f0r when tdb=0 rise=1 failed!

tres                =  -1.14835e-01 at=  1.49624e+05
ROW ssr_cmd=1.15 ssr_v=1.15 fb_v=1.19946 vout_v=1.67055 isup_a=0.046429 ceff_f=4.7e-06 esr_ohm=0.5 dcgain_db=119.942 f0_hz=142022 phase_at_f0_deg=-58.298 f180_hz=1.69781E+06 gain_at_f180_db=-14.8691 f0_rising_hz= resurgence_db=-0.114835
Doing analysis at TEMP = 125.000000 and TNOM = 27.000000

Using SPARSE 1.3 as Direct Linear Solver
 Reference value :  0.00000e+00
No. of Data Rows : 1
Doing analysis at TEMP = 125.000000 and TNOM = 27.000000

Using SPARSE 1.3 as Direct Linear Solver
 Reference value :  1.18168e+06
No. of Data Rows : 4401
Doing analysis at TEMP = 125.000000 and TNOM = 27.000000

Using SPARSE 1.3 as Direct Linear Solver
 Reference value :  3.27341e+01
No. of Data Rows : 4401
dcg                 =  1.20011e+02
f0                  =  2.79593e+05
phx                 =  -1.34552e+02
f180                =  6.39748e+05
gmx                 =  -9.29058e+00
 meas ac f0r when tdb=0 rise=1 failed!

tres                =  -5.23718e-01 at=  2.95121e+05
ROW ssr_cmd=1.25 ssr_v=1.25 fb_v=1.19946 vout_v=1.75791 isup_a=0.0488547 ceff_f=1e-06 esr_ohm=0.001 dcgain_db=120.011 f0_hz=279593 phase_at_f0_deg=-134.552 f180_hz=639748 gain_at_f180_db=-9.29058 f0_rising_hz= resurgence_db=-0.523718
Doing analysis at TEMP = 125.000000 and TNOM = 27.000000

Using SPARSE 1.3 as Direct Linear Solver
 Reference value :  0.00000e+00
No. of Data Rows : 1
Doing analysis at TEMP = 125.000000 and TNOM = 27.000000

Using SPARSE 1.3 as Direct Linear Solver
 Reference value :  4.36516e+03
No. of Data Rows : 4401
Doing analysis at TEMP = 125.000000 and TNOM = 27.000000

Using SPARSE 1.3 as Direct Linear Solver
 Reference value :  4.57088e-01
No. of Data Rows : 4401
dcg                 =  1.20011e+02
f0                  =  2.80178e+05
phx                 =  -1.29696e+02
f180                =  7.47958e+05
gmx                 =  -1.14225e+01
 meas ac f0r when tdb=0 rise=1 failed!

tres                =  -4.99820e-01 at=  2.95121e+05
ROW ssr_cmd=1.25 ssr_v=1.25 fb_v=1.19946 vout_v=1.75791 isup_a=0.0488547 ceff_f=1e-06 esr_ohm=0.05 dcgain_db=120.011 f0_hz=280178 phase_at_f0_deg=-129.696 f180_hz=747958 gain_at_f180_db=-11.4225 f0_rising_hz= resurgence_db=-0.49982
Doing analysis at TEMP = 125.000000 and TNOM = 27.000000

Using SPARSE 1.3 as Direct Linear Solver
 Reference value :  0.00000e+00
No. of Data Rows : 1
Doing analysis at TEMP = 125.000000 and TNOM = 27.000000

Using SPARSE 1.3 as Direct Linear Solver
 Reference value :  1.81970e+04
No. of Data Rows : 4401
Doing analysis at TEMP = 125.000000 and TNOM = 27.000000

Using SPARSE 1.3 as Direct Linear Solver
 Reference value :  1.81970e-01
No. of Data Rows : 4401
dcg                 =  1.20011e+02
f0                  =  2.82742e+05
phx                 =  -1.24960e+02
f180                =  8.95440e+05
gmx                 =  -1.35819e+01
 meas ac f0r when tdb=0 rise=1 failed!

tres                =  -5.12535e-01 at=  2.98538e+05
ROW ssr_cmd=1.25 ssr_v=1.25 fb_v=1.19946 vout_v=1.75791 isup_a=0.0488547 ceff_f=1e-06 esr_ohm=0.1 dcgain_db=120.011 f0_hz=282742 phase_at_f0_deg=-124.96 f180_hz=895440 gain_at_f180_db=-13.5819 f0_rising_hz= resurgence_db=-0.512535
Doing analysis at TEMP = 125.000000 and TNOM = 27.000000

Using SPARSE 1.3 as Direct Linear Solver
 Reference value :  0.00000e+00
No. of Data Rows : 1
Doing analysis at TEMP = 125.000000 and TNOM = 27.000000

Using SPARSE 1.3 as Direct Linear Solver
 Reference value :  6.16595e+03
No. of Data Rows : 4401
Doing analysis at TEMP = 125.000000 and TNOM = 27.000000

Using SPARSE 1.3 as Direct Linear Solver
 Reference value :  5.04081e-02
No. of Data Rows : 4401
dcg                 =  1.20011e+02
f0                  =  2.94518e+05
phx                 =  -1.16136e+02
f180                =  1.19753e+06
gmx                 =  -1.56331e+01
 meas ac f0r when tdb=0 rise=1 failed!

tres                =  -4.67823e-01 at=  3.10814e+05
ROW ssr_cmd=1.25 ssr_v=1.25 fb_v=1.19946 vout_v=1.75791 isup_a=0.0488547 ceff_f=1e-06 esr_ohm=0.2 dcgain_db=120.011 f0_hz=294518 phase_at_f0_deg=-116.136 f180_hz=1.19753E+06 gain_at_f180_db=-15.6331 f0_rising_hz= resurgence_db=-0.467823
Doing analysis at TEMP = 125.000000 and TNOM = 27.000000

Using SPARSE 1.3 as Direct Linear Solver
 Reference value :  0.00000e+00
No. of Data Rows : 1
Doing analysis at TEMP = 125.000000 and TNOM = 27.000000

Using SPARSE 1.3 as Direct Linear Solver
 Reference value :  2.27772e+07
No. of Data Rows : 4401
Doing analysis at TEMP = 125.000000 and TNOM = 27.000000

Using SPARSE 1.3 as Direct Linear Solver
 Reference value :  7.80728e+04
No. of Data Rows : 4401
dcg                 =  1.20011e+02
f0                  =  4.29592e+05
phx                 =  -1.00022e+02
f180                =  1.52080e+06
gmx                 =  -1.27744e+01
 meas ac f0r when tdb=0 rise=1 failed!

tres                =  -2.72321e-01 at=  4.51856e+05
ROW ssr_cmd=1.25 ssr_v=1.25 fb_v=1.19946 vout_v=1.75791 isup_a=0.0488547 ceff_f=1e-06 esr_ohm=0.5 dcgain_db=120.011 f0_hz=429592 phase_at_f0_deg=-100.022 f180_hz=1.5208E+06 gain_at_f180_db=-12.7744 f0_rising_hz= resurgence_db=-0.272321
Doing analysis at TEMP = 125.000000 and TNOM = 27.000000

Using SPARSE 1.3 as Direct Linear Solver

No. of Data Rows : 1
Doing analysis at TEMP = 125.000000 and TNOM = 27.000000

Using SPARSE 1.3 as Direct Linear Solver
 Reference value :  1.00000e-02
No. of Data Rows : 4401
Doing analysis at TEMP = 125.000000 and TNOM = 27.000000

Using SPARSE 1.3 as Direct Linear Solver
 Reference value :  1.00000e-02
No. of Data Rows : 4401
dcg                 =  1.20011e+02
f0                  =  6.89816e+04
phx                 =  -1.25291e+02
f180                =  6.43953e+05
gmx                 =  -2.28129e+01
 meas ac f0r when tdb=0 rise=1 failed!

tres                =  -5.10964e-01 at=  7.24436e+04
ROW ssr_cmd=1.25 ssr_v=1.25 fb_v=1.19946 vout_v=1.75791 isup_a=0.0488547 ceff_f=4.7e-06 esr_ohm=0.001 dcgain_db=120.011 f0_hz=68981.6 phase_at_f0_deg=-125.291 f180_hz=643953 gain_at_f180_db=-22.8129 f0_rising_hz= resurgence_db=-0.510964
Doing analysis at TEMP = 125.000000 and TNOM = 27.000000

Using SPARSE 1.3 as Direct Linear Solver
 Reference value :  0.00000e+00
No. of Data Rows : 1
Doing analysis at TEMP = 125.000000 and TNOM = 27.000000

Using SPARSE 1.3 as Direct Linear Solver
 Reference value :  3.16228e+08
No. of Data Rows : 4401
Doing analysis at TEMP = 125.000000 and TNOM = 27.000000

Using SPARSE 1.3 as Direct Linear Solver
 Reference value :  4.75883e+04
No. of Data Rows : 4401
dcg                 =  1.20011e+02
f0                  =  6.91870e+04
phx                 =  -1.19539e+02
f180                =  1.27080e+06
gmx                 =  -2.89534e+01
 meas ac f0r when tdb=0 rise=1 failed!

tres                =  -5.34458e-01 at=  7.28618e+04
ROW ssr_cmd=1.25 ssr_v=1.25 fb_v=1.19946 vout_v=1.75791 isup_a=0.0488547 ceff_f=4.7e-06 esr_ohm=0.05 dcgain_db=120.011 f0_hz=69187.1 phase_at_f0_deg=-119.539 f180_hz=1.2708E+06 gain_at_f180_db=-28.9534 f0_rising_hz= resurgence_db=-0.534458
Doing analysis at TEMP = 125.000000 and TNOM = 27.000000

Using SPARSE 1.3 as Direct Linear Solver

No. of Data Rows : 1
Doing analysis at TEMP = 125.000000 and TNOM = 27.000000

Using SPARSE 1.3 as Direct Linear Solver
 Reference value :  2.61517e-02
No. of Data Rows : 4401
Doing analysis at TEMP = 125.000000 and TNOM = 27.000000

Using SPARSE 1.3 as Direct Linear Solver
 Reference value :  1.00000e-02
No. of Data Rows : 4401
dcg                 =  1.20011e+02
f0                  =  7.00015e+04
phx                 =  -1.13547e+02
f180                =  1.50778e+06
gmx                 =  -2.64382e+01
 meas ac f0r when tdb=0 rise=1 failed!

tres                =  -5.16517e-01 at=  7.37055e+04
ROW ssr_cmd=1.25 ssr_v=1.25 fb_v=1.19946 vout_v=1.75791 isup_a=0.0488547 ceff_f=4.7e-06 esr_ohm=0.1 dcgain_db=120.011 f0_hz=70001.5 phase_at_f0_deg=-113.547 f180_hz=1.50778E+06 gain_at_f180_db=-26.4382 f0_rising_hz= resurgence_db=-0.516517
Doing analysis at TEMP = 125.000000 and TNOM = 27.000000

Using SPARSE 1.3 as Direct Linear Solver
 Reference value :  0.00000e+00
No. of Data Rows : 1
Doing analysis at TEMP = 125.000000 and TNOM = 27.000000

Using SPARSE 1.3 as Direct Linear Solver
 Reference value :  4.57088e+06
No. of Data Rows : 4401
Doing analysis at TEMP = 125.000000 and TNOM = 27.000000

Using SPARSE 1.3 as Direct Linear Solver
 Reference value :  6.34600e+01
No. of Data Rows : 4401
dcg                 =  1.20011e+02
f0                  =  7.37722e+04
phx                 =  -1.01067e+02
f180                =  1.62676e+06
gmx                 =  -2.18718e+01
 meas ac f0r when tdb=0 rise=1 failed!

tres                =  -4.48707e-01 at=  7.76247e+04
ROW ssr_cmd=1.25 ssr_v=1.25 fb_v=1.19946 vout_v=1.75791 isup_a=0.0488547 ceff_f=4.7e-06 esr_ohm=0.2 dcgain_db=120.011 f0_hz=73772.2 phase_at_f0_deg=-101.067 f180_hz=1.62676E+06 gain_at_f180_db=-21.8718 f0_rising_hz= resurgence_db=-0.448707
Doing analysis at TEMP = 125.000000 and TNOM = 27.000000

Using SPARSE 1.3 as Direct Linear Solver
 Reference value :  0.00000e+00
No. of Data Rows : 1
Doing analysis at TEMP = 125.000000 and TNOM = 27.000000

Using SPARSE 1.3 as Direct Linear Solver
 Reference value :  5.85464e+06
No. of Data Rows : 4401
Doing analysis at TEMP = 125.000000 and TNOM = 27.000000

Using SPARSE 1.3 as Direct Linear Solver
 Reference value :  1.09648e+04
No. of Data Rows : 4401
dcg                 =  1.20011e+02
f0                  =  1.48972e+05
phx                 =  -5.76966e+01
f180                =  1.69344e+06
gmx                 =  -1.47435e+01
 meas ac f0r when tdb=0 rise=1 failed!

tres                =  -1.04533e-01 at=  1.56675e+05
ROW ssr_cmd=1.25 ssr_v=1.25 fb_v=1.19946 vout_v=1.75791 isup_a=0.0488547 ceff_f=4.7e-06 esr_ohm=0.5 dcgain_db=120.011 f0_hz=148972 phase_at_f0_deg=-57.6966 f180_hz=1.69344E+06 gain_at_f180_db=-14.7435 f0_rising_hz= resurgence_db=-0.104533
* SWEEP COMPLETE res_ss_125c_3.30v
Note: Simulation executed from .control section 
Note: Starting dynamic gmin stepping
Note: Dynamic gmin stepping completed
Note: Starting dynamic gmin stepping
Note: Dynamic gmin stepping completed
Note: Starting dynamic gmin stepping
Note: Dynamic gmin stepping completed

Error: measure  f0r  when(WHEN) : out of interval
Error: &f0r: no such variable.
Note: Starting dynamic gmin stepping
Note: Dynamic gmin stepping completed
Note: Starting dynamic gmin stepping
Note: Dynamic gmin stepping completed
Note: Starting dynamic gmin stepping
Note: Dynamic gmin stepping completed

Error: measure  f0r  when(WHEN) : out of interval
Error: &f0r: no such variable.
Note: Starting dynamic gmin stepping
Note: Dynamic gmin stepping completed
Note: Starting dynamic gmin stepping
Note: Dynamic gmin stepping completed
Note: Starting dynamic gmin stepping
Note: Dynamic gmin stepping completed

Error: measure  f0r  when(WHEN) : out of interval
Error: &f0r: no such variable.
Note: Starting dynamic gmin stepping
Note: Dynamic gmin stepping completed
Note: Starting dynamic gmin stepping
Note: Dynamic gmin stepping completed
Note: Starting dynamic gmin stepping
Note: Dynamic gmin stepping completed

Error: measure  f0r  when(WHEN) : out of interval
Error: &f0r: no such variable.
Note: Starting dynamic gmin stepping
Note: Dynamic gmin stepping completed
Note: Starting dynamic gmin stepping
Note: Dynamic gmin stepping completed
Note: Starting dynamic gmin stepping
Note: Dynamic gmin stepping completed

Error: measure  f0r  when(WHEN) : out of interval
Error: &f0r: no such variable.
Note: Starting dynamic gmin stepping
Note: Dynamic gmin stepping completed
Note: Starting dynamic gmin stepping
Note: Dynamic gmin stepping completed
Note: Starting dynamic gmin stepping
Note: Dynamic gmin stepping completed

Error: measure  f0r  when(WHEN) : out of interval
Error: &f0r: no such variable.
Note: Starting dynamic gmin stepping
Note: Dynamic gmin stepping completed
Note: Starting dynamic gmin stepping
Note: Dynamic gmin stepping completed
Note: Starting dynamic gmin stepping
Note: Dynamic gmin stepping completed

Error: measure  f0r  when(WHEN) : out of interval
Error: &f0r: no such variable.
Note: Starting dynamic gmin stepping
Note: Dynamic gmin stepping completed
Note: Starting dynamic gmin stepping
Note: Dynamic gmin stepping completed
Note: Starting dynamic gmin stepping
Note: Dynamic gmin stepping completed

Error: measure  f0r  when(WHEN) : out of interval
Error: &f0r: no such variable.
Note: Starting dynamic gmin stepping
Note: Dynamic gmin stepping completed
Note: Starting dynamic gmin stepping
Note: Dynamic gmin stepping completed
Note: Starting dynamic gmin stepping
Note: Dynamic gmin stepping completed

Error: measure  f0r  when(WHEN) : out of interval
Error: &f0r: no such variable.
Note: Starting dynamic gmin stepping
Note: Dynamic gmin stepping completed
Note: Starting dynamic gmin stepping
Note: Dynamic gmin stepping completed
Note: Starting dynamic gmin stepping
Note: Dynamic gmin stepping completed

Error: measure  f0r  when(WHEN) : out of interval
Error: &f0r: no such variable.
Note: Starting dynamic gmin stepping
Note: Dynamic gmin stepping completed
Note: Starting dynamic gmin stepping
Note: Dynamic gmin stepping completed
Note: Starting dynamic gmin stepping
Note: Dynamic gmin stepping completed

Error: measure  f0r  when(WHEN) : out of interval
Error: &f0r: no such variable.
Note: Starting dynamic gmin stepping
Note: Dynamic gmin stepping completed
Note: Starting dynamic gmin stepping
Note: Dynamic gmin stepping completed
Note: Starting dynamic gmin stepping
Note: Dynamic gmin stepping completed

Error: measure  f0r  when(WHEN) : out of interval
Error: &f0r: no such variable.
Note: Starting dynamic gmin stepping
Note: Dynamic gmin stepping completed
Note: Starting dynamic gmin stepping
Note: Dynamic gmin stepping completed
Note: Starting dynamic gmin stepping
Note: Dynamic gmin stepping completed

Error: measure  f0r  when(WHEN) : out of interval
Error: &f0r: no such variable.
Note: Starting dynamic gmin stepping
Note: Dynamic gmin stepping completed
Note: Starting dynamic gmin stepping
Note: Dynamic gmin stepping completed
Note: Starting dynamic gmin stepping
Note: Dynamic gmin stepping completed

Error: measure  f0r  when(WHEN) : out of interval
Error: &f0r: no such variable.
Note: Starting dynamic gmin stepping
Note: Dynamic gmin stepping completed
Note: Starting dynamic gmin stepping
Note: Dynamic gmin stepping completed
Note: Starting dynamic gmin stepping
Note: Dynamic gmin stepping completed

Error: measure  f0r  when(WHEN) : out of interval
Error: &f0r: no such variable.
Note: Starting dynamic gmin stepping
Note: Dynamic gmin stepping completed
Note: Starting dynamic gmin stepping
Note: Dynamic gmin stepping completed
Note: Starting dynamic gmin stepping
Note: Dynamic gmin stepping completed

Error: measure  f0r  when(WHEN) : out of interval
Error: &f0r: no such variable.
Note: Starting dynamic gmin stepping
Note: Dynamic gmin stepping completed
Note: Starting dynamic gmin stepping
Note: Dynamic gmin stepping completed
Note: Starting dynamic gmin stepping
Note: Dynamic gmin stepping completed

Error: measure  f0r  when(WHEN) : out of interval
Error: &f0r: no such variable.
Note: Starting dynamic gmin stepping
Note: Dynamic gmin stepping completed
Note: Starting dynamic gmin stepping
Note: Dynamic gmin stepping completed
Note: Starting dynamic gmin stepping
Note: Dynamic gmin stepping completed

Error: measure  f0r  when(WHEN) : out of interval
Error: &f0r: no such variable.
Note: Starting dynamic gmin stepping
Note: Dynamic gmin stepping completed
Note: Starting dynamic gmin stepping
Note: Dynamic gmin stepping completed
Note: Starting dynamic gmin stepping
Note: Dynamic gmin stepping completed

Error: measure  f0r  when(WHEN) : out of interval
Error: &f0r: no such variable.
Note: Starting dynamic gmin stepping
Note: Dynamic gmin stepping completed
Note: Starting dynamic gmin stepping
Note: Dynamic gmin stepping completed
Note: Starting dynamic gmin stepping
Note: Dynamic gmin stepping completed

Error: measure  f0r  when(WHEN) : out of interval
Error: &f0r: no such variable.
Note: Starting dynamic gmin stepping
Note: Dynamic gmin stepping completed
Note: Starting dynamic gmin stepping
Note: Dynamic gmin stepping completed
Note: Starting dynamic gmin stepping
Note: Dynamic gmin stepping completed

Error: measure  f0r  when(WHEN) : out of interval
Error: &f0r: no such variable.
Note: Starting dynamic gmin stepping
Note: Dynamic gmin stepping completed
Note: Starting dynamic gmin stepping
Note: Dynamic gmin stepping completed
Note: Starting dynamic gmin stepping
Note: Dynamic gmin stepping completed

Error: measure  f0r  when(WHEN) : out of interval
Error: &f0r: no such variable.
Note: Starting dynamic gmin stepping
Note: Dynamic gmin stepping completed
Note: Starting dynamic gmin stepping
Note: Dynamic gmin stepping completed
Note: Starting dynamic gmin stepping
Note: Dynamic gmin stepping completed

Error: measure  f0r  when(WHEN) : out of interval
Error: &f0r: no such variable.
Note: Starting dynamic gmin stepping
Note: Dynamic gmin stepping completed
Note: Starting dynamic gmin stepping
Note: Dynamic gmin stepping completed
Note: Starting dynamic gmin stepping
Note: Dynamic gmin stepping completed

Error: measure  f0r  when(WHEN) : out of interval
Error: &f0r: no such variable.
Note: Starting dynamic gmin stepping
Note: Dynamic gmin stepping completed
Note: Starting dynamic gmin stepping
Note: Dynamic gmin stepping completed
Note: Starting dynamic gmin stepping
Note: Dynamic gmin stepping completed

Error: measure  f0r  when(WHEN) : out of interval
Error: &f0r: no such variable.
Note: Starting dynamic gmin stepping
Note: Dynamic gmin stepping completed
Note: Starting dynamic gmin stepping
Note: Dynamic gmin stepping completed
Note: Starting dynamic gmin stepping
Note: Dynamic gmin stepping completed

Error: measure  f0r  when(WHEN) : out of interval
Error: &f0r: no such variable.
Note: Starting dynamic gmin stepping
Note: Dynamic gmin stepping completed
Note: Starting dynamic gmin stepping
Note: Dynamic gmin stepping completed
Note: Starting dynamic gmin stepping
Note: Dynamic gmin stepping completed

Error: measure  f0r  when(WHEN) : out of interval
Error: &f0r: no such variable.
Note: Starting dynamic gmin stepping
Note: Dynamic gmin stepping completed
Note: Starting dynamic gmin stepping
Note: Dynamic gmin stepping completed
Note: Starting dynamic gmin stepping
Note: Dynamic gmin stepping completed

Error: measure  f0r  when(WHEN) : out of interval
Error: &f0r: no such variable.
Note: Starting dynamic gmin stepping
Note: Dynamic gmin stepping completed
Note: Starting dynamic gmin stepping
Note: Dynamic gmin stepping completed
Note: Starting dynamic gmin stepping
Note: Dynamic gmin stepping completed

Error: measure  f0r  when(WHEN) : out of interval
Error: &f0r: no such variable.
Note: Starting dynamic gmin stepping
Note: Dynamic gmin stepping completed
Note: Starting dynamic gmin stepping
Note: Dynamic gmin stepping completed
Note: Starting dynamic gmin stepping
Note: Dynamic gmin stepping completed

Error: measure  f0r  when(WHEN) : out of interval
Error: &f0r: no such variable.
Note: Starting dynamic gmin stepping
Note: Dynamic gmin stepping completed
Note: Starting dynamic gmin stepping
Note: Dynamic gmin stepping completed
Note: Starting dynamic gmin stepping
Note: Dynamic gmin stepping completed

Error: measure  f0r  when(WHEN) : out of interval
Error: &f0r: no such variable.
Note: Starting dynamic gmin stepping
Note: Dynamic gmin stepping completed
Note: Starting dynamic gmin stepping
Note: Dynamic gmin stepping completed
Note: Starting dynamic gmin stepping
Note: Dynamic gmin stepping completed

Error: measure  f0r  when(WHEN) : out of interval
Error: &f0r: no such variable.
Note: Starting dynamic gmin stepping
Note: Dynamic gmin stepping completed
Note: Starting dynamic gmin stepping
Note: Dynamic gmin stepping completed
Note: Starting dynamic gmin stepping
Note: Dynamic gmin stepping completed

Error: measure  f0r  when(WHEN) : out of interval
Error: &f0r: no such variable.
Note: Starting dynamic gmin stepping
Note: Dynamic gmin stepping completed
Note: Starting dynamic gmin stepping
Note: Dynamic gmin stepping completed
Note: Starting dynamic gmin stepping
Note: Dynamic gmin stepping completed

Error: measure  f0r  when(WHEN) : out of interval
Error: &f0r: no such variable.
Note: Starting dynamic gmin stepping
Note: Dynamic gmin stepping completed
Note: Starting dynamic gmin stepping
Note: Dynamic gmin stepping completed
Note: Starting dynamic gmin stepping
Note: Dynamic gmin stepping completed

Error: measure  f0r  when(WHEN) : out of interval
Error: &f0r: no such variable.
Note: Starting dynamic gmin stepping
Note: Dynamic gmin stepping completed
Note: Starting dynamic gmin stepping
Note: Dynamic gmin stepping completed
Note: Starting dynamic gmin stepping
Note: Dynamic gmin stepping completed

Error: measure  f0r  when(WHEN) : out of interval
Error: &f0r: no such variable.
Note: Starting dynamic gmin stepping
Note: Dynamic gmin stepping completed
Note: Starting dynamic gmin stepping
Note: Dynamic gmin stepping completed
Note: Starting dynamic gmin stepping
Note: Dynamic gmin stepping completed

Error: measure  f0r  when(WHEN) : out of interval
Error: &f0r: no such variable.
Note: Starting dynamic gmin stepping
Note: Dynamic gmin stepping completed
Note: Starting dynamic gmin stepping
Note: Dynamic gmin stepping completed
Note: Starting dynamic gmin stepping
Note: Dynamic gmin stepping completed

Error: measure  f0r  when(WHEN) : out of interval
Error: &f0r: no such variable.
Note: Starting dynamic gmin stepping
Note: Dynamic gmin stepping completed
Note: Starting dynamic gmin stepping
Note: Dynamic gmin stepping completed
Note: Starting dynamic gmin stepping
Note: Dynamic gmin stepping completed

Error: measure  f0r  when(WHEN) : out of interval
Error: &f0r: no such variable.
Note: Starting dynamic gmin stepping
Note: Dynamic gmin stepping completed
Note: Starting dynamic gmin stepping
Note: Dynamic gmin stepping completed
Note: Starting dynamic gmin stepping
Note: Dynamic gmin stepping completed

Error: measure  f0r  when(WHEN) : out of interval
Error: &f0r: no such variable.
Note: Starting dynamic gmin stepping
Note: Dynamic gmin stepping completed
Note: Starting dynamic gmin stepping
Note: Dynamic gmin stepping completed
Note: Starting dynamic gmin stepping
Note: Dynamic gmin stepping completed

Error: measure  f0r  when(WHEN) : out of interval
Error: &f0r: no such variable.
Note: Starting dynamic gmin stepping
Note: Dynamic gmin stepping completed
Note: Starting dynamic gmin stepping
Note: Dynamic gmin stepping completed
Note: Starting dynamic gmin stepping
Note: Dynamic gmin stepping completed

Error: measure  f0r  when(WHEN) : out of interval
Error: &f0r: no such variable.
Note: Starting dynamic gmin stepping
Note: Dynamic gmin stepping completed
Note: Starting dynamic gmin stepping
Note: Dynamic gmin stepping completed
Note: Starting dynamic gmin stepping
Note: Dynamic gmin stepping completed

Error: measure  f0r  when(WHEN) : out of interval
Error: &f0r: no such variable.
Note: Starting dynamic gmin stepping
Note: Dynamic gmin stepping completed
Note: Starting dynamic gmin stepping
Note: Dynamic gmin stepping completed
Note: Starting dynamic gmin stepping
Note: Dynamic gmin stepping completed

Error: measure  f0r  when(WHEN) : out of interval
Error: &f0r: no such variable.
Note: Starting dynamic gmin stepping
Note: Dynamic gmin stepping completed
Note: Starting dynamic gmin stepping
Note: Dynamic gmin stepping completed
Note: Starting dynamic gmin stepping
Note: Dynamic gmin stepping completed

Error: measure  f0r  when(WHEN) : out of interval
Error: &f0r: no such variable.
Note: Starting dynamic gmin stepping
Note: Dynamic gmin stepping completed
Note: Starting dynamic gmin stepping
Note: Dynamic gmin stepping completed
Note: Starting dynamic gmin stepping
Note: Dynamic gmin stepping completed

Error: measure  f0r  when(WHEN) : out of interval
Error: &f0r: no such variable.
Note: Starting dynamic gmin stepping
Note: Dynamic gmin stepping completed
Note: Starting dynamic gmin stepping
Note: Dynamic gmin stepping completed
Note: Starting dynamic gmin stepping
Note: Dynamic gmin stepping completed

Error: measure  f0r  when(WHEN) : out of interval
Error: &f0r: no such variable.
Note: Starting dynamic gmin stepping
Note: Dynamic gmin stepping completed
Note: Starting dynamic gmin stepping
Note: Dynamic gmin stepping completed
Note: Starting dynamic gmin stepping
Note: Dynamic gmin stepping completed

Error: measure  f0r  when(WHEN) : out of interval
Error: &f0r: no such variable.
Note: Starting dynamic gmin stepping
Note: Dynamic gmin stepping completed
Note: Starting dynamic gmin stepping
Note: Dynamic gmin stepping completed
Note: Starting dynamic gmin stepping
Note: Dynamic gmin stepping completed

Error: measure  f0r  when(WHEN) : out of interval
Error: &f0r: no such variable.
Note: Starting dynamic gmin stepping
Note: Dynamic gmin stepping completed
Note: Starting dynamic gmin stepping
Note: Dynamic gmin stepping completed
Note: Starting dynamic gmin stepping
Note: Dynamic gmin stepping completed

Error: measure  f0r  when(WHEN) : out of interval
Error: &f0r: no such variable.
Note: Starting dynamic gmin stepping
Note: Dynamic gmin stepping completed
Note: Starting dynamic gmin stepping
Note: Dynamic gmin stepping completed
Note: Starting dynamic gmin stepping
Note: Dynamic gmin stepping completed

Error: measure  f0r  when(WHEN) : out of interval
Error: &f0r: no such variable.
Note: Starting dynamic gmin stepping
Note: Dynamic gmin stepping completed
Note: Starting dynamic gmin stepping
Note: Dynamic gmin stepping completed
Note: Starting dynamic gmin stepping
Note: Dynamic gmin stepping completed

Error: measure  f0r  when(WHEN) : out of interval
Error: &f0r: no such variable.
Note: Starting dynamic gmin stepping
Note: Dynamic gmin stepping completed
Note: Starting dynamic gmin stepping
Note: Dynamic gmin stepping completed
Note: Starting dynamic gmin stepping
Note: Dynamic gmin stepping completed

Error: measure  f0r  when(WHEN) : out of interval
Error: &f0r: no such variable.
Note: Starting dynamic gmin stepping
Note: Dynamic gmin stepping completed
Note: Starting dynamic gmin stepping
Note: Dynamic gmin stepping completed
Note: Starting dynamic gmin stepping
Note: Dynamic gmin stepping completed

Error: measure  f0r  when(WHEN) : out of interval
Error: &f0r: no such variable.
Note: Starting dynamic gmin stepping
Note: Dynamic gmin stepping completed
Note: Starting dynamic gmin stepping
Note: Dynamic gmin stepping completed
Note: Starting dynamic gmin stepping
Note: Dynamic gmin stepping completed

Error: measure  f0r  when(WHEN) : out of interval
Error: &f0r: no such variable.
Note: Starting dynamic gmin stepping
Note: Dynamic gmin stepping completed
Note: Starting dynamic gmin stepping
Note: Dynamic gmin stepping completed
Note: Starting dynamic gmin stepping
Note: Dynamic gmin stepping completed

Error: measure  f0r  when(WHEN) : out of interval
Error: &f0r: no such variable.
Note: Starting dynamic gmin stepping
Note: Dynamic gmin stepping completed
Note: Starting dynamic gmin stepping
Note: Dynamic gmin stepping completed
Note: Starting dynamic gmin stepping
Note: Dynamic gmin stepping completed

Error: measure  f0r  when(WHEN) : out of interval
Error: &f0r: no such variable.
Note: Starting dynamic gmin stepping
Note: Dynamic gmin stepping completed
Note: Starting dynamic gmin stepping
Note: Dynamic gmin stepping completed
Note: Starting dynamic gmin stepping
Note: Dynamic gmin stepping completed

Error: measure  f0r  when(WHEN) : out of interval
Error: &f0r: no such variable.
Note: Starting dynamic gmin stepping
Note: Dynamic gmin stepping completed
Note: Starting dynamic gmin stepping
Note: Dynamic gmin stepping completed
Note: Starting dynamic gmin stepping
Note: Dynamic gmin stepping completed

Error: measure  f0r  when(WHEN) : out of interval
Error: &f0r: no such variable.
Note: Starting dynamic gmin stepping
Note: Dynamic gmin stepping completed
Note: Starting dynamic gmin stepping
Note: Dynamic gmin stepping completed
Note: Starting dynamic gmin stepping
Note: Dynamic gmin stepping completed

Error: measure  f0r  when(WHEN) : out of interval
Error: &f0r: no such variable.
