
Note: No compatibility mode selected!


Circuit: * soft-start-loop-gain -- tian dual-injection loop-gain testbench for the ldo

* corner_id=res_ff_-40c_3.30v corner=res_ff temp_c=-40 vin_v=3.3
* phase=sink variant=binj iload_a=0.05 rload_ohm=1e+12
* ac sweep: dec 400 0.01 1e9 ; Tian dual injection at ERRAMP_OUT->PASS_GATE
* columns: ROW ssr_cmd= ssr_v= fb_v= vout_v= isup_a= ceff_f= esr_ohm=
*          dcgain_db= f0_hz= phase_at_f0_deg= f180_hz= gain_at_f180_db=
*          f0_rising_hz= resurgence_db=
* (phase margin = 180 + phase_at_f0_deg ; gain margin = -gain_at_f180_db ;
*  resurgence_db = max |T| in dB above the first 0 dB crossing, DR-0008 ;
*  an empty f180/gain field means the phase never reaches -180 deg in band ;
*  ssr_cmd is what this deck COMMANDED the ramp node to, or 'free' when it
*  is not pinned; ssr_v/fb_v/vout_v are what the DC solve LANDED on)
* Fields are written key=value BECAUSE a failed meas leaves its value
* empty: with bare positional fields an empty one vanishes into the
* whitespace and every field after it is read as the wrong quantity.
Doing analysis at TEMP = -40.000000 and TNOM = 27.000000

Using SPARSE 1.3 as Direct Linear Solver
 Reference value :  0.00000e+00
No. of Data Rows : 1
Doing analysis at TEMP = -40.000000 and TNOM = 27.000000

Using SPARSE 1.3 as Direct Linear Solver
 Reference value :  1.00000e-02
No. of Data Rows : 4401
Doing analysis at TEMP = -40.000000 and TNOM = 27.000000

Using SPARSE 1.3 as Direct Linear Solver
 Reference value :  1.00000e-02
No. of Data Rows : 4401
dcg                 =  1.40868e+02
f0                  =  4.47885e+05
phx                 =  -1.40042e+02
f180                =  9.77726e+05
gmx                 =  -9.68477e+00
 meas ac f0r when tdb=0 rise=1 failed!

tres                =  -5.24048e-01 at=  4.70435e+05
ROW ssr_cmd=1.15 ssr_v=1.15 fb_v=1.1996 vout_v=1.7244 isup_a=0.050015 ceff_f=1e-06 esr_ohm=0.001 dcgain_db=140.868 f0_hz=447885 phase_at_f0_deg=-140.042 f180_hz=977726 gain_at_f180_db=-9.68477 f0_rising_hz= resurgence_db=-0.524048
Doing analysis at TEMP = -40.000000 and TNOM = 27.000000

Using SPARSE 1.3 as Direct Linear Solver
 Reference value :  0.00000e+00
No. of Data Rows : 1
Doing analysis at TEMP = -40.000000 and TNOM = 27.000000

Using SPARSE 1.3 as Direct Linear Solver
 Reference value :  1.00000e-02
No. of Data Rows : 4401
Doing analysis at TEMP = -40.000000 and TNOM = 27.000000

Using SPARSE 1.3 as Direct Linear Solver
 Reference value :  1.00000e-02
No. of Data Rows : 4401
dcg                 =  1.40868e+02
f0                  =  4.51479e+05
phx                 =  -1.32417e+02
f180                =  1.33424e+06
gmx                 =  -1.40535e+01
 meas ac f0r when tdb=0 rise=1 failed!

tres                =  -5.53645e-01 at=  4.75883e+05
ROW ssr_cmd=1.15 ssr_v=1.15 fb_v=1.1996 vout_v=1.7244 isup_a=0.050015 ceff_f=1e-06 esr_ohm=0.05 dcgain_db=140.868 f0_hz=451480 phase_at_f0_deg=-132.417 f180_hz=1.33424E+06 gain_at_f180_db=-14.0535 f0_rising_hz= resurgence_db=-0.553645
Doing analysis at TEMP = -40.000000 and TNOM = 27.000000

Using SPARSE 1.3 as Direct Linear Solver
 Reference value :  0.00000e+00
No. of Data Rows : 1
Doing analysis at TEMP = -40.000000 and TNOM = 27.000000

Using SPARSE 1.3 as Direct Linear Solver
 Reference value :  1.00000e-02
No. of Data Rows : 4401
Doing analysis at TEMP = -40.000000 and TNOM = 27.000000

Using SPARSE 1.3 as Direct Linear Solver
 Reference value :  1.00000e-02
No. of Data Rows : 4401
dcg                 =  1.40868e+02
f0                  =  4.62823e+05
phx                 =  -1.25174e+02
f180                =  1.87420e+06
gmx                 =  -1.75876e+01
 meas ac f0r when tdb=0 rise=1 failed!

tres                =  -5.11787e-01 at=  4.86968e+05
ROW ssr_cmd=1.15 ssr_v=1.15 fb_v=1.1996 vout_v=1.7244 isup_a=0.050015 ceff_f=1e-06 esr_ohm=0.1 dcgain_db=140.868 f0_hz=462823 phase_at_f0_deg=-125.174 f180_hz=1.8742E+06 gain_at_f180_db=-17.5876 f0_rising_hz= resurgence_db=-0.511787
Doing analysis at TEMP = -40.000000 and TNOM = 27.000000

Using SPARSE 1.3 as Direct Linear Solver
 Reference value :  0.00000e+00
No. of Data Rows : 1
Doing analysis at TEMP = -40.000000 and TNOM = 27.000000

Using SPARSE 1.3 as Direct Linear Solver
 Reference value :  1.00000e-02
No. of Data Rows : 4401
Doing analysis at TEMP = -40.000000 and TNOM = 27.000000

Using SPARSE 1.3 as Direct Linear Solver
 Reference value :  1.00000e-02
No. of Data Rows : 4401
dcg                 =  1.40868e+02
f0                  =  5.15142e+05
phx                 =  -1.12634e+02
f180                =  2.46497e+06
gmx                 =  -1.72720e+01
 meas ac f0r when tdb=0 rise=1 failed!

tres                =  -4.51690e-01 at=  5.43250e+05
ROW ssr_cmd=1.15 ssr_v=1.15 fb_v=1.1996 vout_v=1.7244 isup_a=0.050015 ceff_f=1e-06 esr_ohm=0.2 dcgain_db=140.868 f0_hz=515142 phase_at_f0_deg=-112.634 f180_hz=2.46497E+06 gain_at_f180_db=-17.272 f0_rising_hz= resurgence_db=-0.45169
Doing analysis at TEMP = -40.000000 and TNOM = 27.000000

Using SPARSE 1.3 as Direct Linear Solver
 Reference value :  0.00000e+00
No. of Data Rows : 1
Doing analysis at TEMP = -40.000000 and TNOM = 27.000000

Using SPARSE 1.3 as Direct Linear Solver
 Reference value :  1.00000e-02
No. of Data Rows : 4401
Doing analysis at TEMP = -40.000000 and TNOM = 27.000000

Using SPARSE 1.3 as Direct Linear Solver
 Reference value :  1.00000e-02
No. of Data Rows : 4401
dcg                 =  1.40868e+02
f0                  =  1.04462e+06
phx                 =  -1.12027e+02
f180                =  2.83036e+06
gmx                 =  -1.18891e+01
 meas ac f0r when tdb=0 rise=1 failed!

tres                =  -4.21107e-01 at=  1.10281e+06
ROW ssr_cmd=1.15 ssr_v=1.15 fb_v=1.1996 vout_v=1.7244 isup_a=0.050015 ceff_f=1e-06 esr_ohm=0.5 dcgain_db=140.868 f0_hz=1.04462E+06 phase_at_f0_deg=-112.027 f180_hz=2.83036E+06 gain_at_f180_db=-11.8891 f0_rising_hz= resurgence_db=-0.421107
Doing analysis at TEMP = -40.000000 and TNOM = 27.000000

Using SPARSE 1.3 as Direct Linear Solver
 Reference value :  0.00000e+00
No. of Data Rows : 1
Doing analysis at TEMP = -40.000000 and TNOM = 27.000000

Using SPARSE 1.3 as Direct Linear Solver
 Reference value :  1.00000e-02
No. of Data Rows : 4401
Doing analysis at TEMP = -40.000000 and TNOM = 27.000000

Using SPARSE 1.3 as Direct Linear Solver
 Reference value :  1.00000e-02
No. of Data Rows : 4401
dcg                 =  1.40868e+02
f0                  =  1.15296e+05
phx                 =  -1.24288e+02
f180                =  9.96929e+05
gmx                 =  -2.34079e+01
 meas ac f0r when tdb=0 rise=1 failed!

tres                =  -5.46451e-01 at=  1.21619e+05
ROW ssr_cmd=1.15 ssr_v=1.15 fb_v=1.1996 vout_v=1.7244 isup_a=0.050015 ceff_f=4.7e-06 esr_ohm=0.001 dcgain_db=140.868 f0_hz=115296 phase_at_f0_deg=-124.288 f180_hz=996929 gain_at_f180_db=-23.4078 f0_rising_hz= resurgence_db=-0.546451
Doing analysis at TEMP = -40.000000 and TNOM = 27.000000

Using SPARSE 1.3 as Direct Linear Solver
 Reference value :  0.00000e+00
No. of Data Rows : 1
Doing analysis at TEMP = -40.000000 and TNOM = 27.000000

Using SPARSE 1.3 as Direct Linear Solver
 Reference value :  1.00000e-02
No. of Data Rows : 4401
Doing analysis at TEMP = -40.000000 and TNOM = 27.000000

Using SPARSE 1.3 as Direct Linear Solver
 Reference value :  1.00000e-02
No. of Data Rows : 4401
dcg                 =  1.40868e+02
f0                  =  1.16704e+05
phx                 =  -1.14612e+02
f180                =  2.56373e+06
gmx                 =  -3.00223e+01
 meas ac f0r when tdb=0 rise=1 failed!

tres                =  -5.24899e-01 at=  1.23027e+05
ROW ssr_cmd=1.15 ssr_v=1.15 fb_v=1.1996 vout_v=1.7244 isup_a=0.050015 ceff_f=4.7e-06 esr_ohm=0.05 dcgain_db=140.868 f0_hz=116704 phase_at_f0_deg=-114.612 f180_hz=2.56373E+06 gain_at_f180_db=-30.0223 f0_rising_hz= resurgence_db=-0.524899
Doing analysis at TEMP = -40.000000 and TNOM = 27.000000

Using SPARSE 1.3 as Direct Linear Solver
 Reference value :  0.00000e+00
No. of Data Rows : 1
Doing analysis at TEMP = -40.000000 and TNOM = 27.000000

Using SPARSE 1.3 as Direct Linear Solver
 Reference value :  1.00000e-02
No. of Data Rows : 4401
Doing analysis at TEMP = -40.000000 and TNOM = 27.000000

Using SPARSE 1.3 as Direct Linear Solver
 Reference value :  1.00000e-02
No. of Data Rows : 4401
dcg                 =  1.40868e+02
f0                  =  1.21300e+05
phx                 =  -1.04406e+02
f180                =  2.82581e+06
gmx                 =  -2.57730e+01
 meas ac f0r when tdb=0 rise=1 failed!

tres                =  -4.95611e-01 at=  1.28086e+05
ROW ssr_cmd=1.15 ssr_v=1.15 fb_v=1.1996 vout_v=1.7244 isup_a=0.050015 ceff_f=4.7e-06 esr_ohm=0.1 dcgain_db=140.868 f0_hz=121300 phase_at_f0_deg=-104.406 f180_hz=2.82581E+06 gain_at_f180_db=-25.773 f0_rising_hz= resurgence_db=-0.495611
Doing analysis at TEMP = -40.000000 and TNOM = 27.000000

Using SPARSE 1.3 as Direct Linear Solver
 Reference value :  0.00000e+00
No. of Data Rows : 1
Doing analysis at TEMP = -40.000000 and TNOM = 27.000000

Using SPARSE 1.3 as Direct Linear Solver
 Reference value :  1.00000e-02
No. of Data Rows : 4401
Doing analysis at TEMP = -40.000000 and TNOM = 27.000000

Using SPARSE 1.3 as Direct Linear Solver
 Reference value :  1.00000e-02
No. of Data Rows : 4401
dcg                 =  1.40868e+02
f0                  =  1.46594e+05
phx                 =  -8.23992e+01
f180                =  2.94934e+06
gmx                 =  -2.05139e+01
 meas ac f0r when tdb=0 rise=1 failed!

tres                =  -2.97566e-01 at=  1.53993e+05
ROW ssr_cmd=1.15 ssr_v=1.15 fb_v=1.1996 vout_v=1.7244 isup_a=0.050015 ceff_f=4.7e-06 esr_ohm=0.2 dcgain_db=140.868 f0_hz=146594 phase_at_f0_deg=-82.3992 f180_hz=2.94934E+06 gain_at_f180_db=-20.5139 f0_rising_hz= resurgence_db=-0.297566
Doing analysis at TEMP = -40.000000 and TNOM = 27.000000

Using SPARSE 1.3 as Direct Linear Solver
 Reference value :  0.00000e+00
No. of Data Rows : 1
Doing analysis at TEMP = -40.000000 and TNOM = 27.000000

Using SPARSE 1.3 as Direct Linear Solver
 Reference value :  1.00000e-02
No. of Data Rows : 4401
Doing analysis at TEMP = -40.000000 and TNOM = 27.000000

Using SPARSE 1.3 as Direct Linear Solver
 Reference value :  1.00000e-02
No. of Data Rows : 4401
dcg                 =  1.40868e+02
f0                  =  9.89435e+05
phx                 =  -9.52937e+01
f180                =  3.01470e+06
gmx                 =  -1.29761e+01
 meas ac f0r when tdb=0 rise=1 failed!

tres                =  -3.36580e-01 at=  1.04112e+06
ROW ssr_cmd=1.15 ssr_v=1.15 fb_v=1.1996 vout_v=1.7244 isup_a=0.050015 ceff_f=4.7e-06 esr_ohm=0.5 dcgain_db=140.868 f0_hz=989435 phase_at_f0_deg=-95.2937 f180_hz=3.0147E+06 gain_at_f180_db=-12.9761 f0_rising_hz= resurgence_db=-0.33658
Doing analysis at TEMP = -40.000000 and TNOM = 27.000000

Using SPARSE 1.3 as Direct Linear Solver
 Reference value :  0.00000e+00
No. of Data Rows : 1
Doing analysis at TEMP = -40.000000 and TNOM = 27.000000

Using SPARSE 1.3 as Direct Linear Solver
 Reference value :  1.04713e-02
No. of Data Rows : 4401
Doing analysis at TEMP = -40.000000 and TNOM = 27.000000

Using SPARSE 1.3 as Direct Linear Solver
 Reference value :  1.00000e-02
No. of Data Rows : 4401
dcg                 =  1.40634e+02
f0                  =  4.46682e+05
phx                 =  -1.39959e+02
f180                =  9.77185e+05
gmx                 =  -9.70501e+00
 meas ac f0r when tdb=0 rise=1 failed!

tres                =  -5.52439e-01 at=  4.70435e+05
ROW ssr_cmd=1.25 ssr_v=1.25 fb_v=1.1996 vout_v=1.7994 isup_a=0.0500149 ceff_f=1e-06 esr_ohm=0.001 dcgain_db=140.634 f0_hz=446682 phase_at_f0_deg=-139.959 f180_hz=977185 gain_at_f180_db=-9.70501 f0_rising_hz= resurgence_db=-0.552439
Doing analysis at TEMP = -40.000000 and TNOM = 27.000000

Using SPARSE 1.3 as Direct Linear Solver
 Reference value :  0.00000e+00
No. of Data Rows : 1
Doing analysis at TEMP = -40.000000 and TNOM = 27.000000

Using SPARSE 1.3 as Direct Linear Solver
 Reference value :  2.34423e+02
No. of Data Rows : 4401
Doing analysis at TEMP = -40.000000 and TNOM = 27.000000

Using SPARSE 1.3 as Direct Linear Solver
 Reference value :  1.00000e-02
No. of Data Rows : 4401
dcg                 =  1.40634e+02
f0                  =  4.50294e+05
phx                 =  -1.32320e+02
f180                =  1.33462e+06
gmx                 =  -1.40857e+01
 meas ac f0r when tdb=0 rise=1 failed!

tres                =  -5.20045e-01 at=  4.73151e+05
ROW ssr_cmd=1.25 ssr_v=1.25 fb_v=1.1996 vout_v=1.7994 isup_a=0.0500149 ceff_f=1e-06 esr_ohm=0.05 dcgain_db=140.634 f0_hz=450294 phase_at_f0_deg=-132.32 f180_hz=1.33462E+06 gain_at_f180_db=-14.0857 f0_rising_hz= resurgence_db=-0.520045
Doing analysis at TEMP = -40.000000 and TNOM = 27.000000

Using SPARSE 1.3 as Direct Linear Solver
 Reference value :  0.00000e+00
No. of Data Rows : 1
Doing analysis at TEMP = -40.000000 and TNOM = 27.000000

Using SPARSE 1.3 as Direct Linear Solver
 Reference value :  1.78855e-02
No. of Data Rows : 4401
Doing analysis at TEMP = -40.000000 and TNOM = 27.000000

Using SPARSE 1.3 as Direct Linear Solver
 Reference value :  1.00000e-02
No. of Data Rows : 4401
dcg                 =  1.40634e+02
f0                  =  4.61507e+05
phx                 =  -1.25126e+02
f180                =  1.87180e+06
gmx                 =  -1.75999e+01
 meas ac f0r when tdb=0 rise=1 failed!

tres                =  -5.40245e-01 at=  4.86968e+05
ROW ssr_cmd=1.25 ssr_v=1.25 fb_v=1.1996 vout_v=1.7994 isup_a=0.0500149 ceff_f=1e-06 esr_ohm=0.1 dcgain_db=140.634 f0_hz=461507 phase_at_f0_deg=-125.126 f180_hz=1.8718E+06 gain_at_f180_db=-17.5999 f0_rising_hz= resurgence_db=-0.540245
Doing analysis at TEMP = -40.000000 and TNOM = 27.000000

Using SPARSE 1.3 as Direct Linear Solver
 Reference value :  0.00000e+00
No. of Data Rows : 1
Doing analysis at TEMP = -40.000000 and TNOM = 27.000000

Using SPARSE 1.3 as Direct Linear Solver
 Reference value :  7.20278e-02
No. of Data Rows : 4401
Doing analysis at TEMP = -40.000000 and TNOM = 27.000000

Using SPARSE 1.3 as Direct Linear Solver
 Reference value :  1.00000e-02
No. of Data Rows : 4401
dcg                 =  1.40634e+02
f0                  =  5.13416e+05
phx                 =  -1.12599e+02
f180                =  2.46215e+06
gmx                 =  -1.72898e+01
 meas ac f0r when tdb=0 rise=1 failed!

tres                =  -4.31174e-01 at=  5.40132e+05
ROW ssr_cmd=1.25 ssr_v=1.25 fb_v=1.1996 vout_v=1.7994 isup_a=0.0500149 ceff_f=1e-06 esr_ohm=0.2 dcgain_db=140.634 f0_hz=513416 phase_at_f0_deg=-112.599 f180_hz=2.46215E+06 gain_at_f180_db=-17.2898 f0_rising_hz= resurgence_db=-0.431174
Doing analysis at TEMP = -40.000000 and TNOM = 27.000000

Using SPARSE 1.3 as Direct Linear Solver
 Reference value :  0.00000e+00
No. of Data Rows : 1
Doing analysis at TEMP = -40.000000 and TNOM = 27.000000

Using SPARSE 1.3 as Direct Linear Solver
 Reference value :  1.81970e-01
No. of Data Rows : 4401
Doing analysis at TEMP = -40.000000 and TNOM = 27.000000

Using SPARSE 1.3 as Direct Linear Solver
 Reference value :  1.00000e-02
No. of Data Rows : 4401
dcg                 =  1.40634e+02
f0                  =  1.04059e+06
phx                 =  -1.11863e+02
f180                =  2.82743e+06
gmx                 =  -1.19102e+01
 meas ac f0r when tdb=0 rise=1 failed!

tres                =  -4.04709e-01 at=  1.09648e+06
ROW ssr_cmd=1.25 ssr_v=1.25 fb_v=1.1996 vout_v=1.7994 isup_a=0.0500149 ceff_f=1e-06 esr_ohm=0.5 dcgain_db=140.634 f0_hz=1.04059E+06 phase_at_f0_deg=-111.863 f180_hz=2.82743E+06 gain_at_f180_db=-11.9102 f0_rising_hz= resurgence_db=-0.404709
Doing analysis at TEMP = -40.000000 and TNOM = 27.000000

Using SPARSE 1.3 as Direct Linear Solver
 Reference value :  0.00000e+00
No. of Data Rows : 1
Doing analysis at TEMP = -40.000000 and TNOM = 27.000000

Using SPARSE 1.3 as Direct Linear Solver
 Reference value :  1.48765e-02
No. of Data Rows : 4401
Doing analysis at TEMP = -40.000000 and TNOM = 27.000000

Using SPARSE 1.3 as Direct Linear Solver
 Reference value :  1.00000e-02
No. of Data Rows : 4401
dcg                 =  1.40634e+02
f0                  =  1.14978e+05
phx                 =  -1.24320e+02
f180                =  9.96345e+05
gmx                 =  -2.34275e+01
 meas ac f0r when tdb=0 rise=1 failed!

tres                =  -5.16209e-01 at=  1.20921e+05
ROW ssr_cmd=1.25 ssr_v=1.25 fb_v=1.1996 vout_v=1.7994 isup_a=0.0500149 ceff_f=4.7e-06 esr_ohm=0.001 dcgain_db=140.634 f0_hz=114978 phase_at_f0_deg=-124.32 f180_hz=996345 gain_at_f180_db=-23.4275 f0_rising_hz= resurgence_db=-0.516209
Doing analysis at TEMP = -40.000000 and TNOM = 27.000000

Using SPARSE 1.3 as Direct Linear Solver
 Reference value :  0.00000e+00
No. of Data Rows : 1
Doing analysis at TEMP = -40.000000 and TNOM = 27.000000

Using SPARSE 1.3 as Direct Linear Solver
 Reference value :  1.21619e+01
No. of Data Rows : 4401
Doing analysis at TEMP = -40.000000 and TNOM = 27.000000

Using SPARSE 1.3 as Direct Linear Solver
 Reference value :  1.00000e-02
No. of Data Rows : 4401
dcg                 =  1.40634e+02
f0                  =  1.16373e+05
phx                 =  -1.14661e+02
f180                =  2.56528e+06
gmx                 =  -3.00709e+01
 meas ac f0r when tdb=0 rise=1 failed!

tres                =  -4.96511e-01 at=  1.22321e+05
ROW ssr_cmd=1.25 ssr_v=1.25 fb_v=1.1996 vout_v=1.7994 isup_a=0.0500149 ceff_f=4.7e-06 esr_ohm=0.05 dcgain_db=140.634 f0_hz=116373 phase_at_f0_deg=-114.661 f180_hz=2.56528E+06 gain_at_f180_db=-30.0709 f0_rising_hz= resurgence_db=-0.496511
Doing analysis at TEMP = -40.000000 and TNOM = 27.000000

Using SPARSE 1.3 as Direct Linear Solver
 Reference value :  0.00000e+00
No. of Data Rows : 1
Doing analysis at TEMP = -40.000000 and TNOM = 27.000000

Using SPARSE 1.3 as Direct Linear Solver
 Reference value :  1.67880e-02
No. of Data Rows : 4401
Doing analysis at TEMP = -40.000000 and TNOM = 27.000000

Using SPARSE 1.3 as Direct Linear Solver
 Reference value :  1.00000e-02
No. of Data Rows : 4401
dcg                 =  1.40634e+02
f0                  =  1.20924e+05
phx                 =  -1.04492e+02
f180                =  2.82296e+06
gmx                 =  -2.57935e+01
 meas ac f0r when tdb=0 rise=1 failed!

tres                =  -4.72279e-01 at=  1.27350e+05
ROW ssr_cmd=1.25 ssr_v=1.25 fb_v=1.1996 vout_v=1.7994 isup_a=0.0500149 ceff_f=4.7e-06 esr_ohm=0.1 dcgain_db=140.634 f0_hz=120924 phase_at_f0_deg=-104.492 f180_hz=2.82296E+06 gain_at_f180_db=-25.7935 f0_rising_hz= resurgence_db=-0.472279
Doing analysis at TEMP = -40.000000 and TNOM = 27.000000

Using SPARSE 1.3 as Direct Linear Solver
 Reference value :  0.00000e+00
No. of Data Rows : 1
Doing analysis at TEMP = -40.000000 and TNOM = 27.000000

Using SPARSE 1.3 as Direct Linear Solver
 Reference value :  1.00000e-02
No. of Data Rows : 4401
Doing analysis at TEMP = -40.000000 and TNOM = 27.000000

Using SPARSE 1.3 as Direct Linear Solver
 Reference value :  1.00000e-02
No. of Data Rows : 4401
dcg                 =  1.40634e+02
f0                  =  1.45913e+05
phx                 =  -8.25493e+01
f180                =  2.94647e+06
gmx                 =  -2.05354e+01
 meas ac f0r when tdb=0 rise=1 failed!

tres                =  -3.26408e-01 at=  1.53993e+05
ROW ssr_cmd=1.25 ssr_v=1.25 fb_v=1.1996 vout_v=1.7994 isup_a=0.0500149 ceff_f=4.7e-06 esr_ohm=0.2 dcgain_db=140.634 f0_hz=145913 phase_at_f0_deg=-82.5493 f180_hz=2.94647E+06 gain_at_f180_db=-20.5354 f0_rising_hz= resurgence_db=-0.326408
Doing analysis at TEMP = -40.000000 and TNOM = 27.000000

Using SPARSE 1.3 as Direct Linear Solver
 Reference value :  0.00000e+00
No. of Data Rows : 1
Doing analysis at TEMP = -40.000000 and TNOM = 27.000000

Using SPARSE 1.3 as Direct Linear Solver
 Reference value :  5.95662e-02
No. of Data Rows : 4401
Doing analysis at TEMP = -40.000000 and TNOM = 27.000000

Using SPARSE 1.3 as Direct Linear Solver
 Reference value :  1.00000e-02
No. of Data Rows : 4401
dcg                 =  1.40634e+02
f0                  =  9.84958e+05
phx                 =  -9.50449e+01
f180                =  3.01174e+06
gmx                 =  -1.29982e+01
 meas ac f0r when tdb=0 rise=1 failed!

tres                =  -3.26482e-01 at=  1.03514e+06
ROW ssr_cmd=1.25 ssr_v=1.25 fb_v=1.1996 vout_v=1.7994 isup_a=0.0500149 ceff_f=4.7e-06 esr_ohm=0.5 dcgain_db=140.634 f0_hz=984958 phase_at_f0_deg=-95.0449 f180_hz=3.01174E+06 gain_at_f180_db=-12.9982 f0_rising_hz= resurgence_db=-0.326482
Doing analysis at TEMP = -40.000000 and TNOM = 27.000000

Using SPARSE 1.3 as Direct Linear Solver
 Reference value :  0.00000e+00
No. of Data Rows : 1
Doing analysis at TEMP = -40.000000 and TNOM = 27.000000

Using SPARSE 1.3 as Direct Linear Solver
 Reference value :  1.38038e-02
No. of Data Rows : 4401
Doing analysis at TEMP = -40.000000 and TNOM = 27.000000

Using SPARSE 1.3 as Direct Linear Solver
 Reference value :  1.00000e-02
No. of Data Rows : 4401
dcg                 =  1.40634e+02
f0                  =  4.46682e+05
phx                 =  -1.39959e+02
f180                =  9.77185e+05
gmx                 =  -9.70501e+00
 meas ac f0r when tdb=0 rise=1 failed!

tres                =  -5.52439e-01 at=  4.70435e+05
ROW ssr_cmd=1.8 ssr_v=1.8 fb_v=1.1996 vout_v=1.7994 isup_a=0.0500149 ceff_f=1e-06 esr_ohm=0.001 dcgain_db=140.634 f0_hz=446682 phase_at_f0_deg=-139.959 f180_hz=977185 gain_at_f180_db=-9.70501 f0_rising_hz= resurgence_db=-0.552439
Doing analysis at TEMP = -40.000000 and TNOM = 27.000000

Using SPARSE 1.3 as Direct Linear Solver
 Reference value :  0.00000e+00
No. of Data Rows : 1
Doing analysis at TEMP = -40.000000 and TNOM = 27.000000

Using SPARSE 1.3 as Direct Linear Solver
 Reference value :  1.06537e-01
No. of Data Rows : 4401
Doing analysis at TEMP = -40.000000 and TNOM = 27.000000

Using SPARSE 1.3 as Direct Linear Solver
 Reference value :  1.00000e-02
No. of Data Rows : 4401
dcg                 =  1.40634e+02
f0                  =  4.50294e+05
phx                 =  -1.32320e+02
f180                =  1.33462e+06
gmx                 =  -1.40857e+01
 meas ac f0r when tdb=0 rise=1 failed!

tres                =  -5.20045e-01 at=  4.73151e+05
ROW ssr_cmd=1.8 ssr_v=1.8 fb_v=1.1996 vout_v=1.7994 isup_a=0.0500149 ceff_f=1e-06 esr_ohm=0.05 dcgain_db=140.634 f0_hz=450294 phase_at_f0_deg=-132.32 f180_hz=1.33462E+06 gain_at_f180_db=-14.0857 f0_rising_hz= resurgence_db=-0.520045
Doing analysis at TEMP = -40.000000 and TNOM = 27.000000

Using SPARSE 1.3 as Direct Linear Solver
 Reference value :  0.00000e+00
No. of Data Rows : 1
Doing analysis at TEMP = -40.000000 and TNOM = 27.000000

Using SPARSE 1.3 as Direct Linear Solver
 Reference value :  1.63117e-02
No. of Data Rows : 4401
Doing analysis at TEMP = -40.000000 and TNOM = 27.000000

Using SPARSE 1.3 as Direct Linear Solver
 Reference value :  1.00000e-02
No. of Data Rows : 4401
dcg                 =  1.40634e+02
f0                  =  4.61507e+05
phx                 =  -1.25126e+02
f180                =  1.87180e+06
gmx                 =  -1.75999e+01
 meas ac f0r when tdb=0 rise=1 failed!

tres                =  -5.40245e-01 at=  4.86968e+05
ROW ssr_cmd=1.8 ssr_v=1.8 fb_v=1.1996 vout_v=1.7994 isup_a=0.0500149 ceff_f=1e-06 esr_ohm=0.1 dcgain_db=140.634 f0_hz=461507 phase_at_f0_deg=-125.126 f180_hz=1.8718E+06 gain_at_f180_db=-17.5999 f0_rising_hz= resurgence_db=-0.540245
Doing analysis at TEMP = -40.000000 and TNOM = 27.000000

Using SPARSE 1.3 as Direct Linear Solver
 Reference value :  0.00000e+00
No. of Data Rows : 1
Doing analysis at TEMP = -40.000000 and TNOM = 27.000000

Using SPARSE 1.3 as Direct Linear Solver
 Reference value :  2.70707e-02
No. of Data Rows : 4401
Doing analysis at TEMP = -40.000000 and TNOM = 27.000000

Using SPARSE 1.3 as Direct Linear Solver
 Reference value :  1.00000e-02
No. of Data Rows : 4401
dcg                 =  1.40634e+02
f0                  =  5.13416e+05
phx                 =  -1.12599e+02
f180                =  2.46215e+06
gmx                 =  -1.72898e+01
 meas ac f0r when tdb=0 rise=1 failed!

tres                =  -4.31174e-01 at=  5.40132e+05
ROW ssr_cmd=1.8 ssr_v=1.8 fb_v=1.1996 vout_v=1.7994 isup_a=0.0500149 ceff_f=1e-06 esr_ohm=0.2 dcgain_db=140.634 f0_hz=513416 phase_at_f0_deg=-112.599 f180_hz=2.46215E+06 gain_at_f180_db=-17.2898 f0_rising_hz= resurgence_db=-0.431174
Doing analysis at TEMP = -40.000000 and TNOM = 27.000000

Using SPARSE 1.3 as Direct Linear Solver
 Reference value :  0.00000e+00
No. of Data Rows : 1
Doing analysis at TEMP = -40.000000 and TNOM = 27.000000

Using SPARSE 1.3 as Direct Linear Solver
 Reference value :  2.81838e+00
No. of Data Rows : 4401
Doing analysis at TEMP = -40.000000 and TNOM = 27.000000

Using SPARSE 1.3 as Direct Linear Solver
 Reference value :  1.00000e-02
No. of Data Rows : 4401
dcg                 =  1.40634e+02
f0                  =  1.04059e+06
phx                 =  -1.11863e+02
f180                =  2.82743e+06
gmx                 =  -1.19102e+01
 meas ac f0r when tdb=0 rise=1 failed!

tres                =  -4.04709e-01 at=  1.09648e+06
ROW ssr_cmd=1.8 ssr_v=1.8 fb_v=1.1996 vout_v=1.7994 isup_a=0.0500149 ceff_f=1e-06 esr_ohm=0.5 dcgain_db=140.634 f0_hz=1.04059E+06 phase_at_f0_deg=-111.863 f180_hz=2.82743E+06 gain_at_f180_db=-11.9102 f0_rising_hz= resurgence_db=-0.404709
Doing analysis at TEMP = -40.000000 and TNOM = 27.000000

Using SPARSE 1.3 as Direct Linear Solver
 Reference value :  0.00000e+00
No. of Data Rows : 1
Doing analysis at TEMP = -40.000000 and TNOM = 27.000000

Using SPARSE 1.3 as Direct Linear Solver
 Reference value :  1.42889e+02
No. of Data Rows : 4401
Doing analysis at TEMP = -40.000000 and TNOM = 27.000000

Using SPARSE 1.3 as Direct Linear Solver
 Reference value :  1.00000e-02
No. of Data Rows : 4401
dcg                 =  1.40634e+02
f0                  =  1.14978e+05
phx                 =  -1.24320e+02
f180                =  9.96345e+05
gmx                 =  -2.34275e+01
 meas ac f0r when tdb=0 rise=1 failed!

tres                =  -5.16209e-01 at=  1.20921e+05
ROW ssr_cmd=1.8 ssr_v=1.8 fb_v=1.1996 vout_v=1.7994 isup_a=0.0500149 ceff_f=4.7e-06 esr_ohm=0.001 dcgain_db=140.634 f0_hz=114978 phase_at_f0_deg=-124.32 f180_hz=996345 gain_at_f180_db=-23.4275 f0_rising_hz= resurgence_db=-0.516209
Doing analysis at TEMP = -40.000000 and TNOM = 27.000000

Using SPARSE 1.3 as Direct Linear Solver
 Reference value :  0.00000e+00
No. of Data Rows : 1
Doing analysis at TEMP = -40.000000 and TNOM = 27.000000

Using SPARSE 1.3 as Direct Linear Solver
 Reference value :  2.86748e-02
No. of Data Rows : 4401
Doing analysis at TEMP = -40.000000 and TNOM = 27.000000

Using SPARSE 1.3 as Direct Linear Solver
 Reference value :  1.00000e-02
No. of Data Rows : 4401
dcg                 =  1.40634e+02
f0                  =  1.16373e+05
phx                 =  -1.14661e+02
f180                =  2.56528e+06
gmx                 =  -3.00709e+01
 meas ac f0r when tdb=0 rise=1 failed!

tres                =  -4.96511e-01 at=  1.22321e+05
ROW ssr_cmd=1.8 ssr_v=1.8 fb_v=1.1996 vout_v=1.7994 isup_a=0.0500149 ceff_f=4.7e-06 esr_ohm=0.05 dcgain_db=140.634 f0_hz=116373 phase_at_f0_deg=-114.661 f180_hz=2.56528E+06 gain_at_f180_db=-30.0709 f0_rising_hz= resurgence_db=-0.496511
Doing analysis at TEMP = -40.000000 and TNOM = 27.000000

Using SPARSE 1.3 as Direct Linear Solver
 Reference value :  0.00000e+00
No. of Data Rows : 1
Doing analysis at TEMP = -40.000000 and TNOM = 27.000000

Using SPARSE 1.3 as Direct Linear Solver
 Reference value :  1.12850e-02
No. of Data Rows : 4401
Doing analysis at TEMP = -40.000000 and TNOM = 27.000000

Using SPARSE 1.3 as Direct Linear Solver
 Reference value :  1.00000e-02
No. of Data Rows : 4401
dcg                 =  1.40634e+02
f0                  =  1.20924e+05
phx                 =  -1.04492e+02
f180                =  2.82296e+06
gmx                 =  -2.57935e+01
 meas ac f0r when tdb=0 rise=1 failed!

tres                =  -4.72279e-01 at=  1.27350e+05
ROW ssr_cmd=1.8 ssr_v=1.8 fb_v=1.1996 vout_v=1.7994 isup_a=0.0500149 ceff_f=4.7e-06 esr_ohm=0.1 dcgain_db=140.634 f0_hz=120924 phase_at_f0_deg=-104.492 f180_hz=2.82296E+06 gain_at_f180_db=-25.7935 f0_rising_hz= resurgence_db=-0.472279
Doing analysis at TEMP = -40.000000 and TNOM = 27.000000

Using SPARSE 1.3 as Direct Linear Solver
 Reference value :  0.00000e+00
No. of Data Rows : 1
Doing analysis at TEMP = -40.000000 and TNOM = 27.000000

Using SPARSE 1.3 as Direct Linear Solver
 Reference value :  6.64508e-02
No. of Data Rows : 4401
Doing analysis at TEMP = -40.000000 and TNOM = 27.000000

Using SPARSE 1.3 as Direct Linear Solver
 Reference value :  1.00000e-02
No. of Data Rows : 4401
dcg                 =  1.40634e+02
f0                  =  1.45913e+05
phx                 =  -8.25493e+01
f180                =  2.94647e+06
gmx                 =  -2.05354e+01
 meas ac f0r when tdb=0 rise=1 failed!

tres                =  -3.26408e-01 at=  1.53993e+05
ROW ssr_cmd=1.8 ssr_v=1.8 fb_v=1.1996 vout_v=1.7994 isup_a=0.0500149 ceff_f=4.7e-06 esr_ohm=0.2 dcgain_db=140.634 f0_hz=145913 phase_at_f0_deg=-82.5493 f180_hz=2.94647E+06 gain_at_f180_db=-20.5354 f0_rising_hz= resurgence_db=-0.326408
Doing analysis at TEMP = -40.000000 and TNOM = 27.000000

Using SPARSE 1.3 as Direct Linear Solver
 Reference value :  0.00000e+00
No. of Data Rows : 1
Doing analysis at TEMP = -40.000000 and TNOM = 27.000000

Using SPARSE 1.3 as Direct Linear Solver
 Reference value :  3.95822e+00
No. of Data Rows : 4401
Doing analysis at TEMP = -40.000000 and TNOM = 27.000000

Using SPARSE 1.3 as Direct Linear Solver
 Reference value :  1.00000e-02
No. of Data Rows : 4401
dcg                 =  1.40634e+02
f0                  =  9.84958e+05
phx                 =  -9.50449e+01
f180                =  3.01174e+06
gmx                 =  -1.29982e+01
 meas ac f0r when tdb=0 rise=1 failed!

tres                =  -3.26482e-01 at=  1.03514e+06
ROW ssr_cmd=1.8 ssr_v=1.8 fb_v=1.1996 vout_v=1.7994 isup_a=0.0500149 ceff_f=4.7e-06 esr_ohm=0.5 dcgain_db=140.634 f0_hz=984958 phase_at_f0_deg=-95.0449 f180_hz=3.01174E+06 gain_at_f180_db=-12.9982 f0_rising_hz= resurgence_db=-0.326482
* SWEEP COMPLETE res_ff_-40c_3.30v
Note: Simulation executed from .control section 
Note: Starting dynamic gmin stepping
Warning: Dynamic gmin stepping failed
Note: Starting true gmin stepping
Note: True gmin stepping completed
Note: Starting dynamic gmin stepping
Warning: Dynamic gmin stepping failed
Note: Starting true gmin stepping
Note: True gmin stepping completed
Note: Starting dynamic gmin stepping
Warning: Dynamic gmin stepping failed
Note: Starting true gmin stepping
Note: True gmin stepping completed

Error: measure  f0r  when(WHEN) : out of interval
Error: &f0r: no such variable.
Note: Starting dynamic gmin stepping
Warning: Dynamic gmin stepping failed
Note: Starting true gmin stepping
Note: True gmin stepping completed
Note: Starting dynamic gmin stepping
Warning: Dynamic gmin stepping failed
Note: Starting true gmin stepping
Note: True gmin stepping completed
Note: Starting dynamic gmin stepping
Warning: Dynamic gmin stepping failed
Note: Starting true gmin stepping
Note: True gmin stepping completed

Error: measure  f0r  when(WHEN) : out of interval
Error: &f0r: no such variable.
Note: Starting dynamic gmin stepping
Warning: Dynamic gmin stepping failed
Note: Starting true gmin stepping
Note: True gmin stepping completed
Note: Starting dynamic gmin stepping
Warning: Dynamic gmin stepping failed
Note: Starting true gmin stepping
Note: True gmin stepping completed
Note: Starting dynamic gmin stepping
Warning: Dynamic gmin stepping failed
Note: Starting true gmin stepping
Note: True gmin stepping completed

Error: measure  f0r  when(WHEN) : out of interval
Error: &f0r: no such variable.
Note: Starting dynamic gmin stepping
Warning: Dynamic gmin stepping failed
Note: Starting true gmin stepping
Note: True gmin stepping completed
Note: Starting dynamic gmin stepping
Warning: Dynamic gmin stepping failed
Note: Starting true gmin stepping
Note: True gmin stepping completed
Note: Starting dynamic gmin stepping
Warning: Dynamic gmin stepping failed
Note: Starting true gmin stepping
Note: True gmin stepping completed

Error: measure  f0r  when(WHEN) : out of interval
Error: &f0r: no such variable.
Note: Starting dynamic gmin stepping
Warning: Dynamic gmin stepping failed
Note: Starting true gmin stepping
Note: True gmin stepping completed
Note: Starting dynamic gmin stepping
Warning: Dynamic gmin stepping failed
Note: Starting true gmin stepping
Note: True gmin stepping completed
Note: Starting dynamic gmin stepping
Warning: Dynamic gmin stepping failed
Note: Starting true gmin stepping
Note: True gmin stepping completed

Error: measure  f0r  when(WHEN) : out of interval
Error: &f0r: no such variable.
Note: Starting dynamic gmin stepping
Warning: Dynamic gmin stepping failed
Note: Starting true gmin stepping
Note: True gmin stepping completed
Note: Starting dynamic gmin stepping
Warning: Dynamic gmin stepping failed
Note: Starting true gmin stepping
Note: True gmin stepping completed
Note: Starting dynamic gmin stepping
Warning: Dynamic gmin stepping failed
Note: Starting true gmin stepping
Note: True gmin stepping completed

Error: measure  f0r  when(WHEN) : out of interval
Error: &f0r: no such variable.
Note: Starting dynamic gmin stepping
Warning: Dynamic gmin stepping failed
Note: Starting true gmin stepping
Note: True gmin stepping completed
Note: Starting dynamic gmin stepping
Warning: Dynamic gmin stepping failed
Note: Starting true gmin stepping
Note: True gmin stepping completed
Note: Starting dynamic gmin stepping
Warning: Dynamic gmin stepping failed
Note: Starting true gmin stepping
Note: True gmin stepping completed

Error: measure  f0r  when(WHEN) : out of interval
Error: &f0r: no such variable.
Note: Starting dynamic gmin stepping
Warning: Dynamic gmin stepping failed
Note: Starting true gmin stepping
Note: True gmin stepping completed
Note: Starting dynamic gmin stepping
Warning: Dynamic gmin stepping failed
Note: Starting true gmin stepping
Note: True gmin stepping completed
Note: Starting dynamic gmin stepping
Warning: Dynamic gmin stepping failed
Note: Starting true gmin stepping
Note: True gmin stepping completed

Error: measure  f0r  when(WHEN) : out of interval
Error: &f0r: no such variable.
Note: Starting dynamic gmin stepping
Warning: Dynamic gmin stepping failed
Note: Starting true gmin stepping
Note: True gmin stepping completed
Note: Starting dynamic gmin stepping
Warning: Dynamic gmin stepping failed
Note: Starting true gmin stepping
Note: True gmin stepping completed
Note: Starting dynamic gmin stepping
Warning: Dynamic gmin stepping failed
Note: Starting true gmin stepping
Note: True gmin stepping completed

Error: measure  f0r  when(WHEN) : out of interval
Error: &f0r: no such variable.
Note: Starting dynamic gmin stepping
Warning: Dynamic gmin stepping failed
Note: Starting true gmin stepping
Note: True gmin stepping completed
Note: Starting dynamic gmin stepping
Warning: Dynamic gmin stepping failed
Note: Starting true gmin stepping
Note: True gmin stepping completed
Note: Starting dynamic gmin stepping
Warning: Dynamic gmin stepping failed
Note: Starting true gmin stepping
Note: True gmin stepping completed

Error: measure  f0r  when(WHEN) : out of interval
Error: &f0r: no such variable.
Note: Starting dynamic gmin stepping
Note: Dynamic gmin stepping completed
Note: Starting dynamic gmin stepping
Note: Dynamic gmin stepping completed
Note: Starting dynamic gmin stepping
Note: Dynamic gmin stepping completed

Error: measure  f0r  when(WHEN) : out of interval
Error: &f0r: no such variable.
Note: Starting dynamic gmin stepping
Note: Dynamic gmin stepping completed
Note: Starting dynamic gmin stepping
Note: Dynamic gmin stepping completed
Note: Starting dynamic gmin stepping
Note: Dynamic gmin stepping completed

Error: measure  f0r  when(WHEN) : out of interval
Error: &f0r: no such variable.
Note: Starting dynamic gmin stepping
Note: Dynamic gmin stepping completed
Note: Starting dynamic gmin stepping
Note: Dynamic gmin stepping completed
Note: Starting dynamic gmin stepping
Note: Dynamic gmin stepping completed

Error: measure  f0r  when(WHEN) : out of interval
Error: &f0r: no such variable.
Note: Starting dynamic gmin stepping
Note: Dynamic gmin stepping completed
Note: Starting dynamic gmin stepping
Note: Dynamic gmin stepping completed
Note: Starting dynamic gmin stepping
Note: Dynamic gmin stepping completed

Error: measure  f0r  when(WHEN) : out of interval
Error: &f0r: no such variable.
Note: Starting dynamic gmin stepping
Note: Dynamic gmin stepping completed
Note: Starting dynamic gmin stepping
Note: Dynamic gmin stepping completed
Note: Starting dynamic gmin stepping
Note: Dynamic gmin stepping completed

Error: measure  f0r  when(WHEN) : out of interval
Error: &f0r: no such variable.
Note: Starting dynamic gmin stepping
Note: Dynamic gmin stepping completed
Note: Starting dynamic gmin stepping
Note: Dynamic gmin stepping completed
Note: Starting dynamic gmin stepping
Note: Dynamic gmin stepping completed

Error: measure  f0r  when(WHEN) : out of interval
Error: &f0r: no such variable.
Note: Starting dynamic gmin stepping
Note: Dynamic gmin stepping completed
Note: Starting dynamic gmin stepping
Note: Dynamic gmin stepping completed
Note: Starting dynamic gmin stepping
Note: Dynamic gmin stepping completed

Error: measure  f0r  when(WHEN) : out of interval
Error: &f0r: no such variable.
Note: Starting dynamic gmin stepping
Note: Dynamic gmin stepping completed
Note: Starting dynamic gmin stepping
Note: Dynamic gmin stepping completed
Note: Starting dynamic gmin stepping
Note: Dynamic gmin stepping completed

Error: measure  f0r  when(WHEN) : out of interval
Error: &f0r: no such variable.
Note: Starting dynamic gmin stepping
Note: Dynamic gmin stepping completed
Note: Starting dynamic gmin stepping
Note: Dynamic gmin stepping completed
Note: Starting dynamic gmin stepping
Note: Dynamic gmin stepping completed

Error: measure  f0r  when(WHEN) : out of interval
Error: &f0r: no such variable.
Note: Starting dynamic gmin stepping
Note: Dynamic gmin stepping completed
Note: Starting dynamic gmin stepping
Note: Dynamic gmin stepping completed
Note: Starting dynamic gmin stepping
Note: Dynamic gmin stepping completed

Error: measure  f0r  when(WHEN) : out of interval
Error: &f0r: no such variable.
Note: Starting dynamic gmin stepping
Note: Dynamic gmin stepping completed
Note: Starting dynamic gmin stepping
Note: Dynamic gmin stepping completed
Note: Starting dynamic gmin stepping
Note: Dynamic gmin stepping completed

Error: measure  f0r  when(WHEN) : out of interval
Error: &f0r: no such variable.
Note: Starting dynamic gmin stepping
Note: Dynamic gmin stepping completed
Note: Starting dynamic gmin stepping
Note: Dynamic gmin stepping completed
Note: Starting dynamic gmin stepping
Note: Dynamic gmin stepping completed

Error: measure  f0r  when(WHEN) : out of interval
Error: &f0r: no such variable.
Note: Starting dynamic gmin stepping
Note: Dynamic gmin stepping completed
Note: Starting dynamic gmin stepping
Note: Dynamic gmin stepping completed
Note: Starting dynamic gmin stepping
Note: Dynamic gmin stepping completed

Error: measure  f0r  when(WHEN) : out of interval
Error: &f0r: no such variable.
Note: Starting dynamic gmin stepping
Note: Dynamic gmin stepping completed
Note: Starting dynamic gmin stepping
Note: Dynamic gmin stepping completed
Note: Starting dynamic gmin stepping
Note: Dynamic gmin stepping completed

Error: measure  f0r  when(WHEN) : out of interval
Error: &f0r: no such variable.
Note: Starting dynamic gmin stepping
Note: Dynamic gmin stepping completed
Note: Starting dynamic gmin stepping
Note: Dynamic gmin stepping completed
Note: Starting dynamic gmin stepping
Note: Dynamic gmin stepping completed

Error: measure  f0r  when(WHEN) : out of interval
Error: &f0r: no such variable.
Note: Starting dynamic gmin stepping
Note: Dynamic gmin stepping completed
Note: Starting dynamic gmin stepping
Note: Dynamic gmin stepping completed
Note: Starting dynamic gmin stepping
Note: Dynamic gmin stepping completed

Error: measure  f0r  when(WHEN) : out of interval
Error: &f0r: no such variable.
Note: Starting dynamic gmin stepping
Note: Dynamic gmin stepping completed
Note: Starting dynamic gmin stepping
Note: Dynamic gmin stepping completed
Note: Starting dynamic gmin stepping
Note: Dynamic gmin stepping completed

Error: measure  f0r  when(WHEN) : out of interval
Error: &f0r: no such variable.
Note: Starting dynamic gmin stepping
Note: Dynamic gmin stepping completed
Note: Starting dynamic gmin stepping
Note: Dynamic gmin stepping completed
Note: Starting dynamic gmin stepping
Note: Dynamic gmin stepping completed

Error: measure  f0r  when(WHEN) : out of interval
Error: &f0r: no such variable.
Note: Starting dynamic gmin stepping
Note: Dynamic gmin stepping completed
Note: Starting dynamic gmin stepping
Note: Dynamic gmin stepping completed
Note: Starting dynamic gmin stepping
Note: Dynamic gmin stepping completed

Error: measure  f0r  when(WHEN) : out of interval
Error: &f0r: no such variable.
Note: Starting dynamic gmin stepping
Note: Dynamic gmin stepping completed
Note: Starting dynamic gmin stepping
Note: Dynamic gmin stepping completed
Note: Starting dynamic gmin stepping
Note: Dynamic gmin stepping completed

Error: measure  f0r  when(WHEN) : out of interval
Error: &f0r: no such variable.
