
Note: No compatibility mode selected!


Circuit: * soft-start-loop-gain -- tian dual-injection loop-gain testbench for the ldo

* corner_id=sf_-40c_2.97v corner=sf temp_c=-40 vin_v=2.97
* phase=ramp variant=device iload_a=0 rload_ohm=36
* ac sweep: dec 400 0.01 1e9 ; Tian dual injection at ERRAMP_OUT->PASS_GATE
* columns: ROW ssr_cmd= ssr_v= fb_v= vout_v= isup_a= ceff_f= esr_ohm=
*          dcgain_db= f0_hz= phase_at_f0_deg= f180_hz= gain_at_f180_db=
*          f0_rising_hz= resurgence_db=
* (phase margin = 180 + phase_at_f0_deg ; gain margin = -gain_at_f180_db ;
*  resurgence_db = max |T| in dB above the first 0 dB crossing, DR-0008 ;
*  an empty f180/gain field means the phase never reaches -180 deg in band ;
*  ssr_cmd is what this deck COMMANDED the ramp node to, or 'free' when it
*  is not pinned; ssr_v/fb_v/vout_v are what the DC solve LANDED on)
* Fields are written key=value BECAUSE a failed meas leaves its value
* empty: with bare positional fields an empty one vanishes into the
* whitespace and every field after it is read as the wrong quantity.
Doing analysis at TEMP = -40.000000 and TNOM = 27.000000

Using SPARSE 1.3 as Direct Linear Solver

No. of Data Rows : 1
Doing analysis at TEMP = -40.000000 and TNOM = 27.000000

Using SPARSE 1.3 as Direct Linear Solver
 Reference value :  1.00000e-02
No. of Data Rows : 4401
Doing analysis at TEMP = -40.000000 and TNOM = 27.000000

Using SPARSE 1.3 as Direct Linear Solver
 Reference value :  1.00000e-02
No. of Data Rows : 4401
dcg                 =  1.18193e+02
f0                  =  2.53791e+05
phx                 =  -1.25208e+02
f180                =  7.87133e+05
gmx                 =  -1.29713e+01
 meas ac f0r when tdb=0 rise=1 failed!

tres                =  -5.06060e-01 at=  2.67609e+05
ROW ssr_cmd=0 ssr_v=0 fb_v=1.19965 vout_v=0.255813 isup_a=0.00713732 ceff_f=1e-06 esr_ohm=0.001 dcgain_db=118.193 f0_hz=253791 phase_at_f0_deg=-125.208 f180_hz=787133 gain_at_f180_db=-12.9713 f0_rising_hz= resurgence_db=-0.50606
Doing analysis at TEMP = -40.000000 and TNOM = 27.000000

Using SPARSE 1.3 as Direct Linear Solver
 Reference value :  0.00000e+00
No. of Data Rows : 1
Doing analysis at TEMP = -40.000000 and TNOM = 27.000000

Using SPARSE 1.3 as Direct Linear Solver
 Reference value :  2.03002e+07
No. of Data Rows : 4401
Doing analysis at TEMP = -40.000000 and TNOM = 27.000000

Using SPARSE 1.3 as Direct Linear Solver
 Reference value :  8.91251e+02
No. of Data Rows : 4401
dcg                 =  1.18193e+02
f0                  =  2.54200e+05
phx                 =  -1.20777e+02
f180                =  9.82152e+05
gmx                 =  -1.61560e+01
 meas ac f0r when tdb=0 rise=1 failed!

tres                =  -4.87750e-01 at=  2.67609e+05
ROW ssr_cmd=0 ssr_v=0 fb_v=1.19965 vout_v=0.255813 isup_a=0.00713732 ceff_f=1e-06 esr_ohm=0.05 dcgain_db=118.193 f0_hz=254200 phase_at_f0_deg=-120.777 f180_hz=982152 gain_at_f180_db=-16.156 f0_rising_hz= resurgence_db=-0.48775
Doing analysis at TEMP = -40.000000 and TNOM = 27.000000

Using SPARSE 1.3 as Direct Linear Solver

No. of Data Rows : 1
Doing analysis at TEMP = -40.000000 and TNOM = 27.000000

Using SPARSE 1.3 as Direct Linear Solver
 Reference value :  1.00000e-02
No. of Data Rows : 4401
Doing analysis at TEMP = -40.000000 and TNOM = 27.000000

Using SPARSE 1.3 as Direct Linear Solver
 Reference value :  1.00000e-02
 Reference value :  1.26619e+08
No. of Data Rows : 4401
dcg                 =  1.18193e+02
f0                  =  2.56102e+05
phx                 =  -1.16399e+02
f180                =  1.28199e+06
gmx                 =  -1.93874e+01
 meas ac f0r when tdb=0 rise=1 failed!

tres                =  -4.63587e-01 at=  2.69153e+05
ROW ssr_cmd=0 ssr_v=0 fb_v=1.19965 vout_v=0.255813 isup_a=0.00713732 ceff_f=1e-06 esr_ohm=0.1 dcgain_db=118.193 f0_hz=256102 phase_at_f0_deg=-116.399 f180_hz=1.282E+06 gain_at_f180_db=-19.3874 f0_rising_hz= resurgence_db=-0.463587
Doing analysis at TEMP = -40.000000 and TNOM = 27.000000

Using SPARSE 1.3 as Direct Linear Solver

No. of Data Rows : 1
Doing analysis at TEMP = -40.000000 and TNOM = 27.000000

Using SPARSE 1.3 as Direct Linear Solver
 Reference value :  1.00000e-02
 Reference value :  6.16595e+08
No. of Data Rows : 4401
Doing analysis at TEMP = -40.000000 and TNOM = 27.000000

Using SPARSE 1.3 as Direct Linear Solver
 Reference value :  1.87284e+03
No. of Data Rows : 4401
dcg                 =  1.18193e+02
f0                  =  2.64842e+05
phx                 =  -1.08037e+02
f180                =  1.77637e+06
gmx                 =  -2.09543e+01
 meas ac f0r when tdb=0 rise=1 failed!

tres                =  -4.41265e-01 at=  2.78612e+05
ROW ssr_cmd=0 ssr_v=0 fb_v=1.19965 vout_v=0.255813 isup_a=0.00713732 ceff_f=1e-06 esr_ohm=0.2 dcgain_db=118.193 f0_hz=264842 phase_at_f0_deg=-108.037 f180_hz=1.77637E+06 gain_at_f180_db=-20.9543 f0_rising_hz= resurgence_db=-0.441265
Doing analysis at TEMP = -40.000000 and TNOM = 27.000000

Using SPARSE 1.3 as Direct Linear Solver
 Reference value :  0.00000e+00
No. of Data Rows : 1
Doing analysis at TEMP = -40.000000 and TNOM = 27.000000

Using SPARSE 1.3 as Direct Linear Solver
 Reference value :  3.44747e+02
No. of Data Rows : 4401
Doing analysis at TEMP = -40.000000 and TNOM = 27.000000

Using SPARSE 1.3 as Direct Linear Solver
 Reference value :  1.00000e-02
No. of Data Rows : 4401
dcg                 =  1.18193e+02
f0                  =  3.61010e+05
phx                 =  -8.80958e+01
f180                =  2.15379e+06
gmx                 =  -1.67843e+01
 meas ac f0r when tdb=0 rise=1 failed!

tres                =  -2.76844e-01 at=  3.80189e+05
ROW ssr_cmd=0 ssr_v=0 fb_v=1.19965 vout_v=0.255813 isup_a=0.00713732 ceff_f=1e-06 esr_ohm=0.5 dcgain_db=118.193 f0_hz=361010 phase_at_f0_deg=-88.0958 f180_hz=2.15379E+06 gain_at_f180_db=-16.7843 f0_rising_hz= resurgence_db=-0.276844
Doing analysis at TEMP = -40.000000 and TNOM = 27.000000

Using SPARSE 1.3 as Direct Linear Solver
 Reference value :  0.00000e+00
No. of Data Rows : 1
Doing analysis at TEMP = -40.000000 and TNOM = 27.000000

Using SPARSE 1.3 as Direct Linear Solver
 Reference value :  8.41395e+03
No. of Data Rows : 4401
Doing analysis at TEMP = -40.000000 and TNOM = 27.000000

Using SPARSE 1.3 as Direct Linear Solver
 Reference value :  1.00000e-02
 Reference value :  1.38835e+08
No. of Data Rows : 4401
dcg                 =  1.18193e+02
f0                  =  5.96978e+04
phx                 =  -1.19938e+02
f180                =  7.95935e+05
gmx                 =  -2.65746e+01
 meas ac f0r when tdb=0 rise=1 failed!

tres                =  -4.91525e-01 at=  6.27336e+04
ROW ssr_cmd=0 ssr_v=0 fb_v=1.19965 vout_v=0.255813 isup_a=0.00713732 ceff_f=4.7e-06 esr_ohm=0.001 dcgain_db=118.193 f0_hz=59697.8 phase_at_f0_deg=-119.938 f180_hz=795935 gain_at_f180_db=-26.5746 f0_rising_hz= resurgence_db=-0.491525
Doing analysis at TEMP = -40.000000 and TNOM = 27.000000

Using SPARSE 1.3 as Direct Linear Solver

No. of Data Rows : 1
Doing analysis at TEMP = -40.000000 and TNOM = 27.000000

Using SPARSE 1.3 as Direct Linear Solver
 Reference value :  1.00000e-02
No. of Data Rows : 4401
Doing analysis at TEMP = -40.000000 and TNOM = 27.000000

Using SPARSE 1.3 as Direct Linear Solver
 Reference value :  1.00000e-02
No. of Data Rows : 4401
dcg                 =  1.18193e+02
f0                  =  5.98254e+04
phx                 =  -1.14960e+02
f180                =  1.87024e+06
gmx                 =  -3.39800e+01
 meas ac f0r when tdb=0 rise=1 failed!

tres                =  -5.23092e-01 at=  6.30957e+04
ROW ssr_cmd=0 ssr_v=0 fb_v=1.19965 vout_v=0.255813 isup_a=0.00713732 ceff_f=4.7e-06 esr_ohm=0.05 dcgain_db=118.193 f0_hz=59825.4 phase_at_f0_deg=-114.96 f180_hz=1.87024E+06 gain_at_f180_db=-33.98 f0_rising_hz= resurgence_db=-0.523092
Doing analysis at TEMP = -40.000000 and TNOM = 27.000000

Using SPARSE 1.3 as Direct Linear Solver
 Reference value :  0.00000e+00
No. of Data Rows : 1
Doing analysis at TEMP = -40.000000 and TNOM = 27.000000

Using SPARSE 1.3 as Direct Linear Solver
 Reference value :  2.11349e+08
No. of Data Rows : 4401
Doing analysis at TEMP = -40.000000 and TNOM = 27.000000

Using SPARSE 1.3 as Direct Linear Solver
 Reference value :  3.27341e+01
No. of Data Rows : 4401
dcg                 =  1.18193e+02
f0                  =  6.03653e+04
phx                 =  -1.09770e+02
f180                =  2.13967e+06
gmx                 =  -3.05215e+01
 meas ac f0r when tdb=0 rise=1 failed!

tres                =  -4.79956e-01 at=  6.34600e+04
ROW ssr_cmd=0 ssr_v=0 fb_v=1.19965 vout_v=0.255813 isup_a=0.00713732 ceff_f=4.7e-06 esr_ohm=0.1 dcgain_db=118.193 f0_hz=60365.3 phase_at_f0_deg=-109.77 f180_hz=2.13967E+06 gain_at_f180_db=-30.5215 f0_rising_hz= resurgence_db=-0.479956
Doing analysis at TEMP = -40.000000 and TNOM = 27.000000

Using SPARSE 1.3 as Direct Linear Solver
 Reference value :  0.00000e+00
No. of Data Rows : 1
Doing analysis at TEMP = -40.000000 and TNOM = 27.000000

Using SPARSE 1.3 as Direct Linear Solver
 Reference value :  1.89452e+01
No. of Data Rows : 4401
Doing analysis at TEMP = -40.000000 and TNOM = 27.000000

Using SPARSE 1.3 as Direct Linear Solver
 Reference value :  1.00000e-02
 Reference value :  2.29087e+08
No. of Data Rows : 4401
dcg                 =  1.18193e+02
f0                  =  6.28532e+04
phx                 =  -9.89440e+01
f180                =  2.26845e+06
gmx                 =  -2.55794e+01
 meas ac f0r when tdb=0 rise=1 failed!

tres                =  -4.33370e-01 at=  6.60693e+04
ROW ssr_cmd=0 ssr_v=0 fb_v=1.19965 vout_v=0.255813 isup_a=0.00713732 ceff_f=4.7e-06 esr_ohm=0.2 dcgain_db=118.193 f0_hz=62853.2 phase_at_f0_deg=-98.944 f180_hz=2.26845E+06 gain_at_f180_db=-25.5794 f0_rising_hz= resurgence_db=-0.433371
Doing analysis at TEMP = -40.000000 and TNOM = 27.000000

Using SPARSE 1.3 as Direct Linear Solver

No. of Data Rows : 1
Doing analysis at TEMP = -40.000000 and TNOM = 27.000000

Using SPARSE 1.3 as Direct Linear Solver
 Reference value :  1.00000e-02
 Reference value :  2.60016e+08
No. of Data Rows : 4401
Doing analysis at TEMP = -40.000000 and TNOM = 27.000000

Using SPARSE 1.3 as Direct Linear Solver
 Reference value :  1.02920e+01
No. of Data Rows : 4401
dcg                 =  1.18193e+02
f0                  =  1.00253e+05
phx                 =  -5.97938e+01
f180                =  2.34106e+06
gmx                 =  -1.82617e+01
 meas ac f0r when tdb=0 rise=1 failed!

tres                =  -1.52303e-01 at=  1.05317e+05
ROW ssr_cmd=0 ssr_v=0 fb_v=1.19965 vout_v=0.255813 isup_a=0.00713732 ceff_f=4.7e-06 esr_ohm=0.5 dcgain_db=118.193 f0_hz=100253 phase_at_f0_deg=-59.7938 f180_hz=2.34106E+06 gain_at_f180_db=-18.2617 f0_rising_hz= resurgence_db=-0.152303
Doing analysis at TEMP = -40.000000 and TNOM = 27.000000

Using SPARSE 1.3 as Direct Linear Solver
 Reference value :  0.00000e+00
No. of Data Rows : 1
Doing analysis at TEMP = -40.000000 and TNOM = 27.000000

Using SPARSE 1.3 as Direct Linear Solver
 Reference value :  9.66051e-02
No. of Data Rows : 4401
Doing analysis at TEMP = -40.000000 and TNOM = 27.000000

Using SPARSE 1.3 as Direct Linear Solver
 Reference value :  1.00000e-02
 Reference value :  1.32587e+08
No. of Data Rows : 4401
dcg                 =  1.18821e+02
f0                  =  2.62529e+05
phx                 =  -1.26571e+02
f180                =  7.84149e+05
gmx                 =  -1.26384e+01
 meas ac f0r when tdb=0 rise=1 failed!

tres                =  -5.17452e-01 at=  2.77013e+05
ROW ssr_cmd=0.05 ssr_v=0.05 fb_v=1.19965 vout_v=0.293398 isup_a=0.00818106 ceff_f=1e-06 esr_ohm=0.001 dcgain_db=118.821 f0_hz=262529 phase_at_f0_deg=-126.571 f180_hz=784149 gain_at_f180_db=-12.6384 f0_rising_hz= resurgence_db=-0.517452
Doing analysis at TEMP = -40.000000 and TNOM = 27.000000

Using SPARSE 1.3 as Direct Linear Solver

No. of Data Rows : 1
Doing analysis at TEMP = -40.000000 and TNOM = 27.000000

Using SPARSE 1.3 as Direct Linear Solver
 Reference value :  1.00000e-02
 Reference value :  1.33352e+08
No. of Data Rows : 4401
Doing analysis at TEMP = -40.000000 and TNOM = 27.000000

Using SPARSE 1.3 as Direct Linear Solver
 Reference value :  4.00405e-01
No. of Data Rows : 4401
dcg                 =  1.18821e+02
f0                  =  2.63000e+05
phx                 =  -1.21993e+02
f180                =  9.79145e+05
gmx                 =  -1.58354e+01
 meas ac f0r when tdb=0 rise=1 failed!

tres                =  -4.96995e-01 at=  2.77013e+05
ROW ssr_cmd=0.05 ssr_v=0.05 fb_v=1.19965 vout_v=0.293398 isup_a=0.00818106 ceff_f=1e-06 esr_ohm=0.05 dcgain_db=118.821 f0_hz=263000 phase_at_f0_deg=-121.993 f180_hz=979145 gain_at_f180_db=-15.8354 f0_rising_hz= resurgence_db=-0.496995
Doing analysis at TEMP = -40.000000 and TNOM = 27.000000

Using SPARSE 1.3 as Direct Linear Solver
 Reference value :  0.00000e+00
No. of Data Rows : 1
Doing analysis at TEMP = -40.000000 and TNOM = 27.000000

Using SPARSE 1.3 as Direct Linear Solver
 Reference value :  6.09537e-02
No. of Data Rows : 4401
Doing analysis at TEMP = -40.000000 and TNOM = 27.000000

Using SPARSE 1.3 as Direct Linear Solver
 Reference value :  1.00000e-02
 Reference value :  4.86968e+08
No. of Data Rows : 4401
dcg                 =  1.18821e+02
f0                  =  2.65113e+05
phx                 =  -1.17478e+02
f180                =  1.27974e+06
gmx                 =  -1.90883e+01
 meas ac f0r when tdb=0 rise=1 failed!

tres                =  -4.66958e-01 at=  2.78612e+05
ROW ssr_cmd=0.05 ssr_v=0.05 fb_v=1.19965 vout_v=0.293398 isup_a=0.00818106 ceff_f=1e-06 esr_ohm=0.1 dcgain_db=118.821 f0_hz=265113 phase_at_f0_deg=-117.478 f180_hz=1.27974E+06 gain_at_f180_db=-19.0883 f0_rising_hz= resurgence_db=-0.466958
Doing analysis at TEMP = -40.000000 and TNOM = 27.000000

Using SPARSE 1.3 as Direct Linear Solver

No. of Data Rows : 1
Doing analysis at TEMP = -40.000000 and TNOM = 27.000000

Using SPARSE 1.3 as Direct Linear Solver
 Reference value :  1.00000e-02
No. of Data Rows : 4401
Doing analysis at TEMP = -40.000000 and TNOM = 27.000000

Using SPARSE 1.3 as Direct Linear Solver
 Reference value :  1.00000e-02
No. of Data Rows : 4401
dcg                 =  1.18821e+02
f0                  =  2.74787e+05
phx                 =  -1.08890e+02
f180                =  1.77589e+06
gmx                 =  -2.06738e+01
 meas ac f0r when tdb=0 rise=1 failed!

tres                =  -4.73244e-01 at=  2.90068e+05
ROW ssr_cmd=0.05 ssr_v=0.05 fb_v=1.19965 vout_v=0.293398 isup_a=0.00818106 ceff_f=1e-06 esr_ohm=0.2 dcgain_db=118.821 f0_hz=274787 phase_at_f0_deg=-108.89 f180_hz=1.77589E+06 gain_at_f180_db=-20.6738 f0_rising_hz= resurgence_db=-0.473244
Doing analysis at TEMP = -40.000000 and TNOM = 27.000000

Using SPARSE 1.3 as Direct Linear Solver
 Reference value :  0.00000e+00
No. of Data Rows : 1
Doing analysis at TEMP = -40.000000 and TNOM = 27.000000

Using SPARSE 1.3 as Direct Linear Solver
 Reference value :  1.58489e+00
No. of Data Rows : 4401
Doing analysis at TEMP = -40.000000 and TNOM = 27.000000

Using SPARSE 1.3 as Direct Linear Solver
 Reference value :  1.00000e-02
 Reference value :  3.07256e+08
No. of Data Rows : 4401
dcg                 =  1.18821e+02
f0                  =  3.82445e+05
phx                 =  -8.92022e+01
f180                =  2.15400e+06
gmx                 =  -1.65060e+01
 meas ac f0r when tdb=0 rise=1 failed!

tres                =  -2.75817e-01 at=  4.02717e+05
ROW ssr_cmd=0.05 ssr_v=0.05 fb_v=1.19965 vout_v=0.293398 isup_a=0.00818106 ceff_f=1e-06 esr_ohm=0.5 dcgain_db=118.821 f0_hz=382444 phase_at_f0_deg=-89.2022 f180_hz=2.154E+06 gain_at_f180_db=-16.506 f0_rising_hz= resurgence_db=-0.275817
Doing analysis at TEMP = -40.000000 and TNOM = 27.000000

Using SPARSE 1.3 as Direct Linear Solver

No. of Data Rows : 1
Doing analysis at TEMP = -40.000000 and TNOM = 27.000000

Using SPARSE 1.3 as Direct Linear Solver
 Reference value :  1.00000e-02
 Reference value :  2.35776e+08
No. of Data Rows : 4401
Doing analysis at TEMP = -40.000000 and TNOM = 27.000000

Using SPARSE 1.3 as Direct Linear Solver
 Reference value :  3.56862e-02
No. of Data Rows : 4401
dcg                 =  1.18821e+02
f0                  =  6.22618e+04
phx                 =  -1.20299e+02
f180                =  7.92911e+05
gmx                 =  -2.62412e+01
 meas ac f0r when tdb=0 rise=1 failed!

tres                =  -5.32165e-01 at=  6.56901e+04
ROW ssr_cmd=0.05 ssr_v=0.05 fb_v=1.19965 vout_v=0.293398 isup_a=0.00818106 ceff_f=4.7e-06 esr_ohm=0.001 dcgain_db=118.821 f0_hz=62261.8 phase_at_f0_deg=-120.299 f180_hz=792911 gain_at_f180_db=-26.2412 f0_rising_hz= resurgence_db=-0.532165
Doing analysis at TEMP = -40.000000 and TNOM = 27.000000

Using SPARSE 1.3 as Direct Linear Solver
 Reference value :  0.00000e+00
No. of Data Rows : 1
Doing analysis at TEMP = -40.000000 and TNOM = 27.000000

Using SPARSE 1.3 as Direct Linear Solver
 Reference value :  4.21697e-01
No. of Data Rows : 4401
Doing analysis at TEMP = -40.000000 and TNOM = 27.000000

Using SPARSE 1.3 as Direct Linear Solver
 Reference value :  1.00000e-02
 Reference value :  3.01995e+08
No. of Data Rows : 4401
dcg                 =  1.18821e+02
f0                  =  6.24127e+04
phx                 =  -1.15106e+02
f180                =  1.86998e+06
gmx                 =  -3.36995e+01
 meas ac f0r when tdb=0 rise=1 failed!

tres                =  -5.04015e-01 at=  6.56901e+04
ROW ssr_cmd=0.05 ssr_v=0.05 fb_v=1.19965 vout_v=0.293398 isup_a=0.00818106 ceff_f=4.7e-06 esr_ohm=0.05 dcgain_db=118.821 f0_hz=62412.7 phase_at_f0_deg=-115.106 f180_hz=1.86998E+06 gain_at_f180_db=-33.6995 f0_rising_hz= resurgence_db=-0.504016
Doing analysis at TEMP = -40.000000 and TNOM = 27.000000

Using SPARSE 1.3 as Direct Linear Solver

No. of Data Rows : 1
Doing analysis at TEMP = -40.000000 and TNOM = 27.000000

Using SPARSE 1.3 as Direct Linear Solver
 Reference value :  1.00000e-02
 Reference value :  7.89769e+08
No. of Data Rows : 4401
Doing analysis at TEMP = -40.000000 and TNOM = 27.000000

Using SPARSE 1.3 as Direct Linear Solver
 Reference value :  8.31764e+00
No. of Data Rows : 4401
dcg                 =  1.18821e+02
f0                  =  6.30318e+04
phx                 =  -1.09690e+02
f180                =  2.14000e+06
gmx                 =  -3.02426e+01
 meas ac f0r when tdb=0 rise=1 failed!

tres                =  -5.06717e-01 at=  6.64508e+04
ROW ssr_cmd=0.05 ssr_v=0.05 fb_v=1.19965 vout_v=0.293398 isup_a=0.00818106 ceff_f=4.7e-06 esr_ohm=0.1 dcgain_db=118.821 f0_hz=63031.8 phase_at_f0_deg=-109.69 f180_hz=2.14E+06 gain_at_f180_db=-30.2426 f0_rising_hz= resurgence_db=-0.506717
Doing analysis at TEMP = -40.000000 and TNOM = 27.000000

Using SPARSE 1.3 as Direct Linear Solver
 Reference value :  0.00000e+00
No. of Data Rows : 1
Doing analysis at TEMP = -40.000000 and TNOM = 27.000000

Using SPARSE 1.3 as Direct Linear Solver
 Reference value :  1.94984e-01
No. of Data Rows : 4401
Doing analysis at TEMP = -40.000000 and TNOM = 27.000000

Using SPARSE 1.3 as Direct Linear Solver
 Reference value :  1.00000e-02
 Reference value :  8.86135e+08
No. of Data Rows : 4401
dcg                 =  1.18821e+02
f0                  =  6.58877e+04
phx                 =  -9.83825e+01
f180                =  2.26900e+06
gmx                 =  -2.53008e+01
 meas ac f0r when tdb=0 rise=1 failed!

tres                =  -4.20227e-01 at=  6.91831e+04
ROW ssr_cmd=0.05 ssr_v=0.05 fb_v=1.19965 vout_v=0.293398 isup_a=0.00818106 ceff_f=4.7e-06 esr_ohm=0.2 dcgain_db=118.821 f0_hz=65887.6 phase_at_f0_deg=-98.3825 f180_hz=2.269E+06 gain_at_f180_db=-25.3008 f0_rising_hz= resurgence_db=-0.420227
Doing analysis at TEMP = -40.000000 and TNOM = 27.000000

Using SPARSE 1.3 as Direct Linear Solver

No. of Data Rows : 1
Doing analysis at TEMP = -40.000000 and TNOM = 27.000000

Using SPARSE 1.3 as Direct Linear Solver
 Reference value :  1.00000e-02
 Reference value :  4.26580e+08
No. of Data Rows : 4401
Doing analysis at TEMP = -40.000000 and TNOM = 27.000000

Using SPARSE 1.3 as Direct Linear Solver
 Reference value :  2.67609e-02
No. of Data Rows : 4401
dcg                 =  1.18821e+02
f0                  =  1.13249e+05
phx                 =  -5.73605e+01
f180                =  2.34157e+06
gmx                 =  -1.79832e+01
 meas ac f0r when tdb=0 rise=1 failed!

tres                =  -1.44149e-01 at=  1.19536e+05
ROW ssr_cmd=0.05 ssr_v=0.05 fb_v=1.19965 vout_v=0.293398 isup_a=0.00818106 ceff_f=4.7e-06 esr_ohm=0.5 dcgain_db=118.821 f0_hz=113249 phase_at_f0_deg=-57.3605 f180_hz=2.34158E+06 gain_at_f180_db=-17.9832 f0_rising_hz= resurgence_db=-0.14415
Doing analysis at TEMP = -40.000000 and TNOM = 27.000000

Using SPARSE 1.3 as Direct Linear Solver
 Reference value :  0.00000e+00
No. of Data Rows : 1
Doing analysis at TEMP = -40.000000 and TNOM = 27.000000

Using SPARSE 1.3 as Direct Linear Solver
 Reference value :  3.07256e-02
No. of Data Rows : 4401
Doing analysis at TEMP = -40.000000 and TNOM = 27.000000

Using SPARSE 1.3 as Direct Linear Solver
 Reference value :  1.00000e-02
No. of Data Rows : 4401
dcg                 =  1.20112e+02
f0                  =  2.83326e+05
phx                 =  -1.29889e+02
f180                =  7.73047e+05
gmx                 =  -1.18271e+01
 meas ac f0r when tdb=0 rise=1 failed!

tres                =  -5.16285e-01 at=  2.98538e+05
ROW ssr_cmd=0.15 ssr_v=0.15 fb_v=1.19965 vout_v=0.396893 isup_a=0.0110551 ceff_f=1e-06 esr_ohm=0.001 dcgain_db=120.112 f0_hz=283326 phase_at_f0_deg=-129.889 f180_hz=773047 gain_at_f180_db=-11.8271 f0_rising_hz= resurgence_db=-0.516285
Doing analysis at TEMP = -40.000000 and TNOM = 27.000000

Using SPARSE 1.3 as Direct Linear Solver
 Reference value :  0.00000e+00
No. of Data Rows : 1
Doing analysis at TEMP = -40.000000 and TNOM = 27.000000

Using SPARSE 1.3 as Direct Linear Solver
 Reference value :  1.53109e-01
No. of Data Rows : 4401
Doing analysis at TEMP = -40.000000 and TNOM = 27.000000

Using SPARSE 1.3 as Direct Linear Solver
 Reference value :  1.00000e-02
 Reference value :  4.98310e+08
No. of Data Rows : 4401
dcg                 =  1.20112e+02
f0                  =  2.83962e+05
phx                 =  -1.24962e+02
f180                =  9.65854e+05
gmx                 =  -1.50386e+01
 meas ac f0r when tdb=0 rise=1 failed!

tres                =  -4.90638e-01 at=  2.98538e+05
ROW ssr_cmd=0.15 ssr_v=0.15 fb_v=1.19965 vout_v=0.396893 isup_a=0.0110551 ceff_f=1e-06 esr_ohm=0.05 dcgain_db=120.112 f0_hz=283962 phase_at_f0_deg=-124.963 f180_hz=965854 gain_at_f180_db=-15.0386 f0_rising_hz= resurgence_db=-0.490638
Doing analysis at TEMP = -40.000000 and TNOM = 27.000000

Using SPARSE 1.3 as Direct Linear Solver

No. of Data Rows : 1
Doing analysis at TEMP = -40.000000 and TNOM = 27.000000

Using SPARSE 1.3 as Direct Linear Solver
 Reference value :  1.00000e-02
 Reference value :  5.88844e+08
No. of Data Rows : 4401
Doing analysis at TEMP = -40.000000 and TNOM = 27.000000

Using SPARSE 1.3 as Direct Linear Solver
 Reference value :  8.17523e-02
No. of Data Rows : 4401
dcg                 =  1.20112e+02
f0                  =  2.86619e+05
phx                 =  -1.20132e+02
f180                =  1.26494e+06
gmx                 =  -1.83359e+01
 meas ac f0r when tdb=0 rise=1 failed!

tres                =  -5.02076e-01 at=  3.01995e+05
ROW ssr_cmd=0.15 ssr_v=0.15 fb_v=1.19965 vout_v=0.396893 isup_a=0.0110551 ceff_f=1e-06 esr_ohm=0.1 dcgain_db=120.112 f0_hz=286619 phase_at_f0_deg=-120.132 f180_hz=1.26494E+06 gain_at_f180_db=-18.3359 f0_rising_hz= resurgence_db=-0.502076
Doing analysis at TEMP = -40.000000 and TNOM = 27.000000

Using SPARSE 1.3 as Direct Linear Solver
 Reference value :  0.00000e+00
No. of Data Rows : 1
Doing analysis at TEMP = -40.000000 and TNOM = 27.000000

Using SPARSE 1.3 as Direct Linear Solver
 Reference value :  1.54882e-01
No. of Data Rows : 4401
Doing analysis at TEMP = -40.000000 and TNOM = 27.000000

Using SPARSE 1.3 as Direct Linear Solver
 Reference value :  1.00000e-02
No. of Data Rows : 4401
dcg                 =  1.20112e+02
f0                  =  2.98722e+05
phx                 =  -1.11043e+02
f180                =  1.76259e+06
gmx                 =  -1.99911e+01
 meas ac f0r when tdb=0 rise=1 failed!

tres                =  -4.53642e-01 at=  3.14413e+05
ROW ssr_cmd=0.15 ssr_v=0.15 fb_v=1.19965 vout_v=0.396893 isup_a=0.0110551 ceff_f=1e-06 esr_ohm=0.2 dcgain_db=120.112 f0_hz=298722 phase_at_f0_deg=-111.043 f180_hz=1.76259E+06 gain_at_f180_db=-19.9911 f0_rising_hz= resurgence_db=-0.453642
Doing analysis at TEMP = -40.000000 and TNOM = 27.000000

Using SPARSE 1.3 as Direct Linear Solver
 Reference value :  0.00000e+00
No. of Data Rows : 1
Doing analysis at TEMP = -40.000000 and TNOM = 27.000000

Using SPARSE 1.3 as Direct Linear Solver
 Reference value :  6.27336e-02
No. of Data Rows : 4401
Doing analysis at TEMP = -40.000000 and TNOM = 27.000000

Using SPARSE 1.3 as Direct Linear Solver
 Reference value :  1.00000e-02
 Reference value :  3.65174e+08
No. of Data Rows : 4401
dcg                 =  1.20112e+02
f0                  =  4.34975e+05
phx                 =  -9.24783e+01
f180                =  2.14140e+06
gmx                 =  -1.58450e+01
 meas ac f0r when tdb=0 rise=1 failed!

tres                =  -2.71476e-01 at=  4.57088e+05
ROW ssr_cmd=0.15 ssr_v=0.15 fb_v=1.19965 vout_v=0.396893 isup_a=0.0110551 ceff_f=1e-06 esr_ohm=0.5 dcgain_db=120.112 f0_hz=434975 phase_at_f0_deg=-92.4783 f180_hz=2.1414E+06 gain_at_f180_db=-15.845 f0_rising_hz= resurgence_db=-0.271476
Doing analysis at TEMP = -40.000000 and TNOM = 27.000000

Using SPARSE 1.3 as Direct Linear Solver

No. of Data Rows : 1
Doing analysis at TEMP = -40.000000 and TNOM = 27.000000

Using SPARSE 1.3 as Direct Linear Solver
 Reference value :  1.00000e-02
 Reference value :  2.31739e+08
No. of Data Rows : 4401
Doing analysis at TEMP = -40.000000 and TNOM = 27.000000

Using SPARSE 1.3 as Direct Linear Solver
 Reference value :  1.00000e-02
 Reference value :  5.04081e+08
No. of Data Rows : 4401
dcg                 =  1.20112e+02
f0                  =  6.83057e+04
phx                 =  -1.20884e+02
f180                =  7.81592e+05
gmx                 =  -2.54273e+01
 meas ac f0r when tdb=0 rise=1 failed!

tres                =  -5.27566e-01 at=  7.20278e+04
ROW ssr_cmd=0.15 ssr_v=0.15 fb_v=1.19965 vout_v=0.396893 isup_a=0.0110551 ceff_f=4.7e-06 esr_ohm=0.001 dcgain_db=120.112 f0_hz=68305.7 phase_at_f0_deg=-120.883 f180_hz=781592 gain_at_f180_db=-25.4273 f0_rising_hz= resurgence_db=-0.527566
Doing analysis at TEMP = -40.000000 and TNOM = 27.000000

Using SPARSE 1.3 as Direct Linear Solver

No. of Data Rows : 1
Doing analysis at TEMP = -40.000000 and TNOM = 27.000000

Using SPARSE 1.3 as Direct Linear Solver
 Reference value :  1.00000e-02
No. of Data Rows : 4401
Doing analysis at TEMP = -40.000000 and TNOM = 27.000000

Using SPARSE 1.3 as Direct Linear Solver
 Reference value :  1.00000e-02
No. of Data Rows : 4401
dcg                 =  1.20112e+02
f0                  =  6.85218e+04
phx                 =  -1.15184e+02
f180                =  1.85694e+06
gmx                 =  -3.30218e+01
 meas ac f0r when tdb=0 rise=1 failed!

tres                =  -4.91377e-01 at=  7.20278e+04
ROW ssr_cmd=0.15 ssr_v=0.15 fb_v=1.19965 vout_v=0.396893 isup_a=0.0110551 ceff_f=4.7e-06 esr_ohm=0.05 dcgain_db=120.112 f0_hz=68521.8 phase_at_f0_deg=-115.184 f180_hz=1.85694E+06 gain_at_f180_db=-33.0218 f0_rising_hz= resurgence_db=-0.491377
Doing analysis at TEMP = -40.000000 and TNOM = 27.000000

Using SPARSE 1.3 as Direct Linear Solver
 Reference value :  0.00000e+00
No. of Data Rows : 1
Doing analysis at TEMP = -40.000000 and TNOM = 27.000000

Using SPARSE 1.3 as Direct Linear Solver
 Reference value :  4.89779e+00
No. of Data Rows : 4401
Doing analysis at TEMP = -40.000000 and TNOM = 27.000000

Using SPARSE 1.3 as Direct Linear Solver
 Reference value :  1.00000e-02
No. of Data Rows : 4401
dcg                 =  1.20112e+02
f0                  =  6.93602e+04
phx                 =  -1.09238e+02
f180                =  2.12772e+06
gmx                 =  -2.95796e+01
 meas ac f0r when tdb=0 rise=1 failed!

tres                =  -4.70206e-01 at=  7.28618e+04
ROW ssr_cmd=0.15 ssr_v=0.15 fb_v=1.19965 vout_v=0.396893 isup_a=0.0110551 ceff_f=4.7e-06 esr_ohm=0.1 dcgain_db=120.112 f0_hz=69360.2 phase_at_f0_deg=-109.238 f180_hz=2.12772E+06 gain_at_f180_db=-29.5796 f0_rising_hz= resurgence_db=-0.470207
Doing analysis at TEMP = -40.000000 and TNOM = 27.000000

Using SPARSE 1.3 as Direct Linear Solver
 Reference value :  0.00000e+00
No. of Data Rows : 1
Doing analysis at TEMP = -40.000000 and TNOM = 27.000000

Using SPARSE 1.3 as Direct Linear Solver
 Reference value :  3.44747e+00
No. of Data Rows : 4401
Doing analysis at TEMP = -40.000000 and TNOM = 27.000000

Using SPARSE 1.3 as Direct Linear Solver
 Reference value :  1.00000e-02
No. of Data Rows : 4401
dcg                 =  1.20112e+02
f0                  =  7.32528e+04
phx                 =  -9.67979e+01
f180                =  2.25688e+06
gmx                 =  -2.46422e+01
 meas ac f0r when tdb=0 rise=1 failed!

tres                =  -4.36841e-01 at=  7.71792e+04
ROW ssr_cmd=0.15 ssr_v=0.15 fb_v=1.19965 vout_v=0.396893 isup_a=0.0110551 ceff_f=4.7e-06 esr_ohm=0.2 dcgain_db=120.112 f0_hz=73252.8 phase_at_f0_deg=-96.7979 f180_hz=2.25688E+06 gain_at_f180_db=-24.6422 f0_rising_hz= resurgence_db=-0.436841
Doing analysis at TEMP = -40.000000 and TNOM = 27.000000

Using SPARSE 1.3 as Direct Linear Solver
 Reference value :  0.00000e+00
No. of Data Rows : 1
Doing analysis at TEMP = -40.000000 and TNOM = 27.000000

Using SPARSE 1.3 as Direct Linear Solver
 Reference value :  5.72137e+02
No. of Data Rows : 4401
Doing analysis at TEMP = -40.000000 and TNOM = 27.000000

Using SPARSE 1.3 as Direct Linear Solver
 Reference value :  1.00000e-02
No. of Data Rows : 4401
dcg                 =  1.20112e+02
f0                  =  1.61564e+05
phx                 =  -5.26541e+01
f180                =  2.32916e+06
gmx                 =  -1.73264e+01
 meas ac f0r when tdb=0 rise=1 failed!

tres                =  -9.02980e-02 at=  1.69824e+05
ROW ssr_cmd=0.15 ssr_v=0.15 fb_v=1.19965 vout_v=0.396893 isup_a=0.0110551 ceff_f=4.7e-06 esr_ohm=0.5 dcgain_db=120.112 f0_hz=161564 phase_at_f0_deg=-52.6541 f180_hz=2.32916E+06 gain_at_f180_db=-17.3264 f0_rising_hz= resurgence_db=-0.090298
Doing analysis at TEMP = -40.000000 and TNOM = 27.000000

Using SPARSE 1.3 as Direct Linear Solver
 Reference value :  0.00000e+00
No. of Data Rows : 1
Doing analysis at TEMP = -40.000000 and TNOM = 27.000000

Using SPARSE 1.3 as Direct Linear Solver
 Reference value :  1.30317e-02
No. of Data Rows : 4401
Doing analysis at TEMP = -40.000000 and TNOM = 27.000000

Using SPARSE 1.3 as Direct Linear Solver
 Reference value :  1.00000e-02
No. of Data Rows : 4401
dcg                 =  1.23239e+02
f0                  =  3.56328e+05
phx                 =  -1.40638e+02
f180                =  7.37985e+05
gmx                 =  -9.09761e+00
 meas ac f0r when tdb=0 rise=1 failed!

tres                =  -5.73870e-01 at=  3.75837e+05
ROW ssr_cmd=0.6 ssr_v=0.6 fb_v=1.19965 vout_v=0.987111 isup_a=0.0274452 ceff_f=1e-06 esr_ohm=0.001 dcgain_db=123.239 f0_hz=356328 phase_at_f0_deg=-140.638 f180_hz=737985 gain_at_f180_db=-9.09761 f0_rising_hz= resurgence_db=-0.57387
Doing analysis at TEMP = -40.000000 and TNOM = 27.000000

Using SPARSE 1.3 as Direct Linear Solver
 Reference value :  0.00000e+00
No. of Data Rows : 1
Doing analysis at TEMP = -40.000000 and TNOM = 27.000000

Using SPARSE 1.3 as Direct Linear Solver
 Reference value :  1.43714e-01
No. of Data Rows : 4401
Doing analysis at TEMP = -40.000000 and TNOM = 27.000000

Using SPARSE 1.3 as Direct Linear Solver
 Reference value :  1.00000e-02
 Reference value :  2.08930e+08
No. of Data Rows : 4401
dcg                 =  1.23239e+02
f0                  =  3.57843e+05
phx                 =  -1.34438e+02
f180                =  9.20589e+05
gmx                 =  -1.22839e+01
 meas ac f0r when tdb=0 rise=1 failed!

tres                =  -5.22646e-01 at=  3.75837e+05
ROW ssr_cmd=0.6 ssr_v=0.6 fb_v=1.19965 vout_v=0.987111 isup_a=0.0274452 ceff_f=1e-06 esr_ohm=0.05 dcgain_db=123.239 f0_hz=357843 phase_at_f0_deg=-134.438 f180_hz=920589 gain_at_f180_db=-12.2839 f0_rising_hz= resurgence_db=-0.522646
Doing analysis at TEMP = -40.000000 and TNOM = 27.000000

Using SPARSE 1.3 as Direct Linear Solver
 Reference value :  0.00000e+00
No. of Data Rows : 1
Doing analysis at TEMP = -40.000000 and TNOM = 27.000000

Using SPARSE 1.3 as Direct Linear Solver
 Reference value :  1.00000e-02
 Reference value :  2.54097e+08
No. of Data Rows : 4401
Doing analysis at TEMP = -40.000000 and TNOM = 27.000000

Using SPARSE 1.3 as Direct Linear Solver
 Reference value :  1.00000e-02
 Reference value :  3.48739e+08
No. of Data Rows : 4401
dcg                 =  1.23239e+02
f0                  =  3.62853e+05
phx                 =  -1.28649e+02
f180                =  1.19956e+06
gmx                 =  -1.55530e+01
 meas ac f0r when tdb=0 rise=1 failed!

tres                =  -5.43978e-01 at=  3.82384e+05
ROW ssr_cmd=0.6 ssr_v=0.6 fb_v=1.19965 vout_v=0.987111 isup_a=0.0274452 ceff_f=1e-06 esr_ohm=0.1 dcgain_db=123.239 f0_hz=362853 phase_at_f0_deg=-128.649 f180_hz=1.19956E+06 gain_at_f180_db=-15.553 f0_rising_hz= resurgence_db=-0.543978
Doing analysis at TEMP = -40.000000 and TNOM = 27.000000

Using SPARSE 1.3 as Direct Linear Solver
 Reference value :  0.00000e+00
No. of Data Rows : 1
Doing analysis at TEMP = -40.000000 and TNOM = 27.000000

Using SPARSE 1.3 as Direct Linear Solver
 Reference value :  1.00000e-02
No. of Data Rows : 4401
Doing analysis at TEMP = -40.000000 and TNOM = 27.000000

Using SPARSE 1.3 as Direct Linear Solver
 Reference value :  1.00000e-02
No. of Data Rows : 4401
dcg                 =  1.23239e+02
f0                  =  3.86048e+05
phx                 =  -1.18173e+02
f180                =  1.68314e+06
gmx                 =  -1.73768e+01
 meas ac f0r when tdb=0 rise=1 failed!

tres                =  -5.02152e-01 at=  4.07380e+05
ROW ssr_cmd=0.6 ssr_v=0.6 fb_v=1.19965 vout_v=0.987111 isup_a=0.0274452 ceff_f=1e-06 esr_ohm=0.2 dcgain_db=123.239 f0_hz=386048 phase_at_f0_deg=-118.173 f180_hz=1.68314E+06 gain_at_f180_db=-17.3768 f0_rising_hz= resurgence_db=-0.502152
Doing analysis at TEMP = -40.000000 and TNOM = 27.000000

Using SPARSE 1.3 as Direct Linear Solver
 Reference value :  0.00000e+00
No. of Data Rows : 1
Doing analysis at TEMP = -40.000000 and TNOM = 27.000000

Using SPARSE 1.3 as Direct Linear Solver
 Reference value :  9.27897e+02
No. of Data Rows : 4401
Doing analysis at TEMP = -40.000000 and TNOM = 27.000000

Using SPARSE 1.3 as Direct Linear Solver
 Reference value :  1.00000e-02
 Reference value :  6.79986e+08
No. of Data Rows : 4401
dcg                 =  1.23239e+02
f0                  =  6.26117e+05
phx                 =  -1.06528e+02
f180                =  2.05526e+06
gmx                 =  -1.33115e+01
 meas ac f0r when tdb=0 rise=1 failed!

tres                =  -3.70149e-01 at=  6.60693e+05
ROW ssr_cmd=0.6 ssr_v=0.6 fb_v=1.19965 vout_v=0.987111 isup_a=0.0274452 ceff_f=1e-06 esr_ohm=0.5 dcgain_db=123.239 f0_hz=626117 phase_at_f0_deg=-106.528 f180_hz=2.05526E+06 gain_at_f180_db=-13.3115 f0_rising_hz= resurgence_db=-0.370149
Doing analysis at TEMP = -40.000000 and TNOM = 27.000000

Using SPARSE 1.3 as Direct Linear Solver

No. of Data Rows : 1
Doing analysis at TEMP = -40.000000 and TNOM = 27.000000

Using SPARSE 1.3 as Direct Linear Solver
 Reference value :  1.00000e-02
No. of Data Rows : 4401
Doing analysis at TEMP = -40.000000 and TNOM = 27.000000

Using SPARSE 1.3 as Direct Linear Solver
 Reference value :  1.00000e-02
No. of Data Rows : 4401
dcg                 =  1.23239e+02
f0                  =  8.95445e+04
phx                 =  -1.21552e+02
f180                =  7.45612e+05
gmx                 =  -2.26840e+01
 meas ac f0r when tdb=0 rise=1 failed!

tres                =  -5.18608e-01 at=  9.44061e+04
ROW ssr_cmd=0.6 ssr_v=0.6 fb_v=1.19965 vout_v=0.987111 isup_a=0.0274452 ceff_f=4.7e-06 esr_ohm=0.001 dcgain_db=123.239 f0_hz=89544.5 phase_at_f0_deg=-121.552 f180_hz=745612 gain_at_f180_db=-22.684 f0_rising_hz= resurgence_db=-0.518607
Doing analysis at TEMP = -40.000000 and TNOM = 27.000000

Using SPARSE 1.3 as Direct Linear Solver
 Reference value :  0.00000e+00
No. of Data Rows : 1
Doing analysis at TEMP = -40.000000 and TNOM = 27.000000

Using SPARSE 1.3 as Direct Linear Solver
 Reference value :  9.77237e+00
No. of Data Rows : 4401
Doing analysis at TEMP = -40.000000 and TNOM = 27.000000

Using SPARSE 1.3 as Direct Linear Solver
 Reference value :  1.00000e-02
 Reference value :  4.26580e+08
No. of Data Rows : 4401
dcg                 =  1.23239e+02
f0                  =  9.01193e+04
phx                 =  -1.14060e+02
f180                =  1.78238e+06
gmx                 =  -3.04802e+01
 meas ac f0r when tdb=0 rise=1 failed!

tres                =  -5.03470e-01 at=  9.49511e+04
ROW ssr_cmd=0.6 ssr_v=0.6 fb_v=1.19965 vout_v=0.987111 isup_a=0.0274452 ceff_f=4.7e-06 esr_ohm=0.05 dcgain_db=123.239 f0_hz=90119.3 phase_at_f0_deg=-114.06 f180_hz=1.78238E+06 gain_at_f180_db=-30.4802 f0_rising_hz= resurgence_db=-0.50347
Doing analysis at TEMP = -40.000000 and TNOM = 27.000000

Using SPARSE 1.3 as Direct Linear Solver
 Reference value :  0.00000e+00
No. of Data Rows : 1
Doing analysis at TEMP = -40.000000 and TNOM = 27.000000

Using SPARSE 1.3 as Direct Linear Solver
 Reference value :  1.12202e-02
No. of Data Rows : 4401
Doing analysis at TEMP = -40.000000 and TNOM = 27.000000

Using SPARSE 1.3 as Direct Linear Solver
 Reference value :  1.00000e-02
 Reference value :  2.45471e+08
No. of Data Rows : 4401
dcg                 =  1.23239e+02
f0                  =  9.21655e+04
phx                 =  -1.06307e+02
f180                =  2.04296e+06
gmx                 =  -2.70381e+01
 meas ac f0r when tdb=0 rise=1 failed!

tres                =  -4.82464e-01 at=  9.71628e+04
ROW ssr_cmd=0.6 ssr_v=0.6 fb_v=1.19965 vout_v=0.987111 isup_a=0.0274452 ceff_f=4.7e-06 esr_ohm=0.1 dcgain_db=123.239 f0_hz=92165.5 phase_at_f0_deg=-106.307 f180_hz=2.04296E+06 gain_at_f180_db=-27.0381 f0_rising_hz= resurgence_db=-0.482464
Doing analysis at TEMP = -40.000000 and TNOM = 27.000000

Using SPARSE 1.3 as Direct Linear Solver
 Reference value :  0.00000e+00
No. of Data Rows : 1
Doing analysis at TEMP = -40.000000 and TNOM = 27.000000

Using SPARSE 1.3 as Direct Linear Solver
 Reference value :  2.88403e-02
No. of Data Rows : 4401
Doing analysis at TEMP = -40.000000 and TNOM = 27.000000

Using SPARSE 1.3 as Direct Linear Solver
 Reference value :  1.00000e-02
 Reference value :  2.57040e+08
No. of Data Rows : 4401
dcg                 =  1.23239e+02
f0                  =  1.02285e+05
phx                 =  -8.99544e+01
f180                =  2.16967e+06
gmx                 =  -2.21144e+01
 meas ac f0r when tdb=0 rise=1 failed!

tres                =  -3.77396e-01 at=  1.07771e+05
ROW ssr_cmd=0.6 ssr_v=0.6 fb_v=1.19965 vout_v=0.987111 isup_a=0.0274452 ceff_f=4.7e-06 esr_ohm=0.2 dcgain_db=123.239 f0_hz=102285 phase_at_f0_deg=-89.9544 f180_hz=2.16967E+06 gain_at_f180_db=-22.1144 f0_rising_hz= resurgence_db=-0.377396
Doing analysis at TEMP = -40.000000 and TNOM = 27.000000

Using SPARSE 1.3 as Direct Linear Solver

No. of Data Rows : 1
Doing analysis at TEMP = -40.000000 and TNOM = 27.000000

Using SPARSE 1.3 as Direct Linear Solver
 Reference value :  1.00000e-02
 Reference value :  9.82879e+08
No. of Data Rows : 4401
Doing analysis at TEMP = -40.000000 and TNOM = 27.000000

Using SPARSE 1.3 as Direct Linear Solver
 Reference value :  1.00000e-02
 Reference value :  1.24451e+08
No. of Data Rows : 4401
dcg                 =  1.23239e+02
f0                  =  5.04280e+05
phx                 =  -7.50085e+01
f180                =  2.23930e+06
gmx                 =  -1.48040e+01
 meas ac f0r when tdb=0 rise=1 failed!

tres                =  -1.97107e-01 at=  5.30884e+05
ROW ssr_cmd=0.6 ssr_v=0.6 fb_v=1.19965 vout_v=0.987111 isup_a=0.0274452 ceff_f=4.7e-06 esr_ohm=0.5 dcgain_db=123.239 f0_hz=504280 phase_at_f0_deg=-75.0085 f180_hz=2.2393E+06 gain_at_f180_db=-14.804 f0_rising_hz= resurgence_db=-0.197107
Doing analysis at TEMP = -40.000000 and TNOM = 27.000000

Using SPARSE 1.3 as Direct Linear Solver
 Reference value :  0.00000e+00
No. of Data Rows : 1
Doing analysis at TEMP = -40.000000 and TNOM = 27.000000

Using SPARSE 1.3 as Direct Linear Solver
 Reference value :  1.00000e-02
 Reference value :  8.26990e+07
No. of Data Rows : 4401
Doing analysis at TEMP = -40.000000 and TNOM = 27.000000

Using SPARSE 1.3 as Direct Linear Solver
 Reference value :  1.00000e-02
 Reference value :  1.04713e+08
No. of Data Rows : 4401
dcg                 =  1.24266e+02
f0                  =  4.02298e+05
phx                 =  -1.46598e+02
f180                =  7.24636e+05
gmx                 =  -7.55239e+00
 meas ac f0r when tdb=0 rise=1 failed!

tres                =  -5.97174e-01 at=  4.24131e+05
ROW ssr_cmd=1.15 ssr_v=1.15 fb_v=1.19965 vout_v=1.70548 isup_a=0.047394 ceff_f=1e-06 esr_ohm=0.001 dcgain_db=124.266 f0_hz=402298 phase_at_f0_deg=-146.598 f180_hz=724636 gain_at_f180_db=-7.55239 f0_rising_hz= resurgence_db=-0.597174
Doing analysis at TEMP = -40.000000 and TNOM = 27.000000

Using SPARSE 1.3 as Direct Linear Solver
 Reference value :  0.00000e+00
No. of Data Rows : 1
Doing analysis at TEMP = -40.000000 and TNOM = 27.000000

Using SPARSE 1.3 as Direct Linear Solver
 Reference value :  1.00000e-02
 Reference value :  1.93865e+08
No. of Data Rows : 4401
Doing analysis at TEMP = -40.000000 and TNOM = 27.000000

Using SPARSE 1.3 as Direct Linear Solver
 Reference value :  1.00000e-02
 Reference value :  3.31131e+08
No. of Data Rows : 4401
dcg                 =  1.24266e+02
f0                  =  4.04312e+05
phx                 =  -1.39734e+02
f180                =  8.97686e+05
gmx                 =  -1.06336e+01
 meas ac f0r when tdb=0 rise=1 failed!

tres                =  -5.99236e-01 at=  4.26580e+05
ROW ssr_cmd=1.15 ssr_v=1.15 fb_v=1.19965 vout_v=1.70548 isup_a=0.047394 ceff_f=1e-06 esr_ohm=0.05 dcgain_db=124.266 f0_hz=404312 phase_at_f0_deg=-139.734 f180_hz=897686 gain_at_f180_db=-10.6336 f0_rising_hz= resurgence_db=-0.599236
Doing analysis at TEMP = -40.000000 and TNOM = 27.000000

Using SPARSE 1.3 as Direct Linear Solver
 Reference value :  0.00000e+00
No. of Data Rows : 1
Doing analysis at TEMP = -40.000000 and TNOM = 27.000000

Using SPARSE 1.3 as Direct Linear Solver
 Reference value :  1.00000e-02
 Reference value :  7.94328e+08
No. of Data Rows : 4401
Doing analysis at TEMP = -40.000000 and TNOM = 27.000000

Using SPARSE 1.3 as Direct Linear Solver
 Reference value :  1.00000e-02
 Reference value :  7.58578e+08
No. of Data Rows : 4401
dcg                 =  1.24266e+02
f0                  =  4.11483e+05
phx                 =  -1.33280e+02
f180                =  1.16534e+06
gmx                 =  -1.38561e+01
 meas ac f0r when tdb=0 rise=1 failed!

tres                =  -5.77087e-01 at=  4.34010e+05
ROW ssr_cmd=1.15 ssr_v=1.15 fb_v=1.19965 vout_v=1.70548 isup_a=0.047394 ceff_f=1e-06 esr_ohm=0.1 dcgain_db=124.266 f0_hz=411483 phase_at_f0_deg=-133.28 f180_hz=1.16534E+06 gain_at_f180_db=-13.8561 f0_rising_hz= resurgence_db=-0.577087
Doing analysis at TEMP = -40.000000 and TNOM = 27.000000

Using SPARSE 1.3 as Direct Linear Solver
 Reference value :  0.00000e+00
No. of Data Rows : 1
Doing analysis at TEMP = -40.000000 and TNOM = 27.000000

Using SPARSE 1.3 as Direct Linear Solver
 Reference value :  1.00000e-02
 Reference value :  5.55904e+08
No. of Data Rows : 4401
Doing analysis at TEMP = -40.000000 and TNOM = 27.000000

Using SPARSE 1.3 as Direct Linear Solver
 Reference value :  1.00000e-02
 Reference value :  6.91831e+08
No. of Data Rows : 4401
dcg                 =  1.24266e+02
f0                  =  4.43888e+05
phx                 =  -1.22217e+02
f180                =  1.63410e+06
gmx                 =  -1.57254e+01
 meas ac f0r when tdb=0 rise=1 failed!

tres                =  -5.02998e-01 at=  4.67735e+05
ROW ssr_cmd=1.15 ssr_v=1.15 fb_v=1.19965 vout_v=1.70548 isup_a=0.047394 ceff_f=1e-06 esr_ohm=0.2 dcgain_db=124.266 f0_hz=443888 phase_at_f0_deg=-122.217 f180_hz=1.6341E+06 gain_at_f180_db=-15.7254 f0_rising_hz= resurgence_db=-0.502998
Doing analysis at TEMP = -40.000000 and TNOM = 27.000000

Using SPARSE 1.3 as Direct Linear Solver
 Reference value :  0.00000e+00
No. of Data Rows : 1
Doing analysis at TEMP = -40.000000 and TNOM = 27.000000

Using SPARSE 1.3 as Direct Linear Solver
 Reference value :  1.00000e-02
 Reference value :  7.54223e+08
No. of Data Rows : 4401
Doing analysis at TEMP = -40.000000 and TNOM = 27.000000

Using SPARSE 1.3 as Direct Linear Solver
 Reference value :  1.00000e-02
 Reference value :  7.41310e+08
No. of Data Rows : 4401
dcg                 =  1.24266e+02
f0                  =  7.45680e+05
phx                 =  -1.15578e+02
f180                =  1.99992e+06
gmx                 =  -1.17164e+01
 meas ac f0r when tdb=0 rise=1 failed!

tres                =  -4.13909e-01 at=  7.85236e+05
ROW ssr_cmd=1.15 ssr_v=1.15 fb_v=1.19965 vout_v=1.70548 isup_a=0.047394 ceff_f=1e-06 esr_ohm=0.5 dcgain_db=124.266 f0_hz=745680 phase_at_f0_deg=-115.578 f180_hz=1.99992E+06 gain_at_f180_db=-11.7164 f0_rising_hz= resurgence_db=-0.413909
Doing analysis at TEMP = -40.000000 and TNOM = 27.000000

Using SPARSE 1.3 as Direct Linear Solver
 Reference value :  0.00000e+00
No. of Data Rows : 1
Doing analysis at TEMP = -40.000000 and TNOM = 27.000000

Using SPARSE 1.3 as Direct Linear Solver
 Reference value :  1.00000e-02
No. of Data Rows : 4401
Doing analysis at TEMP = -40.000000 and TNOM = 27.000000

Using SPARSE 1.3 as Direct Linear Solver
 Reference value :  1.00000e-02
No. of Data Rows : 4401
dcg                 =  1.24266e+02
f0                  =  1.03362e+05
phx                 =  -1.21754e+02
f180                =  7.31653e+05
gmx                 =  -2.11257e+01
 meas ac f0r when tdb=0 rise=1 failed!

tres                =  -5.17360e-01 at=  1.09018e+05
ROW ssr_cmd=1.15 ssr_v=1.15 fb_v=1.19965 vout_v=1.70548 isup_a=0.047394 ceff_f=4.7e-06 esr_ohm=0.001 dcgain_db=124.266 f0_hz=103362 phase_at_f0_deg=-121.754 f180_hz=731653 gain_at_f180_db=-21.1257 f0_rising_hz= resurgence_db=-0.51736
Doing analysis at TEMP = -40.000000 and TNOM = 27.000000

Using SPARSE 1.3 as Direct Linear Solver
 Reference value :  0.00000e+00
No. of Data Rows : 1
Doing analysis at TEMP = -40.000000 and TNOM = 27.000000

Using SPARSE 1.3 as Direct Linear Solver
 Reference value :  1.00000e-02
 Reference value :  8.41395e+08
No. of Data Rows : 4401
Doing analysis at TEMP = -40.000000 and TNOM = 27.000000

Using SPARSE 1.3 as Direct Linear Solver
 Reference value :  1.00000e-02
No. of Data Rows : 4401
dcg                 =  1.24266e+02
f0                  =  1.04294e+05
phx                 =  -1.13152e+02
f180                =  1.72548e+06
gmx                 =  -2.87834e+01
 meas ac f0r when tdb=0 rise=1 failed!

tres                =  -4.75091e-01 at=  1.09648e+05
ROW ssr_cmd=1.15 ssr_v=1.15 fb_v=1.19965 vout_v=1.70548 isup_a=0.047394 ceff_f=4.7e-06 esr_ohm=0.05 dcgain_db=124.266 f0_hz=104294 phase_at_f0_deg=-113.152 f180_hz=1.72548E+06 gain_at_f180_db=-28.7834 f0_rising_hz= resurgence_db=-0.475091
Doing analysis at TEMP = -40.000000 and TNOM = 27.000000

Using SPARSE 1.3 as Direct Linear Solver
 Reference value :  0.00000e+00
No. of Data Rows : 1
Doing analysis at TEMP = -40.000000 and TNOM = 27.000000

Using SPARSE 1.3 as Direct Linear Solver
 Reference value :  1.00000e-02
 Reference value :  2.45471e+08
No. of Data Rows : 4401
Doing analysis at TEMP = -40.000000 and TNOM = 27.000000

Using SPARSE 1.3 as Direct Linear Solver
 Reference value :  1.00000e-02
 Reference value :  2.42661e+08
No. of Data Rows : 4401
dcg                 =  1.24266e+02
f0                  =  1.07579e+05
phx                 =  -1.04218e+02
f180                =  1.98895e+06
gmx                 =  -2.54322e+01
 meas ac f0r when tdb=0 rise=1 failed!

tres                =  -4.73221e-01 at=  1.13501e+05
ROW ssr_cmd=1.15 ssr_v=1.15 fb_v=1.19965 vout_v=1.70548 isup_a=0.047394 ceff_f=4.7e-06 esr_ohm=0.1 dcgain_db=124.266 f0_hz=107579 phase_at_f0_deg=-104.218 f180_hz=1.98896E+06 gain_at_f180_db=-25.4322 f0_rising_hz= resurgence_db=-0.473221
Doing analysis at TEMP = -40.000000 and TNOM = 27.000000

Using SPARSE 1.3 as Direct Linear Solver
 Reference value :  0.00000e+00
No. of Data Rows : 1
Doing analysis at TEMP = -40.000000 and TNOM = 27.000000

Using SPARSE 1.3 as Direct Linear Solver
 Reference value :  1.00000e-02
No. of Data Rows : 4401
Doing analysis at TEMP = -40.000000 and TNOM = 27.000000

Using SPARSE 1.3 as Direct Linear Solver
 Reference value :  1.00000e-02
No. of Data Rows : 4401
dcg                 =  1.24266e+02
f0                  =  1.24967e+05
phx                 =  -8.54731e+01
f180                =  2.11370e+06
gmx                 =  -2.05202e+01
 meas ac f0r when tdb=0 rise=1 failed!

tres                =  -3.40884e-01 at=  1.31826e+05
ROW ssr_cmd=1.15 ssr_v=1.15 fb_v=1.19965 vout_v=1.70548 isup_a=0.047394 ceff_f=4.7e-06 esr_ohm=0.2 dcgain_db=124.266 f0_hz=124967 phase_at_f0_deg=-85.4731 f180_hz=2.1137E+06 gain_at_f180_db=-20.5202 f0_rising_hz= resurgence_db=-0.340884
Doing analysis at TEMP = -40.000000 and TNOM = 27.000000

Using SPARSE 1.3 as Direct Linear Solver
 Reference value :  0.00000e+00
No. of Data Rows : 1
Doing analysis at TEMP = -40.000000 and TNOM = 27.000000

Using SPARSE 1.3 as Direct Linear Solver
 Reference value :  1.00000e-02
 Reference value :  7.37055e+08
No. of Data Rows : 4401
Doing analysis at TEMP = -40.000000 and TNOM = 27.000000

Using SPARSE 1.3 as Direct Linear Solver
 Reference value :  1.00000e-02
No. of Data Rows : 4401
dcg                 =  1.24266e+02
f0                  =  6.66906e+05
phx                 =  -9.10033e+01
f180                =  2.18116e+06
gmx                 =  -1.32177e+01
 meas ac f0r when tdb=0 rise=1 failed!

tres                =  -3.15977e-01 at=  7.03882e+05
ROW ssr_cmd=1.15 ssr_v=1.15 fb_v=1.19965 vout_v=1.70548 isup_a=0.047394 ceff_f=4.7e-06 esr_ohm=0.5 dcgain_db=124.266 f0_hz=666906 phase_at_f0_deg=-91.0033 f180_hz=2.18116E+06 gain_at_f180_db=-13.2177 f0_rising_hz= resurgence_db=-0.315977
Doing analysis at TEMP = -40.000000 and TNOM = 27.000000

Using SPARSE 1.3 as Direct Linear Solver
 Reference value :  0.00000e+00
No. of Data Rows : 1
Doing analysis at TEMP = -40.000000 and TNOM = 27.000000

Using SPARSE 1.3 as Direct Linear Solver
 Reference value :  1.64059e-01
No. of Data Rows : 4401
Doing analysis at TEMP = -40.000000 and TNOM = 27.000000

Using SPARSE 1.3 as Direct Linear Solver
 Reference value :  1.00000e-02
 Reference value :  2.61517e+08
No. of Data Rows : 4401
dcg                 =  1.24263e+02
f0                  =  4.06106e+05
phx                 =  -1.47095e+02
f180                =  7.23205e+05
gmx                 =  -7.42044e+00
 meas ac f0r when tdb=0 rise=1 failed!

tres                =  -5.57536e-01 at=  4.26580e+05
ROW ssr_cmd=1.25 ssr_v=1.25 fb_v=1.19965 vout_v=1.79947 isup_a=0.0500039 ceff_f=1e-06 esr_ohm=0.001 dcgain_db=124.263 f0_hz=406106 phase_at_f0_deg=-147.095 f180_hz=723205 gain_at_f180_db=-7.42044 f0_rising_hz= resurgence_db=-0.557536
Doing analysis at TEMP = -40.000000 and TNOM = 27.000000

Using SPARSE 1.3 as Direct Linear Solver

No. of Data Rows : 1
Doing analysis at TEMP = -40.000000 and TNOM = 27.000000

Using SPARSE 1.3 as Direct Linear Solver
 Reference value :  1.00000e-02
 Reference value :  7.37055e+08
No. of Data Rows : 4401
Doing analysis at TEMP = -40.000000 and TNOM = 27.000000

Using SPARSE 1.3 as Direct Linear Solver
 Reference value :  2.25165e-01
No. of Data Rows : 4401
dcg                 =  1.24263e+02
f0                  =  4.08171e+05
phx                 =  -1.40171e+02
f180                =  8.95265e+05
gmx                 =  -1.04903e+01
 meas ac f0r when tdb=0 rise=1 failed!

tres                =  -5.59066e-01 at=  4.29042e+05
ROW ssr_cmd=1.25 ssr_v=1.25 fb_v=1.19965 vout_v=1.79947 isup_a=0.0500039 ceff_f=1e-06 esr_ohm=0.05 dcgain_db=124.263 f0_hz=408171 phase_at_f0_deg=-140.171 f180_hz=895265 gain_at_f180_db=-10.4903 f0_rising_hz= resurgence_db=-0.559066
Doing analysis at TEMP = -40.000000 and TNOM = 27.000000

Using SPARSE 1.3 as Direct Linear Solver
 Reference value :  0.00000e+00
No. of Data Rows : 1
Doing analysis at TEMP = -40.000000 and TNOM = 27.000000

Using SPARSE 1.3 as Direct Linear Solver
 Reference value :  3.12608e-01
No. of Data Rows : 4401
Doing analysis at TEMP = -40.000000 and TNOM = 27.000000

Using SPARSE 1.3 as Direct Linear Solver
 Reference value :  1.00000e-02
 Reference value :  1.66917e+08
No. of Data Rows : 4401
dcg                 =  1.24263e+02
f0                  =  4.15525e+05
phx                 =  -1.33670e+02
f180                =  1.16106e+06
gmx                 =  -1.37011e+01
 meas ac f0r when tdb=0 rise=1 failed!

tres                =  -5.35024e-01 at=  4.36516e+05
ROW ssr_cmd=1.25 ssr_v=1.25 fb_v=1.19965 vout_v=1.79947 isup_a=0.0500039 ceff_f=1e-06 esr_ohm=0.1 dcgain_db=124.263 f0_hz=415525 phase_at_f0_deg=-133.67 f180_hz=1.16106E+06 gain_at_f180_db=-13.7011 f0_rising_hz= resurgence_db=-0.535024
Doing analysis at TEMP = -40.000000 and TNOM = 27.000000

Using SPARSE 1.3 as Direct Linear Solver

No. of Data Rows : 1
Doing analysis at TEMP = -40.000000 and TNOM = 27.000000

Using SPARSE 1.3 as Direct Linear Solver
 Reference value :  1.00000e-02
 Reference value :  9.06776e+08
No. of Data Rows : 4401
Doing analysis at TEMP = -40.000000 and TNOM = 27.000000

Using SPARSE 1.3 as Direct Linear Solver
 Reference value :  1.20226e-01
No. of Data Rows : 4401
dcg                 =  1.24263e+02
f0                  =  4.48760e+05
phx                 =  -1.22572e+02
f180                =  1.62786e+06
gmx                 =  -1.55784e+01
 meas ac f0r when tdb=0 rise=1 failed!

tres                =  -5.09989e-01 at=  4.73151e+05
ROW ssr_cmd=1.25 ssr_v=1.25 fb_v=1.19965 vout_v=1.79947 isup_a=0.0500039 ceff_f=1e-06 esr_ohm=0.2 dcgain_db=124.263 f0_hz=448760 phase_at_f0_deg=-122.572 f180_hz=1.62786E+06 gain_at_f180_db=-15.5784 f0_rising_hz= resurgence_db=-0.509989
Doing analysis at TEMP = -40.000000 and TNOM = 27.000000

Using SPARSE 1.3 as Direct Linear Solver
 Reference value :  0.00000e+00
No. of Data Rows : 1
Doing analysis at TEMP = -40.000000 and TNOM = 27.000000

Using SPARSE 1.3 as Direct Linear Solver
 Reference value :  4.67735e-01
No. of Data Rows : 4401
Doing analysis at TEMP = -40.000000 and TNOM = 27.000000

Using SPARSE 1.3 as Direct Linear Solver
 Reference value :  1.00000e-02
 Reference value :  2.90068e+08
No. of Data Rows : 4401
dcg                 =  1.24263e+02
f0                  =  7.55433e+05
phx                 =  -1.16325e+02
f180                =  1.99561e+06
gmx                 =  -1.16042e+01
 meas ac f0r when tdb=0 rise=1 failed!

tres                =  -4.06866e-01 at=  7.94328e+05
ROW ssr_cmd=1.25 ssr_v=1.25 fb_v=1.19965 vout_v=1.79947 isup_a=0.0500039 ceff_f=1e-06 esr_ohm=0.5 dcgain_db=124.263 f0_hz=755433 phase_at_f0_deg=-116.325 f180_hz=1.99561E+06 gain_at_f180_db=-11.6042 f0_rising_hz= resurgence_db=-0.406866
Doing analysis at TEMP = -40.000000 and TNOM = 27.000000

Using SPARSE 1.3 as Direct Linear Solver

No. of Data Rows : 1
Doing analysis at TEMP = -40.000000 and TNOM = 27.000000

Using SPARSE 1.3 as Direct Linear Solver
 Reference value :  1.00000e-02
 Reference value :  3.07256e+08
No. of Data Rows : 4401
Doing analysis at TEMP = -40.000000 and TNOM = 27.000000

Using SPARSE 1.3 as Direct Linear Solver
 Reference value :  1.02920e-01
No. of Data Rows : 4401
dcg                 =  1.24263e+02
f0                  =  1.04533e+05
phx                 =  -1.21785e+02
f180                =  7.30124e+05
gmx                 =  -2.09915e+01
 meas ac f0r when tdb=0 rise=1 failed!

tres                =  -5.19425e-01 at=  1.10281e+05
ROW ssr_cmd=1.25 ssr_v=1.25 fb_v=1.19965 vout_v=1.79947 isup_a=0.0500039 ceff_f=4.7e-06 esr_ohm=0.001 dcgain_db=124.263 f0_hz=104533 phase_at_f0_deg=-121.785 f180_hz=730124 gain_at_f180_db=-20.9915 f0_rising_hz= resurgence_db=-0.519424
Doing analysis at TEMP = -40.000000 and TNOM = 27.000000

Using SPARSE 1.3 as Direct Linear Solver
 Reference value :  0.00000e+00
No. of Data Rows : 1
Doing analysis at TEMP = -40.000000 and TNOM = 27.000000

Using SPARSE 1.3 as Direct Linear Solver
 Reference value :  4.86968e-02
No. of Data Rows : 4401
Doing analysis at TEMP = -40.000000 and TNOM = 27.000000

Using SPARSE 1.3 as Direct Linear Solver
 Reference value :  1.00000e-02
 Reference value :  1.73780e+08
No. of Data Rows : 4401
dcg                 =  1.24263e+02
f0                  =  1.05499e+05
phx                 =  -1.13088e+02
f180                =  1.71909e+06
gmx                 =  -2.86380e+01
 meas ac f0r when tdb=0 rise=1 failed!

tres                =  -4.74768e-01 at=  1.10917e+05
ROW ssr_cmd=1.25 ssr_v=1.25 fb_v=1.19965 vout_v=1.79947 isup_a=0.0500039 ceff_f=4.7e-06 esr_ohm=0.05 dcgain_db=124.263 f0_hz=105499 phase_at_f0_deg=-113.088 f180_hz=1.71909E+06 gain_at_f180_db=-28.638 f0_rising_hz= resurgence_db=-0.474768
Doing analysis at TEMP = -40.000000 and TNOM = 27.000000

Using SPARSE 1.3 as Direct Linear Solver

No. of Data Rows : 1
Doing analysis at TEMP = -40.000000 and TNOM = 27.000000

Using SPARSE 1.3 as Direct Linear Solver
 Reference value :  1.00000e-02
 Reference value :  5.99101e+08
No. of Data Rows : 4401
Doing analysis at TEMP = -40.000000 and TNOM = 27.000000

Using SPARSE 1.3 as Direct Linear Solver
 Reference value :  1.12202e-01
No. of Data Rows : 4401
dcg                 =  1.24263e+02
f0                  =  1.08907e+05
phx                 =  -1.04058e+02
f180                =  1.98226e+06
gmx                 =  -2.52944e+01
 meas ac f0r when tdb=0 rise=1 failed!

tres                =  -4.65330e-01 at=  1.14815e+05
ROW ssr_cmd=1.25 ssr_v=1.25 fb_v=1.19965 vout_v=1.79947 isup_a=0.0500039 ceff_f=4.7e-06 esr_ohm=0.1 dcgain_db=124.263 f0_hz=108906 phase_at_f0_deg=-104.058 f180_hz=1.98226E+06 gain_at_f180_db=-25.2944 f0_rising_hz= resurgence_db=-0.46533
Doing analysis at TEMP = -40.000000 and TNOM = 27.000000

Using SPARSE 1.3 as Direct Linear Solver
 Reference value :  0.00000e+00
No. of Data Rows : 1
Doing analysis at TEMP = -40.000000 and TNOM = 27.000000

Using SPARSE 1.3 as Direct Linear Solver
 Reference value :  1.87284e+00
No. of Data Rows : 4401
Doing analysis at TEMP = -40.000000 and TNOM = 27.000000

Using SPARSE 1.3 as Direct Linear Solver
 Reference value :  1.00000e-02
 Reference value :  2.15030e+08
No. of Data Rows : 4401
dcg                 =  1.24263e+02
f0                  =  1.27065e+05
phx                 =  -8.51235e+01
f180                =  2.10684e+06
gmx                 =  -2.03852e+01
 meas ac f0r when tdb=0 rise=1 failed!

tres                =  -3.40917e-01 at=  1.34122e+05
ROW ssr_cmd=1.25 ssr_v=1.25 fb_v=1.19965 vout_v=1.79947 isup_a=0.0500039 ceff_f=4.7e-06 esr_ohm=0.2 dcgain_db=124.263 f0_hz=127065 phase_at_f0_deg=-85.1235 f180_hz=2.10684E+06 gain_at_f180_db=-20.3852 f0_rising_hz= resurgence_db=-0.340917
Doing analysis at TEMP = -40.000000 and TNOM = 27.000000

Using SPARSE 1.3 as Direct Linear Solver
 Reference value :  0.00000e+00
No. of Data Rows : 1
Doing analysis at TEMP = -40.000000 and TNOM = 27.000000

Using SPARSE 1.3 as Direct Linear Solver
 Reference value :  2.13796e-01
No. of Data Rows : 4401
Doing analysis at TEMP = -40.000000 and TNOM = 27.000000

Using SPARSE 1.3 as Direct Linear Solver
 Reference value :  1.00000e-02
No. of Data Rows : 4401
dcg                 =  1.24263e+02
f0                  =  6.79142e+05
phx                 =  -9.21937e+01
f180                =  2.17684e+06
gmx                 =  -1.31099e+01
 meas ac f0r when tdb=0 rise=1 failed!

tres                =  -3.18731e-01 at=  7.16143e+05
ROW ssr_cmd=1.25 ssr_v=1.25 fb_v=1.19965 vout_v=1.79947 isup_a=0.0500039 ceff_f=4.7e-06 esr_ohm=0.5 dcgain_db=124.263 f0_hz=679142 phase_at_f0_deg=-92.1937 f180_hz=2.17684E+06 gain_at_f180_db=-13.1099 f0_rising_hz= resurgence_db=-0.318731
* SWEEP COMPLETE sf_-40c_2.97v
Note: Simulation executed from .control section 
Note: Starting dynamic gmin stepping
Note: Dynamic gmin stepping completed
Note: Starting dynamic gmin stepping
Note: Dynamic gmin stepping completed
Note: Starting dynamic gmin stepping
Note: Dynamic gmin stepping completed

Error: measure  f0r  when(WHEN) : out of interval
Error: &f0r: no such variable.
Note: Starting dynamic gmin stepping
Note: Dynamic gmin stepping completed
Note: Starting dynamic gmin stepping
Note: Dynamic gmin stepping completed
Note: Starting dynamic gmin stepping
Note: Dynamic gmin stepping completed

Error: measure  f0r  when(WHEN) : out of interval
Error: &f0r: no such variable.
Note: Starting dynamic gmin stepping
Note: Dynamic gmin stepping completed
Note: Starting dynamic gmin stepping
Note: Dynamic gmin stepping completed
Note: Starting dynamic gmin stepping
Note: Dynamic gmin stepping completed

Error: measure  f0r  when(WHEN) : out of interval
Error: &f0r: no such variable.
Note: Starting dynamic gmin stepping
Note: Dynamic gmin stepping completed
Note: Starting dynamic gmin stepping
Note: Dynamic gmin stepping completed
Note: Starting dynamic gmin stepping
Note: Dynamic gmin stepping completed

Error: measure  f0r  when(WHEN) : out of interval
Error: &f0r: no such variable.
Note: Starting dynamic gmin stepping
Note: Dynamic gmin stepping completed
Note: Starting dynamic gmin stepping
Note: Dynamic gmin stepping completed
Note: Starting dynamic gmin stepping
Note: Dynamic gmin stepping completed

Error: measure  f0r  when(WHEN) : out of interval
Error: &f0r: no such variable.
Note: Starting dynamic gmin stepping
Note: Dynamic gmin stepping completed
Note: Starting dynamic gmin stepping
Note: Dynamic gmin stepping completed
Note: Starting dynamic gmin stepping
Note: Dynamic gmin stepping completed

Error: measure  f0r  when(WHEN) : out of interval
Error: &f0r: no such variable.
Note: Starting dynamic gmin stepping
Note: Dynamic gmin stepping completed
Note: Starting dynamic gmin stepping
Note: Dynamic gmin stepping completed
Note: Starting dynamic gmin stepping
Note: Dynamic gmin stepping completed

Error: measure  f0r  when(WHEN) : out of interval
Error: &f0r: no such variable.
Note: Starting dynamic gmin stepping
Note: Dynamic gmin stepping completed
Note: Starting dynamic gmin stepping
Note: Dynamic gmin stepping completed
Note: Starting dynamic gmin stepping
Note: Dynamic gmin stepping completed

Error: measure  f0r  when(WHEN) : out of interval
Error: &f0r: no such variable.
Note: Starting dynamic gmin stepping
Note: Dynamic gmin stepping completed
Note: Starting dynamic gmin stepping
Note: Dynamic gmin stepping completed
Note: Starting dynamic gmin stepping
Note: Dynamic gmin stepping completed

Error: measure  f0r  when(WHEN) : out of interval
Error: &f0r: no such variable.
Note: Starting dynamic gmin stepping
Note: Dynamic gmin stepping completed
Note: Starting dynamic gmin stepping
Note: Dynamic gmin stepping completed
Note: Starting dynamic gmin stepping
Note: Dynamic gmin stepping completed

Error: measure  f0r  when(WHEN) : out of interval
Error: &f0r: no such variable.
Note: Starting dynamic gmin stepping
Note: Dynamic gmin stepping completed
Note: Starting dynamic gmin stepping
Note: Dynamic gmin stepping completed
Note: Starting dynamic gmin stepping
Note: Dynamic gmin stepping completed

Error: measure  f0r  when(WHEN) : out of interval
Error: &f0r: no such variable.
Note: Starting dynamic gmin stepping
Note: Dynamic gmin stepping completed
Note: Starting dynamic gmin stepping
Note: Dynamic gmin stepping completed
Note: Starting dynamic gmin stepping
Note: Dynamic gmin stepping completed

Error: measure  f0r  when(WHEN) : out of interval
Error: &f0r: no such variable.
Note: Starting dynamic gmin stepping
Note: Dynamic gmin stepping completed
Note: Starting dynamic gmin stepping
Note: Dynamic gmin stepping completed
Note: Starting dynamic gmin stepping
Note: Dynamic gmin stepping completed

Error: measure  f0r  when(WHEN) : out of interval
Error: &f0r: no such variable.
Note: Starting dynamic gmin stepping
Note: Dynamic gmin stepping completed
Note: Starting dynamic gmin stepping
Note: Dynamic gmin stepping completed
Note: Starting dynamic gmin stepping
Note: Dynamic gmin stepping completed

Error: measure  f0r  when(WHEN) : out of interval
Error: &f0r: no such variable.
Note: Starting dynamic gmin stepping
Note: Dynamic gmin stepping completed
Note: Starting dynamic gmin stepping
Note: Dynamic gmin stepping completed
Note: Starting dynamic gmin stepping
Note: Dynamic gmin stepping completed

Error: measure  f0r  when(WHEN) : out of interval
Error: &f0r: no such variable.
Note: Starting dynamic gmin stepping
Note: Dynamic gmin stepping completed
Note: Starting dynamic gmin stepping
Note: Dynamic gmin stepping completed
Note: Starting dynamic gmin stepping
Note: Dynamic gmin stepping completed

Error: measure  f0r  when(WHEN) : out of interval
Error: &f0r: no such variable.
Note: Starting dynamic gmin stepping
Note: Dynamic gmin stepping completed
Note: Starting dynamic gmin stepping
Note: Dynamic gmin stepping completed
Note: Starting dynamic gmin stepping
Note: Dynamic gmin stepping completed

Error: measure  f0r  when(WHEN) : out of interval
Error: &f0r: no such variable.
Note: Starting dynamic gmin stepping
Note: Dynamic gmin stepping completed
Note: Starting dynamic gmin stepping
Note: Dynamic gmin stepping completed
Note: Starting dynamic gmin stepping
Note: Dynamic gmin stepping completed

Error: measure  f0r  when(WHEN) : out of interval
Error: &f0r: no such variable.
Note: Starting dynamic gmin stepping
Note: Dynamic gmin stepping completed
Note: Starting dynamic gmin stepping
Note: Dynamic gmin stepping completed
Note: Starting dynamic gmin stepping
Note: Dynamic gmin stepping completed

Error: measure  f0r  when(WHEN) : out of interval
Error: &f0r: no such variable.
Note: Starting dynamic gmin stepping
Note: Dynamic gmin stepping completed
Note: Starting dynamic gmin stepping
Note: Dynamic gmin stepping completed
Note: Starting dynamic gmin stepping
Note: Dynamic gmin stepping completed

Error: measure  f0r  when(WHEN) : out of interval
Error: &f0r: no such variable.
Note: Starting dynamic gmin stepping
Note: Dynamic gmin stepping completed
Note: Starting dynamic gmin stepping
Note: Dynamic gmin stepping completed
Note: Starting dynamic gmin stepping
Note: Dynamic gmin stepping completed

Error: measure  f0r  when(WHEN) : out of interval
Error: &f0r: no such variable.
Note: Starting dynamic gmin stepping
Note: Dynamic gmin stepping completed
Note: Starting dynamic gmin stepping
Note: Dynamic gmin stepping completed
Note: Starting dynamic gmin stepping
Note: Dynamic gmin stepping completed

Error: measure  f0r  when(WHEN) : out of interval
Error: &f0r: no such variable.
Note: Starting dynamic gmin stepping
Note: Dynamic gmin stepping completed
Note: Starting dynamic gmin stepping
Note: Dynamic gmin stepping completed
Note: Starting dynamic gmin stepping
Note: Dynamic gmin stepping completed

Error: measure  f0r  when(WHEN) : out of interval
Error: &f0r: no such variable.
Note: Starting dynamic gmin stepping
Note: Dynamic gmin stepping completed
Note: Starting dynamic gmin stepping
Note: Dynamic gmin stepping completed
Note: Starting dynamic gmin stepping
Note: Dynamic gmin stepping completed

Error: measure  f0r  when(WHEN) : out of interval
Error: &f0r: no such variable.
Note: Starting dynamic gmin stepping
Note: Dynamic gmin stepping completed
Note: Starting dynamic gmin stepping
Note: Dynamic gmin stepping completed
Note: Starting dynamic gmin stepping
Note: Dynamic gmin stepping completed

Error: measure  f0r  when(WHEN) : out of interval
Error: &f0r: no such variable.
Note: Starting dynamic gmin stepping
Note: Dynamic gmin stepping completed
Note: Starting dynamic gmin stepping
Note: Dynamic gmin stepping completed
Note: Starting dynamic gmin stepping
Note: Dynamic gmin stepping completed

Error: measure  f0r  when(WHEN) : out of interval
Error: &f0r: no such variable.
Note: Starting dynamic gmin stepping
Note: Dynamic gmin stepping completed
Note: Starting dynamic gmin stepping
Note: Dynamic gmin stepping completed
Note: Starting dynamic gmin stepping
Note: Dynamic gmin stepping completed

Error: measure  f0r  when(WHEN) : out of interval
Error: &f0r: no such variable.
Note: Starting dynamic gmin stepping
Note: Dynamic gmin stepping completed
Note: Starting dynamic gmin stepping
Note: Dynamic gmin stepping completed
Note: Starting dynamic gmin stepping
Note: Dynamic gmin stepping completed

Error: measure  f0r  when(WHEN) : out of interval
Error: &f0r: no such variable.
Note: Starting dynamic gmin stepping
Note: Dynamic gmin stepping completed
Note: Starting dynamic gmin stepping
Note: Dynamic gmin stepping completed
Note: Starting dynamic gmin stepping
Note: Dynamic gmin stepping completed

Error: measure  f0r  when(WHEN) : out of interval
Error: &f0r: no such variable.
Note: Starting dynamic gmin stepping
Note: Dynamic gmin stepping completed
Note: Starting dynamic gmin stepping
Note: Dynamic gmin stepping completed
Note: Starting dynamic gmin stepping
Note: Dynamic gmin stepping completed

Error: measure  f0r  when(WHEN) : out of interval
Error: &f0r: no such variable.
Note: Starting dynamic gmin stepping
Note: Dynamic gmin stepping completed
Note: Starting dynamic gmin stepping
Note: Dynamic gmin stepping completed
Note: Starting dynamic gmin stepping
Note: Dynamic gmin stepping completed

Error: measure  f0r  when(WHEN) : out of interval
Error: &f0r: no such variable.
Note: Starting dynamic gmin stepping
Note: Dynamic gmin stepping completed
Note: Starting dynamic gmin stepping
Note: Dynamic gmin stepping completed
Note: Starting dynamic gmin stepping
Note: Dynamic gmin stepping completed

Error: measure  f0r  when(WHEN) : out of interval
Error: &f0r: no such variable.
Note: Starting dynamic gmin stepping
Note: Dynamic gmin stepping completed
Note: Starting dynamic gmin stepping
Note: Dynamic gmin stepping completed
Note: Starting dynamic gmin stepping
Note: Dynamic gmin stepping completed

Error: measure  f0r  when(WHEN) : out of interval
Error: &f0r: no such variable.
Note: Starting dynamic gmin stepping
Note: Dynamic gmin stepping completed
Note: Starting dynamic gmin stepping
Note: Dynamic gmin stepping completed
Note: Starting dynamic gmin stepping
Note: Dynamic gmin stepping completed

Error: measure  f0r  when(WHEN) : out of interval
Error: &f0r: no such variable.
Note: Starting dynamic gmin stepping
Note: Dynamic gmin stepping completed
Note: Starting dynamic gmin stepping
Note: Dynamic gmin stepping completed
Note: Starting dynamic gmin stepping
Note: Dynamic gmin stepping completed

Error: measure  f0r  when(WHEN) : out of interval
Error: &f0r: no such variable.
Note: Starting dynamic gmin stepping
Note: Dynamic gmin stepping completed
Note: Starting dynamic gmin stepping
Note: Dynamic gmin stepping completed
Note: Starting dynamic gmin stepping
Note: Dynamic gmin stepping completed

Error: measure  f0r  when(WHEN) : out of interval
Error: &f0r: no such variable.
Note: Starting dynamic gmin stepping
Note: Dynamic gmin stepping completed
Note: Starting dynamic gmin stepping
Note: Dynamic gmin stepping completed
Note: Starting dynamic gmin stepping
Note: Dynamic gmin stepping completed

Error: measure  f0r  when(WHEN) : out of interval
Error: &f0r: no such variable.
Note: Starting dynamic gmin stepping
Note: Dynamic gmin stepping completed
Note: Starting dynamic gmin stepping
Note: Dynamic gmin stepping completed
Note: Starting dynamic gmin stepping
Note: Dynamic gmin stepping completed

Error: measure  f0r  when(WHEN) : out of interval
Error: &f0r: no such variable.
Note: Starting dynamic gmin stepping
Note: Dynamic gmin stepping completed
Note: Starting dynamic gmin stepping
Note: Dynamic gmin stepping completed
Note: Starting dynamic gmin stepping
Note: Dynamic gmin stepping completed

Error: measure  f0r  when(WHEN) : out of interval
Error: &f0r: no such variable.
Note: Starting dynamic gmin stepping
Note: Dynamic gmin stepping completed
Note: Starting dynamic gmin stepping
Note: Dynamic gmin stepping completed
Note: Starting dynamic gmin stepping
Note: Dynamic gmin stepping completed

Error: measure  f0r  when(WHEN) : out of interval
Error: &f0r: no such variable.
Note: Starting dynamic gmin stepping
Note: Dynamic gmin stepping completed
Note: Starting dynamic gmin stepping
Note: Dynamic gmin stepping completed
Note: Starting dynamic gmin stepping
Note: Dynamic gmin stepping completed

Error: measure  f0r  when(WHEN) : out of interval
Error: &f0r: no such variable.
Note: Starting dynamic gmin stepping
Note: Dynamic gmin stepping completed
Note: Starting dynamic gmin stepping
Note: Dynamic gmin stepping completed
Note: Starting dynamic gmin stepping
Note: Dynamic gmin stepping completed

Error: measure  f0r  when(WHEN) : out of interval
Error: &f0r: no such variable.
Note: Starting dynamic gmin stepping
Note: Dynamic gmin stepping completed
Note: Starting dynamic gmin stepping
Note: Dynamic gmin stepping completed
Note: Starting dynamic gmin stepping
Note: Dynamic gmin stepping completed

Error: measure  f0r  when(WHEN) : out of interval
Error: &f0r: no such variable.
Note: Starting dynamic gmin stepping
Note: Dynamic gmin stepping completed
Note: Starting dynamic gmin stepping
Note: Dynamic gmin stepping completed
Note: Starting dynamic gmin stepping
Note: Dynamic gmin stepping completed

Error: measure  f0r  when(WHEN) : out of interval
Error: &f0r: no such variable.
Note: Starting dynamic gmin stepping
Note: Dynamic gmin stepping completed
Note: Starting dynamic gmin stepping
Note: Dynamic gmin stepping completed
Note: Starting dynamic gmin stepping
Note: Dynamic gmin stepping completed

Error: measure  f0r  when(WHEN) : out of interval
Error: &f0r: no such variable.
Note: Starting dynamic gmin stepping
Note: Dynamic gmin stepping completed
Note: Starting dynamic gmin stepping
Note: Dynamic gmin stepping completed
Note: Starting dynamic gmin stepping
Note: Dynamic gmin stepping completed

Error: measure  f0r  when(WHEN) : out of interval
Error: &f0r: no such variable.
Note: Starting dynamic gmin stepping
Note: Dynamic gmin stepping completed
Note: Starting dynamic gmin stepping
Note: Dynamic gmin stepping completed
Note: Starting dynamic gmin stepping
Note: Dynamic gmin stepping completed

Error: measure  f0r  when(WHEN) : out of interval
Error: &f0r: no such variable.
Note: Starting dynamic gmin stepping
Note: Dynamic gmin stepping completed
Note: Starting dynamic gmin stepping
Note: Dynamic gmin stepping completed
Note: Starting dynamic gmin stepping
Note: Dynamic gmin stepping completed

Error: measure  f0r  when(WHEN) : out of interval
Error: &f0r: no such variable.
Note: Starting dynamic gmin stepping
Note: Dynamic gmin stepping completed
Note: Starting dynamic gmin stepping
Note: Dynamic gmin stepping completed
Note: Starting dynamic gmin stepping
Note: Dynamic gmin stepping completed

Error: measure  f0r  when(WHEN) : out of interval
Error: &f0r: no such variable.
Note: Starting dynamic gmin stepping
Note: Dynamic gmin stepping completed
Note: Starting dynamic gmin stepping
Note: Dynamic gmin stepping completed
Note: Starting dynamic gmin stepping
Note: Dynamic gmin stepping completed

Error: measure  f0r  when(WHEN) : out of interval
Error: &f0r: no such variable.
Note: Starting dynamic gmin stepping
Note: Dynamic gmin stepping completed
Note: Starting dynamic gmin stepping
Note: Dynamic gmin stepping completed
Note: Starting dynamic gmin stepping
Note: Dynamic gmin stepping completed

Error: measure  f0r  when(WHEN) : out of interval
Error: &f0r: no such variable.
Note: Starting dynamic gmin stepping
Note: Dynamic gmin stepping completed
Note: Starting dynamic gmin stepping
Note: Dynamic gmin stepping completed
Note: Starting dynamic gmin stepping
Note: Dynamic gmin stepping completed

Error: measure  f0r  when(WHEN) : out of interval
Error: &f0r: no such variable.
Note: Starting dynamic gmin stepping
Note: Dynamic gmin stepping completed
Note: Starting dynamic gmin stepping
Note: Dynamic gmin stepping completed
Note: Starting dynamic gmin stepping
Note: Dynamic gmin stepping completed

Error: measure  f0r  when(WHEN) : out of interval
Error: &f0r: no such variable.
Note: Starting dynamic gmin stepping
Note: Dynamic gmin stepping completed
Note: Starting dynamic gmin stepping
Note: Dynamic gmin stepping completed
Note: Starting dynamic gmin stepping
Note: Dynamic gmin stepping completed

Error: measure  f0r  when(WHEN) : out of interval
Error: &f0r: no such variable.
Note: Starting dynamic gmin stepping
Note: Dynamic gmin stepping completed
Note: Starting dynamic gmin stepping
Note: Dynamic gmin stepping completed
Note: Starting dynamic gmin stepping
Note: Dynamic gmin stepping completed

Error: measure  f0r  when(WHEN) : out of interval
Error: &f0r: no such variable.
Note: Starting dynamic gmin stepping
Note: Dynamic gmin stepping completed
Note: Starting dynamic gmin stepping
Note: Dynamic gmin stepping completed
Note: Starting dynamic gmin stepping
Note: Dynamic gmin stepping completed

Error: measure  f0r  when(WHEN) : out of interval
Error: &f0r: no such variable.
Note: Starting dynamic gmin stepping
Note: Dynamic gmin stepping completed
Note: Starting dynamic gmin stepping
Note: Dynamic gmin stepping completed
Note: Starting dynamic gmin stepping
Note: Dynamic gmin stepping completed

Error: measure  f0r  when(WHEN) : out of interval
Error: &f0r: no such variable.
Note: Starting dynamic gmin stepping
Note: Dynamic gmin stepping completed
Note: Starting dynamic gmin stepping
Note: Dynamic gmin stepping completed
Note: Starting dynamic gmin stepping
Note: Dynamic gmin stepping completed

Error: measure  f0r  when(WHEN) : out of interval
Error: &f0r: no such variable.
Note: Starting dynamic gmin stepping
Note: Dynamic gmin stepping completed
Note: Starting dynamic gmin stepping
Note: Dynamic gmin stepping completed
Note: Starting dynamic gmin stepping
Note: Dynamic gmin stepping completed

Error: measure  f0r  when(WHEN) : out of interval
Error: &f0r: no such variable.
Note: Starting dynamic gmin stepping
Note: Dynamic gmin stepping completed
Note: Starting dynamic gmin stepping
Note: Dynamic gmin stepping completed
Note: Starting dynamic gmin stepping
Note: Dynamic gmin stepping completed

Error: measure  f0r  when(WHEN) : out of interval
Error: &f0r: no such variable.
