
Note: No compatibility mode selected!


Circuit: * soft-start-loop-gain -- tian dual-injection loop-gain testbench for the ldo

* corner_id=ss_-40c_3.63v corner=ss temp_c=-40 vin_v=3.63
* phase=anchor variant=binj iload_a=0.05 rload_ohm=1e+12
* ac sweep: dec 400 0.01 1e9 ; Tian dual injection at ERRAMP_OUT->PASS_GATE
* columns: ROW ssr_cmd= ssr_v= fb_v= vout_v= isup_a= ceff_f= esr_ohm=
*          dcgain_db= f0_hz= phase_at_f0_deg= f180_hz= gain_at_f180_db=
*          f0_rising_hz= resurgence_db=
* (phase margin = 180 + phase_at_f0_deg ; gain margin = -gain_at_f180_db ;
*  resurgence_db = max |T| in dB above the first 0 dB crossing, DR-0008 ;
*  an empty f180/gain field means the phase never reaches -180 deg in band ;
*  ssr_cmd is what this deck COMMANDED the ramp node to, or 'free' when it
*  is not pinned; ssr_v/fb_v/vout_v are what the DC solve LANDED on)
* Fields are written key=value BECAUSE a failed meas leaves its value
* empty: with bare positional fields an empty one vanishes into the
* whitespace and every field after it is read as the wrong quantity.
Doing analysis at TEMP = -40.000000 and TNOM = 27.000000

Using SPARSE 1.3 as Direct Linear Solver
 Reference value :  0.00000e+00
No. of Data Rows : 1
Doing analysis at TEMP = -40.000000 and TNOM = 27.000000

Using SPARSE 1.3 as Direct Linear Solver
 Reference value :  1.66917e-02
No. of Data Rows : 4401
Doing analysis at TEMP = -40.000000 and TNOM = 27.000000

Using SPARSE 1.3 as Direct Linear Solver
 Reference value :  1.00000e-02
No. of Data Rows : 4401
dcg                 =  1.40335e+02
f0                  =  4.37210e+05
phx                 =  -1.55460e+02
f180                =  6.76048e+05
gmx                 =  -6.07534e+00
 meas ac f0r when tdb=0 rise=1 failed!

tres                =  -6.39881e-01 at=  4.59727e+05
ROW ssr_cmd=free ssr_v=2.52275 fb_v=1.1996 vout_v=1.7994 isup_a=0.0500113 ceff_f=1e-06 esr_ohm=0.001 dcgain_db=140.335 f0_hz=437210 phase_at_f0_deg=-155.46 f180_hz=676048 gain_at_f180_db=-6.07534 f0_rising_hz= resurgence_db=-0.639881
Doing analysis at TEMP = -40.000000 and TNOM = 27.000000

Using SPARSE 1.3 as Direct Linear Solver
 Reference value :  0.00000e+00
No. of Data Rows : 1
Doing analysis at TEMP = -40.000000 and TNOM = 27.000000

Using SPARSE 1.3 as Direct Linear Solver
 Reference value :  5.55904e+01
No. of Data Rows : 4401
Doing analysis at TEMP = -40.000000 and TNOM = 27.000000

Using SPARSE 1.3 as Direct Linear Solver
 Reference value :  1.00000e-02
No. of Data Rows : 4401
dcg                 =  1.40335e+02
f0                  =  4.40026e+05
phx                 =  -1.48075e+02
f180                =  8.44909e+05
gmx                 =  -9.40216e+00
 meas ac f0r when tdb=0 rise=1 failed!

tres                =  -6.24629e-01 at=  4.62381e+05
ROW ssr_cmd=free ssr_v=2.52275 fb_v=1.1996 vout_v=1.7994 isup_a=0.0500113 ceff_f=1e-06 esr_ohm=0.05 dcgain_db=140.335 f0_hz=440026 phase_at_f0_deg=-148.075 f180_hz=844909 gain_at_f180_db=-9.40216 f0_rising_hz= resurgence_db=-0.624629
Doing analysis at TEMP = -40.000000 and TNOM = 27.000000

Using SPARSE 1.3 as Direct Linear Solver
 Reference value :  0.00000e+00
No. of Data Rows : 1
Doing analysis at TEMP = -40.000000 and TNOM = 27.000000

Using SPARSE 1.3 as Direct Linear Solver
 Reference value :  3.23594e+00
No. of Data Rows : 4401
Doing analysis at TEMP = -40.000000 and TNOM = 27.000000

Using SPARSE 1.3 as Direct Linear Solver
 Reference value :  1.00000e-02
No. of Data Rows : 4401
dcg                 =  1.40335e+02
f0                  =  4.48769e+05
phx                 =  -1.41177e+02
f180                =  1.12822e+06
gmx                 =  -1.32095e+01
 meas ac f0r when tdb=0 rise=1 failed!

tres                =  -6.46716e-01 at=  4.73151e+05
ROW ssr_cmd=free ssr_v=2.52275 fb_v=1.1996 vout_v=1.7994 isup_a=0.0500113 ceff_f=1e-06 esr_ohm=0.1 dcgain_db=140.335 f0_hz=448769 phase_at_f0_deg=-141.177 f180_hz=1.12822E+06 gain_at_f180_db=-13.2095 f0_rising_hz= resurgence_db=-0.646716
Doing analysis at TEMP = -40.000000 and TNOM = 27.000000

Using SPARSE 1.3 as Direct Linear Solver
 Reference value :  0.00000e+00
No. of Data Rows : 1
Doing analysis at TEMP = -40.000000 and TNOM = 27.000000

Using SPARSE 1.3 as Direct Linear Solver
 Reference value :  6.09537e-02
No. of Data Rows : 4401
Doing analysis at TEMP = -40.000000 and TNOM = 27.000000

Using SPARSE 1.3 as Direct Linear Solver
 Reference value :  1.00000e-02
No. of Data Rows : 4401
dcg                 =  1.40335e+02
f0                  =  4.86364e+05
phx                 =  -1.29689e+02
f180                =  1.65428e+06
gmx                 =  -1.57708e+01
 meas ac f0r when tdb=0 rise=1 failed!

tres                =  -5.79180e-01 at=  5.12861e+05
ROW ssr_cmd=free ssr_v=2.52275 fb_v=1.1996 vout_v=1.7994 isup_a=0.0500113 ceff_f=1e-06 esr_ohm=0.2 dcgain_db=140.335 f0_hz=486364 phase_at_f0_deg=-129.689 f180_hz=1.65428E+06 gain_at_f180_db=-15.7708 f0_rising_hz= resurgence_db=-0.57918
Doing analysis at TEMP = -40.000000 and TNOM = 27.000000

Using SPARSE 1.3 as Direct Linear Solver
 Reference value :  0.00000e+00
No. of Data Rows : 1
Doing analysis at TEMP = -40.000000 and TNOM = 27.000000

Using SPARSE 1.3 as Direct Linear Solver
 Reference value :  1.43714e-02
No. of Data Rows : 4401
Doing analysis at TEMP = -40.000000 and TNOM = 27.000000

Using SPARSE 1.3 as Direct Linear Solver
 Reference value :  1.00000e-02
No. of Data Rows : 4401
dcg                 =  1.40335e+02
f0                  =  7.87157e+05
phx                 =  -1.22330e+02
f180                =  2.04688e+06
gmx                 =  -1.17949e+01
 meas ac f0r when tdb=0 rise=1 failed!

tres                =  -4.56375e-01 at=  8.26990e+05
ROW ssr_cmd=free ssr_v=2.52275 fb_v=1.1996 vout_v=1.7994 isup_a=0.0500113 ceff_f=1e-06 esr_ohm=0.5 dcgain_db=140.335 f0_hz=787157 phase_at_f0_deg=-122.33 f180_hz=2.04688E+06 gain_at_f180_db=-11.7949 f0_rising_hz= resurgence_db=-0.456375
Doing analysis at TEMP = -40.000000 and TNOM = 27.000000

Using SPARSE 1.3 as Direct Linear Solver
 Reference value :  0.00000e+00
No. of Data Rows : 1
Doing analysis at TEMP = -40.000000 and TNOM = 27.000000

Using SPARSE 1.3 as Direct Linear Solver
 Reference value :  4.39036e-02
No. of Data Rows : 4401
Doing analysis at TEMP = -40.000000 and TNOM = 27.000000

Using SPARSE 1.3 as Direct Linear Solver
 Reference value :  1.00000e-02
No. of Data Rows : 4401
dcg                 =  1.40335e+02
f0                  =  1.19946e+05
phx                 =  -1.19477e+02
f180                =  6.85623e+05
gmx                 =  -1.97226e+01
 meas ac f0r when tdb=0 rise=1 failed!

tres                =  -5.04089e-01 at=  1.26619e+05
ROW ssr_cmd=free ssr_v=2.52275 fb_v=1.1996 vout_v=1.7994 isup_a=0.0500113 ceff_f=4.7e-06 esr_ohm=0.001 dcgain_db=140.335 f0_hz=119946 phase_at_f0_deg=-119.477 f180_hz=685623 gain_at_f180_db=-19.7226 f0_rising_hz= resurgence_db=-0.504089
Doing analysis at TEMP = -40.000000 and TNOM = 27.000000

Using SPARSE 1.3 as Direct Linear Solver
 Reference value :  0.00000e+00
No. of Data Rows : 1
Doing analysis at TEMP = -40.000000 and TNOM = 27.000000

Using SPARSE 1.3 as Direct Linear Solver
 Reference value :  3.42768e-02
No. of Data Rows : 4401
Doing analysis at TEMP = -40.000000 and TNOM = 27.000000

Using SPARSE 1.3 as Direct Linear Solver
 Reference value :  1.00000e-02
No. of Data Rows : 4401
dcg                 =  1.40335e+02
f0                  =  1.21714e+05
phx                 =  -1.09604e+02
f180                =  1.75666e+06
gmx                 =  -2.89371e+01
 meas ac f0r when tdb=0 rise=1 failed!

tres                =  -4.60714e-01 at=  1.28086e+05
ROW ssr_cmd=free ssr_v=2.52275 fb_v=1.1996 vout_v=1.7994 isup_a=0.0500113 ceff_f=4.7e-06 esr_ohm=0.05 dcgain_db=140.335 f0_hz=121714 phase_at_f0_deg=-109.604 f180_hz=1.75666E+06 gain_at_f180_db=-28.9371 f0_rising_hz= resurgence_db=-0.460714
Doing analysis at TEMP = -40.000000 and TNOM = 27.000000

Using SPARSE 1.3 as Direct Linear Solver
 Reference value :  0.00000e+00
No. of Data Rows : 1
Doing analysis at TEMP = -40.000000 and TNOM = 27.000000

Using SPARSE 1.3 as Direct Linear Solver
 Reference value :  1.18850e+01
No. of Data Rows : 4401
Doing analysis at TEMP = -40.000000 and TNOM = 27.000000

Using SPARSE 1.3 as Direct Linear Solver
 Reference value :  1.00000e-02
No. of Data Rows : 4401
dcg                 =  1.40335e+02
f0                  =  1.27552e+05
phx                 =  -9.95439e+01
f180                =  2.04024e+06
gmx                 =  -2.56514e+01
 meas ac f0r when tdb=0 rise=1 failed!

tres                =  -4.12305e-01 at=  1.34122e+05
ROW ssr_cmd=free ssr_v=2.52275 fb_v=1.1996 vout_v=1.7994 isup_a=0.0500113 ceff_f=4.7e-06 esr_ohm=0.1 dcgain_db=140.335 f0_hz=127552 phase_at_f0_deg=-99.5439 f180_hz=2.04024E+06 gain_at_f180_db=-25.6514 f0_rising_hz= resurgence_db=-0.412305
Doing analysis at TEMP = -40.000000 and TNOM = 27.000000

Using SPARSE 1.3 as Direct Linear Solver
 Reference value :  0.00000e+00
No. of Data Rows : 1
Doing analysis at TEMP = -40.000000 and TNOM = 27.000000

Using SPARSE 1.3 as Direct Linear Solver
 Reference value :  2.33077e-02
No. of Data Rows : 4401
Doing analysis at TEMP = -40.000000 and TNOM = 27.000000

Using SPARSE 1.3 as Direct Linear Solver
 Reference value :  1.00000e-02
No. of Data Rows : 4401
dcg                 =  1.40335e+02
f0                  =  1.61832e+05
phx                 =  -7.95037e+01
f180                =  2.17153e+06
gmx                 =  -2.07237e+01
 meas ac f0r when tdb=0 rise=1 failed!

tres                =  -2.84927e-01 at=  1.70805e+05
ROW ssr_cmd=free ssr_v=2.52275 fb_v=1.1996 vout_v=1.7994 isup_a=0.0500113 ceff_f=4.7e-06 esr_ohm=0.2 dcgain_db=140.335 f0_hz=161832 phase_at_f0_deg=-79.5037 f180_hz=2.17153E+06 gain_at_f180_db=-20.7236 f0_rising_hz= resurgence_db=-0.284927
Doing analysis at TEMP = -40.000000 and TNOM = 27.000000

Using SPARSE 1.3 as Direct Linear Solver
 Reference value :  0.00000e+00
No. of Data Rows : 1
Doing analysis at TEMP = -40.000000 and TNOM = 27.000000

Using SPARSE 1.3 as Direct Linear Solver
 Reference value :  1.88365e-02
No. of Data Rows : 4401
Doing analysis at TEMP = -40.000000 and TNOM = 27.000000

Using SPARSE 1.3 as Direct Linear Solver
 Reference value :  1.00000e-02
No. of Data Rows : 4401
dcg                 =  1.40335e+02
f0                  =  7.26325e+05
phx                 =  -1.00381e+02
f180                =  2.24013e+06
gmx                 =  -1.33302e+01
 meas ac f0r when tdb=0 rise=1 failed!

tres                =  -3.70152e-01 at=  7.62957e+05
ROW ssr_cmd=free ssr_v=2.52275 fb_v=1.1996 vout_v=1.7994 isup_a=0.0500113 ceff_f=4.7e-06 esr_ohm=0.5 dcgain_db=140.335 f0_hz=726325 phase_at_f0_deg=-100.381 f180_hz=2.24013E+06 gain_at_f180_db=-13.3302 f0_rising_hz= resurgence_db=-0.370153
* SWEEP COMPLETE ss_-40c_3.63v
Note: Simulation executed from .control section 
Note: Starting dynamic gmin stepping
Note: Dynamic gmin stepping completed
Note: Starting dynamic gmin stepping
Note: Dynamic gmin stepping completed
Note: Starting dynamic gmin stepping
Note: Dynamic gmin stepping completed

Error: measure  f0r  when(WHEN) : out of interval
Error: &f0r: no such variable.
Note: Starting dynamic gmin stepping
Note: Dynamic gmin stepping completed
Note: Starting dynamic gmin stepping
Note: Dynamic gmin stepping completed
Note: Starting dynamic gmin stepping
Note: Dynamic gmin stepping completed

Error: measure  f0r  when(WHEN) : out of interval
Error: &f0r: no such variable.
Note: Starting dynamic gmin stepping
Note: Dynamic gmin stepping completed
Note: Starting dynamic gmin stepping
Note: Dynamic gmin stepping completed
Note: Starting dynamic gmin stepping
Note: Dynamic gmin stepping completed

Error: measure  f0r  when(WHEN) : out of interval
Error: &f0r: no such variable.
Note: Starting dynamic gmin stepping
Note: Dynamic gmin stepping completed
Note: Starting dynamic gmin stepping
Note: Dynamic gmin stepping completed
Note: Starting dynamic gmin stepping
Note: Dynamic gmin stepping completed

Error: measure  f0r  when(WHEN) : out of interval
Error: &f0r: no such variable.
Note: Starting dynamic gmin stepping
Note: Dynamic gmin stepping completed
Note: Starting dynamic gmin stepping
Note: Dynamic gmin stepping completed
Note: Starting dynamic gmin stepping
Note: Dynamic gmin stepping completed

Error: measure  f0r  when(WHEN) : out of interval
Error: &f0r: no such variable.
Note: Starting dynamic gmin stepping
Note: Dynamic gmin stepping completed
Note: Starting dynamic gmin stepping
Note: Dynamic gmin stepping completed
Note: Starting dynamic gmin stepping
Note: Dynamic gmin stepping completed

Error: measure  f0r  when(WHEN) : out of interval
Error: &f0r: no such variable.
Note: Starting dynamic gmin stepping
Note: Dynamic gmin stepping completed
Note: Starting dynamic gmin stepping
Note: Dynamic gmin stepping completed
Note: Starting dynamic gmin stepping
Note: Dynamic gmin stepping completed

Error: measure  f0r  when(WHEN) : out of interval
Error: &f0r: no such variable.
Note: Starting dynamic gmin stepping
Note: Dynamic gmin stepping completed
Note: Starting dynamic gmin stepping
Note: Dynamic gmin stepping completed
Note: Starting dynamic gmin stepping
Note: Dynamic gmin stepping completed

Error: measure  f0r  when(WHEN) : out of interval
Error: &f0r: no such variable.
Note: Starting dynamic gmin stepping
Note: Dynamic gmin stepping completed
Note: Starting dynamic gmin stepping
Note: Dynamic gmin stepping completed
Note: Starting dynamic gmin stepping
Note: Dynamic gmin stepping completed

Error: measure  f0r  when(WHEN) : out of interval
Error: &f0r: no such variable.
Note: Starting dynamic gmin stepping
Note: Dynamic gmin stepping completed
Note: Starting dynamic gmin stepping
Note: Dynamic gmin stepping completed
Note: Starting dynamic gmin stepping
Note: Dynamic gmin stepping completed

Error: measure  f0r  when(WHEN) : out of interval
Error: &f0r: no such variable.
