
Note: No compatibility mode selected!


Circuit: * soft-start-loop-gain -- tian dual-injection loop-gain testbench for the ldo

* corner_id=ss_125c_2.97v corner=ss temp_c=125 vin_v=2.97
* phase=anchor variant=device iload_a=0.05 rload_ohm=1e+12
* ac sweep: dec 400 0.01 1e9 ; Tian dual injection at ERRAMP_OUT->PASS_GATE
* columns: ROW ssr_cmd= ssr_v= fb_v= vout_v= isup_a= ceff_f= esr_ohm=
*          dcgain_db= f0_hz= phase_at_f0_deg= f180_hz= gain_at_f180_db=
*          f0_rising_hz= resurgence_db=
* (phase margin = 180 + phase_at_f0_deg ; gain margin = -gain_at_f180_db ;
*  resurgence_db = max |T| in dB above the first 0 dB crossing, DR-0008 ;
*  an empty f180/gain field means the phase never reaches -180 deg in band ;
*  ssr_cmd is what this deck COMMANDED the ramp node to, or 'free' when it
*  is not pinned; ssr_v/fb_v/vout_v are what the DC solve LANDED on)
* Fields are written key=value BECAUSE a failed meas leaves its value
* empty: with bare positional fields an empty one vanishes into the
* whitespace and every field after it is read as the wrong quantity.
Doing analysis at TEMP = 125.000000 and TNOM = 27.000000

Using SPARSE 1.3 as Direct Linear Solver
 Reference value :  0.00000e+00
No. of Data Rows : 1
Doing analysis at TEMP = 125.000000 and TNOM = 27.000000

Using SPARSE 1.3 as Direct Linear Solver
 Reference value :  3.98107e-02
 Reference value :  6.16595e+08
No. of Data Rows : 4401
Doing analysis at TEMP = 125.000000 and TNOM = 27.000000

Using SPARSE 1.3 as Direct Linear Solver
 Reference value :  1.01158e-02
 Reference value :  1.42889e+08
No. of Data Rows : 4401
dcg                 =  1.35491e+02
f0                  =  2.23577e+05
phx                 =  -1.29993e+02
f180                =  5.76716e+05
gmx                 =  -9.77796e+00
 meas ac f0r when tdb=0 rise=1 failed!

tres                =  -4.84867e-01 at=  2.35776e+05
ROW ssr_cmd=free ssr_v=2.4073 fb_v=1.19949 vout_v=1.79923 isup_a=0.0500111 ceff_f=1e-06 esr_ohm=0.001 dcgain_db=135.491 f0_hz=223577 phase_at_f0_deg=-129.993 f180_hz=576716 gain_at_f180_db=-9.77796 f0_rising_hz= resurgence_db=-0.484867
Doing analysis at TEMP = 125.000000 and TNOM = 27.000000

Using SPARSE 1.3 as Direct Linear Solver
 Reference value :  0.00000e+00
No. of Data Rows : 1
Doing analysis at TEMP = 125.000000 and TNOM = 27.000000

Using SPARSE 1.3 as Direct Linear Solver
 Reference value :  1.42889e-02
 Reference value :  2.33077e+08
No. of Data Rows : 4401
Doing analysis at TEMP = 125.000000 and TNOM = 27.000000

Using SPARSE 1.3 as Direct Linear Solver
 Reference value :  1.00000e-02
 Reference value :  2.34423e+08
No. of Data Rows : 4401
dcg                 =  1.35491e+02
f0                  =  2.24058e+05
phx                 =  -1.26105e+02
f180                =  6.53885e+05
gmx                 =  -1.13993e+01
 meas ac f0r when tdb=0 rise=1 failed!

tres                =  -4.62914e-01 at=  2.35776e+05
ROW ssr_cmd=free ssr_v=2.4073 fb_v=1.19949 vout_v=1.79923 isup_a=0.0500111 ceff_f=1e-06 esr_ohm=0.05 dcgain_db=135.491 f0_hz=224058 phase_at_f0_deg=-126.105 f180_hz=653885 gain_at_f180_db=-11.3993 f0_rising_hz= resurgence_db=-0.462914
Doing analysis at TEMP = 125.000000 and TNOM = 27.000000

Using SPARSE 1.3 as Direct Linear Solver
 Reference value :  0.00000e+00
No. of Data Rows : 1
Doing analysis at TEMP = 125.000000 and TNOM = 27.000000

Using SPARSE 1.3 as Direct Linear Solver
 Reference value :  9.17276e-02
No. of Data Rows : 4401
Doing analysis at TEMP = 125.000000 and TNOM = 27.000000

Using SPARSE 1.3 as Direct Linear Solver
 Reference value :  1.00000e-02
No. of Data Rows : 4401
dcg                 =  1.35491e+02
f0                  =  2.25614e+05
phx                 =  -1.22243e+02
f180                =  7.51886e+05
gmx                 =  -1.30010e+01
 meas ac f0r when tdb=0 rise=1 failed!

tres                =  -4.45764e-01 at=  2.37137e+05
ROW ssr_cmd=free ssr_v=2.4073 fb_v=1.19949 vout_v=1.79923 isup_a=0.0500111 ceff_f=1e-06 esr_ohm=0.1 dcgain_db=135.491 f0_hz=225614 phase_at_f0_deg=-122.243 f180_hz=751886 gain_at_f180_db=-13.001 f0_rising_hz= resurgence_db=-0.445764
Doing analysis at TEMP = 125.000000 and TNOM = 27.000000

Using SPARSE 1.3 as Direct Linear Solver
 Reference value :  0.00000e+00
No. of Data Rows : 1
Doing analysis at TEMP = 125.000000 and TNOM = 27.000000

Using SPARSE 1.3 as Direct Linear Solver
 Reference value :  1.58489e+00
No. of Data Rows : 4401
Doing analysis at TEMP = 125.000000 and TNOM = 27.000000

Using SPARSE 1.3 as Direct Linear Solver
 Reference value :  1.00000e-02
 Reference value :  2.31739e+08
No. of Data Rows : 4401
dcg                 =  1.35491e+02
f0                  =  2.32263e+05
phx                 =  -1.14816e+02
f180                =  9.61475e+05
gmx                 =  -1.48394e+01
 meas ac f0r when tdb=0 rise=1 failed!

tres                =  -4.17668e-01 at=  2.44062e+05
ROW ssr_cmd=free ssr_v=2.4073 fb_v=1.19949 vout_v=1.79923 isup_a=0.0500111 ceff_f=1e-06 esr_ohm=0.2 dcgain_db=135.491 f0_hz=232263 phase_at_f0_deg=-114.816 f180_hz=961475 gain_at_f180_db=-14.8394 f0_rising_hz= resurgence_db=-0.417668
Doing analysis at TEMP = 125.000000 and TNOM = 27.000000

Using SPARSE 1.3 as Direct Linear Solver
 Reference value :  0.00000e+00
No. of Data Rows : 1
Doing analysis at TEMP = 125.000000 and TNOM = 27.000000

Using SPARSE 1.3 as Direct Linear Solver
 Reference value :  7.24436e-02
No. of Data Rows : 4401
Doing analysis at TEMP = 125.000000 and TNOM = 27.000000

Using SPARSE 1.3 as Direct Linear Solver
 Reference value :  1.00000e-02
 Reference value :  1.72783e+08
No. of Data Rows : 4401
dcg                 =  1.35491e+02
f0                  =  3.01820e+05
phx                 =  -9.64239e+01
f180                =  1.24110e+06
gmx                 =  -1.27127e+01
 meas ac f0r when tdb=0 rise=1 failed!

tres                =  -2.73937e-01 at=  3.18053e+05
ROW ssr_cmd=free ssr_v=2.4073 fb_v=1.19949 vout_v=1.79923 isup_a=0.0500111 ceff_f=1e-06 esr_ohm=0.5 dcgain_db=135.491 f0_hz=301820 phase_at_f0_deg=-96.4239 f180_hz=1.2411E+06 gain_at_f180_db=-12.7127 f0_rising_hz= resurgence_db=-0.273937
Doing analysis at TEMP = 125.000000 and TNOM = 27.000000

Using SPARSE 1.3 as Direct Linear Solver
 Reference value :  0.00000e+00
No. of Data Rows : 1
Doing analysis at TEMP = 125.000000 and TNOM = 27.000000

Using SPARSE 1.3 as Direct Linear Solver
 Reference value :  2.51189e-02
 Reference value :  7.28618e+08
No. of Data Rows : 4401
Doing analysis at TEMP = 125.000000 and TNOM = 27.000000

Using SPARSE 1.3 as Direct Linear Solver
 Reference value :  1.40443e-02
 Reference value :  3.27341e+08
No. of Data Rows : 4401
dcg                 =  1.35491e+02
f0                  =  5.50191e+04
phx                 =  -1.27573e+02
f180                =  5.81669e+05
gmx                 =  -2.33195e+01
 meas ac f0r when tdb=0 rise=1 failed!

tres                =  -5.46589e-01 at=  5.78762e+04
ROW ssr_cmd=free ssr_v=2.4073 fb_v=1.19949 vout_v=1.79923 isup_a=0.0500111 ceff_f=4.7e-06 esr_ohm=0.001 dcgain_db=135.491 f0_hz=55019.1 phase_at_f0_deg=-127.573 f180_hz=581669 gain_at_f180_db=-23.3195 f0_rising_hz= resurgence_db=-0.546589
Doing analysis at TEMP = 125.000000 and TNOM = 27.000000

Using SPARSE 1.3 as Direct Linear Solver

No. of Data Rows : 1
Doing analysis at TEMP = 125.000000 and TNOM = 27.000000

Using SPARSE 1.3 as Direct Linear Solver
 Reference value :  1.00000e-02
 Reference value :  2.64545e+08
No. of Data Rows : 4401
Doing analysis at TEMP = 125.000000 and TNOM = 27.000000

Using SPARSE 1.3 as Direct Linear Solver
 Reference value :  1.00000e-02
 Reference value :  4.81393e+08
No. of Data Rows : 4401
dcg                 =  1.35491e+02
f0                  =  5.51528e+04
phx                 =  -1.22970e+02
f180                =  1.02192e+06
gmx                 =  -2.83667e+01
 meas ac f0r when tdb=0 rise=1 failed!

tres                =  -5.78603e-01 at=  5.82103e+04
ROW ssr_cmd=free ssr_v=2.4073 fb_v=1.19949 vout_v=1.79923 isup_a=0.0500111 ceff_f=4.7e-06 esr_ohm=0.05 dcgain_db=135.491 f0_hz=55152.8 phase_at_f0_deg=-122.97 f180_hz=1.02192E+06 gain_at_f180_db=-28.3667 f0_rising_hz= resurgence_db=-0.578603
Doing analysis at TEMP = 125.000000 and TNOM = 27.000000

Using SPARSE 1.3 as Direct Linear Solver

No. of Data Rows : 1
Doing analysis at TEMP = 125.000000 and TNOM = 27.000000

Using SPARSE 1.3 as Direct Linear Solver
 Reference value :  1.00000e-02
 Reference value :  2.05353e+08
No. of Data Rows : 4401
Doing analysis at TEMP = 125.000000 and TNOM = 27.000000

Using SPARSE 1.3 as Direct Linear Solver
 Reference value :  1.00000e-02
 Reference value :  9.27897e+08
No. of Data Rows : 4401
dcg                 =  1.35491e+02
f0                  =  5.55829e+04
phx                 =  -1.18175e+02
f180                =  1.23102e+06
gmx                 =  -2.64547e+01
 meas ac f0r when tdb=0 rise=1 failed!

tres                =  -5.46562e-01 at=  5.85464e+04
ROW ssr_cmd=free ssr_v=2.4073 fb_v=1.19949 vout_v=1.79923 isup_a=0.0500111 ceff_f=4.7e-06 esr_ohm=0.1 dcgain_db=135.491 f0_hz=55582.9 phase_at_f0_deg=-118.175 f180_hz=1.23102E+06 gain_at_f180_db=-26.4547 f0_rising_hz= resurgence_db=-0.546562
Doing analysis at TEMP = 125.000000 and TNOM = 27.000000

Using SPARSE 1.3 as Direct Linear Solver

No. of Data Rows : 1
Doing analysis at TEMP = 125.000000 and TNOM = 27.000000

Using SPARSE 1.3 as Direct Linear Solver
 Reference value :  1.00000e-02
 Reference value :  3.01995e+08
No. of Data Rows : 4401
Doing analysis at TEMP = 125.000000 and TNOM = 27.000000

Using SPARSE 1.3 as Direct Linear Solver
 Reference value :  1.00000e-02
 Reference value :  1.18850e+08
No. of Data Rows : 4401
dcg                 =  1.35491e+02
f0                  =  5.74299e+04
phx                 =  -1.08227e+02
f180                =  1.34343e+06
gmx                 =  -2.21597e+01
 meas ac f0r when tdb=0 rise=1 failed!

tres                =  -5.22789e-01 at=  6.06038e+04
ROW ssr_cmd=free ssr_v=2.4073 fb_v=1.19949 vout_v=1.79923 isup_a=0.0500111 ceff_f=4.7e-06 esr_ohm=0.2 dcgain_db=135.491 f0_hz=57429.9 phase_at_f0_deg=-108.227 f180_hz=1.34343E+06 gain_at_f180_db=-22.1597 f0_rising_hz= resurgence_db=-0.522789
Doing analysis at TEMP = 125.000000 and TNOM = 27.000000

Using SPARSE 1.3 as Direct Linear Solver

No. of Data Rows : 1
Doing analysis at TEMP = 125.000000 and TNOM = 27.000000

Using SPARSE 1.3 as Direct Linear Solver
 Reference value :  1.00000e-02
No. of Data Rows : 4401
Doing analysis at TEMP = 125.000000 and TNOM = 27.000000

Using SPARSE 1.3 as Direct Linear Solver
 Reference value :  1.00000e-02
 Reference value :  2.52639e+08
No. of Data Rows : 4401
dcg                 =  1.35491e+02
f0                  =  7.83376e+04
phx                 =  -7.39400e+01
f180                =  1.40735e+06
gmx                 =  -1.51097e+01
 meas ac f0r when tdb=0 rise=1 failed!

tres                =  -2.59850e-01 at=  8.26990e+04
ROW ssr_cmd=free ssr_v=2.4073 fb_v=1.19949 vout_v=1.79923 isup_a=0.0500111 ceff_f=4.7e-06 esr_ohm=0.5 dcgain_db=135.491 f0_hz=78337.6 phase_at_f0_deg=-73.94 f180_hz=1.40735E+06 gain_at_f180_db=-15.1097 f0_rising_hz= resurgence_db=-0.25985
* SWEEP COMPLETE ss_125c_2.97v
Note: Simulation executed from .control section 
Note: Starting dynamic gmin stepping
Note: Dynamic gmin stepping completed
Note: Starting dynamic gmin stepping
Note: Dynamic gmin stepping completed
Note: Starting dynamic gmin stepping
Note: Dynamic gmin stepping completed

Error: measure  f0r  when(WHEN) : out of interval
Error: &f0r: no such variable.
Note: Starting dynamic gmin stepping
Note: Dynamic gmin stepping completed
Note: Starting dynamic gmin stepping
Note: Dynamic gmin stepping completed
Note: Starting dynamic gmin stepping
Note: Dynamic gmin stepping completed

Error: measure  f0r  when(WHEN) : out of interval
Error: &f0r: no such variable.
Note: Starting dynamic gmin stepping
Note: Dynamic gmin stepping completed
Note: Starting dynamic gmin stepping
Note: Dynamic gmin stepping completed
Note: Starting dynamic gmin stepping
Note: Dynamic gmin stepping completed

Error: measure  f0r  when(WHEN) : out of interval
Error: &f0r: no such variable.
Note: Starting dynamic gmin stepping
Note: Dynamic gmin stepping completed
Note: Starting dynamic gmin stepping
Note: Dynamic gmin stepping completed
Note: Starting dynamic gmin stepping
Note: Dynamic gmin stepping completed

Error: measure  f0r  when(WHEN) : out of interval
Error: &f0r: no such variable.
Note: Starting dynamic gmin stepping
Note: Dynamic gmin stepping completed
Note: Starting dynamic gmin stepping
Note: Dynamic gmin stepping completed
Note: Starting dynamic gmin stepping
Note: Dynamic gmin stepping completed

Error: measure  f0r  when(WHEN) : out of interval
Error: &f0r: no such variable.
Note: Starting dynamic gmin stepping
Note: Dynamic gmin stepping completed
Note: Starting dynamic gmin stepping
Note: Dynamic gmin stepping completed
Note: Starting dynamic gmin stepping
Note: Dynamic gmin stepping completed

Error: measure  f0r  when(WHEN) : out of interval
Error: &f0r: no such variable.
Note: Starting dynamic gmin stepping
Note: Dynamic gmin stepping completed
Note: Starting dynamic gmin stepping
Note: Dynamic gmin stepping completed
Note: Starting dynamic gmin stepping
Note: Dynamic gmin stepping completed

Error: measure  f0r  when(WHEN) : out of interval
Error: &f0r: no such variable.
Note: Starting dynamic gmin stepping
Note: Dynamic gmin stepping completed
Note: Starting dynamic gmin stepping
Note: Dynamic gmin stepping completed
Note: Starting dynamic gmin stepping
Note: Dynamic gmin stepping completed

Error: measure  f0r  when(WHEN) : out of interval
Error: &f0r: no such variable.
Note: Starting dynamic gmin stepping
Note: Dynamic gmin stepping completed
Note: Starting dynamic gmin stepping
Note: Dynamic gmin stepping completed
Note: Starting dynamic gmin stepping
Note: Dynamic gmin stepping completed

Error: measure  f0r  when(WHEN) : out of interval
Error: &f0r: no such variable.
Note: Starting dynamic gmin stepping
Note: Dynamic gmin stepping completed
Note: Starting dynamic gmin stepping
Note: Dynamic gmin stepping completed
Note: Starting dynamic gmin stepping
Note: Dynamic gmin stepping completed

Error: measure  f0r  when(WHEN) : out of interval
Error: &f0r: no such variable.
