
Note: No compatibility mode selected!


Circuit: * soft-start-loop-gain -- tian dual-injection loop-gain testbench for the ldo

* corner_id=tt_125c_3.63v corner=tt temp_c=125 vin_v=3.63
* phase=anchor variant=device iload_a=0.05 rload_ohm=1e+12
* ac sweep: dec 400 0.01 1e9 ; Tian dual injection at ERRAMP_OUT->PASS_GATE
* columns: ROW ssr_cmd= ssr_v= fb_v= vout_v= isup_a= ceff_f= esr_ohm=
*          dcgain_db= f0_hz= phase_at_f0_deg= f180_hz= gain_at_f180_db=
*          f0_rising_hz= resurgence_db=
* (phase margin = 180 + phase_at_f0_deg ; gain margin = -gain_at_f180_db ;
*  resurgence_db = max |T| in dB above the first 0 dB crossing, DR-0008 ;
*  an empty f180/gain field means the phase never reaches -180 deg in band ;
*  ssr_cmd is what this deck COMMANDED the ramp node to, or 'free' when it
*  is not pinned; ssr_v/fb_v/vout_v are what the DC solve LANDED on)
* Fields are written key=value BECAUSE a failed meas leaves its value
* empty: with bare positional fields an empty one vanishes into the
* whitespace and every field after it is read as the wrong quantity.
Doing analysis at TEMP = 125.000000 and TNOM = 27.000000

Using SPARSE 1.3 as Direct Linear Solver
 Reference value :  0.00000e+00
No. of Data Rows : 1
Doing analysis at TEMP = 125.000000 and TNOM = 27.000000

Using SPARSE 1.3 as Direct Linear Solver
 Reference value :  2.21309e-02
 Reference value :  5.12861e+08
No. of Data Rows : 4401
Doing analysis at TEMP = 125.000000 and TNOM = 27.000000

Using SPARSE 1.3 as Direct Linear Solver
 Reference value :  1.00000e-02
 Reference value :  1.73780e+08
No. of Data Rows : 4401
dcg                 =  1.35953e+02
f0                  =  3.02887e+05
phx                 =  -1.31869e+02
f180                =  8.03046e+05
gmx                 =  -1.08146e+01
 meas ac f0r when tdb=0 rise=1 failed!

tres                =  -4.69217e-01 at=  3.18053e+05
ROW ssr_cmd=free ssr_v=2.97771 fb_v=1.19935 vout_v=1.79902 isup_a=0.0500175 ceff_f=1e-06 esr_ohm=0.001 dcgain_db=135.953 f0_hz=302887 phase_at_f0_deg=-131.869 f180_hz=803046 gain_at_f180_db=-10.8146 f0_rising_hz= resurgence_db=-0.469217
Doing analysis at TEMP = 125.000000 and TNOM = 27.000000

Using SPARSE 1.3 as Direct Linear Solver
 Reference value :  0.00000e+00
No. of Data Rows : 1
Doing analysis at TEMP = 125.000000 and TNOM = 27.000000

Using SPARSE 1.3 as Direct Linear Solver
 Reference value :  1.86209e-02
 Reference value :  6.23735e+08
No. of Data Rows : 4401
Doing analysis at TEMP = 125.000000 and TNOM = 27.000000

Using SPARSE 1.3 as Direct Linear Solver
 Reference value :  1.81970e+00
No. of Data Rows : 4401
dcg                 =  1.35953e+02
f0                  =  3.04089e+05
phx                 =  -1.26623e+02
f180                =  9.88175e+05
gmx                 =  -1.36022e+01
 meas ac f0r when tdb=0 rise=1 failed!

tres                =  -4.82520e-01 at=  3.19890e+05
ROW ssr_cmd=free ssr_v=2.97771 fb_v=1.19935 vout_v=1.79902 isup_a=0.0500175 ceff_f=1e-06 esr_ohm=0.05 dcgain_db=135.953 f0_hz=304089 phase_at_f0_deg=-126.623 f180_hz=988175 gain_at_f180_db=-13.6022 f0_rising_hz= resurgence_db=-0.48252
Doing analysis at TEMP = 125.000000 and TNOM = 27.000000

Using SPARSE 1.3 as Direct Linear Solver
 Reference value :  0.00000e+00
No. of Data Rows : 1
Doing analysis at TEMP = 125.000000 and TNOM = 27.000000

Using SPARSE 1.3 as Direct Linear Solver
 Reference value :  1.17490e-02
 Reference value :  6.16595e+08
No. of Data Rows : 4401
Doing analysis at TEMP = 125.000000 and TNOM = 27.000000

Using SPARSE 1.3 as Direct Linear Solver
 Reference value :  1.07771e-02
 Reference value :  4.07380e+08
No. of Data Rows : 4401
dcg                 =  1.35953e+02
f0                  =  3.07873e+05
phx                 =  -1.21451e+02
f180                =  1.24868e+06
gmx                 =  -1.61804e+01
 meas ac f0r when tdb=0 rise=1 failed!

tres                =  -4.62759e-01 at=  3.23594e+05
ROW ssr_cmd=free ssr_v=2.97771 fb_v=1.19935 vout_v=1.79902 isup_a=0.0500175 ceff_f=1e-06 esr_ohm=0.1 dcgain_db=135.953 f0_hz=307873 phase_at_f0_deg=-121.451 f180_hz=1.24868E+06 gain_at_f180_db=-16.1804 f0_rising_hz= resurgence_db=-0.462759
Doing analysis at TEMP = 125.000000 and TNOM = 27.000000

Using SPARSE 1.3 as Direct Linear Solver
 Reference value :  0.00000e+00
No. of Data Rows : 1
Doing analysis at TEMP = 125.000000 and TNOM = 27.000000

Using SPARSE 1.3 as Direct Linear Solver
 Reference value :  1.00000e-02
 Reference value :  8.81049e+08
No. of Data Rows : 4401
Doing analysis at TEMP = 125.000000 and TNOM = 27.000000

Using SPARSE 1.3 as Direct Linear Solver
 Reference value :  1.00000e-02
 Reference value :  1.73780e+08
No. of Data Rows : 4401
dcg                 =  1.35953e+02
f0                  =  3.24478e+05
phx                 =  -1.11637e+02
f180                =  1.66722e+06
gmx                 =  -1.72150e+01
 meas ac f0r when tdb=0 rise=1 failed!

tres                =  -4.12001e-01 at=  3.40800e+05
ROW ssr_cmd=free ssr_v=2.97771 fb_v=1.19935 vout_v=1.79902 isup_a=0.0500175 ceff_f=1e-06 esr_ohm=0.2 dcgain_db=135.953 f0_hz=324478 phase_at_f0_deg=-111.637 f180_hz=1.66722E+06 gain_at_f180_db=-17.215 f0_rising_hz= resurgence_db=-0.412001
Doing analysis at TEMP = 125.000000 and TNOM = 27.000000

Using SPARSE 1.3 as Direct Linear Solver
 Reference value :  0.00000e+00
No. of Data Rows : 1
Doing analysis at TEMP = 125.000000 and TNOM = 27.000000

Using SPARSE 1.3 as Direct Linear Solver
 Reference value :  1.00000e-02
 Reference value :  7.67361e+07
No. of Data Rows : 4401
Doing analysis at TEMP = 125.000000 and TNOM = 27.000000

Using SPARSE 1.3 as Direct Linear Solver
 Reference value :  1.00000e-02
 Reference value :  4.54465e+08
No. of Data Rows : 4401
dcg                 =  1.35953e+02
f0                  =  5.39759e+05
phx                 =  -9.49845e+01
f180                =  2.00303e+06
gmx                 =  -1.29559e+01
 meas ac f0r when tdb=0 rise=1 failed!

tres                =  -2.47938e-01 at=  5.68853e+05
ROW ssr_cmd=free ssr_v=2.97771 fb_v=1.19935 vout_v=1.79902 isup_a=0.0500175 ceff_f=1e-06 esr_ohm=0.5 dcgain_db=135.953 f0_hz=539759 phase_at_f0_deg=-94.9845 f180_hz=2.00303E+06 gain_at_f180_db=-12.9558 f0_rising_hz= resurgence_db=-0.247938
Doing analysis at TEMP = 125.000000 and TNOM = 27.000000

Using SPARSE 1.3 as Direct Linear Solver

No. of Data Rows : 1
Doing analysis at TEMP = 125.000000 and TNOM = 27.000000

Using SPARSE 1.3 as Direct Linear Solver
 Reference value :  1.00000e-02
 Reference value :  1.88365e+08
No. of Data Rows : 4401
Doing analysis at TEMP = 125.000000 and TNOM = 27.000000

Using SPARSE 1.3 as Direct Linear Solver
 Reference value :  1.00000e-02
 Reference value :  4.67735e+08
No. of Data Rows : 4401
dcg                 =  1.35953e+02
f0                  =  7.74347e+04
phx                 =  -1.28115e+02
f180                =  8.14246e+05
gmx                 =  -2.44435e+01
 meas ac f0r when tdb=0 rise=1 failed!

tres                =  -5.92254e-01 at=  8.17523e+04
ROW ssr_cmd=free ssr_v=2.97771 fb_v=1.19935 vout_v=1.79902 isup_a=0.0500175 ceff_f=4.7e-06 esr_ohm=0.001 dcgain_db=135.953 f0_hz=77434.7 phase_at_f0_deg=-128.115 f180_hz=814246 gain_at_f180_db=-24.4435 f0_rising_hz= resurgence_db=-0.592254
Doing analysis at TEMP = 125.000000 and TNOM = 27.000000

Using SPARSE 1.3 as Direct Linear Solver
 Reference value :  0.00000e+00
No. of Data Rows : 1
Doing analysis at TEMP = 125.000000 and TNOM = 27.000000

Using SPARSE 1.3 as Direct Linear Solver
 Reference value :  1.00000e-02
 Reference value :  2.75423e+08
No. of Data Rows : 4401
Doing analysis at TEMP = 125.000000 and TNOM = 27.000000

Using SPARSE 1.3 as Direct Linear Solver
 Reference value :  1.00000e-02
No. of Data Rows : 4401
dcg                 =  1.35953e+02
f0                  =  7.78240e+04
phx                 =  -1.21618e+02
f180                =  1.75269e+06
gmx                 =  -3.02705e+01
 meas ac f0r when tdb=0 rise=1 failed!

tres                =  -5.31322e-01 at=  8.17523e+04
ROW ssr_cmd=free ssr_v=2.97771 fb_v=1.19935 vout_v=1.79902 isup_a=0.0500175 ceff_f=4.7e-06 esr_ohm=0.05 dcgain_db=135.953 f0_hz=77824 phase_at_f0_deg=-121.618 f180_hz=1.75269E+06 gain_at_f180_db=-30.2705 f0_rising_hz= resurgence_db=-0.531323
Doing analysis at TEMP = 125.000000 and TNOM = 27.000000

Using SPARSE 1.3 as Direct Linear Solver
 Reference value :  0.00000e+00
No. of Data Rows : 1
Doing analysis at TEMP = 125.000000 and TNOM = 27.000000

Using SPARSE 1.3 as Direct Linear Solver
 Reference value :  1.00000e-02
 Reference value :  8.91251e+08
No. of Data Rows : 4401
Doing analysis at TEMP = 125.000000 and TNOM = 27.000000

Using SPARSE 1.3 as Direct Linear Solver
 Reference value :  1.00000e-02
 Reference value :  4.21697e+08
No. of Data Rows : 4401
dcg                 =  1.35953e+02
f0                  =  7.90524e+04
phx                 =  -1.14808e+02
f180                =  1.99702e+06
gmx                 =  -2.68064e+01
 meas ac f0r when tdb=0 rise=1 failed!

tres                =  -5.28405e-01 at=  8.31764e+04
ROW ssr_cmd=free ssr_v=2.97771 fb_v=1.19935 vout_v=1.79902 isup_a=0.0500175 ceff_f=4.7e-06 esr_ohm=0.1 dcgain_db=135.953 f0_hz=79052.4 phase_at_f0_deg=-114.808 f180_hz=1.99702E+06 gain_at_f180_db=-26.8065 f0_rising_hz= resurgence_db=-0.528405
Doing analysis at TEMP = 125.000000 and TNOM = 27.000000

Using SPARSE 1.3 as Direct Linear Solver
 Reference value :  0.00000e+00
No. of Data Rows : 1
Doing analysis at TEMP = 125.000000 and TNOM = 27.000000

Using SPARSE 1.3 as Direct Linear Solver
 Reference value :  1.00000e-02
 Reference value :  1.00000e+09
No. of Data Rows : 4401
Doing analysis at TEMP = 125.000000 and TNOM = 27.000000

Using SPARSE 1.3 as Direct Linear Solver
 Reference value :  2.98538e-02
No. of Data Rows : 4401
dcg                 =  1.35953e+02
f0                  =  8.45864e+04
phx                 =  -1.00486e+02
f180                =  2.11597e+06
gmx                 =  -2.18609e+01
 meas ac f0r when tdb=0 rise=1 failed!

tres                =  -4.63615e-01 at=  8.91251e+04
ROW ssr_cmd=free ssr_v=2.97771 fb_v=1.19935 vout_v=1.79902 isup_a=0.0500175 ceff_f=4.7e-06 esr_ohm=0.2 dcgain_db=135.953 f0_hz=84586.4 phase_at_f0_deg=-100.486 f180_hz=2.11597E+06 gain_at_f180_db=-21.8608 f0_rising_hz= resurgence_db=-0.463615
Doing analysis at TEMP = 125.000000 and TNOM = 27.000000

Using SPARSE 1.3 as Direct Linear Solver
 Reference value :  0.00000e+00
No. of Data Rows : 1
Doing analysis at TEMP = 125.000000 and TNOM = 27.000000

Using SPARSE 1.3 as Direct Linear Solver
 Reference value :  2.11349e-02
 Reference value :  3.91291e+08
No. of Data Rows : 4401
Doing analysis at TEMP = 125.000000 and TNOM = 27.000000

Using SPARSE 1.3 as Direct Linear Solver
 Reference value :  1.00000e-02
 Reference value :  1.86209e+08
No. of Data Rows : 4401
dcg                 =  1.35953e+02
f0                  =  2.53183e+05
phx                 =  -5.32401e+01
f180                =  2.17864e+06
gmx                 =  -1.44756e+01
 meas ac f0r when tdb=0 rise=1 failed!

tres                =  -6.61453e-02 at=  2.66073e+05
ROW ssr_cmd=free ssr_v=2.97771 fb_v=1.19935 vout_v=1.79902 isup_a=0.0500175 ceff_f=4.7e-06 esr_ohm=0.5 dcgain_db=135.953 f0_hz=253183 phase_at_f0_deg=-53.2401 f180_hz=2.17864E+06 gain_at_f180_db=-14.4756 f0_rising_hz= resurgence_db=-0.0661453
* SWEEP COMPLETE tt_125c_3.63v
Note: Simulation executed from .control section 
Note: Starting dynamic gmin stepping
Note: Dynamic gmin stepping completed
Note: Starting dynamic gmin stepping
Note: Dynamic gmin stepping completed
Note: Starting dynamic gmin stepping
Note: Dynamic gmin stepping completed

Error: measure  f0r  when(WHEN) : out of interval
Error: &f0r: no such variable.
Note: Starting dynamic gmin stepping
Note: Dynamic gmin stepping completed
Note: Starting dynamic gmin stepping
Note: Dynamic gmin stepping completed
Note: Starting dynamic gmin stepping
Note: Dynamic gmin stepping completed

Error: measure  f0r  when(WHEN) : out of interval
Error: &f0r: no such variable.
Note: Starting dynamic gmin stepping
Note: Dynamic gmin stepping completed
Note: Starting dynamic gmin stepping
Note: Dynamic gmin stepping completed
Note: Starting dynamic gmin stepping
Note: Dynamic gmin stepping completed

Error: measure  f0r  when(WHEN) : out of interval
Error: &f0r: no such variable.
Note: Starting dynamic gmin stepping
Note: Dynamic gmin stepping completed
Note: Starting dynamic gmin stepping
Note: Dynamic gmin stepping completed
Note: Starting dynamic gmin stepping
Note: Dynamic gmin stepping completed

Error: measure  f0r  when(WHEN) : out of interval
Error: &f0r: no such variable.
Note: Starting dynamic gmin stepping
Note: Dynamic gmin stepping completed
Note: Starting dynamic gmin stepping
Note: Dynamic gmin stepping completed
Note: Starting dynamic gmin stepping
Note: Dynamic gmin stepping completed

Error: measure  f0r  when(WHEN) : out of interval
Error: &f0r: no such variable.
Note: Starting dynamic gmin stepping
Note: Dynamic gmin stepping completed
Note: Starting dynamic gmin stepping
Note: Dynamic gmin stepping completed
Note: Starting dynamic gmin stepping
Note: Dynamic gmin stepping completed

Error: measure  f0r  when(WHEN) : out of interval
Error: &f0r: no such variable.
Note: Starting dynamic gmin stepping
Note: Dynamic gmin stepping completed
Note: Starting dynamic gmin stepping
Note: Dynamic gmin stepping completed
Note: Starting dynamic gmin stepping
Note: Dynamic gmin stepping completed

Error: measure  f0r  when(WHEN) : out of interval
Error: &f0r: no such variable.
Note: Starting dynamic gmin stepping
Note: Dynamic gmin stepping completed
Note: Starting dynamic gmin stepping
Note: Dynamic gmin stepping completed
Note: Starting dynamic gmin stepping
Note: Dynamic gmin stepping completed

Error: measure  f0r  when(WHEN) : out of interval
Error: &f0r: no such variable.
Note: Starting dynamic gmin stepping
Note: Dynamic gmin stepping completed
Note: Starting dynamic gmin stepping
Note: Dynamic gmin stepping completed
Note: Starting dynamic gmin stepping
Note: Dynamic gmin stepping completed

Error: measure  f0r  when(WHEN) : out of interval
Error: &f0r: no such variable.
Note: Starting dynamic gmin stepping
Note: Dynamic gmin stepping completed
Note: Starting dynamic gmin stepping
Note: Dynamic gmin stepping completed
Note: Starting dynamic gmin stepping
Note: Dynamic gmin stepping completed

Error: measure  f0r  when(WHEN) : out of interval
Error: &f0r: no such variable.
