
Note: Compatibility modes selected: hs a


Circuit: * loop-stability -- tian dual-injection loop-gain testbench for ldo_core (issue #10)

* corner_id=fs_125c_3.30v corner=fs temp_c=125 vin_v=3.3
* ac sweep: dec 400 0.01 1e9 ; Tian dual injection at ERRAMP_OUT->PASS_GATE
* columns: ROW iload_a= ceff_f= esr_ohm= vout_v= dcgain_db= f0_hz= phase_at_f0_deg=
*          f180_hz= gain_at_f180_db= f0_rising_hz= resurgence_db=
* (phase margin = 180 + phase_at_f0_deg ; gain margin = -gain_at_f180_db ;
*  resurgence_db = max |T| in dB above the first 0 dB crossing, DR-0008 ;
*  an empty f180/gain field means the phase never reaches -180 deg in band)
* Fields are written key=value BECAUSE a failed meas leaves its value
* empty: with bare positional fields an empty one vanishes into the
* whitespace and every field after it is read as the wrong quantity.
Doing analysis at TEMP = 125.000000 and TNOM = 27.000000

Using SPARSE 1.3 as Direct Linear Solver
 Reference value :  0.00000e+00
No. of Data Rows : 1
Doing analysis at TEMP = 125.000000 and TNOM = 27.000000

Using SPARSE 1.3 as Direct Linear Solver

No. of Data Rows : 4401
Doing analysis at TEMP = 125.000000 and TNOM = 27.000000

Using SPARSE 1.3 as Direct Linear Solver
 Reference value :  1.00000e-02
No. of Data Rows : 4401
dcg                 =  1.26715e+02
f0                  =  2.04345e+03
phx                 =  -1.60015e+02
f180                =  3.44514e+06
gmx                 =  -5.28964e+01
 meas ac f0r when tdb=0 rise=1 failed!

tres                =  -8.30198e-01 at=  2.15030e+03
ROW iload_a=0 ceff_f=3.3e-07 esr_ohm=0.001 vout_v=1.79919 dcgain_db=126.715 f0_hz=2043.45 phase_at_f0_deg=-160.015 f180_hz=3.44514E+06 gain_at_f180_db=-52.8964 f0_rising_hz= resurgence_db=-0.830198
Doing analysis at TEMP = 125.000000 and TNOM = 27.000000

Using SPARSE 1.3 as Direct Linear Solver

No. of Data Rows : 1
Doing analysis at TEMP = 125.000000 and TNOM = 27.000000

Using SPARSE 1.3 as Direct Linear Solver
 Reference value :  1.00000e-02
No. of Data Rows : 4401
Doing analysis at TEMP = 125.000000 and TNOM = 27.000000

Using SPARSE 1.3 as Direct Linear Solver
 Reference value :  5.99101e-02
No. of Data Rows : 4401
dcg                 =  1.26715e+02
f0                  =  2.04332e+03
phx                 =  -1.60025e+02
f180                =  3.46677e+06
gmx                 =  -5.28923e+01
 meas ac f0r when tdb=0 rise=1 failed!

tres                =  -8.31334e-01 at=  2.15030e+03
ROW iload_a=0 ceff_f=3.3e-07 esr_ohm=0.05 vout_v=1.79919 dcgain_db=126.715 f0_hz=2043.32 phase_at_f0_deg=-160.025 f180_hz=3.46677E+06 gain_at_f180_db=-52.8923 f0_rising_hz= resurgence_db=-0.831334
Doing analysis at TEMP = 125.000000 and TNOM = 27.000000

Using SPARSE 1.3 as Direct Linear Solver

No. of Data Rows : 1
Doing analysis at TEMP = 125.000000 and TNOM = 27.000000

Using SPARSE 1.3 as Direct Linear Solver
 Reference value :  1.00000e-02
No. of Data Rows : 4401
Doing analysis at TEMP = 125.000000 and TNOM = 27.000000

Using SPARSE 1.3 as Direct Linear Solver
 Reference value :  3.33043e-01
No. of Data Rows : 4401
dcg                 =  1.26715e+02
f0                  =  2.04332e+03
phx                 =  -1.59988e+02
f180                =  3.46108e+06
gmx                 =  -5.28864e+01
 meas ac f0r when tdb=0 rise=1 failed!

tres                =  -8.31331e-01 at=  2.15030e+03
ROW iload_a=0 ceff_f=3.3e-07 esr_ohm=0.2 vout_v=1.79919 dcgain_db=126.715 f0_hz=2043.32 phase_at_f0_deg=-159.988 f180_hz=3.46108E+06 gain_at_f180_db=-52.8864 f0_rising_hz= resurgence_db=-0.831331
Doing analysis at TEMP = 125.000000 and TNOM = 27.000000

Using SPARSE 1.3 as Direct Linear Solver

No. of Data Rows : 1
Doing analysis at TEMP = 125.000000 and TNOM = 27.000000

Using SPARSE 1.3 as Direct Linear Solver
 Reference value :  1.00000e-02
No. of Data Rows : 4401
Doing analysis at TEMP = 125.000000 and TNOM = 27.000000

Using SPARSE 1.3 as Direct Linear Solver
 Reference value :  4.14477e-01
No. of Data Rows : 4401
dcg                 =  1.26715e+02
f0                  =  2.04332e+03
phx                 =  -1.59915e+02
f180                =  3.44961e+06
gmx                 =  -5.28742e+01
 meas ac f0r when tdb=0 rise=1 failed!

tres                =  -8.31317e-01 at=  2.15030e+03
ROW iload_a=0 ceff_f=3.3e-07 esr_ohm=0.5 vout_v=1.79919 dcgain_db=126.715 f0_hz=2043.32 phase_at_f0_deg=-159.915 f180_hz=3.44961E+06 gain_at_f180_db=-52.8742 f0_rising_hz= resurgence_db=-0.831317
Doing analysis at TEMP = 125.000000 and TNOM = 27.000000

Using SPARSE 1.3 as Direct Linear Solver

No. of Data Rows : 1
Doing analysis at TEMP = 125.000000 and TNOM = 27.000000

Using SPARSE 1.3 as Direct Linear Solver
 Reference value :  1.00000e-02
No. of Data Rows : 4401
Doing analysis at TEMP = 125.000000 and TNOM = 27.000000

Using SPARSE 1.3 as Direct Linear Solver
 Reference value :  5.04081e-01
No. of Data Rows : 4401
dcg                 =  1.26706e+02
f0                  =  1.14917e+03
phx                 =  -1.68341e+02
f180                =  3.44645e+06
gmx                 =  -5.28862e+01
 meas ac f0r when tdb=0 rise=1 failed!

tres                =  -8.65629e-01 at=  1.20921e+03
ROW iload_a=0 ceff_f=1e-06 esr_ohm=0.001 vout_v=1.79919 dcgain_db=126.706 f0_hz=1149.17 phase_at_f0_deg=-168.341 f180_hz=3.44645E+06 gain_at_f180_db=-52.8862 f0_rising_hz= resurgence_db=-0.865629
Doing analysis at TEMP = 125.000000 and TNOM = 27.000000

Using SPARSE 1.3 as Direct Linear Solver

No. of Data Rows : 1
Doing analysis at TEMP = 125.000000 and TNOM = 27.000000

Using SPARSE 1.3 as Direct Linear Solver
 Reference value :  1.00000e-02
No. of Data Rows : 4401
Doing analysis at TEMP = 125.000000 and TNOM = 27.000000

Using SPARSE 1.3 as Direct Linear Solver
 Reference value :  2.07730e-01
No. of Data Rows : 4401
dcg                 =  1.26706e+02
f0                  =  1.14914e+03
phx                 =  -1.68333e+02
f180                =  3.46804e+06
gmx                 =  -5.28823e+01
 meas ac f0r when tdb=0 rise=1 failed!

tres                =  -8.66022e-01 at=  1.20921e+03
ROW iload_a=0 ceff_f=1e-06 esr_ohm=0.05 vout_v=1.79919 dcgain_db=126.706 f0_hz=1149.14 phase_at_f0_deg=-168.333 f180_hz=3.46804E+06 gain_at_f180_db=-52.8823 f0_rising_hz= resurgence_db=-0.866023
Doing analysis at TEMP = 125.000000 and TNOM = 27.000000

Using SPARSE 1.3 as Direct Linear Solver

No. of Data Rows : 1
Doing analysis at TEMP = 125.000000 and TNOM = 27.000000

Using SPARSE 1.3 as Direct Linear Solver
 Reference value :  1.00000e-02
No. of Data Rows : 4401
Doing analysis at TEMP = 125.000000 and TNOM = 27.000000

Using SPARSE 1.3 as Direct Linear Solver
 Reference value :  6.95825e-01
No. of Data Rows : 4401
dcg                 =  1.26706e+02
f0                  =  1.14914e+03
phx                 =  -1.68271e+02
f180                =  3.46236e+06
gmx                 =  -5.28763e+01
 meas ac f0r when tdb=0 rise=1 failed!

tres                =  -8.66014e-01 at=  1.20921e+03
ROW iload_a=0 ceff_f=1e-06 esr_ohm=0.2 vout_v=1.79919 dcgain_db=126.706 f0_hz=1149.14 phase_at_f0_deg=-168.271 f180_hz=3.46236E+06 gain_at_f180_db=-52.8763 f0_rising_hz= resurgence_db=-0.866014
Doing analysis at TEMP = 125.000000 and TNOM = 27.000000

Using SPARSE 1.3 as Direct Linear Solver

No. of Data Rows : 1
Doing analysis at TEMP = 125.000000 and TNOM = 27.000000

Using SPARSE 1.3 as Direct Linear Solver
 Reference value :  1.00000e-02
No. of Data Rows : 4401
Doing analysis at TEMP = 125.000000 and TNOM = 27.000000

Using SPARSE 1.3 as Direct Linear Solver
 Reference value :  2.29087e-01
No. of Data Rows : 4401
dcg                 =  1.26706e+02
f0                  =  1.14915e+03
phx                 =  -1.68147e+02
f180                =  3.45093e+06
gmx                 =  -5.28640e+01
 meas ac f0r when tdb=0 rise=1 failed!

tres                =  -8.65965e-01 at=  1.20921e+03
ROW iload_a=0 ceff_f=1e-06 esr_ohm=0.5 vout_v=1.79919 dcgain_db=126.706 f0_hz=1149.15 phase_at_f0_deg=-168.147 f180_hz=3.45094E+06 gain_at_f180_db=-52.864 f0_rising_hz= resurgence_db=-0.865965
Doing analysis at TEMP = 125.000000 and TNOM = 27.000000

Using SPARSE 1.3 as Direct Linear Solver

No. of Data Rows : 1
Doing analysis at TEMP = 125.000000 and TNOM = 27.000000

Using SPARSE 1.3 as Direct Linear Solver
 Reference value :  1.00000e-02
No. of Data Rows : 4401
Doing analysis at TEMP = 125.000000 and TNOM = 27.000000

Using SPARSE 1.3 as Direct Linear Solver
 Reference value :  2.81838e-01
No. of Data Rows : 4401
dcg                 =  1.26518e+02
f0                  =  5.25718e+02
phx                 =  -1.74370e+02
f180                =  3.44696e+06
gmx                 =  -5.28822e+01
 meas ac f0r when tdb=0 rise=1 failed!

tres                =  -8.65881e-01 at=  5.52713e+02
ROW iload_a=0 ceff_f=4.7e-06 esr_ohm=0.001 vout_v=1.79919 dcgain_db=126.517 f0_hz=525.718 phase_at_f0_deg=-174.37 f180_hz=3.44696E+06 gain_at_f180_db=-52.8822 f0_rising_hz= resurgence_db=-0.865881
Doing analysis at TEMP = 125.000000 and TNOM = 27.000000

Using SPARSE 1.3 as Direct Linear Solver

No. of Data Rows : 1
Doing analysis at TEMP = 125.000000 and TNOM = 27.000000

Using SPARSE 1.3 as Direct Linear Solver
 Reference value :  1.00000e-02
No. of Data Rows : 4401
Doing analysis at TEMP = 125.000000 and TNOM = 27.000000

Using SPARSE 1.3 as Direct Linear Solver
 Reference value :  6.76083e-02
No. of Data Rows : 4401
dcg                 =  1.26518e+02
f0                  =  5.25716e+02
phx                 =  -1.74333e+02
f180                =  3.46852e+06
gmx                 =  -5.28784e+01
 meas ac f0r when tdb=0 rise=1 failed!

tres                =  -8.65963e-01 at=  5.52713e+02
ROW iload_a=0 ceff_f=4.7e-06 esr_ohm=0.05 vout_v=1.79919 dcgain_db=126.517 f0_hz=525.716 phase_at_f0_deg=-174.333 f180_hz=3.46852E+06 gain_at_f180_db=-52.8784 f0_rising_hz= resurgence_db=-0.865963
Doing analysis at TEMP = 125.000000 and TNOM = 27.000000

Using SPARSE 1.3 as Direct Linear Solver

No. of Data Rows : 1
Doing analysis at TEMP = 125.000000 and TNOM = 27.000000

Using SPARSE 1.3 as Direct Linear Solver
 Reference value :  1.00000e-02
No. of Data Rows : 4401
Doing analysis at TEMP = 125.000000 and TNOM = 27.000000

Using SPARSE 1.3 as Direct Linear Solver
 Reference value :  3.50752e-01
No. of Data Rows : 4401
dcg                 =  1.26518e+02
f0                  =  5.25717e+02
phx                 =  -1.74199e+02
f180                =  3.46285e+06
gmx                 =  -5.28724e+01
 meas ac f0r when tdb=0 rise=1 failed!

tres                =  -8.65921e-01 at=  5.52713e+02
ROW iload_a=0 ceff_f=4.7e-06 esr_ohm=0.2 vout_v=1.79919 dcgain_db=126.517 f0_hz=525.717 phase_at_f0_deg=-174.199 f180_hz=3.46285E+06 gain_at_f180_db=-52.8724 f0_rising_hz= resurgence_db=-0.865921
Doing analysis at TEMP = 125.000000 and TNOM = 27.000000

Using SPARSE 1.3 as Direct Linear Solver

No. of Data Rows : 1
Doing analysis at TEMP = 125.000000 and TNOM = 27.000000

Using SPARSE 1.3 as Direct Linear Solver
 Reference value :  1.00000e-02
No. of Data Rows : 4401
Doing analysis at TEMP = 125.000000 and TNOM = 27.000000

Using SPARSE 1.3 as Direct Linear Solver
 Reference value :  1.07152e+00
No. of Data Rows : 4401
dcg                 =  1.26518e+02
f0                  =  5.25723e+02
phx                 =  -1.73932e+02
f180                =  3.45145e+06
gmx                 =  -5.28601e+01
 meas ac f0r when tdb=0 rise=1 failed!

tres                =  -8.65681e-01 at=  5.52713e+02
ROW iload_a=0 ceff_f=4.7e-06 esr_ohm=0.5 vout_v=1.79919 dcgain_db=126.517 f0_hz=525.723 phase_at_f0_deg=-173.933 f180_hz=3.45144E+06 gain_at_f180_db=-52.8601 f0_rising_hz= resurgence_db=-0.865681
Doing analysis at TEMP = 125.000000 and TNOM = 27.000000

Using SPARSE 1.3 as Direct Linear Solver

No. of Data Rows : 1
Doing analysis at TEMP = 125.000000 and TNOM = 27.000000

Using SPARSE 1.3 as Direct Linear Solver
 Reference value :  1.00000e-02
No. of Data Rows : 4401
Doing analysis at TEMP = 125.000000 and TNOM = 27.000000

Using SPARSE 1.3 as Direct Linear Solver
 Reference value :  1.00000e-02
No. of Data Rows : 4401
dcg                 =  1.42254e+02
f0                  =  6.78835e+04
phx                 =  -1.14870e+02
f180                =  4.23646e+05
gmx                 =  -2.39214e+01
 meas ac f0r when tdb=0 rise=1 failed!

tres                =  -4.88606e-01 at=  7.16143e+04
ROW iload_a=0.0001 ceff_f=3.3e-07 esr_ohm=0.001 vout_v=1.79919 dcgain_db=142.253 f0_hz=67883.5 phase_at_f0_deg=-114.87 f180_hz=423646 gain_at_f180_db=-23.9214 f0_rising_hz= resurgence_db=-0.488606
Doing analysis at TEMP = 125.000000 and TNOM = 27.000000

Using SPARSE 1.3 as Direct Linear Solver

No. of Data Rows : 1
Doing analysis at TEMP = 125.000000 and TNOM = 27.000000

Using SPARSE 1.3 as Direct Linear Solver
 Reference value :  1.00000e-02
No. of Data Rows : 4401
Doing analysis at TEMP = 125.000000 and TNOM = 27.000000

Using SPARSE 1.3 as Direct Linear Solver
 Reference value :  1.09648e-01
No. of Data Rows : 4401
dcg                 =  1.42254e+02
f0                  =  6.87811e+04
phx                 =  -1.13985e+02
f180                =  4.66060e+05
gmx                 =  -2.51538e+01
 meas ac f0r when tdb=0 rise=1 failed!

tres                =  -4.71910e-01 at=  7.24436e+04
ROW iload_a=0.0001 ceff_f=3.3e-07 esr_ohm=0.05 vout_v=1.79919 dcgain_db=142.253 f0_hz=68781.1 phase_at_f0_deg=-113.985 f180_hz=466060 gain_at_f180_db=-25.1538 f0_rising_hz= resurgence_db=-0.47191
Doing analysis at TEMP = 125.000000 and TNOM = 27.000000

Using SPARSE 1.3 as Direct Linear Solver

No. of Data Rows : 1
Doing analysis at TEMP = 125.000000 and TNOM = 27.000000

Using SPARSE 1.3 as Direct Linear Solver
 Reference value :  1.00000e-02
No. of Data Rows : 4401
Doing analysis at TEMP = 125.000000 and TNOM = 27.000000

Using SPARSE 1.3 as Direct Linear Solver
 Reference value :  1.00000e-02
No. of Data Rows : 4401
dcg                 =  1.42254e+02
f0                  =  6.79090e+04
phx                 =  -1.13273e+02
f180                =  6.01848e+05
gmx                 =  -2.96098e+01
 meas ac f0r when tdb=0 rise=1 failed!

tres                =  -4.84815e-01 at=  7.16143e+04
ROW iload_a=0.0001 ceff_f=3.3e-07 esr_ohm=0.2 vout_v=1.79919 dcgain_db=142.253 f0_hz=67909 phase_at_f0_deg=-113.273 f180_hz=601848 gain_at_f180_db=-29.6098 f0_rising_hz= resurgence_db=-0.484815
Doing analysis at TEMP = 125.000000 and TNOM = 27.000000

Using SPARSE 1.3 as Direct Linear Solver
 Reference value :  0.00000e+00
No. of Data Rows : 1
Doing analysis at TEMP = 125.000000 and TNOM = 27.000000

Using SPARSE 1.3 as Direct Linear Solver
 Reference value :  1.49624e+08
No. of Data Rows : 4401
Doing analysis at TEMP = 125.000000 and TNOM = 27.000000

Using SPARSE 1.3 as Direct Linear Solver
 Reference value :  7.71792e+07
No. of Data Rows : 4401
dcg                 =  1.42254e+02
f0                  =  6.89479e+04
phx                 =  -1.10359e+02
f180                =  1.42743e+06
gmx                 =  -3.96973e+01
 meas ac f0r when tdb=0 rise=1 failed!

tres                =  -4.47814e-01 at=  7.24436e+04
ROW iload_a=0.0001 ceff_f=3.3e-07 esr_ohm=0.5 vout_v=1.79919 dcgain_db=142.253 f0_hz=68947.9 phase_at_f0_deg=-110.359 f180_hz=1.42743E+06 gain_at_f180_db=-39.6973 f0_rising_hz= resurgence_db=-0.447814
Doing analysis at TEMP = 125.000000 and TNOM = 27.000000

Using SPARSE 1.3 as Direct Linear Solver

No. of Data Rows : 1
Doing analysis at TEMP = 125.000000 and TNOM = 27.000000

Using SPARSE 1.3 as Direct Linear Solver
 Reference value :  1.00000e-02
No. of Data Rows : 4401
Doing analysis at TEMP = 125.000000 and TNOM = 27.000000

Using SPARSE 1.3 as Direct Linear Solver
 Reference value :  1.00000e-02
No. of Data Rows : 4401
dcg                 =  1.42254e+02
f0                  =  2.13862e+04
phx                 =  -1.10399e+02
f180                =  4.35314e+05
gmx                 =  -3.39883e+01
 meas ac f0r when tdb=0 rise=1 failed!

tres                =  -4.50582e-01 at=  2.25165e+04
ROW iload_a=0.0001 ceff_f=1e-06 esr_ohm=0.001 vout_v=1.79919 dcgain_db=142.253 f0_hz=21386.2 phase_at_f0_deg=-110.399 f180_hz=435314 gain_at_f180_db=-33.9883 f0_rising_hz= resurgence_db=-0.450582
Doing analysis at TEMP = 125.000000 and TNOM = 27.000000

Using SPARSE 1.3 as Direct Linear Solver

No. of Data Rows : 1
Doing analysis at TEMP = 125.000000 and TNOM = 27.000000

Using SPARSE 1.3 as Direct Linear Solver
 Reference value :  1.00000e-02
No. of Data Rows : 4401
Doing analysis at TEMP = 125.000000 and TNOM = 27.000000

Using SPARSE 1.3 as Direct Linear Solver
 Reference value :  8.26990e-02
No. of Data Rows : 4401
dcg                 =  1.42254e+02
f0                  =  2.15654e+04
phx                 =  -1.09486e+02
f180                =  6.03224e+05
gmx                 =  -3.89336e+01
 meas ac f0r when tdb=0 rise=1 failed!

tres                =  -4.25916e-01 at=  2.26464e+04
ROW iload_a=0.0001 ceff_f=1e-06 esr_ohm=0.05 vout_v=1.79919 dcgain_db=142.253 f0_hz=21565.4 phase_at_f0_deg=-109.486 f180_hz=603224 gain_at_f180_db=-38.9336 f0_rising_hz= resurgence_db=-0.425916
Doing analysis at TEMP = 125.000000 and TNOM = 27.000000

Using SPARSE 1.3 as Direct Linear Solver

No. of Data Rows : 1
Doing analysis at TEMP = 125.000000 and TNOM = 27.000000

Using SPARSE 1.3 as Direct Linear Solver
 Reference value :  1.00000e-02
No. of Data Rows : 4401
Doing analysis at TEMP = 125.000000 and TNOM = 27.000000

Using SPARSE 1.3 as Direct Linear Solver
 Reference value :  1.00000e-02
No. of Data Rows : 4401
dcg                 =  1.42254e+02
f0                  =  2.13937e+04
phx                 =  -1.08862e+02
f180                =  2.27420e+06
gmx                 =  -5.01426e+01
 meas ac f0r when tdb=0 rise=1 failed!

tres                =  -4.47154e-01 at=  2.25165e+04
ROW iload_a=0.0001 ceff_f=1e-06 esr_ohm=0.2 vout_v=1.79919 dcgain_db=142.253 f0_hz=21393.7 phase_at_f0_deg=-108.862 f180_hz=2.2742E+06 gain_at_f180_db=-50.1427 f0_rising_hz= resurgence_db=-0.447154
Doing analysis at TEMP = 125.000000 and TNOM = 27.000000

Using SPARSE 1.3 as Direct Linear Solver
 Reference value :  0.00000e+00
No. of Data Rows : 1
Doing analysis at TEMP = 125.000000 and TNOM = 27.000000

Using SPARSE 1.3 as Direct Linear Solver
 Reference value :  2.88403e+08
No. of Data Rows : 4401
Doing analysis at TEMP = 125.000000 and TNOM = 27.000000

Using SPARSE 1.3 as Direct Linear Solver
 Reference value :  1.34896e+08
No. of Data Rows : 4401
dcg                 =  1.42254e+02
f0                  =  2.16138e+04
phx                 =  -1.05959e+02
f180                =  2.04743e+06
gmx                 =  -4.42979e+01
 meas ac f0r when tdb=0 rise=1 failed!

tres                =  -4.53808e-01 at=  2.27772e+04
ROW iload_a=0.0001 ceff_f=1e-06 esr_ohm=0.5 vout_v=1.79919 dcgain_db=142.253 f0_hz=21613.8 phase_at_f0_deg=-105.959 f180_hz=2.04743E+06 gain_at_f180_db=-44.2979 f0_rising_hz= resurgence_db=-0.453808
Doing analysis at TEMP = 125.000000 and TNOM = 27.000000

Using SPARSE 1.3 as Direct Linear Solver

No. of Data Rows : 1
Doing analysis at TEMP = 125.000000 and TNOM = 27.000000

Using SPARSE 1.3 as Direct Linear Solver
 Reference value :  1.00000e-02
No. of Data Rows : 4401
Doing analysis at TEMP = 125.000000 and TNOM = 27.000000

Using SPARSE 1.3 as Direct Linear Solver
 Reference value :  1.00000e-02
No. of Data Rows : 4401
dcg                 =  1.42253e+02
f0                  =  6.32596e+03
phx                 =  -1.39850e+02
f180                =  3.13179e+06
gmx                 =  -5.36065e+01
 meas ac f0r when tdb=0 rise=1 failed!

tres                =  -6.68463e-01 at=  6.64508e+03
ROW iload_a=0.0001 ceff_f=4.7e-06 esr_ohm=0.001 vout_v=1.79919 dcgain_db=142.253 f0_hz=6325.96 phase_at_f0_deg=-139.85 f180_hz=3.13179E+06 gain_at_f180_db=-53.6065 f0_rising_hz= resurgence_db=-0.668464
Doing analysis at TEMP = 125.000000 and TNOM = 27.000000

Using SPARSE 1.3 as Direct Linear Solver

No. of Data Rows : 1
Doing analysis at TEMP = 125.000000 and TNOM = 27.000000

Using SPARSE 1.3 as Direct Linear Solver
 Reference value :  1.00000e-02
No. of Data Rows : 4401
Doing analysis at TEMP = 125.000000 and TNOM = 27.000000

Using SPARSE 1.3 as Direct Linear Solver
 Reference value :  1.29569e-01
No. of Data Rows : 4401
dcg                 =  1.42253e+02
f0                  =  6.34099e+03
phx                 =  -1.38930e+02
f180                =  2.83967e+06
gmx                 =  -5.29884e+01
 meas ac f0r when tdb=0 rise=1 failed!

tres                =  -7.11368e-01 at=  6.68344e+03
ROW iload_a=0.0001 ceff_f=4.7e-06 esr_ohm=0.05 vout_v=1.79919 dcgain_db=142.253 f0_hz=6340.99 phase_at_f0_deg=-138.929 f180_hz=2.83967E+06 gain_at_f180_db=-52.9884 f0_rising_hz= resurgence_db=-0.711368
Doing analysis at TEMP = 125.000000 and TNOM = 27.000000

Using SPARSE 1.3 as Direct Linear Solver

No. of Data Rows : 1
Doing analysis at TEMP = 125.000000 and TNOM = 27.000000

Using SPARSE 1.3 as Direct Linear Solver
 Reference value :  1.00000e-02
No. of Data Rows : 4401
Doing analysis at TEMP = 125.000000 and TNOM = 27.000000

Using SPARSE 1.3 as Direct Linear Solver
 Reference value :  1.00000e-02
No. of Data Rows : 4401
dcg                 =  1.42253e+02
f0                  =  6.32874e+03
phx                 =  -1.37707e+02
f180                =  2.59330e+06
gmx                 =  -5.05611e+01
 meas ac f0r when tdb=0 rise=1 failed!

tres                =  -7.39220e-01 at=  6.68344e+03
ROW iload_a=0.0001 ceff_f=4.7e-06 esr_ohm=0.2 vout_v=1.79919 dcgain_db=142.253 f0_hz=6328.74 phase_at_f0_deg=-137.707 f180_hz=2.5933E+06 gain_at_f180_db=-50.5611 f0_rising_hz= resurgence_db=-0.73922
Doing analysis at TEMP = 125.000000 and TNOM = 27.000000

Using SPARSE 1.3 as Direct Linear Solver
 Reference value :  0.00000e+00
No. of Data Rows : 1
Doing analysis at TEMP = 125.000000 and TNOM = 27.000000

Using SPARSE 1.3 as Direct Linear Solver

No. of Data Rows : 4401
Doing analysis at TEMP = 125.000000 and TNOM = 27.000000

Using SPARSE 1.3 as Direct Linear Solver
 Reference value :  1.00000e-02
No. of Data Rows : 4401
dcg                 =  1.42253e+02
f0                  =  6.35852e+03
phx                 =  -1.34024e+02
f180                =  2.21337e+06
gmx                 =  -4.50554e+01
 meas ac f0r when tdb=0 rise=1 failed!

tres                =  -6.69813e-01 at=  6.68344e+03
ROW iload_a=0.0001 ceff_f=4.7e-06 esr_ohm=0.5 vout_v=1.79919 dcgain_db=142.253 f0_hz=6358.52 phase_at_f0_deg=-134.024 f180_hz=2.21336E+06 gain_at_f180_db=-45.0554 f0_rising_hz= resurgence_db=-0.669813
Doing analysis at TEMP = 125.000000 and TNOM = 27.000000

Using SPARSE 1.3 as Direct Linear Solver
 Reference value :  0.00000e+00
No. of Data Rows : 1
Doing analysis at TEMP = 125.000000 and TNOM = 27.000000

Using SPARSE 1.3 as Direct Linear Solver
 Reference value :  2.73842e+07
No. of Data Rows : 4401
Doing analysis at TEMP = 125.000000 and TNOM = 27.000000

Using SPARSE 1.3 as Direct Linear Solver
 Reference value :  1.18168e+06
No. of Data Rows : 4401
dcg                 =  1.42839e+02
f0                  =  2.09604e+05
phx                 =  -1.24110e+02
f180                =  6.62013e+05
gmx                 =  -1.34618e+01
 meas ac f0r when tdb=0 rise=1 failed!

tres                =  -5.23330e-01 at=  2.21309e+05
ROW iload_a=0.001 ceff_f=3.3e-07 esr_ohm=0.001 vout_v=1.79919 dcgain_db=142.839 f0_hz=209604 phase_at_f0_deg=-124.11 f180_hz=662013 gain_at_f180_db=-13.4618 f0_rising_hz= resurgence_db=-0.52333
Doing analysis at TEMP = 125.000000 and TNOM = 27.000000

Using SPARSE 1.3 as Direct Linear Solver

No. of Data Rows : 1
Doing analysis at TEMP = 125.000000 and TNOM = 27.000000

Using SPARSE 1.3 as Direct Linear Solver
 Reference value :  1.00000e-02
No. of Data Rows : 4401
Doing analysis at TEMP = 125.000000 and TNOM = 27.000000

Using SPARSE 1.3 as Direct Linear Solver
 Reference value :  1.00000e-02
No. of Data Rows : 4401
dcg                 =  1.42839e+02
f0                  =  2.09647e+05
phx                 =  -1.22896e+02
f180                =  7.01759e+05
gmx                 =  -1.43210e+01
 meas ac f0r when tdb=0 rise=1 failed!

tres                =  -5.21094e-01 at=  2.21309e+05
ROW iload_a=0.001 ceff_f=3.3e-07 esr_ohm=0.05 vout_v=1.79919 dcgain_db=142.839 f0_hz=209647 phase_at_f0_deg=-122.896 f180_hz=701758 gain_at_f180_db=-14.321 f0_rising_hz= resurgence_db=-0.521094
Doing analysis at TEMP = 125.000000 and TNOM = 27.000000

Using SPARSE 1.3 as Direct Linear Solver
 Reference value :  0.00000e+00
No. of Data Rows : 1
Doing analysis at TEMP = 125.000000 and TNOM = 27.000000

Using SPARSE 1.3 as Direct Linear Solver
 Reference value :  1.65006e+07
No. of Data Rows : 4401
Doing analysis at TEMP = 125.000000 and TNOM = 27.000000

Using SPARSE 1.3 as Direct Linear Solver
 Reference value :  1.42889e+06
No. of Data Rows : 4401
dcg                 =  1.42839e+02
f0                  =  2.10320e+05
phx                 =  -1.19250e+02
f180                =  8.65507e+05
gmx                 =  -1.72156e+01
 meas ac f0r when tdb=0 rise=1 failed!

tres                =  -4.87110e-01 at=  2.21309e+05
ROW iload_a=0.001 ceff_f=3.3e-07 esr_ohm=0.2 vout_v=1.79919 dcgain_db=142.839 f0_hz=210320 phase_at_f0_deg=-119.25 f180_hz=865507 gain_at_f180_db=-17.2157 f0_rising_hz= resurgence_db=-0.48711
Doing analysis at TEMP = 125.000000 and TNOM = 27.000000

Using SPARSE 1.3 as Direct Linear Solver

No. of Data Rows : 1
Doing analysis at TEMP = 125.000000 and TNOM = 27.000000

Using SPARSE 1.3 as Direct Linear Solver
 Reference value :  1.00000e-02
No. of Data Rows : 4401
Doing analysis at TEMP = 125.000000 and TNOM = 27.000000

Using SPARSE 1.3 as Direct Linear Solver
 Reference value :  1.00000e-02
No. of Data Rows : 4401
dcg                 =  1.42839e+02
f0                  =  2.14209e+05
phx                 =  -1.12254e+02
f180                =  1.29639e+06
gmx                 =  -2.09316e+01
 meas ac f0r when tdb=0 rise=1 failed!

tres                =  -4.61139e-01 at=  2.25165e+05
ROW iload_a=0.001 ceff_f=3.3e-07 esr_ohm=0.5 vout_v=1.79919 dcgain_db=142.839 f0_hz=214208 phase_at_f0_deg=-112.254 f180_hz=1.29639E+06 gain_at_f180_db=-20.9316 f0_rising_hz= resurgence_db=-0.461139
Doing analysis at TEMP = 125.000000 and TNOM = 27.000000

Using SPARSE 1.3 as Direct Linear Solver
 Reference value :  0.00000e+00
No. of Data Rows : 1
Doing analysis at TEMP = 125.000000 and TNOM = 27.000000

Using SPARSE 1.3 as Direct Linear Solver
 Reference value :  1.53993e+07
No. of Data Rows : 4401
Doing analysis at TEMP = 125.000000 and TNOM = 27.000000

Using SPARSE 1.3 as Direct Linear Solver
 Reference value :  2.55564e+05
No. of Data Rows : 4401
dcg                 =  1.42839e+02
f0                  =  7.00156e+04
phx                 =  -1.08872e+02
f180                =  6.67743e+05
gmx                 =  -2.32097e+01
 meas ac f0r when tdb=0 rise=1 failed!

tres                =  -4.28136e-01 at=  7.37055e+04
ROW iload_a=0.001 ceff_f=1e-06 esr_ohm=0.001 vout_v=1.79919 dcgain_db=142.839 f0_hz=70015.6 phase_at_f0_deg=-108.872 f180_hz=667743 gain_at_f180_db=-23.2097 f0_rising_hz= resurgence_db=-0.428136
Doing analysis at TEMP = 125.000000 and TNOM = 27.000000

Using SPARSE 1.3 as Direct Linear Solver

No. of Data Rows : 1
Doing analysis at TEMP = 125.000000 and TNOM = 27.000000

Using SPARSE 1.3 as Direct Linear Solver
 Reference value :  1.00000e-02
No. of Data Rows : 4401
Doing analysis at TEMP = 125.000000 and TNOM = 27.000000

Using SPARSE 1.3 as Direct Linear Solver
 Reference value :  1.00000e-02
No. of Data Rows : 4401
dcg                 =  1.42839e+02
f0                  =  7.00325e+04
phx                 =  -1.07637e+02
f180                =  8.14494e+05
gmx                 =  -2.60397e+01
 meas ac f0r when tdb=0 rise=1 failed!

tres                =  -4.25897e-01 at=  7.37055e+04
ROW iload_a=0.001 ceff_f=1e-06 esr_ohm=0.05 vout_v=1.79919 dcgain_db=142.839 f0_hz=70032.6 phase_at_f0_deg=-107.637 f180_hz=814494 gain_at_f180_db=-26.0397 f0_rising_hz= resurgence_db=-0.425897
Doing analysis at TEMP = 125.000000 and TNOM = 27.000000

Using SPARSE 1.3 as Direct Linear Solver
 Reference value :  0.00000e+00
No. of Data Rows : 1
Doing analysis at TEMP = 125.000000 and TNOM = 27.000000

Using SPARSE 1.3 as Direct Linear Solver
 Reference value :  2.23872e+07
No. of Data Rows : 4401
Doing analysis at TEMP = 125.000000 and TNOM = 27.000000

Using SPARSE 1.3 as Direct Linear Solver
 Reference value :  8.03526e+05
No. of Data Rows : 4401
dcg                 =  1.42839e+02
f0                  =  7.02968e+04
phx                 =  -1.03846e+02
f180                =  1.43507e+06
gmx                 =  -3.07151e+01
 meas ac f0r when tdb=0 rise=1 failed!

tres                =  -4.38978e-01 at=  7.41310e+04
ROW iload_a=0.001 ceff_f=1e-06 esr_ohm=0.2 vout_v=1.79919 dcgain_db=142.839 f0_hz=70296.8 phase_at_f0_deg=-103.846 f180_hz=1.43507E+06 gain_at_f180_db=-30.7151 f0_rising_hz= resurgence_db=-0.438978
Doing analysis at TEMP = 125.000000 and TNOM = 27.000000

Using SPARSE 1.3 as Direct Linear Solver

No. of Data Rows : 1
Doing analysis at TEMP = 125.000000 and TNOM = 27.000000

Using SPARSE 1.3 as Direct Linear Solver
 Reference value :  1.00000e-02
No. of Data Rows : 4401
Doing analysis at TEMP = 125.000000 and TNOM = 27.000000

Using SPARSE 1.3 as Direct Linear Solver
 Reference value :  1.00000e-02
No. of Data Rows : 4401
dcg                 =  1.42839e+02
f0                  =  7.18443e+04
phx                 =  -9.61667e+01
f180                =  1.74101e+06
gmx                 =  -2.67140e+01
 meas ac f0r when tdb=0 rise=1 failed!

tres                =  -4.29251e-01 at=  7.58578e+04
ROW iload_a=0.001 ceff_f=1e-06 esr_ohm=0.5 vout_v=1.79919 dcgain_db=142.839 f0_hz=71844.3 phase_at_f0_deg=-96.1667 f180_hz=1.74101E+06 gain_at_f180_db=-26.714 f0_rising_hz= resurgence_db=-0.429251
Doing analysis at TEMP = 125.000000 and TNOM = 27.000000

Using SPARSE 1.3 as Direct Linear Solver
 Reference value :  0.00000e+00
No. of Data Rows : 1
Doing analysis at TEMP = 125.000000 and TNOM = 27.000000

Using SPARSE 1.3 as Direct Linear Solver
 Reference value :  4.00405e+07
No. of Data Rows : 4401
Doing analysis at TEMP = 125.000000 and TNOM = 27.000000

Using SPARSE 1.3 as Direct Linear Solver
 Reference value :  7.98914e+05
No. of Data Rows : 4401
dcg                 =  1.42839e+02
f0                  =  1.80837e+04
phx                 =  -1.35219e+02
f180                =  7.05374e+05
gmx                 =  -3.74157e+01
 meas ac f0r when tdb=0 rise=1 failed!

tres                =  -6.70193e-01 at=  1.90546e+04
ROW iload_a=0.001 ceff_f=4.7e-06 esr_ohm=0.001 vout_v=1.79919 dcgain_db=142.839 f0_hz=18083.7 phase_at_f0_deg=-135.219 f180_hz=705374 gain_at_f180_db=-37.4157 f0_rising_hz= resurgence_db=-0.670193
Doing analysis at TEMP = 125.000000 and TNOM = 27.000000

Using SPARSE 1.3 as Direct Linear Solver

No. of Data Rows : 1
Doing analysis at TEMP = 125.000000 and TNOM = 27.000000

Using SPARSE 1.3 as Direct Linear Solver
 Reference value :  1.00000e-02
No. of Data Rows : 4401
Doing analysis at TEMP = 125.000000 and TNOM = 27.000000

Using SPARSE 1.3 as Direct Linear Solver
 Reference value :  1.00000e-02
No. of Data Rows : 4401
dcg                 =  1.42839e+02
f0                  =  1.80879e+04
phx                 =  -1.33713e+02
f180                =  1.69831e+06
gmx                 =  -4.39641e+01
 meas ac f0r when tdb=0 rise=1 failed!

tres                =  -6.66852e-01 at=  1.90546e+04
ROW iload_a=0.001 ceff_f=4.7e-06 esr_ohm=0.05 vout_v=1.79919 dcgain_db=142.839 f0_hz=18087.9 phase_at_f0_deg=-133.713 f180_hz=1.69831E+06 gain_at_f180_db=-43.9641 f0_rising_hz= resurgence_db=-0.666852
Doing analysis at TEMP = 125.000000 and TNOM = 27.000000

Using SPARSE 1.3 as Direct Linear Solver
 Reference value :  0.00000e+00
No. of Data Rows : 1
Doing analysis at TEMP = 125.000000 and TNOM = 27.000000

Using SPARSE 1.3 as Direct Linear Solver
 Reference value :  2.85102e+07
No. of Data Rows : 4401
Doing analysis at TEMP = 125.000000 and TNOM = 27.000000

Using SPARSE 1.3 as Direct Linear Solver
 Reference value :  1.08393e+06
No. of Data Rows : 4401
dcg                 =  1.42839e+02
f0                  =  1.81527e+04
phx                 =  -1.29014e+02
f180                =  1.87691e+06
gmx                 =  -3.54395e+01
 meas ac f0r when tdb=0 rise=1 failed!

tres                =  -6.88150e-01 at=  1.91646e+04
ROW iload_a=0.001 ceff_f=4.7e-06 esr_ohm=0.2 vout_v=1.79919 dcgain_db=142.839 f0_hz=18152.7 phase_at_f0_deg=-129.014 f180_hz=1.87691E+06 gain_at_f180_db=-35.4395 f0_rising_hz= resurgence_db=-0.68815
Doing analysis at TEMP = 125.000000 and TNOM = 27.000000

Using SPARSE 1.3 as Direct Linear Solver

No. of Data Rows : 1
Doing analysis at TEMP = 125.000000 and TNOM = 27.000000

Using SPARSE 1.3 as Direct Linear Solver
 Reference value :  1.00000e-02
No. of Data Rows : 4401
Doing analysis at TEMP = 125.000000 and TNOM = 27.000000

Using SPARSE 1.3 as Direct Linear Solver
 Reference value :  1.00000e-02
No. of Data Rows : 4401
dcg                 =  1.42839e+02
f0                  =  1.85275e+04
phx                 =  -1.19210e+02
f180                =  1.90704e+06
gmx                 =  -2.82640e+01
 meas ac f0r when tdb=0 rise=1 failed!

tres                =  -6.15686e-01 at=  1.94984e+04
ROW iload_a=0.001 ceff_f=4.7e-06 esr_ohm=0.5 vout_v=1.79919 dcgain_db=142.839 f0_hz=18527.5 phase_at_f0_deg=-119.21 f180_hz=1.90704E+06 gain_at_f180_db=-28.264 f0_rising_hz= resurgence_db=-0.615686
Doing analysis at TEMP = 125.000000 and TNOM = 27.000000

Using SPARSE 1.3 as Direct Linear Solver

No. of Data Rows : 1
Doing analysis at TEMP = 125.000000 and TNOM = 27.000000

Using SPARSE 1.3 as Direct Linear Solver
 Reference value :  1.00000e-02
No. of Data Rows : 4401
Doing analysis at TEMP = 125.000000 and TNOM = 27.000000

Using SPARSE 1.3 as Direct Linear Solver
 Reference value :  1.00000e-02
No. of Data Rows : 4401
dcg                 =  1.41238e+02
f0                  =  4.12482e+05
phx                 =  -1.41520e+02
f180                =  7.78073e+05
gmx                 =  -7.28286e+00
 meas ac f0r when tdb=0 rise=1 failed!

tres                =  -5.11579e-01 at=  4.34010e+05
ROW iload_a=0.01 ceff_f=3.3e-07 esr_ohm=0.001 vout_v=1.79919 dcgain_db=141.238 f0_hz=412483 phase_at_f0_deg=-141.52 f180_hz=778073 gain_at_f180_db=-7.28286 f0_rising_hz= resurgence_db=-0.511579
Doing analysis at TEMP = 125.000000 and TNOM = 27.000000

Using SPARSE 1.3 as Direct Linear Solver
 Reference value :  0.00000e+00
No. of Data Rows : 1
Doing analysis at TEMP = 125.000000 and TNOM = 27.000000

Using SPARSE 1.3 as Direct Linear Solver
 Reference value :  4.95450e+08
No. of Data Rows : 4401
Doing analysis at TEMP = 125.000000 and TNOM = 27.000000

Using SPARSE 1.3 as Direct Linear Solver
 Reference value :  1.34896e+08
No. of Data Rows : 4401
dcg                 =  1.41238e+02
f0                  =  4.12801e+05
phx                 =  -1.39153e+02
f180                =  8.25085e+05
gmx                 =  -8.07899e+00
 meas ac f0r when tdb=0 rise=1 failed!

tres                =  -5.03015e-01 at=  4.34010e+05
ROW iload_a=0.01 ceff_f=3.3e-07 esr_ohm=0.05 vout_v=1.79919 dcgain_db=141.238 f0_hz=412801 phase_at_f0_deg=-139.153 f180_hz=825085 gain_at_f180_db=-8.07899 f0_rising_hz= resurgence_db=-0.503015
Doing analysis at TEMP = 125.000000 and TNOM = 27.000000

Using SPARSE 1.3 as Direct Linear Solver

No. of Data Rows : 1
Doing analysis at TEMP = 125.000000 and TNOM = 27.000000

Using SPARSE 1.3 as Direct Linear Solver
 Reference value :  1.00000e-02
No. of Data Rows : 4401
Doing analysis at TEMP = 125.000000 and TNOM = 27.000000

Using SPARSE 1.3 as Direct Linear Solver
 Reference value :  1.00000e-02
No. of Data Rows : 4401
dcg                 =  1.41238e+02
f0                  =  4.17771e+05
phx                 =  -1.32295e+02
f180                =  1.00897e+06
gmx                 =  -1.05643e+01
 meas ac f0r when tdb=0 rise=1 failed!

tres                =  -4.87683e-01 at=  4.39036e+05
ROW iload_a=0.01 ceff_f=3.3e-07 esr_ohm=0.2 vout_v=1.79919 dcgain_db=141.238 f0_hz=417771 phase_at_f0_deg=-132.295 f180_hz=1.00897E+06 gain_at_f180_db=-10.5643 f0_rising_hz= resurgence_db=-0.487683
Doing analysis at TEMP = 125.000000 and TNOM = 27.000000

Using SPARSE 1.3 as Direct Linear Solver
 Reference value :  0.00000e+00
No. of Data Rows : 1
Doing analysis at TEMP = 125.000000 and TNOM = 27.000000

Using SPARSE 1.3 as Direct Linear Solver
 Reference value :  1.05925e+08
No. of Data Rows : 4401
Doing analysis at TEMP = 125.000000 and TNOM = 27.000000

Using SPARSE 1.3 as Direct Linear Solver
 Reference value :  4.67735e+07
No. of Data Rows : 4401
dcg                 =  1.41238e+02
f0                  =  4.48588e+05
phx                 =  -1.20405e+02
f180                =  1.41686e+06
gmx                 =  -1.28824e+01
 meas ac f0r when tdb=0 rise=1 failed!

tres                =  -4.64177e-01 at=  4.73151e+05
ROW iload_a=0.01 ceff_f=3.3e-07 esr_ohm=0.5 vout_v=1.79919 dcgain_db=141.238 f0_hz=448588 phase_at_f0_deg=-120.405 f180_hz=1.41686E+06 gain_at_f180_db=-12.8824 f0_rising_hz= resurgence_db=-0.464177
Doing analysis at TEMP = 125.000000 and TNOM = 27.000000

Using SPARSE 1.3 as Direct Linear Solver

No. of Data Rows : 1
Doing analysis at TEMP = 125.000000 and TNOM = 27.000000

Using SPARSE 1.3 as Direct Linear Solver
 Reference value :  1.00000e-02
No. of Data Rows : 4401
Doing analysis at TEMP = 125.000000 and TNOM = 27.000000

Using SPARSE 1.3 as Direct Linear Solver
 Reference value :  1.23027e-02
No. of Data Rows : 4401
dcg                 =  1.41238e+02
f0                  =  1.47512e+05
phx                 =  -1.19518e+02
f180                =  7.81583e+05
gmx                 =  -1.69607e+01
 meas ac f0r when tdb=0 rise=1 failed!

tres                =  -5.03263e-01 at=  1.55776e+05
ROW iload_a=0.01 ceff_f=1e-06 esr_ohm=0.001 vout_v=1.79919 dcgain_db=141.238 f0_hz=147512 phase_at_f0_deg=-119.518 f180_hz=781583 gain_at_f180_db=-16.9607 f0_rising_hz= resurgence_db=-0.503263
Doing analysis at TEMP = 125.000000 and TNOM = 27.000000

Using SPARSE 1.3 as Direct Linear Solver
 Reference value :  0.00000e+00
No. of Data Rows : 1
Doing analysis at TEMP = 125.000000 and TNOM = 27.000000

Using SPARSE 1.3 as Direct Linear Solver
 Reference value :  8.96396e+08
No. of Data Rows : 4401
Doing analysis at TEMP = 125.000000 and TNOM = 27.000000

Using SPARSE 1.3 as Direct Linear Solver
 Reference value :  4.09732e+08
No. of Data Rows : 4401
dcg                 =  1.41238e+02
f0                  =  1.47653e+05
phx                 =  -1.16919e+02
f180                =  9.46645e+05
gmx                 =  -1.94426e+01
 meas ac f0r when tdb=0 rise=1 failed!

tres                =  -4.93370e-01 at=  1.55776e+05
ROW iload_a=0.01 ceff_f=1e-06 esr_ohm=0.05 vout_v=1.79919 dcgain_db=141.238 f0_hz=147653 phase_at_f0_deg=-116.919 f180_hz=946645 gain_at_f180_db=-19.4426 f0_rising_hz= resurgence_db=-0.49337
Doing analysis at TEMP = 125.000000 and TNOM = 27.000000

Using SPARSE 1.3 as Direct Linear Solver

No. of Data Rows : 1
Doing analysis at TEMP = 125.000000 and TNOM = 27.000000

Using SPARSE 1.3 as Direct Linear Solver
 Reference value :  1.00000e-02
No. of Data Rows : 4401
Doing analysis at TEMP = 125.000000 and TNOM = 27.000000

Using SPARSE 1.3 as Direct Linear Solver
 Reference value :  1.00000e-02
No. of Data Rows : 4401
dcg                 =  1.41238e+02
f0                  =  1.49917e+05
phx                 =  -1.08977e+02
f180                =  1.52151e+06
gmx                 =  -2.23343e+01
 meas ac f0r when tdb=0 rise=1 failed!

tres                =  -4.44356e-01 at=  1.57580e+05
ROW iload_a=0.01 ceff_f=1e-06 esr_ohm=0.2 vout_v=1.79919 dcgain_db=141.238 f0_hz=149917 phase_at_f0_deg=-108.977 f180_hz=1.52151E+06 gain_at_f180_db=-22.3343 f0_rising_hz= resurgence_db=-0.444356
Doing analysis at TEMP = 125.000000 and TNOM = 27.000000

Using SPARSE 1.3 as Direct Linear Solver
 Reference value :  0.00000e+00
No. of Data Rows : 1
Doing analysis at TEMP = 125.000000 and TNOM = 27.000000

Using SPARSE 1.3 as Direct Linear Solver
 Reference value :  2.21309e+08
No. of Data Rows : 4401
Doing analysis at TEMP = 125.000000 and TNOM = 27.000000

Using SPARSE 1.3 as Direct Linear Solver
 Reference value :  2.20039e+08
No. of Data Rows : 4401
dcg                 =  1.41238e+02
f0                  =  1.64898e+05
phx                 =  -9.28471e+01
f180                =  1.81607e+06
gmx                 =  -1.80536e+01
 meas ac f0r when tdb=0 rise=1 failed!

tres                =  -3.81711e-01 at=  1.73780e+05
ROW iload_a=0.01 ceff_f=1e-06 esr_ohm=0.5 vout_v=1.79919 dcgain_db=141.238 f0_hz=164898 phase_at_f0_deg=-92.8471 f180_hz=1.81607E+06 gain_at_f180_db=-18.0536 f0_rising_hz= resurgence_db=-0.381711
Doing analysis at TEMP = 125.000000 and TNOM = 27.000000

Using SPARSE 1.3 as Direct Linear Solver

No. of Data Rows : 1
Doing analysis at TEMP = 125.000000 and TNOM = 27.000000

Using SPARSE 1.3 as Direct Linear Solver
 Reference value :  1.00000e-02
No. of Data Rows : 4401
Doing analysis at TEMP = 125.000000 and TNOM = 27.000000

Using SPARSE 1.3 as Direct Linear Solver
 Reference value :  1.00000e-02
No. of Data Rows : 4401
dcg                 =  1.41238e+02
f0                  =  4.02583e+04
phx                 =  -1.34743e+02
f180                =  8.03015e+05
gmx                 =  -3.07345e+01
 meas ac f0r when tdb=0 rise=1 failed!

tres                =  -6.37268e-01 at=  4.24131e+04
ROW iload_a=0.01 ceff_f=4.7e-06 esr_ohm=0.001 vout_v=1.79919 dcgain_db=141.238 f0_hz=40258.2 phase_at_f0_deg=-134.743 f180_hz=803015 gain_at_f180_db=-30.7345 f0_rising_hz= resurgence_db=-0.637268
Doing analysis at TEMP = 125.000000 and TNOM = 27.000000

Using SPARSE 1.3 as Direct Linear Solver
 Reference value :  0.00000e+00
No. of Data Rows : 1
Doing analysis at TEMP = 125.000000 and TNOM = 27.000000

Using SPARSE 1.3 as Direct Linear Solver
 Reference value :  4.16869e+08
No. of Data Rows : 4401
Doing analysis at TEMP = 125.000000 and TNOM = 27.000000

Using SPARSE 1.3 as Direct Linear Solver
 Reference value :  1.54882e+08
No. of Data Rows : 4401
dcg                 =  1.41238e+02
f0                  =  4.03067e+04
phx                 =  -1.31377e+02
f180                =  1.63586e+06
gmx                 =  -3.53584e+01
 meas ac f0r when tdb=0 rise=1 failed!

tres                =  -6.20815e-01 at=  4.24131e+04
ROW iload_a=0.01 ceff_f=4.7e-06 esr_ohm=0.05 vout_v=1.79919 dcgain_db=141.238 f0_hz=40306.7 phase_at_f0_deg=-131.377 f180_hz=1.63586E+06 gain_at_f180_db=-35.3584 f0_rising_hz= resurgence_db=-0.620815
Doing analysis at TEMP = 125.000000 and TNOM = 27.000000

Using SPARSE 1.3 as Direct Linear Solver

No. of Data Rows : 1
Doing analysis at TEMP = 125.000000 and TNOM = 27.000000

Using SPARSE 1.3 as Direct Linear Solver
 Reference value :  1.00000e-02
No. of Data Rows : 4401
Doing analysis at TEMP = 125.000000 and TNOM = 27.000000

Using SPARSE 1.3 as Direct Linear Solver
 Reference value :  1.00000e-02
No. of Data Rows : 4401
dcg                 =  1.41238e+02
f0                  =  4.10728e+04
phx                 =  -1.20700e+02
f180                =  1.92109e+06
gmx                 =  -2.68826e+01
 meas ac f0r when tdb=0 rise=1 failed!

tres                =  -5.74685e-01 at=  4.31519e+04
ROW iload_a=0.01 ceff_f=4.7e-06 esr_ohm=0.2 vout_v=1.79919 dcgain_db=141.238 f0_hz=41072.8 phase_at_f0_deg=-120.7 f180_hz=1.92109E+06 gain_at_f180_db=-26.8825 f0_rising_hz= resurgence_db=-0.574685
Doing analysis at TEMP = 125.000000 and TNOM = 27.000000

Using SPARSE 1.3 as Direct Linear Solver
 Reference value :  0.00000e+00
No. of Data Rows : 1
Doing analysis at TEMP = 125.000000 and TNOM = 27.000000

Using SPARSE 1.3 as Direct Linear Solver

No. of Data Rows : 4401
Doing analysis at TEMP = 125.000000 and TNOM = 27.000000

Using SPARSE 1.3 as Direct Linear Solver
 Reference value :  1.00000e-02
No. of Data Rows : 4401
dcg                 =  1.41238e+02
f0                  =  4.61795e+04
phx                 =  -9.73455e+01
f180                =  1.97367e+06
gmx                 =  -1.95619e+01
 meas ac f0r when tdb=0 rise=1 failed!

tres                =  -4.67018e-01 at=  4.86968e+04
ROW iload_a=0.01 ceff_f=4.7e-06 esr_ohm=0.5 vout_v=1.79919 dcgain_db=141.238 f0_hz=46179.5 phase_at_f0_deg=-97.3455 f180_hz=1.97367E+06 gain_at_f180_db=-19.5619 f0_rising_hz= resurgence_db=-0.467018
Doing analysis at TEMP = 125.000000 and TNOM = 27.000000

Using SPARSE 1.3 as Direct Linear Solver
 Reference value :  0.00000e+00
No. of Data Rows : 1
Doing analysis at TEMP = 125.000000 and TNOM = 27.000000

Using SPARSE 1.3 as Direct Linear Solver
 Reference value :  3.44747e+08
No. of Data Rows : 4401
Doing analysis at TEMP = 125.000000 and TNOM = 27.000000

Using SPARSE 1.3 as Direct Linear Solver
 Reference value :  2.00678e+08
No. of Data Rows : 4401
dcg                 =  1.39086e+02
f0                  =  5.17394e+05
phx                 =  -1.55083e+02
f180                =  7.52736e+05
gmx                 =  -4.61156e+00
 meas ac f0r when tdb=0 rise=1 failed!

tres                =  -6.12528e-01 at=  5.46387e+05
ROW iload_a=0.025 ceff_f=3.3e-07 esr_ohm=0.001 vout_v=1.79918 dcgain_db=139.086 f0_hz=517394 phase_at_f0_deg=-155.083 f180_hz=752736 gain_at_f180_db=-4.61156 f0_rising_hz= resurgence_db=-0.612529
Doing analysis at TEMP = 125.000000 and TNOM = 27.000000

Using SPARSE 1.3 as Direct Linear Solver

No. of Data Rows : 1
Doing analysis at TEMP = 125.000000 and TNOM = 27.000000

Using SPARSE 1.3 as Direct Linear Solver
 Reference value :  1.00000e-02
No. of Data Rows : 4401
Doing analysis at TEMP = 125.000000 and TNOM = 27.000000

Using SPARSE 1.3 as Direct Linear Solver
 Reference value :  1.00000e-02
No. of Data Rows : 4401
dcg                 =  1.39086e+02
f0                  =  5.17953e+05
phx                 =  -1.52135e+02
f180                =  7.98032e+05
gmx                 =  -5.40673e+00
 meas ac f0r when tdb=0 rise=1 failed!

tres                =  -5.99081e-01 at=  5.46387e+05
ROW iload_a=0.025 ceff_f=3.3e-07 esr_ohm=0.05 vout_v=1.79918 dcgain_db=139.086 f0_hz=517952 phase_at_f0_deg=-152.135 f180_hz=798032 gain_at_f180_db=-5.40674 f0_rising_hz= resurgence_db=-0.599081
Doing analysis at TEMP = 125.000000 and TNOM = 27.000000

Using SPARSE 1.3 as Direct Linear Solver
 Reference value :  0.00000e+00
No. of Data Rows : 1
Doing analysis at TEMP = 125.000000 and TNOM = 27.000000

Using SPARSE 1.3 as Direct Linear Solver
 Reference value :  1.74783e+08
No. of Data Rows : 4401
Doing analysis at TEMP = 125.000000 and TNOM = 27.000000

Using SPARSE 1.3 as Direct Linear Solver
 Reference value :  1.19536e+08
No. of Data Rows : 4401
dcg                 =  1.39086e+02
f0                  =  5.26784e+05
phx                 =  -1.43848e+02
f180                =  9.75626e+05
gmx                 =  -7.90829e+00
 meas ac f0r when tdb=0 rise=1 failed!

tres                =  -5.86894e-01 at=  5.55904e+05
ROW iload_a=0.025 ceff_f=3.3e-07 esr_ohm=0.2 vout_v=1.79918 dcgain_db=139.086 f0_hz=526784 phase_at_f0_deg=-143.848 f180_hz=975627 gain_at_f180_db=-7.90829 f0_rising_hz= resurgence_db=-0.586894
Doing analysis at TEMP = 125.000000 and TNOM = 27.000000

Using SPARSE 1.3 as Direct Linear Solver

No. of Data Rows : 1
Doing analysis at TEMP = 125.000000 and TNOM = 27.000000

Using SPARSE 1.3 as Direct Linear Solver
 Reference value :  1.00000e-02
No. of Data Rows : 4401
Doing analysis at TEMP = 125.000000 and TNOM = 27.000000

Using SPARSE 1.3 as Direct Linear Solver
 Reference value :  1.00000e-02
No. of Data Rows : 4401
dcg                 =  1.39086e+02
f0                  =  5.82045e+05
phx                 =  -1.31034e+02
f180                =  1.37766e+06
gmx                 =  -1.03597e+01
 meas ac f0r when tdb=0 rise=1 failed!

tres                =  -4.93413e-01 at=  6.13056e+05
ROW iload_a=0.025 ceff_f=3.3e-07 esr_ohm=0.5 vout_v=1.79918 dcgain_db=139.086 f0_hz=582045 phase_at_f0_deg=-131.035 f180_hz=1.37766E+06 gain_at_f180_db=-10.3597 f0_rising_hz= resurgence_db=-0.493413
Doing analysis at TEMP = 125.000000 and TNOM = 27.000000

Using SPARSE 1.3 as Direct Linear Solver
 Reference value :  0.00000e+00
No. of Data Rows : 1
Doing analysis at TEMP = 125.000000 and TNOM = 27.000000

Using SPARSE 1.3 as Direct Linear Solver
 Reference value :  1.31826e+08
No. of Data Rows : 4401
Doing analysis at TEMP = 125.000000 and TNOM = 27.000000

Using SPARSE 1.3 as Direct Linear Solver
 Reference value :  3.52777e+07
No. of Data Rows : 4401
dcg                 =  1.39086e+02
f0                  =  1.94486e+05
phx                 =  -1.24210e+02
f180                =  7.55310e+05
gmx                 =  -1.42727e+01
 meas ac f0r when tdb=0 rise=1 failed!

tres                =  -5.08116e-01 at=  2.05353e+05
ROW iload_a=0.025 ceff_f=1e-06 esr_ohm=0.001 vout_v=1.79918 dcgain_db=139.086 f0_hz=194486 phase_at_f0_deg=-124.21 f180_hz=755310 gain_at_f180_db=-14.2727 f0_rising_hz= resurgence_db=-0.508116
Doing analysis at TEMP = 125.000000 and TNOM = 27.000000

Using SPARSE 1.3 as Direct Linear Solver

No. of Data Rows : 1
Doing analysis at TEMP = 125.000000 and TNOM = 27.000000

Using SPARSE 1.3 as Direct Linear Solver
 Reference value :  1.00000e-02
No. of Data Rows : 4401
Doing analysis at TEMP = 125.000000 and TNOM = 27.000000

Using SPARSE 1.3 as Direct Linear Solver
 Reference value :  1.00000e-02
No. of Data Rows : 4401
dcg                 =  1.39086e+02
f0                  =  1.94804e+05
phx                 =  -1.20799e+02
f180                =  9.13903e+05
gmx                 =  -1.67543e+01
 meas ac f0r when tdb=0 rise=1 failed!

tres                =  -4.91024e-01 at=  2.05353e+05
ROW iload_a=0.025 ceff_f=1e-06 esr_ohm=0.05 vout_v=1.79918 dcgain_db=139.086 f0_hz=194804 phase_at_f0_deg=-120.799 f180_hz=913903 gain_at_f180_db=-16.7543 f0_rising_hz= resurgence_db=-0.491024
Doing analysis at TEMP = 125.000000 and TNOM = 27.000000

Using SPARSE 1.3 as Direct Linear Solver
 Reference value :  0.00000e+00
No. of Data Rows : 1
Doing analysis at TEMP = 125.000000 and TNOM = 27.000000

Using SPARSE 1.3 as Direct Linear Solver
 Reference value :  4.12098e+08
No. of Data Rows : 4401
Doing analysis at TEMP = 125.000000 and TNOM = 27.000000

Using SPARSE 1.3 as Direct Linear Solver
 Reference value :  1.73780e+08
No. of Data Rows : 4401
dcg                 =  1.39086e+02
f0                  =  2.00019e+05
phx                 =  -1.10527e+02
f180                =  1.48002e+06
gmx                 =  -1.98319e+01
 meas ac f0r when tdb=0 rise=1 failed!

tres                =  -4.34428e-01 at=  2.10136e+05
ROW iload_a=0.025 ceff_f=1e-06 esr_ohm=0.2 vout_v=1.79918 dcgain_db=139.086 f0_hz=200019 phase_at_f0_deg=-110.527 f180_hz=1.48002E+06 gain_at_f180_db=-19.8319 f0_rising_hz= resurgence_db=-0.434427
Doing analysis at TEMP = 125.000000 and TNOM = 27.000000

Using SPARSE 1.3 as Direct Linear Solver

No. of Data Rows : 1
Doing analysis at TEMP = 125.000000 and TNOM = 27.000000

Using SPARSE 1.3 as Direct Linear Solver
 Reference value :  1.00000e-02
No. of Data Rows : 4401
Doing analysis at TEMP = 125.000000 and TNOM = 27.000000

Using SPARSE 1.3 as Direct Linear Solver
 Reference value :  1.00000e-02
No. of Data Rows : 4401
dcg                 =  1.39086e+02
f0                  =  2.39145e+05
phx                 =  -9.06017e+01
f180                =  1.77603e+06
gmx                 =  -1.56053e+01
 meas ac f0r when tdb=0 rise=1 failed!

tres                =  -3.02816e-01 at=  2.51189e+05
ROW iload_a=0.025 ceff_f=1e-06 esr_ohm=0.5 vout_v=1.79918 dcgain_db=139.086 f0_hz=239145 phase_at_f0_deg=-90.6017 f180_hz=1.77603E+06 gain_at_f180_db=-15.6053 f0_rising_hz= resurgence_db=-0.302816
Doing analysis at TEMP = 125.000000 and TNOM = 27.000000

Using SPARSE 1.3 as Direct Linear Solver
 Reference value :  0.00000e+00
No. of Data Rows : 1
Doing analysis at TEMP = 125.000000 and TNOM = 27.000000

Using SPARSE 1.3 as Direct Linear Solver
 Reference value :  2.86748e+08
No. of Data Rows : 4401
Doing analysis at TEMP = 125.000000 and TNOM = 27.000000

Using SPARSE 1.3 as Direct Linear Solver
 Reference value :  1.67880e+08
No. of Data Rows : 4401
dcg                 =  1.39086e+02
f0                  =  5.17885e+04
phx                 =  -1.32361e+02
f180                =  7.72213e+05
gmx                 =  -2.79888e+01
 meas ac f0r when tdb=0 rise=1 failed!

tres                =  -6.26382e-01 at=  5.46387e+04
ROW iload_a=0.025 ceff_f=4.7e-06 esr_ohm=0.001 vout_v=1.79918 dcgain_db=139.086 f0_hz=51788.5 phase_at_f0_deg=-132.361 f180_hz=772212 gain_at_f180_db=-27.9888 f0_rising_hz= resurgence_db=-0.626382
Doing analysis at TEMP = 125.000000 and TNOM = 27.000000

Using SPARSE 1.3 as Direct Linear Solver

No. of Data Rows : 1
Doing analysis at TEMP = 125.000000 and TNOM = 27.000000

Using SPARSE 1.3 as Direct Linear Solver
 Reference value :  1.00000e-02
No. of Data Rows : 4401
Doing analysis at TEMP = 125.000000 and TNOM = 27.000000

Using SPARSE 1.3 as Direct Linear Solver
 Reference value :  1.00000e-02
No. of Data Rows : 4401
dcg                 =  1.39086e+02
f0                  =  5.18954e+04
phx                 =  -1.28025e+02
f180                =  1.58078e+06
gmx                 =  -3.28829e+01
 meas ac f0r when tdb=0 rise=1 failed!

tres                =  -5.99278e-01 at=  5.46387e+04
ROW iload_a=0.025 ceff_f=4.7e-06 esr_ohm=0.05 vout_v=1.79918 dcgain_db=139.086 f0_hz=51895.4 phase_at_f0_deg=-128.025 f180_hz=1.58078E+06 gain_at_f180_db=-32.8829 f0_rising_hz= resurgence_db=-0.599278
Doing analysis at TEMP = 125.000000 and TNOM = 27.000000

Using SPARSE 1.3 as Direct Linear Solver
 Reference value :  0.00000e+00
No. of Data Rows : 1
Doing analysis at TEMP = 125.000000 and TNOM = 27.000000

Using SPARSE 1.3 as Direct Linear Solver
 Reference value :  1.14156e+08
No. of Data Rows : 4401
Doing analysis at TEMP = 125.000000 and TNOM = 27.000000

Using SPARSE 1.3 as Direct Linear Solver
 Reference value :  1.53109e+07
No. of Data Rows : 4401
dcg                 =  1.39086e+02
f0                  =  5.36360e+04
phx                 =  -1.14168e+02
f180                =  1.87816e+06
gmx                 =  -2.44564e+01
 meas ac f0r when tdb=0 rise=1 failed!

tres                =  -5.69620e-01 at=  5.65588e+04
ROW iload_a=0.025 ceff_f=4.7e-06 esr_ohm=0.2 vout_v=1.79918 dcgain_db=139.086 f0_hz=53636 phase_at_f0_deg=-114.168 f180_hz=1.87816E+06 gain_at_f180_db=-24.4564 f0_rising_hz= resurgence_db=-0.56962
Doing analysis at TEMP = 125.000000 and TNOM = 27.000000

Using SPARSE 1.3 as Direct Linear Solver

No. of Data Rows : 1
Doing analysis at TEMP = 125.000000 and TNOM = 27.000000

Using SPARSE 1.3 as Direct Linear Solver
 Reference value :  1.00000e-02
No. of Data Rows : 4401
Doing analysis at TEMP = 125.000000 and TNOM = 27.000000

Using SPARSE 1.3 as Direct Linear Solver
 Reference value :  1.00000e-02
No. of Data Rows : 4401
dcg                 =  1.39086e+02
f0                  =  6.73291e+04
phx                 =  -8.28257e+01
f180                =  1.93264e+06
gmx                 =  -1.71179e+01
 meas ac f0r when tdb=0 rise=1 failed!

tres                =  -3.21561e-01 at=  7.07946e+04
ROW iload_a=0.025 ceff_f=4.7e-06 esr_ohm=0.5 vout_v=1.79918 dcgain_db=139.086 f0_hz=67329.1 phase_at_f0_deg=-82.8257 f180_hz=1.93264E+06 gain_at_f180_db=-17.1179 f0_rising_hz= resurgence_db=-0.321561
Doing analysis at TEMP = 125.000000 and TNOM = 27.000000

Using SPARSE 1.3 as Direct Linear Solver
 Reference value :  0.00000e+00
No. of Data Rows : 1
Doing analysis at TEMP = 125.000000 and TNOM = 27.000000

Using SPARSE 1.3 as Direct Linear Solver
 Reference value :  1.54882e+08
No. of Data Rows : 4401
Doing analysis at TEMP = 125.000000 and TNOM = 27.000000

Using SPARSE 1.3 as Direct Linear Solver
 Reference value :  4.24131e+07
No. of Data Rows : 4401
dcg                 =  1.36454e+02
f0                  =  6.03897e+05
phx                 =  -1.65404e+02
f180                =  7.41547e+05
gmx                 =  -2.64416e+00
 meas ac f0r when tdb=0 rise=1 failed!

tres                =  -6.07796e-01 at=  6.34600e+05
ROW iload_a=0.05 ceff_f=3.3e-07 esr_ohm=0.001 vout_v=1.79918 dcgain_db=136.454 f0_hz=603897 phase_at_f0_deg=-165.404 f180_hz=741547 gain_at_f180_db=-2.64416 f0_rising_hz= resurgence_db=-0.607796
Doing analysis at TEMP = 125.000000 and TNOM = 27.000000

Using SPARSE 1.3 as Direct Linear Solver

No. of Data Rows : 1
Doing analysis at TEMP = 125.000000 and TNOM = 27.000000

Using SPARSE 1.3 as Direct Linear Solver
 Reference value :  1.56675e-01
No. of Data Rows : 4401
Doing analysis at TEMP = 125.000000 and TNOM = 27.000000

Using SPARSE 1.3 as Direct Linear Solver
 Reference value :  3.09030e-01
No. of Data Rows : 4401
dcg                 =  1.36454e+02
f0                  =  6.04694e+05
phx                 =  -1.61982e+02
f180                =  7.85671e+05
gmx                 =  -3.42888e+00
 meas ac f0r when tdb=0 rise=1 failed!

tres                =  -6.61562e-01 at=  6.38263e+05
ROW iload_a=0.05 ceff_f=3.3e-07 esr_ohm=0.05 vout_v=1.79918 dcgain_db=136.454 f0_hz=604694 phase_at_f0_deg=-161.983 f180_hz=785671 gain_at_f180_db=-3.42888 f0_rising_hz= resurgence_db=-0.661562
Doing analysis at TEMP = 125.000000 and TNOM = 27.000000

Using SPARSE 1.3 as Direct Linear Solver

No. of Data Rows : 1
Doing analysis at TEMP = 125.000000 and TNOM = 27.000000

Using SPARSE 1.3 as Direct Linear Solver
 Reference value :  1.00000e-02
No. of Data Rows : 4401
Doing analysis at TEMP = 125.000000 and TNOM = 27.000000

Using SPARSE 1.3 as Direct Linear Solver
 Reference value :  1.00000e-02
No. of Data Rows : 4401
dcg                 =  1.36454e+02
f0                  =  6.17530e+05
phx                 =  -1.52614e+02
f180                =  9.58099e+05
gmx                 =  -5.89476e+00
 meas ac f0r when tdb=0 rise=1 failed!

tres                =  -5.96346e-01 at=  6.49382e+05
ROW iload_a=0.05 ceff_f=3.3e-07 esr_ohm=0.2 vout_v=1.79918 dcgain_db=136.454 f0_hz=617530 phase_at_f0_deg=-152.615 f180_hz=958099 gain_at_f180_db=-5.89476 f0_rising_hz= resurgence_db=-0.596346
Doing analysis at TEMP = 125.000000 and TNOM = 27.000000

Using SPARSE 1.3 as Direct Linear Solver
 Reference value :  0.00000e+00
No. of Data Rows : 1
Doing analysis at TEMP = 125.000000 and TNOM = 27.000000

Using SPARSE 1.3 as Direct Linear Solver
 Reference value :  5.52713e+08
No. of Data Rows : 4401
Doing analysis at TEMP = 125.000000 and TNOM = 27.000000

Using SPARSE 1.3 as Direct Linear Solver
 Reference value :  1.90546e+08
No. of Data Rows : 4401
dcg                 =  1.36454e+02
f0                  =  6.97294e+05
phx                 =  -1.39704e+02
f180                =  1.35007e+06
gmx                 =  -8.34501e+00
 meas ac f0r when tdb=0 rise=1 failed!

tres                =  -5.14143e-01 at=  7.32825e+05
ROW iload_a=0.05 ceff_f=3.3e-07 esr_ohm=0.5 vout_v=1.79918 dcgain_db=136.454 f0_hz=697294 phase_at_f0_deg=-139.703 f180_hz=1.35007E+06 gain_at_f180_db=-8.34501 f0_rising_hz= resurgence_db=-0.514143
Doing analysis at TEMP = 125.000000 and TNOM = 27.000000

Using SPARSE 1.3 as Direct Linear Solver

No. of Data Rows : 1
Doing analysis at TEMP = 125.000000 and TNOM = 27.000000

Using SPARSE 1.3 as Direct Linear Solver
 Reference value :  1.00000e-02
No. of Data Rows : 4401
Doing analysis at TEMP = 125.000000 and TNOM = 27.000000

Using SPARSE 1.3 as Direct Linear Solver
 Reference value :  1.00000e-02
No. of Data Rows : 4401
dcg                 =  1.36454e+02
f0                  =  2.36793e+05
phx                 =  -1.28118e+02
f180                =  7.43397e+05
gmx                 =  -1.22896e+01
 meas ac f0r when tdb=0 rise=1 failed!

tres                =  -5.03259e-01 at=  2.49747e+05
ROW iload_a=0.05 ceff_f=1e-06 esr_ohm=0.001 vout_v=1.79918 dcgain_db=136.454 f0_hz=236793 phase_at_f0_deg=-128.118 f180_hz=743397 gain_at_f180_db=-12.2896 f0_rising_hz= resurgence_db=-0.503259
Doing analysis at TEMP = 125.000000 and TNOM = 27.000000

Using SPARSE 1.3 as Direct Linear Solver

No. of Data Rows : 1
Doing analysis at TEMP = 125.000000 and TNOM = 27.000000

Using SPARSE 1.3 as Direct Linear Solver
 Reference value :  1.00000e-02
No. of Data Rows : 4401
Doing analysis at TEMP = 125.000000 and TNOM = 27.000000

Using SPARSE 1.3 as Direct Linear Solver
 Reference value :  2.80221e-02
No. of Data Rows : 4401
dcg                 =  1.36454e+02
f0                  =  2.37355e+05
phx                 =  -1.23985e+02
f180                =  8.97336e+05
gmx                 =  -1.47330e+01
 meas ac f0r when tdb=0 rise=1 failed!

tres                =  -4.78272e-01 at=  2.49747e+05
ROW iload_a=0.05 ceff_f=1e-06 esr_ohm=0.05 vout_v=1.79918 dcgain_db=136.454 f0_hz=237355 phase_at_f0_deg=-123.985 f180_hz=897336 gain_at_f180_db=-14.733 f0_rising_hz= resurgence_db=-0.478272
Doing analysis at TEMP = 125.000000 and TNOM = 27.000000

Using SPARSE 1.3 as Direct Linear Solver
 Reference value :  0.00000e+00
No. of Data Rows : 1
Doing analysis at TEMP = 125.000000 and TNOM = 27.000000

Using SPARSE 1.3 as Direct Linear Solver
 Reference value :  8.65964e+08
No. of Data Rows : 4401
Doing analysis at TEMP = 125.000000 and TNOM = 27.000000

Using SPARSE 1.3 as Direct Linear Solver
 Reference value :  4.62381e+08
No. of Data Rows : 4401
dcg                 =  1.36454e+02
f0                  =  2.46829e+05
phx                 =  -1.11792e+02
f180                =  1.44977e+06
gmx                 =  -1.78148e+01
 meas ac f0r when tdb=0 rise=1 failed!

tres                =  -4.51231e-01 at=  2.60016e+05
ROW iload_a=0.05 ceff_f=1e-06 esr_ohm=0.2 vout_v=1.79918 dcgain_db=136.454 f0_hz=246829 phase_at_f0_deg=-111.792 f180_hz=1.44977E+06 gain_at_f180_db=-17.8148 f0_rising_hz= resurgence_db=-0.451231
Doing analysis at TEMP = 125.000000 and TNOM = 27.000000

Using SPARSE 1.3 as Direct Linear Solver

No. of Data Rows : 1
Doing analysis at TEMP = 125.000000 and TNOM = 27.000000

Using SPARSE 1.3 as Direct Linear Solver
 Reference value :  1.00000e-02
No. of Data Rows : 4401
Doing analysis at TEMP = 125.000000 and TNOM = 27.000000

Using SPARSE 1.3 as Direct Linear Solver
 Reference value :  1.00000e-02
No. of Data Rows : 4401
dcg                 =  1.36454e+02
f0                  =  3.28675e+05
phx                 =  -9.06181e+01
f180                =  1.74318e+06
gmx                 =  -1.36167e+01
 meas ac f0r when tdb=0 rise=1 failed!

tres                =  -2.78155e-01 at=  3.46737e+05
ROW iload_a=0.05 ceff_f=1e-06 esr_ohm=0.5 vout_v=1.79918 dcgain_db=136.454 f0_hz=328675 phase_at_f0_deg=-90.6181 f180_hz=1.74318E+06 gain_at_f180_db=-13.6167 f0_rising_hz= resurgence_db=-0.278155
Doing analysis at TEMP = 125.000000 and TNOM = 27.000000

Using SPARSE 1.3 as Direct Linear Solver
 Reference value :  0.00000e+00
No. of Data Rows : 1
Doing analysis at TEMP = 125.000000 and TNOM = 27.000000

Using SPARSE 1.3 as Direct Linear Solver
 Reference value :  1.92752e+08
No. of Data Rows : 4401
Doing analysis at TEMP = 125.000000 and TNOM = 27.000000

Using SPARSE 1.3 as Direct Linear Solver
 Reference value :  3.93550e+07
No. of Data Rows : 4401
dcg                 =  1.36454e+02
f0                  =  6.16387e+04
phx                 =  -1.30302e+02
f180                =  7.58094e+05
gmx                 =  -2.59736e+01
 meas ac f0r when tdb=0 rise=1 failed!

tres                =  -5.88420e-01 at=  6.49382e+04
ROW iload_a=0.05 ceff_f=4.7e-06 esr_ohm=0.001 vout_v=1.79918 dcgain_db=136.454 f0_hz=61638.7 phase_at_f0_deg=-130.302 f180_hz=758094 gain_at_f180_db=-25.9736 f0_rising_hz= resurgence_db=-0.58842
Doing analysis at TEMP = 125.000000 and TNOM = 27.000000

Using SPARSE 1.3 as Direct Linear Solver

No. of Data Rows : 1
Doing analysis at TEMP = 125.000000 and TNOM = 27.000000

Using SPARSE 1.3 as Direct Linear Solver
 Reference value :  8.75992e-02
No. of Data Rows : 4401
Doing analysis at TEMP = 125.000000 and TNOM = 27.000000

Using SPARSE 1.3 as Direct Linear Solver
 Reference value :  2.03002e-01
No. of Data Rows : 4401
dcg                 =  1.36454e+02
f0                  =  6.18244e+04
phx                 =  -1.25138e+02
f180                =  1.54265e+06
gmx                 =  -3.08710e+01
 meas ac f0r when tdb=0 rise=1 failed!

tres                =  -5.50578e-01 at=  6.49382e+04
ROW iload_a=0.05 ceff_f=4.7e-06 esr_ohm=0.05 vout_v=1.79918 dcgain_db=136.454 f0_hz=61824.4 phase_at_f0_deg=-125.138 f180_hz=1.54265E+06 gain_at_f180_db=-30.871 f0_rising_hz= resurgence_db=-0.550578
Doing analysis at TEMP = 125.000000 and TNOM = 27.000000

Using SPARSE 1.3 as Direct Linear Solver

No. of Data Rows : 1
Doing analysis at TEMP = 125.000000 and TNOM = 27.000000

Using SPARSE 1.3 as Direct Linear Solver
 Reference value :  1.00000e-02
No. of Data Rows : 4401
Doing analysis at TEMP = 125.000000 and TNOM = 27.000000

Using SPARSE 1.3 as Direct Linear Solver
 Reference value :  1.00000e-02
No. of Data Rows : 4401
dcg                 =  1.36454e+02
f0                  =  6.49374e+04
phx                 =  -1.08532e+02
f180                =  1.84318e+06
gmx                 =  -2.24743e+01
 meas ac f0r when tdb=0 rise=1 failed!

tres                =  -5.15830e-01 at=  6.83912e+04
ROW iload_a=0.05 ceff_f=4.7e-06 esr_ohm=0.2 vout_v=1.79918 dcgain_db=136.454 f0_hz=64937.4 phase_at_f0_deg=-108.532 f180_hz=1.84318E+06 gain_at_f180_db=-22.4743 f0_rising_hz= resurgence_db=-0.51583
Doing analysis at TEMP = 125.000000 and TNOM = 27.000000

Using SPARSE 1.3 as Direct Linear Solver
 Reference value :  0.00000e+00
No. of Data Rows : 1
Doing analysis at TEMP = 125.000000 and TNOM = 27.000000

Using SPARSE 1.3 as Direct Linear Solver
 Reference value :  2.45471e+08
No. of Data Rows : 4401
Doing analysis at TEMP = 125.000000 and TNOM = 27.000000

Using SPARSE 1.3 as Direct Linear Solver
 Reference value :  1.45378e+08
No. of Data Rows : 4401
dcg                 =  1.36454e+02
f0                  =  9.62823e+04
phx                 =  -6.96319e+01
f180                =  1.89793e+06
gmx                 =  -1.51297e+01
 meas ac f0r when tdb=0 rise=1 failed!

tres                =  -2.08231e-01 at=  1.01158e+05
ROW iload_a=0.05 ceff_f=4.7e-06 esr_ohm=0.5 vout_v=1.79918 dcgain_db=136.454 f0_hz=96282.3 phase_at_f0_deg=-69.6319 f180_hz=1.89793E+06 gain_at_f180_db=-15.1297 f0_rising_hz= resurgence_db=-0.208231
* SWEEP COMPLETE fs_125c_3.30v
Note: Simulation executed from .control section 
Warning: m=xx on .subckt line will override multiplier m hierarchy!

Note: Starting dynamic gmin stepping
Note: Dynamic gmin stepping completed
Note: Starting dynamic gmin stepping
Note: Dynamic gmin stepping completed
Note: Starting dynamic gmin stepping
Note: Dynamic gmin stepping completed

Error: measure  f0r  when(WHEN) : out of interval
Error: &f0r: no such variable.
Note: Starting dynamic gmin stepping
Note: Dynamic gmin stepping completed
Note: Starting dynamic gmin stepping
Note: Dynamic gmin stepping completed
Note: Starting dynamic gmin stepping
Note: Dynamic gmin stepping completed

Error: measure  f0r  when(WHEN) : out of interval
Error: &f0r: no such variable.
Note: Starting dynamic gmin stepping
Note: Dynamic gmin stepping completed
Note: Starting dynamic gmin stepping
Note: Dynamic gmin stepping completed
Note: Starting dynamic gmin stepping
Note: Dynamic gmin stepping completed

Error: measure  f0r  when(WHEN) : out of interval
Error: &f0r: no such variable.
Note: Starting dynamic gmin stepping
Note: Dynamic gmin stepping completed
Note: Starting dynamic gmin stepping
Note: Dynamic gmin stepping completed
Note: Starting dynamic gmin stepping
Note: Dynamic gmin stepping completed

Error: measure  f0r  when(WHEN) : out of interval
Error: &f0r: no such variable.
Note: Starting dynamic gmin stepping
Note: Dynamic gmin stepping completed
Note: Starting dynamic gmin stepping
Note: Dynamic gmin stepping completed
Note: Starting dynamic gmin stepping
Note: Dynamic gmin stepping completed

Error: measure  f0r  when(WHEN) : out of interval
Error: &f0r: no such variable.
Note: Starting dynamic gmin stepping
Note: Dynamic gmin stepping completed
Note: Starting dynamic gmin stepping
Note: Dynamic gmin stepping completed
Note: Starting dynamic gmin stepping
Note: Dynamic gmin stepping completed

Error: measure  f0r  when(WHEN) : out of interval
Error: &f0r: no such variable.
Note: Starting dynamic gmin stepping
Note: Dynamic gmin stepping completed
Note: Starting dynamic gmin stepping
Note: Dynamic gmin stepping completed
Note: Starting dynamic gmin stepping
Note: Dynamic gmin stepping completed

Error: measure  f0r  when(WHEN) : out of interval
Error: &f0r: no such variable.
Note: Starting dynamic gmin stepping
Note: Dynamic gmin stepping completed
Note: Starting dynamic gmin stepping
Note: Dynamic gmin stepping completed
Note: Starting dynamic gmin stepping
Note: Dynamic gmin stepping completed

Error: measure  f0r  when(WHEN) : out of interval
Error: &f0r: no such variable.
Note: Starting dynamic gmin stepping
Note: Dynamic gmin stepping completed
Note: Starting dynamic gmin stepping
Note: Dynamic gmin stepping completed
Note: Starting dynamic gmin stepping
Note: Dynamic gmin stepping completed

Error: measure  f0r  when(WHEN) : out of interval
Error: &f0r: no such variable.
Note: Starting dynamic gmin stepping
Note: Dynamic gmin stepping completed
Note: Starting dynamic gmin stepping
Note: Dynamic gmin stepping completed
Note: Starting dynamic gmin stepping
Note: Dynamic gmin stepping completed

Error: measure  f0r  when(WHEN) : out of interval
Error: &f0r: no such variable.
Note: Starting dynamic gmin stepping
Note: Dynamic gmin stepping completed
Note: Starting dynamic gmin stepping
Note: Dynamic gmin stepping completed
Note: Starting dynamic gmin stepping
Note: Dynamic gmin stepping completed

Error: measure  f0r  when(WHEN) : out of interval
Error: &f0r: no such variable.
Note: Starting dynamic gmin stepping
Note: Dynamic gmin stepping completed
Note: Starting dynamic gmin stepping
Note: Dynamic gmin stepping completed
Note: Starting dynamic gmin stepping
Note: Dynamic gmin stepping completed

Error: measure  f0r  when(WHEN) : out of interval
Error: &f0r: no such variable.
Note: Starting dynamic gmin stepping
Note: Dynamic gmin stepping completed
Note: Starting dynamic gmin stepping
Note: Dynamic gmin stepping completed
Note: Starting dynamic gmin stepping
Note: Dynamic gmin stepping completed

Error: measure  f0r  when(WHEN) : out of interval
Error: &f0r: no such variable.
Note: Starting dynamic gmin stepping
Note: Dynamic gmin stepping completed
Note: Starting dynamic gmin stepping
Note: Dynamic gmin stepping completed
Note: Starting dynamic gmin stepping
Note: Dynamic gmin stepping completed

Error: measure  f0r  when(WHEN) : out of interval
Error: &f0r: no such variable.
Note: Starting dynamic gmin stepping
Note: Dynamic gmin stepping completed
Note: Starting dynamic gmin stepping
Note: Dynamic gmin stepping completed
Note: Starting dynamic gmin stepping
Note: Dynamic gmin stepping completed

Error: measure  f0r  when(WHEN) : out of interval
Error: &f0r: no such variable.
Note: Starting dynamic gmin stepping
Note: Dynamic gmin stepping completed
Note: Starting dynamic gmin stepping
Note: Dynamic gmin stepping completed
Note: Starting dynamic gmin stepping
Note: Dynamic gmin stepping completed

Error: measure  f0r  when(WHEN) : out of interval
Error: &f0r: no such variable.
Note: Starting dynamic gmin stepping
Note: Dynamic gmin stepping completed
Note: Starting dynamic gmin stepping
Note: Dynamic gmin stepping completed
Note: Starting dynamic gmin stepping
Note: Dynamic gmin stepping completed

Error: measure  f0r  when(WHEN) : out of interval
Error: &f0r: no such variable.
Note: Starting dynamic gmin stepping
Note: Dynamic gmin stepping completed
Note: Starting dynamic gmin stepping
Note: Dynamic gmin stepping completed
Note: Starting dynamic gmin stepping
Note: Dynamic gmin stepping completed

Error: measure  f0r  when(WHEN) : out of interval
Error: &f0r: no such variable.
Note: Starting dynamic gmin stepping
Note: Dynamic gmin stepping completed
Note: Starting dynamic gmin stepping
Note: Dynamic gmin stepping completed
Note: Starting dynamic gmin stepping
Note: Dynamic gmin stepping completed

Error: measure  f0r  when(WHEN) : out of interval
Error: &f0r: no such variable.
Note: Starting dynamic gmin stepping
Note: Dynamic gmin stepping completed
Note: Starting dynamic gmin stepping
Note: Dynamic gmin stepping completed
Note: Starting dynamic gmin stepping
Note: Dynamic gmin stepping completed

Error: measure  f0r  when(WHEN) : out of interval
Error: &f0r: no such variable.
Note: Starting dynamic gmin stepping
Note: Dynamic gmin stepping completed
Note: Starting dynamic gmin stepping
Note: Dynamic gmin stepping completed
Note: Starting dynamic gmin stepping
Note: Dynamic gmin stepping completed

Error: measure  f0r  when(WHEN) : out of interval
Error: &f0r: no such variable.
Note: Starting dynamic gmin stepping
Note: Dynamic gmin stepping completed
Note: Starting dynamic gmin stepping
Note: Dynamic gmin stepping completed
Note: Starting dynamic gmin stepping
Note: Dynamic gmin stepping completed

Error: measure  f0r  when(WHEN) : out of interval
Error: &f0r: no such variable.
Note: Starting dynamic gmin stepping
Note: Dynamic gmin stepping completed
Note: Starting dynamic gmin stepping
Note: Dynamic gmin stepping completed
Note: Starting dynamic gmin stepping
Note: Dynamic gmin stepping completed

Error: measure  f0r  when(WHEN) : out of interval
Error: &f0r: no such variable.
Note: Starting dynamic gmin stepping
Note: Dynamic gmin stepping completed
Note: Starting dynamic gmin stepping
Note: Dynamic gmin stepping completed
Note: Starting dynamic gmin stepping
Note: Dynamic gmin stepping completed

Error: measure  f0r  when(WHEN) : out of interval
Error: &f0r: no such variable.
Note: Starting dynamic gmin stepping
Note: Dynamic gmin stepping completed
Note: Starting dynamic gmin stepping
Note: Dynamic gmin stepping completed
Note: Starting dynamic gmin stepping
Note: Dynamic gmin stepping completed

Error: measure  f0r  when(WHEN) : out of interval
Error: &f0r: no such variable.
Note: Starting dynamic gmin stepping
Note: Dynamic gmin stepping completed
Note: Starting dynamic gmin stepping
Note: Dynamic gmin stepping completed
Note: Starting dynamic gmin stepping
Note: Dynamic gmin stepping completed

Error: measure  f0r  when(WHEN) : out of interval
Error: &f0r: no such variable.
Note: Starting dynamic gmin stepping
Note: Dynamic gmin stepping completed
Note: Starting dynamic gmin stepping
Note: Dynamic gmin stepping completed
Note: Starting dynamic gmin stepping
Note: Dynamic gmin stepping completed

Error: measure  f0r  when(WHEN) : out of interval
Error: &f0r: no such variable.
Note: Starting dynamic gmin stepping
Note: Dynamic gmin stepping completed
Note: Starting dynamic gmin stepping
Note: Dynamic gmin stepping completed
Note: Starting dynamic gmin stepping
Note: Dynamic gmin stepping completed

Error: measure  f0r  when(WHEN) : out of interval
Error: &f0r: no such variable.
Note: Starting dynamic gmin stepping
Note: Dynamic gmin stepping completed
Note: Starting dynamic gmin stepping
Note: Dynamic gmin stepping completed
Note: Starting dynamic gmin stepping
Note: Dynamic gmin stepping completed

Error: measure  f0r  when(WHEN) : out of interval
Error: &f0r: no such variable.
Note: Starting dynamic gmin stepping
Note: Dynamic gmin stepping completed
Note: Starting dynamic gmin stepping
Note: Dynamic gmin stepping completed
Note: Starting dynamic gmin stepping
Note: Dynamic gmin stepping completed

Error: measure  f0r  when(WHEN) : out of interval
Error: &f0r: no such variable.
Note: Starting dynamic gmin stepping
Note: Dynamic gmin stepping completed
Note: Starting dynamic gmin stepping
Note: Dynamic gmin stepping completed
Note: Starting dynamic gmin stepping
Note: Dynamic gmin stepping completed

Error: measure  f0r  when(WHEN) : out of interval
Error: &f0r: no such variable.
Note: Starting dynamic gmin stepping
Note: Dynamic gmin stepping completed
Note: Starting dynamic gmin stepping
Note: Dynamic gmin stepping completed
Note: Starting dynamic gmin stepping
Note: Dynamic gmin stepping completed

Error: measure  f0r  when(WHEN) : out of interval
Error: &f0r: no such variable.
Note: Starting dynamic gmin stepping
Note: Dynamic gmin stepping completed
Note: Starting dynamic gmin stepping
Note: Dynamic gmin stepping completed
Note: Starting dynamic gmin stepping
Note: Dynamic gmin stepping completed

Error: measure  f0r  when(WHEN) : out of interval
Error: &f0r: no such variable.
Note: Starting dynamic gmin stepping
Note: Dynamic gmin stepping completed
Note: Starting dynamic gmin stepping
Note: Dynamic gmin stepping completed
Note: Starting dynamic gmin stepping
Note: Dynamic gmin stepping completed

Error: measure  f0r  when(WHEN) : out of interval
Error: &f0r: no such variable.
Note: Starting dynamic gmin stepping
Note: Dynamic gmin stepping completed
Note: Starting dynamic gmin stepping
Note: Dynamic gmin stepping completed
Note: Starting dynamic gmin stepping
Note: Dynamic gmin stepping completed

Error: measure  f0r  when(WHEN) : out of interval
Error: &f0r: no such variable.
Note: Starting dynamic gmin stepping
Note: Dynamic gmin stepping completed
Note: Starting dynamic gmin stepping
Note: Dynamic gmin stepping completed
Note: Starting dynamic gmin stepping
Note: Dynamic gmin stepping completed

Error: measure  f0r  when(WHEN) : out of interval
Error: &f0r: no such variable.
Note: Starting dynamic gmin stepping
Note: Dynamic gmin stepping completed
Note: Starting dynamic gmin stepping
Note: Dynamic gmin stepping completed
Note: Starting dynamic gmin stepping
Note: Dynamic gmin stepping completed

Error: measure  f0r  when(WHEN) : out of interval
Error: &f0r: no such variable.
Note: Starting dynamic gmin stepping
Note: Dynamic gmin stepping completed
Note: Starting dynamic gmin stepping
Note: Dynamic gmin stepping completed
Note: Starting dynamic gmin stepping
Note: Dynamic gmin stepping completed

Error: measure  f0r  when(WHEN) : out of interval
Error: &f0r: no such variable.
Note: Starting dynamic gmin stepping
Note: Dynamic gmin stepping completed
Note: Starting dynamic gmin stepping
Note: Dynamic gmin stepping completed
Note: Starting dynamic gmin stepping
Note: Dynamic gmin stepping completed

Error: measure  f0r  when(WHEN) : out of interval
Error: &f0r: no such variable.
Note: Starting dynamic gmin stepping
Note: Dynamic gmin stepping completed
Note: Starting dynamic gmin stepping
Note: Dynamic gmin stepping completed
Note: Starting dynamic gmin stepping
Note: Dynamic gmin stepping completed

Error: measure  f0r  when(WHEN) : out of interval
Error: &f0r: no such variable.
Note: Starting dynamic gmin stepping
Note: Dynamic gmin stepping completed
Note: Starting dynamic gmin stepping
Note: Dynamic gmin stepping completed
Note: Starting dynamic gmin stepping
Note: Dynamic gmin stepping completed

Error: measure  f0r  when(WHEN) : out of interval
Error: &f0r: no such variable.
Note: Starting dynamic gmin stepping
Note: Dynamic gmin stepping completed
Note: Starting dynamic gmin stepping
Note: Dynamic gmin stepping completed
Note: Starting dynamic gmin stepping
Note: Dynamic gmin stepping completed

Error: measure  f0r  when(WHEN) : out of interval
Error: &f0r: no such variable.
Note: Starting dynamic gmin stepping
Note: Dynamic gmin stepping completed
Note: Starting dynamic gmin stepping
Note: Dynamic gmin stepping completed
Note: Starting dynamic gmin stepping
Note: Dynamic gmin stepping completed

Error: measure  f0r  when(WHEN) : out of interval
Error: &f0r: no such variable.
Note: Starting dynamic gmin stepping
Note: Dynamic gmin stepping completed
Note: Starting dynamic gmin stepping
Note: Dynamic gmin stepping completed
Note: Starting dynamic gmin stepping
Note: Dynamic gmin stepping completed

Error: measure  f0r  when(WHEN) : out of interval
Error: &f0r: no such variable.
Note: Starting dynamic gmin stepping
Note: Dynamic gmin stepping completed
Note: Starting dynamic gmin stepping
Note: Dynamic gmin stepping completed
Note: Starting dynamic gmin stepping
Note: Dynamic gmin stepping completed

Error: measure  f0r  when(WHEN) : out of interval
Error: &f0r: no such variable.
Note: Starting dynamic gmin stepping
Note: Dynamic gmin stepping completed
Note: Starting dynamic gmin stepping
Note: Dynamic gmin stepping completed
Note: Starting dynamic gmin stepping
Note: Dynamic gmin stepping completed

Error: measure  f0r  when(WHEN) : out of interval
Error: &f0r: no such variable.
Note: Starting dynamic gmin stepping
Note: Dynamic gmin stepping completed
Note: Starting dynamic gmin stepping
Note: Dynamic gmin stepping completed
Note: Starting dynamic gmin stepping
Note: Dynamic gmin stepping completed

Error: measure  f0r  when(WHEN) : out of interval
Error: &f0r: no such variable.
Note: Starting dynamic gmin stepping
Note: Dynamic gmin stepping completed
Note: Starting dynamic gmin stepping
Note: Dynamic gmin stepping completed
Note: Starting dynamic gmin stepping
Note: Dynamic gmin stepping completed

Error: measure  f0r  when(WHEN) : out of interval
Error: &f0r: no such variable.
Note: Starting dynamic gmin stepping
Note: Dynamic gmin stepping completed
Note: Starting dynamic gmin stepping
Note: Dynamic gmin stepping completed
Note: Starting dynamic gmin stepping
Note: Dynamic gmin stepping completed

Error: measure  f0r  when(WHEN) : out of interval
Error: &f0r: no such variable.
Note: Starting dynamic gmin stepping
Note: Dynamic gmin stepping completed
Note: Starting dynamic gmin stepping
Note: Dynamic gmin stepping completed
Note: Starting dynamic gmin stepping
Note: Dynamic gmin stepping completed

Error: measure  f0r  when(WHEN) : out of interval
Error: &f0r: no such variable.
Note: Starting dynamic gmin stepping
Note: Dynamic gmin stepping completed
Note: Starting dynamic gmin stepping
Note: Dynamic gmin stepping completed
Note: Starting dynamic gmin stepping
Note: Dynamic gmin stepping completed

Error: measure  f0r  when(WHEN) : out of interval
Error: &f0r: no such variable.
Note: Starting dynamic gmin stepping
Note: Dynamic gmin stepping completed
Note: Starting dynamic gmin stepping
Note: Dynamic gmin stepping completed
Note: Starting dynamic gmin stepping
Note: Dynamic gmin stepping completed

Error: measure  f0r  when(WHEN) : out of interval
Error: &f0r: no such variable.
Note: Starting dynamic gmin stepping
Note: Dynamic gmin stepping completed
Note: Starting dynamic gmin stepping
Note: Dynamic gmin stepping completed
Note: Starting dynamic gmin stepping
Note: Dynamic gmin stepping completed

Error: measure  f0r  when(WHEN) : out of interval
Error: &f0r: no such variable.
Note: Starting dynamic gmin stepping
Note: Dynamic gmin stepping completed
Note: Starting dynamic gmin stepping
Note: Dynamic gmin stepping completed
Note: Starting dynamic gmin stepping
Note: Dynamic gmin stepping completed

Error: measure  f0r  when(WHEN) : out of interval
Error: &f0r: no such variable.
Note: Starting dynamic gmin stepping
Note: Dynamic gmin stepping completed
Note: Starting dynamic gmin stepping
Note: Dynamic gmin stepping completed
Note: Starting dynamic gmin stepping
Note: Dynamic gmin stepping completed

Error: measure  f0r  when(WHEN) : out of interval
Error: &f0r: no such variable.
Note: Starting dynamic gmin stepping
Note: Dynamic gmin stepping completed
Note: Starting dynamic gmin stepping
Note: Dynamic gmin stepping completed
Note: Starting dynamic gmin stepping
Note: Dynamic gmin stepping completed

Error: measure  f0r  when(WHEN) : out of interval
Error: &f0r: no such variable.
Note: Starting dynamic gmin stepping
Note: Dynamic gmin stepping completed
Note: Starting dynamic gmin stepping
Note: Dynamic gmin stepping completed
Note: Starting dynamic gmin stepping
Note: Dynamic gmin stepping completed

Error: measure  f0r  when(WHEN) : out of interval
Error: &f0r: no such variable.
Note: Starting dynamic gmin stepping
Note: Dynamic gmin stepping completed
Note: Starting dynamic gmin stepping
Note: Dynamic gmin stepping completed
Note: Starting dynamic gmin stepping
Note: Dynamic gmin stepping completed

Error: measure  f0r  when(WHEN) : out of interval
Error: &f0r: no such variable.
Note: Starting dynamic gmin stepping
Note: Dynamic gmin stepping completed
Note: Starting dynamic gmin stepping
Note: Dynamic gmin stepping completed
Note: Starting dynamic gmin stepping
Note: Dynamic gmin stepping completed

Error: measure  f0r  when(WHEN) : out of interval
Error: &f0r: no such variable.
Note: Starting dynamic gmin stepping
Note: Dynamic gmin stepping completed
Note: Starting dynamic gmin stepping
Note: Dynamic gmin stepping completed
Note: Starting dynamic gmin stepping
Note: Dynamic gmin stepping completed

Error: measure  f0r  when(WHEN) : out of interval
Error: &f0r: no such variable.
Note: Starting dynamic gmin stepping
Note: Dynamic gmin stepping completed
Note: Starting dynamic gmin stepping
Note: Dynamic gmin stepping completed
Note: Starting dynamic gmin stepping
Note: Dynamic gmin stepping completed

Error: measure  f0r  when(WHEN) : out of interval
Error: &f0r: no such variable.
Note: Starting dynamic gmin stepping
Note: Dynamic gmin stepping completed
Note: Starting dynamic gmin stepping
Note: Dynamic gmin stepping completed
Note: Starting dynamic gmin stepping
Note: Dynamic gmin stepping completed

Error: measure  f0r  when(WHEN) : out of interval
Error: &f0r: no such variable.
Note: Starting dynamic gmin stepping
Note: Dynamic gmin stepping completed
Note: Starting dynamic gmin stepping
Note: Dynamic gmin stepping completed
Note: Starting dynamic gmin stepping
Note: Dynamic gmin stepping completed

Error: measure  f0r  when(WHEN) : out of interval
Error: &f0r: no such variable.
Note: Starting dynamic gmin stepping
Note: Dynamic gmin stepping completed
Note: Starting dynamic gmin stepping
Note: Dynamic gmin stepping completed
Note: Starting dynamic gmin stepping
Note: Dynamic gmin stepping completed

Error: measure  f0r  when(WHEN) : out of interval
Error: &f0r: no such variable.
Note: Starting dynamic gmin stepping
Note: Dynamic gmin stepping completed
Note: Starting dynamic gmin stepping
Note: Dynamic gmin stepping completed
Note: Starting dynamic gmin stepping
Note: Dynamic gmin stepping completed

Error: measure  f0r  when(WHEN) : out of interval
Error: &f0r: no such variable.
Note: Starting dynamic gmin stepping
Note: Dynamic gmin stepping completed
Note: Starting dynamic gmin stepping
Note: Dynamic gmin stepping completed
Note: Starting dynamic gmin stepping
Note: Dynamic gmin stepping completed

Error: measure  f0r  when(WHEN) : out of interval
Error: &f0r: no such variable.
Note: Starting dynamic gmin stepping
Note: Dynamic gmin stepping completed
Note: Starting dynamic gmin stepping
Note: Dynamic gmin stepping completed
Note: Starting dynamic gmin stepping
Note: Dynamic gmin stepping completed

Error: measure  f0r  when(WHEN) : out of interval
Error: &f0r: no such variable.
Note: Starting dynamic gmin stepping
Note: Dynamic gmin stepping completed
Note: Starting dynamic gmin stepping
Note: Dynamic gmin stepping completed
Note: Starting dynamic gmin stepping
Note: Dynamic gmin stepping completed

Error: measure  f0r  when(WHEN) : out of interval
Error: &f0r: no such variable.
Note: Starting dynamic gmin stepping
Note: Dynamic gmin stepping completed
Note: Starting dynamic gmin stepping
Note: Dynamic gmin stepping completed
Note: Starting dynamic gmin stepping
Note: Dynamic gmin stepping completed

Error: measure  f0r  when(WHEN) : out of interval
Error: &f0r: no such variable.
Note: Starting dynamic gmin stepping
Note: Dynamic gmin stepping completed
Note: Starting dynamic gmin stepping
Note: Dynamic gmin stepping completed
Note: Starting dynamic gmin stepping
Note: Dynamic gmin stepping completed

Error: measure  f0r  when(WHEN) : out of interval
Error: &f0r: no such variable.
Note: Starting dynamic gmin stepping
Note: Dynamic gmin stepping completed
Note: Starting dynamic gmin stepping
Note: Dynamic gmin stepping completed
Note: Starting dynamic gmin stepping
Note: Dynamic gmin stepping completed

Error: measure  f0r  when(WHEN) : out of interval
Error: &f0r: no such variable.
Note: Starting dynamic gmin stepping
Note: Dynamic gmin stepping completed
Note: Starting dynamic gmin stepping
Note: Dynamic gmin stepping completed
Note: Starting dynamic gmin stepping
Note: Dynamic gmin stepping completed

Error: measure  f0r  when(WHEN) : out of interval
Error: &f0r: no such variable.
