
Note: Compatibility modes selected: hs a


Circuit: * loop-stability -- tian dual-injection loop-gain testbench for ldo_core (issue #10)

* corner_id=tt_27c_3.30v corner=tt temp_c=27 vin_v=3.3
* ac sweep: dec 400 0.01 1e9 ; Tian dual injection at ERRAMP_OUT->PASS_GATE
* columns: ROW iload_a= ceff_f= esr_ohm= vout_v= dcgain_db= f0_hz= phase_at_f0_deg=
*          f180_hz= gain_at_f180_db= f0_rising_hz= resurgence_db=
* (phase margin = 180 + phase_at_f0_deg ; gain margin = -gain_at_f180_db ;
*  resurgence_db = max |T| in dB above the first 0 dB crossing, DR-0008 ;
*  an empty f180/gain field means the phase never reaches -180 deg in band)
* Fields are written key=value BECAUSE a failed meas leaves its value
* empty: with bare positional fields an empty one vanishes into the
* whitespace and every field after it is read as the wrong quantity.
Doing analysis at TEMP = 27.000000 and TNOM = 27.000000

Using SPARSE 1.3 as Direct Linear Solver
 Reference value :  0.00000e+00
No. of Data Rows : 1
Doing analysis at TEMP = 27.000000 and TNOM = 27.000000

Using SPARSE 1.3 as Direct Linear Solver
 Reference value :  4.34010e+05
No. of Data Rows : 4401
Doing analysis at TEMP = 27.000000 and TNOM = 27.000000

Using SPARSE 1.3 as Direct Linear Solver
 Reference value :  7.45590e+02
No. of Data Rows : 4401
dcg                 =  1.31520e+02
f0                  =  2.77037e+03
phx                 =  -1.52327e+02
f180                =  3.95342e+06
gmx                 =  -5.30980e+01
 meas ac f0r when tdb=0 rise=1 failed!

tres                =  -7.94754e-01 at=  2.91743e+03
ROW iload_a=0 ceff_f=3.3e-07 esr_ohm=0.001 vout_v=1.79935 dcgain_db=131.52 f0_hz=2770.36 phase_at_f0_deg=-152.327 f180_hz=3.95342E+06 gain_at_f180_db=-53.098 f0_rising_hz= resurgence_db=-0.794755
Doing analysis at TEMP = 27.000000 and TNOM = 27.000000

Using SPARSE 1.3 as Direct Linear Solver

No. of Data Rows : 1
Doing analysis at TEMP = 27.000000 and TNOM = 27.000000

Using SPARSE 1.3 as Direct Linear Solver
 Reference value :  1.00000e-02
No. of Data Rows : 4401
Doing analysis at TEMP = 27.000000 and TNOM = 27.000000

Using SPARSE 1.3 as Direct Linear Solver
 Reference value :  1.00000e-02
No. of Data Rows : 4401
dcg                 =  1.31520e+02
f0                  =  2.77037e+03
phx                 =  -1.52311e+02
f180                =  3.95034e+06
gmx                 =  -5.30943e+01
 meas ac f0r when tdb=0 rise=1 failed!

tres                =  -7.94755e-01 at=  2.91743e+03
ROW iload_a=0 ceff_f=3.3e-07 esr_ohm=0.05 vout_v=1.79935 dcgain_db=131.52 f0_hz=2770.36 phase_at_f0_deg=-152.31 f180_hz=3.95034E+06 gain_at_f180_db=-53.0943 f0_rising_hz= resurgence_db=-0.794756
Doing analysis at TEMP = 27.000000 and TNOM = 27.000000

Using SPARSE 1.3 as Direct Linear Solver
 Reference value :  0.00000e+00
No. of Data Rows : 1
Doing analysis at TEMP = 27.000000 and TNOM = 27.000000

Using SPARSE 1.3 as Direct Linear Solver
 Reference value :  3.01995e+05
No. of Data Rows : 4401
Doing analysis at TEMP = 27.000000 and TNOM = 27.000000

Using SPARSE 1.3 as Direct Linear Solver
 Reference value :  5.52713e+01
No. of Data Rows : 4401
dcg                 =  1.31520e+02
f0                  =  2.77037e+03
phx                 =  -1.52261e+02
f180                =  3.94087e+06
gmx                 =  -5.30827e+01
 meas ac f0r when tdb=0 rise=1 failed!

tres                =  -7.94751e-01 at=  2.91743e+03
ROW iload_a=0 ceff_f=3.3e-07 esr_ohm=0.2 vout_v=1.79935 dcgain_db=131.52 f0_hz=2770.37 phase_at_f0_deg=-152.261 f180_hz=3.94087E+06 gain_at_f180_db=-53.0827 f0_rising_hz= resurgence_db=-0.794752
Doing analysis at TEMP = 27.000000 and TNOM = 27.000000

Using SPARSE 1.3 as Direct Linear Solver

No. of Data Rows : 1
Doing analysis at TEMP = 27.000000 and TNOM = 27.000000

Using SPARSE 1.3 as Direct Linear Solver
 Reference value :  1.00000e-02
No. of Data Rows : 4401
Doing analysis at TEMP = 27.000000 and TNOM = 27.000000

Using SPARSE 1.3 as Direct Linear Solver
 Reference value :  1.00000e-02
No. of Data Rows : 4401
dcg                 =  1.31520e+02
f0                  =  2.77037e+03
phx                 =  -1.52162e+02
f180                =  3.92183e+06
gmx                 =  -5.30591e+01
 meas ac f0r when tdb=0 rise=1 failed!

tres                =  -7.94722e-01 at=  2.91743e+03
ROW iload_a=0 ceff_f=3.3e-07 esr_ohm=0.5 vout_v=1.79935 dcgain_db=131.52 f0_hz=2770.37 phase_at_f0_deg=-152.162 f180_hz=3.92183E+06 gain_at_f180_db=-53.0591 f0_rising_hz= resurgence_db=-0.794722
Doing analysis at TEMP = 27.000000 and TNOM = 27.000000

Using SPARSE 1.3 as Direct Linear Solver
 Reference value :  0.00000e+00
No. of Data Rows : 1
Doing analysis at TEMP = 27.000000 and TNOM = 27.000000

Using SPARSE 1.3 as Direct Linear Solver
 Reference value :  2.34423e+05
No. of Data Rows : 4401
Doing analysis at TEMP = 27.000000 and TNOM = 27.000000

Using SPARSE 1.3 as Direct Linear Solver
 Reference value :  5.21795e+01
No. of Data Rows : 4401
dcg                 =  1.31513e+02
f0                  =  1.52619e+03
phx                 =  -1.63793e+02
f180                =  3.95582e+06
gmx                 =  -5.30849e+01
 meas ac f0r when tdb=0 rise=1 failed!

tres                =  -8.20230e-01 at=  1.60325e+03
ROW iload_a=0 ceff_f=1e-06 esr_ohm=0.001 vout_v=1.79935 dcgain_db=131.513 f0_hz=1526.19 phase_at_f0_deg=-163.793 f180_hz=3.95582E+06 gain_at_f180_db=-53.0849 f0_rising_hz= resurgence_db=-0.820229
Doing analysis at TEMP = 27.000000 and TNOM = 27.000000

Using SPARSE 1.3 as Direct Linear Solver

No. of Data Rows : 1
Doing analysis at TEMP = 27.000000 and TNOM = 27.000000

Using SPARSE 1.3 as Direct Linear Solver
 Reference value :  1.00000e-02
No. of Data Rows : 4401
Doing analysis at TEMP = 27.000000 and TNOM = 27.000000

Using SPARSE 1.3 as Direct Linear Solver
 Reference value :  1.00000e-02
No. of Data Rows : 4401
dcg                 =  1.31513e+02
f0                  =  1.52619e+03
phx                 =  -1.63766e+02
f180                =  3.95275e+06
gmx                 =  -5.30812e+01
 meas ac f0r when tdb=0 rise=1 failed!

tres                =  -8.20230e-01 at=  1.60325e+03
ROW iload_a=0 ceff_f=1e-06 esr_ohm=0.05 vout_v=1.79935 dcgain_db=131.513 f0_hz=1526.19 phase_at_f0_deg=-163.766 f180_hz=3.95275E+06 gain_at_f180_db=-53.0812 f0_rising_hz= resurgence_db=-0.82023
Doing analysis at TEMP = 27.000000 and TNOM = 27.000000

Using SPARSE 1.3 as Direct Linear Solver
 Reference value :  0.00000e+00
No. of Data Rows : 1
Doing analysis at TEMP = 27.000000 and TNOM = 27.000000

Using SPARSE 1.3 as Direct Linear Solver
 Reference value :  1.09648e+05
No. of Data Rows : 4401
Doing analysis at TEMP = 27.000000 and TNOM = 27.000000

Using SPARSE 1.3 as Direct Linear Solver
 Reference value :  7.98914e+00
No. of Data Rows : 4401
dcg                 =  1.31513e+02
f0                  =  1.52619e+03
phx                 =  -1.63684e+02
f180                =  3.94333e+06
gmx                 =  -5.30696e+01
 meas ac f0r when tdb=0 rise=1 failed!

tres                =  -8.20215e-01 at=  1.60325e+03
ROW iload_a=0 ceff_f=1e-06 esr_ohm=0.2 vout_v=1.79935 dcgain_db=131.513 f0_hz=1526.19 phase_at_f0_deg=-163.684 f180_hz=3.94333E+06 gain_at_f180_db=-53.0696 f0_rising_hz= resurgence_db=-0.820215
Doing analysis at TEMP = 27.000000 and TNOM = 27.000000

Using SPARSE 1.3 as Direct Linear Solver
 Reference value :  0.00000e+00
No. of Data Rows : 1
Doing analysis at TEMP = 27.000000 and TNOM = 27.000000

Using SPARSE 1.3 as Direct Linear Solver
 Reference value :  1.19536e+05
No. of Data Rows : 4401
Doing analysis at TEMP = 27.000000 and TNOM = 27.000000

Using SPARSE 1.3 as Direct Linear Solver
 Reference value :  1.09018e+02
No. of Data Rows : 4401
dcg                 =  1.31513e+02
f0                  =  1.52620e+03
phx                 =  -1.63519e+02
f180                =  3.92438e+06
gmx                 =  -5.30458e+01
 meas ac f0r when tdb=0 rise=1 failed!

tres                =  -8.20127e-01 at=  1.60325e+03
ROW iload_a=0 ceff_f=1e-06 esr_ohm=0.5 vout_v=1.79935 dcgain_db=131.513 f0_hz=1526.2 phase_at_f0_deg=-163.519 f180_hz=3.92438E+06 gain_at_f180_db=-53.0459 f0_rising_hz= resurgence_db=-0.820127
Doing analysis at TEMP = 27.000000 and TNOM = 27.000000

Using SPARSE 1.3 as Direct Linear Solver

No. of Data Rows : 1
Doing analysis at TEMP = 27.000000 and TNOM = 27.000000

Using SPARSE 1.3 as Direct Linear Solver
 Reference value :  1.00000e-02
No. of Data Rows : 4401
Doing analysis at TEMP = 27.000000 and TNOM = 27.000000

Using SPARSE 1.3 as Direct Linear Solver
 Reference value :  1.00000e-02
No. of Data Rows : 4401
dcg                 =  1.31359e+02
f0                  =  6.92624e+02
phx                 =  -1.72320e+02
f180                =  3.95674e+06
gmx                 =  -5.30798e+01
 meas ac f0r when tdb=0 rise=1 failed!

tres                =  -8.72086e-01 at=  7.28618e+02
ROW iload_a=0 ceff_f=4.7e-06 esr_ohm=0.001 vout_v=1.79935 dcgain_db=131.359 f0_hz=692.624 phase_at_f0_deg=-172.32 f180_hz=3.95674E+06 gain_at_f180_db=-53.0798 f0_rising_hz= resurgence_db=-0.872086
Doing analysis at TEMP = 27.000000 and TNOM = 27.000000

Using SPARSE 1.3 as Direct Linear Solver
 Reference value :  0.00000e+00
No. of Data Rows : 1
Doing analysis at TEMP = 27.000000 and TNOM = 27.000000

Using SPARSE 1.3 as Direct Linear Solver
 Reference value :  4.78630e+05
No. of Data Rows : 4401
Doing analysis at TEMP = 27.000000 and TNOM = 27.000000

Using SPARSE 1.3 as Direct Linear Solver
 Reference value :  1.76807e+02
No. of Data Rows : 4401
dcg                 =  1.31359e+02
f0                  =  6.92624e+02
phx                 =  -1.72263e+02
f180                =  3.95368e+06
gmx                 =  -5.30761e+01
 meas ac f0r when tdb=0 rise=1 failed!

tres                =  -8.72082e-01 at=  7.28618e+02
ROW iload_a=0 ceff_f=4.7e-06 esr_ohm=0.05 vout_v=1.79935 dcgain_db=131.359 f0_hz=692.624 phase_at_f0_deg=-172.263 f180_hz=3.95368E+06 gain_at_f180_db=-53.0761 f0_rising_hz= resurgence_db=-0.872082
Doing analysis at TEMP = 27.000000 and TNOM = 27.000000

Using SPARSE 1.3 as Direct Linear Solver

No. of Data Rows : 1
Doing analysis at TEMP = 27.000000 and TNOM = 27.000000

Using SPARSE 1.3 as Direct Linear Solver
 Reference value :  1.00000e-02
No. of Data Rows : 4401
Doing analysis at TEMP = 27.000000 and TNOM = 27.000000

Using SPARSE 1.3 as Direct Linear Solver
 Reference value :  1.00000e-02
No. of Data Rows : 4401
dcg                 =  1.31359e+02
f0                  =  6.92627e+02
phx                 =  -1.72087e+02
f180                =  3.94428e+06
gmx                 =  -5.30645e+01
 meas ac f0r when tdb=0 rise=1 failed!

tres                =  -8.72009e-01 at=  7.28618e+02
ROW iload_a=0 ceff_f=4.7e-06 esr_ohm=0.2 vout_v=1.79935 dcgain_db=131.359 f0_hz=692.627 phase_at_f0_deg=-172.087 f180_hz=3.94428E+06 gain_at_f180_db=-53.0645 f0_rising_hz= resurgence_db=-0.872009
Doing analysis at TEMP = 27.000000 and TNOM = 27.000000

Using SPARSE 1.3 as Direct Linear Solver
 Reference value :  0.00000e+00
No. of Data Rows : 1
Doing analysis at TEMP = 27.000000 and TNOM = 27.000000

Using SPARSE 1.3 as Direct Linear Solver
 Reference value :  4.05042e+05
No. of Data Rows : 4401
Doing analysis at TEMP = 27.000000 and TNOM = 27.000000

Using SPARSE 1.3 as Direct Linear Solver
 Reference value :  6.79986e+01
No. of Data Rows : 4401
dcg                 =  1.31359e+02
f0                  =  6.92642e+02
phx                 =  -1.71736e+02
f180                =  3.92536e+06
gmx                 =  -5.30407e+01
 meas ac f0r when tdb=0 rise=1 failed!

tres                =  -8.71591e-01 at=  7.28618e+02
ROW iload_a=0 ceff_f=4.7e-06 esr_ohm=0.5 vout_v=1.79935 dcgain_db=131.359 f0_hz=692.642 phase_at_f0_deg=-171.736 f180_hz=3.92536E+06 gain_at_f180_db=-53.0407 f0_rising_hz= resurgence_db=-0.871591
Doing analysis at TEMP = 27.000000 and TNOM = 27.000000

Using SPARSE 1.3 as Direct Linear Solver
 Reference value :  0.00000e+00
No. of Data Rows : 1
Doing analysis at TEMP = 27.000000 and TNOM = 27.000000

Using SPARSE 1.3 as Direct Linear Solver
 Reference value :  8.56052e+01
No. of Data Rows : 4401
Doing analysis at TEMP = 27.000000 and TNOM = 27.000000

Using SPARSE 1.3 as Direct Linear Solver
 Reference value :  1.00000e-02
No. of Data Rows : 4401
dcg                 =  1.43339e+02
f0                  =  9.44623e+04
phx                 =  -1.22847e+02
f180                =  4.51684e+05
gmx                 =  -2.17108e+01
 meas ac f0r when tdb=0 rise=1 failed!

tres                =  -5.33285e-01 at=  9.94260e+04
ROW iload_a=0.0001 ceff_f=3.3e-07 esr_ohm=0.001 vout_v=1.79935 dcgain_db=143.339 f0_hz=94462.3 phase_at_f0_deg=-122.847 f180_hz=451684 gain_at_f180_db=-21.7108 f0_rising_hz= resurgence_db=-0.533285
Doing analysis at TEMP = 27.000000 and TNOM = 27.000000

Using SPARSE 1.3 as Direct Linear Solver
 Reference value :  0.00000e+00
No. of Data Rows : 1
Doing analysis at TEMP = 27.000000 and TNOM = 27.000000

Using SPARSE 1.3 as Direct Linear Solver
 Reference value :  1.76807e+01
No. of Data Rows : 4401
Doing analysis at TEMP = 27.000000 and TNOM = 27.000000

Using SPARSE 1.3 as Direct Linear Solver
 Reference value :  1.00000e-02
No. of Data Rows : 4401
dcg                 =  1.43339e+02
f0                  =  9.44660e+04
phx                 =  -1.22299e+02
f180                =  4.87089e+05
gmx                 =  -2.29635e+01
 meas ac f0r when tdb=0 rise=1 failed!

tres                =  -5.32834e-01 at=  9.94260e+04
ROW iload_a=0.0001 ceff_f=3.3e-07 esr_ohm=0.05 vout_v=1.79935 dcgain_db=143.339 f0_hz=94466 phase_at_f0_deg=-122.299 f180_hz=487090 gain_at_f180_db=-22.9635 f0_rising_hz= resurgence_db=-0.532834
Doing analysis at TEMP = 27.000000 and TNOM = 27.000000

Using SPARSE 1.3 as Direct Linear Solver
 Reference value :  0.00000e+00
No. of Data Rows : 1
Doing analysis at TEMP = 27.000000 and TNOM = 27.000000

Using SPARSE 1.3 as Direct Linear Solver
 Reference value :  3.16228e+02
No. of Data Rows : 4401
Doing analysis at TEMP = 27.000000 and TNOM = 27.000000

Using SPARSE 1.3 as Direct Linear Solver
 Reference value :  1.00000e-02
No. of Data Rows : 4401
dcg                 =  1.43339e+02
f0                  =  9.45231e+04
phx                 =  -1.20634e+02
f180                =  6.77778e+05
gmx                 =  -2.83013e+01
 meas ac f0r when tdb=0 rise=1 failed!

tres                =  -5.25952e-01 at=  9.94260e+04
ROW iload_a=0.0001 ceff_f=3.3e-07 esr_ohm=0.2 vout_v=1.79935 dcgain_db=143.339 f0_hz=94523.1 phase_at_f0_deg=-120.634 f180_hz=677778 gain_at_f180_db=-28.3013 f0_rising_hz= resurgence_db=-0.525952
Doing analysis at TEMP = 27.000000 and TNOM = 27.000000

Using SPARSE 1.3 as Direct Linear Solver
 Reference value :  0.00000e+00
No. of Data Rows : 1
Doing analysis at TEMP = 27.000000 and TNOM = 27.000000

Using SPARSE 1.3 as Direct Linear Solver
 Reference value :  2.52639e+02
No. of Data Rows : 4401
Doing analysis at TEMP = 27.000000 and TNOM = 27.000000

Using SPARSE 1.3 as Direct Linear Solver
 Reference value :  1.00000e-02
No. of Data Rows : 4401
dcg                 =  1.43339e+02
f0                  =  9.48450e+04
phx                 =  -1.17366e+02
f180                =  1.63439e+06
gmx                 =  -3.86614e+01
 meas ac f0r when tdb=0 rise=1 failed!

tres                =  -5.47658e-01 at=  1.00000e+05
ROW iload_a=0.0001 ceff_f=3.3e-07 esr_ohm=0.5 vout_v=1.79935 dcgain_db=143.339 f0_hz=94845 phase_at_f0_deg=-117.366 f180_hz=1.63438E+06 gain_at_f180_db=-38.6615 f0_rising_hz= resurgence_db=-0.547658
Doing analysis at TEMP = 27.000000 and TNOM = 27.000000

Using SPARSE 1.3 as Direct Linear Solver
 Reference value :  0.00000e+00
No. of Data Rows : 1
Doing analysis at TEMP = 27.000000 and TNOM = 27.000000

Using SPARSE 1.3 as Direct Linear Solver
 Reference value :  1.36458e+02
No. of Data Rows : 4401
Doing analysis at TEMP = 27.000000 and TNOM = 27.000000

Using SPARSE 1.3 as Direct Linear Solver
 Reference value :  1.00000e-02
No. of Data Rows : 4401
dcg                 =  1.43339e+02
f0                  =  3.11212e+04
phx                 =  -1.06744e+02
f180                =  4.60849e+05
gmx                 =  -3.16662e+01
 meas ac f0r when tdb=0 rise=1 failed!

tres                =  -4.08594e-01 at=  3.27341e+04
ROW iload_a=0.0001 ceff_f=1e-06 esr_ohm=0.001 vout_v=1.79935 dcgain_db=143.339 f0_hz=31121.2 phase_at_f0_deg=-106.744 f180_hz=460849 gain_at_f180_db=-31.6662 f0_rising_hz= resurgence_db=-0.408594
Doing analysis at TEMP = 27.000000 and TNOM = 27.000000

Using SPARSE 1.3 as Direct Linear Solver
 Reference value :  0.00000e+00
No. of Data Rows : 1
Doing analysis at TEMP = 27.000000 and TNOM = 27.000000

Using SPARSE 1.3 as Direct Linear Solver
 Reference value :  8.08165e+01
No. of Data Rows : 4401
Doing analysis at TEMP = 27.000000 and TNOM = 27.000000

Using SPARSE 1.3 as Direct Linear Solver
 Reference value :  1.00000e-02
No. of Data Rows : 4401
dcg                 =  1.43339e+02
f0                  =  3.11228e+04
phx                 =  -1.06195e+02
f180                =  6.29513e+05
gmx                 =  -3.67670e+01
 meas ac f0r when tdb=0 rise=1 failed!

tres                =  -4.08150e-01 at=  3.27341e+04
ROW iload_a=0.0001 ceff_f=1e-06 esr_ohm=0.05 vout_v=1.79935 dcgain_db=143.339 f0_hz=31122.8 phase_at_f0_deg=-106.195 f180_hz=629513 gain_at_f180_db=-36.767 f0_rising_hz= resurgence_db=-0.40815
Doing analysis at TEMP = 27.000000 and TNOM = 27.000000

Using SPARSE 1.3 as Direct Linear Solver
 Reference value :  0.00000e+00
No. of Data Rows : 1
Doing analysis at TEMP = 27.000000 and TNOM = 27.000000

Using SPARSE 1.3 as Direct Linear Solver
 Reference value :  1.68850e+02
No. of Data Rows : 4401
Doing analysis at TEMP = 27.000000 and TNOM = 27.000000

Using SPARSE 1.3 as Direct Linear Solver
 Reference value :  1.00000e-02
No. of Data Rows : 4401
dcg                 =  1.43339e+02
f0                  =  3.11466e+04
phx                 =  -1.04512e+02
f180                =  2.30671e+06
gmx                 =  -4.86324e+01
 meas ac f0r when tdb=0 rise=1 failed!

tres                =  -4.01313e-01 at=  3.27341e+04
ROW iload_a=0.0001 ceff_f=1e-06 esr_ohm=0.2 vout_v=1.79935 dcgain_db=143.339 f0_hz=31146.5 phase_at_f0_deg=-104.511 f180_hz=2.30671E+06 gain_at_f180_db=-48.6324 f0_rising_hz= resurgence_db=-0.401314
Doing analysis at TEMP = 27.000000 and TNOM = 27.000000

Using SPARSE 1.3 as Direct Linear Solver
 Reference value :  0.00000e+00
No. of Data Rows : 1
Doing analysis at TEMP = 27.000000 and TNOM = 27.000000

Using SPARSE 1.3 as Direct Linear Solver
 Reference value :  1.86209e+02
No. of Data Rows : 4401
Doing analysis at TEMP = 27.000000 and TNOM = 27.000000

Using SPARSE 1.3 as Direct Linear Solver
 Reference value :  1.00000e-02
No. of Data Rows : 4401
dcg                 =  1.43339e+02
f0                  =  3.12812e+04
phx                 =  -1.01127e+02
f180                =  2.26745e+06
gmx                 =  -4.30022e+01
 meas ac f0r when tdb=0 rise=1 failed!

tres                =  -4.08950e-01 at=  3.29230e+04
ROW iload_a=0.0001 ceff_f=1e-06 esr_ohm=0.5 vout_v=1.79935 dcgain_db=143.339 f0_hz=31281.2 phase_at_f0_deg=-101.127 f180_hz=2.26745E+06 gain_at_f180_db=-43.0022 f0_rising_hz= resurgence_db=-0.40895
Doing analysis at TEMP = 27.000000 and TNOM = 27.000000

Using SPARSE 1.3 as Direct Linear Solver
 Reference value :  0.00000e+00
No. of Data Rows : 1
Doing analysis at TEMP = 27.000000 and TNOM = 27.000000

Using SPARSE 1.3 as Direct Linear Solver
 Reference value :  2.15030e+02
No. of Data Rows : 4401
Doing analysis at TEMP = 27.000000 and TNOM = 27.000000

Using SPARSE 1.3 as Direct Linear Solver
 Reference value :  1.00000e-02
No. of Data Rows : 4401
dcg                 =  1.43339e+02
f0                  =  8.02212e+03
phx                 =  -1.32701e+02
f180                =  5.66764e+05
gmx                 =  -4.84957e+01
 meas ac f0r when tdb=0 rise=1 failed!

tres                =  -6.64621e-01 at=  8.46253e+03
ROW iload_a=0.0001 ceff_f=4.7e-06 esr_ohm=0.001 vout_v=1.79935 dcgain_db=143.339 f0_hz=8022.12 phase_at_f0_deg=-132.702 f180_hz=566764 gain_at_f180_db=-48.4958 f0_rising_hz= resurgence_db=-0.664621
Doing analysis at TEMP = 27.000000 and TNOM = 27.000000

Using SPARSE 1.3 as Direct Linear Solver
 Reference value :  0.00000e+00
No. of Data Rows : 1
Doing analysis at TEMP = 27.000000 and TNOM = 27.000000

Using SPARSE 1.3 as Direct Linear Solver
 Reference value :  1.25893e+03
No. of Data Rows : 4401
Doing analysis at TEMP = 27.000000 and TNOM = 27.000000

Using SPARSE 1.3 as Direct Linear Solver
 Reference value :  1.00000e-02
No. of Data Rows : 4401
dcg                 =  1.43339e+02
f0                  =  8.02250e+03
phx                 =  -1.32035e+02
f180                =  3.24361e+06
gmx                 =  -5.33259e+01
 meas ac f0r when tdb=0 rise=1 failed!

tres                =  -6.63959e-01 at=  8.46253e+03
ROW iload_a=0.0001 ceff_f=4.7e-06 esr_ohm=0.05 vout_v=1.79935 dcgain_db=143.339 f0_hz=8022.5 phase_at_f0_deg=-132.035 f180_hz=3.24361E+06 gain_at_f180_db=-53.3259 f0_rising_hz= resurgence_db=-0.663959
Doing analysis at TEMP = 27.000000 and TNOM = 27.000000

Using SPARSE 1.3 as Direct Linear Solver
 Reference value :  0.00000e+00
No. of Data Rows : 1
Doing analysis at TEMP = 27.000000 and TNOM = 27.000000

Using SPARSE 1.3 as Direct Linear Solver
 Reference value :  3.07256e+04
No. of Data Rows : 4401
Doing analysis at TEMP = 27.000000 and TNOM = 27.000000

Using SPARSE 1.3 as Direct Linear Solver
 Reference value :  7.85236e-01
No. of Data Rows : 4401
dcg                 =  1.43339e+02
f0                  =  8.02830e+03
phx                 =  -1.29978e+02
f180                =  2.73421e+06
gmx                 =  -4.96673e+01
 meas ac f0r when tdb=0 rise=1 failed!

tres                =  -6.53850e-01 at=  8.46253e+03
ROW iload_a=0.0001 ceff_f=4.7e-06 esr_ohm=0.2 vout_v=1.79935 dcgain_db=143.339 f0_hz=8028.3 phase_at_f0_deg=-129.978 f180_hz=2.73421E+06 gain_at_f180_db=-49.6673 f0_rising_hz= resurgence_db=-0.65385
Doing analysis at TEMP = 27.000000 and TNOM = 27.000000

Using SPARSE 1.3 as Direct Linear Solver
 Reference value :  0.00000e+00
No. of Data Rows : 1
Doing analysis at TEMP = 27.000000 and TNOM = 27.000000

Using SPARSE 1.3 as Direct Linear Solver
 Reference value :  1.18168e+02
No. of Data Rows : 4401
Doing analysis at TEMP = 27.000000 and TNOM = 27.000000

Using SPARSE 1.3 as Direct Linear Solver
 Reference value :  1.00000e-02
No. of Data Rows : 4401
dcg                 =  1.43339e+02
f0                  =  8.06118e+03
phx                 =  -1.25788e+02
f180                =  2.44616e+06
gmx                 =  -4.38124e+01
 meas ac f0r when tdb=0 rise=1 failed!

tres                =  -6.67509e-01 at=  8.51138e+03
ROW iload_a=0.0001 ceff_f=4.7e-06 esr_ohm=0.5 vout_v=1.79935 dcgain_db=143.339 f0_hz=8061.18 phase_at_f0_deg=-125.788 f180_hz=2.44616E+06 gain_at_f180_db=-43.8124 f0_rising_hz= resurgence_db=-0.667509
Doing analysis at TEMP = 27.000000 and TNOM = 27.000000

Using SPARSE 1.3 as Direct Linear Solver
 Reference value :  0.00000e+00
No. of Data Rows : 1
Doing analysis at TEMP = 27.000000 and TNOM = 27.000000

Using SPARSE 1.3 as Direct Linear Solver
 Reference value :  7.67361e+01
No. of Data Rows : 4401
Doing analysis at TEMP = 27.000000 and TNOM = 27.000000

Using SPARSE 1.3 as Direct Linear Solver
 Reference value :  1.00000e-02
No. of Data Rows : 4401
dcg                 =  1.43739e+02
f0                  =  2.59694e+05
phx                 =  -1.31047e+02
f180                =  7.00307e+05
gmx                 =  -1.23934e+01
 meas ac f0r when tdb=0 rise=1 failed!

tres                =  -5.52269e-01 at=  2.73842e+05
ROW iload_a=0.001 ceff_f=3.3e-07 esr_ohm=0.001 vout_v=1.79935 dcgain_db=143.739 f0_hz=259694 phase_at_f0_deg=-131.047 f180_hz=700307 gain_at_f180_db=-12.3934 f0_rising_hz= resurgence_db=-0.552269
Doing analysis at TEMP = 27.000000 and TNOM = 27.000000

Using SPARSE 1.3 as Direct Linear Solver
 Reference value :  0.00000e+00
No. of Data Rows : 1
Doing analysis at TEMP = 27.000000 and TNOM = 27.000000

Using SPARSE 1.3 as Direct Linear Solver
 Reference value :  3.84592e+02
No. of Data Rows : 4401
Doing analysis at TEMP = 27.000000 and TNOM = 27.000000

Using SPARSE 1.3 as Direct Linear Solver
 Reference value :  1.00000e-02
No. of Data Rows : 4401
dcg                 =  1.43739e+02
f0                  =  2.65490e+05
phx                 =  -1.28229e+02
f180                =  7.66757e+05
gmx                 =  -1.31617e+01
 meas ac f0r when tdb=0 rise=1 failed!

tres                =  -5.49507e-01 at=  2.80221e+05
ROW iload_a=0.001 ceff_f=3.3e-07 esr_ohm=0.05 vout_v=1.79935 dcgain_db=143.739 f0_hz=265490 phase_at_f0_deg=-128.23 f180_hz=766757 gain_at_f180_db=-13.1617 f0_rising_hz= resurgence_db=-0.549507
Doing analysis at TEMP = 27.000000 and TNOM = 27.000000

Using SPARSE 1.3 as Direct Linear Solver
 Reference value :  0.00000e+00
No. of Data Rows : 1
Doing analysis at TEMP = 27.000000 and TNOM = 27.000000

Using SPARSE 1.3 as Direct Linear Solver
 Reference value :  3.31131e+02
No. of Data Rows : 4401
Doing analysis at TEMP = 27.000000 and TNOM = 27.000000

Using SPARSE 1.3 as Direct Linear Solver
 Reference value :  1.00000e-02
No. of Data Rows : 4401
dcg                 =  1.43739e+02
f0                  =  2.66788e+05
phx                 =  -1.23660e+02
f180                =  9.78243e+05
gmx                 =  -1.65578e+01
 meas ac f0r when tdb=0 rise=1 failed!

tres                =  -4.95090e-01 at=  2.80221e+05
ROW iload_a=0.001 ceff_f=3.3e-07 esr_ohm=0.2 vout_v=1.79935 dcgain_db=143.739 f0_hz=266788 phase_at_f0_deg=-123.66 f180_hz=978243 gain_at_f180_db=-16.5578 f0_rising_hz= resurgence_db=-0.49509
Doing analysis at TEMP = 27.000000 and TNOM = 27.000000

Using SPARSE 1.3 as Direct Linear Solver
 Reference value :  0.00000e+00
No. of Data Rows : 1
Doing analysis at TEMP = 27.000000 and TNOM = 27.000000

Using SPARSE 1.3 as Direct Linear Solver
 Reference value :  9.60506e+01
No. of Data Rows : 4401
Doing analysis at TEMP = 27.000000 and TNOM = 27.000000

Using SPARSE 1.3 as Direct Linear Solver
 Reference value :  1.00000e-02
No. of Data Rows : 4401
dcg                 =  1.43739e+02
f0                  =  2.67879e+05
phx                 =  -1.16642e+02
f180                =  1.52231e+06
gmx                 =  -2.09245e+01
 meas ac f0r when tdb=0 rise=1 failed!

tres                =  -5.00561e-01 at=  2.81838e+05
ROW iload_a=0.001 ceff_f=3.3e-07 esr_ohm=0.5 vout_v=1.79935 dcgain_db=143.739 f0_hz=267878 phase_at_f0_deg=-116.642 f180_hz=1.52231E+06 gain_at_f180_db=-20.9245 f0_rising_hz= resurgence_db=-0.500561
Doing analysis at TEMP = 27.000000 and TNOM = 27.000000

Using SPARSE 1.3 as Direct Linear Solver
 Reference value :  0.00000e+00
No. of Data Rows : 1
Doing analysis at TEMP = 27.000000 and TNOM = 27.000000

Using SPARSE 1.3 as Direct Linear Solver
 Reference value :  5.09918e+02
No. of Data Rows : 4401
Doing analysis at TEMP = 27.000000 and TNOM = 27.000000

Using SPARSE 1.3 as Direct Linear Solver
 Reference value :  1.00000e-02
No. of Data Rows : 4401
dcg                 =  1.43739e+02
f0                  =  9.15748e+04
phx                 =  -1.10532e+02
f180                =  7.05637e+05
gmx                 =  -2.21312e+01
 meas ac f0r when tdb=0 rise=1 failed!

tres                =  -4.57639e-01 at=  9.66051e+04
ROW iload_a=0.001 ceff_f=1e-06 esr_ohm=0.001 vout_v=1.79935 dcgain_db=143.739 f0_hz=91574.8 phase_at_f0_deg=-110.532 f180_hz=705638 gain_at_f180_db=-22.1312 f0_rising_hz= resurgence_db=-0.457639
Doing analysis at TEMP = 27.000000 and TNOM = 27.000000

Using SPARSE 1.3 as Direct Linear Solver
 Reference value :  0.00000e+00
No. of Data Rows : 1
Doing analysis at TEMP = 27.000000 and TNOM = 27.000000

Using SPARSE 1.3 as Direct Linear Solver
 Reference value :  9.27897e+01
No. of Data Rows : 4401
Doing analysis at TEMP = 27.000000 and TNOM = 27.000000

Using SPARSE 1.3 as Direct Linear Solver
 Reference value :  1.00000e-02
No. of Data Rows : 4401
dcg                 =  1.43739e+02
f0                  =  9.23637e+04
phx                 =  -1.08008e+02
f180                =  9.07574e+05
gmx                 =  -2.51900e+01
 meas ac f0r when tdb=0 rise=1 failed!

tres                =  -4.30440e-01 at=  9.71628e+04
ROW iload_a=0.001 ceff_f=1e-06 esr_ohm=0.05 vout_v=1.79935 dcgain_db=143.739 f0_hz=92363.7 phase_at_f0_deg=-108.008 f180_hz=907574 gain_at_f180_db=-25.19 f0_rising_hz= resurgence_db=-0.43044
Doing analysis at TEMP = 27.000000 and TNOM = 27.000000

Using SPARSE 1.3 as Direct Linear Solver
 Reference value :  0.00000e+00
No. of Data Rows : 1
Doing analysis at TEMP = 27.000000 and TNOM = 27.000000

Using SPARSE 1.3 as Direct Linear Solver
 Reference value :  1.25893e+02
No. of Data Rows : 4401
Doing analysis at TEMP = 27.000000 and TNOM = 27.000000

Using SPARSE 1.3 as Direct Linear Solver
 Reference value :  1.00000e-02
No. of Data Rows : 4401
dcg                 =  1.43739e+02
f0                  =  9.29626e+04
phx                 =  -1.03042e+02
f180                =  1.66754e+06
gmx                 =  -2.99438e+01
 meas ac f0r when tdb=0 rise=1 failed!

tres                =  -4.18893e-01 at=  9.77237e+04
ROW iload_a=0.001 ceff_f=1e-06 esr_ohm=0.2 vout_v=1.79935 dcgain_db=143.739 f0_hz=92962.6 phase_at_f0_deg=-103.042 f180_hz=1.66754E+06 gain_at_f180_db=-29.9438 f0_rising_hz= resurgence_db=-0.418893
Doing analysis at TEMP = 27.000000 and TNOM = 27.000000

Using SPARSE 1.3 as Direct Linear Solver
 Reference value :  0.00000e+00
No. of Data Rows : 1
Doing analysis at TEMP = 27.000000 and TNOM = 27.000000

Using SPARSE 1.3 as Direct Linear Solver
 Reference value :  1.65959e+02
No. of Data Rows : 4401
Doing analysis at TEMP = 27.000000 and TNOM = 27.000000

Using SPARSE 1.3 as Direct Linear Solver
 Reference value :  1.00000e-02
No. of Data Rows : 4401
dcg                 =  1.43739e+02
f0                  =  9.56727e+04
phx                 =  -9.41186e+01
f180                =  1.98908e+06
gmx                 =  -2.58899e+01
 meas ac f0r when tdb=0 rise=1 failed!

tres                =  -3.91830e-01 at=  1.00577e+05
ROW iload_a=0.001 ceff_f=1e-06 esr_ohm=0.5 vout_v=1.79935 dcgain_db=143.739 f0_hz=95672.7 phase_at_f0_deg=-94.1186 f180_hz=1.98908E+06 gain_at_f180_db=-25.8899 f0_rising_hz= resurgence_db=-0.39183
Doing analysis at TEMP = 27.000000 and TNOM = 27.000000

Using SPARSE 1.3 as Direct Linear Solver
 Reference value :  0.00000e+00
No. of Data Rows : 1
Doing analysis at TEMP = 27.000000 and TNOM = 27.000000

Using SPARSE 1.3 as Direct Linear Solver
 Reference value :  4.31519e+03
No. of Data Rows : 4401
Doing analysis at TEMP = 27.000000 and TNOM = 27.000000

Using SPARSE 1.3 as Direct Linear Solver
 Reference value :  1.38835e-01
No. of Data Rows : 4401
dcg                 =  1.43739e+02
f0                  =  2.21539e+04
phx                 =  -1.30930e+02
f180                =  7.39799e+05
gmx                 =  -3.62578e+01
 meas ac f0r when tdb=0 rise=1 failed!

tres                =  -6.08944e-01 at=  2.33077e+04
ROW iload_a=0.001 ceff_f=4.7e-06 esr_ohm=0.001 vout_v=1.79935 dcgain_db=143.739 f0_hz=22153.9 phase_at_f0_deg=-130.93 f180_hz=739799 gain_at_f180_db=-36.2578 f0_rising_hz= resurgence_db=-0.608944
Doing analysis at TEMP = 27.000000 and TNOM = 27.000000

Using SPARSE 1.3 as Direct Linear Solver
 Reference value :  0.00000e+00
No. of Data Rows : 1
Doing analysis at TEMP = 27.000000 and TNOM = 27.000000

Using SPARSE 1.3 as Direct Linear Solver
 Reference value :  1.11558e+02
No. of Data Rows : 4401
Doing analysis at TEMP = 27.000000 and TNOM = 27.000000

Using SPARSE 1.3 as Direct Linear Solver
 Reference value :  1.00000e-02
No. of Data Rows : 4401
dcg                 =  1.43739e+02
f0                  =  2.22064e+04
phx                 =  -1.28648e+02
f180                =  1.92251e+06
gmx                 =  -4.30524e+01
 meas ac f0r when tdb=0 rise=1 failed!

tres                =  -6.46449e-01 at=  2.34423e+04
ROW iload_a=0.001 ceff_f=4.7e-06 esr_ohm=0.05 vout_v=1.79935 dcgain_db=143.739 f0_hz=22206.4 phase_at_f0_deg=-128.648 f180_hz=1.92252E+06 gain_at_f180_db=-43.0524 f0_rising_hz= resurgence_db=-0.646449
Doing analysis at TEMP = 27.000000 and TNOM = 27.000000

Using SPARSE 1.3 as Direct Linear Solver
 Reference value :  0.00000e+00
No. of Data Rows : 1
Doing analysis at TEMP = 27.000000 and TNOM = 27.000000

Using SPARSE 1.3 as Direct Linear Solver
 Reference value :  2.61517e+02
No. of Data Rows : 4401
Doing analysis at TEMP = 27.000000 and TNOM = 27.000000

Using SPARSE 1.3 as Direct Linear Solver
 Reference value :  1.00000e-02
No. of Data Rows : 4401
dcg                 =  1.43739e+02
f0                  =  2.23353e+04
phx                 =  -1.22837e+02
f180                =  2.12469e+06
gmx                 =  -3.41491e+01
 meas ac f0r when tdb=0 rise=1 failed!

tres                =  -6.36412e-01 at=  2.35776e+04
ROW iload_a=0.001 ceff_f=4.7e-06 esr_ohm=0.2 vout_v=1.79935 dcgain_db=143.739 f0_hz=22335.3 phase_at_f0_deg=-122.837 f180_hz=2.12469E+06 gain_at_f180_db=-34.1491 f0_rising_hz= resurgence_db=-0.636412
Doing analysis at TEMP = 27.000000 and TNOM = 27.000000

Using SPARSE 1.3 as Direct Linear Solver
 Reference value :  0.00000e+00
No. of Data Rows : 1
Doing analysis at TEMP = 27.000000 and TNOM = 27.000000

Using SPARSE 1.3 as Direct Linear Solver
 Reference value :  1.62181e+02
No. of Data Rows : 4401
Doing analysis at TEMP = 27.000000 and TNOM = 27.000000

Using SPARSE 1.3 as Direct Linear Solver
 Reference value :  1.00000e-02
No. of Data Rows : 4401
dcg                 =  1.43739e+02
f0                  =  2.30458e+04
phx                 =  -1.11000e+02
f180                =  2.15564e+06
gmx                 =  -2.72142e+01
 meas ac f0r when tdb=0 rise=1 failed!

tres                =  -5.58806e-01 at=  2.42661e+04
ROW iload_a=0.001 ceff_f=4.7e-06 esr_ohm=0.5 vout_v=1.79935 dcgain_db=143.739 f0_hz=23045.8 phase_at_f0_deg=-111 f180_hz=2.15564E+06 gain_at_f180_db=-27.2142 f0_rising_hz= resurgence_db=-0.558806
Doing analysis at TEMP = 27.000000 and TNOM = 27.000000

Using SPARSE 1.3 as Direct Linear Solver
 Reference value :  0.00000e+00
No. of Data Rows : 1
Doing analysis at TEMP = 27.000000 and TNOM = 27.000000

Using SPARSE 1.3 as Direct Linear Solver
 Reference value :  2.13796e+00
No. of Data Rows : 4401
Doing analysis at TEMP = 27.000000 and TNOM = 27.000000

Using SPARSE 1.3 as Direct Linear Solver
 Reference value :  1.00000e-02
No. of Data Rows : 4401
dcg                 =  1.42227e+02
f0                  =  5.03702e+05
phx                 =  -1.51300e+02
f180                =  8.05000e+05
gmx                 =  -5.97303e+00
 meas ac f0r when tdb=0 rise=1 failed!

tres                =  -6.02571e-01 at=  5.30884e+05
ROW iload_a=0.01 ceff_f=3.3e-07 esr_ohm=0.001 vout_v=1.79935 dcgain_db=142.227 f0_hz=503702 phase_at_f0_deg=-151.3 f180_hz=805000 gain_at_f180_db=-5.97303 f0_rising_hz= resurgence_db=-0.602571
Doing analysis at TEMP = 27.000000 and TNOM = 27.000000

Using SPARSE 1.3 as Direct Linear Solver
 Reference value :  0.00000e+00
No. of Data Rows : 1
Doing analysis at TEMP = 27.000000 and TNOM = 27.000000

Using SPARSE 1.3 as Direct Linear Solver
 Reference value :  1.04713e+01
No. of Data Rows : 4401
Doing analysis at TEMP = 27.000000 and TNOM = 27.000000

Using SPARSE 1.3 as Direct Linear Solver
 Reference value :  1.00000e-02
No. of Data Rows : 4401
dcg                 =  1.42227e+02
f0                  =  5.04216e+05
phx                 =  -1.48422e+02
f180                =  8.61708e+05
gmx                 =  -6.94363e+00
 meas ac f0r when tdb=0 rise=1 failed!

tres                =  -5.89674e-01 at=  5.30884e+05
ROW iload_a=0.01 ceff_f=3.3e-07 esr_ohm=0.05 vout_v=1.79935 dcgain_db=142.227 f0_hz=504216 phase_at_f0_deg=-148.422 f180_hz=861708 gain_at_f180_db=-6.94363 f0_rising_hz= resurgence_db=-0.589674
Doing analysis at TEMP = 27.000000 and TNOM = 27.000000

Using SPARSE 1.3 as Direct Linear Solver
 Reference value :  0.00000e+00
No. of Data Rows : 1
Doing analysis at TEMP = 27.000000 and TNOM = 27.000000

Using SPARSE 1.3 as Direct Linear Solver
 Reference value :  5.85464e+00
No. of Data Rows : 4401
Doing analysis at TEMP = 27.000000 and TNOM = 27.000000

Using SPARSE 1.3 as Direct Linear Solver
 Reference value :  1.00000e-02
No. of Data Rows : 4401
dcg                 =  1.42227e+02
f0                  =  5.11493e+05
phx                 =  -1.40334e+02
f180                =  1.09667e+06
gmx                 =  -1.01152e+01
 meas ac f0r when tdb=0 rise=1 failed!

tres                =  -6.08503e-01 at=  5.40132e+05
ROW iload_a=0.01 ceff_f=3.3e-07 esr_ohm=0.2 vout_v=1.79935 dcgain_db=142.227 f0_hz=511494 phase_at_f0_deg=-140.334 f180_hz=1.09667E+06 gain_at_f180_db=-10.1152 f0_rising_hz= resurgence_db=-0.608503
Doing analysis at TEMP = 27.000000 and TNOM = 27.000000

Using SPARSE 1.3 as Direct Linear Solver
 Reference value :  0.00000e+00
No. of Data Rows : 1
Doing analysis at TEMP = 27.000000 and TNOM = 27.000000

Using SPARSE 1.3 as Direct Linear Solver
 Reference value :  1.16145e+01
No. of Data Rows : 4401
Doing analysis at TEMP = 27.000000 and TNOM = 27.000000

Using SPARSE 1.3 as Direct Linear Solver
 Reference value :  1.00000e-02
No. of Data Rows : 4401
dcg                 =  1.42227e+02
f0                  =  5.61722e+05
phx                 =  -1.26946e+02
f180                =  1.63566e+06
gmx                 =  -1.29216e+01
 meas ac f0r when tdb=0 rise=1 failed!

tres                =  -5.15926e-01 at=  5.92243e+05
ROW iload_a=0.01 ceff_f=3.3e-07 esr_ohm=0.5 vout_v=1.79935 dcgain_db=142.227 f0_hz=561722 phase_at_f0_deg=-126.946 f180_hz=1.63566E+06 gain_at_f180_db=-12.9216 f0_rising_hz= resurgence_db=-0.515926
Doing analysis at TEMP = 27.000000 and TNOM = 27.000000

Using SPARSE 1.3 as Direct Linear Solver
 Reference value :  0.00000e+00
No. of Data Rows : 1
Doing analysis at TEMP = 27.000000 and TNOM = 27.000000

Using SPARSE 1.3 as Direct Linear Solver
 Reference value :  1.77828e+01
No. of Data Rows : 4401
Doing analysis at TEMP = 27.000000 and TNOM = 27.000000

Using SPARSE 1.3 as Direct Linear Solver
 Reference value :  1.00000e-02
No. of Data Rows : 4401
dcg                 =  1.42227e+02
f0                  =  1.92326e+05
phx                 =  -1.22202e+02
f180                =  8.08402e+05
gmx                 =  -1.56521e+01
 meas ac f0r when tdb=0 rise=1 failed!

tres                =  -5.04596e-01 at=  2.03002e+05
ROW iload_a=0.01 ceff_f=1e-06 esr_ohm=0.001 vout_v=1.79935 dcgain_db=142.227 f0_hz=192326 phase_at_f0_deg=-122.202 f180_hz=808402 gain_at_f180_db=-15.6521 f0_rising_hz= resurgence_db=-0.504596
Doing analysis at TEMP = 27.000000 and TNOM = 27.000000

Using SPARSE 1.3 as Direct Linear Solver
 Reference value :  0.00000e+00
No. of Data Rows : 1
Doing analysis at TEMP = 27.000000 and TNOM = 27.000000

Using SPARSE 1.3 as Direct Linear Solver
 Reference value :  1.60325e+01
No. of Data Rows : 4401
Doing analysis at TEMP = 27.000000 and TNOM = 27.000000

Using SPARSE 1.3 as Direct Linear Solver
 Reference value :  1.00000e-02
No. of Data Rows : 4401
dcg                 =  1.42227e+02
f0                  =  1.92641e+05
phx                 =  -1.18830e+02
f180                =  1.01506e+06
gmx                 =  -1.87636e+01
 meas ac f0r when tdb=0 rise=1 failed!

tres                =  -4.87529e-01 at=  2.03002e+05
ROW iload_a=0.01 ceff_f=1e-06 esr_ohm=0.05 vout_v=1.79935 dcgain_db=142.227 f0_hz=192641 phase_at_f0_deg=-118.83 f180_hz=1.01506E+06 gain_at_f180_db=-18.7636 f0_rising_hz= resurgence_db=-0.487529
Doing analysis at TEMP = 27.000000 and TNOM = 27.000000

Using SPARSE 1.3 as Direct Linear Solver
 Reference value :  0.00000e+00
No. of Data Rows : 1
Doing analysis at TEMP = 27.000000 and TNOM = 27.000000

Using SPARSE 1.3 as Direct Linear Solver
 Reference value :  5.55904e+00
No. of Data Rows : 4401
Doing analysis at TEMP = 27.000000 and TNOM = 27.000000

Using SPARSE 1.3 as Direct Linear Solver
 Reference value :  1.00000e-02
No. of Data Rows : 4401
dcg                 =  1.42227e+02
f0                  =  1.97625e+05
phx                 =  -1.08774e+02
f180                =  1.75270e+06
gmx                 =  -2.22692e+01
 meas ac f0r when tdb=0 rise=1 failed!

tres                =  -4.40240e-01 at=  2.07730e+05
ROW iload_a=0.01 ceff_f=1e-06 esr_ohm=0.2 vout_v=1.79935 dcgain_db=142.227 f0_hz=197625 phase_at_f0_deg=-108.774 f180_hz=1.7527E+06 gain_at_f180_db=-22.2692 f0_rising_hz= resurgence_db=-0.44024
Doing analysis at TEMP = 27.000000 and TNOM = 27.000000

Using SPARSE 1.3 as Direct Linear Solver
 Reference value :  0.00000e+00
No. of Data Rows : 1
Doing analysis at TEMP = 27.000000 and TNOM = 27.000000

Using SPARSE 1.3 as Direct Linear Solver
 Reference value :  3.40800e+00
No. of Data Rows : 4401
Doing analysis at TEMP = 27.000000 and TNOM = 27.000000

Using SPARSE 1.3 as Direct Linear Solver
 Reference value :  1.00000e-02
No. of Data Rows : 4401
dcg                 =  1.42227e+02
f0                  =  2.35136e+05
phx                 =  -8.90789e+01
f180                =  2.07916e+06
gmx                 =  -1.75998e+01
 meas ac f0r when tdb=0 rise=1 failed!

tres                =  -3.43625e-01 at=  2.48313e+05
ROW iload_a=0.01 ceff_f=1e-06 esr_ohm=0.5 vout_v=1.79935 dcgain_db=142.227 f0_hz=235136 phase_at_f0_deg=-89.0789 f180_hz=2.07916E+06 gain_at_f180_db=-17.5998 f0_rising_hz= resurgence_db=-0.343625
Doing analysis at TEMP = 27.000000 and TNOM = 27.000000

Using SPARSE 1.3 as Direct Linear Solver
 Reference value :  0.00000e+00
No. of Data Rows : 1
Doing analysis at TEMP = 27.000000 and TNOM = 27.000000

Using SPARSE 1.3 as Direct Linear Solver
 Reference value :  1.67880e+00
No. of Data Rows : 4401
Doing analysis at TEMP = 27.000000 and TNOM = 27.000000

Using SPARSE 1.3 as Direct Linear Solver
 Reference value :  1.00000e-02
No. of Data Rows : 4401
dcg                 =  1.42227e+02
f0                  =  4.94243e+04
phx                 =  -1.29679e+02
f180                =  8.29606e+05
gmx                 =  -2.94404e+01
 meas ac f0r when tdb=0 rise=1 failed!

tres                =  -6.13601e-01 at=  5.21795e+04
ROW iload_a=0.01 ceff_f=4.7e-06 esr_ohm=0.001 vout_v=1.79935 dcgain_db=142.227 f0_hz=49424.3 phase_at_f0_deg=-129.679 f180_hz=829606 gain_at_f180_db=-29.4404 f0_rising_hz= resurgence_db=-0.613602
Doing analysis at TEMP = 27.000000 and TNOM = 27.000000

Using SPARSE 1.3 as Direct Linear Solver
 Reference value :  0.00000e+00
No. of Data Rows : 1
Doing analysis at TEMP = 27.000000 and TNOM = 27.000000

Using SPARSE 1.3 as Direct Linear Solver
 Reference value :  1.88365e+01
No. of Data Rows : 4401
Doing analysis at TEMP = 27.000000 and TNOM = 27.000000

Using SPARSE 1.3 as Direct Linear Solver
 Reference value :  1.00000e-02
No. of Data Rows : 4401
dcg                 =  1.42227e+02
f0                  =  4.95217e+04
phx                 =  -1.25539e+02
f180                =  1.88531e+06
gmx                 =  -3.52334e+01
 meas ac f0r when tdb=0 rise=1 failed!

tres                =  -5.88545e-01 at=  5.21795e+04
ROW iload_a=0.01 ceff_f=4.7e-06 esr_ohm=0.05 vout_v=1.79935 dcgain_db=142.227 f0_hz=49521.7 phase_at_f0_deg=-125.539 f180_hz=1.88531E+06 gain_at_f180_db=-35.2334 f0_rising_hz= resurgence_db=-0.588546
Doing analysis at TEMP = 27.000000 and TNOM = 27.000000

Using SPARSE 1.3 as Direct Linear Solver
 Reference value :  0.00000e+00
No. of Data Rows : 1
Doing analysis at TEMP = 27.000000 and TNOM = 27.000000

Using SPARSE 1.3 as Direct Linear Solver
 Reference value :  3.60994e+00
No. of Data Rows : 4401
Doing analysis at TEMP = 27.000000 and TNOM = 27.000000

Using SPARSE 1.3 as Direct Linear Solver
 Reference value :  1.00000e-02
No. of Data Rows : 4401
dcg                 =  1.42227e+02
f0                  =  5.10841e+04
phx                 =  -1.12311e+02
f180                =  2.18470e+06
gmx                 =  -2.63376e+01
 meas ac f0r when tdb=0 rise=1 failed!

tres                =  -5.21968e-01 at=  5.37032e+04
ROW iload_a=0.01 ceff_f=4.7e-06 esr_ohm=0.2 vout_v=1.79935 dcgain_db=142.227 f0_hz=51084.1 phase_at_f0_deg=-112.311 f180_hz=2.18470E+06 gain_at_f180_db=-26.3376 f0_rising_hz= resurgence_db=-0.521968
Doing analysis at TEMP = 27.000000 and TNOM = 27.000000

Using SPARSE 1.3 as Direct Linear Solver
 Reference value :  0.00000e+00
No. of Data Rows : 1
Doing analysis at TEMP = 27.000000 and TNOM = 27.000000

Using SPARSE 1.3 as Direct Linear Solver
 Reference value :  1.23737e+01
No. of Data Rows : 4401
Doing analysis at TEMP = 27.000000 and TNOM = 27.000000

Using SPARSE 1.3 as Direct Linear Solver
 Reference value :  1.00000e-02
No. of Data Rows : 4401
dcg                 =  1.42227e+02
f0                  =  6.33444e+04
phx                 =  -8.19962e+01
f180                =  2.24484e+06
gmx                 =  -1.89321e+01
 meas ac f0r when tdb=0 rise=1 failed!

tres                =  -3.39300e-01 at=  6.68344e+04
ROW iload_a=0.01 ceff_f=4.7e-06 esr_ohm=0.5 vout_v=1.79935 dcgain_db=142.227 f0_hz=63344.3 phase_at_f0_deg=-81.9962 f180_hz=2.24484E+06 gain_at_f180_db=-18.9321 f0_rising_hz= resurgence_db=-0.3393
Doing analysis at TEMP = 27.000000 and TNOM = 27.000000

Using SPARSE 1.3 as Direct Linear Solver
 Reference value :  0.00000e+00
No. of Data Rows : 1
Doing analysis at TEMP = 27.000000 and TNOM = 27.000000

Using SPARSE 1.3 as Direct Linear Solver
 Reference value :  6.87860e-02
No. of Data Rows : 4401
Doing analysis at TEMP = 27.000000 and TNOM = 27.000000

Using SPARSE 1.3 as Direct Linear Solver
 Reference value :  1.00000e-02
No. of Data Rows : 4401
dcg                 =  1.40314e+02
f0                  =  6.18515e+05
phx                 =  -1.64973e+02
f180                =  7.78492e+05
gmx                 =  -3.12162e+00
 meas ac f0r when tdb=0 rise=1 failed!

tres                =  -7.04291e-01 at=  6.53131e+05
ROW iload_a=0.025 ceff_f=3.3e-07 esr_ohm=0.001 vout_v=1.79935 dcgain_db=140.314 f0_hz=618515 phase_at_f0_deg=-164.973 f180_hz=778492 gain_at_f180_db=-3.12162 f0_rising_hz= resurgence_db=-0.704291
Doing analysis at TEMP = 27.000000 and TNOM = 27.000000

Using SPARSE 1.3 as Direct Linear Solver
 Reference value :  0.00000e+00
No. of Data Rows : 1
Doing analysis at TEMP = 27.000000 and TNOM = 27.000000

Using SPARSE 1.3 as Direct Linear Solver
 Reference value :  5.18800e-02
No. of Data Rows : 4401
Doing analysis at TEMP = 27.000000 and TNOM = 27.000000

Using SPARSE 1.3 as Direct Linear Solver
 Reference value :  1.00000e-02
No. of Data Rows : 4401
dcg                 =  1.40314e+02
f0                  =  6.19351e+05
phx                 =  -1.61460e+02
f180                =  8.32652e+05
gmx                 =  -4.08152e+00
 meas ac f0r when tdb=0 rise=1 failed!

tres                =  -6.84995e-01 at=  6.53131e+05
ROW iload_a=0.025 ceff_f=3.3e-07 esr_ohm=0.05 vout_v=1.79935 dcgain_db=140.314 f0_hz=619352 phase_at_f0_deg=-161.46 f180_hz=832652 gain_at_f180_db=-4.08152 f0_rising_hz= resurgence_db=-0.684995
Doing analysis at TEMP = 27.000000 and TNOM = 27.000000

Using SPARSE 1.3 as Direct Linear Solver
 Reference value :  0.00000e+00
No. of Data Rows : 1
Doing analysis at TEMP = 27.000000 and TNOM = 27.000000

Using SPARSE 1.3 as Direct Linear Solver
 Reference value :  2.12569e-01
No. of Data Rows : 4401
Doing analysis at TEMP = 27.000000 and TNOM = 27.000000

Using SPARSE 1.3 as Direct Linear Solver
 Reference value :  1.00000e-02
No. of Data Rows : 4401
dcg                 =  1.40314e+02
f0                  =  6.32483e+05
phx                 =  -1.51734e+02
f180                =  1.05982e+06
gmx                 =  -7.24878e+00
 meas ac f0r when tdb=0 rise=1 failed!

tres                =  -6.16354e-01 at=  6.64508e+05
ROW iload_a=0.025 ceff_f=3.3e-07 esr_ohm=0.2 vout_v=1.79935 dcgain_db=140.314 f0_hz=632483 phase_at_f0_deg=-151.733 f180_hz=1.05982E+06 gain_at_f180_db=-7.24878 f0_rising_hz= resurgence_db=-0.616354
Doing analysis at TEMP = 27.000000 and TNOM = 27.000000

Using SPARSE 1.3 as Direct Linear Solver
 Reference value :  0.00000e+00
No. of Data Rows : 1
Doing analysis at TEMP = 27.000000 and TNOM = 27.000000

Using SPARSE 1.3 as Direct Linear Solver
 Reference value :  2.61517e-01
No. of Data Rows : 4401
Doing analysis at TEMP = 27.000000 and TNOM = 27.000000

Using SPARSE 1.3 as Direct Linear Solver
 Reference value :  1.00000e-02
No. of Data Rows : 4401
dcg                 =  1.40314e+02
f0                  =  7.13225e+05
phx                 =  -1.37684e+02
f180                =  1.58381e+06
gmx                 =  -1.01911e+01
 meas ac f0r when tdb=0 rise=1 failed!

tres                =  -5.40538e-01 at=  7.49894e+05
ROW iload_a=0.025 ceff_f=3.3e-07 esr_ohm=0.5 vout_v=1.79935 dcgain_db=140.314 f0_hz=713225 phase_at_f0_deg=-137.684 f180_hz=1.58381E+06 gain_at_f180_db=-10.1911 f0_rising_hz= resurgence_db=-0.540538
Doing analysis at TEMP = 27.000000 and TNOM = 27.000000

Using SPARSE 1.3 as Direct Linear Solver
 Reference value :  0.00000e+00
No. of Data Rows : 1
Doing analysis at TEMP = 27.000000 and TNOM = 27.000000

Using SPARSE 1.3 as Direct Linear Solver
 Reference value :  6.60693e-02
No. of Data Rows : 4401
Doing analysis at TEMP = 27.000000 and TNOM = 27.000000

Using SPARSE 1.3 as Direct Linear Solver
 Reference value :  1.00000e-02
No. of Data Rows : 4401
dcg                 =  1.40314e+02
f0                  =  2.54226e+05
phx                 =  -1.29100e+02
f180                =  7.80983e+05
gmx                 =  -1.27837e+01
 meas ac f0r when tdb=0 rise=1 failed!

tres                =  -4.98126e-01 at=  2.67609e+05
ROW iload_a=0.025 ceff_f=1e-06 esr_ohm=0.001 vout_v=1.79935 dcgain_db=140.314 f0_hz=254226 phase_at_f0_deg=-129.1 f180_hz=780983 gain_at_f180_db=-12.7837 f0_rising_hz= resurgence_db=-0.498126
Doing analysis at TEMP = 27.000000 and TNOM = 27.000000

Using SPARSE 1.3 as Direct Linear Solver
 Reference value :  0.00000e+00
No. of Data Rows : 1
Doing analysis at TEMP = 27.000000 and TNOM = 27.000000

Using SPARSE 1.3 as Direct Linear Solver
 Reference value :  8.26990e-02
No. of Data Rows : 4401
Doing analysis at TEMP = 27.000000 and TNOM = 27.000000

Using SPARSE 1.3 as Direct Linear Solver
 Reference value :  1.00000e-02
No. of Data Rows : 4401
dcg                 =  1.40314e+02
f0                  =  2.54930e+05
phx                 =  -1.24676e+02
f180                =  9.77458e+05
gmx                 =  -1.58594e+01
 meas ac f0r when tdb=0 rise=1 failed!

tres                =  -5.24305e-01 at=  2.69153e+05
ROW iload_a=0.025 ceff_f=1e-06 esr_ohm=0.05 vout_v=1.79935 dcgain_db=140.314 f0_hz=254930 phase_at_f0_deg=-124.676 f180_hz=977458 gain_at_f180_db=-15.8594 f0_rising_hz= resurgence_db=-0.524305
Doing analysis at TEMP = 27.000000 and TNOM = 27.000000

Using SPARSE 1.3 as Direct Linear Solver
 Reference value :  0.00000e+00
No. of Data Rows : 1
Doing analysis at TEMP = 27.000000 and TNOM = 27.000000

Using SPARSE 1.3 as Direct Linear Solver
 Reference value :  4.05042e-02
No. of Data Rows : 4401
Doing analysis at TEMP = 27.000000 and TNOM = 27.000000

Using SPARSE 1.3 as Direct Linear Solver
 Reference value :  1.00000e-02
No. of Data Rows : 4401
dcg                 =  1.40314e+02
f0                  =  2.66494e+05
phx                 =  -1.11773e+02
f180                =  1.70202e+06
gmx                 =  -1.95564e+01
 meas ac f0r when tdb=0 rise=1 failed!

tres                =  -4.44763e-01 at=  2.80221e+05
ROW iload_a=0.025 ceff_f=1e-06 esr_ohm=0.2 vout_v=1.79935 dcgain_db=140.314 f0_hz=266494 phase_at_f0_deg=-111.773 f180_hz=1.70202E+06 gain_at_f180_db=-19.5564 f0_rising_hz= resurgence_db=-0.444763
Doing analysis at TEMP = 27.000000 and TNOM = 27.000000

Using SPARSE 1.3 as Direct Linear Solver
 Reference value :  0.00000e+00
No. of Data Rows : 1
Doing analysis at TEMP = 27.000000 and TNOM = 27.000000

Using SPARSE 1.3 as Direct Linear Solver
 Reference value :  5.68853e-02
No. of Data Rows : 4401
Doing analysis at TEMP = 27.000000 and TNOM = 27.000000

Using SPARSE 1.3 as Direct Linear Solver
 Reference value :  1.00000e-02
No. of Data Rows : 4401
dcg                 =  1.40314e+02
f0                  =  3.66770e+05
phx                 =  -9.08864e+01
f180                =  2.02474e+06
gmx                 =  -1.49569e+01
 meas ac f0r when tdb=0 rise=1 failed!

tres                =  -2.86960e-01 at=  3.86812e+05
ROW iload_a=0.025 ceff_f=1e-06 esr_ohm=0.5 vout_v=1.79935 dcgain_db=140.314 f0_hz=366770 phase_at_f0_deg=-90.8864 f180_hz=2.02474E+06 gain_at_f180_db=-14.9569 f0_rising_hz= resurgence_db=-0.28696
Doing analysis at TEMP = 27.000000 and TNOM = 27.000000

Using SPARSE 1.3 as Direct Linear Solver
 Reference value :  0.00000e+00
No. of Data Rows : 1
Doing analysis at TEMP = 27.000000 and TNOM = 27.000000

Using SPARSE 1.3 as Direct Linear Solver
 Reference value :  9.82879e-02
No. of Data Rows : 4401
Doing analysis at TEMP = 27.000000 and TNOM = 27.000000

Using SPARSE 1.3 as Direct Linear Solver
 Reference value :  1.00000e-02
No. of Data Rows : 4401
dcg                 =  1.40314e+02
f0                  =  6.45782e+04
phx                 =  -1.27314e+02
f180                =  7.98191e+05
gmx                 =  -2.65187e+01
 meas ac f0r when tdb=0 rise=1 failed!

tres                =  -5.57204e-01 at=  6.79986e+04
ROW iload_a=0.025 ceff_f=4.7e-06 esr_ohm=0.001 vout_v=1.79935 dcgain_db=140.314 f0_hz=64578.2 phase_at_f0_deg=-127.314 f180_hz=798191 gain_at_f180_db=-26.5187 f0_rising_hz= resurgence_db=-0.557204
Doing analysis at TEMP = 27.000000 and TNOM = 27.000000

Using SPARSE 1.3 as Direct Linear Solver
 Reference value :  0.00000e+00
No. of Data Rows : 1
Doing analysis at TEMP = 27.000000 and TNOM = 27.000000

Using SPARSE 1.3 as Direct Linear Solver
 Reference value :  1.53109e-01
No. of Data Rows : 4401
Doing analysis at TEMP = 27.000000 and TNOM = 27.000000

Using SPARSE 1.3 as Direct Linear Solver
 Reference value :  1.00000e-02
No. of Data Rows : 4401
dcg                 =  1.40314e+02
f0                  =  6.48068e+04
phx                 =  -1.21900e+02
f180                =  1.81382e+06
gmx                 =  -3.25340e+01
 meas ac f0r when tdb=0 rise=1 failed!

tres                =  -5.76030e-01 at=  6.83912e+04
ROW iload_a=0.025 ceff_f=4.7e-06 esr_ohm=0.05 vout_v=1.79935 dcgain_db=140.314 f0_hz=64806.8 phase_at_f0_deg=-121.9 f180_hz=1.81382E+06 gain_at_f180_db=-32.534 f0_rising_hz= resurgence_db=-0.57603
Doing analysis at TEMP = 27.000000 and TNOM = 27.000000

Using SPARSE 1.3 as Direct Linear Solver
 Reference value :  0.00000e+00
No. of Data Rows : 1
Doing analysis at TEMP = 27.000000 and TNOM = 27.000000

Using SPARSE 1.3 as Direct Linear Solver
 Reference value :  3.98107e-02
No. of Data Rows : 4401
Doing analysis at TEMP = 27.000000 and TNOM = 27.000000

Using SPARSE 1.3 as Direct Linear Solver
 Reference value :  1.00000e-02
No. of Data Rows : 4401
dcg                 =  1.40314e+02
f0                  =  6.86272e+04
phx                 =  -1.04412e+02
f180                =  2.13163e+06
gmx                 =  -2.37001e+01
 meas ac f0r when tdb=0 rise=1 failed!

tres                =  -5.05348e-01 at=  7.24436e+04
ROW iload_a=0.025 ceff_f=4.7e-06 esr_ohm=0.2 vout_v=1.79935 dcgain_db=140.314 f0_hz=68627.2 phase_at_f0_deg=-104.412 f180_hz=2.13164E+06 gain_at_f180_db=-23.7001 f0_rising_hz= resurgence_db=-0.505348
Doing analysis at TEMP = 27.000000 and TNOM = 27.000000

Using SPARSE 1.3 as Direct Linear Solver
 Reference value :  0.00000e+00
No. of Data Rows : 1
Doing analysis at TEMP = 27.000000 and TNOM = 27.000000

Using SPARSE 1.3 as Direct Linear Solver
 Reference value :  2.12569e-01
No. of Data Rows : 4401
Doing analysis at TEMP = 27.000000 and TNOM = 27.000000

Using SPARSE 1.3 as Direct Linear Solver
 Reference value :  1.00000e-02
No. of Data Rows : 4401
dcg                 =  1.40314e+02
f0                  =  1.15013e+05
phx                 =  -6.23642e+01
f180                =  2.18899e+06
gmx                 =  -1.63002e+01
 meas ac f0r when tdb=0 rise=1 failed!

tres                =  -1.56609e-01 at=  1.20921e+05
ROW iload_a=0.025 ceff_f=4.7e-06 esr_ohm=0.5 vout_v=1.79935 dcgain_db=140.314 f0_hz=115013 phase_at_f0_deg=-62.3642 f180_hz=2.18899E+06 gain_at_f180_db=-16.3002 f0_rising_hz= resurgence_db=-0.156609
Doing analysis at TEMP = 27.000000 and TNOM = 27.000000

Using SPARSE 1.3 as Direct Linear Solver
 Reference value :  0.00000e+00
No. of Data Rows : 1
Doing analysis at TEMP = 27.000000 and TNOM = 27.000000

Using SPARSE 1.3 as Direct Linear Solver
 Reference value :  1.10917e+03
No. of Data Rows : 4401
Doing analysis at TEMP = 27.000000 and TNOM = 27.000000

Using SPARSE 1.3 as Direct Linear Solver
 Reference value :  1.00000e-02
No. of Data Rows : 4401
dcg                 =  1.38029e+02
f0                  =  7.12379e+05
phx                 =  -1.74878e+02
f180                =  7.67620e+05
gmx                 =  -1.05430e+00
 meas ac f0r when tdb=0 rise=1 failed!

tres                =  -7.19717e-01 at=  7.49894e+05
ROW iload_a=0.05 ceff_f=3.3e-07 esr_ohm=0.001 vout_v=1.79935 dcgain_db=138.029 f0_hz=712379 phase_at_f0_deg=-174.878 f180_hz=767620 gain_at_f180_db=-1.05431 f0_rising_hz= resurgence_db=-0.719717
Doing analysis at TEMP = 27.000000 and TNOM = 27.000000

Using SPARSE 1.3 as Direct Linear Solver
 Reference value :  0.00000e+00
No. of Data Rows : 1
Doing analysis at TEMP = 27.000000 and TNOM = 27.000000

Using SPARSE 1.3 as Direct Linear Solver
 Reference value :  8.56052e+02
No. of Data Rows : 4401
Doing analysis at TEMP = 27.000000 and TNOM = 27.000000

Using SPARSE 1.3 as Direct Linear Solver
 Reference value :  1.00000e-02
No. of Data Rows : 4401
dcg                 =  1.38029e+02
f0                  =  7.13536e+05
phx                 =  -1.70852e+02
f180                =  8.20303e+05
gmx                 =  -1.99973e+00
 meas ac f0r when tdb=0 rise=1 failed!

tres                =  -6.94796e-01 at=  7.49894e+05
ROW iload_a=0.05 ceff_f=3.3e-07 esr_ohm=0.05 vout_v=1.79935 dcgain_db=138.029 f0_hz=713536 phase_at_f0_deg=-170.851 f180_hz=820303 gain_at_f180_db=-1.99973 f0_rising_hz= resurgence_db=-0.694796
Doing analysis at TEMP = 27.000000 and TNOM = 27.000000

Using SPARSE 1.3 as Direct Linear Solver
 Reference value :  0.00000e+00
No. of Data Rows : 1
Doing analysis at TEMP = 27.000000 and TNOM = 27.000000

Using SPARSE 1.3 as Direct Linear Solver
 Reference value :  1.31826e+03
No. of Data Rows : 4401
Doing analysis at TEMP = 27.000000 and TNOM = 27.000000

Using SPARSE 1.3 as Direct Linear Solver
 Reference value :  1.00000e-02
No. of Data Rows : 4401
dcg                 =  1.38029e+02
f0                  =  7.31950e+05
phx                 =  -1.59957e+02
f180                =  1.04016e+06
gmx                 =  -5.11234e+00
 meas ac f0r when tdb=0 rise=1 failed!

tres                =  -7.14200e-01 at=  7.71792e+05
ROW iload_a=0.05 ceff_f=3.3e-07 esr_ohm=0.2 vout_v=1.79935 dcgain_db=138.029 f0_hz=731950 phase_at_f0_deg=-159.957 f180_hz=1.04016E+06 gain_at_f180_db=-5.11234 f0_rising_hz= resurgence_db=-0.7142
Doing analysis at TEMP = 27.000000 and TNOM = 27.000000

Using SPARSE 1.3 as Direct Linear Solver
 Reference value :  0.00000e+00
No. of Data Rows : 1
Doing analysis at TEMP = 27.000000 and TNOM = 27.000000

Using SPARSE 1.3 as Direct Linear Solver
 Reference value :  7.67361e+02
No. of Data Rows : 4401
Doing analysis at TEMP = 27.000000 and TNOM = 27.000000

Using SPARSE 1.3 as Direct Linear Solver
 Reference value :  1.75792e-01
No. of Data Rows : 4401
dcg                 =  1.38029e+02
f0                  =  8.43600e+05
phx                 =  -1.45889e+02
f180                =  1.54945e+06
gmx                 =  -8.04339e+00
 meas ac f0r when tdb=0 rise=1 failed!

tres                =  -5.69922e-01 at=  8.86135e+05
ROW iload_a=0.05 ceff_f=3.3e-07 esr_ohm=0.5 vout_v=1.79935 dcgain_db=138.029 f0_hz=843600 phase_at_f0_deg=-145.889 f180_hz=1.54945E+06 gain_at_f180_db=-8.04339 f0_rising_hz= resurgence_db=-0.569922
Doing analysis at TEMP = 27.000000 and TNOM = 27.000000

Using SPARSE 1.3 as Direct Linear Solver
 Reference value :  0.00000e+00
No. of Data Rows : 1
Doing analysis at TEMP = 27.000000 and TNOM = 27.000000

Using SPARSE 1.3 as Direct Linear Solver
 Reference value :  3.80189e+03
No. of Data Rows : 4401
Doing analysis at TEMP = 27.000000 and TNOM = 27.000000

Using SPARSE 1.3 as Direct Linear Solver
 Reference value :  1.20921e-01
No. of Data Rows : 4401
dcg                 =  1.38029e+02
f0                  =  3.09191e+05
phx                 =  -1.34891e+02
f180                =  7.69367e+05
gmx                 =  -1.06999e+01
 meas ac f0r when tdb=0 rise=1 failed!

tres                =  -5.16984e-01 at=  3.25462e+05
ROW iload_a=0.05 ceff_f=1e-06 esr_ohm=0.001 vout_v=1.79935 dcgain_db=138.029 f0_hz=309191 phase_at_f0_deg=-134.891 f180_hz=769367 gain_at_f180_db=-10.6999 f0_rising_hz= resurgence_db=-0.516984
Doing analysis at TEMP = 27.000000 and TNOM = 27.000000

Using SPARSE 1.3 as Direct Linear Solver
 Reference value :  0.00000e+00
No. of Data Rows : 1
Doing analysis at TEMP = 27.000000 and TNOM = 27.000000

Using SPARSE 1.3 as Direct Linear Solver
 Reference value :  1.51356e+07
No. of Data Rows : 4401
Doing analysis at TEMP = 27.000000 and TNOM = 27.000000

Using SPARSE 1.3 as Direct Linear Solver
 Reference value :  1.35675e+01
No. of Data Rows : 4401
dcg                 =  1.38029e+02
f0                  =  3.10407e+05
phx                 =  -1.29553e+02
f180                =  9.59629e+05
gmx                 =  -1.37209e+01
 meas ac f0r when tdb=0 rise=1 failed!

tres                =  -5.31377e-01 at=  3.27341e+05
ROW iload_a=0.05 ceff_f=1e-06 esr_ohm=0.05 vout_v=1.79935 dcgain_db=138.029 f0_hz=310407 phase_at_f0_deg=-129.553 f180_hz=959629 gain_at_f180_db=-13.7209 f0_rising_hz= resurgence_db=-0.531377
Doing analysis at TEMP = 27.000000 and TNOM = 27.000000

Using SPARSE 1.3 as Direct Linear Solver
 Reference value :  0.00000e+00
No. of Data Rows : 1
Doing analysis at TEMP = 27.000000 and TNOM = 27.000000

Using SPARSE 1.3 as Direct Linear Solver
 Reference value :  1.10281e+04
No. of Data Rows : 4401
Doing analysis at TEMP = 27.000000 and TNOM = 27.000000

Using SPARSE 1.3 as Direct Linear Solver
 Reference value :  1.00000e-02
No. of Data Rows : 4401
dcg                 =  1.38029e+02
f0                  =  3.30915e+05
phx                 =  -1.14551e+02
f180                =  1.66555e+06
gmx                 =  -1.74206e+01
 meas ac f0r when tdb=0 rise=1 failed!

tres                =  -4.66510e-01 at=  3.48739e+05
ROW iload_a=0.05 ceff_f=1e-06 esr_ohm=0.2 vout_v=1.79935 dcgain_db=138.029 f0_hz=330916 phase_at_f0_deg=-114.551 f180_hz=1.66554E+06 gain_at_f180_db=-17.4206 f0_rising_hz= resurgence_db=-0.46651
Doing analysis at TEMP = 27.000000 and TNOM = 27.000000

Using SPARSE 1.3 as Direct Linear Solver
 Reference value :  0.00000e+00
No. of Data Rows : 1
Doing analysis at TEMP = 27.000000 and TNOM = 27.000000

Using SPARSE 1.3 as Direct Linear Solver
 Reference value :  8.91251e+02
No. of Data Rows : 4401
Doing analysis at TEMP = 27.000000 and TNOM = 27.000000

Using SPARSE 1.3 as Direct Linear Solver
 Reference value :  1.00000e-02
No. of Data Rows : 4401
dcg                 =  1.38029e+02
f0                  =  5.22488e+05
phx                 =  -9.79059e+01
f180                =  1.98459e+06
gmx                 =  -1.28385e+01
 meas ac f0r when tdb=0 rise=1 failed!

tres                =  -2.79433e-01 at=  5.49541e+05
ROW iload_a=0.05 ceff_f=1e-06 esr_ohm=0.5 vout_v=1.79935 dcgain_db=138.029 f0_hz=522488 phase_at_f0_deg=-97.9059 f180_hz=1.98459E+06 gain_at_f180_db=-12.8385 f0_rising_hz= resurgence_db=-0.279433
Doing analysis at TEMP = 27.000000 and TNOM = 27.000000

Using SPARSE 1.3 as Direct Linear Solver
 Reference value :  0.00000e+00
No. of Data Rows : 1
Doing analysis at TEMP = 27.000000 and TNOM = 27.000000

Using SPARSE 1.3 as Direct Linear Solver
 Reference value :  4.19276e+02
No. of Data Rows : 4401
Doing analysis at TEMP = 27.000000 and TNOM = 27.000000

Using SPARSE 1.3 as Direct Linear Solver
 Reference value :  1.00000e-02
No. of Data Rows : 4401
dcg                 =  1.38029e+02
f0                  =  7.81395e+04
phx                 =  -1.25563e+02
f180                =  7.84625e+05
gmx                 =  -2.44051e+01
 meas ac f0r when tdb=0 rise=1 failed!

tres                =  -5.31325e-01 at=  8.22243e+04
ROW iload_a=0.05 ceff_f=4.7e-06 esr_ohm=0.001 vout_v=1.79935 dcgain_db=138.029 f0_hz=78139.5 phase_at_f0_deg=-125.563 f180_hz=784625 gain_at_f180_db=-24.4051 f0_rising_hz= resurgence_db=-0.531325
Doing analysis at TEMP = 27.000000 and TNOM = 27.000000

Using SPARSE 1.3 as Direct Linear Solver
 Reference value :  0.00000e+00
No. of Data Rows : 1
Doing analysis at TEMP = 27.000000 and TNOM = 27.000000

Using SPARSE 1.3 as Direct Linear Solver
 Reference value :  1.19536e+03
No. of Data Rows : 4401
Doing analysis at TEMP = 27.000000 and TNOM = 27.000000

Using SPARSE 1.3 as Direct Linear Solver
 Reference value :  1.00000e-02
No. of Data Rows : 4401
dcg                 =  1.38029e+02
f0                  =  7.85577e+04
phx                 =  -1.19014e+02
f180                =  1.76878e+06
gmx                 =  -3.04008e+01
 meas ac f0r when tdb=0 rise=1 failed!

tres                =  -5.28765e-01 at=  8.26990e+04
ROW iload_a=0.05 ceff_f=4.7e-06 esr_ohm=0.05 vout_v=1.79935 dcgain_db=138.029 f0_hz=78557.7 phase_at_f0_deg=-119.014 f180_hz=1.76878E+06 gain_at_f180_db=-30.4007 f0_rising_hz= resurgence_db=-0.528765
Doing analysis at TEMP = 27.000000 and TNOM = 27.000000

Using SPARSE 1.3 as Direct Linear Solver
 Reference value :  0.00000e+00
No. of Data Rows : 1
Doing analysis at TEMP = 27.000000 and TNOM = 27.000000

Using SPARSE 1.3 as Direct Linear Solver
 Reference value :  3.82384e+02
No. of Data Rows : 4401
Doing analysis at TEMP = 27.000000 and TNOM = 27.000000

Using SPARSE 1.3 as Direct Linear Solver
 Reference value :  1.00000e-02
No. of Data Rows : 4401
dcg                 =  1.38029e+02
f0                  =  8.59385e+04
phx                 =  -9.77238e+01
f180                =  2.09024e+06
gmx                 =  -2.16007e+01
 meas ac f0r when tdb=0 rise=1 failed!

tres                =  -4.48540e-01 at=  9.06776e+04
ROW iload_a=0.05 ceff_f=4.7e-06 esr_ohm=0.2 vout_v=1.79935 dcgain_db=138.029 f0_hz=85938.5 phase_at_f0_deg=-97.7238 f180_hz=2.09024E+06 gain_at_f180_db=-21.6007 f0_rising_hz= resurgence_db=-0.44854
Doing analysis at TEMP = 27.000000 and TNOM = 27.000000

Using SPARSE 1.3 as Direct Linear Solver
 Reference value :  0.00000e+00
No. of Data Rows : 1
Doing analysis at TEMP = 27.000000 and TNOM = 27.000000

Using SPARSE 1.3 as Direct Linear Solver
 Reference value :  8.17523e+02
No. of Data Rows : 4401
Doing analysis at TEMP = 27.000000 and TNOM = 27.000000

Using SPARSE 1.3 as Direct Linear Solver
 Reference value :  1.00000e-02
No. of Data Rows : 4401
dcg                 =  1.38029e+02
f0                  =  2.97687e+05
phx                 =  -5.68506e+01
f180                =  2.14684e+06
gmx                 =  -1.41825e+01
 meas ac f0r when tdb=0 rise=1 failed!

tres                =  -8.39827e-02 at=  3.12608e+05
ROW iload_a=0.05 ceff_f=4.7e-06 esr_ohm=0.5 vout_v=1.79935 dcgain_db=138.029 f0_hz=297687 phase_at_f0_deg=-56.8506 f180_hz=2.14684E+06 gain_at_f180_db=-14.1825 f0_rising_hz= resurgence_db=-0.0839827
* SWEEP COMPLETE tt_27c_3.30v
Note: Simulation executed from .control section 
Warning: m=xx on .subckt line will override multiplier m hierarchy!

Note: Starting dynamic gmin stepping
Note: Dynamic gmin stepping completed
Note: Starting dynamic gmin stepping
Note: Dynamic gmin stepping completed
Note: Starting dynamic gmin stepping
Note: Dynamic gmin stepping completed

Error: measure  f0r  when(WHEN) : out of interval
Error: &f0r: no such variable.
Note: Starting dynamic gmin stepping
Note: Dynamic gmin stepping completed
Note: Starting dynamic gmin stepping
Note: Dynamic gmin stepping completed
Note: Starting dynamic gmin stepping
Note: Dynamic gmin stepping completed

Error: measure  f0r  when(WHEN) : out of interval
Error: &f0r: no such variable.
Note: Starting dynamic gmin stepping
Note: Dynamic gmin stepping completed
Note: Starting dynamic gmin stepping
Note: Dynamic gmin stepping completed
Note: Starting dynamic gmin stepping
Note: Dynamic gmin stepping completed

Error: measure  f0r  when(WHEN) : out of interval
Error: &f0r: no such variable.
Note: Starting dynamic gmin stepping
Note: Dynamic gmin stepping completed
Note: Starting dynamic gmin stepping
Note: Dynamic gmin stepping completed
Note: Starting dynamic gmin stepping
Note: Dynamic gmin stepping completed

Error: measure  f0r  when(WHEN) : out of interval
Error: &f0r: no such variable.
Note: Starting dynamic gmin stepping
Note: Dynamic gmin stepping completed
Note: Starting dynamic gmin stepping
Note: Dynamic gmin stepping completed
Note: Starting dynamic gmin stepping
Note: Dynamic gmin stepping completed

Error: measure  f0r  when(WHEN) : out of interval
Error: &f0r: no such variable.
Note: Starting dynamic gmin stepping
Note: Dynamic gmin stepping completed
Note: Starting dynamic gmin stepping
Note: Dynamic gmin stepping completed
Note: Starting dynamic gmin stepping
Note: Dynamic gmin stepping completed

Error: measure  f0r  when(WHEN) : out of interval
Error: &f0r: no such variable.
Note: Starting dynamic gmin stepping
Note: Dynamic gmin stepping completed
Note: Starting dynamic gmin stepping
Note: Dynamic gmin stepping completed
Note: Starting dynamic gmin stepping
Note: Dynamic gmin stepping completed

Error: measure  f0r  when(WHEN) : out of interval
Error: &f0r: no such variable.
Note: Starting dynamic gmin stepping
Note: Dynamic gmin stepping completed
Note: Starting dynamic gmin stepping
Note: Dynamic gmin stepping completed
Note: Starting dynamic gmin stepping
Note: Dynamic gmin stepping completed

Error: measure  f0r  when(WHEN) : out of interval
Error: &f0r: no such variable.
Note: Starting dynamic gmin stepping
Note: Dynamic gmin stepping completed
Note: Starting dynamic gmin stepping
Note: Dynamic gmin stepping completed
Note: Starting dynamic gmin stepping
Note: Dynamic gmin stepping completed

Error: measure  f0r  when(WHEN) : out of interval
Error: &f0r: no such variable.
Note: Starting dynamic gmin stepping
Note: Dynamic gmin stepping completed
Note: Starting dynamic gmin stepping
Note: Dynamic gmin stepping completed
Note: Starting dynamic gmin stepping
Note: Dynamic gmin stepping completed

Error: measure  f0r  when(WHEN) : out of interval
Error: &f0r: no such variable.
Note: Starting dynamic gmin stepping
Note: Dynamic gmin stepping completed
Note: Starting dynamic gmin stepping
Note: Dynamic gmin stepping completed
Note: Starting dynamic gmin stepping
Note: Dynamic gmin stepping completed

Error: measure  f0r  when(WHEN) : out of interval
Error: &f0r: no such variable.
Note: Starting dynamic gmin stepping
Note: Dynamic gmin stepping completed
Note: Starting dynamic gmin stepping
Note: Dynamic gmin stepping completed
Note: Starting dynamic gmin stepping
Note: Dynamic gmin stepping completed

Error: measure  f0r  when(WHEN) : out of interval
Error: &f0r: no such variable.
Note: Starting dynamic gmin stepping
Note: Dynamic gmin stepping completed
Note: Starting dynamic gmin stepping
Note: Dynamic gmin stepping completed
Note: Starting dynamic gmin stepping
Note: Dynamic gmin stepping completed

Error: measure  f0r  when(WHEN) : out of interval
Error: &f0r: no such variable.
Note: Starting dynamic gmin stepping
Note: Dynamic gmin stepping completed
Note: Starting dynamic gmin stepping
Note: Dynamic gmin stepping completed
Note: Starting dynamic gmin stepping
Note: Dynamic gmin stepping completed

Error: measure  f0r  when(WHEN) : out of interval
Error: &f0r: no such variable.
Note: Starting dynamic gmin stepping
Note: Dynamic gmin stepping completed
Note: Starting dynamic gmin stepping
Note: Dynamic gmin stepping completed
Note: Starting dynamic gmin stepping
Note: Dynamic gmin stepping completed

Error: measure  f0r  when(WHEN) : out of interval
Error: &f0r: no such variable.
Note: Starting dynamic gmin stepping
Note: Dynamic gmin stepping completed
Note: Starting dynamic gmin stepping
Note: Dynamic gmin stepping completed
Note: Starting dynamic gmin stepping
Note: Dynamic gmin stepping completed

Error: measure  f0r  when(WHEN) : out of interval
Error: &f0r: no such variable.
Note: Starting dynamic gmin stepping
Note: Dynamic gmin stepping completed
Note: Starting dynamic gmin stepping
Note: Dynamic gmin stepping completed
Note: Starting dynamic gmin stepping
Note: Dynamic gmin stepping completed

Error: measure  f0r  when(WHEN) : out of interval
Error: &f0r: no such variable.
Note: Starting dynamic gmin stepping
Note: Dynamic gmin stepping completed
Note: Starting dynamic gmin stepping
Note: Dynamic gmin stepping completed
Note: Starting dynamic gmin stepping
Note: Dynamic gmin stepping completed

Error: measure  f0r  when(WHEN) : out of interval
Error: &f0r: no such variable.
Note: Starting dynamic gmin stepping
Note: Dynamic gmin stepping completed
Note: Starting dynamic gmin stepping
Note: Dynamic gmin stepping completed
Note: Starting dynamic gmin stepping
Note: Dynamic gmin stepping completed

Error: measure  f0r  when(WHEN) : out of interval
Error: &f0r: no such variable.
Note: Starting dynamic gmin stepping
Note: Dynamic gmin stepping completed
Note: Starting dynamic gmin stepping
Note: Dynamic gmin stepping completed
Note: Starting dynamic gmin stepping
Note: Dynamic gmin stepping completed

Error: measure  f0r  when(WHEN) : out of interval
Error: &f0r: no such variable.
Note: Starting dynamic gmin stepping
Note: Dynamic gmin stepping completed
Note: Starting dynamic gmin stepping
Note: Dynamic gmin stepping completed
Note: Starting dynamic gmin stepping
Note: Dynamic gmin stepping completed

Error: measure  f0r  when(WHEN) : out of interval
Error: &f0r: no such variable.
Note: Starting dynamic gmin stepping
Note: Dynamic gmin stepping completed
Note: Starting dynamic gmin stepping
Note: Dynamic gmin stepping completed
Note: Starting dynamic gmin stepping
Note: Dynamic gmin stepping completed

Error: measure  f0r  when(WHEN) : out of interval
Error: &f0r: no such variable.
Note: Starting dynamic gmin stepping
Note: Dynamic gmin stepping completed
Note: Starting dynamic gmin stepping
Note: Dynamic gmin stepping completed
Note: Starting dynamic gmin stepping
Note: Dynamic gmin stepping completed

Error: measure  f0r  when(WHEN) : out of interval
Error: &f0r: no such variable.
Note: Starting dynamic gmin stepping
Note: Dynamic gmin stepping completed
Note: Starting dynamic gmin stepping
Note: Dynamic gmin stepping completed
Note: Starting dynamic gmin stepping
Note: Dynamic gmin stepping completed

Error: measure  f0r  when(WHEN) : out of interval
Error: &f0r: no such variable.
Note: Starting dynamic gmin stepping
Note: Dynamic gmin stepping completed
Note: Starting dynamic gmin stepping
Note: Dynamic gmin stepping completed
Note: Starting dynamic gmin stepping
Note: Dynamic gmin stepping completed

Error: measure  f0r  when(WHEN) : out of interval
Error: &f0r: no such variable.
Note: Starting dynamic gmin stepping
Note: Dynamic gmin stepping completed
Note: Starting dynamic gmin stepping
Note: Dynamic gmin stepping completed
Note: Starting dynamic gmin stepping
Note: Dynamic gmin stepping completed

Error: measure  f0r  when(WHEN) : out of interval
Error: &f0r: no such variable.
Note: Starting dynamic gmin stepping
Note: Dynamic gmin stepping completed
Note: Starting dynamic gmin stepping
Note: Dynamic gmin stepping completed
Note: Starting dynamic gmin stepping
Note: Dynamic gmin stepping completed

Error: measure  f0r  when(WHEN) : out of interval
Error: &f0r: no such variable.
Note: Starting dynamic gmin stepping
Note: Dynamic gmin stepping completed
Note: Starting dynamic gmin stepping
Note: Dynamic gmin stepping completed
Note: Starting dynamic gmin stepping
Note: Dynamic gmin stepping completed

Error: measure  f0r  when(WHEN) : out of interval
Error: &f0r: no such variable.
Note: Starting dynamic gmin stepping
Note: Dynamic gmin stepping completed
Note: Starting dynamic gmin stepping
Note: Dynamic gmin stepping completed
Note: Starting dynamic gmin stepping
Note: Dynamic gmin stepping completed

Error: measure  f0r  when(WHEN) : out of interval
Error: &f0r: no such variable.
Note: Starting dynamic gmin stepping
Note: Dynamic gmin stepping completed
Note: Starting dynamic gmin stepping
Note: Dynamic gmin stepping completed
Note: Starting dynamic gmin stepping
Note: Dynamic gmin stepping completed

Error: measure  f0r  when(WHEN) : out of interval
Error: &f0r: no such variable.
Note: Starting dynamic gmin stepping
Note: Dynamic gmin stepping completed
Note: Starting dynamic gmin stepping
Note: Dynamic gmin stepping completed
Note: Starting dynamic gmin stepping
Note: Dynamic gmin stepping completed

Error: measure  f0r  when(WHEN) : out of interval
Error: &f0r: no such variable.
Note: Starting dynamic gmin stepping
Note: Dynamic gmin stepping completed
Note: Starting dynamic gmin stepping
Note: Dynamic gmin stepping completed
Note: Starting dynamic gmin stepping
Note: Dynamic gmin stepping completed

Error: measure  f0r  when(WHEN) : out of interval
Error: &f0r: no such variable.
Note: Starting dynamic gmin stepping
Note: Dynamic gmin stepping completed
Note: Starting dynamic gmin stepping
Note: Dynamic gmin stepping completed
Note: Starting dynamic gmin stepping
Note: Dynamic gmin stepping completed

Error: measure  f0r  when(WHEN) : out of interval
Error: &f0r: no such variable.
Note: Starting dynamic gmin stepping
Note: Dynamic gmin stepping completed
Note: Starting dynamic gmin stepping
Note: Dynamic gmin stepping completed
Note: Starting dynamic gmin stepping
Note: Dynamic gmin stepping completed

Error: measure  f0r  when(WHEN) : out of interval
Error: &f0r: no such variable.
Note: Starting dynamic gmin stepping
Note: Dynamic gmin stepping completed
Note: Starting dynamic gmin stepping
Note: Dynamic gmin stepping completed
Note: Starting dynamic gmin stepping
Note: Dynamic gmin stepping completed

Error: measure  f0r  when(WHEN) : out of interval
Error: &f0r: no such variable.
Note: Starting dynamic gmin stepping
Note: Dynamic gmin stepping completed
Note: Starting dynamic gmin stepping
Note: Dynamic gmin stepping completed
Note: Starting dynamic gmin stepping
Note: Dynamic gmin stepping completed

Error: measure  f0r  when(WHEN) : out of interval
Error: &f0r: no such variable.
Note: Starting dynamic gmin stepping
Note: Dynamic gmin stepping completed
Note: Starting dynamic gmin stepping
Note: Dynamic gmin stepping completed
Note: Starting dynamic gmin stepping
Note: Dynamic gmin stepping completed

Error: measure  f0r  when(WHEN) : out of interval
Error: &f0r: no such variable.
Note: Starting dynamic gmin stepping
Note: Dynamic gmin stepping completed
Note: Starting dynamic gmin stepping
Note: Dynamic gmin stepping completed
Note: Starting dynamic gmin stepping
Note: Dynamic gmin stepping completed

Error: measure  f0r  when(WHEN) : out of interval
Error: &f0r: no such variable.
Note: Starting dynamic gmin stepping
Note: Dynamic gmin stepping completed
Note: Starting dynamic gmin stepping
Note: Dynamic gmin stepping completed
Note: Starting dynamic gmin stepping
Note: Dynamic gmin stepping completed

Error: measure  f0r  when(WHEN) : out of interval
Error: &f0r: no such variable.
Note: Starting dynamic gmin stepping
Note: Dynamic gmin stepping completed
Note: Starting dynamic gmin stepping
Note: Dynamic gmin stepping completed
Note: Starting dynamic gmin stepping
Note: Dynamic gmin stepping completed

Error: measure  f0r  when(WHEN) : out of interval
Error: &f0r: no such variable.
Note: Starting dynamic gmin stepping
Note: Dynamic gmin stepping completed
Note: Starting dynamic gmin stepping
Note: Dynamic gmin stepping completed
Note: Starting dynamic gmin stepping
Note: Dynamic gmin stepping completed

Error: measure  f0r  when(WHEN) : out of interval
Error: &f0r: no such variable.
Note: Starting dynamic gmin stepping
Note: Dynamic gmin stepping completed
Note: Starting dynamic gmin stepping
Note: Dynamic gmin stepping completed
Note: Starting dynamic gmin stepping
Note: Dynamic gmin stepping completed

Error: measure  f0r  when(WHEN) : out of interval
Error: &f0r: no such variable.
Note: Starting dynamic gmin stepping
Note: Dynamic gmin stepping completed
Note: Starting dynamic gmin stepping
Note: Dynamic gmin stepping completed
Note: Starting dynamic gmin stepping
Note: Dynamic gmin stepping completed

Error: measure  f0r  when(WHEN) : out of interval
Error: &f0r: no such variable.
Note: Starting dynamic gmin stepping
Note: Dynamic gmin stepping completed
Note: Starting dynamic gmin stepping
Note: Dynamic gmin stepping completed
Note: Starting dynamic gmin stepping
Note: Dynamic gmin stepping completed

Error: measure  f0r  when(WHEN) : out of interval
Error: &f0r: no such variable.
Note: Starting dynamic gmin stepping
Note: Dynamic gmin stepping completed
Note: Starting dynamic gmin stepping
Note: Dynamic gmin stepping completed
Note: Starting dynamic gmin stepping
Note: Dynamic gmin stepping completed

Error: measure  f0r  when(WHEN) : out of interval
Error: &f0r: no such variable.
Note: Starting dynamic gmin stepping
Note: Dynamic gmin stepping completed
Note: Starting dynamic gmin stepping
Note: Dynamic gmin stepping completed
Note: Starting dynamic gmin stepping
Note: Dynamic gmin stepping completed

Error: measure  f0r  when(WHEN) : out of interval
Error: &f0r: no such variable.
Note: Starting dynamic gmin stepping
Note: Dynamic gmin stepping completed
Note: Starting dynamic gmin stepping
Note: Dynamic gmin stepping completed
Note: Starting dynamic gmin stepping
Note: Dynamic gmin stepping completed

Error: measure  f0r  when(WHEN) : out of interval
Error: &f0r: no such variable.
Note: Starting dynamic gmin stepping
Note: Dynamic gmin stepping completed
Note: Starting dynamic gmin stepping
Note: Dynamic gmin stepping completed
Note: Starting dynamic gmin stepping
Note: Dynamic gmin stepping completed

Error: measure  f0r  when(WHEN) : out of interval
Error: &f0r: no such variable.
Note: Starting dynamic gmin stepping
Note: Dynamic gmin stepping completed
Note: Starting dynamic gmin stepping
Note: Dynamic gmin stepping completed
Note: Starting dynamic gmin stepping
Note: Dynamic gmin stepping completed

Error: measure  f0r  when(WHEN) : out of interval
Error: &f0r: no such variable.
Note: Starting dynamic gmin stepping
Note: Dynamic gmin stepping completed
Note: Starting dynamic gmin stepping
Note: Dynamic gmin stepping completed
Note: Starting dynamic gmin stepping
Note: Dynamic gmin stepping completed

Error: measure  f0r  when(WHEN) : out of interval
Error: &f0r: no such variable.
Note: Starting dynamic gmin stepping
Note: Dynamic gmin stepping completed
Note: Starting dynamic gmin stepping
Note: Dynamic gmin stepping completed
Note: Starting dynamic gmin stepping
Note: Dynamic gmin stepping completed

Error: measure  f0r  when(WHEN) : out of interval
Error: &f0r: no such variable.
Note: Starting dynamic gmin stepping
Note: Dynamic gmin stepping completed
Note: Starting dynamic gmin stepping
Note: Dynamic gmin stepping completed
Note: Starting dynamic gmin stepping
Note: Dynamic gmin stepping completed

Error: measure  f0r  when(WHEN) : out of interval
Error: &f0r: no such variable.
Note: Starting dynamic gmin stepping
Note: Dynamic gmin stepping completed
Note: Starting dynamic gmin stepping
Note: Dynamic gmin stepping completed
Note: Starting dynamic gmin stepping
Note: Dynamic gmin stepping completed

Error: measure  f0r  when(WHEN) : out of interval
Error: &f0r: no such variable.
Note: Starting dynamic gmin stepping
Note: Dynamic gmin stepping completed
Note: Starting dynamic gmin stepping
Note: Dynamic gmin stepping completed
Note: Starting dynamic gmin stepping
Note: Dynamic gmin stepping completed

Error: measure  f0r  when(WHEN) : out of interval
Error: &f0r: no such variable.
Note: Starting dynamic gmin stepping
Note: Dynamic gmin stepping completed
Note: Starting dynamic gmin stepping
Note: Dynamic gmin stepping completed
Note: Starting dynamic gmin stepping
Note: Dynamic gmin stepping completed

Error: measure  f0r  when(WHEN) : out of interval
Error: &f0r: no such variable.
Note: Starting dynamic gmin stepping
Note: Dynamic gmin stepping completed
Note: Starting dynamic gmin stepping
Note: Dynamic gmin stepping completed
Note: Starting dynamic gmin stepping
Note: Dynamic gmin stepping completed

Error: measure  f0r  when(WHEN) : out of interval
Error: &f0r: no such variable.
Note: Starting dynamic gmin stepping
Note: Dynamic gmin stepping completed
Note: Starting dynamic gmin stepping
Note: Dynamic gmin stepping completed
Note: Starting dynamic gmin stepping
Note: Dynamic gmin stepping completed

Error: measure  f0r  when(WHEN) : out of interval
Error: &f0r: no such variable.
Note: Starting dynamic gmin stepping
Note: Dynamic gmin stepping completed
Note: Starting dynamic gmin stepping
Note: Dynamic gmin stepping completed
Note: Starting dynamic gmin stepping
Note: Dynamic gmin stepping completed

Error: measure  f0r  when(WHEN) : out of interval
Error: &f0r: no such variable.
Note: Starting dynamic gmin stepping
Note: Dynamic gmin stepping completed
Note: Starting dynamic gmin stepping
Note: Dynamic gmin stepping completed
Note: Starting dynamic gmin stepping
Note: Dynamic gmin stepping completed

Error: measure  f0r  when(WHEN) : out of interval
Error: &f0r: no such variable.
Note: Starting dynamic gmin stepping
Note: Dynamic gmin stepping completed
Note: Starting dynamic gmin stepping
Note: Dynamic gmin stepping completed
Note: Starting dynamic gmin stepping
Note: Dynamic gmin stepping completed

Error: measure  f0r  when(WHEN) : out of interval
Error: &f0r: no such variable.
Note: Starting dynamic gmin stepping
Note: Dynamic gmin stepping completed
Note: Starting dynamic gmin stepping
Note: Dynamic gmin stepping completed
Note: Starting dynamic gmin stepping
Note: Dynamic gmin stepping completed

Error: measure  f0r  when(WHEN) : out of interval
Error: &f0r: no such variable.
Note: Starting dynamic gmin stepping
Note: Dynamic gmin stepping completed
Note: Starting dynamic gmin stepping
Note: Dynamic gmin stepping completed
Note: Starting dynamic gmin stepping
Note: Dynamic gmin stepping completed

Error: measure  f0r  when(WHEN) : out of interval
Error: &f0r: no such variable.
Note: Starting dynamic gmin stepping
Note: Dynamic gmin stepping completed
Note: Starting dynamic gmin stepping
Note: Dynamic gmin stepping completed
Note: Starting dynamic gmin stepping
Note: Dynamic gmin stepping completed

Error: measure  f0r  when(WHEN) : out of interval
Error: &f0r: no such variable.
Note: Starting dynamic gmin stepping
Note: Dynamic gmin stepping completed
Note: Starting dynamic gmin stepping
Note: Dynamic gmin stepping completed
Note: Starting dynamic gmin stepping
Note: Dynamic gmin stepping completed

Error: measure  f0r  when(WHEN) : out of interval
Error: &f0r: no such variable.
Note: Starting dynamic gmin stepping
Note: Dynamic gmin stepping completed
Note: Starting dynamic gmin stepping
Note: Dynamic gmin stepping completed
Note: Starting dynamic gmin stepping
Note: Dynamic gmin stepping completed

Error: measure  f0r  when(WHEN) : out of interval
Error: &f0r: no such variable.
Note: Starting dynamic gmin stepping
Note: Dynamic gmin stepping completed
Note: Starting dynamic gmin stepping
Note: Dynamic gmin stepping completed
Note: Starting dynamic gmin stepping
Note: Dynamic gmin stepping completed

Error: measure  f0r  when(WHEN) : out of interval
Error: &f0r: no such variable.
Note: Starting dynamic gmin stepping
Note: Dynamic gmin stepping completed
Note: Starting dynamic gmin stepping
Note: Dynamic gmin stepping completed
Note: Starting dynamic gmin stepping
Note: Dynamic gmin stepping completed

Error: measure  f0r  when(WHEN) : out of interval
Error: &f0r: no such variable.
Note: Starting dynamic gmin stepping
Note: Dynamic gmin stepping completed
Note: Starting dynamic gmin stepping
Note: Dynamic gmin stepping completed
Note: Starting dynamic gmin stepping
Note: Dynamic gmin stepping completed

Error: measure  f0r  when(WHEN) : out of interval
Error: &f0r: no such variable.
Note: Starting dynamic gmin stepping
Note: Dynamic gmin stepping completed
Note: Starting dynamic gmin stepping
Note: Dynamic gmin stepping completed
Note: Starting dynamic gmin stepping
Note: Dynamic gmin stepping completed

Error: measure  f0r  when(WHEN) : out of interval
Error: &f0r: no such variable.
Note: Starting dynamic gmin stepping
Note: Dynamic gmin stepping completed
Note: Starting dynamic gmin stepping
Note: Dynamic gmin stepping completed
Note: Starting dynamic gmin stepping
Note: Dynamic gmin stepping completed

Error: measure  f0r  when(WHEN) : out of interval
Error: &f0r: no such variable.
Note: Starting dynamic gmin stepping
Note: Dynamic gmin stepping completed
Note: Starting dynamic gmin stepping
Note: Dynamic gmin stepping completed
Note: Starting dynamic gmin stepping
Note: Dynamic gmin stepping completed

Error: measure  f0r  when(WHEN) : out of interval
Error: &f0r: no such variable.
Note: Starting dynamic gmin stepping
Note: Dynamic gmin stepping completed
Note: Starting dynamic gmin stepping
Note: Dynamic gmin stepping completed
Note: Starting dynamic gmin stepping
Note: Dynamic gmin stepping completed

Error: measure  f0r  when(WHEN) : out of interval
Error: &f0r: no such variable.
