
Note: No compatibility mode selected!


Circuit: * dropout-vs-load @ bjt_ss_-40c_2.10v -- generated by sim/harness, do not edit

Doing analysis at TEMP = -40.000000 and TNOM = 27.000000

Using SPARSE 1.3 as Direct Linear Solver
 Reference value :  2.08500e+00
No. of Data Rows : 91
vin_knee_v          =  1.88188e+00
vin_knee_last_v     =  1.88188e+00
vout_210_v          =  1.79946e+00
i_vlmeas_210_a      =  5.00000e-02
m_vdrop_mv = 1.1788100000e+02
m_knee_uniqueness_mv = 0.0000000000e+00
m_vout_at_210_mv = 1.7994620000e+03
m_iload_ma = 5.0000000000e+01
Note: Simulation executed from .control section 

Note: Starting dynamic gmin stepping
Note: Dynamic gmin stepping completed
Note: Starting dynamic gmin stepping
Warning: Dynamic gmin stepping failed
Note: Starting true gmin stepping
Warning: True gmin stepping failed
Note: Starting source stepping
Note: Source stepping completed
