
Note: Compatibility modes selected: hs a


Circuit: * psrr-dc @ ff_125c_3.63v -- generated by sim/harness, do not edit

Doing analysis at TEMP = 125.000000 and TNOM = 27.000000

Using SPARSE 1.3 as Direct Linear Solver

No. of Data Rows : 1
Doing analysis at TEMP = 125.000000 and TNOM = 27.000000

Using SPARSE 1.3 as Direct Linear Solver

No. of Data Rows : 121
gpsr10_db           =  3.44114e+01
gpsr100_db          =  1.57473e+01
gpsr1k_db           =  1.71660e+00
gpsr10k_db          =  5.04317e-01
gpsr100k_db         =  6.06213e-01
adiff1k_db          =  6.09672e+01
adiff10k_db         =  4.10141e+01
adiff100k_db        =  2.41757e+01
Doing analysis at TEMP = 125.000000 and TNOM = 27.000000

Using SPARSE 1.3 as Direct Linear Solver

No. of Data Rows : 1
m_gpsr_1k_vv = 1.2185129715e+00
m_gpsr_1k_db = 1.7166030000e+00
m_gpsr_100k_db = 6.0621330000e-01
m_adiff_1k_db = 6.0967240000e+01
m_adiff_100k_db = 2.4175740000e+01
m_psrr_amp_1k_db = 5.9250637000e+01
m_psrr_ldo_1k_db = 5.7445414819e+01
m_psrr_ldo_10k_db = 3.7492274819e+01
m_psrr_ldo_1k_tracking_db = 6.1863105599e+01
Note: Simulation executed from .control section 

Warning: m=xx on .subckt line will override multiplier m hierarchy!

Note: Starting dynamic gmin stepping
Note: Dynamic gmin stepping completed
Note: Starting dynamic gmin stepping
Note: Dynamic gmin stepping completed
Note: Starting dynamic gmin stepping
Note: Dynamic gmin stepping completed
