
Note: No compatibility mode selected!


Circuit: * klt sim -- generated corner deck, do not edit

Doing analysis at TEMP = -40.000000 and TNOM = 27.000000

Using SPARSE 1.3 as Direct Linear Solver

Initial Transient Solution
--------------------------

Node                                   Voltage
----                                   -------
vin                                       2.97
enctl                                        0
en                                           0
vref                                       1.2
vout                               1.95505e-09
pg                                        2.97
xdut.fb                             9.1922e-07
xdut.xerramp.nbias                 5.89296e-10
xdut.xerramp.xrbias.11             1.06998e-09
xdut.xerramp.xrbias.21             3.55897e-06
xdut.xerramp.rbt                   3.55945e-06
xdut.xerramp.tail                      0.72817
xdut.xerramp.nd                           2.97
xdut.xerramp.n1                           2.97
xdut.xerramp.nz                           2.97
xdut.xerramp.xrz.11                       2.97
xdut.xerramp.xrz.21                       2.97
eout                                      2.97
xdut.bg                                   2.97
xdut.xerramp.nrza                         2.97
xdut.xerramp.xrza.11                      2.97
xdut.xerramp.xrza.21                      2.97
xdut.xerramp.nf                           2.97
xdut.xerramp.nbp                          2.97
xdut.xerramp.xrbufb.11                    2.97
xdut.xerramp.xrbufb.21                    2.97
xdut.xerramp.enb                          2.97
xdut.xilimit.isns                   2.1741e-09
xdut.xilimit.xrsns.11              1.96018e-09
xdut.xilimit.xrsns.21              2.16897e-09
xdut.xilimit.pb                        2.36085
xdut.xilimit.vth                   1.18375e-06
xdut.xilimit.xrref.11              2.44961e-09
xdut.xilimit.xrref.21              1.18326e-06
xdut.xilimit.pb_acqcv                  2.36085
xdut.xilimit.vg                        1.82616
xdut.xilimit.vx                        1.19503
xdut.xilimit.vtl                       2.16322
xdut.xilimit.vo1                       0.20021
xdut.xilimit.vd1                       0.31689
xdut.xilimit.vsu                   4.03537e-08
xdut.xilimit.pb_acqst                  2.36085
xdut.xilimit.bb                        1.19503
xdut.xilimit.xrbias.11                 1.19503
xdut.xilimit.xrbias.21                 1.19503
xdut.xilimit.vx_acqrb                  1.19503
xdut.xilimit.cn                       0.246739
xdut.xilimit.tail                      1.19795
xdut.xilimit.co                     5.1877e-10
xdut.xilimit.xrtail.11                 1.19795
xdut.xilimit.xrtail.21                 1.19795
xdut.xilimit.tailp                     1.19795
xdut.xilimit.enb                          2.97
xdut.xilimit.clg                          2.97
xdut.xilimit.xrl2.11                      2.97
xdut.xilimit.xrl2.21                      2.97
xdut.xsoftstart.pb_ss_acqcv            2.95135
xdut.xsoftstart.vg_ss                  1.83122
xdut.xsoftstart.vx_ss                  1.19997
xdut.xsoftstart.vtl_ss                 2.20361
xdut.xsoftstart.pb_ss                  2.95135
xdut.xsoftstart.vo1_ss                0.345434
xdut.xsoftstart.vd1_ss                0.349771
xdut.xsoftstart.vsu_ss             4.00033e-08
xdut.xsoftstart.pb_ss_acqst            2.95135
xdut.xsoftstart.bb                     1.19996
xdut.xsoftstart.ssr                3.76533e-08
xdut.xsoftstart.xrss_bias.11           1.19996
xdut.xsoftstart.xrss_bias.21           1.19997
xdut.xsoftstart.vx_ss_acqrb            1.19997
xdut.xsoftstart.sd                        2.97
xdut.xsoftstart.gmsa                      2.97
xdut.xsoftstart.gmia                      2.97
xdut.xsoftstart.gmvss                  2.10904
xdut.xsoftstart.gmsb                      2.97
xdut.xsoftstart.gmsum                     2.97
xdut.xsoftstart.gmrm                   2.96946
xdut.xsoftstart.gmod                   1.47554
xdut.xsoftstart.fbp                    1.20421
xdut.xsoftstart.hg                           0
xdut.xsoftstart.enb                       2.97
xdut.xsoftstart.xrh_ss.11                    0
xdut.xsoftstart.xrh_ss.21                    0
xdut.xsoftstart.xrr_ss.11                 2.97
xdut.xsoftstart.xrr_ss.21                 2.97
acq_il_w1                           0.00703352
acq_ss_w1                            0.0119664
acq_il_w2                           0.00703352
acq_ss_w2                            0.0119664
acq_il_w3                           0.00703352
acq_ss_w3                            0.0119664
acq_il_w4                           0.00703352
acq_ss_w4                            0.0119664
n_esr                              1.95505e-09
bacq_ss_w4#branch                            0
bacq_il_w4#branch                            0
bacq_ss_w3#branch                            0
bacq_il_w3#branch                            0
bacq_ss_w2#branch                            0
bacq_il_w2#branch                            0
bacq_ss_w1#branch                            0
bacq_il_w1#branch                            0
ben#branch                                   0
vloop#branch                       6.63925e-12
v.xdut.xsoftstart.vacq_rb#branch     2.39986e-12
v.xdut.xsoftstart.vacq_st#branch     2.95097e-12
v.xdut.xsoftstart.vacq_cv#branch     6.54876e-12
v.xdut.xilimit.vacq_rb#branch      2.39275e-12
v.xdut.xilimit.vacq_st#branch      2.36078e-12
v.xdut.xilimit.vacq_cv#branch      5.94707e-12
vref#branch                        2.90967e-12
venctl#branch                                0
vin#branch                        -2.48067e-10


No. of Data Rows : 14932

  Measurements for Transient Analysis

w1_il_vx_end        =  1.19999e+00
w1_il_bb_end        =  8.62167e-05
w1_il_pb_end        =  1.95766e+00
w1_il_vg_end        =  2.17780e+00
w1_il_vsu_end       =  4.15440e-08
w1_il_icv_end       =  9.42764e-07
w1_il_irb_end       =  9.42987e-07
w1_il_ist_end       =  -2.15722e-11
w1_il_vx_setmax     =  1.19999e+00 at=  1.34905e-04
w1_il_vx_setmin     =  1.19999e+00 at=  1.34455e-04
w1_il_vx_winmin     =  9.12867e-01 at=  2.00718e-05
w1_il_ist_peak      =  1.35280e-09 at=  2.00050e-05
w1_il_t99           =   2.03444e-05
w1_il_vx_pre        =  1.19503e+00
w1_il_pb_pre        =  2.36085e+00
w1_il_icv_pre       =  5.94747e-12
w1_ss_vx_end        =  1.19998e+00
w1_ss_bb_end        =  3.10557e-05
w1_ss_pb_end        =  2.11216e+00
w1_ss_vg_end        =  2.14077e+00
w1_ss_vsu_end       =  4.00590e-08
w1_ss_icv_end       =  3.39626e-07
w1_ss_irb_end       =  3.39623e-07
w1_ss_ist_end       =  2.11281e-12
w1_ss_vx_setmax     =  1.19998e+00 at=  1.50105e-04
w1_ss_vx_setmin     =  1.19998e+00 at=  1.40905e-04
w1_ss_vx_winmin     =  8.93978e-01 at=  4.33537e-05
w1_ss_ist_peak      =  1.14608e-09 at=  2.00050e-05
w1_ss_t99           =   5.32891e-05
w1_ss_vx_pre        =  1.19997e+00
w1_ss_pb_pre        =  2.95135e+00
w1_ss_icv_pre       =  6.54877e-12
w1_vref_end         =  1.20000e+00
w2_il_vx_end        =  1.19999e+00
w2_il_bb_end        =  8.67532e-05
w2_il_pb_end        =  1.95766e+00
w2_il_vg_end        =  2.17780e+00
w2_il_vsu_end       =  4.32780e-08
w2_il_icv_end       =  9.42731e-07
w2_il_irb_end       =  9.43120e-07
w2_il_ist_end       =  6.83772e-12
w2_il_vx_setmax     =  1.19999e+00 at=  3.89628e-04
w2_il_vx_setmin     =  1.19999e+00 at=  3.80278e-04
w2_il_vx_winmin     =  9.70276e-01 at=  2.70061e-04
w2_il_ist_peak      =  8.95022e-10 at=  2.70006e-04
w2_il_t99           =   2.70294e-04
w2_il_vx_pre        =  1.27392e+00
w2_il_pb_pre        =  2.31815e+00
w2_il_icv_pre       =  2.37264e-11
w2_ss_vx_end        =  1.19998e+00
w2_ss_bb_end        =  3.17790e-05
w2_ss_pb_end        =  2.11216e+00
w2_ss_vg_end        =  2.14077e+00
w2_ss_vsu_end       =  4.51693e-08
w2_ss_icv_end       =  3.39669e-07
w2_ss_irb_end       =  3.39618e-07
w2_ss_ist_end       =  2.22587e-12
w2_ss_vx_setmax     =  1.19998e+00 at=  3.99678e-04
w2_ss_vx_setmin     =  1.19998e+00 at=  3.91328e-04
w2_ss_vx_winmin     =  9.91792e-01 at=  2.71849e-04
w2_ss_ist_peak      =  9.70762e-10 at=  2.70005e-04
w2_ss_t99           =   2.80787e-04
w2_ss_vx_pre        =  1.29572e+00
w2_ss_pb_pre        =  2.27242e+00
w2_ss_icv_pre       =  5.81907e-12
w2_vref_end         =  1.20000e+00
w3_il_vx_end        =  1.19999e+00
w3_il_bb_end        =  8.93303e-05
w3_il_pb_end        =  1.95766e+00
w3_il_vg_end        =  2.17780e+00
w3_il_vsu_end       =  6.14538e-08
w3_il_icv_end       =  9.43295e-07
w3_il_irb_end       =  9.43085e-07
w3_il_ist_end       =  4.03568e-11
w3_il_vx_setmax     =  1.19999e+00 at=  5.32393e-04
w3_il_vx_setmin     =  1.19999e+00 at=  5.34143e-04
w3_il_vx_winmin     =  1.09219e+00 at=  4.21038e-04
w3_il_ist_peak      =  8.69798e-10 at=  4.21006e-04
w3_il_t99           =   4.21160e-04
w3_il_vx_pre        =  1.26657e+00
w3_il_pb_pre        =  2.13402e+00
w3_il_icv_pre       =  3.30254e-09
w3_ss_vx_end        =  1.19998e+00
w3_ss_bb_end        =  3.53083e-05
w3_ss_pb_end        =  2.11216e+00
w3_ss_vg_end        =  2.14077e+00
w3_ss_vsu_end       =  6.97697e-08
w3_ss_icv_end       =  3.39627e-07
w3_ss_irb_end       =  3.39583e-07
w3_ss_ist_end       =  2.76728e-12
w3_ss_vx_setmax     =  1.19998e+00 at=  5.30693e-04
w3_ss_vx_setmin     =  1.19998e+00 at=  5.52643e-04
w3_ss_vx_winmin     =  1.17411e+00 at=  4.21506e-04
w3_ss_ist_peak      =  9.47244e-10 at=  4.21005e-04
w3_ss_t99           =   4.22606e-04
w3_ss_vx_pre        =  1.24910e+00
w3_ss_pb_pre        =  2.12158e+00
w3_ss_icv_pre       =  4.79438e-08
w3_vref_end         =  1.20000e+00
w4_il_vx_end        =  1.19999e+00
w4_il_bb_end        =  9.78536e-05
w4_il_pb_end        =  1.95766e+00
w4_il_vg_end        =  2.17780e+00
w4_il_vsu_end       =  1.25729e-07
w4_il_icv_end       =  9.44720e-07
w4_il_irb_end       =  9.41930e-07
w4_il_ist_end       =  -7.85968e-11
w4_il_vx_setmax     =  1.19999e+00 at=  6.90095e-04
w4_il_vx_setmin     =  1.19999e+00 at=  6.90345e-04
w4_il_vx_winmin     =  1.02634e+00 at=  5.80052e-04
w4_il_ist_peak      =  1.53102e-09 at=  5.80006e-04
w4_il_t99           =   5.80231e-04
w4_il_vx_pre        =  1.27560e+00
w4_il_pb_pre        =  2.24740e+00
w4_il_icv_pre       =  6.97174e-12
w4_ss_vx_end        =  1.19998e+00
w4_ss_bb_end        =  3.94344e-05
w4_ss_pb_end        =  2.11216e+00
w4_ss_vg_end        =  2.14077e+00
w4_ss_vsu_end       =  9.93634e-08
w4_ss_icv_end       =  3.39808e-07
w4_ss_irb_end       =  3.39294e-07
w4_ss_ist_end       =  3.63301e-12
w4_ss_vx_setmax     =  1.19998e+00 at=  6.98295e-04
w4_ss_vx_setmin     =  1.19998e+00 at=  6.90945e-04
w4_ss_vx_winmin     =  1.08826e+00 at=  5.80806e-04
w4_ss_ist_peak      =  1.33114e-09 at=  5.80005e-04
w4_ss_t99           =   5.86032e-04
w4_ss_vx_pre        =  1.29846e+00
w4_ss_pb_pre        =  2.19799e+00
w4_ss_icv_pre       =  7.30088e-11
w4_vref_end         =  1.20000e+00

ngspice-46 done
