
Note: No compatibility mode selected!


Circuit: * loop-stability -- tian dual-injection loop-gain testbench for ldo_core (issue #10)

* corner_id=ss_125c_3.63v corner=ss temp_c=125 vin_v=3.63
* ac sweep: dec 400 0.01 1e9 ; Tian dual injection at ERRAMP_OUT->PASS_GATE
* columns: ROW iload_a= ceff_f= esr_ohm= vout_v= dcgain_db= f0_hz= phase_at_f0_deg=
*          f180_hz= gain_at_f180_db= f0_rising_hz= resurgence_db=
* (phase margin = 180 + phase_at_f0_deg ; gain margin = -gain_at_f180_db ;
*  resurgence_db = max |T| in dB above the first 0 dB crossing, DR-0008 ;
*  an empty f180/gain field means the phase never reaches -180 deg in band)
* Fields are written key=value BECAUSE a failed meas leaves its value
* empty: with bare positional fields an empty one vanishes into the
* whitespace and every field after it is read as the wrong quantity.
Doing analysis at TEMP = 125.000000 and TNOM = 27.000000

Using SPARSE 1.3 as Direct Linear Solver

No. of Data Rows : 1
Doing analysis at TEMP = 125.000000 and TNOM = 27.000000

Using SPARSE 1.3 as Direct Linear Solver
 Reference value :  1.00000e-02
No. of Data Rows : 4401
Doing analysis at TEMP = 125.000000 and TNOM = 27.000000

Using SPARSE 1.3 as Direct Linear Solver
 Reference value :  1.75792e+01
No. of Data Rows : 4401
dcg                 =  1.25156e+02
f0                  =  2.10672e+03
phx                 =  -1.55293e+02
f180                =  3.10096e+05
gmx                 =  -5.87301e+01
 meas ac f0r when tdb=0 rise=1 failed!

tres                =  -7.76139e-01 at=  2.21309e+03
ROW iload_a=0 ceff_f=3.3e-07 esr_ohm=0.001 vout_v=1.79908 dcgain_db=125.156 f0_hz=2106.72 phase_at_f0_deg=-155.293 f180_hz=310096 gain_at_f180_db=-58.7301 f0_rising_hz= resurgence_db=-0.776139
Doing analysis at TEMP = 125.000000 and TNOM = 27.000000

Using SPARSE 1.3 as Direct Linear Solver

No. of Data Rows : 1
Doing analysis at TEMP = 125.000000 and TNOM = 27.000000

Using SPARSE 1.3 as Direct Linear Solver
 Reference value :  1.00000e-02
No. of Data Rows : 4401
Doing analysis at TEMP = 125.000000 and TNOM = 27.000000

Using SPARSE 1.3 as Direct Linear Solver
 Reference value :  2.91743e+01
No. of Data Rows : 4401
dcg                 =  1.25156e+02
f0                  =  2.10672e+03
phx                 =  -1.55281e+02
f180                =  3.27091e+05
gmx                 =  -5.96257e+01
 meas ac f0r when tdb=0 rise=1 failed!

tres                =  -7.76139e-01 at=  2.21309e+03
ROW iload_a=0 ceff_f=3.3e-07 esr_ohm=0.05 vout_v=1.79908 dcgain_db=125.156 f0_hz=2106.72 phase_at_f0_deg=-155.281 f180_hz=327091 gain_at_f180_db=-59.6257 f0_rising_hz= resurgence_db=-0.776139
Doing analysis at TEMP = 125.000000 and TNOM = 27.000000

Using SPARSE 1.3 as Direct Linear Solver

No. of Data Rows : 1
Doing analysis at TEMP = 125.000000 and TNOM = 27.000000

Using SPARSE 1.3 as Direct Linear Solver
 Reference value :  1.00000e-02
No. of Data Rows : 4401
Doing analysis at TEMP = 125.000000 and TNOM = 27.000000

Using SPARSE 1.3 as Direct Linear Solver
 Reference value :  3.63078e+00
No. of Data Rows : 4401
dcg                 =  1.25156e+02
f0                  =  2.10672e+03
phx                 =  -1.55243e+02
f180                =  4.02543e+05
gmx                 =  -6.30703e+01
 meas ac f0r when tdb=0 rise=1 failed!

tres                =  -7.76137e-01 at=  2.21309e+03
ROW iload_a=0 ceff_f=3.3e-07 esr_ohm=0.2 vout_v=1.79908 dcgain_db=125.156 f0_hz=2106.72 phase_at_f0_deg=-155.243 f180_hz=402543 gain_at_f180_db=-63.0703 f0_rising_hz= resurgence_db=-0.776137
Doing analysis at TEMP = 125.000000 and TNOM = 27.000000

Using SPARSE 1.3 as Direct Linear Solver

No. of Data Rows : 1
Doing analysis at TEMP = 125.000000 and TNOM = 27.000000

Using SPARSE 1.3 as Direct Linear Solver
 Reference value :  1.00000e-02
No. of Data Rows : 4401
Doing analysis at TEMP = 125.000000 and TNOM = 27.000000

Using SPARSE 1.3 as Direct Linear Solver
 Reference value :  3.63078e+00
No. of Data Rows : 4401
dcg                 =  1.25156e+02
f0                  =  2.10673e+03
phx                 =  -1.55168e+02
f180                =  1.01767e+06
gmx                 =  -7.74805e+01
 meas ac f0r when tdb=0 rise=1 failed!

tres                =  -7.76122e-01 at=  2.21309e+03
ROW iload_a=0 ceff_f=3.3e-07 esr_ohm=0.5 vout_v=1.79908 dcgain_db=125.156 f0_hz=2106.73 phase_at_f0_deg=-155.168 f180_hz=1.01767E+06 gain_at_f180_db=-77.4805 f0_rising_hz= resurgence_db=-0.776122
Doing analysis at TEMP = 125.000000 and TNOM = 27.000000

Using SPARSE 1.3 as Direct Linear Solver

No. of Data Rows : 1
Doing analysis at TEMP = 125.000000 and TNOM = 27.000000

Using SPARSE 1.3 as Direct Linear Solver
 Reference value :  1.00000e-02
No. of Data Rows : 4401
Doing analysis at TEMP = 125.000000 and TNOM = 27.000000

Using SPARSE 1.3 as Direct Linear Solver
 Reference value :  8.03526e-01
No. of Data Rows : 4401
dcg                 =  1.25148e+02
f0                  =  1.17105e+03
phx                 =  -1.65530e+02
f180                =  3.08960e+05
gmx                 =  -6.83523e+01
 meas ac f0r when tdb=0 rise=1 failed!

tres                =  -8.28909e-01 at=  1.23027e+03
ROW iload_a=0 ceff_f=1e-06 esr_ohm=0.001 vout_v=1.79908 dcgain_db=125.148 f0_hz=1171.05 phase_at_f0_deg=-165.53 f180_hz=308960 gain_at_f180_db=-68.3523 f0_rising_hz= resurgence_db=-0.828909
Doing analysis at TEMP = 125.000000 and TNOM = 27.000000

Using SPARSE 1.3 as Direct Linear Solver

No. of Data Rows : 1
Doing analysis at TEMP = 125.000000 and TNOM = 27.000000

Using SPARSE 1.3 as Direct Linear Solver
 Reference value :  1.00000e-02
No. of Data Rows : 4401
Doing analysis at TEMP = 125.000000 and TNOM = 27.000000

Using SPARSE 1.3 as Direct Linear Solver
 Reference value :  7.37055e+00
No. of Data Rows : 4401
dcg                 =  1.25148e+02
f0                  =  1.17105e+03
phx                 =  -1.65509e+02
f180                =  3.71971e+05
gmx                 =  -7.14940e+01
 meas ac f0r when tdb=0 rise=1 failed!

tres                =  -8.28909e-01 at=  1.23027e+03
ROW iload_a=0 ceff_f=1e-06 esr_ohm=0.05 vout_v=1.79908 dcgain_db=125.148 f0_hz=1171.05 phase_at_f0_deg=-165.509 f180_hz=371971 gain_at_f180_db=-71.494 f0_rising_hz= resurgence_db=-0.828909
Doing analysis at TEMP = 125.000000 and TNOM = 27.000000

Using SPARSE 1.3 as Direct Linear Solver

No. of Data Rows : 1
Doing analysis at TEMP = 125.000000 and TNOM = 27.000000

Using SPARSE 1.3 as Direct Linear Solver
 Reference value :  1.00000e-02
No. of Data Rows : 4401
Doing analysis at TEMP = 125.000000 and TNOM = 27.000000

Using SPARSE 1.3 as Direct Linear Solver
 Reference value :  1.87284e+01
No. of Data Rows : 4401
dcg                 =  1.25148e+02
f0                  =  1.17105e+03
phx                 =  -1.65446e+02
f180                =  5.82612e+06
gmx                 =  -7.98205e+01
 meas ac f0r when tdb=0 rise=1 failed!

tres                =  -8.28901e-01 at=  1.23027e+03
ROW iload_a=0 ceff_f=1e-06 esr_ohm=0.2 vout_v=1.79908 dcgain_db=125.148 f0_hz=1171.05 phase_at_f0_deg=-165.446 f180_hz=5.82612E+06 gain_at_f180_db=-79.8205 f0_rising_hz= resurgence_db=-0.828901
Doing analysis at TEMP = 125.000000 and TNOM = 27.000000

Using SPARSE 1.3 as Direct Linear Solver

No. of Data Rows : 1
Doing analysis at TEMP = 125.000000 and TNOM = 27.000000

Using SPARSE 1.3 as Direct Linear Solver
 Reference value :  1.00000e-02
No. of Data Rows : 4401
Doing analysis at TEMP = 125.000000 and TNOM = 27.000000

Using SPARSE 1.3 as Direct Linear Solver
 Reference value :  6.20155e+00
No. of Data Rows : 4401
dcg                 =  1.25148e+02
f0                  =  1.17105e+03
phx                 =  -1.65319e+02
f180                =  5.70304e+06
gmx                 =  -7.99451e+01
 meas ac f0r when tdb=0 rise=1 failed!

tres                =  -8.28850e-01 at=  1.23027e+03
ROW iload_a=0 ceff_f=1e-06 esr_ohm=0.5 vout_v=1.79908 dcgain_db=125.148 f0_hz=1171.05 phase_at_f0_deg=-165.319 f180_hz=5.70304E+06 gain_at_f180_db=-79.9451 f0_rising_hz= resurgence_db=-0.82885
Doing analysis at TEMP = 125.000000 and TNOM = 27.000000

Using SPARSE 1.3 as Direct Linear Solver

No. of Data Rows : 1
Doing analysis at TEMP = 125.000000 and TNOM = 27.000000

Using SPARSE 1.3 as Direct Linear Solver
 Reference value :  1.00000e-02
No. of Data Rows : 4401
Doing analysis at TEMP = 125.000000 and TNOM = 27.000000

Using SPARSE 1.3 as Direct Linear Solver
 Reference value :  5.40132e+00
No. of Data Rows : 4401
dcg                 =  1.24975e+02
f0                  =  5.33307e+02
phx                 =  -1.73022e+02
f180                =  3.02254e+05
gmx                 =  -8.17067e+01
 meas ac f0r when tdb=0 rise=1 failed!

tres                =  -9.14278e-01 at=  5.62341e+02
ROW iload_a=0 ceff_f=4.7e-06 esr_ohm=0.001 vout_v=1.79908 dcgain_db=124.975 f0_hz=533.307 phase_at_f0_deg=-173.022 f180_hz=302254 gain_at_f180_db=-81.7067 f0_rising_hz= resurgence_db=-0.914278
Doing analysis at TEMP = 125.000000 and TNOM = 27.000000

Using SPARSE 1.3 as Direct Linear Solver

No. of Data Rows : 1
Doing analysis at TEMP = 125.000000 and TNOM = 27.000000

Using SPARSE 1.3 as Direct Linear Solver
 Reference value :  1.00000e-02
No. of Data Rows : 4401
Doing analysis at TEMP = 125.000000 and TNOM = 27.000000

Using SPARSE 1.3 as Direct Linear Solver
 Reference value :  7.98914e+00
No. of Data Rows : 4401
dcg                 =  1.24975e+02
f0                  =  5.33307e+02
phx                 =  -1.72978e+02
f180                =  5.87747e+06
gmx                 =  -7.97430e+01
 meas ac f0r when tdb=0 rise=1 failed!

tres                =  -9.14276e-01 at=  5.62341e+02
ROW iload_a=0 ceff_f=4.7e-06 esr_ohm=0.05 vout_v=1.79908 dcgain_db=124.975 f0_hz=533.307 phase_at_f0_deg=-172.978 f180_hz=5.87747E+06 gain_at_f180_db=-79.743 f0_rising_hz= resurgence_db=-0.914276
Doing analysis at TEMP = 125.000000 and TNOM = 27.000000

Using SPARSE 1.3 as Direct Linear Solver

No. of Data Rows : 1
Doing analysis at TEMP = 125.000000 and TNOM = 27.000000

Using SPARSE 1.3 as Direct Linear Solver
 Reference value :  1.00000e-02
No. of Data Rows : 4401
Doing analysis at TEMP = 125.000000 and TNOM = 27.000000

Using SPARSE 1.3 as Direct Linear Solver
 Reference value :  6.16595e+01
No. of Data Rows : 4401
dcg                 =  1.24975e+02
f0                  =  5.33309e+02
phx                 =  -1.72843e+02
f180                =  5.82021e+06
gmx                 =  -7.98030e+01
 meas ac f0r when tdb=0 rise=1 failed!

tres                =  -9.14233e-01 at=  5.62341e+02
ROW iload_a=0 ceff_f=4.7e-06 esr_ohm=0.2 vout_v=1.79908 dcgain_db=124.975 f0_hz=533.309 phase_at_f0_deg=-172.843 f180_hz=5.82021E+06 gain_at_f180_db=-79.803 f0_rising_hz= resurgence_db=-0.914233
Doing analysis at TEMP = 125.000000 and TNOM = 27.000000

Using SPARSE 1.3 as Direct Linear Solver

No. of Data Rows : 1
Doing analysis at TEMP = 125.000000 and TNOM = 27.000000

Using SPARSE 1.3 as Direct Linear Solver
 Reference value :  1.00000e-02
No. of Data Rows : 4401
Doing analysis at TEMP = 125.000000 and TNOM = 27.000000

Using SPARSE 1.3 as Direct Linear Solver
 Reference value :  3.00262e+01
No. of Data Rows : 4401
dcg                 =  1.24975e+02
f0                  =  5.33315e+02
phx                 =  -1.72572e+02
f180                =  5.69688e+06
gmx                 =  -7.99261e+01
 meas ac f0r when tdb=0 rise=1 failed!

tres                =  -9.13985e-01 at=  5.62341e+02
ROW iload_a=0 ceff_f=4.7e-06 esr_ohm=0.5 vout_v=1.79908 dcgain_db=124.975 f0_hz=533.315 phase_at_f0_deg=-172.572 f180_hz=5.69688E+06 gain_at_f180_db=-79.9261 f0_rising_hz= resurgence_db=-0.913985
Doing analysis at TEMP = 125.000000 and TNOM = 27.000000

Using SPARSE 1.3 as Direct Linear Solver

No. of Data Rows : 1
Doing analysis at TEMP = 125.000000 and TNOM = 27.000000

Using SPARSE 1.3 as Direct Linear Solver
 Reference value :  1.00000e-02
No. of Data Rows : 4401
Doing analysis at TEMP = 125.000000 and TNOM = 27.000000

Using SPARSE 1.3 as Direct Linear Solver
 Reference value :  3.63078e+00
No. of Data Rows : 4401
dcg                 =  1.39768e+02
f0                  =  7.03694e+04
phx                 =  -1.19455e+02
f180                =  3.70256e+05
gmx                 =  -2.26875e+01
 meas ac f0r when tdb=0 rise=1 failed!

tres                =  -5.16586e-01 at=  7.41310e+04
ROW iload_a=0.0001 ceff_f=3.3e-07 esr_ohm=0.001 vout_v=1.79908 dcgain_db=139.768 f0_hz=70369.4 phase_at_f0_deg=-119.455 f180_hz=370256 gain_at_f180_db=-22.6876 f0_rising_hz= resurgence_db=-0.516586
Doing analysis at TEMP = 125.000000 and TNOM = 27.000000

Using SPARSE 1.3 as Direct Linear Solver

No. of Data Rows : 1
Doing analysis at TEMP = 125.000000 and TNOM = 27.000000

Using SPARSE 1.3 as Direct Linear Solver
 Reference value :  1.00000e-02
No. of Data Rows : 4401
Doing analysis at TEMP = 125.000000 and TNOM = 27.000000

Using SPARSE 1.3 as Direct Linear Solver
 Reference value :  3.63078e+00
No. of Data Rows : 4401
dcg                 =  1.39768e+02
f0                  =  6.95655e+04
phx                 =  -1.19394e+02
f180                =  3.86579e+05
gmx                 =  -2.36713e+01
 meas ac f0r when tdb=0 rise=1 failed!

tres                =  -5.17929e-01 at=  7.32825e+04
ROW iload_a=0.0001 ceff_f=3.3e-07 esr_ohm=0.05 vout_v=1.79908 dcgain_db=139.768 f0_hz=69565.5 phase_at_f0_deg=-119.394 f180_hz=386579 gain_at_f180_db=-23.6713 f0_rising_hz= resurgence_db=-0.517929
Doing analysis at TEMP = 125.000000 and TNOM = 27.000000

Using SPARSE 1.3 as Direct Linear Solver

No. of Data Rows : 1
Doing analysis at TEMP = 125.000000 and TNOM = 27.000000

Using SPARSE 1.3 as Direct Linear Solver
 Reference value :  1.00000e-02
No. of Data Rows : 4401
Doing analysis at TEMP = 125.000000 and TNOM = 27.000000

Using SPARSE 1.3 as Direct Linear Solver
 Reference value :  1.18850e+01
No. of Data Rows : 4401
dcg                 =  1.39768e+02
f0                  =  7.03956e+04
phx                 =  -1.17802e+02
f180                =  4.98482e+05
gmx                 =  -2.75896e+01
 meas ac f0r when tdb=0 rise=1 failed!

tres                =  -5.12530e-01 at=  7.41310e+04
ROW iload_a=0.0001 ceff_f=3.3e-07 esr_ohm=0.2 vout_v=1.79908 dcgain_db=139.768 f0_hz=70395.6 phase_at_f0_deg=-117.802 f180_hz=498482 gain_at_f180_db=-27.5896 f0_rising_hz= resurgence_db=-0.51253
Doing analysis at TEMP = 125.000000 and TNOM = 27.000000

Using SPARSE 1.3 as Direct Linear Solver

No. of Data Rows : 1
Doing analysis at TEMP = 125.000000 and TNOM = 27.000000

Using SPARSE 1.3 as Direct Linear Solver
 Reference value :  1.00000e-02
No. of Data Rows : 4401
Doing analysis at TEMP = 125.000000 and TNOM = 27.000000

Using SPARSE 1.3 as Direct Linear Solver
 Reference value :  2.33077e+00
No. of Data Rows : 4401
dcg                 =  1.39768e+02
f0                  =  6.97235e+04
phx                 =  -1.15737e+02
f180                =  1.04113e+06
gmx                 =  -3.83044e+01
 meas ac f0r when tdb=0 rise=1 failed!

tres                =  -4.93289e-01 at=  7.32825e+04
ROW iload_a=0.0001 ceff_f=3.3e-07 esr_ohm=0.5 vout_v=1.79908 dcgain_db=139.768 f0_hz=69723.5 phase_at_f0_deg=-115.737 f180_hz=1.04113E+06 gain_at_f180_db=-38.3044 f0_rising_hz= resurgence_db=-0.493289
Doing analysis at TEMP = 125.000000 and TNOM = 27.000000

Using SPARSE 1.3 as Direct Linear Solver

No. of Data Rows : 1
Doing analysis at TEMP = 125.000000 and TNOM = 27.000000

Using SPARSE 1.3 as Direct Linear Solver
 Reference value :  1.00000e-02
No. of Data Rows : 4401
Doing analysis at TEMP = 125.000000 and TNOM = 27.000000

Using SPARSE 1.3 as Direct Linear Solver
 Reference value :  1.34896e+00
No. of Data Rows : 4401
dcg                 =  1.39768e+02
f0                  =  2.25180e+04
phx                 =  -1.06624e+02
f180                =  3.71105e+05
gmx                 =  -3.23564e+01
 meas ac f0r when tdb=0 rise=1 failed!

tres                =  -4.26485e-01 at=  2.37137e+04
ROW iload_a=0.0001 ceff_f=1e-06 esr_ohm=0.001 vout_v=1.79908 dcgain_db=139.768 f0_hz=22518 phase_at_f0_deg=-106.624 f180_hz=371105 gain_at_f180_db=-32.3564 f0_rising_hz= resurgence_db=-0.426485
Doing analysis at TEMP = 125.000000 and TNOM = 27.000000

Using SPARSE 1.3 as Direct Linear Solver

No. of Data Rows : 1
Doing analysis at TEMP = 125.000000 and TNOM = 27.000000

Using SPARSE 1.3 as Direct Linear Solver
 Reference value :  1.00000e-02
No. of Data Rows : 4401
Doing analysis at TEMP = 125.000000 and TNOM = 27.000000

Using SPARSE 1.3 as Direct Linear Solver
 Reference value :  4.46684e+00
No. of Data Rows : 4401
dcg                 =  1.39768e+02
f0                  =  2.23439e+04
phx                 =  -1.06636e+02
f180                =  4.48341e+05
gmx                 =  -3.57562e+01
 meas ac f0r when tdb=0 rise=1 failed!

tres                =  -4.44684e-01 at=  2.35776e+04
ROW iload_a=0.0001 ceff_f=1e-06 esr_ohm=0.05 vout_v=1.79908 dcgain_db=139.768 f0_hz=22343.9 phase_at_f0_deg=-106.636 f180_hz=448341 gain_at_f180_db=-35.7562 f0_rising_hz= resurgence_db=-0.444684
Doing analysis at TEMP = 125.000000 and TNOM = 27.000000

Using SPARSE 1.3 as Direct Linear Solver

No. of Data Rows : 1
Doing analysis at TEMP = 125.000000 and TNOM = 27.000000

Using SPARSE 1.3 as Direct Linear Solver
 Reference value :  1.00000e-02
No. of Data Rows : 4401
Doing analysis at TEMP = 125.000000 and TNOM = 27.000000

Using SPARSE 1.3 as Direct Linear Solver
 Reference value :  6.49382e+00
No. of Data Rows : 4401
dcg                 =  1.39768e+02
f0                  =  2.25274e+04
phx                 =  -1.05008e+02
f180                =  1.24619e+06
gmx                 =  -4.92364e+01
 meas ac f0r when tdb=0 rise=1 failed!

tres                =  -4.22680e-01 at=  2.37137e+04
ROW iload_a=0.0001 ceff_f=1e-06 esr_ohm=0.2 vout_v=1.79908 dcgain_db=139.768 f0_hz=22527.4 phase_at_f0_deg=-105.008 f180_hz=1.24619E+06 gain_at_f180_db=-49.2364 f0_rising_hz= resurgence_db=-0.42268
Doing analysis at TEMP = 125.000000 and TNOM = 27.000000

Using SPARSE 1.3 as Direct Linear Solver

No. of Data Rows : 1
Doing analysis at TEMP = 125.000000 and TNOM = 27.000000

Using SPARSE 1.3 as Direct Linear Solver
 Reference value :  1.00000e-02
No. of Data Rows : 4401
Doing analysis at TEMP = 125.000000 and TNOM = 27.000000

Using SPARSE 1.3 as Direct Linear Solver
 Reference value :  1.99526e+00
No. of Data Rows : 4401
dcg                 =  1.39768e+02
f0                  =  2.24007e+04
phx                 =  -1.02996e+02
f180                =  1.71761e+06
gmx                 =  -4.71067e+01
 meas ac f0r when tdb=0 rise=1 failed!

tres                =  -4.21272e-01 at=  2.35776e+04
ROW iload_a=0.0001 ceff_f=1e-06 esr_ohm=0.5 vout_v=1.79908 dcgain_db=139.768 f0_hz=22400.7 phase_at_f0_deg=-102.996 f180_hz=1.71761E+06 gain_at_f180_db=-47.1067 f0_rising_hz= resurgence_db=-0.421272
Doing analysis at TEMP = 125.000000 and TNOM = 27.000000

Using SPARSE 1.3 as Direct Linear Solver

No. of Data Rows : 1
Doing analysis at TEMP = 125.000000 and TNOM = 27.000000

Using SPARSE 1.3 as Direct Linear Solver
 Reference value :  1.00000e-02
No. of Data Rows : 4401
Doing analysis at TEMP = 125.000000 and TNOM = 27.000000

Using SPARSE 1.3 as Direct Linear Solver
 Reference value :  1.34896e+01
No. of Data Rows : 4401
dcg                 =  1.39768e+02
f0                  =  5.97216e+03
phx                 =  -1.33395e+02
f180                =  3.75971e+05
gmx                 =  -4.60224e+01
 meas ac f0r when tdb=0 rise=1 failed!

tres                =  -6.18275e-01 at=  6.27336e+03
ROW iload_a=0.0001 ceff_f=4.7e-06 esr_ohm=0.001 vout_v=1.79908 dcgain_db=139.768 f0_hz=5972.16 phase_at_f0_deg=-133.395 f180_hz=375971 gain_at_f180_db=-46.0224 f0_rising_hz= resurgence_db=-0.618275
Doing analysis at TEMP = 125.000000 and TNOM = 27.000000

Using SPARSE 1.3 as Direct Linear Solver

No. of Data Rows : 1
Doing analysis at TEMP = 125.000000 and TNOM = 27.000000

Using SPARSE 1.3 as Direct Linear Solver
 Reference value :  1.00000e-02
No. of Data Rows : 4401
Doing analysis at TEMP = 125.000000 and TNOM = 27.000000

Using SPARSE 1.3 as Direct Linear Solver
 Reference value :  3.71535e+00
No. of Data Rows : 4401
dcg                 =  1.39768e+02
f0                  =  5.95692e+03
phx                 =  -1.33248e+02
f180                =  1.45887e+06
gmx                 =  -6.43255e+01
 meas ac f0r when tdb=0 rise=1 failed!

tres                =  -6.52209e-01 at=  6.27336e+03
ROW iload_a=0.0001 ceff_f=4.7e-06 esr_ohm=0.05 vout_v=1.79908 dcgain_db=139.768 f0_hz=5956.92 phase_at_f0_deg=-133.248 f180_hz=1.45887E+06 gain_at_f180_db=-64.3255 f0_rising_hz= resurgence_db=-0.652209
Doing analysis at TEMP = 125.000000 and TNOM = 27.000000

Using SPARSE 1.3 as Direct Linear Solver

No. of Data Rows : 1
Doing analysis at TEMP = 125.000000 and TNOM = 27.000000

Using SPARSE 1.3 as Direct Linear Solver
 Reference value :  1.00000e-02
No. of Data Rows : 4401
Doing analysis at TEMP = 125.000000 and TNOM = 27.000000

Using SPARSE 1.3 as Direct Linear Solver
 Reference value :  3.67282e+00
No. of Data Rows : 4401
dcg                 =  1.39768e+02
f0                  =  5.97468e+03
phx                 =  -1.31372e+02
f180                =  1.87297e+06
gmx                 =  -5.61383e+01
 meas ac f0r when tdb=0 rise=1 failed!

tres                =  -6.83900e-01 at=  6.30957e+03
ROW iload_a=0.0001 ceff_f=4.7e-06 esr_ohm=0.2 vout_v=1.79908 dcgain_db=139.768 f0_hz=5974.68 phase_at_f0_deg=-131.372 f180_hz=1.87297E+06 gain_at_f180_db=-56.1383 f0_rising_hz= resurgence_db=-0.6839
Doing analysis at TEMP = 125.000000 and TNOM = 27.000000

Using SPARSE 1.3 as Direct Linear Solver

No. of Data Rows : 1
Doing analysis at TEMP = 125.000000 and TNOM = 27.000000

Using SPARSE 1.3 as Direct Linear Solver
 Reference value :  1.00000e-02
No. of Data Rows : 4401
Doing analysis at TEMP = 125.000000 and TNOM = 27.000000

Using SPARSE 1.3 as Direct Linear Solver
 Reference value :  4.29042e+00
No. of Data Rows : 4401
dcg                 =  1.39768e+02
f0                  =  5.97253e+03
phx                 =  -1.28637e+02
f180                =  1.92874e+06
gmx                 =  -4.89390e+01
 meas ac f0r when tdb=0 rise=1 failed!

tres                =  -6.15589e-01 at=  6.27336e+03
ROW iload_a=0.0001 ceff_f=4.7e-06 esr_ohm=0.5 vout_v=1.79908 dcgain_db=139.768 f0_hz=5972.53 phase_at_f0_deg=-128.638 f180_hz=1.92874E+06 gain_at_f180_db=-48.939 f0_rising_hz= resurgence_db=-0.615589
Doing analysis at TEMP = 125.000000 and TNOM = 27.000000

Using SPARSE 1.3 as Direct Linear Solver

No. of Data Rows : 1
Doing analysis at TEMP = 125.000000 and TNOM = 27.000000

Using SPARSE 1.3 as Direct Linear Solver
 Reference value :  1.00000e-02
No. of Data Rows : 4401
Doing analysis at TEMP = 125.000000 and TNOM = 27.000000

Using SPARSE 1.3 as Direct Linear Solver
 Reference value :  2.27772e-02
No. of Data Rows : 4401
dcg                 =  1.40789e+02
f0                  =  2.22707e+05
phx                 =  -1.36433e+02
f180                =  5.33130e+05
gmx                 =  -1.16198e+01
 meas ac f0r when tdb=0 rise=1 failed!

tres                =  -5.76958e-01 at=  2.34423e+05
ROW iload_a=0.001 ceff_f=3.3e-07 esr_ohm=0.001 vout_v=1.79908 dcgain_db=140.789 f0_hz=222707 phase_at_f0_deg=-136.434 f180_hz=533130 gain_at_f180_db=-11.6198 f0_rising_hz= resurgence_db=-0.576958
Doing analysis at TEMP = 125.000000 and TNOM = 27.000000

Using SPARSE 1.3 as Direct Linear Solver

No. of Data Rows : 1
Doing analysis at TEMP = 125.000000 and TNOM = 27.000000

Using SPARSE 1.3 as Direct Linear Solver
 Reference value :  1.00000e-02
No. of Data Rows : 4401
Doing analysis at TEMP = 125.000000 and TNOM = 27.000000

Using SPARSE 1.3 as Direct Linear Solver
 Reference value :  1.00000e-02
No. of Data Rows : 4401
dcg                 =  1.40789e+02
f0                  =  2.30179e+05
phx                 =  -1.33821e+02
f180                =  5.78660e+05
gmx                 =  -1.21595e+01
 meas ac f0r when tdb=0 rise=1 failed!

tres                =  -5.79148e-01 at=  2.42661e+05
ROW iload_a=0.001 ceff_f=3.3e-07 esr_ohm=0.05 vout_v=1.79908 dcgain_db=140.789 f0_hz=230179 phase_at_f0_deg=-133.821 f180_hz=578660 gain_at_f180_db=-12.1595 f0_rising_hz= resurgence_db=-0.579148
Doing analysis at TEMP = 125.000000 and TNOM = 27.000000

Using SPARSE 1.3 as Direct Linear Solver
 Reference value :  0.00000e+00
No. of Data Rows : 1
Doing analysis at TEMP = 125.000000 and TNOM = 27.000000

Using SPARSE 1.3 as Direct Linear Solver

No. of Data Rows : 4401
Doing analysis at TEMP = 125.000000 and TNOM = 27.000000

Using SPARSE 1.3 as Direct Linear Solver
 Reference value :  1.00000e-02
No. of Data Rows : 4401
dcg                 =  1.40789e+02
f0                  =  2.23445e+05
phx                 =  -1.31298e+02
f180                =  6.89395e+05
gmx                 =  -1.55201e+01
 meas ac f0r when tdb=0 rise=1 failed!

tres                =  -6.01328e-01 at=  2.35776e+05
ROW iload_a=0.001 ceff_f=3.3e-07 esr_ohm=0.2 vout_v=1.79908 dcgain_db=140.789 f0_hz=223445 phase_at_f0_deg=-131.298 f180_hz=689395 gain_at_f180_db=-15.5201 f0_rising_hz= resurgence_db=-0.601328
Doing analysis at TEMP = 125.000000 and TNOM = 27.000000

Using SPARSE 1.3 as Direct Linear Solver
 Reference value :  0.00000e+00
No. of Data Rows : 1
Doing analysis at TEMP = 125.000000 and TNOM = 27.000000

Using SPARSE 1.3 as Direct Linear Solver

No. of Data Rows : 4401
Doing analysis at TEMP = 125.000000 and TNOM = 27.000000

Using SPARSE 1.3 as Direct Linear Solver
 Reference value :  1.00000e-02
No. of Data Rows : 4401
dcg                 =  1.40789e+02
f0                  =  2.27421e+05
phx                 =  -1.24028e+02
f180                =  1.10929e+06
gmx                 =  -2.11660e+01
 meas ac f0r when tdb=0 rise=1 failed!

tres                =  -5.79624e-01 at=  2.39883e+05
ROW iload_a=0.001 ceff_f=3.3e-07 esr_ohm=0.5 vout_v=1.79908 dcgain_db=140.789 f0_hz=227422 phase_at_f0_deg=-124.028 f180_hz=1.10929E+06 gain_at_f180_db=-21.166 f0_rising_hz= resurgence_db=-0.579624
Doing analysis at TEMP = 125.000000 and TNOM = 27.000000

Using SPARSE 1.3 as Direct Linear Solver
 Reference value :  0.00000e+00
No. of Data Rows : 1
Doing analysis at TEMP = 125.000000 and TNOM = 27.000000

Using SPARSE 1.3 as Direct Linear Solver

No. of Data Rows : 4401
Doing analysis at TEMP = 125.000000 and TNOM = 27.000000

Using SPARSE 1.3 as Direct Linear Solver
 Reference value :  1.00000e-02
No. of Data Rows : 4401
dcg                 =  1.40789e+02
f0                  =  8.16629e+04
phx                 =  -1.10415e+02
f180                =  5.34266e+05
gmx                 =  -2.12809e+01
 meas ac f0r when tdb=0 rise=1 failed!

tres                =  -4.50908e-01 at=  8.60994e+04
ROW iload_a=0.001 ceff_f=1e-06 esr_ohm=0.001 vout_v=1.79908 dcgain_db=140.789 f0_hz=81662.9 phase_at_f0_deg=-110.415 f180_hz=534266 gain_at_f180_db=-21.2809 f0_rising_hz= resurgence_db=-0.450908
Doing analysis at TEMP = 125.000000 and TNOM = 27.000000

Using SPARSE 1.3 as Direct Linear Solver
 Reference value :  0.00000e+00
No. of Data Rows : 1
Doing analysis at TEMP = 125.000000 and TNOM = 27.000000

Using SPARSE 1.3 as Direct Linear Solver
 Reference value :  5.95662e+08
No. of Data Rows : 4401
Doing analysis at TEMP = 125.000000 and TNOM = 27.000000

Using SPARSE 1.3 as Direct Linear Solver
 Reference value :  1.57580e+08
No. of Data Rows : 4401
dcg                 =  1.40789e+02
f0                  =  8.28961e+04
phx                 =  -1.07767e+02
f180                =  6.56420e+05
gmx                 =  -2.36946e+01
 meas ac f0r when tdb=0 rise=1 failed!

tres                =  -4.16878e-01 at=  8.70964e+04
ROW iload_a=0.001 ceff_f=1e-06 esr_ohm=0.05 vout_v=1.79908 dcgain_db=140.789 f0_hz=82896.1 phase_at_f0_deg=-107.767 f180_hz=656420 gain_at_f180_db=-23.6946 f0_rising_hz= resurgence_db=-0.416878
Doing analysis at TEMP = 125.000000 and TNOM = 27.000000

Using SPARSE 1.3 as Direct Linear Solver

No. of Data Rows : 1
Doing analysis at TEMP = 125.000000 and TNOM = 27.000000

Using SPARSE 1.3 as Direct Linear Solver
 Reference value :  1.00000e-02
No. of Data Rows : 4401
Doing analysis at TEMP = 125.000000 and TNOM = 27.000000

Using SPARSE 1.3 as Direct Linear Solver
 Reference value :  1.00000e-02
No. of Data Rows : 4401
dcg                 =  1.40789e+02
f0                  =  8.21031e+04
phx                 =  -1.04622e+02
f180                =  1.23794e+06
gmx                 =  -3.14130e+01
 meas ac f0r when tdb=0 rise=1 failed!

tres                =  -4.49470e-01 at=  8.65964e+04
ROW iload_a=0.001 ceff_f=1e-06 esr_ohm=0.2 vout_v=1.79908 dcgain_db=140.789 f0_hz=82103.1 phase_at_f0_deg=-104.622 f180_hz=1.23794E+06 gain_at_f180_db=-31.413 f0_rising_hz= resurgence_db=-0.44947
Doing analysis at TEMP = 125.000000 and TNOM = 27.000000

Using SPARSE 1.3 as Direct Linear Solver
 Reference value :  0.00000e+00
No. of Data Rows : 1
Doing analysis at TEMP = 125.000000 and TNOM = 27.000000

Using SPARSE 1.3 as Direct Linear Solver
 Reference value :  5.75440e+08
No. of Data Rows : 4401
Doing analysis at TEMP = 125.000000 and TNOM = 27.000000

Using SPARSE 1.3 as Direct Linear Solver
 Reference value :  1.74783e+08
No. of Data Rows : 4401
dcg                 =  1.40789e+02
f0                  =  8.45453e+04
phx                 =  -9.60222e+01
f180                =  1.62417e+06
gmx                 =  -2.85604e+01
 meas ac f0r when tdb=0 rise=1 failed!

tres                =  -4.20805e-01 at=  8.91251e+04
ROW iload_a=0.001 ceff_f=1e-06 esr_ohm=0.5 vout_v=1.79908 dcgain_db=140.789 f0_hz=84545.3 phase_at_f0_deg=-96.0222 f180_hz=1.62417E+06 gain_at_f180_db=-28.5604 f0_rising_hz= resurgence_db=-0.420805
Doing analysis at TEMP = 125.000000 and TNOM = 27.000000

Using SPARSE 1.3 as Direct Linear Solver

No. of Data Rows : 1
Doing analysis at TEMP = 125.000000 and TNOM = 27.000000

Using SPARSE 1.3 as Direct Linear Solver
 Reference value :  1.00000e-02
No. of Data Rows : 4401
Doing analysis at TEMP = 125.000000 and TNOM = 27.000000

Using SPARSE 1.3 as Direct Linear Solver
 Reference value :  1.00000e-02
No. of Data Rows : 4401
dcg                 =  1.40789e+02
f0                  =  1.80853e+04
phx                 =  -1.25741e+02
f180                =  5.40845e+05
gmx                 =  -3.49166e+01
 meas ac f0r when tdb=0 rise=1 failed!

tres                =  -5.84065e-01 at=  1.90546e+04
ROW iload_a=0.001 ceff_f=4.7e-06 esr_ohm=0.001 vout_v=1.79908 dcgain_db=140.789 f0_hz=18085.3 phase_at_f0_deg=-125.741 f180_hz=540845 gain_at_f180_db=-34.9166 f0_rising_hz= resurgence_db=-0.584065
Doing analysis at TEMP = 125.000000 and TNOM = 27.000000

Using SPARSE 1.3 as Direct Linear Solver
 Reference value :  0.00000e+00
No. of Data Rows : 1
Doing analysis at TEMP = 125.000000 and TNOM = 27.000000

Using SPARSE 1.3 as Direct Linear Solver
 Reference value :  7.16143e+08
No. of Data Rows : 4401
Doing analysis at TEMP = 125.000000 and TNOM = 27.000000

Using SPARSE 1.3 as Direct Linear Solver
 Reference value :  1.81970e+08
No. of Data Rows : 4401
dcg                 =  1.40789e+02
f0                  =  1.81675e+04
phx                 =  -1.23554e+02
f180                =  1.33007e+06
gmx                 =  -4.43128e+01
 meas ac f0r when tdb=0 rise=1 failed!

tres                =  -5.93681e-01 at=  1.91646e+04
ROW iload_a=0.001 ceff_f=4.7e-06 esr_ohm=0.05 vout_v=1.79908 dcgain_db=140.789 f0_hz=18167.5 phase_at_f0_deg=-123.554 f180_hz=1.33007E+06 gain_at_f180_db=-44.3128 f0_rising_hz= resurgence_db=-0.593681
Doing analysis at TEMP = 125.000000 and TNOM = 27.000000

Using SPARSE 1.3 as Direct Linear Solver

No. of Data Rows : 1
Doing analysis at TEMP = 125.000000 and TNOM = 27.000000

Using SPARSE 1.3 as Direct Linear Solver
 Reference value :  1.00000e-02
No. of Data Rows : 4401
Doing analysis at TEMP = 125.000000 and TNOM = 27.000000

Using SPARSE 1.3 as Direct Linear Solver
 Reference value :  1.00000e-02
No. of Data Rows : 4401
dcg                 =  1.40789e+02
f0                  =  1.81643e+04
phx                 =  -1.19521e+02
f180                =  1.74006e+06
gmx                 =  -3.76984e+01
 meas ac f0r when tdb=0 rise=1 failed!

tres                =  -5.92676e-01 at=  1.91646e+04
ROW iload_a=0.001 ceff_f=4.7e-06 esr_ohm=0.2 vout_v=1.79908 dcgain_db=140.789 f0_hz=18164.3 phase_at_f0_deg=-119.521 f180_hz=1.74006E+06 gain_at_f180_db=-37.6984 f0_rising_hz= resurgence_db=-0.592676
Doing analysis at TEMP = 125.000000 and TNOM = 27.000000

Using SPARSE 1.3 as Direct Linear Solver
 Reference value :  0.00000e+00
No. of Data Rows : 1
Doing analysis at TEMP = 125.000000 and TNOM = 27.000000

Using SPARSE 1.3 as Direct Linear Solver
 Reference value :  4.12098e+08
No. of Data Rows : 4401
Doing analysis at TEMP = 125.000000 and TNOM = 27.000000

Using SPARSE 1.3 as Direct Linear Solver
 Reference value :  6.56901e+07
No. of Data Rows : 4401
dcg                 =  1.40789e+02
f0                  =  1.85985e+04
phx                 =  -1.09602e+02
f180                =  1.81029e+06
gmx                 =  -3.04078e+01
 meas ac f0r when tdb=0 rise=1 failed!

tres                =  -5.51157e-01 at=  1.96110e+04
ROW iload_a=0.001 ceff_f=4.7e-06 esr_ohm=0.5 vout_v=1.79908 dcgain_db=140.789 f0_hz=18598.5 phase_at_f0_deg=-109.602 f180_hz=1.81029E+06 gain_at_f180_db=-30.4078 f0_rising_hz= resurgence_db=-0.551157
Doing analysis at TEMP = 125.000000 and TNOM = 27.000000

Using SPARSE 1.3 as Direct Linear Solver

No. of Data Rows : 1
Doing analysis at TEMP = 125.000000 and TNOM = 27.000000

Using SPARSE 1.3 as Direct Linear Solver
 Reference value :  1.00000e-02
No. of Data Rows : 4401
Doing analysis at TEMP = 125.000000 and TNOM = 27.000000

Using SPARSE 1.3 as Direct Linear Solver
 Reference value :  1.00000e-02
No. of Data Rows : 4401
dcg                 =  1.40177e+02
f0                  =  4.69238e+05
phx                 =  -1.52764e+02
f180                =  6.93209e+05
gmx                 =  -4.83093e+00
 meas ac f0r when tdb=0 rise=1 failed!

tres                =  -6.01981e-01 at=  4.95450e+05
ROW iload_a=0.01 ceff_f=3.3e-07 esr_ohm=0.001 vout_v=1.79908 dcgain_db=140.177 f0_hz=469238 phase_at_f0_deg=-152.764 f180_hz=693209 gain_at_f180_db=-4.83093 f0_rising_hz= resurgence_db=-0.601981
Doing analysis at TEMP = 125.000000 and TNOM = 27.000000

Using SPARSE 1.3 as Direct Linear Solver
 Reference value :  0.00000e+00
No. of Data Rows : 1
Doing analysis at TEMP = 125.000000 and TNOM = 27.000000

Using SPARSE 1.3 as Direct Linear Solver

No. of Data Rows : 4401
Doing analysis at TEMP = 125.000000 and TNOM = 27.000000

Using SPARSE 1.3 as Direct Linear Solver
 Reference value :  1.00000e-02
No. of Data Rows : 4401
dcg                 =  1.40177e+02
f0                  =  4.69677e+05
phx                 =  -1.50091e+02
f180                =  7.29576e+05
gmx                 =  -5.55222e+00
 meas ac f0r when tdb=0 rise=1 failed!

tres                =  -5.90597e-01 at=  4.95450e+05
ROW iload_a=0.01 ceff_f=3.3e-07 esr_ohm=0.05 vout_v=1.79908 dcgain_db=140.177 f0_hz=469677 phase_at_f0_deg=-150.091 f180_hz=729576 gain_at_f180_db=-5.55222 f0_rising_hz= resurgence_db=-0.590597
Doing analysis at TEMP = 125.000000 and TNOM = 27.000000

Using SPARSE 1.3 as Direct Linear Solver
 Reference value :  0.00000e+00
No. of Data Rows : 1
Doing analysis at TEMP = 125.000000 and TNOM = 27.000000

Using SPARSE 1.3 as Direct Linear Solver
 Reference value :  9.01571e+08
No. of Data Rows : 4401
Doing analysis at TEMP = 125.000000 and TNOM = 27.000000

Using SPARSE 1.3 as Direct Linear Solver
 Reference value :  3.23594e+08
No. of Data Rows : 4401
dcg                 =  1.40177e+02
f0                  =  4.76399e+05
phx                 =  -1.42546e+02
f180                =  8.70293e+05
gmx                 =  -7.88746e+00
 meas ac f0r when tdb=0 rise=1 failed!

tres                =  -5.48318e-01 at=  5.01187e+05
ROW iload_a=0.01 ceff_f=3.3e-07 esr_ohm=0.2 vout_v=1.79908 dcgain_db=140.177 f0_hz=476399 phase_at_f0_deg=-142.546 f180_hz=870293 gain_at_f180_db=-7.88746 f0_rising_hz= resurgence_db=-0.548318
Doing analysis at TEMP = 125.000000 and TNOM = 27.000000

Using SPARSE 1.3 as Direct Linear Solver

No. of Data Rows : 1
Doing analysis at TEMP = 125.000000 and TNOM = 27.000000

Using SPARSE 1.3 as Direct Linear Solver
 Reference value :  1.00000e-02
No. of Data Rows : 4401
Doing analysis at TEMP = 125.000000 and TNOM = 27.000000

Using SPARSE 1.3 as Direct Linear Solver
 Reference value :  1.56675e-02
No. of Data Rows : 4401
dcg                 =  1.40177e+02
f0                  =  5.11460e+05
phx                 =  -1.31121e+02
f180                =  1.21298e+06
gmx                 =  -1.10418e+01
 meas ac f0r when tdb=0 rise=1 failed!

tres                =  -5.34028e-01 at=  5.40132e+05
ROW iload_a=0.01 ceff_f=3.3e-07 esr_ohm=0.5 vout_v=1.79908 dcgain_db=140.177 f0_hz=511460 phase_at_f0_deg=-131.121 f180_hz=1.21298E+06 gain_at_f180_db=-11.0418 f0_rising_hz= resurgence_db=-0.534028
Doing analysis at TEMP = 125.000000 and TNOM = 27.000000

Using SPARSE 1.3 as Direct Linear Solver
 Reference value :  0.00000e+00
No. of Data Rows : 1
Doing analysis at TEMP = 125.000000 and TNOM = 27.000000

Using SPARSE 1.3 as Direct Linear Solver
 Reference value :  3.16228e+08
No. of Data Rows : 4401
Doing analysis at TEMP = 125.000000 and TNOM = 27.000000

Using SPARSE 1.3 as Direct Linear Solver
 Reference value :  4.70435e+08
No. of Data Rows : 4401
dcg                 =  1.40177e+02
f0                  =  1.71426e+05
phx                 =  -1.19509e+02
f180                =  6.94566e+05
gmx                 =  -1.44747e+01
 meas ac f0r when tdb=0 rise=1 failed!

tres                =  -4.86197e-01 at=  1.80926e+05
ROW iload_a=0.01 ceff_f=1e-06 esr_ohm=0.001 vout_v=1.79908 dcgain_db=140.177 f0_hz=171426 phase_at_f0_deg=-119.509 f180_hz=694566 gain_at_f180_db=-14.4747 f0_rising_hz= resurgence_db=-0.486197
Doing analysis at TEMP = 125.000000 and TNOM = 27.000000

Using SPARSE 1.3 as Direct Linear Solver

No. of Data Rows : 1
Doing analysis at TEMP = 125.000000 and TNOM = 27.000000

Using SPARSE 1.3 as Direct Linear Solver
 Reference value :  1.00577e-02
No. of Data Rows : 4401
Doing analysis at TEMP = 125.000000 and TNOM = 27.000000

Using SPARSE 1.3 as Direct Linear Solver
 Reference value :  2.69153e-02
No. of Data Rows : 4401
dcg                 =  1.40177e+02
f0                  =  1.71657e+05
phx                 =  -1.16503e+02
f180                =  8.19737e+05
gmx                 =  -1.67407e+01
 meas ac f0r when tdb=0 rise=1 failed!

tres                =  -4.72643e-01 at=  1.80926e+05
ROW iload_a=0.01 ceff_f=1e-06 esr_ohm=0.05 vout_v=1.79908 dcgain_db=140.177 f0_hz=171657 phase_at_f0_deg=-116.503 f180_hz=819737 gain_at_f180_db=-16.7407 f0_rising_hz= resurgence_db=-0.472643
Doing analysis at TEMP = 125.000000 and TNOM = 27.000000

Using SPARSE 1.3 as Direct Linear Solver
 Reference value :  0.00000e+00
No. of Data Rows : 1
Doing analysis at TEMP = 125.000000 and TNOM = 27.000000

Using SPARSE 1.3 as Direct Linear Solver

No. of Data Rows : 4401
Doing analysis at TEMP = 125.000000 and TNOM = 27.000000

Using SPARSE 1.3 as Direct Linear Solver
 Reference value :  1.00000e-02
No. of Data Rows : 4401
dcg                 =  1.40177e+02
f0                  =  1.75353e+05
phx                 =  -1.07463e+02
f180                =  1.33112e+06
gmx                 =  -2.09182e+01
 meas ac f0r when tdb=0 rise=1 failed!

tres                =  -4.66849e-01 at=  1.85140e+05
ROW iload_a=0.01 ceff_f=1e-06 esr_ohm=0.2 vout_v=1.79908 dcgain_db=140.177 f0_hz=175352 phase_at_f0_deg=-107.463 f180_hz=1.33112E+06 gain_at_f180_db=-20.9182 f0_rising_hz= resurgence_db=-0.466849
Doing analysis at TEMP = 125.000000 and TNOM = 27.000000

Using SPARSE 1.3 as Direct Linear Solver
 Reference value :  0.00000e+00
No. of Data Rows : 1
Doing analysis at TEMP = 125.000000 and TNOM = 27.000000

Using SPARSE 1.3 as Direct Linear Solver

No. of Data Rows : 4401
Doing analysis at TEMP = 125.000000 and TNOM = 27.000000

Using SPARSE 1.3 as Direct Linear Solver
 Reference value :  1.00000e-02
No. of Data Rows : 4401
dcg                 =  1.40177e+02
f0                  =  2.00693e+05
phx                 =  -9.04336e+01
f180                =  1.64783e+06
gmx                 =  -1.76318e+01
 meas ac f0r when tdb=0 rise=1 failed!

tres                =  -3.38799e-01 at=  2.11349e+05
ROW iload_a=0.01 ceff_f=1e-06 esr_ohm=0.5 vout_v=1.79908 dcgain_db=140.177 f0_hz=200693 phase_at_f0_deg=-90.4336 f180_hz=1.64784E+06 gain_at_f180_db=-17.6318 f0_rising_hz= resurgence_db=-0.338799
Doing analysis at TEMP = 125.000000 and TNOM = 27.000000

Using SPARSE 1.3 as Direct Linear Solver
 Reference value :  0.00000e+00
No. of Data Rows : 1
Doing analysis at TEMP = 125.000000 and TNOM = 27.000000

Using SPARSE 1.3 as Direct Linear Solver
 Reference value :  9.88553e+08
No. of Data Rows : 4401
Doing analysis at TEMP = 125.000000 and TNOM = 27.000000

Using SPARSE 1.3 as Direct Linear Solver
 Reference value :  8.60994e+08
No. of Data Rows : 4401
dcg                 =  1.40177e+02
f0                  =  4.19378e+04
phx                 =  -1.27078e+02
f180                =  7.02595e+05
gmx                 =  -2.80758e+01
 meas ac f0r when tdb=0 rise=1 failed!

tres                =  -5.66073e-01 at=  4.41570e+04
ROW iload_a=0.01 ceff_f=4.7e-06 esr_ohm=0.001 vout_v=1.79908 dcgain_db=140.177 f0_hz=41937.8 phase_at_f0_deg=-127.078 f180_hz=702595 gain_at_f180_db=-28.0758 f0_rising_hz= resurgence_db=-0.566073
Doing analysis at TEMP = 125.000000 and TNOM = 27.000000

Using SPARSE 1.3 as Direct Linear Solver

No. of Data Rows : 1
Doing analysis at TEMP = 125.000000 and TNOM = 27.000000

Using SPARSE 1.3 as Direct Linear Solver
 Reference value :  1.75792e-02
No. of Data Rows : 4401
Doing analysis at TEMP = 125.000000 and TNOM = 27.000000

Using SPARSE 1.3 as Direct Linear Solver
 Reference value :  1.00577e-02
No. of Data Rows : 4401
dcg                 =  1.40177e+02
f0                  =  4.19990e+04
phx                 =  -1.23568e+02
f180                =  1.41295e+06
gmx                 =  -3.42660e+01
 meas ac f0r when tdb=0 rise=1 failed!

tres                =  -5.48215e-01 at=  4.41570e+04
ROW iload_a=0.01 ceff_f=4.7e-06 esr_ohm=0.05 vout_v=1.79908 dcgain_db=140.177 f0_hz=41999 phase_at_f0_deg=-123.568 f180_hz=1.41295E+06 gain_at_f180_db=-34.266 f0_rising_hz= resurgence_db=-0.548215
Doing analysis at TEMP = 125.000000 and TNOM = 27.000000

Using SPARSE 1.3 as Direct Linear Solver
 Reference value :  0.00000e+00
No. of Data Rows : 1
Doing analysis at TEMP = 125.000000 and TNOM = 27.000000

Using SPARSE 1.3 as Direct Linear Solver

No. of Data Rows : 4401
Doing analysis at TEMP = 125.000000 and TNOM = 27.000000

Using SPARSE 1.3 as Direct Linear Solver
 Reference value :  1.00000e-02
No. of Data Rows : 4401
dcg                 =  1.40177e+02
f0                  =  4.29726e+04
phx                 =  -1.12370e+02
f180                =  1.78376e+06
gmx                 =  -2.68880e+01
 meas ac f0r when tdb=0 rise=1 failed!

tres                =  -5.19012e-01 at=  4.51856e+04
ROW iload_a=0.01 ceff_f=4.7e-06 esr_ohm=0.2 vout_v=1.79908 dcgain_db=140.177 f0_hz=42972.6 phase_at_f0_deg=-112.37 f180_hz=1.78376E+06 gain_at_f180_db=-26.888 f0_rising_hz= resurgence_db=-0.519012
Doing analysis at TEMP = 125.000000 and TNOM = 27.000000

Using SPARSE 1.3 as Direct Linear Solver
 Reference value :  0.00000e+00
No. of Data Rows : 1
Doing analysis at TEMP = 125.000000 and TNOM = 27.000000

Using SPARSE 1.3 as Direct Linear Solver

No. of Data Rows : 4401
Doing analysis at TEMP = 125.000000 and TNOM = 27.000000

Using SPARSE 1.3 as Direct Linear Solver
 Reference value :  1.00000e-02
No. of Data Rows : 4401
dcg                 =  1.40177e+02
f0                  =  4.99301e+04
phx                 =  -8.73124e+01
f180                =  1.82656e+06
gmx                 =  -1.95418e+01
 meas ac f0r when tdb=0 rise=1 failed!

tres                =  -3.59176e-01 at=  5.24807e+04
ROW iload_a=0.01 ceff_f=4.7e-06 esr_ohm=0.5 vout_v=1.79908 dcgain_db=140.177 f0_hz=49930.1 phase_at_f0_deg=-87.3124 f180_hz=1.82656E+06 gain_at_f180_db=-19.5418 f0_rising_hz= resurgence_db=-0.359176
Doing analysis at TEMP = 125.000000 and TNOM = 27.000000

Using SPARSE 1.3 as Direct Linear Solver

No. of Data Rows : 1
Doing analysis at TEMP = 125.000000 and TNOM = 27.000000

Using SPARSE 1.3 as Direct Linear Solver
 Reference value :  1.00000e-02
No. of Data Rows : 4401
Doing analysis at TEMP = 125.000000 and TNOM = 27.000000

Using SPARSE 1.3 as Direct Linear Solver
 Reference value :  3.69403e-01
No. of Data Rows : 4401
dcg                 =  1.38751e+02
f0                  =  5.73715e+05
phx                 =  -1.68589e+02
f180                =  6.68523e+05
gmx                 =  -2.05827e+00
 meas ac f0r when tdb=0 rise=1 failed!

tres                =  -6.35127e-01 at=  6.02560e+05
ROW iload_a=0.025 ceff_f=3.3e-07 esr_ohm=0.001 vout_v=1.79908 dcgain_db=138.751 f0_hz=573715 phase_at_f0_deg=-168.589 f180_hz=668523 gain_at_f180_db=-2.05827 f0_rising_hz= resurgence_db=-0.635127
Doing analysis at TEMP = 125.000000 and TNOM = 27.000000

Using SPARSE 1.3 as Direct Linear Solver

No. of Data Rows : 1
Doing analysis at TEMP = 125.000000 and TNOM = 27.000000

Using SPARSE 1.3 as Direct Linear Solver
 Reference value :  1.00000e-02
No. of Data Rows : 4401
Doing analysis at TEMP = 125.000000 and TNOM = 27.000000

Using SPARSE 1.3 as Direct Linear Solver
 Reference value :  3.44747e-01
No. of Data Rows : 4401
dcg                 =  1.38751e+02
f0                  =  5.74394e+05
phx                 =  -1.65343e+02
f180                =  7.03397e+05
gmx                 =  -2.77527e+00
 meas ac f0r when tdb=0 rise=1 failed!

tres                =  -6.94365e-01 at=  6.06038e+05
ROW iload_a=0.025 ceff_f=3.3e-07 esr_ohm=0.05 vout_v=1.79908 dcgain_db=138.751 f0_hz=574394 phase_at_f0_deg=-165.343 f180_hz=703397 gain_at_f180_db=-2.77527 f0_rising_hz= resurgence_db=-0.694365
Doing analysis at TEMP = 125.000000 and TNOM = 27.000000

Using SPARSE 1.3 as Direct Linear Solver

No. of Data Rows : 1
Doing analysis at TEMP = 125.000000 and TNOM = 27.000000

Using SPARSE 1.3 as Direct Linear Solver
 Reference value :  1.00000e-02
No. of Data Rows : 4401
Doing analysis at TEMP = 125.000000 and TNOM = 27.000000

Using SPARSE 1.3 as Direct Linear Solver
 Reference value :  6.09537e-02
No. of Data Rows : 4401
dcg                 =  1.38751e+02
f0                  =  5.84880e+05
phx                 =  -1.56435e+02
f180                =  8.38284e+05
gmx                 =  -5.10397e+00
 meas ac f0r when tdb=0 rise=1 failed!

tres                =  -6.67451e-01 at=  6.16595e+05
ROW iload_a=0.025 ceff_f=3.3e-07 esr_ohm=0.2 vout_v=1.79908 dcgain_db=138.751 f0_hz=584880 phase_at_f0_deg=-156.435 f180_hz=838284 gain_at_f180_db=-5.10397 f0_rising_hz= resurgence_db=-0.667451
Doing analysis at TEMP = 125.000000 and TNOM = 27.000000

Using SPARSE 1.3 as Direct Linear Solver

No. of Data Rows : 1
Doing analysis at TEMP = 125.000000 and TNOM = 27.000000

Using SPARSE 1.3 as Direct Linear Solver
 Reference value :  1.00000e-02
No. of Data Rows : 4401
Doing analysis at TEMP = 125.000000 and TNOM = 27.000000

Using SPARSE 1.3 as Direct Linear Solver
 Reference value :  3.93550e-01
No. of Data Rows : 4401
dcg                 =  1.38751e+02
f0                  =  6.46434e+05
phx                 =  -1.43945e+02
f180                =  1.18201e+06
gmx                 =  -8.35798e+00
 meas ac f0r when tdb=0 rise=1 failed!

tres                =  -5.77153e-01 at=  6.79986e+05
ROW iload_a=0.025 ceff_f=3.3e-07 esr_ohm=0.5 vout_v=1.79908 dcgain_db=138.751 f0_hz=646434 phase_at_f0_deg=-143.945 f180_hz=1.18201E+06 gain_at_f180_db=-8.35798 f0_rising_hz= resurgence_db=-0.577153
Doing analysis at TEMP = 125.000000 and TNOM = 27.000000

Using SPARSE 1.3 as Direct Linear Solver

No. of Data Rows : 1
Doing analysis at TEMP = 125.000000 and TNOM = 27.000000

Using SPARSE 1.3 as Direct Linear Solver
 Reference value :  1.00000e-02
No. of Data Rows : 4401
Doing analysis at TEMP = 125.000000 and TNOM = 27.000000

Using SPARSE 1.3 as Direct Linear Solver
 Reference value :  8.26990e-02
No. of Data Rows : 4401
dcg                 =  1.38751e+02
f0                  =  2.27944e+05
phx                 =  -1.27296e+02
f180                =  6.69654e+05
gmx                 =  -1.16910e+01
 meas ac f0r when tdb=0 rise=1 failed!

tres                =  -4.76257e-01 at=  2.39883e+05
ROW iload_a=0.025 ceff_f=1e-06 esr_ohm=0.001 vout_v=1.79908 dcgain_db=138.751 f0_hz=227944 phase_at_f0_deg=-127.296 f180_hz=669654 gain_at_f180_db=-11.691 f0_rising_hz= resurgence_db=-0.476257
Doing analysis at TEMP = 125.000000 and TNOM = 27.000000

Using SPARSE 1.3 as Direct Linear Solver

No. of Data Rows : 1
Doing analysis at TEMP = 125.000000 and TNOM = 27.000000

Using SPARSE 1.3 as Direct Linear Solver
 Reference value :  1.00000e-02
No. of Data Rows : 4401
Doing analysis at TEMP = 125.000000 and TNOM = 27.000000

Using SPARSE 1.3 as Direct Linear Solver
 Reference value :  2.96825e-02
No. of Data Rows : 4401
dcg                 =  1.38751e+02
f0                  =  2.28472e+05
phx                 =  -1.23328e+02
f180                =  7.89679e+05
gmx                 =  -1.39462e+01
 meas ac f0r when tdb=0 rise=1 failed!

tres                =  -5.05997e-01 at=  2.41268e+05
ROW iload_a=0.025 ceff_f=1e-06 esr_ohm=0.05 vout_v=1.79908 dcgain_db=138.751 f0_hz=228472 phase_at_f0_deg=-123.328 f180_hz=789679 gain_at_f180_db=-13.9462 f0_rising_hz= resurgence_db=-0.505997
Doing analysis at TEMP = 125.000000 and TNOM = 27.000000

Using SPARSE 1.3 as Direct Linear Solver

No. of Data Rows : 1
Doing analysis at TEMP = 125.000000 and TNOM = 27.000000

Using SPARSE 1.3 as Direct Linear Solver
 Reference value :  1.00000e-02
No. of Data Rows : 4401
Doing analysis at TEMP = 125.000000 and TNOM = 27.000000

Using SPARSE 1.3 as Direct Linear Solver
 Reference value :  6.87860e-02
No. of Data Rows : 4401
dcg                 =  1.38751e+02
f0                  =  2.37074e+05
phx                 =  -1.11731e+02
f180                =  1.28722e+06
gmx                 =  -1.82311e+01
 meas ac f0r when tdb=0 rise=1 failed!

tres                =  -4.48946e-01 at=  2.49747e+05
ROW iload_a=0.025 ceff_f=1e-06 esr_ohm=0.2 vout_v=1.79908 dcgain_db=138.751 f0_hz=237074 phase_at_f0_deg=-111.731 f180_hz=1.28722E+06 gain_at_f180_db=-18.2311 f0_rising_hz= resurgence_db=-0.448946
Doing analysis at TEMP = 125.000000 and TNOM = 27.000000

Using SPARSE 1.3 as Direct Linear Solver

No. of Data Rows : 1
Doing analysis at TEMP = 125.000000 and TNOM = 27.000000

Using SPARSE 1.3 as Direct Linear Solver
 Reference value :  1.00000e-02
No. of Data Rows : 4401
Doing analysis at TEMP = 125.000000 and TNOM = 27.000000

Using SPARSE 1.3 as Direct Linear Solver
 Reference value :  1.03514e-01
No. of Data Rows : 4401
dcg                 =  1.38751e+02
f0                  =  3.08108e+05
phx                 =  -9.22680e+01
f180                =  1.61801e+06
gmx                 =  -1.50750e+01
 meas ac f0r when tdb=0 rise=1 failed!

tres                =  -2.68129e-01 at=  3.23594e+05
ROW iload_a=0.025 ceff_f=1e-06 esr_ohm=0.5 vout_v=1.79908 dcgain_db=138.751 f0_hz=308108 phase_at_f0_deg=-92.268 f180_hz=1.61801E+06 gain_at_f180_db=-15.075 f0_rising_hz= resurgence_db=-0.26813
Doing analysis at TEMP = 125.000000 and TNOM = 27.000000

Using SPARSE 1.3 as Direct Linear Solver

No. of Data Rows : 1
Doing analysis at TEMP = 125.000000 and TNOM = 27.000000

Using SPARSE 1.3 as Direct Linear Solver
 Reference value :  1.00000e-02
No. of Data Rows : 4401
Doing analysis at TEMP = 125.000000 and TNOM = 27.000000

Using SPARSE 1.3 as Direct Linear Solver
 Reference value :  2.30409e-02
No. of Data Rows : 4401
dcg                 =  1.38751e+02
f0                  =  5.56783e+04
phx                 =  -1.25425e+02
f180                =  6.77274e+05
gmx                 =  -2.52859e+01
 meas ac f0r when tdb=0 rise=1 failed!

tres                =  -5.30383e-01 at=  5.85464e+04
ROW iload_a=0.025 ceff_f=4.7e-06 esr_ohm=0.001 vout_v=1.79908 dcgain_db=138.751 f0_hz=55678.3 phase_at_f0_deg=-125.425 f180_hz=677274 gain_at_f180_db=-25.2859 f0_rising_hz= resurgence_db=-0.530383
Doing analysis at TEMP = 125.000000 and TNOM = 27.000000

Using SPARSE 1.3 as Direct Linear Solver

No. of Data Rows : 1
Doing analysis at TEMP = 125.000000 and TNOM = 27.000000

Using SPARSE 1.3 as Direct Linear Solver
 Reference value :  1.00000e-02
No. of Data Rows : 4401
Doing analysis at TEMP = 125.000000 and TNOM = 27.000000

Using SPARSE 1.3 as Direct Linear Solver
 Reference value :  1.00000e-02
No. of Data Rows : 4401
dcg                 =  1.38751e+02
f0                  =  5.58270e+04
phx                 =  -1.20762e+02
f180                =  1.36793e+06
gmx                 =  -3.15913e+01
 meas ac f0r when tdb=0 rise=1 failed!

tres                =  -5.59037e-01 at=  5.88844e+04
ROW iload_a=0.025 ceff_f=4.7e-06 esr_ohm=0.05 vout_v=1.79908 dcgain_db=138.751 f0_hz=55827 phase_at_f0_deg=-120.762 f180_hz=1.36792E+06 gain_at_f180_db=-31.5913 f0_rising_hz= resurgence_db=-0.559037
Doing analysis at TEMP = 125.000000 and TNOM = 27.000000

Using SPARSE 1.3 as Direct Linear Solver

No. of Data Rows : 1
Doing analysis at TEMP = 125.000000 and TNOM = 27.000000

Using SPARSE 1.3 as Direct Linear Solver
 Reference value :  1.00000e-02
No. of Data Rows : 4401
Doing analysis at TEMP = 125.000000 and TNOM = 27.000000

Using SPARSE 1.3 as Direct Linear Solver
 Reference value :  5.24807e-02
No. of Data Rows : 4401
dcg                 =  1.38751e+02
f0                  =  5.82771e+04
phx                 =  -1.05774e+02
f180                =  1.73482e+06
gmx                 =  -2.42698e+01
 meas ac f0r when tdb=0 rise=1 failed!

tres                =  -4.79411e-01 at=  6.13056e+04
ROW iload_a=0.025 ceff_f=4.7e-06 esr_ohm=0.2 vout_v=1.79908 dcgain_db=138.751 f0_hz=58277.1 phase_at_f0_deg=-105.774 f180_hz=1.73482E+06 gain_at_f180_db=-24.2698 f0_rising_hz= resurgence_db=-0.479411
Doing analysis at TEMP = 125.000000 and TNOM = 27.000000

Using SPARSE 1.3 as Direct Linear Solver
 Reference value :  0.00000e+00
No. of Data Rows : 1
Doing analysis at TEMP = 125.000000 and TNOM = 27.000000

Using SPARSE 1.3 as Direct Linear Solver
 Reference value :  8.81049e+08
No. of Data Rows : 4401
Doing analysis at TEMP = 125.000000 and TNOM = 27.000000

Using SPARSE 1.3 as Direct Linear Solver
 Reference value :  3.14413e+08
No. of Data Rows : 4401
dcg                 =  1.38751e+02
f0                  =  8.17558e+04
phx                 =  -7.03714e+01
f180                =  1.79713e+06
gmx                 =  -1.70053e+01
 meas ac f0r when tdb=0 rise=1 failed!

tres                =  -2.28884e-01 at=  8.60994e+04
ROW iload_a=0.025 ceff_f=4.7e-06 esr_ohm=0.5 vout_v=1.79908 dcgain_db=138.751 f0_hz=81755.8 phase_at_f0_deg=-70.3714 f180_hz=1.79713E+06 gain_at_f180_db=-17.0053 f0_rising_hz= resurgence_db=-0.228884
Doing analysis at TEMP = 125.000000 and TNOM = 27.000000

Using SPARSE 1.3 as Direct Linear Solver

No. of Data Rows : 1
Doing analysis at TEMP = 125.000000 and TNOM = 27.000000

Using SPARSE 1.3 as Direct Linear Solver
 Reference value :  1.00000e-02
No. of Data Rows : 4401
Doing analysis at TEMP = 125.000000 and TNOM = 27.000000

Using SPARSE 1.3 as Direct Linear Solver
 Reference value :  1.00000e-02
No. of Data Rows : 4401
dcg                 =  1.36902e+02
f0                  =  6.56383e+05
phx                 =  -1.80066e+02
f180                =  6.55827e+05
gmx                 =  1.20263e-02
 meas ac f0r when tdb=0 rise=1 failed!

tres                =  -7.62791e-01 at=  6.91831e+05
ROW iload_a=0.05 ceff_f=3.3e-07 esr_ohm=0.001 vout_v=1.79908 dcgain_db=136.902 f0_hz=656382 phase_at_f0_deg=-180.066 f180_hz=655827 gain_at_f180_db=0.0120263 f0_rising_hz= resurgence_db=-0.762791
Doing analysis at TEMP = 125.000000 and TNOM = 27.000000

Using SPARSE 1.3 as Direct Linear Solver
 Reference value :  0.00000e+00
No. of Data Rows : 1
Doing analysis at TEMP = 125.000000 and TNOM = 27.000000

Using SPARSE 1.3 as Direct Linear Solver
 Reference value :  1.03514e+08
No. of Data Rows : 4401
Doing analysis at TEMP = 125.000000 and TNOM = 27.000000

Using SPARSE 1.3 as Direct Linear Solver
 Reference value :  1.09018e+07
No. of Data Rows : 4401
dcg                 =  1.36902e+02
f0                  =  6.57268e+05
phx                 =  -1.76370e+02
f180                =  6.89618e+05
gmx                 =  -6.94324e-01
 meas ac f0r when tdb=0 rise=1 failed!

tres                =  -7.41569e-01 at=  6.91831e+05
ROW iload_a=0.05 ceff_f=3.3e-07 esr_ohm=0.05 vout_v=1.79908 dcgain_db=136.902 f0_hz=657268 phase_at_f0_deg=-176.37 f180_hz=689618 gain_at_f180_db=-0.694324 f0_rising_hz= resurgence_db=-0.741569
Doing analysis at TEMP = 125.000000 and TNOM = 27.000000

Using SPARSE 1.3 as Direct Linear Solver

No. of Data Rows : 1
Doing analysis at TEMP = 125.000000 and TNOM = 27.000000

Using SPARSE 1.3 as Direct Linear Solver
 Reference value :  1.00000e-02
No. of Data Rows : 4401
Doing analysis at TEMP = 125.000000 and TNOM = 27.000000

Using SPARSE 1.3 as Direct Linear Solver
 Reference value :  1.00000e-02
No. of Data Rows : 4401
dcg                 =  1.36902e+02
f0                  =  6.71205e+05
phx                 =  -1.66426e+02
f180                =  8.19821e+05
gmx                 =  -2.98399e+00
 meas ac f0r when tdb=0 rise=1 failed!

tres                =  -7.52179e-01 at=  7.07946e+05
ROW iload_a=0.05 ceff_f=3.3e-07 esr_ohm=0.2 vout_v=1.79908 dcgain_db=136.902 f0_hz=671205 phase_at_f0_deg=-166.426 f180_hz=819821 gain_at_f180_db=-2.98399 f0_rising_hz= resurgence_db=-0.752179
Doing analysis at TEMP = 125.000000 and TNOM = 27.000000

Using SPARSE 1.3 as Direct Linear Solver
 Reference value :  0.00000e+00
No. of Data Rows : 1
Doing analysis at TEMP = 125.000000 and TNOM = 27.000000

Using SPARSE 1.3 as Direct Linear Solver
 Reference value :  4.86968e+08
No. of Data Rows : 4401
Doing analysis at TEMP = 125.000000 and TNOM = 27.000000

Using SPARSE 1.3 as Direct Linear Solver
 Reference value :  9.60506e+07
No. of Data Rows : 4401
dcg                 =  1.36902e+02
f0                  =  7.52625e+05
phx                 =  -1.53567e+02
f180                =  1.15528e+06
gmx                 =  -6.23304e+00
 meas ac f0r when tdb=0 rise=1 failed!

tres                =  -6.90773e-01 at=  7.94328e+05
ROW iload_a=0.05 ceff_f=3.3e-07 esr_ohm=0.5 vout_v=1.79908 dcgain_db=136.902 f0_hz=752625 phase_at_f0_deg=-153.567 f180_hz=1.15528E+06 gain_at_f180_db=-6.23304 f0_rising_hz= resurgence_db=-0.690773
Doing analysis at TEMP = 125.000000 and TNOM = 27.000000

Using SPARSE 1.3 as Direct Linear Solver

No. of Data Rows : 1
Doing analysis at TEMP = 125.000000 and TNOM = 27.000000

Using SPARSE 1.3 as Direct Linear Solver
 Reference value :  1.00000e-02
No. of Data Rows : 4401
Doing analysis at TEMP = 125.000000 and TNOM = 27.000000

Using SPARSE 1.3 as Direct Linear Solver
 Reference value :  1.06537e-02
No. of Data Rows : 4401
dcg                 =  1.36902e+02
f0                  =  2.79080e+05
phx                 =  -1.33925e+02
f180                =  6.56630e+05
gmx                 =  -9.60722e+00
 meas ac f0r when tdb=0 rise=1 failed!

tres                =  -4.84063e-01 at=  2.93427e+05
ROW iload_a=0.05 ceff_f=1e-06 esr_ohm=0.001 vout_v=1.79908 dcgain_db=136.902 f0_hz=279080 phase_at_f0_deg=-133.925 f180_hz=656630 gain_at_f180_db=-9.60722 f0_rising_hz= resurgence_db=-0.484063
Doing analysis at TEMP = 125.000000 and TNOM = 27.000000

Using SPARSE 1.3 as Direct Linear Solver
 Reference value :  0.00000e+00
No. of Data Rows : 1
Doing analysis at TEMP = 125.000000 and TNOM = 27.000000

Using SPARSE 1.3 as Direct Linear Solver
 Reference value :  4.09732e+08
No. of Data Rows : 4401
Doing analysis at TEMP = 125.000000 and TNOM = 27.000000

Using SPARSE 1.3 as Direct Linear Solver
 Reference value :  1.42069e+08
No. of Data Rows : 4401
dcg                 =  1.36902e+02
f0                  =  2.80016e+05
phx                 =  -1.29107e+02
f180                =  7.72727e+05
gmx                 =  -1.18257e+01
 meas ac f0r when tdb=0 rise=1 failed!

tres                =  -5.03984e-01 at=  2.95121e+05
ROW iload_a=0.05 ceff_f=1e-06 esr_ohm=0.05 vout_v=1.79908 dcgain_db=136.902 f0_hz=280016 phase_at_f0_deg=-129.107 f180_hz=772727 gain_at_f180_db=-11.8257 f0_rising_hz= resurgence_db=-0.503984
Doing analysis at TEMP = 125.000000 and TNOM = 27.000000

Using SPARSE 1.3 as Direct Linear Solver

No. of Data Rows : 1
Doing analysis at TEMP = 125.000000 and TNOM = 27.000000

Using SPARSE 1.3 as Direct Linear Solver
 Reference value :  1.00000e-02
No. of Data Rows : 4401
Doing analysis at TEMP = 125.000000 and TNOM = 27.000000

Using SPARSE 1.3 as Direct Linear Solver
 Reference value :  1.00000e-02
No. of Data Rows : 4401
dcg                 =  1.36902e+02
f0                  =  2.95627e+05
phx                 =  -1.15553e+02
f180                =  1.25450e+06
gmx                 =  -1.60756e+01
 meas ac f0r when tdb=0 rise=1 failed!

tres                =  -4.33799e-01 at=  3.10814e+05
ROW iload_a=0.05 ceff_f=1e-06 esr_ohm=0.2 vout_v=1.79908 dcgain_db=136.902 f0_hz=295627 phase_at_f0_deg=-115.553 f180_hz=1.2545E+06 gain_at_f180_db=-16.0756 f0_rising_hz= resurgence_db=-0.433799
Doing analysis at TEMP = 125.000000 and TNOM = 27.000000

Using SPARSE 1.3 as Direct Linear Solver
 Reference value :  0.00000e+00
No. of Data Rows : 1
Doing analysis at TEMP = 125.000000 and TNOM = 27.000000

Using SPARSE 1.3 as Direct Linear Solver
 Reference value :  4.73151e+08
No. of Data Rows : 4401
Doing analysis at TEMP = 125.000000 and TNOM = 27.000000

Using SPARSE 1.3 as Direct Linear Solver
 Reference value :  1.91646e+08
No. of Data Rows : 4401
dcg                 =  1.36902e+02
f0                  =  4.39464e+05
phx                 =  -9.94208e+01
f180                =  1.58451e+06
gmx                 =  -1.29833e+01
 meas ac f0r when tdb=0 rise=1 failed!

tres                =  -2.72075e-01 at=  4.62381e+05
ROW iload_a=0.05 ceff_f=1e-06 esr_ohm=0.5 vout_v=1.79908 dcgain_db=136.902 f0_hz=439464 phase_at_f0_deg=-99.4208 f180_hz=1.58451E+06 gain_at_f180_db=-12.9833 f0_rising_hz= resurgence_db=-0.272075
Doing analysis at TEMP = 125.000000 and TNOM = 27.000000

Using SPARSE 1.3 as Direct Linear Solver

No. of Data Rows : 1
Doing analysis at TEMP = 125.000000 and TNOM = 27.000000

Using SPARSE 1.3 as Direct Linear Solver
 Reference value :  1.00000e-02
No. of Data Rows : 4401
Doing analysis at TEMP = 125.000000 and TNOM = 27.000000

Using SPARSE 1.3 as Direct Linear Solver
 Reference value :  2.67609e-02
No. of Data Rows : 4401
dcg                 =  1.36902e+02
f0                  =  6.78834e+04
phx                 =  -1.23945e+02
f180                =  6.63898e+05
gmx                 =  -2.31942e+01
 meas ac f0r when tdb=0 rise=1 failed!

tres                =  -5.46869e-01 at=  7.16143e+04
ROW iload_a=0.05 ceff_f=4.7e-06 esr_ohm=0.001 vout_v=1.79908 dcgain_db=136.902 f0_hz=67883.4 phase_at_f0_deg=-123.945 f180_hz=663898 gain_at_f180_db=-23.1942 f0_rising_hz= resurgence_db=-0.546869
Doing analysis at TEMP = 125.000000 and TNOM = 27.000000

Using SPARSE 1.3 as Direct Linear Solver
 Reference value :  0.00000e+00
No. of Data Rows : 1
Doing analysis at TEMP = 125.000000 and TNOM = 27.000000

Using SPARSE 1.3 as Direct Linear Solver
 Reference value :  2.46888e+08
No. of Data Rows : 4401
Doing analysis at TEMP = 125.000000 and TNOM = 27.000000

Using SPARSE 1.3 as Direct Linear Solver
 Reference value :  1.09648e+08
No. of Data Rows : 4401
dcg                 =  1.36902e+02
f0                  =  6.81614e+04
phx                 =  -1.18261e+02
f180                =  1.33352e+06
gmx                 =  -2.94366e+01
 meas ac f0r when tdb=0 rise=1 failed!

tres                =  -5.00333e-01 at=  7.16143e+04
ROW iload_a=0.05 ceff_f=4.7e-06 esr_ohm=0.05 vout_v=1.79908 dcgain_db=136.902 f0_hz=68161.4 phase_at_f0_deg=-118.261 f180_hz=1.33352E+06 gain_at_f180_db=-29.4365 f0_rising_hz= resurgence_db=-0.500333
Doing analysis at TEMP = 125.000000 and TNOM = 27.000000

Using SPARSE 1.3 as Direct Linear Solver

No. of Data Rows : 1
Doing analysis at TEMP = 125.000000 and TNOM = 27.000000

Using SPARSE 1.3 as Direct Linear Solver
 Reference value :  1.00000e-02
No. of Data Rows : 4401
Doing analysis at TEMP = 125.000000 and TNOM = 27.000000

Using SPARSE 1.3 as Direct Linear Solver
 Reference value :  1.00000e-02
No. of Data Rows : 4401
dcg                 =  1.36902e+02
f0                  =  7.29360e+04
phx                 =  -9.98994e+01
f180                =  1.69433e+06
gmx                 =  -2.21400e+01
 meas ac f0r when tdb=0 rise=1 failed!

tres                =  -4.38912e-01 at=  7.67361e+04
ROW iload_a=0.05 ceff_f=4.7e-06 esr_ohm=0.2 vout_v=1.79908 dcgain_db=136.902 f0_hz=72936 phase_at_f0_deg=-99.8994 f180_hz=1.69433E+06 gain_at_f180_db=-22.14 f0_rising_hz= resurgence_db=-0.438912
Doing analysis at TEMP = 125.000000 and TNOM = 27.000000

Using SPARSE 1.3 as Direct Linear Solver
 Reference value :  0.00000e+00
No. of Data Rows : 1
Doing analysis at TEMP = 125.000000 and TNOM = 27.000000

Using SPARSE 1.3 as Direct Linear Solver

No. of Data Rows : 4401
Doing analysis at TEMP = 125.000000 and TNOM = 27.000000

Using SPARSE 1.3 as Direct Linear Solver
 Reference value :  1.00000e-02
No. of Data Rows : 4401
dcg                 =  1.36902e+02
f0                  =  1.54550e+05
phx                 =  -5.60042e+01
f180                =  1.76128e+06
gmx                 =  -1.49141e+01
 meas ac f0r when tdb=0 rise=1 failed!

tres                =  -1.02806e-01 at=  1.63117e+05
ROW iload_a=0.05 ceff_f=4.7e-06 esr_ohm=0.5 vout_v=1.79908 dcgain_db=136.902 f0_hz=154550 phase_at_f0_deg=-56.0042 f180_hz=1.76128E+06 gain_at_f180_db=-14.9141 f0_rising_hz= resurgence_db=-0.102806
* SWEEP COMPLETE ss_125c_3.63v
Note: Simulation executed from .control section 
Note: Starting dynamic gmin stepping
Note: Dynamic gmin stepping completed
Note: Starting dynamic gmin stepping
Note: Dynamic gmin stepping completed
Note: Starting dynamic gmin stepping
Note: Dynamic gmin stepping completed

Error: measure  f0r  when(WHEN) : out of interval
Error: &f0r: no such variable.
Note: Starting dynamic gmin stepping
Note: Dynamic gmin stepping completed
Note: Starting dynamic gmin stepping
Note: Dynamic gmin stepping completed
Note: Starting dynamic gmin stepping
Note: Dynamic gmin stepping completed

Error: measure  f0r  when(WHEN) : out of interval
Error: &f0r: no such variable.
Note: Starting dynamic gmin stepping
Note: Dynamic gmin stepping completed
Note: Starting dynamic gmin stepping
Note: Dynamic gmin stepping completed
Note: Starting dynamic gmin stepping
Note: Dynamic gmin stepping completed

Error: measure  f0r  when(WHEN) : out of interval
Error: &f0r: no such variable.
Note: Starting dynamic gmin stepping
Note: Dynamic gmin stepping completed
Note: Starting dynamic gmin stepping
Note: Dynamic gmin stepping completed
Note: Starting dynamic gmin stepping
Note: Dynamic gmin stepping completed

Error: measure  f0r  when(WHEN) : out of interval
Error: &f0r: no such variable.
Note: Starting dynamic gmin stepping
Note: Dynamic gmin stepping completed
Note: Starting dynamic gmin stepping
Note: Dynamic gmin stepping completed
Note: Starting dynamic gmin stepping
Note: Dynamic gmin stepping completed

Error: measure  f0r  when(WHEN) : out of interval
Error: &f0r: no such variable.
Note: Starting dynamic gmin stepping
Note: Dynamic gmin stepping completed
Note: Starting dynamic gmin stepping
Note: Dynamic gmin stepping completed
Note: Starting dynamic gmin stepping
Note: Dynamic gmin stepping completed

Error: measure  f0r  when(WHEN) : out of interval
Error: &f0r: no such variable.
Note: Starting dynamic gmin stepping
Note: Dynamic gmin stepping completed
Note: Starting dynamic gmin stepping
Note: Dynamic gmin stepping completed
Note: Starting dynamic gmin stepping
Note: Dynamic gmin stepping completed

Error: measure  f0r  when(WHEN) : out of interval
Error: &f0r: no such variable.
Note: Starting dynamic gmin stepping
Note: Dynamic gmin stepping completed
Note: Starting dynamic gmin stepping
Note: Dynamic gmin stepping completed
Note: Starting dynamic gmin stepping
Note: Dynamic gmin stepping completed

Error: measure  f0r  when(WHEN) : out of interval
Error: &f0r: no such variable.
Note: Starting dynamic gmin stepping
Note: Dynamic gmin stepping completed
Note: Starting dynamic gmin stepping
Note: Dynamic gmin stepping completed
Note: Starting dynamic gmin stepping
Note: Dynamic gmin stepping completed

Error: measure  f0r  when(WHEN) : out of interval
Error: &f0r: no such variable.
Note: Starting dynamic gmin stepping
Note: Dynamic gmin stepping completed
Note: Starting dynamic gmin stepping
Note: Dynamic gmin stepping completed
Note: Starting dynamic gmin stepping
Note: Dynamic gmin stepping completed

Error: measure  f0r  when(WHEN) : out of interval
Error: &f0r: no such variable.
Note: Starting dynamic gmin stepping
Note: Dynamic gmin stepping completed
Note: Starting dynamic gmin stepping
Note: Dynamic gmin stepping completed
Note: Starting dynamic gmin stepping
Note: Dynamic gmin stepping completed

Error: measure  f0r  when(WHEN) : out of interval
Error: &f0r: no such variable.
Note: Starting dynamic gmin stepping
Note: Dynamic gmin stepping completed
Note: Starting dynamic gmin stepping
Note: Dynamic gmin stepping completed
Note: Starting dynamic gmin stepping
Note: Dynamic gmin stepping completed

Error: measure  f0r  when(WHEN) : out of interval
Error: &f0r: no such variable.
Note: Starting dynamic gmin stepping
Note: Dynamic gmin stepping completed
Note: Starting dynamic gmin stepping
Note: Dynamic gmin stepping completed
Note: Starting dynamic gmin stepping
Note: Dynamic gmin stepping completed

Error: measure  f0r  when(WHEN) : out of interval
Error: &f0r: no such variable.
Note: Starting dynamic gmin stepping
Note: Dynamic gmin stepping completed
Note: Starting dynamic gmin stepping
Note: Dynamic gmin stepping completed
Note: Starting dynamic gmin stepping
Note: Dynamic gmin stepping completed

Error: measure  f0r  when(WHEN) : out of interval
Error: &f0r: no such variable.
Note: Starting dynamic gmin stepping
Note: Dynamic gmin stepping completed
Note: Starting dynamic gmin stepping
Note: Dynamic gmin stepping completed
Note: Starting dynamic gmin stepping
Note: Dynamic gmin stepping completed

Error: measure  f0r  when(WHEN) : out of interval
Error: &f0r: no such variable.
Note: Starting dynamic gmin stepping
Note: Dynamic gmin stepping completed
Note: Starting dynamic gmin stepping
Note: Dynamic gmin stepping completed
Note: Starting dynamic gmin stepping
Note: Dynamic gmin stepping completed

Error: measure  f0r  when(WHEN) : out of interval
Error: &f0r: no such variable.
Note: Starting dynamic gmin stepping
Note: Dynamic gmin stepping completed
Note: Starting dynamic gmin stepping
Note: Dynamic gmin stepping completed
Note: Starting dynamic gmin stepping
Note: Dynamic gmin stepping completed

Error: measure  f0r  when(WHEN) : out of interval
Error: &f0r: no such variable.
Note: Starting dynamic gmin stepping
Note: Dynamic gmin stepping completed
Note: Starting dynamic gmin stepping
Note: Dynamic gmin stepping completed
Note: Starting dynamic gmin stepping
Note: Dynamic gmin stepping completed

Error: measure  f0r  when(WHEN) : out of interval
Error: &f0r: no such variable.
Note: Starting dynamic gmin stepping
Note: Dynamic gmin stepping completed
Note: Starting dynamic gmin stepping
Note: Dynamic gmin stepping completed
Note: Starting dynamic gmin stepping
Note: Dynamic gmin stepping completed

Error: measure  f0r  when(WHEN) : out of interval
Error: &f0r: no such variable.
Note: Starting dynamic gmin stepping
Note: Dynamic gmin stepping completed
Note: Starting dynamic gmin stepping
Note: Dynamic gmin stepping completed
Note: Starting dynamic gmin stepping
Note: Dynamic gmin stepping completed

Error: measure  f0r  when(WHEN) : out of interval
Error: &f0r: no such variable.
Note: Starting dynamic gmin stepping
Note: Dynamic gmin stepping completed
Note: Starting dynamic gmin stepping
Note: Dynamic gmin stepping completed
Note: Starting dynamic gmin stepping
Note: Dynamic gmin stepping completed

Error: measure  f0r  when(WHEN) : out of interval
Error: &f0r: no such variable.
Note: Starting dynamic gmin stepping
Note: Dynamic gmin stepping completed
Note: Starting dynamic gmin stepping
Note: Dynamic gmin stepping completed
Note: Starting dynamic gmin stepping
Note: Dynamic gmin stepping completed

Error: measure  f0r  when(WHEN) : out of interval
Error: &f0r: no such variable.
Note: Starting dynamic gmin stepping
Note: Dynamic gmin stepping completed
Note: Starting dynamic gmin stepping
Note: Dynamic gmin stepping completed
Note: Starting dynamic gmin stepping
Note: Dynamic gmin stepping completed

Error: measure  f0r  when(WHEN) : out of interval
Error: &f0r: no such variable.
Note: Starting dynamic gmin stepping
Note: Dynamic gmin stepping completed
Note: Starting dynamic gmin stepping
Note: Dynamic gmin stepping completed
Note: Starting dynamic gmin stepping
Note: Dynamic gmin stepping completed

Error: measure  f0r  when(WHEN) : out of interval
Error: &f0r: no such variable.
Note: Starting dynamic gmin stepping
Note: Dynamic gmin stepping completed
Note: Starting dynamic gmin stepping
Note: Dynamic gmin stepping completed
Note: Starting dynamic gmin stepping
Note: Dynamic gmin stepping completed

Error: measure  f0r  when(WHEN) : out of interval
Error: &f0r: no such variable.
Note: Starting dynamic gmin stepping
Note: Dynamic gmin stepping completed
Note: Starting dynamic gmin stepping
Note: Dynamic gmin stepping completed
Note: Starting dynamic gmin stepping
Note: Dynamic gmin stepping completed

Error: measure  f0r  when(WHEN) : out of interval
Error: &f0r: no such variable.
Note: Starting dynamic gmin stepping
Note: Dynamic gmin stepping completed
Note: Starting dynamic gmin stepping
Note: Dynamic gmin stepping completed
Note: Starting dynamic gmin stepping
Note: Dynamic gmin stepping completed

Error: measure  f0r  when(WHEN) : out of interval
Error: &f0r: no such variable.
Note: Starting dynamic gmin stepping
Note: Dynamic gmin stepping completed
Note: Starting dynamic gmin stepping
Note: Dynamic gmin stepping completed
Note: Starting dynamic gmin stepping
Note: Dynamic gmin stepping completed

Error: measure  f0r  when(WHEN) : out of interval
Error: &f0r: no such variable.
Note: Starting dynamic gmin stepping
Note: Dynamic gmin stepping completed
Note: Starting dynamic gmin stepping
Note: Dynamic gmin stepping completed
Note: Starting dynamic gmin stepping
Note: Dynamic gmin stepping completed

Error: measure  f0r  when(WHEN) : out of interval
Error: &f0r: no such variable.
Note: Starting dynamic gmin stepping
Note: Dynamic gmin stepping completed
Note: Starting dynamic gmin stepping
Note: Dynamic gmin stepping completed
Note: Starting dynamic gmin stepping
Note: Dynamic gmin stepping completed

Error: measure  f0r  when(WHEN) : out of interval
Error: &f0r: no such variable.
Note: Starting dynamic gmin stepping
Note: Dynamic gmin stepping completed
Note: Starting dynamic gmin stepping
Note: Dynamic gmin stepping completed
Note: Starting dynamic gmin stepping
Note: Dynamic gmin stepping completed

Error: measure  f0r  when(WHEN) : out of interval
Error: &f0r: no such variable.
Note: Starting dynamic gmin stepping
Note: Dynamic gmin stepping completed
Note: Starting dynamic gmin stepping
Note: Dynamic gmin stepping completed
Note: Starting dynamic gmin stepping
Note: Dynamic gmin stepping completed

Error: measure  f0r  when(WHEN) : out of interval
Error: &f0r: no such variable.
Note: Starting dynamic gmin stepping
Note: Dynamic gmin stepping completed
Note: Starting dynamic gmin stepping
Note: Dynamic gmin stepping completed
Note: Starting dynamic gmin stepping
Note: Dynamic gmin stepping completed

Error: measure  f0r  when(WHEN) : out of interval
Error: &f0r: no such variable.
Note: Starting dynamic gmin stepping
Note: Dynamic gmin stepping completed
Note: Starting dynamic gmin stepping
Note: Dynamic gmin stepping completed
Note: Starting dynamic gmin stepping
Note: Dynamic gmin stepping completed

Error: measure  f0r  when(WHEN) : out of interval
Error: &f0r: no such variable.
Note: Starting dynamic gmin stepping
Note: Dynamic gmin stepping completed
Note: Starting dynamic gmin stepping
Note: Dynamic gmin stepping completed
Note: Starting dynamic gmin stepping
Note: Dynamic gmin stepping completed

Error: measure  f0r  when(WHEN) : out of interval
Error: &f0r: no such variable.
Note: Starting dynamic gmin stepping
Note: Dynamic gmin stepping completed
Note: Starting dynamic gmin stepping
Note: Dynamic gmin stepping completed
Note: Starting dynamic gmin stepping
Note: Dynamic gmin stepping completed

Error: measure  f0r  when(WHEN) : out of interval
Error: &f0r: no such variable.
Note: Starting dynamic gmin stepping
Note: Dynamic gmin stepping completed
Note: Starting dynamic gmin stepping
Note: Dynamic gmin stepping completed
Note: Starting dynamic gmin stepping
Note: Dynamic gmin stepping completed

Error: measure  f0r  when(WHEN) : out of interval
Error: &f0r: no such variable.
Note: Starting dynamic gmin stepping
Note: Dynamic gmin stepping completed
Note: Starting dynamic gmin stepping
Note: Dynamic gmin stepping completed
Note: Starting dynamic gmin stepping
Note: Dynamic gmin stepping completed

Error: measure  f0r  when(WHEN) : out of interval
Error: &f0r: no such variable.
Note: Starting dynamic gmin stepping
Note: Dynamic gmin stepping completed
Note: Starting dynamic gmin stepping
Note: Dynamic gmin stepping completed
Note: Starting dynamic gmin stepping
Note: Dynamic gmin stepping completed

Error: measure  f0r  when(WHEN) : out of interval
Error: &f0r: no such variable.
Note: Starting dynamic gmin stepping
Note: Dynamic gmin stepping completed
Note: Starting dynamic gmin stepping
Note: Dynamic gmin stepping completed
Note: Starting dynamic gmin stepping
Note: Dynamic gmin stepping completed

Error: measure  f0r  when(WHEN) : out of interval
Error: &f0r: no such variable.
Note: Starting dynamic gmin stepping
Note: Dynamic gmin stepping completed
Note: Starting dynamic gmin stepping
Note: Dynamic gmin stepping completed
Note: Starting dynamic gmin stepping
Note: Dynamic gmin stepping completed

Error: measure  f0r  when(WHEN) : out of interval
Error: &f0r: no such variable.
Note: Starting dynamic gmin stepping
Note: Dynamic gmin stepping completed
Note: Starting dynamic gmin stepping
Note: Dynamic gmin stepping completed
Note: Starting dynamic gmin stepping
Note: Dynamic gmin stepping completed

Error: measure  f0r  when(WHEN) : out of interval
Error: &f0r: no such variable.
Note: Starting dynamic gmin stepping
Note: Dynamic gmin stepping completed
Note: Starting dynamic gmin stepping
Note: Dynamic gmin stepping completed
Note: Starting dynamic gmin stepping
Note: Dynamic gmin stepping completed

Error: measure  f0r  when(WHEN) : out of interval
Error: &f0r: no such variable.
Note: Starting dynamic gmin stepping
Note: Dynamic gmin stepping completed
Note: Starting dynamic gmin stepping
Note: Dynamic gmin stepping completed
Note: Starting dynamic gmin stepping
Note: Dynamic gmin stepping completed

Error: measure  f0r  when(WHEN) : out of interval
Error: &f0r: no such variable.
Note: Starting dynamic gmin stepping
Note: Dynamic gmin stepping completed
Note: Starting dynamic gmin stepping
Note: Dynamic gmin stepping completed
Note: Starting dynamic gmin stepping
Note: Dynamic gmin stepping completed

Error: measure  f0r  when(WHEN) : out of interval
Error: &f0r: no such variable.
Note: Starting dynamic gmin stepping
Note: Dynamic gmin stepping completed
Note: Starting dynamic gmin stepping
Note: Dynamic gmin stepping completed
Note: Starting dynamic gmin stepping
Note: Dynamic gmin stepping completed

Error: measure  f0r  when(WHEN) : out of interval
Error: &f0r: no such variable.
Note: Starting dynamic gmin stepping
Note: Dynamic gmin stepping completed
Note: Starting dynamic gmin stepping
Note: Dynamic gmin stepping completed
Note: Starting dynamic gmin stepping
Note: Dynamic gmin stepping completed

Error: measure  f0r  when(WHEN) : out of interval
Error: &f0r: no such variable.
Note: Starting dynamic gmin stepping
Note: Dynamic gmin stepping completed
Note: Starting dynamic gmin stepping
Note: Dynamic gmin stepping completed
Note: Starting dynamic gmin stepping
Note: Dynamic gmin stepping completed

Error: measure  f0r  when(WHEN) : out of interval
Error: &f0r: no such variable.
Note: Starting dynamic gmin stepping
Note: Dynamic gmin stepping completed
Note: Starting dynamic gmin stepping
Note: Dynamic gmin stepping completed
Note: Starting dynamic gmin stepping
Note: Dynamic gmin stepping completed

Error: measure  f0r  when(WHEN) : out of interval
Error: &f0r: no such variable.
Note: Starting dynamic gmin stepping
Note: Dynamic gmin stepping completed
Note: Starting dynamic gmin stepping
Note: Dynamic gmin stepping completed
Note: Starting dynamic gmin stepping
Note: Dynamic gmin stepping completed

Error: measure  f0r  when(WHEN) : out of interval
Error: &f0r: no such variable.
Note: Starting dynamic gmin stepping
Note: Dynamic gmin stepping completed
Note: Starting dynamic gmin stepping
Note: Dynamic gmin stepping completed
Note: Starting dynamic gmin stepping
Note: Dynamic gmin stepping completed

Error: measure  f0r  when(WHEN) : out of interval
Error: &f0r: no such variable.
Note: Starting dynamic gmin stepping
Note: Dynamic gmin stepping completed
Note: Starting dynamic gmin stepping
Note: Dynamic gmin stepping completed
Note: Starting dynamic gmin stepping
Note: Dynamic gmin stepping completed

Error: measure  f0r  when(WHEN) : out of interval
Error: &f0r: no such variable.
Note: Starting dynamic gmin stepping
Note: Dynamic gmin stepping completed
Note: Starting dynamic gmin stepping
Note: Dynamic gmin stepping completed
Note: Starting dynamic gmin stepping
Note: Dynamic gmin stepping completed

Error: measure  f0r  when(WHEN) : out of interval
Error: &f0r: no such variable.
Note: Starting dynamic gmin stepping
Note: Dynamic gmin stepping completed
Note: Starting dynamic gmin stepping
Note: Dynamic gmin stepping completed
Note: Starting dynamic gmin stepping
Note: Dynamic gmin stepping completed

Error: measure  f0r  when(WHEN) : out of interval
Error: &f0r: no such variable.
Note: Starting dynamic gmin stepping
Note: Dynamic gmin stepping completed
Note: Starting dynamic gmin stepping
Note: Dynamic gmin stepping completed
Note: Starting dynamic gmin stepping
Note: Dynamic gmin stepping completed

Error: measure  f0r  when(WHEN) : out of interval
Error: &f0r: no such variable.
Note: Starting dynamic gmin stepping
Note: Dynamic gmin stepping completed
Note: Starting dynamic gmin stepping
Note: Dynamic gmin stepping completed
Note: Starting dynamic gmin stepping
Note: Dynamic gmin stepping completed

Error: measure  f0r  when(WHEN) : out of interval
Error: &f0r: no such variable.
Note: Starting dynamic gmin stepping
Note: Dynamic gmin stepping completed
Note: Starting dynamic gmin stepping
Note: Dynamic gmin stepping completed
Note: Starting dynamic gmin stepping
Note: Dynamic gmin stepping completed

Error: measure  f0r  when(WHEN) : out of interval
Error: &f0r: no such variable.
Note: Starting dynamic gmin stepping
Note: Dynamic gmin stepping completed
Note: Starting dynamic gmin stepping
Note: Dynamic gmin stepping completed
Note: Starting dynamic gmin stepping
Note: Dynamic gmin stepping completed

Error: measure  f0r  when(WHEN) : out of interval
Error: &f0r: no such variable.
Note: Starting dynamic gmin stepping
Note: Dynamic gmin stepping completed
Note: Starting dynamic gmin stepping
Note: Dynamic gmin stepping completed
Note: Starting dynamic gmin stepping
Note: Dynamic gmin stepping completed

Error: measure  f0r  when(WHEN) : out of interval
Error: &f0r: no such variable.
Note: Starting dynamic gmin stepping
Note: Dynamic gmin stepping completed
Note: Starting dynamic gmin stepping
Note: Dynamic gmin stepping completed
Note: Starting dynamic gmin stepping
Note: Dynamic gmin stepping completed

Error: measure  f0r  when(WHEN) : out of interval
Error: &f0r: no such variable.
Note: Starting dynamic gmin stepping
Note: Dynamic gmin stepping completed
Note: Starting dynamic gmin stepping
Note: Dynamic gmin stepping completed
Note: Starting dynamic gmin stepping
Note: Dynamic gmin stepping completed

Error: measure  f0r  when(WHEN) : out of interval
Error: &f0r: no such variable.
Note: Starting dynamic gmin stepping
Note: Dynamic gmin stepping completed
Note: Starting dynamic gmin stepping
Note: Dynamic gmin stepping completed
Note: Starting dynamic gmin stepping
Note: Dynamic gmin stepping completed

Error: measure  f0r  when(WHEN) : out of interval
Error: &f0r: no such variable.
Note: Starting dynamic gmin stepping
Note: Dynamic gmin stepping completed
Note: Starting dynamic gmin stepping
Note: Dynamic gmin stepping completed
Note: Starting dynamic gmin stepping
Note: Dynamic gmin stepping completed

Error: measure  f0r  when(WHEN) : out of interval
Error: &f0r: no such variable.
Note: Starting dynamic gmin stepping
Note: Dynamic gmin stepping completed
Note: Starting dynamic gmin stepping
Note: Dynamic gmin stepping completed
Note: Starting dynamic gmin stepping
Note: Dynamic gmin stepping completed

Error: measure  f0r  when(WHEN) : out of interval
Error: &f0r: no such variable.
Note: Starting dynamic gmin stepping
Note: Dynamic gmin stepping completed
Note: Starting dynamic gmin stepping
Note: Dynamic gmin stepping completed
Note: Starting dynamic gmin stepping
Note: Dynamic gmin stepping completed

Error: measure  f0r  when(WHEN) : out of interval
Error: &f0r: no such variable.
Note: Starting dynamic gmin stepping
Note: Dynamic gmin stepping completed
Note: Starting dynamic gmin stepping
Note: Dynamic gmin stepping completed
Note: Starting dynamic gmin stepping
Note: Dynamic gmin stepping completed

Error: measure  f0r  when(WHEN) : out of interval
Error: &f0r: no such variable.
Note: Starting dynamic gmin stepping
Note: Dynamic gmin stepping completed
Note: Starting dynamic gmin stepping
Note: Dynamic gmin stepping completed
Note: Starting dynamic gmin stepping
Note: Dynamic gmin stepping completed

Error: measure  f0r  when(WHEN) : out of interval
Error: &f0r: no such variable.
Note: Starting dynamic gmin stepping
Note: Dynamic gmin stepping completed
Note: Starting dynamic gmin stepping
Note: Dynamic gmin stepping completed
Note: Starting dynamic gmin stepping
Note: Dynamic gmin stepping completed

Error: measure  f0r  when(WHEN) : out of interval
Error: &f0r: no such variable.
Note: Starting dynamic gmin stepping
Note: Dynamic gmin stepping completed
Note: Starting dynamic gmin stepping
Note: Dynamic gmin stepping completed
Note: Starting dynamic gmin stepping
Note: Dynamic gmin stepping completed

Error: measure  f0r  when(WHEN) : out of interval
Error: &f0r: no such variable.
Note: Starting dynamic gmin stepping
Note: Dynamic gmin stepping completed
Note: Starting dynamic gmin stepping
Note: Dynamic gmin stepping completed
Note: Starting dynamic gmin stepping
Note: Dynamic gmin stepping completed

Error: measure  f0r  when(WHEN) : out of interval
Error: &f0r: no such variable.
Note: Starting dynamic gmin stepping
Note: Dynamic gmin stepping completed
Note: Starting dynamic gmin stepping
Note: Dynamic gmin stepping completed
Note: Starting dynamic gmin stepping
Note: Dynamic gmin stepping completed

Error: measure  f0r  when(WHEN) : out of interval
Error: &f0r: no such variable.
Note: Starting dynamic gmin stepping
Note: Dynamic gmin stepping completed
Note: Starting dynamic gmin stepping
Note: Dynamic gmin stepping completed
Note: Starting dynamic gmin stepping
Note: Dynamic gmin stepping completed

Error: measure  f0r  when(WHEN) : out of interval
Error: &f0r: no such variable.
