
Note: Compatibility modes selected: hs a


Circuit: * loop-stability -- tian dual-injection loop-gain testbench for ldo_core (issue #10)

* corner_id=fs_-40c_3.63v corner=fs temp_c=-40 vin_v=3.63
* ac sweep: dec 50 0.01 1e9 ; Tian dual injection at ERRAMP_OUT->PASS_GATE
* columns: ROW iload_a= ceff_f= esr_ohm= vout_v= dcgain_db= f0_hz= phase_at_f0_deg=
*          f180_hz= gain_at_f180_db= f0_rising_hz= resurgence_db=
* (phase margin = 180 + phase_at_f0_deg ; gain margin = -gain_at_f180_db ;
*  resurgence_db = max |T| in dB above the first 0 dB crossing, DR-0008 ;
*  an empty f180/gain field means the phase never reaches -180 deg in band)
* Fields are written key=value BECAUSE a failed meas leaves its value
* empty: with bare positional fields an empty one vanishes into the
* whitespace and every field after it is read as the wrong quantity.
Doing analysis at TEMP = -40.000000 and TNOM = 27.000000

Using SPARSE 1.3 as Direct Linear Solver
 Reference value :  0.00000e+00
No. of Data Rows : 1
Doing analysis at TEMP = -40.000000 and TNOM = 27.000000

Using SPARSE 1.3 as Direct Linear Solver
 Reference value :  1.00000e-02
No. of Data Rows : 551
Doing analysis at TEMP = -40.000000 and TNOM = 27.000000

Using SPARSE 1.3 as Direct Linear Solver
 Reference value :  1.00000e-02
No. of Data Rows : 551
dcg                 =  1.37879e+02
f0                  =  3.75104e+03
phx                 =  -1.42670e+02
f180                =  1.92628e+06
gmx                 =  -5.13037e+01
 meas ac f0r when tdb=0 rise=1 failed!

tres                =  -8.38557e-01 at=  3.98107e+03
ROW iload_a=0 ceff_f=3.3e-07 esr_ohm=0.001 vout_v=1.7994 dcgain_db=137.879 f0_hz=3751.04 phase_at_f0_deg=-142.67 f180_hz=1.92628E+06 gain_at_f180_db=-51.3037 f0_rising_hz= resurgence_db=-0.838557
Doing analysis at TEMP = -40.000000 and TNOM = 27.000000

Using SPARSE 1.3 as Direct Linear Solver
 Reference value :  0.00000e+00
No. of Data Rows : 1
Doing analysis at TEMP = -40.000000 and TNOM = 27.000000

Using SPARSE 1.3 as Direct Linear Solver
 Reference value :  1.00000e-02
No. of Data Rows : 551
Doing analysis at TEMP = -40.000000 and TNOM = 27.000000

Using SPARSE 1.3 as Direct Linear Solver
 Reference value :  1.00000e-02
No. of Data Rows : 551
dcg                 =  1.37879e+02
f0                  =  3.75104e+03
phx                 =  -1.42648e+02
f180                =  1.92248e+06
gmx                 =  -5.12523e+01
 meas ac f0r when tdb=0 rise=1 failed!

tres                =  -8.38562e-01 at=  3.98107e+03
ROW iload_a=0 ceff_f=3.3e-07 esr_ohm=0.05 vout_v=1.7994 dcgain_db=137.879 f0_hz=3751.04 phase_at_f0_deg=-142.648 f180_hz=1.92248E+06 gain_at_f180_db=-51.2523 f0_rising_hz= resurgence_db=-0.838562
Doing analysis at TEMP = -40.000000 and TNOM = 27.000000

Using SPARSE 1.3 as Direct Linear Solver
 Reference value :  0.00000e+00
No. of Data Rows : 1
Doing analysis at TEMP = -40.000000 and TNOM = 27.000000

Using SPARSE 1.3 as Direct Linear Solver
 Reference value :  1.00000e-02
No. of Data Rows : 551
Doing analysis at TEMP = -40.000000 and TNOM = 27.000000

Using SPARSE 1.3 as Direct Linear Solver
 Reference value :  1.00000e-02
No. of Data Rows : 551
dcg                 =  1.37879e+02
f0                  =  3.75104e+03
phx                 =  -1.42581e+02
f180                =  1.91103e+06
gmx                 =  -5.10935e+01
 meas ac f0r when tdb=0 rise=1 failed!

tres                =  -8.38553e-01 at=  3.98107e+03
ROW iload_a=0 ceff_f=3.3e-07 esr_ohm=0.2 vout_v=1.7994 dcgain_db=137.879 f0_hz=3751.04 phase_at_f0_deg=-142.581 f180_hz=1.91103E+06 gain_at_f180_db=-51.0935 f0_rising_hz= resurgence_db=-0.838553
Doing analysis at TEMP = -40.000000 and TNOM = 27.000000

Using SPARSE 1.3 as Direct Linear Solver
 Reference value :  0.00000e+00
No. of Data Rows : 1
Doing analysis at TEMP = -40.000000 and TNOM = 27.000000

Using SPARSE 1.3 as Direct Linear Solver
 Reference value :  1.00000e-02
No. of Data Rows : 551
Doing analysis at TEMP = -40.000000 and TNOM = 27.000000

Using SPARSE 1.3 as Direct Linear Solver
 Reference value :  1.00000e-02
No. of Data Rows : 551
dcg                 =  1.37879e+02
f0                  =  3.75106e+03
phx                 =  -1.42447e+02
f180                =  1.88960e+06
gmx                 =  -5.07779e+01
 meas ac f0r when tdb=0 rise=1 failed!

tres                =  -8.38495e-01 at=  3.98107e+03
ROW iload_a=0 ceff_f=3.3e-07 esr_ohm=0.5 vout_v=1.7994 dcgain_db=137.879 f0_hz=3751.05 phase_at_f0_deg=-142.447 f180_hz=1.8896E+06 gain_at_f180_db=-50.7779 f0_rising_hz= resurgence_db=-0.838496
Doing analysis at TEMP = -40.000000 and TNOM = 27.000000

Using SPARSE 1.3 as Direct Linear Solver
 Reference value :  0.00000e+00
No. of Data Rows : 1
Doing analysis at TEMP = -40.000000 and TNOM = 27.000000

Using SPARSE 1.3 as Direct Linear Solver
 Reference value :  1.00000e-02
No. of Data Rows : 551
Doing analysis at TEMP = -40.000000 and TNOM = 27.000000

Using SPARSE 1.3 as Direct Linear Solver
 Reference value :  1.00000e-02
No. of Data Rows : 551
dcg                 =  1.37873e+02
f0                  =  1.99423e+03
phx                 =  -1.57887e+02
f180                =  1.95036e+06
gmx                 =  -5.12136e+01
 meas ac f0r when tdb=0 rise=1 failed!

tres                =  -7.49322e-01 at=  2.08930e+03
ROW iload_a=0 ceff_f=1e-06 esr_ohm=0.001 vout_v=1.7994 dcgain_db=137.873 f0_hz=1994.23 phase_at_f0_deg=-157.887 f180_hz=1.95036E+06 gain_at_f180_db=-51.2136 f0_rising_hz= resurgence_db=-0.749322
Doing analysis at TEMP = -40.000000 and TNOM = 27.000000

Using SPARSE 1.3 as Direct Linear Solver
 Reference value :  0.00000e+00
No. of Data Rows : 1
Doing analysis at TEMP = -40.000000 and TNOM = 27.000000

Using SPARSE 1.3 as Direct Linear Solver
 Reference value :  1.00000e-02
No. of Data Rows : 551
Doing analysis at TEMP = -40.000000 and TNOM = 27.000000

Using SPARSE 1.3 as Direct Linear Solver
 Reference value :  1.00000e-02
No. of Data Rows : 551
dcg                 =  1.37873e+02
f0                  =  1.99423e+03
phx                 =  -1.57851e+02
f180                =  1.94667e+06
gmx                 =  -5.11644e+01
 meas ac f0r when tdb=0 rise=1 failed!

tres                =  -7.49326e-01 at=  2.08930e+03
ROW iload_a=0 ceff_f=1e-06 esr_ohm=0.05 vout_v=1.7994 dcgain_db=137.873 f0_hz=1994.23 phase_at_f0_deg=-157.851 f180_hz=1.94667E+06 gain_at_f180_db=-51.1644 f0_rising_hz= resurgence_db=-0.749326
Doing analysis at TEMP = -40.000000 and TNOM = 27.000000

Using SPARSE 1.3 as Direct Linear Solver
 Reference value :  0.00000e+00
No. of Data Rows : 1
Doing analysis at TEMP = -40.000000 and TNOM = 27.000000

Using SPARSE 1.3 as Direct Linear Solver
 Reference value :  1.00000e-02
No. of Data Rows : 551
Doing analysis at TEMP = -40.000000 and TNOM = 27.000000

Using SPARSE 1.3 as Direct Linear Solver
 Reference value :  1.00000e-02
No. of Data Rows : 551
dcg                 =  1.37873e+02
f0                  =  1.99423e+03
phx                 =  -1.57744e+02
f180                =  1.93552e+06
gmx                 =  -5.10123e+01
 meas ac f0r when tdb=0 rise=1 failed!

tres                =  -7.49300e-01 at=  2.08930e+03
ROW iload_a=0 ceff_f=1e-06 esr_ohm=0.2 vout_v=1.7994 dcgain_db=137.873 f0_hz=1994.23 phase_at_f0_deg=-157.744 f180_hz=1.93552E+06 gain_at_f180_db=-51.0123 f0_rising_hz= resurgence_db=-0.7493
Doing analysis at TEMP = -40.000000 and TNOM = 27.000000

Using SPARSE 1.3 as Direct Linear Solver
 Reference value :  0.00000e+00
No. of Data Rows : 1
Doing analysis at TEMP = -40.000000 and TNOM = 27.000000

Using SPARSE 1.3 as Direct Linear Solver
 Reference value :  1.00000e-02
No. of Data Rows : 551
Doing analysis at TEMP = -40.000000 and TNOM = 27.000000

Using SPARSE 1.3 as Direct Linear Solver
 Reference value :  1.00000e-02
No. of Data Rows : 551
dcg                 =  1.37873e+02
f0                  =  1.99425e+03
phx                 =  -1.57528e+02
f180                =  1.91396e+06
gmx                 =  -5.07023e+01
 meas ac f0r when tdb=0 rise=1 failed!

tres                =  -7.49147e-01 at=  2.08930e+03
ROW iload_a=0 ceff_f=1e-06 esr_ohm=0.5 vout_v=1.7994 dcgain_db=137.873 f0_hz=1994.25 phase_at_f0_deg=-157.528 f180_hz=1.91396E+06 gain_at_f180_db=-50.7023 f0_rising_hz= resurgence_db=-0.749147
Doing analysis at TEMP = -40.000000 and TNOM = 27.000000

Using SPARSE 1.3 as Direct Linear Solver
 Reference value :  0.00000e+00
No. of Data Rows : 1
Doing analysis at TEMP = -40.000000 and TNOM = 27.000000

Using SPARSE 1.3 as Direct Linear Solver
 Reference value :  1.00000e-02
No. of Data Rows : 551
Doing analysis at TEMP = -40.000000 and TNOM = 27.000000

Using SPARSE 1.3 as Direct Linear Solver
 Reference value :  1.00000e-02
No. of Data Rows : 551
dcg                 =  1.37740e+02
f0                  =  8.92776e+02
phx                 =  -1.69599e+02
f180                =  1.95905e+06
gmx                 =  -5.11792e+01
 meas ac f0r when tdb=0 rise=1 failed!

tres                =  -1.15488e+00 at=  9.54993e+02
ROW iload_a=0 ceff_f=4.7e-06 esr_ohm=0.001 vout_v=1.7994 dcgain_db=137.74 f0_hz=892.776 phase_at_f0_deg=-169.599 f180_hz=1.95905E+06 gain_at_f180_db=-51.1792 f0_rising_hz= resurgence_db=-1.15488
Doing analysis at TEMP = -40.000000 and TNOM = 27.000000

Using SPARSE 1.3 as Direct Linear Solver
 Reference value :  0.00000e+00
No. of Data Rows : 1
Doing analysis at TEMP = -40.000000 and TNOM = 27.000000

Using SPARSE 1.3 as Direct Linear Solver
 Reference value :  1.00000e-02
No. of Data Rows : 551
Doing analysis at TEMP = -40.000000 and TNOM = 27.000000

Using SPARSE 1.3 as Direct Linear Solver
 Reference value :  1.00000e-02
No. of Data Rows : 551
dcg                 =  1.37740e+02
f0                  =  8.92776e+02
phx                 =  -1.69525e+02
f180                =  1.95540e+06
gmx                 =  -5.11308e+01
 meas ac f0r when tdb=0 rise=1 failed!

tres                =  -1.15488e+00 at=  9.54993e+02
ROW iload_a=0 ceff_f=4.7e-06 esr_ohm=0.05 vout_v=1.7994 dcgain_db=137.74 f0_hz=892.776 phase_at_f0_deg=-169.525 f180_hz=1.9554E+06 gain_at_f180_db=-51.1308 f0_rising_hz= resurgence_db=-1.15488
Doing analysis at TEMP = -40.000000 and TNOM = 27.000000

Using SPARSE 1.3 as Direct Linear Solver
 Reference value :  0.00000e+00
No. of Data Rows : 1
Doing analysis at TEMP = -40.000000 and TNOM = 27.000000

Using SPARSE 1.3 as Direct Linear Solver
 Reference value :  1.00000e-02
No. of Data Rows : 551
Doing analysis at TEMP = -40.000000 and TNOM = 27.000000

Using SPARSE 1.3 as Direct Linear Solver
 Reference value :  1.00000e-02
No. of Data Rows : 551
dcg                 =  1.37740e+02
f0                  =  8.92782e+02
phx                 =  -1.69298e+02
f180                =  1.94438e+06
gmx                 =  -5.09811e+01
 meas ac f0r when tdb=0 rise=1 failed!

tres                =  -1.15475e+00 at=  9.54993e+02
ROW iload_a=0 ceff_f=4.7e-06 esr_ohm=0.2 vout_v=1.7994 dcgain_db=137.74 f0_hz=892.782 phase_at_f0_deg=-169.298 f180_hz=1.94438E+06 gain_at_f180_db=-50.9811 f0_rising_hz= resurgence_db=-1.15475
Doing analysis at TEMP = -40.000000 and TNOM = 27.000000

Using SPARSE 1.3 as Direct Linear Solver
 Reference value :  0.00000e+00
No. of Data Rows : 1
Doing analysis at TEMP = -40.000000 and TNOM = 27.000000

Using SPARSE 1.3 as Direct Linear Solver
 Reference value :  1.00000e-02
No. of Data Rows : 551
Doing analysis at TEMP = -40.000000 and TNOM = 27.000000

Using SPARSE 1.3 as Direct Linear Solver
 Reference value :  1.00000e-02
No. of Data Rows : 551
dcg                 =  1.37740e+02
f0                  =  8.92815e+02
phx                 =  -1.68844e+02
f180                =  1.92301e+06
gmx                 =  -5.06759e+01
 meas ac f0r when tdb=0 rise=1 failed!

tres                =  -1.15403e+00 at=  9.54993e+02
ROW iload_a=0 ceff_f=4.7e-06 esr_ohm=0.5 vout_v=1.7994 dcgain_db=137.74 f0_hz=892.815 phase_at_f0_deg=-168.844 f180_hz=1.92301E+06 gain_at_f180_db=-50.6759 f0_rising_hz= resurgence_db=-1.15403
Doing analysis at TEMP = -40.000000 and TNOM = 27.000000

Using SPARSE 1.3 as Direct Linear Solver
 Reference value :  0.00000e+00
No. of Data Rows : 1
Doing analysis at TEMP = -40.000000 and TNOM = 27.000000

Using SPARSE 1.3 as Direct Linear Solver
 Reference value :  1.00000e-02
No. of Data Rows : 551
Doing analysis at TEMP = -40.000000 and TNOM = 27.000000

Using SPARSE 1.3 as Direct Linear Solver
 Reference value :  1.00000e-02
No. of Data Rows : 551
dcg                 =  1.47821e+02
f0                  =  1.66635e+05
phx                 =  -1.44029e+02
f180                =  4.01829e+05
gmx                 =  -1.31090e+01
 meas ac f0r when tdb=0 rise=1 failed!

tres                =  -1.17699e+00 at=  1.81970e+05
ROW iload_a=0.0001 ceff_f=3.3e-07 esr_ohm=0.001 vout_v=1.7994 dcgain_db=147.821 f0_hz=166635 phase_at_f0_deg=-144.029 f180_hz=401829 gain_at_f180_db=-13.109 f0_rising_hz= resurgence_db=-1.17699
Doing analysis at TEMP = -40.000000 and TNOM = 27.000000

Using SPARSE 1.3 as Direct Linear Solver
 Reference value :  0.00000e+00
No. of Data Rows : 1
Doing analysis at TEMP = -40.000000 and TNOM = 27.000000

Using SPARSE 1.3 as Direct Linear Solver
 Reference value :  1.00000e-02
No. of Data Rows : 551
Doing analysis at TEMP = -40.000000 and TNOM = 27.000000

Using SPARSE 1.3 as Direct Linear Solver
 Reference value :  1.00000e-02
No. of Data Rows : 551
dcg                 =  1.47821e+02
f0                  =  1.66652e+05
phx                 =  -1.43063e+02
f180                =  4.26014e+05
gmx                 =  -1.40468e+01
 meas ac f0r when tdb=0 rise=1 failed!

tres                =  -1.17541e+00 at=  1.81970e+05
ROW iload_a=0.0001 ceff_f=3.3e-07 esr_ohm=0.05 vout_v=1.7994 dcgain_db=147.821 f0_hz=166652 phase_at_f0_deg=-143.063 f180_hz=426014 gain_at_f180_db=-14.0468 f0_rising_hz= resurgence_db=-1.17541
Doing analysis at TEMP = -40.000000 and TNOM = 27.000000

Using SPARSE 1.3 as Direct Linear Solver
 Reference value :  0.00000e+00
No. of Data Rows : 1
Doing analysis at TEMP = -40.000000 and TNOM = 27.000000

Using SPARSE 1.3 as Direct Linear Solver
 Reference value :  1.00000e-02
No. of Data Rows : 551
Doing analysis at TEMP = -40.000000 and TNOM = 27.000000

Using SPARSE 1.3 as Direct Linear Solver
 Reference value :  1.00000e-02
No. of Data Rows : 551
dcg                 =  1.47821e+02
f0                  =  1.66902e+05
phx                 =  -1.40153e+02
f180                =  5.33222e+05
gmx                 =  -1.75343e+01
 meas ac f0r when tdb=0 rise=1 failed!

tres                =  -1.15221e+00 at=  1.81970e+05
ROW iload_a=0.0001 ceff_f=3.3e-07 esr_ohm=0.2 vout_v=1.7994 dcgain_db=147.821 f0_hz=166902 phase_at_f0_deg=-140.153 f180_hz=533222 gain_at_f180_db=-17.5343 f0_rising_hz= resurgence_db=-1.15221
Doing analysis at TEMP = -40.000000 and TNOM = 27.000000

Using SPARSE 1.3 as Direct Linear Solver
 Reference value :  0.00000e+00
No. of Data Rows : 1
Doing analysis at TEMP = -40.000000 and TNOM = 27.000000

Using SPARSE 1.3 as Direct Linear Solver
 Reference value :  1.00000e-02
No. of Data Rows : 551
Doing analysis at TEMP = -40.000000 and TNOM = 27.000000

Using SPARSE 1.3 as Direct Linear Solver
 Reference value :  1.00000e-02
No. of Data Rows : 551
dcg                 =  1.47821e+02
f0                  =  1.68308e+05
phx                 =  -1.34548e+02
f180                =  9.41271e+05
gmx                 =  -2.44400e+01
 meas ac f0r when tdb=0 rise=1 failed!

tres                =  -1.02485e+00 at=  1.81970e+05
ROW iload_a=0.0001 ceff_f=3.3e-07 esr_ohm=0.5 vout_v=1.7994 dcgain_db=147.821 f0_hz=168308 phase_at_f0_deg=-134.548 f180_hz=941271 gain_at_f180_db=-24.44 f0_rising_hz= resurgence_db=-1.02485
Doing analysis at TEMP = -40.000000 and TNOM = 27.000000

Using SPARSE 1.3 as Direct Linear Solver
 Reference value :  0.00000e+00
No. of Data Rows : 1
Doing analysis at TEMP = -40.000000 and TNOM = 27.000000

Using SPARSE 1.3 as Direct Linear Solver
 Reference value :  1.00000e-02
No. of Data Rows : 551
Doing analysis at TEMP = -40.000000 and TNOM = 27.000000

Using SPARSE 1.3 as Direct Linear Solver
 Reference value :  1.00000e-02
No. of Data Rows : 551
dcg                 =  1.47821e+02
f0                  =  6.94652e+04
phx                 =  -1.13851e+02
f180                =  4.06406e+05
gmx                 =  -2.29159e+01
 meas ac f0r when tdb=0 rise=1 failed!

tres                =  -8.12333e-01 at=  7.58578e+04
ROW iload_a=0.0001 ceff_f=1e-06 esr_ohm=0.001 vout_v=1.7994 dcgain_db=147.821 f0_hz=69465.2 phase_at_f0_deg=-113.851 f180_hz=406406 gain_at_f180_db=-22.9159 f0_rising_hz= resurgence_db=-0.812333
Doing analysis at TEMP = -40.000000 and TNOM = 27.000000

Using SPARSE 1.3 as Direct Linear Solver
 Reference value :  0.00000e+00
No. of Data Rows : 1
Doing analysis at TEMP = -40.000000 and TNOM = 27.000000

Using SPARSE 1.3 as Direct Linear Solver
 Reference value :  1.00000e-02
No. of Data Rows : 551
Doing analysis at TEMP = -40.000000 and TNOM = 27.000000

Using SPARSE 1.3 as Direct Linear Solver
 Reference value :  1.00000e-02
No. of Data Rows : 551
dcg                 =  1.47821e+02
f0                  =  6.94811e+04
phx                 =  -1.12631e+02
f180                =  5.00948e+05
gmx                 =  -2.62173e+01
 meas ac f0r when tdb=0 rise=1 failed!

tres                =  -8.09872e-01 at=  7.58578e+04
ROW iload_a=0.0001 ceff_f=1e-06 esr_ohm=0.05 vout_v=1.7994 dcgain_db=147.821 f0_hz=69481.1 phase_at_f0_deg=-112.631 f180_hz=500948 gain_at_f180_db=-26.2174 f0_rising_hz= resurgence_db=-0.809872
Doing analysis at TEMP = -40.000000 and TNOM = 27.000000

Using SPARSE 1.3 as Direct Linear Solver
 Reference value :  0.00000e+00
No. of Data Rows : 1
Doing analysis at TEMP = -40.000000 and TNOM = 27.000000

Using SPARSE 1.3 as Direct Linear Solver
 Reference value :  1.00000e-02
No. of Data Rows : 551
Doing analysis at TEMP = -40.000000 and TNOM = 27.000000

Using SPARSE 1.3 as Direct Linear Solver
 Reference value :  1.00000e-02
No. of Data Rows : 551
dcg                 =  1.47821e+02
f0                  =  6.97225e+04
phx                 =  -1.08964e+02
f180                =  1.11565e+06
gmx                 =  -3.48192e+01
 meas ac f0r when tdb=0 rise=1 failed!

tres                =  -7.73068e-01 at=  7.58578e+04
ROW iload_a=0.0001 ceff_f=1e-06 esr_ohm=0.2 vout_v=1.7994 dcgain_db=147.821 f0_hz=69722.5 phase_at_f0_deg=-108.964 f180_hz=1.11565E+06 gain_at_f180_db=-34.8192 f0_rising_hz= resurgence_db=-0.773068
Doing analysis at TEMP = -40.000000 and TNOM = 27.000000

Using SPARSE 1.3 as Direct Linear Solver
 Reference value :  0.00000e+00
No. of Data Rows : 1
Doing analysis at TEMP = -40.000000 and TNOM = 27.000000

Using SPARSE 1.3 as Direct Linear Solver
 Reference value :  1.00000e-02
No. of Data Rows : 551
Doing analysis at TEMP = -40.000000 and TNOM = 27.000000

Using SPARSE 1.3 as Direct Linear Solver
 Reference value :  1.00000e-02
No. of Data Rows : 551
dcg                 =  1.47821e+02
f0                  =  7.11053e+04
phx                 =  -1.01889e+02
f180                =  1.37813e+06
gmx                 =  -3.09726e+01
 meas ac f0r when tdb=0 rise=1 failed!

tres                =  -5.72504e-01 at=  7.58578e+04
ROW iload_a=0.0001 ceff_f=1e-06 esr_ohm=0.5 vout_v=1.7994 dcgain_db=147.821 f0_hz=71105.3 phase_at_f0_deg=-101.889 f180_hz=1.37813E+06 gain_at_f180_db=-30.9726 f0_rising_hz= resurgence_db=-0.572504
Doing analysis at TEMP = -40.000000 and TNOM = 27.000000

Using SPARSE 1.3 as Direct Linear Solver
 Reference value :  0.00000e+00
No. of Data Rows : 1
Doing analysis at TEMP = -40.000000 and TNOM = 27.000000

Using SPARSE 1.3 as Direct Linear Solver
 Reference value :  1.00000e-02
No. of Data Rows : 551
Doing analysis at TEMP = -40.000000 and TNOM = 27.000000

Using SPARSE 1.3 as Direct Linear Solver
 Reference value :  1.00000e-02
No. of Data Rows : 551
dcg                 =  1.47820e+02
f0                  =  1.38362e+04
phx                 =  -1.09961e+02
f180                =  4.39231e+05
gmx                 =  -3.75828e+01
 meas ac f0r when tdb=0 rise=1 failed!

tres                =  -8.21747e-01 at=  1.51356e+04
ROW iload_a=0.0001 ceff_f=4.7e-06 esr_ohm=0.001 vout_v=1.7994 dcgain_db=147.82 f0_hz=13836.2 phase_at_f0_deg=-109.961 f180_hz=439231 gain_at_f180_db=-37.5828 f0_rising_hz= resurgence_db=-0.821747
Doing analysis at TEMP = -40.000000 and TNOM = 27.000000

Using SPARSE 1.3 as Direct Linear Solver
 Reference value :  0.00000e+00
No. of Data Rows : 1
Doing analysis at TEMP = -40.000000 and TNOM = 27.000000

Using SPARSE 1.3 as Direct Linear Solver
 Reference value :  1.00000e-02
No. of Data Rows : 551
Doing analysis at TEMP = -40.000000 and TNOM = 27.000000

Using SPARSE 1.3 as Direct Linear Solver
 Reference value :  1.00000e-02
No. of Data Rows : 551
dcg                 =  1.47820e+02
f0                  =  1.38389e+04
phx                 =  -1.08810e+02
f180                =  1.44003e+06
gmx                 =  -4.64718e+01
 meas ac f0r when tdb=0 rise=1 failed!

tres                =  -8.19597e-01 at=  1.51356e+04
ROW iload_a=0.0001 ceff_f=4.7e-06 esr_ohm=0.05 vout_v=1.7994 dcgain_db=147.82 f0_hz=13838.9 phase_at_f0_deg=-108.81 f180_hz=1.44003E+06 gain_at_f180_db=-46.4718 f0_rising_hz= resurgence_db=-0.819597
Doing analysis at TEMP = -40.000000 and TNOM = 27.000000

Using SPARSE 1.3 as Direct Linear Solver
 Reference value :  0.00000e+00
No. of Data Rows : 1
Doing analysis at TEMP = -40.000000 and TNOM = 27.000000

Using SPARSE 1.3 as Direct Linear Solver
 Reference value :  1.00000e-02
No. of Data Rows : 551
Doing analysis at TEMP = -40.000000 and TNOM = 27.000000

Using SPARSE 1.3 as Direct Linear Solver
 Reference value :  1.00000e-02
No. of Data Rows : 551
dcg                 =  1.47820e+02
f0                  =  1.38807e+04
phx                 =  -1.05246e+02
f180                =  1.50035e+06
gmx                 =  -3.89792e+01
 meas ac f0r when tdb=0 rise=1 failed!

tres                =  -7.87250e-01 at=  1.51356e+04
ROW iload_a=0.0001 ceff_f=4.7e-06 esr_ohm=0.2 vout_v=1.7994 dcgain_db=147.82 f0_hz=13880.7 phase_at_f0_deg=-105.246 f180_hz=1.50035E+06 gain_at_f180_db=-38.9792 f0_rising_hz= resurgence_db=-0.78725
Doing analysis at TEMP = -40.000000 and TNOM = 27.000000

Using SPARSE 1.3 as Direct Linear Solver
 Reference value :  0.00000e+00
No. of Data Rows : 1
Doing analysis at TEMP = -40.000000 and TNOM = 27.000000

Using SPARSE 1.3 as Direct Linear Solver
 Reference value :  1.00000e-02
No. of Data Rows : 551
Doing analysis at TEMP = -40.000000 and TNOM = 27.000000

Using SPARSE 1.3 as Direct Linear Solver
 Reference value :  1.00000e-02
No. of Data Rows : 551
dcg                 =  1.47820e+02
f0                  =  1.41196e+04
phx                 =  -9.78786e+01
f180                =  1.51490e+06
gmx                 =  -3.23326e+01
 meas ac f0r when tdb=0 rise=1 failed!

tres                =  -6.10257e-01 at=  1.51356e+04
ROW iload_a=0.0001 ceff_f=4.7e-06 esr_ohm=0.5 vout_v=1.7994 dcgain_db=147.82 f0_hz=14119.6 phase_at_f0_deg=-97.8786 f180_hz=1.5149E+06 gain_at_f180_db=-32.3326 f0_rising_hz= resurgence_db=-0.610257
Doing analysis at TEMP = -40.000000 and TNOM = 27.000000

Using SPARSE 1.3 as Direct Linear Solver
 Reference value :  0.00000e+00
No. of Data Rows : 1
Doing analysis at TEMP = -40.000000 and TNOM = 27.000000

Using SPARSE 1.3 as Direct Linear Solver
 Reference value :  1.00000e-02
No. of Data Rows : 551
Doing analysis at TEMP = -40.000000 and TNOM = 27.000000

Using SPARSE 1.3 as Direct Linear Solver
 Reference value :  1.00000e-02
No. of Data Rows : 551
dcg                 =  1.48105e+02
f0                  =  5.16352e+05
phx                 =  -1.91897e+02
f180                =  3.96287e+05
gmx                 =  4.33152e+00
 meas ac f0r when tdb=0 rise=1 failed!

tres                =  -1.03977e+00 at=  5.49541e+05
ROW iload_a=0.001 ceff_f=3.3e-07 esr_ohm=0.001 vout_v=1.7994 dcgain_db=148.105 f0_hz=516352 phase_at_f0_deg=-191.897 f180_hz=396287 gain_at_f180_db=4.33152 f0_rising_hz= resurgence_db=-1.03977
Doing analysis at TEMP = -40.000000 and TNOM = 27.000000

Using SPARSE 1.3 as Direct Linear Solver
 Reference value :  0.00000e+00
No. of Data Rows : 1
Doing analysis at TEMP = -40.000000 and TNOM = 27.000000

Using SPARSE 1.3 as Direct Linear Solver
 Reference value :  1.00000e-02
No. of Data Rows : 551
Doing analysis at TEMP = -40.000000 and TNOM = 27.000000

Using SPARSE 1.3 as Direct Linear Solver
 Reference value :  1.00000e-02
No. of Data Rows : 551
dcg                 =  1.48105e+02
f0                  =  5.16747e+05
phx                 =  -1.88929e+02
f180                =  4.19126e+05
gmx                 =  3.43247e+00
 meas ac f0r when tdb=0 rise=1 failed!

tres                =  -1.02529e+00 at=  5.49541e+05
ROW iload_a=0.001 ceff_f=3.3e-07 esr_ohm=0.05 vout_v=1.7994 dcgain_db=148.105 f0_hz=516747 phase_at_f0_deg=-188.929 f180_hz=419126 gain_at_f180_db=3.43247 f0_rising_hz= resurgence_db=-1.02529
Doing analysis at TEMP = -40.000000 and TNOM = 27.000000

Using SPARSE 1.3 as Direct Linear Solver
 Reference value :  0.00000e+00
No. of Data Rows : 1
Doing analysis at TEMP = -40.000000 and TNOM = 27.000000

Using SPARSE 1.3 as Direct Linear Solver
 Reference value :  1.00000e-02
No. of Data Rows : 551
Doing analysis at TEMP = -40.000000 and TNOM = 27.000000

Using SPARSE 1.3 as Direct Linear Solver
 Reference value :  1.00000e-02
No. of Data Rows : 551
dcg                 =  1.48105e+02
f0                  =  5.22557e+05
phx                 =  -1.80309e+02
f180                =  5.18095e+05
gmx                 =  1.40899e-01
 meas ac f0r when tdb=0 rise=1 failed!

tres                =  -8.18304e-01 at=  5.49541e+05
ROW iload_a=0.001 ceff_f=3.3e-07 esr_ohm=0.2 vout_v=1.7994 dcgain_db=148.105 f0_hz=522557 phase_at_f0_deg=-180.309 f180_hz=518095 gain_at_f180_db=0.140899 f0_rising_hz= resurgence_db=-0.818304
Doing analysis at TEMP = -40.000000 and TNOM = 27.000000

Using SPARSE 1.3 as Direct Linear Solver
 Reference value :  0.00000e+00
No. of Data Rows : 1
Doing analysis at TEMP = -40.000000 and TNOM = 27.000000

Using SPARSE 1.3 as Direct Linear Solver
 Reference value :  1.00000e-02
No. of Data Rows : 551
Doing analysis at TEMP = -40.000000 and TNOM = 27.000000

Using SPARSE 1.3 as Direct Linear Solver
 Reference value :  1.00000e-02
No. of Data Rows : 551
dcg                 =  1.48105e+02
f0                  =  5.56678e+05
phx                 =  -1.65624e+02
f180                =  8.84562e+05
gmx                 =  -6.51851e+00
 meas ac f0r when tdb=0 rise=1 failed!

tres                =  -1.14677e+00 at=  6.02560e+05
ROW iload_a=0.001 ceff_f=3.3e-07 esr_ohm=0.5 vout_v=1.7994 dcgain_db=148.105 f0_hz=556678 phase_at_f0_deg=-165.624 f180_hz=884562 gain_at_f180_db=-6.51851 f0_rising_hz= resurgence_db=-1.14677
Doing analysis at TEMP = -40.000000 and TNOM = 27.000000

Using SPARSE 1.3 as Direct Linear Solver
 Reference value :  0.00000e+00
No. of Data Rows : 1
Doing analysis at TEMP = -40.000000 and TNOM = 27.000000

Using SPARSE 1.3 as Direct Linear Solver
 Reference value :  1.00000e-02
No. of Data Rows : 551
Doing analysis at TEMP = -40.000000 and TNOM = 27.000000

Using SPARSE 1.3 as Direct Linear Solver
 Reference value :  1.00000e-02
No. of Data Rows : 551
dcg                 =  1.48105e+02
f0                  =  2.83173e+05
phx                 =  -1.65770e+02
f180                =  3.97474e+05
gmx                 =  -5.34461e+00
 meas ac f0r when tdb=0 rise=1 failed!

tres                =  -9.93712e-01 at=  3.01995e+05
ROW iload_a=0.001 ceff_f=1e-06 esr_ohm=0.001 vout_v=1.7994 dcgain_db=148.105 f0_hz=283173 phase_at_f0_deg=-165.77 f180_hz=397474 gain_at_f180_db=-5.34461 f0_rising_hz= resurgence_db=-0.993712
Doing analysis at TEMP = -40.000000 and TNOM = 27.000000

Using SPARSE 1.3 as Direct Linear Solver
 Reference value :  0.00000e+00
No. of Data Rows : 1
Doing analysis at TEMP = -40.000000 and TNOM = 27.000000

Using SPARSE 1.3 as Direct Linear Solver
 Reference value :  1.00000e-02
No. of Data Rows : 551
Doing analysis at TEMP = -40.000000 and TNOM = 27.000000

Using SPARSE 1.3 as Direct Linear Solver
 Reference value :  1.00000e-02
No. of Data Rows : 551
dcg                 =  1.48105e+02
f0                  =  2.83811e+05
phx                 =  -1.60872e+02
f180                =  4.81084e+05
gmx                 =  -8.35865e+00
 meas ac f0r when tdb=0 rise=1 failed!

tres                =  -9.54494e-01 at=  3.01995e+05
ROW iload_a=0.001 ceff_f=1e-06 esr_ohm=0.05 vout_v=1.7994 dcgain_db=148.105 f0_hz=283811 phase_at_f0_deg=-160.872 f180_hz=481084 gain_at_f180_db=-8.35865 f0_rising_hz= resurgence_db=-0.954494
Doing analysis at TEMP = -40.000000 and TNOM = 27.000000

Using SPARSE 1.3 as Direct Linear Solver
 Reference value :  0.00000e+00
No. of Data Rows : 1
Doing analysis at TEMP = -40.000000 and TNOM = 27.000000

Using SPARSE 1.3 as Direct Linear Solver
 Reference value :  1.00000e-02
No. of Data Rows : 551
Doing analysis at TEMP = -40.000000 and TNOM = 27.000000

Using SPARSE 1.3 as Direct Linear Solver
 Reference value :  1.00000e-02
No. of Data Rows : 551
dcg                 =  1.48105e+02
f0                  =  2.93604e+05
phx                 =  -1.47129e+02
f180                =  1.00327e+06
gmx                 =  -1.68889e+01
 meas ac f0r when tdb=0 rise=1 failed!

tres                =  -1.07195e+00 at=  3.16228e+05
ROW iload_a=0.001 ceff_f=1e-06 esr_ohm=0.2 vout_v=1.7994 dcgain_db=148.105 f0_hz=293604 phase_at_f0_deg=-147.129 f180_hz=1.00327E+06 gain_at_f180_db=-16.8889 f0_rising_hz= resurgence_db=-1.07195
Doing analysis at TEMP = -40.000000 and TNOM = 27.000000

Using SPARSE 1.3 as Direct Linear Solver
 Reference value :  0.00000e+00
No. of Data Rows : 1
Doing analysis at TEMP = -40.000000 and TNOM = 27.000000

Using SPARSE 1.3 as Direct Linear Solver
 Reference value :  1.00000e-02
No. of Data Rows : 551
Doing analysis at TEMP = -40.000000 and TNOM = 27.000000

Using SPARSE 1.3 as Direct Linear Solver
 Reference value :  1.00000e-02
No. of Data Rows : 551
dcg                 =  1.48105e+02
f0                  =  3.54426e+05
phx                 =  -1.27220e+02
f180                =  1.31390e+06
gmx                 =  -1.38230e+01
 meas ac f0r when tdb=0 rise=1 failed!

tres                =  -7.76228e-01 at=  3.80189e+05
ROW iload_a=0.001 ceff_f=1e-06 esr_ohm=0.5 vout_v=1.7994 dcgain_db=148.105 f0_hz=354426 phase_at_f0_deg=-127.22 f180_hz=1.3139E+06 gain_at_f180_db=-13.823 f0_rising_hz= resurgence_db=-0.776228
Doing analysis at TEMP = -40.000000 and TNOM = 27.000000

Using SPARSE 1.3 as Direct Linear Solver
 Reference value :  0.00000e+00
No. of Data Rows : 1
Doing analysis at TEMP = -40.000000 and TNOM = 27.000000

Using SPARSE 1.3 as Direct Linear Solver
 Reference value :  1.00000e-02
No. of Data Rows : 551
Doing analysis at TEMP = -40.000000 and TNOM = 27.000000

Using SPARSE 1.3 as Direct Linear Solver
 Reference value :  1.00000e-02
No. of Data Rows : 551
dcg                 =  1.48105e+02
f0                  =  1.01780e+05
phx                 =  -1.25273e+02
f180                =  4.05189e+05
gmx                 =  -1.90890e+01
 meas ac f0r when tdb=0 rise=1 failed!

tres                =  -8.09012e-01 at=  1.09648e+05
ROW iload_a=0.001 ceff_f=4.7e-06 esr_ohm=0.001 vout_v=1.7994 dcgain_db=148.105 f0_hz=101780 phase_at_f0_deg=-125.273 f180_hz=405189 gain_at_f180_db=-19.089 f0_rising_hz= resurgence_db=-0.809012
Doing analysis at TEMP = -40.000000 and TNOM = 27.000000

Using SPARSE 1.3 as Direct Linear Solver
 Reference value :  0.00000e+00
No. of Data Rows : 1
Doing analysis at TEMP = -40.000000 and TNOM = 27.000000

Using SPARSE 1.3 as Direct Linear Solver
 Reference value :  1.00000e-02
No. of Data Rows : 551
Doing analysis at TEMP = -40.000000 and TNOM = 27.000000

Using SPARSE 1.3 as Direct Linear Solver
 Reference value :  1.00000e-02
No. of Data Rows : 551
dcg                 =  1.48105e+02
f0                  =  1.02726e+05
phx                 =  -1.17141e+02
f180                =  1.12006e+06
gmx                 =  -3.04441e+01
 meas ac f0r when tdb=0 rise=1 failed!

tres                =  -6.96655e-01 at=  1.09648e+05
ROW iload_a=0.001 ceff_f=4.7e-06 esr_ohm=0.05 vout_v=1.7994 dcgain_db=148.105 f0_hz=102726 phase_at_f0_deg=-117.141 f180_hz=1.12006E+06 gain_at_f180_db=-30.4441 f0_rising_hz= resurgence_db=-0.696655
Doing analysis at TEMP = -40.000000 and TNOM = 27.000000

Using SPARSE 1.3 as Direct Linear Solver
 Reference value :  0.00000e+00
No. of Data Rows : 1
Doing analysis at TEMP = -40.000000 and TNOM = 27.000000

Using SPARSE 1.3 as Direct Linear Solver
 Reference value :  1.00000e-02
No. of Data Rows : 551
Doing analysis at TEMP = -40.000000 and TNOM = 27.000000

Using SPARSE 1.3 as Direct Linear Solver
 Reference value :  1.00000e-02
No. of Data Rows : 551
dcg                 =  1.48105e+02
f0                  =  1.19225e+05
phx                 =  -9.59694e+01
f180                =  1.40708e+06
gmx                 =  -2.27247e+01
 meas ac f0r when tdb=0 rise=1 failed!

tres                =  -4.68926e-01 at=  1.25893e+05
ROW iload_a=0.001 ceff_f=4.7e-06 esr_ohm=0.2 vout_v=1.7994 dcgain_db=148.105 f0_hz=119225 phase_at_f0_deg=-95.9694 f180_hz=1.40708E+06 gain_at_f180_db=-22.7247 f0_rising_hz= resurgence_db=-0.468926
Doing analysis at TEMP = -40.000000 and TNOM = 27.000000

Using SPARSE 1.3 as Direct Linear Solver
 Reference value :  0.00000e+00
No. of Data Rows : 1
Doing analysis at TEMP = -40.000000 and TNOM = 27.000000

Using SPARSE 1.3 as Direct Linear Solver
 Reference value :  1.00000e-02
No. of Data Rows : 551
Doing analysis at TEMP = -40.000000 and TNOM = 27.000000

Using SPARSE 1.3 as Direct Linear Solver
 Reference value :  1.00000e-02
No. of Data Rows : 551
dcg                 =  1.48105e+02
f0                  =  2.53318e+05
phx                 =  -8.62734e+01
f180                =  1.45708e+06
gmx                 =  -1.54826e+01
 meas ac f0r when tdb=0 rise=1 failed!

tres                =  -5.78854e-01 at=  2.75423e+05
ROW iload_a=0.001 ceff_f=4.7e-06 esr_ohm=0.5 vout_v=1.7994 dcgain_db=148.105 f0_hz=253318 phase_at_f0_deg=-86.2734 f180_hz=1.45708E+06 gain_at_f180_db=-15.4826 f0_rising_hz= resurgence_db=-0.578854
Doing analysis at TEMP = -40.000000 and TNOM = 27.000000

Using SPARSE 1.3 as Direct Linear Solver
 Reference value :  0.00000e+00
No. of Data Rows : 1
Doing analysis at TEMP = -40.000000 and TNOM = 27.000000

Using SPARSE 1.3 as Direct Linear Solver
 Reference value :  9.12011e-02
No. of Data Rows : 551
Doing analysis at TEMP = -40.000000 and TNOM = 27.000000

Using SPARSE 1.3 as Direct Linear Solver
 Reference value :  1.00000e-02
No. of Data Rows : 551
dcg                 =  1.46615e+02
f0                  =  1.03786e+06
phx                 =  -2.35713e+02
f180                =  3.94427e+05
gmx                 =  1.65349e+01
 meas ac f0r when tdb=0 rise=1 failed!

tres                =  -1.05648e+00 at=  1.09648e+06
ROW iload_a=0.01 ceff_f=3.3e-07 esr_ohm=0.001 vout_v=1.7994 dcgain_db=146.615 f0_hz=1.03786E+06 phase_at_f0_deg=-235.713 f180_hz=394427 gain_at_f180_db=16.5349 f0_rising_hz= resurgence_db=-1.05648
Doing analysis at TEMP = -40.000000 and TNOM = 27.000000

Using SPARSE 1.3 as Direct Linear Solver
 Reference value :  0.00000e+00
No. of Data Rows : 1
Doing analysis at TEMP = -40.000000 and TNOM = 27.000000

Using SPARSE 1.3 as Direct Linear Solver
 Reference value :  1.00000e-02
No. of Data Rows : 551
Doing analysis at TEMP = -40.000000 and TNOM = 27.000000

Using SPARSE 1.3 as Direct Linear Solver
 Reference value :  1.00000e-02
No. of Data Rows : 551
dcg                 =  1.46615e+02
f0                  =  1.04064e+06
phx                 =  -2.29914e+02
f180                =  4.16664e+05
gmx                 =  1.56530e+01
 meas ac f0r when tdb=0 rise=1 failed!

tres                =  -9.99539e-01 at=  1.09648e+06
ROW iload_a=0.01 ceff_f=3.3e-07 esr_ohm=0.05 vout_v=1.7994 dcgain_db=146.615 f0_hz=1.04064E+06 phase_at_f0_deg=-229.914 f180_hz=416664 gain_at_f180_db=15.653 f0_rising_hz= resurgence_db=-0.999539
Doing analysis at TEMP = -40.000000 and TNOM = 27.000000

Using SPARSE 1.3 as Direct Linear Solver
 Reference value :  0.00000e+00
No. of Data Rows : 1
Doing analysis at TEMP = -40.000000 and TNOM = 27.000000

Using SPARSE 1.3 as Direct Linear Solver
 Reference value :  1.00000e-02
No. of Data Rows : 551
Doing analysis at TEMP = -40.000000 and TNOM = 27.000000

Using SPARSE 1.3 as Direct Linear Solver
 Reference value :  1.00000e-02
No. of Data Rows : 551
dcg                 =  1.46615e+02
f0                  =  1.08223e+06
phx                 =  -2.15304e+02
f180                =  5.12428e+05
gmx                 =  1.24454e+01
 meas ac f0r when tdb=0 rise=1 failed!

tres                =  -1.07318e+00 at=  1.14815e+06
ROW iload_a=0.01 ceff_f=3.3e-07 esr_ohm=0.2 vout_v=1.7994 dcgain_db=146.615 f0_hz=1.08223E+06 phase_at_f0_deg=-215.304 f180_hz=512428 gain_at_f180_db=12.4454 f0_rising_hz= resurgence_db=-1.07318
Doing analysis at TEMP = -40.000000 and TNOM = 27.000000

Using SPARSE 1.3 as Direct Linear Solver
 Reference value :  0.00000e+00
No. of Data Rows : 1
Doing analysis at TEMP = -40.000000 and TNOM = 27.000000

Using SPARSE 1.3 as Direct Linear Solver
 Reference value :  1.99526e+03
No. of Data Rows : 551
Doing analysis at TEMP = -40.000000 and TNOM = 27.000000

Using SPARSE 1.3 as Direct Linear Solver
 Reference value :  1.00000e-02
No. of Data Rows : 551
dcg                 =  1.46615e+02
f0                  =  1.29535e+06
phx                 =  -2.03336e+02
f180                =  8.62850e+05
gmx                 =  5.92628e+00
 meas ac f0r when tdb=0 rise=1 failed!

tres                =  -1.06061e+00 at=  1.38038e+06
ROW iload_a=0.01 ceff_f=3.3e-07 esr_ohm=0.5 vout_v=1.7994 dcgain_db=146.615 f0_hz=1.29535E+06 phase_at_f0_deg=-203.336 f180_hz=862850 gain_at_f180_db=5.92628 f0_rising_hz= resurgence_db=-1.06061
Doing analysis at TEMP = -40.000000 and TNOM = 27.000000

Using SPARSE 1.3 as Direct Linear Solver
 Reference value :  0.00000e+00
No. of Data Rows : 1
Doing analysis at TEMP = -40.000000 and TNOM = 27.000000

Using SPARSE 1.3 as Direct Linear Solver
 Reference value :  1.00000e-02
No. of Data Rows : 551
Doing analysis at TEMP = -40.000000 and TNOM = 27.000000

Using SPARSE 1.3 as Direct Linear Solver
 Reference value :  1.00000e-02
No. of Data Rows : 551
dcg                 =  1.46615e+02
f0                  =  5.99988e+05
phx                 =  -1.99649e+02
f180                =  3.94790e+05
gmx                 =  6.89889e+00
 meas ac f0r when tdb=0 rise=1 failed!

tres                =  -8.49318e-01 at=  6.30957e+05
ROW iload_a=0.01 ceff_f=1e-06 esr_ohm=0.001 vout_v=1.7994 dcgain_db=146.615 f0_hz=599988 phase_at_f0_deg=-199.649 f180_hz=394790 gain_at_f180_db=6.89889 f0_rising_hz= resurgence_db=-0.849318
Doing analysis at TEMP = -40.000000 and TNOM = 27.000000

Using SPARSE 1.3 as Direct Linear Solver
 Reference value :  0.00000e+00
No. of Data Rows : 1
Doing analysis at TEMP = -40.000000 and TNOM = 27.000000

Using SPARSE 1.3 as Direct Linear Solver
 Reference value :  1.00000e-02
No. of Data Rows : 551
Doing analysis at TEMP = -40.000000 and TNOM = 27.000000

Using SPARSE 1.3 as Direct Linear Solver
 Reference value :  1.00000e-02
No. of Data Rows : 551
dcg                 =  1.46615e+02
f0                  =  6.05570e+05
phx                 =  -1.89585e+02
f180                =  4.75531e+05
gmx                 =  3.96249e+00
 meas ac f0r when tdb=0 rise=1 failed!

tres                =  -1.44403e+00 at=  6.60693e+05
ROW iload_a=0.01 ceff_f=1e-06 esr_ohm=0.05 vout_v=1.7994 dcgain_db=146.615 f0_hz=605570 phase_at_f0_deg=-189.585 f180_hz=475531 gain_at_f180_db=3.96249 f0_rising_hz= resurgence_db=-1.44403
Doing analysis at TEMP = -40.000000 and TNOM = 27.000000

Using SPARSE 1.3 as Direct Linear Solver
 Reference value :  0.00000e+00
No. of Data Rows : 1
Doing analysis at TEMP = -40.000000 and TNOM = 27.000000

Using SPARSE 1.3 as Direct Linear Solver
 Reference value :  1.00000e-02
No. of Data Rows : 551
Doing analysis at TEMP = -40.000000 and TNOM = 27.000000

Using SPARSE 1.3 as Direct Linear Solver
 Reference value :  1.00000e-02
No. of Data Rows : 551
dcg                 =  1.46615e+02
f0                  =  6.93805e+05
phx                 =  -1.66802e+02
f180                =  9.74342e+05
gmx                 =  -4.44431e+00
 meas ac f0r when tdb=0 rise=1 failed!

tres                =  -1.17947e+00 at=  7.58578e+05
ROW iload_a=0.01 ceff_f=1e-06 esr_ohm=0.2 vout_v=1.7994 dcgain_db=146.615 f0_hz=693805 phase_at_f0_deg=-166.802 f180_hz=974342 gain_at_f180_db=-4.4443 f0_rising_hz= resurgence_db=-1.17947
Doing analysis at TEMP = -40.000000 and TNOM = 27.000000

Using SPARSE 1.3 as Direct Linear Solver
 Reference value :  0.00000e+00
No. of Data Rows : 1
Doing analysis at TEMP = -40.000000 and TNOM = 27.000000

Using SPARSE 1.3 as Direct Linear Solver
 Reference value :  1.00000e-02
No. of Data Rows : 551
Doing analysis at TEMP = -40.000000 and TNOM = 27.000000

Using SPARSE 1.3 as Direct Linear Solver
 Reference value :  1.00000e-02
No. of Data Rows : 551
dcg                 =  1.46615e+02
f0                  =  1.13759e+06
phx                 =  -1.69756e+02
f180                =  1.28749e+06
gmx                 =  -1.56077e+00
 meas ac f0r when tdb=0 rise=1 failed!

tres                =  -6.71373e-01 at=  1.20226e+06
ROW iload_a=0.01 ceff_f=1e-06 esr_ohm=0.5 vout_v=1.7994 dcgain_db=146.615 f0_hz=1.13759E+06 phase_at_f0_deg=-169.756 f180_hz=1.28749E+06 gain_at_f180_db=-1.56077 f0_rising_hz= resurgence_db=-0.671373
Doing analysis at TEMP = -40.000000 and TNOM = 27.000000

Using SPARSE 1.3 as Direct Linear Solver
 Reference value :  0.00000e+00
No. of Data Rows : 1
Doing analysis at TEMP = -40.000000 and TNOM = 27.000000

Using SPARSE 1.3 as Direct Linear Solver
 Reference value :  1.00000e-02
No. of Data Rows : 551
Doing analysis at TEMP = -40.000000 and TNOM = 27.000000

Using SPARSE 1.3 as Direct Linear Solver
 Reference value :  1.00000e-02
No. of Data Rows : 551
dcg                 =  1.46615e+02
f0                  =  2.59702e+05
phx                 =  -1.61974e+02
f180                =  4.00017e+05
gmx                 =  -6.75132e+00
 meas ac f0r when tdb=0 rise=1 failed!

tres                =  -8.89617e-01 at=  2.75423e+05
ROW iload_a=0.01 ceff_f=4.7e-06 esr_ohm=0.001 vout_v=1.7994 dcgain_db=146.615 f0_hz=259702 phase_at_f0_deg=-161.974 f180_hz=400017 gain_at_f180_db=-6.75132 f0_rising_hz= resurgence_db=-0.889617
Doing analysis at TEMP = -40.000000 and TNOM = 27.000000

Using SPARSE 1.3 as Direct Linear Solver
 Reference value :  0.00000e+00
No. of Data Rows : 1
Doing analysis at TEMP = -40.000000 and TNOM = 27.000000

Using SPARSE 1.3 as Direct Linear Solver
 Reference value :  1.00000e-02
No. of Data Rows : 551
Doing analysis at TEMP = -40.000000 and TNOM = 27.000000

Using SPARSE 1.3 as Direct Linear Solver
 Reference value :  1.00000e-02
No. of Data Rows : 551
dcg                 =  1.46615e+02
f0                  =  2.71085e+05
phx                 =  -1.42391e+02
f180                =  1.06370e+06
gmx                 =  -1.80226e+01
 meas ac f0r when tdb=0 rise=1 failed!

tres                =  -8.68178e-01 at=  2.88403e+05
ROW iload_a=0.01 ceff_f=4.7e-06 esr_ohm=0.05 vout_v=1.7994 dcgain_db=146.615 f0_hz=271085 phase_at_f0_deg=-142.391 f180_hz=1.0637E+06 gain_at_f180_db=-18.0226 f0_rising_hz= resurgence_db=-0.868178
Doing analysis at TEMP = -40.000000 and TNOM = 27.000000

Using SPARSE 1.3 as Direct Linear Solver
 Reference value :  0.00000e+00
No. of Data Rows : 1
Doing analysis at TEMP = -40.000000 and TNOM = 27.000000

Using SPARSE 1.3 as Direct Linear Solver
 Reference value :  1.00000e-02
No. of Data Rows : 551
Doing analysis at TEMP = -40.000000 and TNOM = 27.000000

Using SPARSE 1.3 as Direct Linear Solver
 Reference value :  1.00000e-02
No. of Data Rows : 551
dcg                 =  1.46615e+02
f0                  =  4.71233e+05
phx                 =  -1.17894e+02
f180                =  1.37738e+06
gmx                 =  -1.05767e+01
 meas ac f0r when tdb=0 rise=1 failed!

tres                =  -5.39756e-01 at=  5.01187e+05
ROW iload_a=0.01 ceff_f=4.7e-06 esr_ohm=0.2 vout_v=1.7994 dcgain_db=146.615 f0_hz=471233 phase_at_f0_deg=-117.894 f180_hz=1.37738E+06 gain_at_f180_db=-10.5767 f0_rising_hz= resurgence_db=-0.539756
Doing analysis at TEMP = -40.000000 and TNOM = 27.000000

Using SPARSE 1.3 as Direct Linear Solver
 Reference value :  0.00000e+00
No. of Data Rows : 1
Doing analysis at TEMP = -40.000000 and TNOM = 27.000000

Using SPARSE 1.3 as Direct Linear Solver
 Reference value :  1.00000e-02
No. of Data Rows : 551
Doing analysis at TEMP = -40.000000 and TNOM = 27.000000

Using SPARSE 1.3 as Direct Linear Solver
 Reference value :  1.00000e-02
No. of Data Rows : 551
dcg                 =  1.46615e+02
f0                  =  1.10651e+06
phx                 =  -1.55150e+02
f180                =  1.43098e+06
gmx                 =  -3.28007e+00
 meas ac f0r when tdb=0 rise=1 failed!

tres                =  -9.45476e-01 at=  1.20226e+06
ROW iload_a=0.01 ceff_f=4.7e-06 esr_ohm=0.5 vout_v=1.7994 dcgain_db=146.615 f0_hz=1.10651E+06 phase_at_f0_deg=-155.15 f180_hz=1.43098E+06 gain_at_f180_db=-3.28007 f0_rising_hz= resurgence_db=-0.945476
Doing analysis at TEMP = -40.000000 and TNOM = 27.000000

Using SPARSE 1.3 as Direct Linear Solver
 Reference value :  0.00000e+00
No. of Data Rows : 1
Doing analysis at TEMP = -40.000000 and TNOM = 27.000000

Using SPARSE 1.3 as Direct Linear Solver
 Reference value :  1.00000e-02
No. of Data Rows : 551
Doing analysis at TEMP = -40.000000 and TNOM = 27.000000

Using SPARSE 1.3 as Direct Linear Solver
 Reference value :  1.00000e-02
No. of Data Rows : 551
dcg                 =  1.44895e+02
f0                  =  1.23062e+06
phx                 =  -2.51620e+02
f180                =  3.94499e+05
gmx                 =  1.99298e+01
 meas ac f0r when tdb=0 rise=1 failed!

tres                =  -1.48947e+00 at=  1.31826e+06
ROW iload_a=0.025 ceff_f=3.3e-07 esr_ohm=0.001 vout_v=1.7994 dcgain_db=144.895 f0_hz=1.23062E+06 phase_at_f0_deg=-251.62 f180_hz=394499 gain_at_f180_db=19.9297 f0_rising_hz= resurgence_db=-1.48947
Doing analysis at TEMP = -40.000000 and TNOM = 27.000000

Using SPARSE 1.3 as Direct Linear Solver
 Reference value :  0.00000e+00
No. of Data Rows : 1
Doing analysis at TEMP = -40.000000 and TNOM = 27.000000

Using SPARSE 1.3 as Direct Linear Solver
 Reference value :  1.00000e-02
No. of Data Rows : 551
Doing analysis at TEMP = -40.000000 and TNOM = 27.000000

Using SPARSE 1.3 as Direct Linear Solver
 Reference value :  1.00000e-02
No. of Data Rows : 551
dcg                 =  1.44895e+02
f0                  =  1.23477e+06
phx                 =  -2.44822e+02
f180                =  4.16601e+05
gmx                 =  1.90531e+01
 meas ac f0r when tdb=0 rise=1 failed!

tres                =  -1.40834e+00 at=  1.31826e+06
ROW iload_a=0.025 ceff_f=3.3e-07 esr_ohm=0.05 vout_v=1.7994 dcgain_db=144.895 f0_hz=1.23477E+06 phase_at_f0_deg=-244.822 f180_hz=416601 gain_at_f180_db=19.0531 f0_rising_hz= resurgence_db=-1.40834
Doing analysis at TEMP = -40.000000 and TNOM = 27.000000

Using SPARSE 1.3 as Direct Linear Solver
 Reference value :  0.00000e+00
No. of Data Rows : 1
Doing analysis at TEMP = -40.000000 and TNOM = 27.000000

Using SPARSE 1.3 as Direct Linear Solver
 Reference value :  1.00000e-02
No. of Data Rows : 551
Doing analysis at TEMP = -40.000000 and TNOM = 27.000000

Using SPARSE 1.3 as Direct Linear Solver
 Reference value :  1.00000e-02
No. of Data Rows : 551
dcg                 =  1.44895e+02
f0                  =  1.29540e+06
phx                 =  -2.28779e+02
f180                =  5.11500e+05
gmx                 =  1.58717e+01
 meas ac f0r when tdb=0 rise=1 failed!

tres                =  -1.30038e+00 at=  1.38038e+06
ROW iload_a=0.025 ceff_f=3.3e-07 esr_ohm=0.2 vout_v=1.7994 dcgain_db=144.895 f0_hz=1.2954E+06 phase_at_f0_deg=-228.779 f180_hz=511500 gain_at_f180_db=15.8717 f0_rising_hz= resurgence_db=-1.30038
Doing analysis at TEMP = -40.000000 and TNOM = 27.000000

Using SPARSE 1.3 as Direct Linear Solver
 Reference value :  0.00000e+00
No. of Data Rows : 1
Doing analysis at TEMP = -40.000000 and TNOM = 27.000000

Using SPARSE 1.3 as Direct Linear Solver
 Reference value :  1.00000e-02
No. of Data Rows : 551
Doing analysis at TEMP = -40.000000 and TNOM = 27.000000

Using SPARSE 1.3 as Direct Linear Solver
 Reference value :  1.00000e-02
No. of Data Rows : 551
dcg                 =  1.44895e+02
f0                  =  1.56387e+06
phx                 =  -2.19261e+02
f180                =  8.56873e+05
gmx                 =  9.41522e+00
 meas ac f0r when tdb=0 rise=1 failed!

tres                =  -1.19927e+00 at=  1.65959e+06
ROW iload_a=0.025 ceff_f=3.3e-07 esr_ohm=0.5 vout_v=1.7994 dcgain_db=144.895 f0_hz=1.56387E+06 phase_at_f0_deg=-219.261 f180_hz=856873 gain_at_f180_db=9.41522 f0_rising_hz= resurgence_db=-1.19927
Doing analysis at TEMP = -40.000000 and TNOM = 27.000000

Using SPARSE 1.3 as Direct Linear Solver
 Reference value :  0.00000e+00
No. of Data Rows : 1
Doing analysis at TEMP = -40.000000 and TNOM = 27.000000

Using SPARSE 1.3 as Direct Linear Solver
 Reference value :  1.00000e-02
No. of Data Rows : 551
Doing analysis at TEMP = -40.000000 and TNOM = 27.000000

Using SPARSE 1.3 as Direct Linear Solver
 Reference value :  1.00000e-02
No. of Data Rows : 551
dcg                 =  1.44895e+02
f0                  =  7.33210e+05
phx                 =  -2.11040e+02
f180                =  3.94344e+05
gmx                 =  1.03193e+01
 meas ac f0r when tdb=0 rise=1 failed!

tres                =  -1.38891e+00 at=  7.94328e+05
ROW iload_a=0.025 ceff_f=1e-06 esr_ohm=0.001 vout_v=1.7994 dcgain_db=144.895 f0_hz=733210 phase_at_f0_deg=-211.04 f180_hz=394344 gain_at_f180_db=10.3194 f0_rising_hz= resurgence_db=-1.38891
Doing analysis at TEMP = -40.000000 and TNOM = 27.000000

Using SPARSE 1.3 as Direct Linear Solver
 Reference value :  0.00000e+00
No. of Data Rows : 1
Doing analysis at TEMP = -40.000000 and TNOM = 27.000000

Using SPARSE 1.3 as Direct Linear Solver
 Reference value :  1.00000e-02
No. of Data Rows : 551
Doing analysis at TEMP = -40.000000 and TNOM = 27.000000

Using SPARSE 1.3 as Direct Linear Solver
 Reference value :  1.00000e-02
No. of Data Rows : 551
dcg                 =  1.44895e+02
f0                  =  7.43198e+05
phx                 =  -1.99002e+02
f180                =  4.74417e+05
gmx                 =  7.40353e+00
 meas ac f0r when tdb=0 rise=1 failed!

tres                =  -1.12433e+00 at=  7.94328e+05
ROW iload_a=0.025 ceff_f=1e-06 esr_ohm=0.05 vout_v=1.7994 dcgain_db=144.895 f0_hz=743198 phase_at_f0_deg=-199.002 f180_hz=474417 gain_at_f180_db=7.40353 f0_rising_hz= resurgence_db=-1.12433
Doing analysis at TEMP = -40.000000 and TNOM = 27.000000

Using SPARSE 1.3 as Direct Linear Solver
 Reference value :  0.00000e+00
No. of Data Rows : 1
Doing analysis at TEMP = -40.000000 and TNOM = 27.000000

Using SPARSE 1.3 as Direct Linear Solver
 Reference value :  1.00000e-02
No. of Data Rows : 551
Doing analysis at TEMP = -40.000000 and TNOM = 27.000000

Using SPARSE 1.3 as Direct Linear Solver
 Reference value :  1.00000e-02
No. of Data Rows : 551
dcg                 =  1.44895e+02
f0                  =  8.99317e+05
phx                 =  -1.76530e+02
f180                =  9.67104e+05
gmx                 =  -9.53600e-01
 meas ac f0r when tdb=0 rise=1 failed!

tres                =  -7.89712e-01 at=  9.54993e+05
ROW iload_a=0.025 ceff_f=1e-06 esr_ohm=0.2 vout_v=1.7994 dcgain_db=144.895 f0_hz=899317 phase_at_f0_deg=-176.53 f180_hz=967104 gain_at_f180_db=-0.9536 f0_rising_hz= resurgence_db=-0.789712
Doing analysis at TEMP = -40.000000 and TNOM = 27.000000

Using SPARSE 1.3 as Direct Linear Solver
 Reference value :  0.00000e+00
No. of Data Rows : 1
Doing analysis at TEMP = -40.000000 and TNOM = 27.000000

Using SPARSE 1.3 as Direct Linear Solver
 Reference value :  1.00000e-02
No. of Data Rows : 551
Doing analysis at TEMP = -40.000000 and TNOM = 27.000000

Using SPARSE 1.3 as Direct Linear Solver
 Reference value :  1.00000e-02
No. of Data Rows : 551
dcg                 =  1.44895e+02
f0                  =  1.45553e+06
phx                 =  -1.92071e+02
f180                =  1.27928e+06
gmx                 =  1.89544e+00
 meas ac f0r when tdb=0 rise=1 failed!

tres                =  -1.43780e+00 at=  1.58489e+06
ROW iload_a=0.025 ceff_f=1e-06 esr_ohm=0.5 vout_v=1.7994 dcgain_db=144.895 f0_hz=1.45553E+06 phase_at_f0_deg=-192.071 f180_hz=1.27928E+06 gain_at_f180_db=1.89544 f0_rising_hz= resurgence_db=-1.4378
Doing analysis at TEMP = -40.000000 and TNOM = 27.000000

Using SPARSE 1.3 as Direct Linear Solver
 Reference value :  0.00000e+00
No. of Data Rows : 1
Doing analysis at TEMP = -40.000000 and TNOM = 27.000000

Using SPARSE 1.3 as Direct Linear Solver
 Reference value :  1.00000e-02
No. of Data Rows : 551
Doing analysis at TEMP = -40.000000 and TNOM = 27.000000

Using SPARSE 1.3 as Direct Linear Solver
 Reference value :  1.00000e-02
No. of Data Rows : 551
dcg                 =  1.44895e+02
f0                  =  3.24171e+05
phx                 =  -1.71185e+02
f180                =  3.99121e+05
gmx                 =  -3.31233e+00
 meas ac f0r when tdb=0 rise=1 failed!

tres                =  -1.06331e+00 at=  3.46737e+05
ROW iload_a=0.025 ceff_f=4.7e-06 esr_ohm=0.001 vout_v=1.7994 dcgain_db=144.895 f0_hz=324171 phase_at_f0_deg=-171.185 f180_hz=399122 gain_at_f180_db=-3.31233 f0_rising_hz= resurgence_db=-1.06331
Doing analysis at TEMP = -40.000000 and TNOM = 27.000000

Using SPARSE 1.3 as Direct Linear Solver
 Reference value :  0.00000e+00
No. of Data Rows : 1
Doing analysis at TEMP = -40.000000 and TNOM = 27.000000

Using SPARSE 1.3 as Direct Linear Solver
 Reference value :  1.00000e-02
No. of Data Rows : 551
Doing analysis at TEMP = -40.000000 and TNOM = 27.000000

Using SPARSE 1.3 as Direct Linear Solver
 Reference value :  1.00000e-02
No. of Data Rows : 551
dcg                 =  1.44895e+02
f0                  =  3.45488e+05
phx                 =  -1.47432e+02
f180                =  1.05355e+06
gmx                 =  -1.45339e+01
 meas ac f0r when tdb=0 rise=1 failed!

tres                =  -6.96792e-01 at=  3.63078e+05
ROW iload_a=0.025 ceff_f=4.7e-06 esr_ohm=0.05 vout_v=1.7994 dcgain_db=144.895 f0_hz=345488 phase_at_f0_deg=-147.432 f180_hz=1.05355E+06 gain_at_f180_db=-14.5339 f0_rising_hz= resurgence_db=-0.696792
Doing analysis at TEMP = -40.000000 and TNOM = 27.000000

Using SPARSE 1.3 as Direct Linear Solver
 Reference value :  0.00000e+00
No. of Data Rows : 1
Doing analysis at TEMP = -40.000000 and TNOM = 27.000000

Using SPARSE 1.3 as Direct Linear Solver
 Reference value :  1.00000e-02
No. of Data Rows : 551
Doing analysis at TEMP = -40.000000 and TNOM = 27.000000

Using SPARSE 1.3 as Direct Linear Solver
 Reference value :  1.00000e-02
No. of Data Rows : 551
dcg                 =  1.44895e+02
f0                  =  6.95089e+05
phx                 =  -1.31937e+02
f180                =  1.36915e+06
gmx                 =  -7.13538e+00
 meas ac f0r when tdb=0 rise=1 failed!

tres                =  -7.79511e-01 at=  7.58578e+05
ROW iload_a=0.025 ceff_f=4.7e-06 esr_ohm=0.2 vout_v=1.7994 dcgain_db=144.895 f0_hz=695089 phase_at_f0_deg=-131.937 f180_hz=1.36915E+06 gain_at_f180_db=-7.13538 f0_rising_hz= resurgence_db=-0.779511
Doing analysis at TEMP = -40.000000 and TNOM = 27.000000

Using SPARSE 1.3 as Direct Linear Solver
 Reference value :  0.00000e+00
No. of Data Rows : 1
Doing analysis at TEMP = -40.000000 and TNOM = 27.000000

Using SPARSE 1.3 as Direct Linear Solver
 Reference value :  1.00000e-02
No. of Data Rows : 551
Doing analysis at TEMP = -40.000000 and TNOM = 27.000000

Using SPARSE 1.3 as Direct Linear Solver
 Reference value :  1.00000e-02
No. of Data Rows : 551
dcg                 =  1.44895e+02
f0                  =  1.43816e+06
phx                 =  -1.81168e+02
f180                =  1.42255e+06
gmx                 =  1.65118e-01
 meas ac f0r when tdb=0 rise=1 failed!

tres                =  -8.11243e-01 at=  1.51356e+06
ROW iload_a=0.025 ceff_f=4.7e-06 esr_ohm=0.5 vout_v=1.7994 dcgain_db=144.895 f0_hz=1.43816E+06 phase_at_f0_deg=-181.168 f180_hz=1.42255E+06 gain_at_f180_db=0.165118 f0_rising_hz= resurgence_db=-0.811243
Doing analysis at TEMP = -40.000000 and TNOM = 27.000000

Using SPARSE 1.3 as Direct Linear Solver
 Reference value :  0.00000e+00
No. of Data Rows : 1
Doing analysis at TEMP = -40.000000 and TNOM = 27.000000

Using SPARSE 1.3 as Direct Linear Solver
 Reference value :  1.00000e-02
No. of Data Rows : 551
Doing analysis at TEMP = -40.000000 and TNOM = 27.000000

Using SPARSE 1.3 as Direct Linear Solver
 Reference value :  1.00000e-02
No. of Data Rows : 551
dcg                 =  1.42869e+02
f0                  =  1.36361e+06
phx                 =  -2.62534e+02
f180                =  3.94966e+05
gmx                 =  2.21816e+01
 meas ac f0r when tdb=0 rise=1 failed!

tres                =  -1.37484e+00 at=  1.44544e+06
ROW iload_a=0.05 ceff_f=3.3e-07 esr_ohm=0.001 vout_v=1.7994 dcgain_db=142.869 f0_hz=1.36360E+06 phase_at_f0_deg=-262.534 f180_hz=394966 gain_at_f180_db=22.1816 f0_rising_hz= resurgence_db=-1.37484
Doing analysis at TEMP = -40.000000 and TNOM = 27.000000

Using SPARSE 1.3 as Direct Linear Solver
 Reference value :  0.00000e+00
No. of Data Rows : 1
Doing analysis at TEMP = -40.000000 and TNOM = 27.000000

Using SPARSE 1.3 as Direct Linear Solver
 Reference value :  1.00000e-02
No. of Data Rows : 551
Doing analysis at TEMP = -40.000000 and TNOM = 27.000000

Using SPARSE 1.3 as Direct Linear Solver
 Reference value :  1.00000e-02
No. of Data Rows : 551
dcg                 =  1.42869e+02
f0                  =  1.36868e+06
phx                 =  -2.55045e+02
f180                =  4.16968e+05
gmx                 =  2.13094e+01
 meas ac f0r when tdb=0 rise=1 failed!

tres                =  -1.27899e+00 at=  1.44544e+06
ROW iload_a=0.05 ceff_f=3.3e-07 esr_ohm=0.05 vout_v=1.7994 dcgain_db=142.869 f0_hz=1.36868E+06 phase_at_f0_deg=-255.045 f180_hz=416968 gain_at_f180_db=21.3094 f0_rising_hz= resurgence_db=-1.27899
Doing analysis at TEMP = -40.000000 and TNOM = 27.000000

Using SPARSE 1.3 as Direct Linear Solver
 Reference value :  0.00000e+00
No. of Data Rows : 1
Doing analysis at TEMP = -40.000000 and TNOM = 27.000000

Using SPARSE 1.3 as Direct Linear Solver
 Reference value :  1.00000e-02
No. of Data Rows : 551
Doing analysis at TEMP = -40.000000 and TNOM = 27.000000

Using SPARSE 1.3 as Direct Linear Solver
 Reference value :  1.00000e-02
No. of Data Rows : 551
dcg                 =  1.42869e+02
f0                  =  1.44239e+06
phx                 =  -2.38022e+02
f180                =  5.11191e+05
gmx                 =  1.81509e+01
 meas ac f0r when tdb=0 rise=1 failed!

tres                =  -1.07448e+00 at=  1.51356e+06
ROW iload_a=0.05 ceff_f=3.3e-07 esr_ohm=0.2 vout_v=1.7994 dcgain_db=142.869 f0_hz=1.44239E+06 phase_at_f0_deg=-238.022 f180_hz=511191 gain_at_f180_db=18.1509 f0_rising_hz= resurgence_db=-1.07448
Doing analysis at TEMP = -40.000000 and TNOM = 27.000000

Using SPARSE 1.3 as Direct Linear Solver
 Reference value :  0.00000e+00
No. of Data Rows : 1
Doing analysis at TEMP = -40.000000 and TNOM = 27.000000

Using SPARSE 1.3 as Direct Linear Solver
 Reference value :  1.00000e-02
No. of Data Rows : 551
Doing analysis at TEMP = -40.000000 and TNOM = 27.000000

Using SPARSE 1.3 as Direct Linear Solver
 Reference value :  1.00000e-02
No. of Data Rows : 551
dcg                 =  1.42869e+02
f0                  =  1.73977e+06
phx                 =  -2.29158e+02
f180                =  8.52154e+05
gmx                 =  1.17560e+01
 meas ac f0r when tdb=0 rise=1 failed!

tres                =  -2.07331e+00 at=  1.90546e+06
ROW iload_a=0.05 ceff_f=3.3e-07 esr_ohm=0.5 vout_v=1.7994 dcgain_db=142.869 f0_hz=1.73977E+06 phase_at_f0_deg=-229.158 f180_hz=852154 gain_at_f180_db=11.756 f0_rising_hz= resurgence_db=-2.07331
Doing analysis at TEMP = -40.000000 and TNOM = 27.000000

Using SPARSE 1.3 as Direct Linear Solver
 Reference value :  0.00000e+00
No. of Data Rows : 1
Doing analysis at TEMP = -40.000000 and TNOM = 27.000000

Using SPARSE 1.3 as Direct Linear Solver
 Reference value :  1.00000e-02
No. of Data Rows : 551
Doing analysis at TEMP = -40.000000 and TNOM = 27.000000

Using SPARSE 1.3 as Direct Linear Solver
 Reference value :  1.00000e-02
No. of Data Rows : 551
dcg                 =  1.42869e+02
f0                  =  8.35717e+05
phx                 =  -2.19652e+02
f180                =  3.94118e+05
gmx                 =  1.26040e+01
 meas ac f0r when tdb=0 rise=1 failed!

tres                =  -1.55883e+00 at=  9.12011e+05
ROW iload_a=0.05 ceff_f=1e-06 esr_ohm=0.001 vout_v=1.7994 dcgain_db=142.869 f0_hz=835717 phase_at_f0_deg=-219.652 f180_hz=394118 gain_at_f180_db=12.6041 f0_rising_hz= resurgence_db=-1.55882
Doing analysis at TEMP = -40.000000 and TNOM = 27.000000

Using SPARSE 1.3 as Direct Linear Solver
 Reference value :  0.00000e+00
No. of Data Rows : 1
Doing analysis at TEMP = -40.000000 and TNOM = 27.000000

Using SPARSE 1.3 as Direct Linear Solver
 Reference value :  1.00000e-02
No. of Data Rows : 551
Doing analysis at TEMP = -40.000000 and TNOM = 27.000000

Using SPARSE 1.3 as Direct Linear Solver
 Reference value :  1.00000e-02
No. of Data Rows : 551
dcg                 =  1.42869e+02
f0                  =  8.50180e+05
phx                 =  -2.06206e+02
f180                =  4.73659e+05
gmx                 =  9.70538e+00
 meas ac f0r when tdb=0 rise=1 failed!

tres                =  -1.21373e+00 at=  9.12011e+05
ROW iload_a=0.05 ceff_f=1e-06 esr_ohm=0.05 vout_v=1.7994 dcgain_db=142.869 f0_hz=850180 phase_at_f0_deg=-206.206 f180_hz=473659 gain_at_f180_db=9.70538 f0_rising_hz= resurgence_db=-1.21374
Doing analysis at TEMP = -40.000000 and TNOM = 27.000000

Using SPARSE 1.3 as Direct Linear Solver
 Reference value :  0.00000e+00
No. of Data Rows : 1
Doing analysis at TEMP = -40.000000 and TNOM = 27.000000

Using SPARSE 1.3 as Direct Linear Solver
 Reference value :  1.00000e-02
No. of Data Rows : 551
Doing analysis at TEMP = -40.000000 and TNOM = 27.000000

Using SPARSE 1.3 as Direct Linear Solver
 Reference value :  1.00000e-02
No. of Data Rows : 551
dcg                 =  1.42869e+02
f0                  =  1.06671e+06
phx                 =  -1.85751e+02
f180                =  9.61233e+05
gmx                 =  1.39519e+00
 meas ac f0r when tdb=0 rise=1 failed!

tres                =  -1.02658e+00 at=  1.14815e+06
ROW iload_a=0.05 ceff_f=1e-06 esr_ohm=0.2 vout_v=1.7994 dcgain_db=142.869 f0_hz=1.06671E+06 phase_at_f0_deg=-185.751 f180_hz=961233 gain_at_f180_db=1.39519 f0_rising_hz= resurgence_db=-1.02658
Doing analysis at TEMP = -40.000000 and TNOM = 27.000000

Using SPARSE 1.3 as Direct Linear Solver
 Reference value :  0.00000e+00
No. of Data Rows : 1
Doing analysis at TEMP = -40.000000 and TNOM = 27.000000

Using SPARSE 1.3 as Direct Linear Solver
 Reference value :  1.00000e-02
No. of Data Rows : 551
Doing analysis at TEMP = -40.000000 and TNOM = 27.000000

Using SPARSE 1.3 as Direct Linear Solver
 Reference value :  1.00000e-02
No. of Data Rows : 551
dcg                 =  1.42869e+02
f0                  =  1.65331e+06
phx                 =  -2.05466e+02
f180                =  1.27217e+06
gmx                 =  4.21838e+00
 meas ac f0r when tdb=0 rise=1 failed!

tres                =  -9.74282e-01 at=  1.73780e+06
ROW iload_a=0.05 ceff_f=1e-06 esr_ohm=0.5 vout_v=1.7994 dcgain_db=142.869 f0_hz=1.65331E+06 phase_at_f0_deg=-205.466 f180_hz=1.27217E+06 gain_at_f180_db=4.21838 f0_rising_hz= resurgence_db=-0.974282
Doing analysis at TEMP = -40.000000 and TNOM = 27.000000

Using SPARSE 1.3 as Direct Linear Solver
 Reference value :  0.00000e+00
No. of Data Rows : 1
Doing analysis at TEMP = -40.000000 and TNOM = 27.000000

Using SPARSE 1.3 as Direct Linear Solver
 Reference value :  1.00000e-02
No. of Data Rows : 551
Doing analysis at TEMP = -40.000000 and TNOM = 27.000000

Using SPARSE 1.3 as Direct Linear Solver
 Reference value :  1.00000e-02
No. of Data Rows : 551
dcg                 =  1.42869e+02
f0                  =  3.74271e+05
phx                 =  -1.77296e+02
f180                =  3.98490e+05
gmx                 =  -1.01033e+00
 meas ac f0r when tdb=0 rise=1 failed!

tres                =  -9.95142e-01 at=  3.98107e+05
ROW iload_a=0.05 ceff_f=4.7e-06 esr_ohm=0.001 vout_v=1.7994 dcgain_db=142.869 f0_hz=374271 phase_at_f0_deg=-177.296 f180_hz=398490 gain_at_f180_db=-1.01033 f0_rising_hz= resurgence_db=-0.995142
Doing analysis at TEMP = -40.000000 and TNOM = 27.000000

Using SPARSE 1.3 as Direct Linear Solver
 Reference value :  0.00000e+00
No. of Data Rows : 1
Doing analysis at TEMP = -40.000000 and TNOM = 27.000000

Using SPARSE 1.3 as Direct Linear Solver
 Reference value :  1.00000e-02
No. of Data Rows : 551
Doing analysis at TEMP = -40.000000 and TNOM = 27.000000

Using SPARSE 1.3 as Direct Linear Solver
 Reference value :  1.00000e-02
No. of Data Rows : 551
dcg                 =  1.42869e+02
f0                  =  4.06758e+05
phx                 =  -1.50607e+02
f180                =  1.04611e+06
gmx                 =  -1.21850e+01
 meas ac f0r when tdb=0 rise=1 failed!

tres                =  -9.78303e-01 at=  4.36516e+05
ROW iload_a=0.05 ceff_f=4.7e-06 esr_ohm=0.05 vout_v=1.7994 dcgain_db=142.869 f0_hz=406758 phase_at_f0_deg=-150.607 f180_hz=1.04611E+06 gain_at_f180_db=-12.185 f0_rising_hz= resurgence_db=-0.978303
Doing analysis at TEMP = -40.000000 and TNOM = 27.000000

Using SPARSE 1.3 as Direct Linear Solver
 Reference value :  0.00000e+00
No. of Data Rows : 1
Doing analysis at TEMP = -40.000000 and TNOM = 27.000000

Using SPARSE 1.3 as Direct Linear Solver
 Reference value :  1.00000e-02
No. of Data Rows : 551
Doing analysis at TEMP = -40.000000 and TNOM = 27.000000

Using SPARSE 1.3 as Direct Linear Solver
 Reference value :  1.00000e-02
No. of Data Rows : 551
dcg                 =  1.42869e+02
f0                  =  8.92188e+05
phx                 =  -1.45523e+02
f180                =  1.36216e+06
gmx                 =  -4.81913e+00
 meas ac f0r when tdb=0 rise=1 failed!

tres                =  -6.60483e-01 at=  9.54993e+05
ROW iload_a=0.05 ceff_f=4.7e-06 esr_ohm=0.2 vout_v=1.7994 dcgain_db=142.869 f0_hz=892188 phase_at_f0_deg=-145.523 f180_hz=1.36216E+06 gain_at_f180_db=-4.81913 f0_rising_hz= resurgence_db=-0.660483
Doing analysis at TEMP = -40.000000 and TNOM = 27.000000

Using SPARSE 1.3 as Direct Linear Solver
 Reference value :  0.00000e+00
No. of Data Rows : 1
Doing analysis at TEMP = -40.000000 and TNOM = 27.000000

Using SPARSE 1.3 as Direct Linear Solver
 Reference value :  1.00000e-02
No. of Data Rows : 551
Doing analysis at TEMP = -40.000000 and TNOM = 27.000000

Using SPARSE 1.3 as Direct Linear Solver
 Reference value :  1.00000e-02
No. of Data Rows : 551
dcg                 =  1.42869e+02
f0                  =  1.64068e+06
phx                 =  -1.96122e+02
f180                =  1.41512e+06
gmx                 =  2.48081e+00
 meas ac f0r when tdb=0 rise=1 failed!

tres                =  -1.10246e+00 at=  1.73780e+06
ROW iload_a=0.05 ceff_f=4.7e-06 esr_ohm=0.5 vout_v=1.7994 dcgain_db=142.869 f0_hz=1.64068E+06 phase_at_f0_deg=-196.122 f180_hz=1.41512E+06 gain_at_f180_db=2.48081 f0_rising_hz= resurgence_db=-1.10246
* SWEEP COMPLETE fs_-40c_3.63v
Note: Simulation executed from .control section 
Warning: m=xx on .subckt line will override multiplier m hierarchy!

Note: Starting dynamic gmin stepping
Note: Dynamic gmin stepping completed
Note: Starting dynamic gmin stepping
Note: Dynamic gmin stepping completed
Note: Starting dynamic gmin stepping
Note: Dynamic gmin stepping completed

Error: measure  f0r  when(WHEN) : out of interval
Error: &f0r: no such variable.
Note: Starting dynamic gmin stepping
Note: Dynamic gmin stepping completed
Note: Starting dynamic gmin stepping
Note: Dynamic gmin stepping completed
Note: Starting dynamic gmin stepping
Note: Dynamic gmin stepping completed

Error: measure  f0r  when(WHEN) : out of interval
Error: &f0r: no such variable.
Note: Starting dynamic gmin stepping
Note: Dynamic gmin stepping completed
Note: Starting dynamic gmin stepping
Note: Dynamic gmin stepping completed
Note: Starting dynamic gmin stepping
Note: Dynamic gmin stepping completed

Error: measure  f0r  when(WHEN) : out of interval
Error: &f0r: no such variable.
Note: Starting dynamic gmin stepping
Note: Dynamic gmin stepping completed
Note: Starting dynamic gmin stepping
Note: Dynamic gmin stepping completed
Note: Starting dynamic gmin stepping
Note: Dynamic gmin stepping completed

Error: measure  f0r  when(WHEN) : out of interval
Error: &f0r: no such variable.
Note: Starting dynamic gmin stepping
Note: Dynamic gmin stepping completed
Note: Starting dynamic gmin stepping
Note: Dynamic gmin stepping completed
Note: Starting dynamic gmin stepping
Note: Dynamic gmin stepping completed

Error: measure  f0r  when(WHEN) : out of interval
Error: &f0r: no such variable.
Note: Starting dynamic gmin stepping
Note: Dynamic gmin stepping completed
Note: Starting dynamic gmin stepping
Note: Dynamic gmin stepping completed
Note: Starting dynamic gmin stepping
Note: Dynamic gmin stepping completed

Error: measure  f0r  when(WHEN) : out of interval
Error: &f0r: no such variable.
Note: Starting dynamic gmin stepping
Note: Dynamic gmin stepping completed
Note: Starting dynamic gmin stepping
Note: Dynamic gmin stepping completed
Note: Starting dynamic gmin stepping
Note: Dynamic gmin stepping completed

Error: measure  f0r  when(WHEN) : out of interval
Error: &f0r: no such variable.
Note: Starting dynamic gmin stepping
Note: Dynamic gmin stepping completed
Note: Starting dynamic gmin stepping
Note: Dynamic gmin stepping completed
Note: Starting dynamic gmin stepping
Note: Dynamic gmin stepping completed

Error: measure  f0r  when(WHEN) : out of interval
Error: &f0r: no such variable.
Note: Starting dynamic gmin stepping
Note: Dynamic gmin stepping completed
Note: Starting dynamic gmin stepping
Note: Dynamic gmin stepping completed
Note: Starting dynamic gmin stepping
Note: Dynamic gmin stepping completed

Error: measure  f0r  when(WHEN) : out of interval
Error: &f0r: no such variable.
Note: Starting dynamic gmin stepping
Note: Dynamic gmin stepping completed
Note: Starting dynamic gmin stepping
Note: Dynamic gmin stepping completed
Note: Starting dynamic gmin stepping
Note: Dynamic gmin stepping completed

Error: measure  f0r  when(WHEN) : out of interval
Error: &f0r: no such variable.
Note: Starting dynamic gmin stepping
Note: Dynamic gmin stepping completed
Note: Starting dynamic gmin stepping
Note: Dynamic gmin stepping completed
Note: Starting dynamic gmin stepping
Note: Dynamic gmin stepping completed

Error: measure  f0r  when(WHEN) : out of interval
Error: &f0r: no such variable.
Note: Starting dynamic gmin stepping
Note: Dynamic gmin stepping completed
Note: Starting dynamic gmin stepping
Note: Dynamic gmin stepping completed
Note: Starting dynamic gmin stepping
Note: Dynamic gmin stepping completed

Error: measure  f0r  when(WHEN) : out of interval
Error: &f0r: no such variable.
Note: Starting dynamic gmin stepping
Note: Dynamic gmin stepping completed
Note: Starting dynamic gmin stepping
Note: Dynamic gmin stepping completed
Note: Starting dynamic gmin stepping
Note: Dynamic gmin stepping completed

Error: measure  f0r  when(WHEN) : out of interval
Error: &f0r: no such variable.
Note: Starting dynamic gmin stepping
Note: Dynamic gmin stepping completed
Note: Starting dynamic gmin stepping
Note: Dynamic gmin stepping completed
Note: Starting dynamic gmin stepping
Note: Dynamic gmin stepping completed

Error: measure  f0r  when(WHEN) : out of interval
Error: &f0r: no such variable.
Note: Starting dynamic gmin stepping
Note: Dynamic gmin stepping completed
Note: Starting dynamic gmin stepping
Note: Dynamic gmin stepping completed
Note: Starting dynamic gmin stepping
Note: Dynamic gmin stepping completed

Error: measure  f0r  when(WHEN) : out of interval
Error: &f0r: no such variable.
Note: Starting dynamic gmin stepping
Note: Dynamic gmin stepping completed
Note: Starting dynamic gmin stepping
Note: Dynamic gmin stepping completed
Note: Starting dynamic gmin stepping
Note: Dynamic gmin stepping completed

Error: measure  f0r  when(WHEN) : out of interval
Error: &f0r: no such variable.
Note: Starting dynamic gmin stepping
Note: Dynamic gmin stepping completed
Note: Starting dynamic gmin stepping
Note: Dynamic gmin stepping completed
Note: Starting dynamic gmin stepping
Note: Dynamic gmin stepping completed

Error: measure  f0r  when(WHEN) : out of interval
Error: &f0r: no such variable.
Note: Starting dynamic gmin stepping
Note: Dynamic gmin stepping completed
Note: Starting dynamic gmin stepping
Note: Dynamic gmin stepping completed
Note: Starting dynamic gmin stepping
Note: Dynamic gmin stepping completed

Error: measure  f0r  when(WHEN) : out of interval
Error: &f0r: no such variable.
Note: Starting dynamic gmin stepping
Note: Dynamic gmin stepping completed
Note: Starting dynamic gmin stepping
Note: Dynamic gmin stepping completed
Note: Starting dynamic gmin stepping
Note: Dynamic gmin stepping completed

Error: measure  f0r  when(WHEN) : out of interval
Error: &f0r: no such variable.
Note: Starting dynamic gmin stepping
Note: Dynamic gmin stepping completed
Note: Starting dynamic gmin stepping
Note: Dynamic gmin stepping completed
Note: Starting dynamic gmin stepping
Note: Dynamic gmin stepping completed

Error: measure  f0r  when(WHEN) : out of interval
Error: &f0r: no such variable.
Note: Starting dynamic gmin stepping
Note: Dynamic gmin stepping completed
Note: Starting dynamic gmin stepping
Note: Dynamic gmin stepping completed
Note: Starting dynamic gmin stepping
Note: Dynamic gmin stepping completed

Error: measure  f0r  when(WHEN) : out of interval
Error: &f0r: no such variable.
Note: Starting dynamic gmin stepping
Note: Dynamic gmin stepping completed
Note: Starting dynamic gmin stepping
Note: Dynamic gmin stepping completed
Note: Starting dynamic gmin stepping
Note: Dynamic gmin stepping completed

Error: measure  f0r  when(WHEN) : out of interval
Error: &f0r: no such variable.
Note: Starting dynamic gmin stepping
Note: Dynamic gmin stepping completed
Note: Starting dynamic gmin stepping
Note: Dynamic gmin stepping completed
Note: Starting dynamic gmin stepping
Note: Dynamic gmin stepping completed

Error: measure  f0r  when(WHEN) : out of interval
Error: &f0r: no such variable.
Note: Starting dynamic gmin stepping
Note: Dynamic gmin stepping completed
Note: Starting dynamic gmin stepping
Note: Dynamic gmin stepping completed
Note: Starting dynamic gmin stepping
Note: Dynamic gmin stepping completed

Error: measure  f0r  when(WHEN) : out of interval
Error: &f0r: no such variable.
Note: Starting dynamic gmin stepping
Note: Dynamic gmin stepping completed
Note: Starting dynamic gmin stepping
Note: Dynamic gmin stepping completed
Note: Starting dynamic gmin stepping
Note: Dynamic gmin stepping completed

Error: measure  f0r  when(WHEN) : out of interval
Error: &f0r: no such variable.
Note: Starting dynamic gmin stepping
Note: Dynamic gmin stepping completed
Note: Starting dynamic gmin stepping
Note: Dynamic gmin stepping completed
Note: Starting dynamic gmin stepping
Note: Dynamic gmin stepping completed

Error: measure  f0r  when(WHEN) : out of interval
Error: &f0r: no such variable.
Note: Starting dynamic gmin stepping
Note: Dynamic gmin stepping completed
Note: Starting dynamic gmin stepping
Note: Dynamic gmin stepping completed
Note: Starting dynamic gmin stepping
Note: Dynamic gmin stepping completed

Error: measure  f0r  when(WHEN) : out of interval
Error: &f0r: no such variable.
Note: Starting dynamic gmin stepping
Note: Dynamic gmin stepping completed
Note: Starting dynamic gmin stepping
Note: Dynamic gmin stepping completed
Note: Starting dynamic gmin stepping
Note: Dynamic gmin stepping completed

Error: measure  f0r  when(WHEN) : out of interval
Error: &f0r: no such variable.
Note: Starting dynamic gmin stepping
Note: Dynamic gmin stepping completed
Note: Starting dynamic gmin stepping
Note: Dynamic gmin stepping completed
Note: Starting dynamic gmin stepping
Note: Dynamic gmin stepping completed

Error: measure  f0r  when(WHEN) : out of interval
Error: &f0r: no such variable.
Note: Starting dynamic gmin stepping
Note: Dynamic gmin stepping completed
Note: Starting dynamic gmin stepping
Note: Dynamic gmin stepping completed
Note: Starting dynamic gmin stepping
Note: Dynamic gmin stepping completed

Error: measure  f0r  when(WHEN) : out of interval
Error: &f0r: no such variable.
Note: Starting dynamic gmin stepping
Note: Dynamic gmin stepping completed
Note: Starting dynamic gmin stepping
Note: Dynamic gmin stepping completed
Note: Starting dynamic gmin stepping
Note: Dynamic gmin stepping completed

Error: measure  f0r  when(WHEN) : out of interval
Error: &f0r: no such variable.
Note: Starting dynamic gmin stepping
Note: Dynamic gmin stepping completed
Note: Starting dynamic gmin stepping
Note: Dynamic gmin stepping completed
Note: Starting dynamic gmin stepping
Note: Dynamic gmin stepping completed

Error: measure  f0r  when(WHEN) : out of interval
Error: &f0r: no such variable.
Note: Starting dynamic gmin stepping
Note: Dynamic gmin stepping completed
Note: Starting dynamic gmin stepping
Note: Dynamic gmin stepping completed
Note: Starting dynamic gmin stepping
Note: Dynamic gmin stepping completed

Error: measure  f0r  when(WHEN) : out of interval
Error: &f0r: no such variable.
Note: Starting dynamic gmin stepping
Note: Dynamic gmin stepping completed
Note: Starting dynamic gmin stepping
Note: Dynamic gmin stepping completed
Note: Starting dynamic gmin stepping
Note: Dynamic gmin stepping completed

Error: measure  f0r  when(WHEN) : out of interval
Error: &f0r: no such variable.
Note: Starting dynamic gmin stepping
Note: Dynamic gmin stepping completed
Note: Starting dynamic gmin stepping
Note: Dynamic gmin stepping completed
Note: Starting dynamic gmin stepping
Note: Dynamic gmin stepping completed

Error: measure  f0r  when(WHEN) : out of interval
Error: &f0r: no such variable.
Note: Starting dynamic gmin stepping
Note: Dynamic gmin stepping completed
Note: Starting dynamic gmin stepping
Note: Dynamic gmin stepping completed
Note: Starting dynamic gmin stepping
Note: Dynamic gmin stepping completed

Error: measure  f0r  when(WHEN) : out of interval
Error: &f0r: no such variable.
Note: Starting dynamic gmin stepping
Note: Dynamic gmin stepping completed
Note: Starting dynamic gmin stepping
Note: Dynamic gmin stepping completed
Note: Starting dynamic gmin stepping
Note: Dynamic gmin stepping completed

Error: measure  f0r  when(WHEN) : out of interval
Error: &f0r: no such variable.
Note: Starting dynamic gmin stepping
Note: Dynamic gmin stepping completed
Note: Starting dynamic gmin stepping
Note: Dynamic gmin stepping completed
Note: Starting dynamic gmin stepping
Note: Dynamic gmin stepping completed

Error: measure  f0r  when(WHEN) : out of interval
Error: &f0r: no such variable.
Note: Starting dynamic gmin stepping
Note: Dynamic gmin stepping completed
Note: Starting dynamic gmin stepping
Note: Dynamic gmin stepping completed
Note: Starting dynamic gmin stepping
Note: Dynamic gmin stepping completed

Error: measure  f0r  when(WHEN) : out of interval
Error: &f0r: no such variable.
Note: Starting dynamic gmin stepping
Note: Dynamic gmin stepping completed
Note: Starting dynamic gmin stepping
Note: Dynamic gmin stepping completed
Note: Starting dynamic gmin stepping
Note: Dynamic gmin stepping completed

Error: measure  f0r  when(WHEN) : out of interval
Error: &f0r: no such variable.
Note: Starting dynamic gmin stepping
Note: Dynamic gmin stepping completed
Note: Starting dynamic gmin stepping
Note: Dynamic gmin stepping completed
Note: Starting dynamic gmin stepping
Note: Dynamic gmin stepping completed

Error: measure  f0r  when(WHEN) : out of interval
Error: &f0r: no such variable.
Note: Starting dynamic gmin stepping
Note: Dynamic gmin stepping completed
Note: Starting dynamic gmin stepping
Note: Dynamic gmin stepping completed
Note: Starting dynamic gmin stepping
Note: Dynamic gmin stepping completed

Error: measure  f0r  when(WHEN) : out of interval
Error: &f0r: no such variable.
Note: Starting dynamic gmin stepping
Note: Dynamic gmin stepping completed
Note: Starting dynamic gmin stepping
Note: Dynamic gmin stepping completed
Note: Starting dynamic gmin stepping
Note: Dynamic gmin stepping completed

Error: measure  f0r  when(WHEN) : out of interval
Error: &f0r: no such variable.
Note: Starting dynamic gmin stepping
Note: Dynamic gmin stepping completed
Note: Starting dynamic gmin stepping
Note: Dynamic gmin stepping completed
Note: Starting dynamic gmin stepping
Note: Dynamic gmin stepping completed

Error: measure  f0r  when(WHEN) : out of interval
Error: &f0r: no such variable.
Note: Starting dynamic gmin stepping
Note: Dynamic gmin stepping completed
Note: Starting dynamic gmin stepping
Note: Dynamic gmin stepping completed
Note: Starting dynamic gmin stepping
Note: Dynamic gmin stepping completed

Error: measure  f0r  when(WHEN) : out of interval
Error: &f0r: no such variable.
Note: Starting dynamic gmin stepping
Note: Dynamic gmin stepping completed
Note: Starting dynamic gmin stepping
Note: Dynamic gmin stepping completed
Note: Starting dynamic gmin stepping
Note: Dynamic gmin stepping completed

Error: measure  f0r  when(WHEN) : out of interval
Error: &f0r: no such variable.
Note: Starting dynamic gmin stepping
Note: Dynamic gmin stepping completed
Note: Starting dynamic gmin stepping
Note: Dynamic gmin stepping completed
Note: Starting dynamic gmin stepping
Note: Dynamic gmin stepping completed

Error: measure  f0r  when(WHEN) : out of interval
Error: &f0r: no such variable.
Note: Starting dynamic gmin stepping
Note: Dynamic gmin stepping completed
Note: Starting dynamic gmin stepping
Note: Dynamic gmin stepping completed
Note: Starting dynamic gmin stepping
Note: Dynamic gmin stepping completed

Error: measure  f0r  when(WHEN) : out of interval
Error: &f0r: no such variable.
Note: Starting dynamic gmin stepping
Note: Dynamic gmin stepping completed
Note: Starting dynamic gmin stepping
Note: Dynamic gmin stepping completed
Note: Starting dynamic gmin stepping
Note: Dynamic gmin stepping completed

Error: measure  f0r  when(WHEN) : out of interval
Error: &f0r: no such variable.
Note: Starting dynamic gmin stepping
Note: Dynamic gmin stepping completed
Note: Starting dynamic gmin stepping
Note: Dynamic gmin stepping completed
Note: Starting dynamic gmin stepping
Note: Dynamic gmin stepping completed

Error: measure  f0r  when(WHEN) : out of interval
Error: &f0r: no such variable.
Note: Starting dynamic gmin stepping
Note: Dynamic gmin stepping completed
Note: Starting dynamic gmin stepping
Note: Dynamic gmin stepping completed
Note: Starting dynamic gmin stepping
Note: Dynamic gmin stepping completed

Error: measure  f0r  when(WHEN) : out of interval
Error: &f0r: no such variable.
Note: Starting dynamic gmin stepping
Note: Dynamic gmin stepping completed
Note: Starting dynamic gmin stepping
Note: Dynamic gmin stepping completed
Note: Starting dynamic gmin stepping
Note: Dynamic gmin stepping completed

Error: measure  f0r  when(WHEN) : out of interval
Error: &f0r: no such variable.
Note: Starting dynamic gmin stepping
Note: Dynamic gmin stepping completed
Note: Starting dynamic gmin stepping
Note: Dynamic gmin stepping completed
Note: Starting dynamic gmin stepping
Note: Dynamic gmin stepping completed

Error: measure  f0r  when(WHEN) : out of interval
Error: &f0r: no such variable.
Note: Starting dynamic gmin stepping
Note: Dynamic gmin stepping completed
Note: Starting dynamic gmin stepping
Note: Dynamic gmin stepping completed
Note: Starting dynamic gmin stepping
Note: Dynamic gmin stepping completed

Error: measure  f0r  when(WHEN) : out of interval
Error: &f0r: no such variable.
Note: Starting dynamic gmin stepping
Note: Dynamic gmin stepping completed
Note: Starting dynamic gmin stepping
Note: Dynamic gmin stepping completed
Note: Starting dynamic gmin stepping
Note: Dynamic gmin stepping completed

Error: measure  f0r  when(WHEN) : out of interval
Error: &f0r: no such variable.
Note: Starting dynamic gmin stepping
Note: Dynamic gmin stepping completed
Note: Starting dynamic gmin stepping
Note: Dynamic gmin stepping completed
Note: Starting dynamic gmin stepping
Note: Dynamic gmin stepping completed

Error: measure  f0r  when(WHEN) : out of interval
Error: &f0r: no such variable.
Note: Starting dynamic gmin stepping
Note: Dynamic gmin stepping completed
Note: Starting dynamic gmin stepping
Note: Dynamic gmin stepping completed
Note: Starting dynamic gmin stepping
Note: Dynamic gmin stepping completed

Error: measure  f0r  when(WHEN) : out of interval
Error: &f0r: no such variable.
Note: Starting dynamic gmin stepping
Note: Dynamic gmin stepping completed
Note: Starting dynamic gmin stepping
Note: Dynamic gmin stepping completed
Note: Starting dynamic gmin stepping
Note: Dynamic gmin stepping completed

Error: measure  f0r  when(WHEN) : out of interval
Error: &f0r: no such variable.
Note: Starting dynamic gmin stepping
Note: Dynamic gmin stepping completed
Note: Starting dynamic gmin stepping
Note: Dynamic gmin stepping completed
Note: Starting dynamic gmin stepping
Note: Dynamic gmin stepping completed

Error: measure  f0r  when(WHEN) : out of interval
Error: &f0r: no such variable.
Note: Starting dynamic gmin stepping
Note: Dynamic gmin stepping completed
Note: Starting dynamic gmin stepping
Note: Dynamic gmin stepping completed
Note: Starting dynamic gmin stepping
Note: Dynamic gmin stepping completed

Error: measure  f0r  when(WHEN) : out of interval
Error: &f0r: no such variable.
Note: Starting dynamic gmin stepping
Note: Dynamic gmin stepping completed
Note: Starting dynamic gmin stepping
Note: Dynamic gmin stepping completed
Note: Starting dynamic gmin stepping
Note: Dynamic gmin stepping completed

Error: measure  f0r  when(WHEN) : out of interval
Error: &f0r: no such variable.
Note: Starting dynamic gmin stepping
Note: Dynamic gmin stepping completed
Note: Starting dynamic gmin stepping
Note: Dynamic gmin stepping completed
Note: Starting dynamic gmin stepping
Note: Dynamic gmin stepping completed

Error: measure  f0r  when(WHEN) : out of interval
Error: &f0r: no such variable.
Note: Starting dynamic gmin stepping
Note: Dynamic gmin stepping completed
Note: Starting dynamic gmin stepping
Note: Dynamic gmin stepping completed
Note: Starting dynamic gmin stepping
Note: Dynamic gmin stepping completed

Error: measure  f0r  when(WHEN) : out of interval
Error: &f0r: no such variable.
Note: Starting dynamic gmin stepping
Note: Dynamic gmin stepping completed
Note: Starting dynamic gmin stepping
Note: Dynamic gmin stepping completed
Note: Starting dynamic gmin stepping
Note: Dynamic gmin stepping completed

Error: measure  f0r  when(WHEN) : out of interval
Error: &f0r: no such variable.
Note: Starting dynamic gmin stepping
Note: Dynamic gmin stepping completed
Note: Starting dynamic gmin stepping
Note: Dynamic gmin stepping completed
Note: Starting dynamic gmin stepping
Note: Dynamic gmin stepping completed

Error: measure  f0r  when(WHEN) : out of interval
Error: &f0r: no such variable.
Note: Starting dynamic gmin stepping
Note: Dynamic gmin stepping completed
Note: Starting dynamic gmin stepping
Note: Dynamic gmin stepping completed
Note: Starting dynamic gmin stepping
Note: Dynamic gmin stepping completed

Error: measure  f0r  when(WHEN) : out of interval
Error: &f0r: no such variable.
Note: Starting dynamic gmin stepping
Note: Dynamic gmin stepping completed
Note: Starting dynamic gmin stepping
Note: Dynamic gmin stepping completed
Note: Starting dynamic gmin stepping
Note: Dynamic gmin stepping completed

Error: measure  f0r  when(WHEN) : out of interval
Error: &f0r: no such variable.
Note: Starting dynamic gmin stepping
Note: Dynamic gmin stepping completed
Note: Starting dynamic gmin stepping
Note: Dynamic gmin stepping completed
Note: Starting dynamic gmin stepping
Note: Dynamic gmin stepping completed

Error: measure  f0r  when(WHEN) : out of interval
Error: &f0r: no such variable.
Note: Starting dynamic gmin stepping
Note: Dynamic gmin stepping completed
Note: Starting dynamic gmin stepping
Note: Dynamic gmin stepping completed
Note: Starting dynamic gmin stepping
Note: Dynamic gmin stepping completed

Error: measure  f0r  when(WHEN) : out of interval
Error: &f0r: no such variable.
Note: Starting dynamic gmin stepping
Note: Dynamic gmin stepping completed
Note: Starting dynamic gmin stepping
Note: Dynamic gmin stepping completed
Note: Starting dynamic gmin stepping
Note: Dynamic gmin stepping completed

Error: measure  f0r  when(WHEN) : out of interval
Error: &f0r: no such variable.
Note: Starting dynamic gmin stepping
Note: Dynamic gmin stepping completed
Note: Starting dynamic gmin stepping
Note: Dynamic gmin stepping completed
Note: Starting dynamic gmin stepping
Note: Dynamic gmin stepping completed

Error: measure  f0r  when(WHEN) : out of interval
Error: &f0r: no such variable.
Note: Starting dynamic gmin stepping
Note: Dynamic gmin stepping completed
Note: Starting dynamic gmin stepping
Note: Dynamic gmin stepping completed
Note: Starting dynamic gmin stepping
Note: Dynamic gmin stepping completed

Error: measure  f0r  when(WHEN) : out of interval
Error: &f0r: no such variable.
