
Note: Compatibility modes selected: hs a


Circuit: * startup @ ss_-40c_2.97v -- generated by sim/harness, do not edit

Doing analysis at TEMP = -40.000000 and TNOM = 27.000000

Using SPARSE 1.3 as Direct Linear Solver

Initial Transient Solution
--------------------------

Node                                   Voltage
----                                   -------
vin                                       2.97
en                                           0
vout_full                          1.00134e-09
loop_full                                 2.97
xdut_full.fb                       6.67561e-10
xdut_full.vref                             1.2
xdut_full.xerramp.nbias            6.60744e-10
xdut_full.xerramp.xrbias.11        1.13236e-09
xdut_full.xerramp.xrbias.21        4.19004e-06
xdut_full.xerramp.rbt              4.19051e-06
xdut_full.xerramp.tail                0.582602
xdut_full.xerramp.nd                      2.97
xdut_full.xerramp.n1                      2.97
xdut_full.xerramp.nz                      2.97
xdut_full.xerramp.xrz.11                  2.97
xdut_full.xerramp.xrz.21                  2.97
xdut_full.xerramp.enb                     2.97
xdut_full.xilimit.isns             1.23482e-09
xdut_full.xilimit.xrsns.11         1.00593e-09
xdut_full.xilimit.xrsns.21         1.23023e-09
xdut_full.xilimit.pb                    2.4022
xdut_full.xilimit.vth              4.88136e-07
xdut_full.xilimit.xrref.11         1.16446e-09
xdut_full.xilimit.xrref.21         4.87973e-07
xdut_full.xilimit.bt                       1.2
xdut_full.xilimit.bb                       1.2
xdut_full.xilimit.xrbias.11                1.2
xdut_full.xilimit.xrbias.21                1.2
xdut_full.xilimit.cn                  0.424548
xdut_full.xilimit.tail                 1.23412
xdut_full.xilimit.co               5.88335e-10
xdut_full.xilimit.xrtail.11            1.23412
xdut_full.xilimit.xrtail.21            1.23412
xdut_full.xilimit.tailp                1.23412
xdut_full.xilimit.enb                     2.97
xdut_full.xilimit.clg                     2.97
xdut_full.xilimit.xrl2.11                 2.97
xdut_full.xilimit.xrl2.21                 2.97
xdut_full.xsoftstart.bt                    1.2
xdut_full.xsoftstart.bb                1.19999
xdut_full.xsoftstart.xrss_bias.11         1.19999
xdut_full.xsoftstart.xrss_bias.21             1.2
xdut_full.xsoftstart.ssr           1.09681e-08
xdut_full.xsoftstart.enb                  2.97
xdut_full.xsoftstart.tailp             1.23428
xdut_full.xsoftstart.tail              1.23427
xdut_full.xsoftstart.xrtail_ss.11         1.23427
xdut_full.xsoftstart.xrtail_ss.21         1.23428
xdut_full.xsoftstart.cn               0.424678
xdut_full.xsoftstart.co               0.424678
xdut_full.xsoftstart.lp            2.70755e-05
xdut_full.xsoftstart.clg           6.45049e-10
xdut_full.xsoftstart.xrl2_ss.11     7.81959e-10
xdut_full.xsoftstart.xrl2_ss.21     2.70754e-05
n_esr_full                         1.00134e-09
vout_min                           1.66888e-05
loop_min                                  2.97
xdut_min.fb                        1.11259e-05
xdut_min.vref                              1.2
xdut_min.xerramp.nbias             6.60744e-10
xdut_min.xerramp.xrbias.11         1.13236e-09
xdut_min.xerramp.xrbias.21         4.19004e-06
xdut_min.xerramp.rbt               4.19051e-06
xdut_min.xerramp.tail                 0.582573
xdut_min.xerramp.nd                       2.97
xdut_min.xerramp.n1                       2.97
xdut_min.xerramp.nz                       2.97
xdut_min.xerramp.xrz.11                   2.97
xdut_min.xerramp.xrz.21                   2.97
xdut_min.xerramp.enb                      2.97
xdut_min.xilimit.isns              1.66891e-05
xdut_min.xilimit.xrsns.11          1.66888e-05
xdut_min.xilimit.xrsns.21          1.66891e-05
xdut_min.xilimit.pb                     2.4022
xdut_min.xilimit.vth                1.7176e-05
xdut_min.xilimit.xrref.11           1.6689e-05
xdut_min.xilimit.xrref.21          1.71758e-05
xdut_min.xilimit.bt                        1.2
xdut_min.xilimit.bb                        1.2
xdut_min.xilimit.xrbias.11                 1.2
xdut_min.xilimit.xrbias.21                 1.2
xdut_min.xilimit.cn                   0.424539
xdut_min.xilimit.tail                  1.23411
xdut_min.xilimit.co                5.88045e-10
xdut_min.xilimit.xrtail.11             1.23411
xdut_min.xilimit.xrtail.21             1.23411
xdut_min.xilimit.tailp                 1.23411
xdut_min.xilimit.enb                      2.97
xdut_min.xilimit.clg                      2.97
xdut_min.xilimit.xrl2.11                  2.97
xdut_min.xilimit.xrl2.21                  2.97
xdut_min.xsoftstart.bt                     1.2
xdut_min.xsoftstart.bb                 1.19999
xdut_min.xsoftstart.xrss_bias.11         1.19999
xdut_min.xsoftstart.xrss_bias.21             1.2
xdut_min.xsoftstart.ssr            1.09681e-08
xdut_min.xsoftstart.enb                   2.97
xdut_min.xsoftstart.tailp              1.23428
xdut_min.xsoftstart.tail               1.23427
xdut_min.xsoftstart.xrtail_ss.11         1.23427
xdut_min.xsoftstart.xrtail_ss.21         1.23428
xdut_min.xsoftstart.cn                0.424672
xdut_min.xsoftstart.co                0.424672
xdut_min.xsoftstart.lp             2.70755e-05
xdut_min.xsoftstart.clg            6.45049e-10
xdut_min.xsoftstart.xrl2_ss.11     7.81959e-10
xdut_min.xsoftstart.xrl2_ss.21     2.70754e-05
n_esr_min                          1.66888e-05
vin_short                                 2.97
vout_short                         2.78161e-11
loop_short                                2.97
xdut_short.fb                      1.85441e-11
xdut_short.vref                            1.2
xdut_short.xerramp.nbias           6.60744e-10
xdut_short.xerramp.xrbias.11       1.13236e-09
xdut_short.xerramp.xrbias.21       4.19004e-06
xdut_short.xerramp.rbt             4.19051e-06
xdut_short.xerramp.tail               0.582533
xdut_short.xerramp.nd                     2.97
xdut_short.xerramp.n1                     2.97
xdut_short.xerramp.nz                     2.97
xdut_short.xerramp.xrz.11                 2.97
xdut_short.xerramp.xrz.21                 2.97
xdut_short.xerramp.enb                    2.97
xdut_short.xilimit.isns            2.61298e-10
xdut_short.xilimit.xrsns.11        3.24092e-11
xdut_short.xilimit.xrsns.21        2.56705e-10
xdut_short.xilimit.pb                   2.4022
xdut_short.xilimit.vth             4.87162e-07
xdut_short.xilimit.xrref.11         1.9093e-10
xdut_short.xilimit.xrref.21        4.86999e-07
xdut_short.xilimit.bt                      1.2
xdut_short.xilimit.bb                      1.2
xdut_short.xilimit.xrbias.11               1.2
xdut_short.xilimit.xrbias.21               1.2
xdut_short.xilimit.cn                 0.424546
xdut_short.xilimit.tail                1.23411
xdut_short.xilimit.co              5.88176e-10
xdut_short.xilimit.xrtail.11           1.23411
xdut_short.xilimit.xrtail.21           1.23411
xdut_short.xilimit.tailp               1.23411
xdut_short.xilimit.enb                    2.97
xdut_short.xilimit.clg                    2.97
xdut_short.xilimit.xrl2.11                2.97
xdut_short.xilimit.xrl2.21                2.97
xdut_short.xsoftstart.bt                   1.2
xdut_short.xsoftstart.bb               1.19999
xdut_short.xsoftstart.xrss_bias.11         1.19999
xdut_short.xsoftstart.xrss_bias.21             1.2
xdut_short.xsoftstart.ssr          1.09681e-08
xdut_short.xsoftstart.enb                 2.97
xdut_short.xsoftstart.tailp            1.23427
xdut_short.xsoftstart.tail             1.23427
xdut_short.xsoftstart.xrtail_ss.11         1.23427
xdut_short.xsoftstart.xrtail_ss.21         1.23427
xdut_short.xsoftstart.cn              0.424676
xdut_short.xsoftstart.co              0.424677
xdut_short.xsoftstart.lp           2.70755e-05
xdut_short.xsoftstart.clg          6.45049e-10
xdut_short.xsoftstart.xrl2_ss.11     7.81959e-10
xdut_short.xsoftstart.xrl2_ss.21     2.70754e-05
n_esr_short                        2.78161e-11
v.xdut_short.xsoftstart.vbsense_ss#branch     1.19905e-12
v.xdut_short.xilimit.vbsense#branch     1.19906e-12
v.xdut_min.xsoftstart.vbsense_ss#branch     1.19905e-12
v.xdut_min.xilimit.vbsense#branch     1.19906e-12
v.xdut_full.xsoftstart.vbsense_ss#branch     1.19905e-12
v.xdut_full.xilimit.vbsense#branch     1.19906e-12
v.xdut_short.vref1#branch         -2.39811e-12
vamm_short#branch                  8.46485e-11
v.xdut_min.vref1#branch           -2.39811e-12
v.xdut_full.vref1#branch          -2.39811e-12
ven#branch                                   0
vsup#branch                       -2.55745e-10

 Reference value :  0.00000e+00
 Reference value :  3.48450e-05
 Reference value :  1.98845e-04
 Reference value :  3.57845e-04
 Reference value :  4.98879e-04
 Reference value :  6.58879e-04
 Reference value :  8.09879e-04
 Reference value :  9.63879e-04
 Reference value :  1.11588e-03
 Reference value :  1.26588e-03
 Reference value :  1.41788e-03
 Reference value :  1.58088e-03
 Reference value :  1.74788e-03
 Reference value :  1.94588e-03
 Reference value :  2.14488e-03
 Reference value :  2.33088e-03
 Reference value :  2.48988e-03
 Reference value :  2.64888e-03
 Reference value :  2.81588e-03
 Reference value :  2.97988e-03
 Reference value :  3.13888e-03
 Reference value :  3.29388e-03
 Reference value :  3.45088e-03
 Reference value :  3.60588e-03
 Reference value :  3.76088e-03
 Reference value :  3.91188e-03
 Reference value :  4.06188e-03
 Reference value :  4.21388e-03
 Reference value :  4.36988e-03
 Reference value :  4.52288e-03
 Reference value :  4.67888e-03
 Reference value :  4.83288e-03
 Reference value :  4.98588e-03
 Reference value :  5.14088e-03
 Reference value :  5.29388e-03
 Reference value :  5.44288e-03
 Reference value :  5.59288e-03
 Reference value :  5.71988e-03
 Reference value :  5.85984e-03
No. of Data Rows : 6081
t_settle_full       =  5.55204e-03
vpeak_full          =  1.81266e+00 at=  5.67088e-03
t_settle_min        =  5.72260e-03
vpeak_min           =  1.82900e+00 at=  5.76288e-03
vpeak_short         =  6.31428e-02 at=  4.07338e-04
vfinal_short        =  6.25514e-02
ipeak_short         =  6.73458e-02 at=  4.07338e-04
m_tsettle_full_ms = 5.5510450000e+00
m_overshoot_full_mv = -2.333800000e+01
m_tsettle_min_ms = 5.7215960000e+00
m_overshoot_min_mv = -7.004000000e+00
m_vfinal_short_v = 6.2551420000e-02
m_ipeak_short_ma = 6.7345770000e+01
Note: Simulation executed from .control section 

Warning: m=xx on .subckt line will override multiplier m hierarchy!

