
Note: Compatibility modes selected: hs a


Circuit: * startup @ ss_125c_3.63v -- generated by sim/harness, do not edit

Doing analysis at TEMP = 125.000000 and TNOM = 27.000000

Using SPARSE 1.3 as Direct Linear Solver

Initial Transient Solution
--------------------------

Node                                   Voltage
----                                   -------
vin                                       3.63
en                                           0
vout_full                          6.61517e-08
loop_full                                 3.63
xdut_full.fb                       4.41012e-08
xdut_full.vref                             1.2
xdut_full.xerramp.nbias            2.60586e-09
xdut_full.xerramp.xrbias.11        3.07372e-09
xdut_full.xerramp.xrbias.21        9.66854e-06
xdut_full.xerramp.rbt                9.669e-06
xdut_full.xerramp.tail                0.847582
xdut_full.xerramp.nd                      3.63
xdut_full.xerramp.n1                      3.63
xdut_full.xerramp.nz                      3.63
xdut_full.xerramp.xrz.11                  3.63
xdut_full.xerramp.xrz.21                  3.63
xdut_full.xerramp.enb                     3.63
xdut_full.xilimit.isns             6.95637e-08
xdut_full.xilimit.xrsns.11         6.62053e-08
xdut_full.xilimit.xrsns.21         6.95101e-08
xdut_full.xilimit.pb                   3.38208
xdut_full.xilimit.vth              1.95915e-06
xdut_full.xilimit.xrref.11         6.66113e-08
xdut_full.xilimit.xrref.21         1.95869e-06
xdut_full.xilimit.bt                       1.2
xdut_full.xilimit.bb                   1.19998
xdut_full.xilimit.xrbias.11            1.19998
xdut_full.xilimit.xrbias.21                1.2
xdut_full.xilimit.cn                 0.0385749
xdut_full.xilimit.tail                 1.06675
xdut_full.xilimit.co                1.7433e-09
xdut_full.xilimit.xrtail.11            1.06675
xdut_full.xilimit.xrtail.21            1.06676
xdut_full.xilimit.tailp                1.06676
xdut_full.xilimit.enb                     3.63
xdut_full.xilimit.clg                     3.63
xdut_full.xilimit.xrl2.11                 3.63
xdut_full.xilimit.xrl2.21                 3.63
xdut_full.xsoftstart.bt                    1.2
xdut_full.xsoftstart.bb                1.19995
xdut_full.xsoftstart.xrss_bias.11         1.19995
xdut_full.xsoftstart.xrss_bias.21             1.2
xdut_full.xsoftstart.ssr           2.20972e-08
xdut_full.xsoftstart.enb                  3.63
xdut_full.xsoftstart.tailp             1.06676
xdut_full.xsoftstart.tail              1.06675
xdut_full.xsoftstart.xrtail_ss.11         1.06675
xdut_full.xsoftstart.xrtail_ss.21         1.06676
xdut_full.xsoftstart.cn              0.0385739
xdut_full.xsoftstart.co              0.0385739
xdut_full.xsoftstart.lp              4.119e-05
xdut_full.xsoftstart.clg           1.87785e-09
xdut_full.xsoftstart.xrl2_ss.11     2.02884e-09
xdut_full.xsoftstart.xrl2_ss.21     4.11899e-05
n_esr_full                         6.61517e-08
vout_min                            0.00110176
loop_min                                  3.63
xdut_min.fb                        0.000734507
xdut_min.vref                              1.2
xdut_min.xerramp.nbias             2.60586e-09
xdut_min.xerramp.xrbias.11         3.07372e-09
xdut_min.xerramp.xrbias.21         9.66854e-06
xdut_min.xerramp.rbt                 9.669e-06
xdut_min.xerramp.tail                 0.847581
xdut_min.xerramp.nd                       3.63
xdut_min.xerramp.n1                       3.63
xdut_min.xerramp.nz                       3.63
xdut_min.xerramp.xrz.11                   3.63
xdut_min.xerramp.xrz.21                   3.63
xdut_min.xerramp.enb                      3.63
xdut_min.xilimit.isns               0.00110176
xdut_min.xilimit.xrsns.11           0.00110176
xdut_min.xilimit.xrsns.21           0.00110176
xdut_min.xilimit.pb                    3.38208
xdut_min.xilimit.vth                0.00110365
xdut_min.xilimit.xrref.11           0.00110176
xdut_min.xilimit.xrref.21           0.00110365
xdut_min.xilimit.bt                        1.2
xdut_min.xilimit.bb                    1.19998
xdut_min.xilimit.xrbias.11             1.19998
xdut_min.xilimit.xrbias.21                 1.2
xdut_min.xilimit.cn                  0.0385631
xdut_min.xilimit.tail                  1.06761
xdut_min.xilimit.co                1.74262e-09
xdut_min.xilimit.xrtail.11             1.06761
xdut_min.xilimit.xrtail.21             1.06761
xdut_min.xilimit.tailp                 1.06761
xdut_min.xilimit.enb                      3.63
xdut_min.xilimit.clg                      3.63
xdut_min.xilimit.xrl2.11                  3.63
xdut_min.xilimit.xrl2.21                  3.63
xdut_min.xsoftstart.bt                     1.2
xdut_min.xsoftstart.bb                 1.19995
xdut_min.xsoftstart.xrss_bias.11         1.19995
xdut_min.xsoftstart.xrss_bias.21             1.2
xdut_min.xsoftstart.ssr            2.20972e-08
xdut_min.xsoftstart.enb                   3.63
xdut_min.xsoftstart.tailp              1.06706
xdut_min.xsoftstart.tail               1.06705
xdut_min.xsoftstart.xrtail_ss.11         1.06705
xdut_min.xsoftstart.xrtail_ss.21         1.06706
xdut_min.xsoftstart.cn               0.0384369
xdut_min.xsoftstart.co               0.0387194
xdut_min.xsoftstart.lp               4.119e-05
xdut_min.xsoftstart.clg            1.87785e-09
xdut_min.xsoftstart.xrl2_ss.11     2.02884e-09
xdut_min.xsoftstart.xrl2_ss.21     4.11899e-05
n_esr_min                           0.00110176
vin_short                                 3.63
vout_short                         1.83762e-09
loop_short                                3.63
xdut_short.fb                      1.22508e-09
xdut_short.vref                            1.2
xdut_short.xerramp.nbias           2.60586e-09
xdut_short.xerramp.xrbias.11       3.07372e-09
xdut_short.xerramp.xrbias.21       9.66854e-06
xdut_short.xerramp.rbt               9.669e-06
xdut_short.xerramp.tail               0.847594
xdut_short.xerramp.nd                     3.63
xdut_short.xerramp.n1                     3.63
xdut_short.xerramp.nz                     3.63
xdut_short.xerramp.xrz.11                 3.63
xdut_short.xerramp.xrz.21                 3.63
xdut_short.xerramp.enb                    3.63
xdut_short.xilimit.isns            5.24962e-09
xdut_short.xilimit.xrsns.11        1.89122e-09
xdut_short.xilimit.xrsns.21        5.19601e-09
xdut_short.xilimit.pb                  3.38208
xdut_short.xilimit.vth             1.89483e-06
xdut_short.xilimit.xrref.11        2.29721e-09
xdut_short.xilimit.xrref.21        1.89437e-06
xdut_short.xilimit.bt                      1.2
xdut_short.xilimit.bb                  1.19998
xdut_short.xilimit.xrbias.11           1.19998
xdut_short.xilimit.xrbias.21               1.2
xdut_short.xilimit.cn                0.0385753
xdut_short.xilimit.tail                1.06675
xdut_short.xilimit.co              1.74331e-09
xdut_short.xilimit.xrtail.11           1.06675
xdut_short.xilimit.xrtail.21           1.06676
xdut_short.xilimit.tailp               1.06676
xdut_short.xilimit.enb                    3.63
xdut_short.xilimit.clg                    3.63
xdut_short.xilimit.xrl2.11                3.63
xdut_short.xilimit.xrl2.21                3.63
xdut_short.xsoftstart.bt                   1.2
xdut_short.xsoftstart.bb               1.19995
xdut_short.xsoftstart.xrss_bias.11         1.19995
xdut_short.xsoftstart.xrss_bias.21             1.2
xdut_short.xsoftstart.ssr          2.20972e-08
xdut_short.xsoftstart.enb                 3.63
xdut_short.xsoftstart.tailp            1.06677
xdut_short.xsoftstart.tail             1.06676
xdut_short.xsoftstart.xrtail_ss.11         1.06676
xdut_short.xsoftstart.xrtail_ss.21         1.06677
xdut_short.xsoftstart.cn             0.0385785
xdut_short.xsoftstart.co             0.0385785
xdut_short.xsoftstart.lp             4.119e-05
xdut_short.xsoftstart.clg          1.87785e-09
xdut_short.xsoftstart.xrl2_ss.11     2.02884e-09
xdut_short.xsoftstart.xrl2_ss.21     4.11899e-05
n_esr_short                        1.83762e-09
v.xdut_short.xsoftstart.vbsense_ss#branch     1.35504e-11
v.xdut_short.xilimit.vbsense#branch     1.35505e-11
v.xdut_min.xsoftstart.vbsense_ss#branch     1.35504e-11
v.xdut_min.xilimit.vbsense#branch     1.35505e-11
v.xdut_full.xsoftstart.vbsense_ss#branch     1.35504e-11
v.xdut_full.xilimit.vbsense#branch     1.35505e-11
v.xdut_short.vref1#branch         -2.71009e-11
vamm_short#branch                  1.96499e-09
v.xdut_min.vref1#branch           -2.71009e-11
v.xdut_full.vref1#branch          -2.71009e-11
ven#branch                                   0
vsup#branch                       -5.89143e-09

 Reference value :  0.00000e+00
 Reference value :  3.49454e-05
 Reference value :  1.84945e-04
 Reference value :  3.35945e-04
 Reference value :  4.87945e-04
 Reference value :  6.25180e-04
 Reference value :  7.84180e-04
 Reference value :  9.41180e-04
 Reference value :  1.09418e-03
 Reference value :  1.24318e-03
 Reference value :  1.39918e-03
 Reference value :  1.55118e-03
 Reference value :  1.70218e-03
 Reference value :  1.85618e-03
 Reference value :  2.01418e-03
 Reference value :  2.16718e-03
 Reference value :  2.31818e-03
 Reference value :  2.46518e-03
 Reference value :  2.61718e-03
 Reference value :  2.76918e-03
 Reference value :  2.92118e-03
 Reference value :  3.06918e-03
 Reference value :  3.22018e-03
 Reference value :  3.37818e-03
 Reference value :  3.53118e-03
 Reference value :  3.68718e-03
 Reference value :  3.83718e-03
 Reference value :  3.99118e-03
 Reference value :  4.14418e-03
 Reference value :  4.29918e-03
 Reference value :  4.45418e-03
 Reference value :  4.60318e-03
 Reference value :  4.74718e-03
 Reference value :  4.90018e-03
 Reference value :  5.05118e-03
 Reference value :  5.20718e-03
 Reference value :  5.36118e-03
 Reference value :  5.51018e-03
 Reference value :  5.66618e-03
 Reference value :  5.81718e-03
 Reference value :  5.96618e-03
No. of Data Rows : 6074
t_settle_full       =  4.64039e-03
vpeak_full          =  1.80800e+00 at=  4.73918e-03
t_settle_min        =  4.61466e-03
vpeak_min           =  1.82293e+00 at=  4.64418e-03
vpeak_short         =  6.42018e-02 at=  3.88418e-03
vfinal_short        =  6.42018e-02
ipeak_short         =  6.77137e-02 at=  6.02732e-04
m_tsettle_full_ms = 4.6393930000e+00
m_overshoot_full_mv = -2.800200000e+01
m_tsettle_min_ms = 4.6136650000e+00
m_overshoot_min_mv = -1.307000000e+01
m_vfinal_short_v = 6.4201810000e-02
m_ipeak_short_ma = 6.7713670000e+01
Note: Simulation executed from .control section 

Warning: m=xx on .subckt line will override multiplier m hierarchy!

