
Note: Compatibility modes selected: hs a


Circuit: * startup @ tt_27c_2.97v -- generated by sim/harness, do not edit

Doing analysis at TEMP = 27.000000 and TNOM = 27.000000

Using SPARSE 1.3 as Direct Linear Solver

Initial Transient Solution
--------------------------

Node                                   Voltage
----                                   -------
vin                                       2.97
en                                           0
vout_full                          1.98073e-09
loop_full                                 2.97
xdut_full.fb                       1.32048e-09
xdut_full.vref                             1.2
xdut_full.xerramp.nbias            8.11673e-10
xdut_full.xerramp.xrbias.11        1.09926e-09
xdut_full.xerramp.xrbias.21        3.41381e-06
xdut_full.xerramp.rbt               3.4141e-06
xdut_full.xerramp.tail                0.789524
xdut_full.xerramp.nd                      2.97
xdut_full.xerramp.n1                      2.97
xdut_full.xerramp.nz                      2.97
xdut_full.xerramp.xrz.11                  2.97
xdut_full.xerramp.xrz.21                  2.97
xdut_full.xerramp.enb                     2.97
xdut_full.xilimit.isns             2.21141e-09
xdut_full.xilimit.xrsns.11         1.98569e-09
xdut_full.xilimit.xrsns.21         2.20645e-09
xdut_full.xilimit.pb                   2.68831
xdut_full.xilimit.vth              3.94179e-07
xdut_full.xilimit.xrref.11         2.12363e-09
xdut_full.xilimit.xrref.21         3.94036e-07
xdut_full.xilimit.bt                       1.2
xdut_full.xilimit.bb                       1.2
xdut_full.xilimit.xrbias.11                1.2
xdut_full.xilimit.xrbias.21                1.2
xdut_full.xilimit.cn                  0.152075
xdut_full.xilimit.tail                0.984061
xdut_full.xilimit.co               7.33932e-10
xdut_full.xilimit.xrtail.11           0.984061
xdut_full.xilimit.xrtail.21           0.984062
xdut_full.xilimit.tailp               0.984062
xdut_full.xilimit.enb                     2.97
xdut_full.xilimit.clg                     2.97
xdut_full.xilimit.xrl2.11                 2.97
xdut_full.xilimit.xrl2.21                 2.97
xdut_full.xsoftstart.bt                    1.2
xdut_full.xsoftstart.bb                    1.2
xdut_full.xsoftstart.xrss_bias.11             1.2
xdut_full.xsoftstart.xrss_bias.21             1.2
xdut_full.xsoftstart.ssr           1.32053e-08
xdut_full.xsoftstart.enb                  2.97
xdut_full.xsoftstart.tailp            0.984157
xdut_full.xsoftstart.tail             0.984153
xdut_full.xsoftstart.xrtail_ss.11        0.984153
xdut_full.xsoftstart.xrtail_ss.21        0.984157
xdut_full.xsoftstart.cn               0.152142
xdut_full.xsoftstart.co               0.152142
xdut_full.xsoftstart.lp             1.9693e-05
xdut_full.xsoftstart.clg           7.74125e-10
xdut_full.xsoftstart.xrl2_ss.11     8.82492e-10
xdut_full.xsoftstart.xrl2_ss.21     1.96929e-05
n_esr_full                         1.98073e-09
vout_min                           3.30103e-05
loop_min                                  2.97
xdut_min.fb                        2.20069e-05
xdut_min.vref                              1.2
xdut_min.xerramp.nbias             8.11673e-10
xdut_min.xerramp.xrbias.11         1.09926e-09
xdut_min.xerramp.xrbias.21         3.41381e-06
xdut_min.xerramp.rbt                3.4141e-06
xdut_min.xerramp.tail                 0.789587
xdut_min.xerramp.nd                       2.97
xdut_min.xerramp.n1                       2.97
xdut_min.xerramp.nz                       2.97
xdut_min.xerramp.xrz.11                   2.97
xdut_min.xerramp.xrz.21                   2.97
xdut_min.xerramp.enb                      2.97
xdut_min.xilimit.isns              3.30106e-05
xdut_min.xilimit.xrsns.11          3.30104e-05
xdut_min.xilimit.xrsns.21          3.30106e-05
xdut_min.xilimit.pb                    2.68831
xdut_min.xilimit.vth               3.34025e-05
xdut_min.xilimit.xrref.11          3.30105e-05
xdut_min.xilimit.xrref.21          3.34024e-05
xdut_min.xilimit.bt                        1.2
xdut_min.xilimit.bb                        1.2
xdut_min.xilimit.xrbias.11                 1.2
xdut_min.xilimit.xrbias.21                 1.2
xdut_min.xilimit.cn                    0.15208
xdut_min.xilimit.tail                 0.984097
xdut_min.xilimit.co                7.34066e-10
xdut_min.xilimit.xrtail.11            0.984097
xdut_min.xilimit.xrtail.21            0.984098
xdut_min.xilimit.tailp                0.984098
xdut_min.xilimit.enb                      2.97
xdut_min.xilimit.clg                      2.97
xdut_min.xilimit.xrl2.11                  2.97
xdut_min.xilimit.xrl2.21                  2.97
xdut_min.xsoftstart.bt                     1.2
xdut_min.xsoftstart.bb                     1.2
xdut_min.xsoftstart.xrss_bias.11             1.2
xdut_min.xsoftstart.xrss_bias.21             1.2
xdut_min.xsoftstart.ssr            1.32053e-08
xdut_min.xsoftstart.enb                   2.97
xdut_min.xsoftstart.tailp             0.984158
xdut_min.xsoftstart.tail              0.984155
xdut_min.xsoftstart.xrtail_ss.11        0.984155
xdut_min.xsoftstart.xrtail_ss.21        0.984158
xdut_min.xsoftstart.cn                0.152132
xdut_min.xsoftstart.co                 0.15214
xdut_min.xsoftstart.lp              1.9693e-05
xdut_min.xsoftstart.clg            7.74125e-10
xdut_min.xsoftstart.xrl2_ss.11     8.82492e-10
xdut_min.xsoftstart.xrl2_ss.21     1.96929e-05
n_esr_min                          3.30103e-05
vin_short                                 2.97
vout_short                         5.50206e-11
loop_short                                2.97
xdut_short.fb                      3.66804e-11
xdut_short.vref                            1.2
xdut_short.xerramp.nbias           8.11673e-10
xdut_short.xerramp.xrbias.11       1.09926e-09
xdut_short.xerramp.xrbias.21       3.41381e-06
xdut_short.xerramp.rbt              3.4141e-06
xdut_short.xerramp.tail               0.789501
xdut_short.xerramp.nd                     2.97
xdut_short.xerramp.n1                     2.97
xdut_short.xerramp.nz                     2.97
xdut_short.xerramp.xrz.11                 2.97
xdut_short.xerramp.xrz.21                 2.97
xdut_short.xerramp.enb                    2.97
xdut_short.xilimit.isns            2.85707e-10
xdut_short.xilimit.xrsns.11        5.99863e-11
xdut_short.xilimit.xrsns.21        2.80742e-10
xdut_short.xilimit.pb                  2.68837
xdut_short.xilimit.vth             3.92092e-07
xdut_short.xilimit.xrref.11        1.97869e-10
xdut_short.xilimit.xrref.21        3.91949e-07
xdut_short.xilimit.bt                      1.2
xdut_short.xilimit.bb                      1.2
xdut_short.xilimit.xrbias.11               1.2
xdut_short.xilimit.xrbias.21               1.2
xdut_short.xilimit.cn                 0.152071
xdut_short.xilimit.tail               0.984058
xdut_short.xilimit.co              7.33883e-10
xdut_short.xilimit.xrtail.11          0.984058
xdut_short.xilimit.xrtail.21          0.984059
xdut_short.xilimit.tailp              0.984059
xdut_short.xilimit.enb                    2.97
xdut_short.xilimit.clg                    2.97
xdut_short.xilimit.xrl2.11                2.97
xdut_short.xilimit.xrl2.21                2.97
xdut_short.xsoftstart.bt                   1.2
xdut_short.xsoftstart.bb                   1.2
xdut_short.xsoftstart.xrss_bias.11             1.2
xdut_short.xsoftstart.xrss_bias.21             1.2
xdut_short.xsoftstart.ssr          1.32053e-08
xdut_short.xsoftstart.enb                 2.97
xdut_short.xsoftstart.tailp           0.984132
xdut_short.xsoftstart.tail            0.984128
xdut_short.xsoftstart.xrtail_ss.11        0.984128
xdut_short.xsoftstart.xrtail_ss.21        0.984132
xdut_short.xsoftstart.cn              0.152123
xdut_short.xsoftstart.co              0.152123
xdut_short.xsoftstart.lp            1.9693e-05
xdut_short.xsoftstart.clg          7.74125e-10
xdut_short.xsoftstart.xrl2_ss.11     8.82492e-10
xdut_short.xsoftstart.xrl2_ss.21     1.96929e-05
n_esr_short                        5.50206e-11
v.xdut_short.xsoftstart.vbsense_ss#branch     1.34256e-12
v.xdut_short.xilimit.vbsense#branch     1.34256e-12
v.xdut_min.xsoftstart.vbsense_ss#branch     1.34256e-12
v.xdut_min.xilimit.vbsense#branch     1.34256e-12
v.xdut_full.xsoftstart.vbsense_ss#branch     1.34256e-12
v.xdut_full.xilimit.vbsense#branch     1.34256e-12
v.xdut_short.vref1#branch         -2.68513e-12
vamm_short#branch                  1.16337e-10
v.xdut_min.vref1#branch           -2.68513e-12
v.xdut_full.vref1#branch          -2.68513e-12
ven#branch                                   0
vsup#branch                       -3.49174e-10

 Reference value :  0.00000e+00
 Reference value :  1.70398e-05
 Reference value :  1.58040e-04
 Reference value :  2.84040e-04
 Reference value :  3.95846e-04
 Reference value :  5.28846e-04
 Reference value :  6.54846e-04
 Reference value :  7.85846e-04
 Reference value :  9.13846e-04
 Reference value :  1.04485e-03
 Reference value :  1.18085e-03
 Reference value :  1.31485e-03
 Reference value :  1.44385e-03
 Reference value :  1.57385e-03
 Reference value :  1.70385e-03
 Reference value :  1.83585e-03
 Reference value :  1.96185e-03
 Reference value :  2.08985e-03
 Reference value :  2.21885e-03
 Reference value :  2.35185e-03
 Reference value :  2.47985e-03
 Reference value :  2.61385e-03
 Reference value :  2.74385e-03
 Reference value :  2.87185e-03
 Reference value :  3.00085e-03
 Reference value :  3.12885e-03
 Reference value :  3.25885e-03
 Reference value :  3.39385e-03
 Reference value :  3.52685e-03
 Reference value :  3.65485e-03
 Reference value :  3.79385e-03
 Reference value :  3.92872e-03
 Reference value :  4.07972e-03
 Reference value :  4.23072e-03
 Reference value :  4.38572e-03
 Reference value :  4.53272e-03
 Reference value :  4.68272e-03
 Reference value :  4.83372e-03
 Reference value :  4.98572e-03
 Reference value :  5.13672e-03
 Reference value :  5.28972e-03
 Reference value :  5.44272e-03
 Reference value :  5.59372e-03
 Reference value :  5.74272e-03
 Reference value :  5.89572e-03
No. of Data Rows : 6078
t_settle_full       =  3.71944e-03
vpeak_full          =  1.80986e+00 at=  3.80185e-03
t_settle_min        =  3.80684e-03
vpeak_min           =  1.82601e+00 at=  3.83485e-03
vpeak_short         =  7.53650e-02 at=  4.10072e-03
vfinal_short        =  7.53650e-02
ipeak_short         =  7.92053e-02 at=  3.75040e-04
m_tsettle_full_ms = 3.7184390000e+00
m_overshoot_full_mv = -2.614000000e+01
m_tsettle_min_ms = 3.8058400000e+00
m_overshoot_min_mv = -9.986000000e+00
m_vfinal_short_v = 7.5365010000e-02
m_ipeak_short_ma = 7.9205340000e+01
Note: Simulation executed from .control section 

Warning: m=xx on .subckt line will override multiplier m hierarchy!

