Warning: m=xx on .subckt line will override multiplier m hierarchy!


Note: Compatibility modes selected: hs a


Circuit: * soft-start -- controlled output ramp at enable, for ldo_core with

Doing analysis at TEMP = 27.000000 and TNOM = 27.000000

Using SPARSE 1.3 as Direct Linear Solver

Initial Transient Solution
--------------------------

Node                                   Voltage
----                                   -------
vin                                        3.3
en                                           0
vref                                       1.2
vout                               5.56934e-09
pg                                         3.3
xdut.fb                            1.49843e-06
xdut.xerramp.nbias                 1.05554e-09
xdut.xerramp.xrbias.11             1.45006e-09
xdut.xerramp.xrbias.21             5.61943e-06
xdut.xerramp.rbt                   5.61982e-06
xdut.xerramp.tail                     0.789692
xdut.xerramp.nd                            3.3
xdut.xerramp.n1                            3.3
xdut.xerramp.nz                            3.3
xdut.xerramp.xrz.11                        3.3
xdut.xerramp.xrz.21                        3.3
eout                                       3.3
xdut.bg                                    3.3
xdut.xerramp.nrza                          3.3
xdut.xerramp.xrza.11                       3.3
xdut.xerramp.xrza.21                       3.3
xdut.xerramp.nf                            3.3
xdut.xerramp.nbp                           3.3
xdut.xerramp.xrbufb.11                     3.3
xdut.xerramp.xrbufb.21                     3.3
xdut.xerramp.enb                           3.3
xdut.xilimit.isns                  6.02017e-09
xdut.xilimit.xrsns.11              5.57748e-09
xdut.xilimit.xrsns.21              6.01202e-09
xdut.xilimit.pb                        3.01836
xdut.xilimit.vth                   5.55884e-07
xdut.xilimit.xrref.11              5.72978e-09
xdut.xilimit.xrref.21              5.55723e-07
xdut.xilimit.bt                            1.2
xdut.xilimit.bb                            1.2
xdut.xilimit.xrbias.11                     1.2
xdut.xilimit.xrbias.21                     1.2
xdut.xilimit.cn                       0.156416
xdut.xilimit.tail                      1.05399
xdut.xilimit.co                    7.82269e-10
xdut.xilimit.xrtail.11                 1.05399
xdut.xilimit.xrtail.21                 1.05399
xdut.xilimit.tailp                     1.05399
xdut.xilimit.enb                           3.3
xdut.xilimit.clg                           3.3
xdut.xilimit.xrl2.11                       3.3
xdut.xilimit.xrl2.21                       3.3
xdut.xsoftstart.bt                         1.2
xdut.xsoftstart.bb                     1.19999
xdut.xsoftstart.xrss_bias.11           1.19999
xdut.xsoftstart.xrss_bias.21               1.2
xdut.xsoftstart.ssr                1.36649e-08
xdut.xsoftstart.sd                         3.3
xdut.xsoftstart.gmsa                       3.3
xdut.xsoftstart.gmia                       3.3
xdut.xsoftstart.gmvss                  2.42442
xdut.xsoftstart.gmsb                       3.3
xdut.xsoftstart.gmsum                      3.3
xdut.xsoftstart.fbp                    1.20003
xdut.xsoftstart.hg                           0
xdut.xsoftstart.enb                        3.3
xdut.xsoftstart.xrh_ss.11                    0
xdut.xsoftstart.xrh_ss.21                    0
xdut.xsoftstart.xrr_ss.11                  3.3
xdut.xsoftstart.xrr_ss.21                  3.3
n_esr                              5.56934e-09
n_cap                                        0
ln                                           0
v.xdut.xsoftstart.vbsense_ss#branch     1.34256e-12
v.xdut.xilimit.vbsense#branch      1.34256e-12
vlmeas#branch                      1.54704e-10
vcmeas#branch                                0
vloop#branch                       1.02972e-11
vref#branch                        3.63007e-12
ven#branch                                   0
vin#branch                         -2.4086e-10

 Reference value :  1.65984e-04 Reference value :  8.49019e-04 Reference value :  1.64802e-03 Reference value :  2.12502e-03 Reference value :  2.58602e-03 Reference value :  3.03902e-03 Reference value :  3.51902e-03 Reference value :  3.95602e-03 Reference value :  4.41502e-03 Reference value :  4.82002e-03 Reference value :  5.25002e-03 Reference value :  5.70602e-03 Reference value :  6.16802e-03 Reference value :  6.63902e-03 Reference value :  7.11302e-03 Reference value :  7.60602e-03 Reference value :  8.17488e-03 Reference value :  8.95188e-03ft_polyfit @ 8056 failed
ft_polyfit @ 8057 failed

No. of Data Rows : 9076
m_t_v04             =  4.70768e-04
m_t_v14             =  1.14489e-03
m_t_startup         =  1.37718e-03 targ=  1.47761e-03 trig=  1.00424e-04
m_vout_max_en       =  1.79938e+00 at=  6.74902e-03
m_vout_settled      =  1.79938e+00
m_icap_peak_ma      =  4.19212e+00 at=  2.44019e-04
m_isup_peak_ma      =  5.00000e+01 at=  1.64302e-03
m_dvout_max         =  3.79310e+00 at=  2.44019e-04
m_dvout_min         =  -6.46617e-07 at=  2.34984e-04
m_ssr_end           =  2.26100e+00
m_hg_end            =  3.30000e+00
m_vout_pp_late      =  4.21982e-08 from=  7.50000e-03 to=  7.90000e-03
m_vout_off_tran     =  -8.63176e-09
m_pg_off_tran       =  3.30008e+00
m_ssr_off_tran      =  1.30729e-08
m_hg_off_tran       =  1.72778e-05
Note: Simulation executed from .control section 
