
Note: Compatibility modes selected: hs a


Circuit: * psrr-dc @ res_ss_125c_3.30v -- generated by sim/harness, do not edit

Doing analysis at TEMP = 125.000000 and TNOM = 27.000000

Using SPARSE 1.3 as Direct Linear Solver
 Reference value :  0.00000e+00
No. of Data Rows : 1
Doing analysis at TEMP = 125.000000 and TNOM = 27.000000

Using SPARSE 1.3 as Direct Linear Solver

No. of Data Rows : 121
gpsr10_db           =  2.02616e+01
gpsr100_db          =  3.13553e+00
gpsr1k_db           =  -1.40469e-01
gpsr10k_db          =  -1.89923e-01
gpsr100k_db         =  -2.14786e-01
adiff1k_db          =  5.96627e+01
adiff10k_db         =  3.96625e+01
adiff100k_db        =  1.96484e+01
Doing analysis at TEMP = 125.000000 and TNOM = 27.000000

Using SPARSE 1.3 as Direct Linear Solver

No. of Data Rows : 1
m_gpsr_1k_vv = 9.8395796423e-01
m_gpsr_1k_db = -1.404691000e-01
m_gpsr_100k_db = -2.147863000e-01
m_adiff_1k_db = 5.9662660000e+01
m_adiff_100k_db = 1.9648410000e+01
m_psrr_amp_1k_db = 5.9803129100e+01
m_psrr_ldo_1k_db = 5.6140834819e+01
m_psrr_ldo_10k_db = 3.6140714819e+01
m_psrr_ldo_1k_tracking_db = 7.5639948631e+01
Note: Simulation executed from .control section 

Warning: m=xx on .subckt line will override multiplier m hierarchy!

Note: Starting dynamic gmin stepping
Note: Dynamic gmin stepping completed
Note: Starting dynamic gmin stepping
Note: Dynamic gmin stepping completed
Note: Starting dynamic gmin stepping
Note: Dynamic gmin stepping completed
