
Note: Compatibility modes selected: hs a


Circuit: * psrr-dc @ res_ff_-40c_3.30v -- generated by sim/harness, do not edit

Doing analysis at TEMP = -40.000000 and TNOM = 27.000000

Using SPARSE 1.3 as Direct Linear Solver
 Reference value :  0.00000e+00
No. of Data Rows : 1
Doing analysis at TEMP = -40.000000 and TNOM = 27.000000

Using SPARSE 1.3 as Direct Linear Solver

No. of Data Rows : 121
gpsr10_db           =  1.95410e+01
gpsr100_db          =  3.66269e+00
gpsr1k_db           =  1.53289e+00
gpsr10k_db          =  1.80370e+00
gpsr100k_db         =  7.47169e+00
adiff1k_db          =  6.04734e+01
adiff10k_db         =  4.59458e+01
adiff100k_db        =  4.35542e+01
Doing analysis at TEMP = -40.000000 and TNOM = 27.000000

Using SPARSE 1.3 as Direct Linear Solver

No. of Data Rows : 1
m_gpsr_1k_vv = 1.1930115083e+00
m_gpsr_1k_db = 1.5328930000e+00
m_gpsr_100k_db = 7.4716870000e+00
m_adiff_1k_db = 6.0473410000e+01
m_adiff_100k_db = 4.3554210000e+01
m_psrr_amp_1k_db = 5.8940517000e+01
m_psrr_ldo_1k_db = 5.6951584819e+01
m_psrr_ldo_10k_db = 4.2423954819e+01
m_psrr_ldo_1k_tracking_db = 7.0741291821e+01
Note: Simulation executed from .control section 

Warning: m=xx on .subckt line will override multiplier m hierarchy!

Note: Starting dynamic gmin stepping
Note: Dynamic gmin stepping completed
Note: Starting dynamic gmin stepping
Note: Dynamic gmin stepping completed
Note: Starting dynamic gmin stepping
Note: Dynamic gmin stepping completed
