
Note: Compatibility modes selected: hs a


Circuit: * psrr-dc @ fs_27c_3.30v -- generated by sim/harness, do not edit

Doing analysis at TEMP = 27.000000 and TNOM = 27.000000

Using SPARSE 1.3 as Direct Linear Solver
 Reference value :  0.00000e+00
No. of Data Rows : 1
Doing analysis at TEMP = 27.000000 and TNOM = 27.000000

Using SPARSE 1.3 as Direct Linear Solver

No. of Data Rows : 121
gpsr10_db           =  1.72050e+01
gpsr100_db          =  1.79821e+00
gpsr1k_db           =  -1.20810e-01
gpsr10k_db          =  -1.45134e-01
gpsr100k_db         =  -1.56612e-01
adiff1k_db          =  6.23555e+01
adiff10k_db         =  4.23555e+01
adiff100k_db        =  2.23534e+01
Doing analysis at TEMP = 27.000000 and TNOM = 27.000000

Using SPARSE 1.3 as Direct Linear Solver

No. of Data Rows : 1
m_gpsr_1k_vv = 9.8618756028e-01
m_gpsr_1k_db = -1.208096000e-01
m_gpsr_100k_db = -1.566121000e-01
m_adiff_1k_db = 6.2355490000e+01
m_adiff_100k_db = 2.2353360000e+01
m_psrr_amp_1k_db = 6.2476299600e+01
m_psrr_ldo_1k_db = 5.8833664819e+01
m_psrr_ldo_10k_db = 3.8833674819e+01
m_psrr_ldo_1k_tracking_db = 8.1446134471e+01
Note: Simulation executed from .control section 

Warning: m=xx on .subckt line will override multiplier m hierarchy!

Note: Starting dynamic gmin stepping
Note: Dynamic gmin stepping completed
Note: Starting dynamic gmin stepping
Note: Dynamic gmin stepping completed
Note: Starting dynamic gmin stepping
Note: Dynamic gmin stepping completed
