
Note: Compatibility modes selected: hs a


Circuit: * psrr-dc @ res_ff_125c_3.63v -- generated by sim/harness, do not edit

Doing analysis at TEMP = 125.000000 and TNOM = 27.000000

Using SPARSE 1.3 as Direct Linear Solver
 Reference value :  0.00000e+00
No. of Data Rows : 1
Doing analysis at TEMP = 125.000000 and TNOM = 27.000000

Using SPARSE 1.3 as Direct Linear Solver

No. of Data Rows : 121
gpsr10_db           =  3.41189e+01
gpsr100_db          =  1.47864e+01
gpsr1k_db           =  9.79755e-01
gpsr10k_db          =  -1.58561e-01
gpsr100k_db         =  -1.81938e-01
adiff1k_db          =  6.34401e+01
adiff10k_db         =  4.34401e+01
adiff100k_db        =  2.34337e+01
Doing analysis at TEMP = 125.000000 and TNOM = 27.000000

Using SPARSE 1.3 as Direct Linear Solver

No. of Data Rows : 1
m_gpsr_1k_vv = 1.1194062862e+00
m_gpsr_1k_db = 9.7975480000e-01
m_gpsr_100k_db = -1.819379000e-01
m_adiff_1k_db = 6.3440150000e+01
m_adiff_100k_db = 2.3433700000e+01
m_psrr_amp_1k_db = 6.2460395200e+01
m_psrr_ldo_1k_db = 5.9918324819e+01
m_psrr_ldo_10k_db = 3.9918314819e+01
m_psrr_ldo_1k_tracking_db = 6.5310295514e+01
Note: Simulation executed from .control section 

Warning: m=xx on .subckt line will override multiplier m hierarchy!

Note: Starting dynamic gmin stepping
Note: Dynamic gmin stepping completed
Note: Starting dynamic gmin stepping
Note: Dynamic gmin stepping completed
Note: Starting dynamic gmin stepping
Note: Dynamic gmin stepping completed
