
Note: Compatibility modes selected: hs a


Circuit: * psrr-dc @ ss_27c_3.63v -- generated by sim/harness, do not edit

Doing analysis at TEMP = 27.000000 and TNOM = 27.000000

Using SPARSE 1.3 as Direct Linear Solver

No. of Data Rows : 1
Doing analysis at TEMP = 27.000000 and TNOM = 27.000000

Using SPARSE 1.3 as Direct Linear Solver

No. of Data Rows : 121
gpsr10_db           =  2.66321e+01
gpsr100_db          =  7.61973e+00
gpsr1k_db           =  6.94384e-02
gpsr10k_db          =  -1.39355e-01
gpsr100k_db         =  -1.54036e-01
adiff1k_db          =  6.02803e+01
adiff10k_db         =  4.02804e+01
adiff100k_db        =  2.02868e+01
Doing analysis at TEMP = 27.000000 and TNOM = 27.000000

Using SPARSE 1.3 as Direct Linear Solver
 Reference value :  1.00000e+03
No. of Data Rows : 1
m_gpsr_1k_vv = 1.0080264591e+00
m_gpsr_1k_db = 6.9438400000e-02
m_gpsr_100k_db = -1.540361000e-01
m_adiff_1k_db = 6.0280300000e+01
m_adiff_100k_db = 2.0286770000e+01
m_psrr_amp_1k_db = 6.0210861600e+01
m_psrr_ldo_1k_db = 5.6758474819e+01
m_psrr_ldo_10k_db = 3.6758554819e+01
m_psrr_ldo_1k_tracking_db = 6.9967762055e+01
Note: Simulation executed from .control section 

Warning: m=xx on .subckt line will override multiplier m hierarchy!

