
Note: No compatibility mode selected!


Circuit: * klt sim -- generated corner deck, do not edit

Doing analysis at TEMP = 27.000000 and TNOM = 27.000000

Using SPARSE 1.3 as Direct Linear Solver
Note: Starting dynamic gmin stepping
Warning: Dynamic gmin stepping failed
Note: Starting true gmin stepping
Note: True gmin stepping completed

Initial Transient Solution
--------------------------

Node                                   Voltage
----                                   -------
vin                                       2.97
en                                        2.97
vref                                         0
vout                                0.00342809
pg                                     2.37537
xdut.fb                              0.0023031
xdut.xerramp.nbias                    0.762196
xdut.xerramp.xrbias.11                0.762351
xdut.xerramp.xrbias.21                 2.96913
xdut.xerramp.rbt                       2.96928
xdut.xerramp.tail                  7.65749e-09
xdut.xerramp.nd                        2.60862
xdut.xerramp.n1                        2.60842
xdut.xerramp.nz                        2.60842
xdut.xerramp.xrz.11                    2.60842
xdut.xerramp.xrz.21                    2.60842
eout                                   2.37537
xdut.bg                                 1.6128
xdut.xerramp.nrza                      2.60842
xdut.xerramp.xrza.11                   2.60842
xdut.xerramp.xrza.21                   2.60842
xdut.xerramp.nf                        2.11061
xdut.xerramp.nbp                       2.60842
xdut.xerramp.xrbufb.11                 2.60842
xdut.xerramp.xrbufb.21                 2.60842
xdut.xerramp.enb                   3.82351e-09
xdut.xilimit.isns                   0.00358348
xdut.xilimit.xrsns.11                0.0034309
xdut.xilimit.xrsns.21               0.00358067
xdut.xilimit.pb                        2.63126
xdut.xilimit.vth                    0.00342906
xdut.xilimit.xrref.11               0.00342809
xdut.xilimit.xrref.21               0.00342906
xdut.xilimit.pb_acqcv                  2.63126
xdut.xilimit.vg                     0.00351451
xdut.xilimit.vx                    7.91556e-08
xdut.xilimit.vtl                       1.08016
xdut.xilimit.vo1                      0.254873
xdut.xilimit.vd1                       0.25495
xdut.xilimit.vsu                             0
xdut.xilimit.pb_acqst                  2.63126
xdut.xilimit.bb                     7.0362e-12
xdut.xilimit.xrbias.11             8.97111e-12
xdut.xilimit.xrbias.21             7.91537e-08
xdut.xilimit.vx_acqrb              7.91556e-08
xdut.xilimit.cn                       0.617366
xdut.xilimit.tail                      1.36116
xdut.xilimit.co                       0.643573
xdut.xilimit.xrtail.11                 1.36126
xdut.xilimit.xrtail.21                 2.96772
xdut.xilimit.tailp                     2.96781
xdut.xilimit.enb                   3.82351e-09
xdut.xilimit.clg                       2.18962
xdut.xilimit.xrl2.11                   2.18967
xdut.xilimit.xrl2.21                   2.96995
xdut.xsoftstart.pb_ss_acqcv            2.93878
xdut.xsoftstart.vg_ss                 0.189144
xdut.xsoftstart.vx_ss              3.94482e-05
xdut.xsoftstart.vtl_ss                 1.13431
xdut.xsoftstart.pb_ss                  2.93878
xdut.xsoftstart.vo1_ss                0.321138
xdut.xsoftstart.vd1_ss                0.313125
xdut.xsoftstart.vsu_ss                       0
xdut.xsoftstart.pb_ss_acqst            2.93878
xdut.xsoftstart.bb                 1.23171e-09
xdut.xsoftstart.ssr                    1.10587
xdut.xsoftstart.xrss_bias.11         1.579e-09
xdut.xsoftstart.xrss_bias.21       3.94478e-05
xdut.xsoftstart.vx_ss_acqrb        3.94482e-05
xdut.xsoftstart.sd                 3.82351e-09
xdut.xsoftstart.gmsa                   2.13085
xdut.xsoftstart.gmia                  0.771801
xdut.xsoftstart.gmvss                0.0010502
xdut.xsoftstart.gmsb                   2.09132
xdut.xsoftstart.gmsum                  2.06566
xdut.xsoftstart.gmrm                   2.51783
xdut.xsoftstart.gmod                   2.51439
xdut.xsoftstart.fbp                    0.94558
xdut.xsoftstart.hg                        2.97
xdut.xsoftstart.enb                3.82351e-09
xdut.xsoftstart.xrh_ss.11                 2.97
xdut.xsoftstart.xrh_ss.21                 2.97
xdut.xsoftstart.xrr_ss.11          3.82351e-09
xdut.xsoftstart.xrr_ss.21          3.82351e-09
acq_il_w1                               -1.188
acq_ss_w1                             -1.18796
n_esr                               0.00342809
bacq_ss_w1#branch                            0
bacq_il_w1#branch                            0
een#branch                        -5.53724e-15
vloop#branch                       5.64189e-06
v.xdut.xsoftstart.vacq_rb#branch      1.0076e-11
v.xdut.xsoftstart.vacq_st#branch     2.93987e-12
v.xdut.xsoftstart.vacq_cv#branch     1.31024e-11
v.xdut.xilimit.vacq_rb#branch      5.61382e-14
v.xdut.xilimit.vacq_st#branch      2.63256e-12
v.xdut.xilimit.vacq_cv#branch      2.68906e-12
vref#branch                        3.14161e-12
vin#branch                          -0.0001165


No. of Data Rows : 5718

  Measurements for Transient Analysis

w1_il_vx_end        =  1.19999e+00
w1_il_bb_end        =  1.04024e-04
w1_il_pb_end        =  2.11851e+00
w1_il_vg_end        =  2.19202e+00
w1_il_vsu_end       =  6.28338e-08
w1_il_icv_end       =  8.51056e-07
w1_il_irb_end       =  8.51052e-07
w1_il_ist_end       =  2.13800e-12
w1_il_vx_setmax     =  1.19999e+00 at=  2.44271e-04
w1_il_vx_setmin     =  1.19999e+00 at=  2.50971e-04
w1_il_vx_winmin     =  2.38876e-06 at=  2.00050e-05
w1_il_ist_peak      =  7.22705e-07 at=  1.01041e-04
w1_il_t99           =   1.21048e-04
w1_ss_vx_end        =  1.19999e+00
w1_ss_bb_end        =  3.74632e-05
w1_ss_pb_end        =  2.30432e+00
w1_ss_vg_end        =  2.14836e+00
w1_ss_vsu_end       =  6.28332e-08
w1_ss_icv_end       =  3.06510e-07
w1_ss_irb_end       =  3.06506e-07
w1_ss_ist_end       =  2.30562e-12
w1_ss_vx_setmax     =  1.19999e+00 at=  2.55371e-04
w1_ss_vx_setmin     =  1.19999e+00 at=  2.35471e-04
w1_ss_vx_winmin     =  4.09975e-05 at=  2.00050e-05
w1_ss_ist_peak      =  1.08415e-06 at=  1.07078e-04
w1_ss_t99           =   1.54265e-04
w1_vref_end         =  1.20000e+00

ngspice-46 done
