
Note: No compatibility mode selected!


Circuit: * klt sim -- generated corner deck, do not edit

Doing analysis at TEMP = 125.000000 and TNOM = 27.000000

Using SPARSE 1.3 as Direct Linear Solver
Note: Starting dynamic gmin stepping
Note: Dynamic gmin stepping completed

Initial Transient Solution
--------------------------

Node                                   Voltage
----                                   -------
vin                                        3.3
en                                         3.3
vref                                         0
vout                               2.33987e-05
pg                                     3.29993
xdut.fb                               0.152204
xdut.xerramp.nbias                    0.813161
xdut.xerramp.xrbias.11                0.813305
xdut.xerramp.xrbias.21                 3.29875
xdut.xerramp.rbt                        3.2989
xdut.xerramp.tail                  1.22936e-06
xdut.xerramp.nd                        3.22314
xdut.xerramp.n1                     0.00282854
xdut.xerramp.nz                     0.00282862
xdut.xerramp.xrz.11                 0.00282862
xdut.xerramp.xrz.21                 0.00282854
eout                                   3.29993
xdut.bg                                 3.2995
xdut.xerramp.nrza                   0.00282862
xdut.xerramp.xrza.11                0.00282862
xdut.xerramp.xrza.21                0.00282862
xdut.xerramp.nf                        1.65116
xdut.xerramp.nbp                    0.00282854
xdut.xerramp.xrbufb.11              0.00282854
xdut.xerramp.xrbufb.21              0.00282854
xdut.xerramp.enb                   2.65042e-08
xdut.xilimit.isns                  2.35931e-05
xdut.xilimit.xrsns.11              2.34024e-05
xdut.xilimit.xrsns.21              2.35895e-05
xdut.xilimit.pb                         3.2454
xdut.xilimit.vth                   2.51288e-05
xdut.xilimit.xrref.11              2.33993e-05
xdut.xilimit.xrref.21              2.51282e-05
xdut.xilimit.pb_acqcv                   3.2454
xdut.xilimit.vg                     0.00526751
xdut.xilimit.vx                    6.84859e-06
xdut.xilimit.vtl                      0.907174
xdut.xilimit.vo1                      0.130604
xdut.xilimit.vd1                      0.130361
xdut.xilimit.vsu                             0
xdut.xilimit.pb_acqst                   3.2454
xdut.xilimit.bb                    1.13786e-09
xdut.xilimit.xrbias.11              1.3121e-09
xdut.xilimit.xrbias.21             6.84842e-06
xdut.xilimit.vx_acqrb              6.84859e-06
xdut.xilimit.cn                       0.621918
xdut.xilimit.tail                      1.28981
xdut.xilimit.co                       0.621587
xdut.xilimit.xrtail.11                 1.28993
xdut.xilimit.xrtail.21                 3.29572
xdut.xilimit.tailp                     3.29584
xdut.xilimit.enb                   2.65042e-08
xdut.xilimit.clg                       2.74543
xdut.xilimit.xrl2.11                   2.74546
xdut.xilimit.xrl2.21                   3.29997
xdut.xsoftstart.pb_ss_acqcv            3.29306
xdut.xsoftstart.vg_ss                0.0631547
xdut.xsoftstart.vx_ss              6.37398e-05
xdut.xsoftstart.vtl_ss                0.977282
xdut.xsoftstart.pb_ss                  3.29306
xdut.xsoftstart.vo1_ss                0.220117
xdut.xsoftstart.vd1_ss                0.207753
xdut.xsoftstart.vsu_ss            1.46892e-122
xdut.xsoftstart.pb_ss_acqst            3.29306
xdut.xsoftstart.bb                 3.75338e-09
xdut.xsoftstart.ssr                   0.939237
xdut.xsoftstart.xrss_bias.11       4.33744e-09
xdut.xsoftstart.xrss_bias.21       6.37392e-05
xdut.xsoftstart.vx_ss_acqrb        6.37398e-05
xdut.xsoftstart.sd                 2.65042e-08
xdut.xsoftstart.gmsa                   1.89563
xdut.xsoftstart.gmia                  0.829967
xdut.xsoftstart.gmvss               0.00228075
xdut.xsoftstart.gmsb                   2.00742
xdut.xsoftstart.gmsum                  1.96185
xdut.xsoftstart.gmrm                   2.63093
xdut.xsoftstart.gmod                   2.62815
xdut.xsoftstart.fbp                   0.735174
xdut.xsoftstart.hg                         3.3
xdut.xsoftstart.enb                2.65042e-08
xdut.xsoftstart.xrh_ss.11                  3.3
xdut.xsoftstart.xrh_ss.21                  3.3
xdut.xsoftstart.xrr_ss.11          2.65042e-08
xdut.xsoftstart.xrr_ss.21          2.65042e-08
acq_il_w1                             -1.18799
acq_ss_w1                             -1.18794
n_esr                              2.33987e-05
bacq_ss_w1#branch                            0
bacq_il_w1#branch                            0
een#branch                        -6.13398e-15
vloop#branch                       7.14877e-09
v.xdut.xsoftstart.vacq_rb#branch     2.33013e-11
v.xdut.xsoftstart.vacq_st#branch     3.54783e-12
v.xdut.xsoftstart.vacq_cv#branch     2.77849e-11
v.xdut.xilimit.vacq_rb#branch      6.95125e-12
v.xdut.xilimit.vacq_st#branch      3.49942e-12
v.xdut.xilimit.vacq_cv#branch      1.10314e-11
vref#branch                        4.89323e-12
vin#branch                        -2.62307e-05


No. of Data Rows : 5794

  Measurements for Transient Analysis

w1_il_vx_end        =  1.20000e+00
w1_il_bb_end        =  1.94856e-04
w1_il_pb_end        =  2.60574e+00
w1_il_vg_end        =  2.20039e+00
w1_il_vsu_end       =  2.19881e-07
w1_il_icv_end       =  1.21800e-06
w1_il_irb_end       =  1.21800e-06
w1_il_ist_end       =  2.86508e-12
w1_il_vx_setmax     =  1.20000e+00 at=  2.55986e-04
w1_il_vx_setmin     =  1.20000e+00 at=  2.54586e-04
w1_il_vx_winmin     =  9.08328e-06 at=  2.00050e-05
w1_il_ist_peak      =  5.19069e-07 at=  9.98307e-05
w1_il_t99           =   1.20420e-04
w1_ss_vx_end        =  1.20000e+00
w1_ss_bb_end        =  7.01774e-05
w1_ss_pb_end        =  2.85173e+00
w1_ss_vg_end        =  2.14363e+00
w1_ss_vsu_end       =  2.19900e-07
w1_ss_icv_end       =  4.38693e-07
w1_ss_irb_end       =  4.38683e-07
w1_ss_ist_end       =  3.10216e-12
w1_ss_vx_setmax     =  1.20000e+00 at=  2.58636e-04
w1_ss_vx_setmin     =  1.20000e+00 at=  2.54286e-04
w1_ss_vx_winmin     =  6.52743e-05 at=  2.00050e-05
w1_ss_ist_peak      =  8.77530e-07 at=  1.09209e-04
w1_ss_t99           =   1.41512e-04
w1_vref_end         =  1.20000e+00

ngspice-46 done
