
Note: No compatibility mode selected!


Circuit: * klt sim -- generated corner deck, do not edit

Doing analysis at TEMP = -40.000000 and TNOM = 27.000000

Using SPARSE 1.3 as Direct Linear Solver
Note: Starting dynamic gmin stepping
Warning: Dynamic gmin stepping failed
Note: Starting true gmin stepping
Note: True gmin stepping completed

Initial Transient Solution
--------------------------

Node                                   Voltage
----                                   -------
vin                                        3.3
en                                         3.3
vref                                         0
vout                                 0.0035601
pg                                     2.47774
xdut.fb                             0.00237521
xdut.xerramp.nbias                    0.926379
xdut.xerramp.xrbias.11                0.926646
xdut.xerramp.xrbias.21                 3.29914
xdut.xerramp.rbt                        3.2994
xdut.xerramp.tail                  1.39961e-13
xdut.xerramp.nd                        2.66568
xdut.xerramp.n1                        2.67897
xdut.xerramp.nz                        2.67897
xdut.xerramp.xrz.11                    2.67897
xdut.xerramp.xrz.21                    2.67897
eout                                   2.47774
xdut.bg                                 1.5093
xdut.xerramp.nrza                      2.67897
xdut.xerramp.xrza.11                   2.67897
xdut.xerramp.xrza.21                   2.67897
xdut.xerramp.nf                        2.09414
xdut.xerramp.nbp                       2.67897
xdut.xerramp.xrbufb.11                 2.67897
xdut.xerramp.xrbufb.21                 2.67897
xdut.xerramp.enb                    3.5076e-09
xdut.xilimit.isns                   0.00372346
xdut.xilimit.xrsns.11               0.00356331
xdut.xilimit.xrsns.21               0.00372025
xdut.xilimit.pb                        2.67359
xdut.xilimit.vth                    0.00356121
xdut.xilimit.xrref.11                0.0035601
xdut.xilimit.xrref.21               0.00356121
xdut.xilimit.pb_acqcv                  2.67359
xdut.xilimit.vg                     0.00280466
xdut.xilimit.vx                    1.58283e-12
xdut.xilimit.vtl                       1.38931
xdut.xilimit.vo1                      0.508337
xdut.xilimit.vd1                      0.508607
xdut.xilimit.vsu                             0
xdut.xilimit.pb_acqst                  2.67359
xdut.xilimit.bb                    1.01089e-16
xdut.xilimit.xrbias.11             1.45531e-16
xdut.xilimit.xrbias.21             1.58279e-12
xdut.xilimit.vx_acqrb              1.58283e-12
xdut.xilimit.cn                       0.799579
xdut.xilimit.tail                      1.60653
xdut.xilimit.co                       0.828781
xdut.xilimit.xrtail.11                 1.60664
xdut.xilimit.xrtail.21                 3.29818
xdut.xilimit.tailp                      3.2983
xdut.xilimit.enb                    3.5076e-09
xdut.xilimit.clg                       2.31692
xdut.xilimit.xrl2.11                   2.31699
xdut.xilimit.xrl2.21                   3.29993
xdut.xsoftstart.pb_ss_acqcv            3.28068
xdut.xsoftstart.vg_ss                 0.425242
xdut.xsoftstart.vx_ss              1.41765e-05
xdut.xsoftstart.vtl_ss                 1.43196
xdut.xsoftstart.pb_ss                  3.28068
xdut.xsoftstart.vo1_ss                0.559053
xdut.xsoftstart.vd1_ss                0.555727
xdut.xsoftstart.vsu_ss                       0
xdut.xsoftstart.pb_ss_acqst            3.28068
xdut.xsoftstart.bb                 3.17789e-10
xdut.xsoftstart.ssr                    1.40647
xdut.xsoftstart.xrss_bias.11       4.61145e-10
xdut.xsoftstart.xrss_bias.21       1.41764e-05
xdut.xsoftstart.vx_ss_acqrb        1.41765e-05
xdut.xsoftstart.sd                  3.5076e-09
xdut.xsoftstart.gmsa                   2.58415
xdut.xsoftstart.gmia                  0.929113
xdut.xsoftstart.gmvss              0.000733236
xdut.xsoftstart.gmsb                   2.53384
xdut.xsoftstart.gmsum                  2.51763
xdut.xsoftstart.gmrm                   2.90928
xdut.xsoftstart.gmod                   1.65027
xdut.xsoftstart.fbp                    1.26766
xdut.xsoftstart.hg                         3.3
xdut.xsoftstart.enb                 3.5076e-09
xdut.xsoftstart.xrh_ss.11                  3.3
xdut.xsoftstart.xrh_ss.21                  3.3
xdut.xsoftstart.xrr_ss.11           3.5076e-09
xdut.xsoftstart.xrr_ss.21           3.5076e-09
acq_il_w1                               -1.188
acq_ss_w1                             -1.18799
n_esr                                0.0035601
bacq_ss_w1#branch                            0
bacq_il_w1#branch                            0
een#branch                        -6.14786e-15
vloop#branch                       5.49279e-06
v.xdut.xsoftstart.vacq_rb#branch     3.20985e-12
v.xdut.xsoftstart.vacq_st#branch     3.28093e-12
v.xdut.xsoftstart.vacq_cv#branch     6.55898e-12
v.xdut.xilimit.vacq_rb#branch      9.95106e-19
v.xdut.xilimit.vacq_st#branch      2.67297e-12
v.xdut.xilimit.vacq_cv#branch       2.6738e-12
vref#branch                        3.65742e-12
vin#branch                        -0.000118798


No. of Data Rows : 5655

  Measurements for Transient Analysis

w1_il_vx_end        =  1.19999e+00
w1_il_bb_end        =  7.46935e-05
w1_il_pb_end        =  2.26589e+00
w1_il_vg_end        =  2.38532e+00
w1_il_vsu_end       =  6.69583e-08
w1_il_icv_end       =  7.54422e-07
w1_il_irb_end       =  7.54421e-07
w1_il_ist_end       =  2.38329e-12
w1_il_vx_setmax     =  1.19999e+00 at=  2.36126e-04
w1_il_vx_setmin     =  1.19999e+00 at=  2.66876e-04
w1_il_vx_winmin     =  2.48035e-06 at=  2.00050e-05
w1_il_ist_peak      =  1.17185e-06 at=  1.20592e-04
w1_il_t99           =   1.35298e-04
w1_ss_vx_end        =  1.19998e+00
w1_ss_bb_end        =  2.68999e-05
w1_ss_pb_end        =  2.41582e+00
w1_ss_vg_end        =  2.34832e+00
w1_ss_vsu_end       =  6.69547e-08
w1_ss_icv_end       =  2.71704e-07
w1_ss_irb_end       =  2.71699e-07
w1_ss_ist_end       =  2.39593e-12
w1_ss_vx_setmax     =  1.19998e+00 at=  2.56976e-04
w1_ss_vx_setmin     =  1.19998e+00 at=  2.34126e-04
w1_ss_vx_winmin     =  1.58388e-05 at=  2.00050e-05
w1_ss_ist_peak      =  1.34175e-06 at=  1.23326e-04
w1_ss_t99           =   1.59037e-04
w1_vref_end         =  1.20000e+00

ngspice-46 done
