
Note: Compatibility modes selected: hs a


Circuit: * load-transient @ tt_-40c_2.97v -- generated by sim/harness, do not edit

Doing analysis at TEMP = -40.000000 and TNOM = 27.000000

Using SPARSE 1.3 as Direct Linear Solver

Initial Transient Solution
--------------------------

Node                                   Voltage
----                                   -------
vin                                       2.97
vout                                   1.79955
loop                                    2.1342
xdut.fb                                 1.1997
xdut.vref                                  1.2
xdut.xerramp.nbias                    0.819874
xdut.xerramp.xrbias.11                0.820165
xdut.xerramp.xrbias.21                 2.96907
xdut.xerramp.rbt                       2.96936
xdut.xerramp.tail                     0.381413
xdut.xerramp.nd                         1.9072
xdut.xerramp.n1                        2.12004
xdut.xerramp.nz                        2.12004
xdut.xerramp.xrz.11                    2.12004
xdut.xerramp.xrz.21                    2.12004
xdut.xerramp.enb                   3.01498e-09
xdut.xilimit.isns                      1.80094
xdut.xilimit.xrsns.11                  1.79959
xdut.xilimit.xrsns.21                  1.80091
xdut.xilimit.pb                        2.04882
xdut.xilimit.vth                       1.90039
xdut.xilimit.xrref.11                   1.7996
xdut.xilimit.xrref.21                  1.90035
xdut.xilimit.bt                            1.2
xdut.xilimit.bb                    9.09559e-05
xdut.xilimit.xrbias.11             0.000133072
xdut.xilimit.xrbias.21                 1.19996
xdut.xilimit.cn                       0.652076
xdut.xilimit.tail                      2.73096
xdut.xilimit.co                     0.00131394
xdut.xilimit.xrtail.11                 2.73098
xdut.xilimit.xrtail.21                 2.96969
xdut.xilimit.tailp                     2.96971
xdut.xilimit.enb                   3.01498e-09
xdut.xilimit.clg                          2.97
xdut.xilimit.xrl2.11                      2.97
xdut.xilimit.xrl2.21                      2.97
xdut.xsoftstart.bt                         1.2
xdut.xsoftstart.bb                 3.27571e-05
xdut.xsoftstart.xrss_bias.11       4.79252e-05
xdut.xsoftstart.xrss_bias.21           1.19998
xdut.xsoftstart.ssr                    2.25312
xdut.xsoftstart.enb                3.01498e-09
xdut.xsoftstart.tailp                  2.96979
xdut.xsoftstart.tail                   2.28835
xdut.xsoftstart.xrtail_ss.11           2.28837
xdut.xsoftstart.xrtail_ss.21           2.96978
xdut.xsoftstart.cn                    0.642565
xdut.xsoftstart.co                    0.302127
xdut.xsoftstart.lp                        2.97
xdut.xsoftstart.clg                    2.96995
xdut.xsoftstart.xrl2_ss.11             2.96995
xdut.xsoftstart.xrl2_ss.21                2.97
ilc                                      0.001
nload                                        0
n_esr                                  1.79955
v.xdut.xsoftstart.vbsense_ss#branch     3.39627e-07
v.xdut.xilimit.vbsense#branch      9.43007e-07
vlmeas#branch                            0.001
vilc#branch                                  0
v.xdut.vref1#branch               -1.28263e-06
vsup#branch                        -0.00101097

 Reference value :  0.00000e+00
 Reference value :  1.03056e-05
 Reference value :  2.00056e-05
 Reference value :  3.02656e-05
 Reference value :  4.02256e-05
 Reference value :  5.01500e-05
 Reference value :  5.99100e-05
 Reference value :  6.99759e-05
 Reference value :  7.98435e-05
 Reference value :  8.93814e-05
 Reference value :  9.93214e-05
 Reference value :  1.09295e-04
 Reference value :  1.19034e-04
 Reference value :  1.28994e-04
 Reference value :  1.38974e-04
 Reference value :  1.49058e-04
 Reference value :  1.58490e-04
 Reference value :  1.68330e-04
 Reference value :  1.77890e-04
 Reference value :  1.87710e-04
 Reference value :  1.98290e-04
 Reference value :  2.07890e-04
 Reference value :  2.18410e-04
 Reference value :  2.28430e-04
 Reference value :  2.38710e-04
 Reference value :  2.48870e-04
 Reference value :  2.58490e-04
 Reference value :  2.68690e-04
 Reference value :  2.78770e-04
 Reference value :  2.88650e-04
 Reference value :  2.98670e-04
 Reference value :  3.09510e-04
 Reference value :  3.19510e-04
 Reference value :  3.29750e-04
 Reference value :  3.40270e-04
 Reference value :  3.50270e-04
 Reference value :  3.60410e-04
 Reference value :  3.70130e-04
 Reference value :  3.80050e-04
 Reference value :  3.90230e-04
No. of Data Rows : 20045
vmin_load           =  1.37387e+00 at=  6.76300e-05
vmax_load           =  2.46007e+00 at=  1.55370e-04
vmin_line           =  2.25806e+00 at=  2.21990e-04
vmax_line           =  2.01523e+00 at=  3.02010e-04
iload_plateau       =  5.00000e-02 from=  1.00000e-04 to=  1.40018e-04
vout_min_global     =  1.23383e+00 at=  1.12055e-04
m_undershoot_mv = 4.2613300000e+02
m_overshoot_mv = 6.6006900000e+02
m_line_step_dev_lo_mv = -4.580590000e+02
m_line_step_dev_hi_mv = 2.1522900000e+02
m_iload_plateau_ma = 5.0000000000e+01
m_vout_min_global_v = 1.2338260000e+00
m_iload_err_max_ua = 6.9388939039e-12
Note: Simulation executed from .control section 

Warning: m=xx on .subckt line will override multiplier m hierarchy!

Note: Starting dynamic gmin stepping
Note: Dynamic gmin stepping completed
