
Note: Compatibility modes selected: hs a


Circuit: * load-transient @ tt_125c_2.97v -- generated by sim/harness, do not edit

Doing analysis at TEMP = 125.000000 and TNOM = 27.000000

Using SPARSE 1.3 as Direct Linear Solver

Initial Transient Solution
--------------------------

Node                                   Voltage
----                                   -------
vin                                       2.97
vout                                   1.79934
loop                                   2.33253
xdut.fb                                1.19956
xdut.vref                                  1.2
xdut.xerramp.nbias                    0.718055
xdut.xerramp.xrbias.11                0.718186
xdut.xerramp.xrbias.21                  2.9687
xdut.xerramp.rbt                       2.96883
xdut.xerramp.tail                     0.506613
xdut.xerramp.nd                        1.97057
xdut.xerramp.n1                        2.30358
xdut.xerramp.nz                        2.30358
xdut.xerramp.xrz.11                    2.30358
xdut.xerramp.xrz.21                    2.30358
xdut.xerramp.enb                   9.03047e-09
xdut.xilimit.isns                       1.8007
xdut.xilimit.xrsns.11                  1.79937
xdut.xilimit.xrsns.21                  1.80068
xdut.xilimit.pb                        2.18287
xdut.xilimit.vth                       1.90028
xdut.xilimit.xrref.11                  1.79937
xdut.xilimit.xrref.21                  1.90025
xdut.xilimit.bt                            1.2
xdut.xilimit.bb                    0.000196633
xdut.xilimit.xrbias.11             0.000227163
xdut.xilimit.xrbias.21                 1.19997
xdut.xilimit.cn                       0.474727
xdut.xilimit.tail                      2.60255
xdut.xilimit.co                      0.0077995
xdut.xilimit.xrtail.11                 2.60257
xdut.xilimit.xrtail.21                 2.96909
xdut.xilimit.tailp                     2.96911
xdut.xilimit.enb                   9.03047e-09
xdut.xilimit.clg                       2.96998
xdut.xilimit.xrl2.11                   2.96998
xdut.xilimit.xrl2.21                      2.97
xdut.xsoftstart.bt                         1.2
xdut.xsoftstart.bb                 7.08177e-05
xdut.xsoftstart.xrss_bias.11       8.18134e-05
xdut.xsoftstart.xrss_bias.21           1.19999
xdut.xsoftstart.ssr                    2.08262
xdut.xsoftstart.enb                9.03047e-09
xdut.xsoftstart.tailp                   2.9695
xdut.xsoftstart.tail                   2.14526
xdut.xsoftstart.xrtail_ss.11           2.14527
xdut.xsoftstart.xrtail_ss.21           2.96949
xdut.xsoftstart.cn                    0.452856
xdut.xsoftstart.co                  0.00286128
xdut.xsoftstart.lp                        2.97
xdut.xsoftstart.clg                    2.96946
xdut.xsoftstart.xrl2_ss.11             2.96946
xdut.xsoftstart.xrl2_ss.21                2.97
ilc                                      0.001
nload                                        0
n_esr                                  1.79934
v.xdut.xsoftstart.vbsense_ss#branch     4.38682e-07
v.xdut.xilimit.vbsense#branch      1.21799e-06
vlmeas#branch                            0.001
vilc#branch                                  0
v.xdut.vref1#branch               -1.65667e-06
vsup#branch                        -0.00101328

 Reference value :  0.00000e+00
 Reference value :  9.78560e-06
 Reference value :  2.01656e-05
 Reference value :  2.98856e-05
 Reference value :  3.92656e-05
 Reference value :  4.92256e-05
 Reference value :  5.87500e-05
 Reference value :  6.87300e-05
 Reference value :  7.88300e-05
 Reference value :  8.93100e-05
 Reference value :  9.92500e-05
 Reference value :  1.08970e-04
 Reference value :  1.20130e-04
 Reference value :  1.30690e-04
 Reference value :  1.40710e-04
 Reference value :  1.50470e-04
 Reference value :  1.60490e-04
 Reference value :  1.70570e-04
 Reference value :  1.81030e-04
 Reference value :  1.91610e-04
 Reference value :  2.01270e-04
 Reference value :  2.11050e-04
 Reference value :  2.21110e-04
 Reference value :  2.31310e-04
 Reference value :  2.41370e-04
 Reference value :  2.51230e-04
 Reference value :  2.61050e-04
 Reference value :  2.70790e-04
 Reference value :  2.80850e-04
 Reference value :  2.90810e-04
 Reference value :  3.00710e-04
 Reference value :  3.10870e-04
 Reference value :  3.21650e-04
 Reference value :  3.31750e-04
 Reference value :  3.42510e-04
 Reference value :  3.56070e-04
 Reference value :  3.66850e-04
 Reference value :  3.78890e-04
 Reference value :  3.89490e-04
No. of Data Rows : 20032
vmin_load           =  1.59156e+00 at=  5.25100e-05
vmax_load           =  2.28345e+00 at=  1.53390e-04
vmin_line           =  2.07557e+00 at=  2.21990e-04
vmax_line           =  1.83286e+00 at=  3.02010e-04
iload_plateau       =  5.00000e-02 from=  1.00000e-04 to=  1.40010e-04
vout_min_global     =  1.48588e+00 at=  8.23100e-05
m_undershoot_mv = 2.0844300000e+02
m_overshoot_mv = 4.8345000000e+02
m_line_step_dev_lo_mv = -2.755710000e+02
m_line_step_dev_hi_mv = 3.2860000000e+01
m_iload_plateau_ma = 5.0000000000e+01
m_vout_min_global_v = 1.4858810000e+00
m_iload_err_max_ua = 6.9388939039e-12
Note: Simulation executed from .control section 

Warning: m=xx on .subckt line will override multiplier m hierarchy!

Note: Starting dynamic gmin stepping
Note: Dynamic gmin stepping completed
