
Note: Compatibility modes selected: hs a


Circuit: * startup @ ff_27c_2.97v -- generated by sim/harness, do not edit

Doing analysis at TEMP = 27.000000 and TNOM = 27.000000

Using SPARSE 1.3 as Direct Linear Solver

Initial Transient Solution
--------------------------

Node                                   Voltage
----                                   -------
vin                                       2.97
en                                           0
vref                                       1.2
vout_full                            1.304e-08
loop_full                                 2.97
xdut_full.fb                       6.64332e-07
xdut_full.xerramp.nbias            8.29405e-10
xdut_full.xerramp.xrbias.11         1.1493e-09
xdut_full.xerramp.xrbias.21         3.0381e-06
xdut_full.xerramp.rbt              3.03842e-06
xdut_full.xerramp.tail                 0.87517
xdut_full.xerramp.nd                      2.97
xdut_full.xerramp.n1                      2.97
xdut_full.xerramp.nz                      2.97
xdut_full.xerramp.xrz.11                  2.97
xdut_full.xerramp.xrz.21                  2.97
xdut_full.bg                              2.97
xdut_full.xerramp.nrza                    2.97
xdut_full.xerramp.xrza.11                 2.97
xdut_full.xerramp.xrza.21                 2.97
xdut_full.xerramp.nf                      2.97
xdut_full.xerramp.nbp                     2.97
xdut_full.xerramp.xrbufb.11               2.97
xdut_full.xerramp.xrbufb.21               2.97
xdut_full.xerramp.enb                     2.97
xdut_full.xilimit.isns             1.35615e-08
xdut_full.xilimit.xrsns.11         1.30539e-08
xdut_full.xilimit.xrsns.21         1.35476e-08
xdut_full.xilimit.pb                   2.76166
xdut_full.xilimit.vth              4.93718e-07
xdut_full.xilimit.xrref.11         1.32735e-08
xdut_full.xilimit.xrref.21         4.93484e-07
xdut_full.xilimit.bt                       1.2
xdut_full.xilimit.bb                       1.2
xdut_full.xilimit.xrbias.11                1.2
xdut_full.xilimit.xrbias.21                1.2
xdut_full.xilimit.cn                   0.05422
xdut_full.xilimit.tail                0.864252
xdut_full.xilimit.co               6.97402e-10
xdut_full.xilimit.xrtail.11           0.864252
xdut_full.xilimit.xrtail.21           0.864253
xdut_full.xilimit.tailp               0.864253
xdut_full.xilimit.enb                     2.97
xdut_full.xilimit.clg                     2.97
xdut_full.xilimit.xrl2.11                 2.97
xdut_full.xilimit.xrl2.21                 2.97
xdut_full.xsoftstart.bt                    1.2
xdut_full.xsoftstart.bb                1.19999
xdut_full.xsoftstart.xrss_bias.11         1.19999
xdut_full.xsoftstart.xrss_bias.21             1.2
xdut_full.xsoftstart.ssr           1.20621e-08
xdut_full.xsoftstart.sd                   2.97
xdut_full.xsoftstart.fbp                   1.2
xdut_full.xsoftstart.hg                      0
xdut_full.xsoftstart.enb                  2.97
xdut_full.xsoftstart.xrh_ss.11               0
xdut_full.xsoftstart.xrh_ss.21               0
xdut_full.xsoftstart.xrr_ss.11            2.97
xdut_full.xsoftstart.xrr_ss.21            2.97
n_esr_full                           1.304e-08
vout_min                           0.000217291
loop_min                                  2.97
xdut_min.fb                        0.000145516
xdut_min.xerramp.nbias             8.29405e-10
xdut_min.xerramp.xrbias.11          1.1493e-09
xdut_min.xerramp.xrbias.21          3.0381e-06
xdut_min.xerramp.rbt               3.03842e-06
xdut_min.xerramp.tail                 0.875167
xdut_min.xerramp.nd                       2.97
xdut_min.xerramp.n1                       2.97
xdut_min.xerramp.nz                       2.97
xdut_min.xerramp.xrz.11                   2.97
xdut_min.xerramp.xrz.21                   2.97
xdut_min.bg                               2.97
xdut_min.xerramp.nrza                     2.97
xdut_min.xerramp.xrza.11                  2.97
xdut_min.xerramp.xrza.21                  2.97
xdut_min.xerramp.nf                       2.97
xdut_min.xerramp.nbp                      2.97
xdut_min.xerramp.xrbufb.11                2.97
xdut_min.xerramp.xrbufb.21                2.97
xdut_min.xerramp.enb                      2.97
xdut_min.xilimit.isns              0.000217292
xdut_min.xilimit.xrsns.11          0.000217291
xdut_min.xilimit.xrsns.21          0.000217292
xdut_min.xilimit.pb                    2.76166
xdut_min.xilimit.vth               0.000217772
xdut_min.xilimit.xrref.11          0.000217291
xdut_min.xilimit.xrref.21          0.000217772
xdut_min.xilimit.bt                        1.2
xdut_min.xilimit.bb                        1.2
xdut_min.xilimit.xrbias.11                 1.2
xdut_min.xilimit.xrbias.21                 1.2
xdut_min.xilimit.cn                   0.054218
xdut_min.xilimit.tail                 0.864422
xdut_min.xilimit.co                 6.9734e-10
xdut_min.xilimit.xrtail.11            0.864422
xdut_min.xilimit.xrtail.21            0.864423
xdut_min.xilimit.tailp                0.864423
xdut_min.xilimit.enb                      2.97
xdut_min.xilimit.clg                      2.97
xdut_min.xilimit.xrl2.11                  2.97
xdut_min.xilimit.xrl2.21                  2.97
xdut_min.xsoftstart.bt                     1.2
xdut_min.xsoftstart.bb                 1.19999
xdut_min.xsoftstart.xrss_bias.11         1.19999
xdut_min.xsoftstart.xrss_bias.21             1.2
xdut_min.xsoftstart.ssr            1.20621e-08
xdut_min.xsoftstart.sd                    2.97
xdut_min.xsoftstart.fbp                    1.2
xdut_min.xsoftstart.hg                       0
xdut_min.xsoftstart.enb                   2.97
xdut_min.xsoftstart.xrh_ss.11                0
xdut_min.xsoftstart.xrh_ss.21                0
xdut_min.xsoftstart.xrr_ss.11             2.97
xdut_min.xsoftstart.xrr_ss.21             2.97
n_esr_min                          0.000217291
vin_short                                 2.97
vout_short                         3.62237e-10
loop_short                                2.97
xdut_short.fb                       6.5588e-07
xdut_short.xerramp.nbias           8.29405e-10
xdut_short.xerramp.xrbias.11        1.1493e-09
xdut_short.xerramp.xrbias.21        3.0381e-06
xdut_short.xerramp.rbt             3.03842e-06
xdut_short.xerramp.tail               0.875083
xdut_short.xerramp.nd                     2.97
xdut_short.xerramp.n1                     2.97
xdut_short.xerramp.nz                     2.97
xdut_short.xerramp.xrz.11                 2.97
xdut_short.xerramp.xrz.21                 2.97
xdut_short.bg                             2.97
xdut_short.xerramp.nrza                   2.97
xdut_short.xerramp.xrza.11                2.97
xdut_short.xerramp.xrza.21                2.97
xdut_short.xerramp.nf                     2.97
xdut_short.xerramp.nbp                    2.97
xdut_short.xerramp.xrbufb.11              2.97
xdut_short.xerramp.xrbufb.21              2.97
xdut_short.xerramp.enb                    2.97
xdut_short.xilimit.isns             8.8369e-10
xdut_short.xilimit.xrsns.11        3.76119e-10
xdut_short.xilimit.xrsns.21        8.69808e-10
xdut_short.xilimit.pb                  2.76166
xdut_short.xilimit.vth              4.8104e-07
xdut_short.xilimit.xrref.11        5.95709e-10
xdut_short.xilimit.xrref.21        4.80807e-07
xdut_short.xilimit.bt                      1.2
xdut_short.xilimit.bb                      1.2
xdut_short.xilimit.xrbias.11               1.2
xdut_short.xilimit.xrbias.21               1.2
xdut_short.xilimit.cn                0.0542207
xdut_short.xilimit.tail               0.864253
xdut_short.xilimit.co              6.97411e-10
xdut_short.xilimit.xrtail.11          0.864253
xdut_short.xilimit.xrtail.21          0.864253
xdut_short.xilimit.tailp              0.864253
xdut_short.xilimit.enb                    2.97
xdut_short.xilimit.clg                    2.97
xdut_short.xilimit.xrl2.11                2.97
xdut_short.xilimit.xrl2.21                2.97
xdut_short.xsoftstart.bt                   1.2
xdut_short.xsoftstart.bb               1.19999
xdut_short.xsoftstart.xrss_bias.11         1.19999
xdut_short.xsoftstart.xrss_bias.21             1.2
xdut_short.xsoftstart.ssr          1.20621e-08
xdut_short.xsoftstart.sd                  2.97
xdut_short.xsoftstart.fbp                  1.2
xdut_short.xsoftstart.hg                     0
xdut_short.xsoftstart.enb                 2.97
xdut_short.xsoftstart.xrh_ss.11               0
xdut_short.xsoftstart.xrh_ss.21               0
xdut_short.xsoftstart.xrr_ss.11            2.97
xdut_short.xsoftstart.xrr_ss.21            2.97
n_esr_short                        3.62237e-10
v.xdut_short.xsoftstart.vbsense_ss#branch     3.68346e-12
v.xdut_short.xilimit.vbsense#branch     3.68347e-12
v.xdut_min.xsoftstart.vbsense_ss#branch     3.68346e-12
v.xdut_min.xilimit.vbsense#branch     3.68347e-12
v.xdut_full.xsoftstart.vbsense_ss#branch     3.68346e-12
v.xdut_full.xilimit.vbsense#branch     3.68347e-12
vamm_short#branch                  4.26993e-10
vref#branch                       -6.14612e-12
ven#branch                                   0
vsup#branch                       -1.28414e-09

 Reference value :  1.00051e-06
 Reference value :  7.48458e-05
 Reference value :  3.13991e-04
 Reference value :  5.59991e-04
 Reference value :  8.23991e-04
 Reference value :  1.08599e-03
 Reference value :  1.35399e-03
 Reference value :  1.63799e-03
 Reference value :  1.91199e-03
 Reference value :  2.17199e-03
 Reference value :  2.42999e-03
 Reference value :  2.68999e-03
 Reference value :  2.95299e-03
 Reference value :  3.21499e-03
 Reference value :  3.48099e-03
 Reference value :  3.74899e-03
 Reference value :  4.01399e-03
 Reference value :  4.27399e-03
 Reference value :  4.54299e-03
 Reference value :  4.80299e-03
 Reference value :  5.06699e-03
 Reference value :  5.32499e-03
 Reference value :  5.60899e-03
 Reference value :  5.86799e-03
No. of Data Rows : 6096
t_settle_full       =  5.62009e-04
vpeak_full          =  1.79996e+00 at=  5.72991e-04
t_settle_min        =  5.61965e-04
vpeak_min           =  1.80353e+00 at=  5.81991e-04
vpeak_short         =  9.32539e-02 at=  1.38991e-04
vfinal_short        =  9.32506e-02
ipeak_short         =  9.96944e-02 at=  7.48458e-05
m_tsettle_full_ms = 5.6100950000e-01
m_overshoot_full_mv = -3.604100000e+01
m_tsettle_min_ms = 5.6096450000e-01
m_overshoot_min_mv = -3.247300000e+01
m_vfinal_short_v = 9.3250640000e-02
m_ipeak_short_ma = 9.9694370000e+01
Note: Simulation executed from .control section 

Warning: m=xx on .subckt line will override multiplier m hierarchy!

