
Note: Compatibility modes selected: hs a


Circuit: * startup @ res_ff_125c_3.30v -- generated by sim/harness, do not edit

Doing analysis at TEMP = 125.000000 and TNOM = 27.000000

Using SPARSE 1.3 as Direct Linear Solver

Initial Transient Solution
--------------------------

Node                                   Voltage
----                                   -------
vin                                        3.3
en                                           0
vref                                       1.2
vout_full                          5.69744e-07
loop_full                                  3.3
xdut_full.fb                        1.3188e-06
xdut_full.xerramp.nbias            4.80316e-09
xdut_full.xerramp.xrbias.11        5.68916e-09
xdut_full.xerramp.xrbias.21        1.22082e-05
xdut_full.xerramp.rbt              1.22091e-05
xdut_full.xerramp.tail                0.913504
xdut_full.xerramp.nd                       3.3
xdut_full.xerramp.n1                       3.3
xdut_full.xerramp.nz                       3.3
xdut_full.xerramp.xrz.11                   3.3
xdut_full.xerramp.xrz.21                   3.3
xdut_full.bg                               3.3
xdut_full.xerramp.nrza                     3.3
xdut_full.xerramp.xrza.11                  3.3
xdut_full.xerramp.xrza.21                  3.3
xdut_full.xerramp.nf                       3.3
xdut_full.xerramp.nbp                      3.3
xdut_full.xerramp.xrbufb.11                3.3
xdut_full.xerramp.xrbufb.21                3.3
xdut_full.xerramp.enb                      3.3
xdut_full.xilimit.isns             5.87294e-07
xdut_full.xilimit.xrsns.11         5.70151e-07
xdut_full.xilimit.xrsns.21         5.86887e-07
xdut_full.xilimit.pb                   3.06882
xdut_full.xilimit.vth              7.05709e-06
xdut_full.xilimit.xrref.11         5.72368e-07
xdut_full.xilimit.xrref.21         7.05446e-06
xdut_full.xilimit.bt                       1.2
xdut_full.xilimit.bb                   1.19993
xdut_full.xilimit.xrbias.11            1.19993
xdut_full.xilimit.xrbias.21                1.2
xdut_full.xilimit.cn                0.00764667
xdut_full.xilimit.tail                0.884595
xdut_full.xilimit.co               1.92526e-09
xdut_full.xilimit.xrtail.11           0.884595
xdut_full.xilimit.xrtail.21           0.884598
xdut_full.xilimit.tailp               0.884598
xdut_full.xilimit.enb                      3.3
xdut_full.xilimit.clg                      3.3
xdut_full.xilimit.xrl2.11                  3.3
xdut_full.xilimit.xrl2.21                  3.3
xdut_full.xsoftstart.bt                    1.2
xdut_full.xsoftstart.bb                 1.1998
xdut_full.xsoftstart.xrss_bias.11          1.1998
xdut_full.xsoftstart.xrss_bias.21             1.2
xdut_full.xsoftstart.ssr           2.25486e-08
xdut_full.xsoftstart.sd                    3.3
xdut_full.xsoftstart.fbp                   1.2
xdut_full.xsoftstart.hg                      0
xdut_full.xsoftstart.enb                   3.3
xdut_full.xsoftstart.xrh_ss.11               0
xdut_full.xsoftstart.xrh_ss.21               0
xdut_full.xsoftstart.xrr_ss.11             3.3
xdut_full.xsoftstart.xrr_ss.21             3.3
n_esr_full                         5.69744e-07
vout_min                            0.00946399
loop_min                                   3.3
xdut_min.fb                         0.00631026
xdut_min.xerramp.nbias             4.80316e-09
xdut_min.xerramp.xrbias.11         5.68916e-09
xdut_min.xerramp.xrbias.21         1.22082e-05
xdut_min.xerramp.rbt               1.22091e-05
xdut_min.xerramp.tail                 0.913518
xdut_min.xerramp.nd                        3.3
xdut_min.xerramp.n1                        3.3
xdut_min.xerramp.nz                        3.3
xdut_min.xerramp.xrz.11                    3.3
xdut_min.xerramp.xrz.21                    3.3
xdut_min.bg                                3.3
xdut_min.xerramp.nrza                      3.3
xdut_min.xerramp.xrza.11                   3.3
xdut_min.xerramp.xrza.21                   3.3
xdut_min.xerramp.nf                        3.3
xdut_min.xerramp.nbp                       3.3
xdut_min.xerramp.xrbufb.11                 3.3
xdut_min.xerramp.xrbufb.21                 3.3
xdut_min.xerramp.enb                       3.3
xdut_min.xilimit.isns                 0.009464
xdut_min.xilimit.xrsns.11           0.00946399
xdut_min.xilimit.xrsns.21             0.009464
xdut_min.xilimit.pb                    3.06882
xdut_min.xilimit.vth                0.00947047
xdut_min.xilimit.xrref.11           0.00946399
xdut_min.xilimit.xrref.21           0.00947047
xdut_min.xilimit.bt                        1.2
xdut_min.xilimit.bb                    1.19993
xdut_min.xilimit.xrbias.11             1.19993
xdut_min.xilimit.xrbias.21                 1.2
xdut_min.xilimit.cn                 0.00764072
xdut_min.xilimit.tail                  0.89214
xdut_min.xilimit.co                1.92364e-09
xdut_min.xilimit.xrtail.11             0.89214
xdut_min.xilimit.xrtail.21            0.892142
xdut_min.xilimit.tailp                0.892142
xdut_min.xilimit.enb                       3.3
xdut_min.xilimit.clg                       3.3
xdut_min.xilimit.xrl2.11                   3.3
xdut_min.xilimit.xrl2.21                   3.3
xdut_min.xsoftstart.bt                     1.2
xdut_min.xsoftstart.bb                  1.1998
xdut_min.xsoftstart.xrss_bias.11          1.1998
xdut_min.xsoftstart.xrss_bias.21             1.2
xdut_min.xsoftstart.ssr            2.25486e-08
xdut_min.xsoftstart.sd                     3.3
xdut_min.xsoftstart.fbp                    1.2
xdut_min.xsoftstart.hg                       0
xdut_min.xsoftstart.enb                    3.3
xdut_min.xsoftstart.xrh_ss.11                0
xdut_min.xsoftstart.xrh_ss.21                0
xdut_min.xsoftstart.xrr_ss.11              3.3
xdut_min.xsoftstart.xrr_ss.21              3.3
n_esr_min                           0.00946399
vin_short                                  3.3
vout_short                         1.58268e-08
loop_short                                 3.3
xdut_short.fb                      9.49518e-07
xdut_short.xerramp.nbias           4.80316e-09
xdut_short.xerramp.xrbias.11       5.68916e-09
xdut_short.xerramp.xrbias.21       1.22082e-05
xdut_short.xerramp.rbt             1.22091e-05
xdut_short.xerramp.tail                 0.9135
xdut_short.xerramp.nd                      3.3
xdut_short.xerramp.n1                      3.3
xdut_short.xerramp.nz                      3.3
xdut_short.xerramp.xrz.11                  3.3
xdut_short.xerramp.xrz.21                  3.3
xdut_short.bg                              3.3
xdut_short.xerramp.nrza                    3.3
xdut_short.xerramp.xrza.11                 3.3
xdut_short.xerramp.xrza.21                 3.3
xdut_short.xerramp.nf                      3.3
xdut_short.xerramp.nbp                     3.3
xdut_short.xerramp.xrbufb.11               3.3
xdut_short.xerramp.xrbufb.21               3.3
xdut_short.xerramp.enb                     3.3
xdut_short.xilimit.isns            3.33776e-08
xdut_short.xilimit.xrsns.11         1.6234e-08
xdut_short.xilimit.xrsns.21        3.29704e-08
xdut_short.xilimit.pb                  3.06882
xdut_short.xilimit.vth             6.50317e-06
xdut_short.xilimit.xrref.11         1.8451e-08
xdut_short.xilimit.xrref.21        6.50055e-06
xdut_short.xilimit.bt                      1.2
xdut_short.xilimit.bb                  1.19993
xdut_short.xilimit.xrbias.11           1.19993
xdut_short.xilimit.xrbias.21               1.2
xdut_short.xilimit.cn               0.00764516
xdut_short.xilimit.tail               0.884583
xdut_short.xilimit.co              1.92485e-09
xdut_short.xilimit.xrtail.11          0.884583
xdut_short.xilimit.xrtail.21          0.884585
xdut_short.xilimit.tailp              0.884585
xdut_short.xilimit.enb                     3.3
xdut_short.xilimit.clg                     3.3
xdut_short.xilimit.xrl2.11                 3.3
xdut_short.xilimit.xrl2.21                 3.3
xdut_short.xsoftstart.bt                   1.2
xdut_short.xsoftstart.bb                1.1998
xdut_short.xsoftstart.xrss_bias.11          1.1998
xdut_short.xsoftstart.xrss_bias.21             1.2
xdut_short.xsoftstart.ssr          2.25486e-08
xdut_short.xsoftstart.sd                   3.3
xdut_short.xsoftstart.fbp                  1.2
xdut_short.xsoftstart.hg                     0
xdut_short.xsoftstart.enb                  3.3
xdut_short.xsoftstart.xrh_ss.11               0
xdut_short.xsoftstart.xrh_ss.21               0
xdut_short.xsoftstart.xrr_ss.11             3.3
xdut_short.xsoftstart.xrr_ss.21             3.3
n_esr_short                        1.58268e-08
v.xdut_short.xsoftstart.vbsense_ss#branch     9.62665e-11
v.xdut_short.xilimit.vbsense#branch     9.62683e-11
v.xdut_min.xsoftstart.vbsense_ss#branch     9.62665e-11
v.xdut_min.xilimit.vbsense#branch     9.62683e-11
v.xdut_full.xsoftstart.vbsense_ss#branch     9.62665e-11
v.xdut_full.xilimit.vbsense#branch     9.62683e-11
vamm_short#branch                  1.61417e-08
vref#branch                       -5.51752e-10
ven#branch                                   0
vsup#branch                       -4.83695e-08

 Reference value :  1.00074e-06
 Reference value :  7.84533e-05
 Reference value :  3.32728e-04
 Reference value :  5.94728e-04
 Reference value :  8.48728e-04
 Reference value :  1.11473e-03
 Reference value :  1.38373e-03
 Reference value :  1.64273e-03
 Reference value :  1.90473e-03
 Reference value :  2.18373e-03
 Reference value :  2.45273e-03
 Reference value :  2.74273e-03
 Reference value :  3.00873e-03
 Reference value :  3.27273e-03
 Reference value :  3.54473e-03
 Reference value :  3.80373e-03
 Reference value :  4.07073e-03
 Reference value :  4.33373e-03
 Reference value :  4.60473e-03
 Reference value :  4.89573e-03
 Reference value :  5.19273e-03
 Reference value :  5.46173e-03
 Reference value :  5.74373e-03
No. of Data Rows : 6100
t_settle_full       =  5.51434e-04
vpeak_full          =  1.80028e+00 at=  5.61728e-04
t_settle_min        =  5.51371e-04
vpeak_min           =  1.80475e+00 at=  5.72728e-04
vpeak_short         =  9.40355e-02 at=  1.41728e-04
vfinal_short        =  9.40322e-02
ipeak_short         =  1.00794e-01 at=  7.84533e-05
m_tsettle_full_ms = 5.5043390000e-01
m_overshoot_full_mv = -3.572300000e+01
m_tsettle_min_ms = 5.5037110000e-01
m_overshoot_min_mv = -3.124500000e+01
m_vfinal_short_v = 9.4032220000e-02
m_ipeak_short_ma = 1.0079380000e+02
Note: Simulation executed from .control section 

Warning: m=xx on .subckt line will override multiplier m hierarchy!

