Warning: m=xx on .subckt line will override multiplier m hierarchy!

Note: Starting dynamic gmin stepping
Note: Dynamic gmin stepping completed

Note: Compatibility modes selected: hs a


Circuit: * soft-start -- controlled output ramp at enable, for ldo_core with

Doing analysis at TEMP = -40.000000 and TNOM = 27.000000

Using SPARSE 1.3 as Direct Linear Solver

Initial Transient Solution
--------------------------

Node                                   Voltage
----                                   -------
vin                                       2.97
en                                           0
vout                                1.0013e-09
pg                                        2.97
xdut.fb                            6.67534e-10
xdut.vref                                  1.2
xdut.xerramp.nbias                 6.60744e-10
xdut.xerramp.xrbias.11             1.13236e-09
xdut.xerramp.xrbias.21             4.19004e-06
xdut.xerramp.rbt                   4.19051e-06
xdut.xerramp.tail                     0.582585
xdut.xerramp.nd                           2.97
xdut.xerramp.n1                           2.97
xdut.xerramp.nz                           2.97
xdut.xerramp.xrz.11                       2.97
xdut.xerramp.xrz.21                       2.97
eout                                      2.97
xdut.xerramp.enb                          2.97
xdut.xilimit.isns                  1.23478e-09
xdut.xilimit.xrsns.11              1.00589e-09
xdut.xilimit.xrsns.21              1.23019e-09
xdut.xilimit.pb                        2.40225
xdut.xilimit.vth                   4.87988e-07
xdut.xilimit.xrref.11              1.16437e-09
xdut.xilimit.xrref.21              4.87825e-07
xdut.xilimit.bt                            1.2
xdut.xilimit.bb                            1.2
xdut.xilimit.xrbias.11                     1.2
xdut.xilimit.xrbias.21                     1.2
xdut.xilimit.cn                       0.424535
xdut.xilimit.tail                      1.23445
xdut.xilimit.co                     5.8796e-10
xdut.xilimit.xrtail.11                 1.23445
xdut.xilimit.xrtail.21                 1.23445
xdut.xilimit.tailp                     1.23445
xdut.xilimit.enb                          2.97
xdut.xilimit.clg                          2.97
xdut.xilimit.xrl2.11                      2.97
xdut.xilimit.xrl2.21                      2.97
xdut.xsoftstart.bt                         1.2
xdut.xsoftstart.bb                     1.19999
xdut.xsoftstart.xrss_bias.11           1.19999
xdut.xsoftstart.xrss_bias.21               1.2
xdut.xsoftstart.ssr                1.09681e-08
xdut.xsoftstart.enb                       2.97
xdut.xsoftstart.tailp                  1.23461
xdut.xsoftstart.tail                   1.23461
xdut.xsoftstart.xrtail_ss.11           1.23461
xdut.xsoftstart.xrtail_ss.21           1.23461
xdut.xsoftstart.cn                    0.424659
xdut.xsoftstart.co                    0.424652
xdut.xsoftstart.lp                 2.70755e-05
xdut.xsoftstart.clg                6.45049e-10
xdut.xsoftstart.xrl2_ss.11         7.81959e-10
xdut.xsoftstart.xrl2_ss.21         2.70754e-05
n_esr                               1.0013e-09
n_cap                                        0
ln                                           0
v.xdut.xsoftstart.vbsense_ss#branch     1.19905e-12
v.xdut.xilimit.vbsense#branch      1.19906e-12
vlmeas#branch                      2.78139e-11
vcmeas#branch                                0
vloop#branch                       2.95083e-12
v.xdut.vref1#branch               -2.39811e-12
ven#branch                                   0
vin#branch                        -8.46467e-11

 Reference value :  0.00000e+00 Reference value :  4.59722e-04 Reference value :  9.99722e-04 Reference value :  1.55972e-03 Reference value :  2.08372e-03 Reference value :  2.62472e-03 Reference value :  3.16172e-03 Reference value :  3.72072e-03 Reference value :  4.26472e-03 Reference value :  4.77372e-03 Reference value :  5.26772e-03 Reference value :  5.79772e-03 Reference value :  6.23372e-03 Reference value :  6.75272e-03 Reference value :  7.09172e-03 Reference value :  7.31872e-03 Reference value :  7.52372e-03 Reference value :  7.77772e-03 Reference value :  8.00155e-03 Reference value :  8.56127e-03
No. of Data Rows : 9069
m_t_v04             =  1.46350e-03
m_t_v14             =  4.54850e-03
m_t_startup         =  5.50144e-03 targ=  5.60191e-03 trig=  1.00471e-04
m_vout_max_en       =  1.81542e+00 at=  5.76472e-03
m_vout_settled      =  1.79956e+00
m_icap_peak_ma      =  7.66577e+00 at=  5.82772e-03
m_isup_peak_ma      =  5.76655e+01 at=  5.82772e-03
m_dvout_max         =  7.15997e+00 at=  5.80772e-03
m_dvout_min         =  -8.80637e+00 at=  5.78072e-03
m_ssr_end           =  1.59773e+00
m_clg_end           =  2.96970e+00
m_vout_pp_late      =  7.32685e-09 from=  7.50000e-03 to=  7.90000e-03
m_vout_off_tran     =  2.15014e-09
m_pg_off_tran       =  2.97000e+00
m_ssr_off_tran      =  1.37711e-08
m_clg_off_tran      =  -4.20026e-06
Note: Simulation executed from .control section 
