
Note: Compatibility modes selected: hs a


Circuit: * amp-openloop @ ff_27c_3.30v -- generated by sim/harness, do not edit

Doing analysis at TEMP = 27.000000 and TNOM = 27.000000

Using SPARSE 1.3 as Direct Linear Solver
 Reference value :  0.00000e+00
No. of Data Rows : 1
Doing analysis at TEMP = 27.000000 and TNOM = 27.000000

Using SPARSE 1.3 as Direct Linear Solver

No. of Data Rows : 401
a0_db               =  1.12032e+02
ugbw_hz             =  6.35241e+06
ph_ugbw             =  8.32746e+01
g1k_db              =  6.21581e+01
ph1k                =  -8.21403e+01
a0ll_db             =  1.09871e+02
g1kll_db            =  6.21457e+01
a0dr_db             =  1.10035e+02
g1kdr_db            =  5.78395e+01
apk_db              =  4.45223e+01 at=  2.11349e+05
a200k_db            =  4.45360e+01
apkll_db            =  4.44565e+01 at=  2.11349e+05
a200kll_db          =  4.44722e+01
Doing analysis at TEMP = 27.000000 and TNOM = 27.000000

Using SPARSE 1.3 as Direct Linear Solver
 Reference value :  1.00000e+03
No. of Data Rows : 1
m_a0_db = 1.1203230000e+02
m_ugbw_khz = 6.3524100000e+03
m_pm_deg = 2.6327455000e+02
m_gain_1k_db = 6.2158140000e+01
m_phase_1k_deg = -8.214034000e+01
m_a0_lightload_db = 1.0987080000e+02
m_gain_1k_lightload_db = 6.2145740000e+01
m_a0_dropout_db = 1.1003470000e+02
m_gain_1k_dropout_db = 5.7839500000e+01
m_vos_sys_uv = 4.6541620035e+02
m_iq_ua = 1.2172744560e+01
m_iq_dropout_ua = 6.7566525563e+00
m_tail_hdr_mv = 5.0535586616e+02
m_tail_hdr_dropout_mv = 5.2606589767e+02
m_vg_pulldown_mv = 4.9642959870e-04
m_vg_pullup_hdr_mv = 7.8380603552e-02
m_peak_excess_db = -1.379000000e-02
m_peak_excess_lightload_db = -1.567000000e-02
Note: Simulation executed from .control section 

Warning: m=xx on .subckt line will override multiplier m hierarchy!

Note: Starting dynamic gmin stepping
Note: Dynamic gmin stepping completed
Note: Starting dynamic gmin stepping
Note: Dynamic gmin stepping completed
Note: Starting dynamic gmin stepping
Note: Dynamic gmin stepping completed
