
Note: Compatibility modes selected: hs a


Circuit: * loop-stability -- tian dual-injection loop-gain testbench for ldo_core (issue #10)

* corner_id=fs_125c_3.63v corner=fs temp_c=125 vin_v=3.63
* ac sweep: dec 400 0.01 1e9 ; Tian dual injection at ERRAMP_OUT->PASS_GATE
* columns: ROW iload_a= ceff_f= esr_ohm= vout_v= dcgain_db= f0_hz= phase_at_f0_deg=
*          f180_hz= gain_at_f180_db= f0_rising_hz= resurgence_db=
* (phase margin = 180 + phase_at_f0_deg ; gain margin = -gain_at_f180_db ;
*  resurgence_db = max |T| in dB above the first 0 dB crossing, DR-0008 ;
*  an empty f180/gain field means the phase never reaches -180 deg in band)
* Fields are written key=value BECAUSE a failed meas leaves its value
* empty: with bare positional fields an empty one vanishes into the
* whitespace and every field after it is read as the wrong quantity.
Doing analysis at TEMP = 125.000000 and TNOM = 27.000000

Using SPARSE 1.3 as Direct Linear Solver
 Reference value :  0.00000e+00
No. of Data Rows : 1
Doing analysis at TEMP = 125.000000 and TNOM = 27.000000

Using SPARSE 1.3 as Direct Linear Solver
 Reference value :  3.65174e+06
No. of Data Rows : 4401
Doing analysis at TEMP = 125.000000 and TNOM = 27.000000

Using SPARSE 1.3 as Direct Linear Solver
 Reference value :  1.26619e+04
No. of Data Rows : 4401
dcg                 =  1.23883e+02
f0                  =  2.14550e+03
phx                 =  -1.59065e+02
f180                =  3.60845e+05
gmx                 =  -6.13403e+01
 meas ac f0r when tdb=0 rise=1 failed!

tres                =  -8.74891e-01 at=  2.26464e+03
ROW iload_a=0 ceff_f=3.3e-07 esr_ohm=0.001 vout_v=1.79911 dcgain_db=123.883 f0_hz=2145.5 phase_at_f0_deg=-159.065 f180_hz=360845 gain_at_f180_db=-61.3403 f0_rising_hz= resurgence_db=-0.874891
Doing analysis at TEMP = 125.000000 and TNOM = 27.000000

Using SPARSE 1.3 as Direct Linear Solver

No. of Data Rows : 1
Doing analysis at TEMP = 125.000000 and TNOM = 27.000000

Using SPARSE 1.3 as Direct Linear Solver
 Reference value :  1.37246e+01
No. of Data Rows : 4401
Doing analysis at TEMP = 125.000000 and TNOM = 27.000000

Using SPARSE 1.3 as Direct Linear Solver
 Reference value :  7.41310e-02
 Reference value :  1.73780e+08
No. of Data Rows : 4401
dcg                 =  1.23883e+02
f0                  =  2.14550e+03
phx                 =  -1.59053e+02
f180                =  3.84479e+05
gmx                 =  -6.24065e+01
 meas ac f0r when tdb=0 rise=1 failed!

tres                =  -8.74894e-01 at=  2.26464e+03
ROW iload_a=0 ceff_f=3.3e-07 esr_ohm=0.05 vout_v=1.79911 dcgain_db=123.883 f0_hz=2145.5 phase_at_f0_deg=-159.053 f180_hz=384480 gain_at_f180_db=-62.4065 f0_rising_hz= resurgence_db=-0.874894
Doing analysis at TEMP = 125.000000 and TNOM = 27.000000

Using SPARSE 1.3 as Direct Linear Solver

No. of Data Rows : 1
Doing analysis at TEMP = 125.000000 and TNOM = 27.000000

Using SPARSE 1.3 as Direct Linear Solver
 Reference value :  1.26619e+05
No. of Data Rows : 4401
Doing analysis at TEMP = 125.000000 and TNOM = 27.000000

Using SPARSE 1.3 as Direct Linear Solver
 Reference value :  6.06038e+02
No. of Data Rows : 4401
dcg                 =  1.23883e+02
f0                  =  2.14550e+03
phx                 =  -1.59015e+02
f180                =  4.99624e+05
gmx                 =  -6.67593e+01
 meas ac f0r when tdb=0 rise=1 failed!

tres                =  -8.74892e-01 at=  2.26464e+03
ROW iload_a=0 ceff_f=3.3e-07 esr_ohm=0.2 vout_v=1.79911 dcgain_db=123.883 f0_hz=2145.5 phase_at_f0_deg=-159.015 f180_hz=499624 gain_at_f180_db=-66.7593 f0_rising_hz= resurgence_db=-0.874892
Doing analysis at TEMP = 125.000000 and TNOM = 27.000000

Using SPARSE 1.3 as Direct Linear Solver

No. of Data Rows : 1
Doing analysis at TEMP = 125.000000 and TNOM = 27.000000

Using SPARSE 1.3 as Direct Linear Solver
 Reference value :  1.47911e+00
No. of Data Rows : 4401
Doing analysis at TEMP = 125.000000 and TNOM = 27.000000

Using SPARSE 1.3 as Direct Linear Solver
 Reference value :  2.42661e-02
 Reference value :  3.89045e+07
No. of Data Rows : 4401
dcg                 =  1.23883e+02
f0                  =  2.14550e+03
phx                 =  -1.58938e+02
f180                =  6.17887e+06
gmx                 =  -7.75955e+01
 meas ac f0r when tdb=0 rise=1 failed!

tres                =  -8.74876e-01 at=  2.26464e+03
ROW iload_a=0 ceff_f=3.3e-07 esr_ohm=0.5 vout_v=1.79911 dcgain_db=123.883 f0_hz=2145.5 phase_at_f0_deg=-158.938 f180_hz=6.17887E+06 gain_at_f180_db=-77.5955 f0_rising_hz= resurgence_db=-0.874876
Doing analysis at TEMP = 125.000000 and TNOM = 27.000000

Using SPARSE 1.3 as Direct Linear Solver

No. of Data Rows : 1
Doing analysis at TEMP = 125.000000 and TNOM = 27.000000

Using SPARSE 1.3 as Direct Linear Solver
 Reference value :  4.16869e+04
No. of Data Rows : 4401
Doing analysis at TEMP = 125.000000 and TNOM = 27.000000

Using SPARSE 1.3 as Direct Linear Solver
 Reference value :  1.42889e+02
No. of Data Rows : 4401
dcg                 =  1.23874e+02
f0                  =  1.20408e+03
phx                 =  -1.67740e+02
f180                =  3.56045e+05
gmx                 =  -7.08073e+01
 meas ac f0r when tdb=0 rise=1 failed!

tres                =  -8.53176e-01 at=  1.26619e+03
ROW iload_a=0 ceff_f=1e-06 esr_ohm=0.001 vout_v=1.79911 dcgain_db=123.874 f0_hz=1204.09 phase_at_f0_deg=-167.74 f180_hz=356045 gain_at_f180_db=-70.8073 f0_rising_hz= resurgence_db=-0.853176
Doing analysis at TEMP = 125.000000 and TNOM = 27.000000

Using SPARSE 1.3 as Direct Linear Solver

No. of Data Rows : 1
Doing analysis at TEMP = 125.000000 and TNOM = 27.000000

Using SPARSE 1.3 as Direct Linear Solver
 Reference value :  2.08930e-01
 Reference value :  3.56862e+08
No. of Data Rows : 4401
Doing analysis at TEMP = 125.000000 and TNOM = 27.000000

Using SPARSE 1.3 as Direct Linear Solver
 Reference value :  3.42768e+06
No. of Data Rows : 4401
dcg                 =  1.23874e+02
f0                  =  1.20408e+03
phx                 =  -1.67719e+02
f180                =  4.45065e+05
gmx                 =  -7.46297e+01
 meas ac f0r when tdb=0 rise=1 failed!

tres                =  -8.53178e-01 at=  1.26619e+03
ROW iload_a=0 ceff_f=1e-06 esr_ohm=0.05 vout_v=1.79911 dcgain_db=123.874 f0_hz=1204.09 phase_at_f0_deg=-167.719 f180_hz=445064 gain_at_f180_db=-74.6297 f0_rising_hz= resurgence_db=-0.853178
Doing analysis at TEMP = 125.000000 and TNOM = 27.000000

Using SPARSE 1.3 as Direct Linear Solver

No. of Data Rows : 1
Doing analysis at TEMP = 125.000000 and TNOM = 27.000000

Using SPARSE 1.3 as Direct Linear Solver
 Reference value :  9.27897e+03
No. of Data Rows : 4401
Doing analysis at TEMP = 125.000000 and TNOM = 27.000000

Using SPARSE 1.3 as Direct Linear Solver
 Reference value :  8.86135e+01
No. of Data Rows : 4401
dcg                 =  1.23874e+02
f0                  =  1.20409e+03
phx                 =  -1.67654e+02
f180                =  6.25832e+06
gmx                 =  -7.74727e+01
 meas ac f0r when tdb=0 rise=1 failed!

tres                =  -8.53170e-01 at=  1.26619e+03
ROW iload_a=0 ceff_f=1e-06 esr_ohm=0.2 vout_v=1.79911 dcgain_db=123.874 f0_hz=1204.09 phase_at_f0_deg=-167.654 f180_hz=6.25832E+06 gain_at_f180_db=-77.4727 f0_rising_hz= resurgence_db=-0.85317
Doing analysis at TEMP = 125.000000 and TNOM = 27.000000

Using SPARSE 1.3 as Direct Linear Solver

No. of Data Rows : 1
Doing analysis at TEMP = 125.000000 and TNOM = 27.000000

Using SPARSE 1.3 as Direct Linear Solver
 Reference value :  4.36516e-01
No. of Data Rows : 4401
Doing analysis at TEMP = 125.000000 and TNOM = 27.000000

Using SPARSE 1.3 as Direct Linear Solver
 Reference value :  1.00000e-02
 Reference value :  4.14477e+07
No. of Data Rows : 4401
dcg                 =  1.23874e+02
f0                  =  1.20409e+03
phx                 =  -1.67523e+02
f180                =  6.16771e+06
gmx                 =  -7.75613e+01
 meas ac f0r when tdb=0 rise=1 failed!

tres                =  -8.53116e-01 at=  1.26619e+03
ROW iload_a=0 ceff_f=1e-06 esr_ohm=0.5 vout_v=1.79911 dcgain_db=123.874 f0_hz=1204.09 phase_at_f0_deg=-167.524 f180_hz=6.16771E+06 gain_at_f180_db=-77.5613 f0_rising_hz= resurgence_db=-0.853116
Doing analysis at TEMP = 125.000000 and TNOM = 27.000000

Using SPARSE 1.3 as Direct Linear Solver

No. of Data Rows : 1
Doing analysis at TEMP = 125.000000 and TNOM = 27.000000

Using SPARSE 1.3 as Direct Linear Solver
 Reference value :  1.53993e+05
No. of Data Rows : 4401
Doing analysis at TEMP = 125.000000 and TNOM = 27.000000

Using SPARSE 1.3 as Direct Linear Solver
 Reference value :  7.98914e+02
No. of Data Rows : 4401
dcg                 =  1.23683e+02
f0                  =  5.50399e+02
phx                 =  -1.73983e+02
f180                =  3.30715e+05
gmx                 =  -8.32476e+01
 meas ac f0r when tdb=0 rise=1 failed!

tres                =  -8.68461e-01 at=  5.78762e+02
ROW iload_a=0 ceff_f=4.7e-06 esr_ohm=0.001 vout_v=1.79911 dcgain_db=123.683 f0_hz=550.399 phase_at_f0_deg=-173.983 f180_hz=330715 gain_at_f180_db=-83.2476 f0_rising_hz= resurgence_db=-0.868461
Doing analysis at TEMP = 125.000000 and TNOM = 27.000000

Using SPARSE 1.3 as Direct Linear Solver

No. of Data Rows : 1
Doing analysis at TEMP = 125.000000 and TNOM = 27.000000

Using SPARSE 1.3 as Direct Linear Solver
 Reference value :  1.93865e+00
No. of Data Rows : 4401
Doing analysis at TEMP = 125.000000 and TNOM = 27.000000

Using SPARSE 1.3 as Direct Linear Solver
 Reference value :  1.74783e-02
 Reference value :  7.80728e+08
No. of Data Rows : 4401
dcg                 =  1.23683e+02
f0                  =  5.50399e+02
phx                 =  -1.73937e+02
f180                =  6.29709e+06
gmx                 =  -7.74170e+01
 meas ac f0r when tdb=0 rise=1 failed!

tres                =  -8.68461e-01 at=  5.78762e+02
ROW iload_a=0 ceff_f=4.7e-06 esr_ohm=0.05 vout_v=1.79911 dcgain_db=123.683 f0_hz=550.399 phase_at_f0_deg=-173.937 f180_hz=6.29709E+06 gain_at_f180_db=-77.417 f0_rising_hz= resurgence_db=-0.86846
Doing analysis at TEMP = 125.000000 and TNOM = 27.000000

Using SPARSE 1.3 as Direct Linear Solver

No. of Data Rows : 1
Doing analysis at TEMP = 125.000000 and TNOM = 27.000000

Using SPARSE 1.3 as Direct Linear Solver

No. of Data Rows : 4401
Doing analysis at TEMP = 125.000000 and TNOM = 27.000000

Using SPARSE 1.3 as Direct Linear Solver
 Reference value :  3.14413e-02
 Reference value :  4.67735e+07
No. of Data Rows : 4401
dcg                 =  1.23683e+02
f0                  =  5.50400e+02
phx                 =  -1.73797e+02
f180                =  6.25414e+06
gmx                 =  -7.74601e+01
 meas ac f0r when tdb=0 rise=1 failed!

tres                =  -8.68415e-01 at=  5.78762e+02
ROW iload_a=0 ceff_f=4.7e-06 esr_ohm=0.2 vout_v=1.79911 dcgain_db=123.683 f0_hz=550.401 phase_at_f0_deg=-173.798 f180_hz=6.25414E+06 gain_at_f180_db=-77.4601 f0_rising_hz= resurgence_db=-0.868415
Doing analysis at TEMP = 125.000000 and TNOM = 27.000000

Using SPARSE 1.3 as Direct Linear Solver

No. of Data Rows : 1
Doing analysis at TEMP = 125.000000 and TNOM = 27.000000

Using SPARSE 1.3 as Direct Linear Solver
 Reference value :  1.47911e+05
No. of Data Rows : 4401
Doing analysis at TEMP = 125.000000 and TNOM = 27.000000

Using SPARSE 1.3 as Direct Linear Solver
 Reference value :  1.51356e+03
No. of Data Rows : 4401
dcg                 =  1.23683e+02
f0                  =  5.50408e+02
phx                 =  -1.73518e+02
f180                =  6.16340e+06
gmx                 =  -7.75480e+01
 meas ac f0r when tdb=0 rise=1 failed!

tres                =  -8.68152e-01 at=  5.78762e+02
ROW iload_a=0 ceff_f=4.7e-06 esr_ohm=0.5 vout_v=1.79911 dcgain_db=123.683 f0_hz=550.408 phase_at_f0_deg=-173.518 f180_hz=6.1634E+06 gain_at_f180_db=-77.548 f0_rising_hz= resurgence_db=-0.868152
Doing analysis at TEMP = 125.000000 and TNOM = 27.000000

Using SPARSE 1.3 as Direct Linear Solver
 Reference value :  0.00000e+00
No. of Data Rows : 1
Doing analysis at TEMP = 125.000000 and TNOM = 27.000000

Using SPARSE 1.3 as Direct Linear Solver
 Reference value :  1.00000e-02
 Reference value :  1.13501e+07
No. of Data Rows : 4401
Doing analysis at TEMP = 125.000000 and TNOM = 27.000000

Using SPARSE 1.3 as Direct Linear Solver
 Reference value :  1.00000e-02
 Reference value :  7.98914e+07
No. of Data Rows : 4401
dcg                 =  1.40627e+02
f0                  =  7.58003e+04
phx                 =  -1.17791e+02
f180                =  4.39135e+05
gmx                 =  -2.36882e+01
 meas ac f0r when tdb=0 rise=1 failed!

tres                =  -5.06558e-01 at=  7.98914e+04
ROW iload_a=0.0001 ceff_f=3.3e-07 esr_ohm=0.001 vout_v=1.7991 dcgain_db=140.627 f0_hz=75800.3 phase_at_f0_deg=-117.791 f180_hz=439135 gain_at_f180_db=-23.6882 f0_rising_hz= resurgence_db=-0.506558
Doing analysis at TEMP = 125.000000 and TNOM = 27.000000

Using SPARSE 1.3 as Direct Linear Solver
 Reference value :  0.00000e+00
No. of Data Rows : 1
Doing analysis at TEMP = 125.000000 and TNOM = 27.000000

Using SPARSE 1.3 as Direct Linear Solver
 Reference value :  1.18850e-02
 Reference value :  3.69403e+07
No. of Data Rows : 4401
Doing analysis at TEMP = 125.000000 and TNOM = 27.000000

Using SPARSE 1.3 as Direct Linear Solver
 Reference value :  1.00000e-02
 Reference value :  4.70435e+07
No. of Data Rows : 4401
dcg                 =  1.40627e+02
f0                  =  7.67967e+04
phx                 =  -1.16890e+02
f180                =  4.85350e+05
gmx                 =  -2.50277e+01
 meas ac f0r when tdb=0 rise=1 failed!

tres                =  -4.89742e-01 at=  8.08165e+04
ROW iload_a=0.0001 ceff_f=3.3e-07 esr_ohm=0.05 vout_v=1.7991 dcgain_db=140.627 f0_hz=76796.7 phase_at_f0_deg=-116.891 f180_hz=485350 gain_at_f180_db=-25.0277 f0_rising_hz= resurgence_db=-0.489742
Doing analysis at TEMP = 125.000000 and TNOM = 27.000000

Using SPARSE 1.3 as Direct Linear Solver
 Reference value :  0.00000e+00
No. of Data Rows : 1
Doing analysis at TEMP = 125.000000 and TNOM = 27.000000

Using SPARSE 1.3 as Direct Linear Solver
 Reference value :  3.65174e-02
 Reference value :  5.06991e+07
No. of Data Rows : 4401
Doing analysis at TEMP = 125.000000 and TNOM = 27.000000

Using SPARSE 1.3 as Direct Linear Solver
 Reference value :  1.00000e-02
 Reference value :  2.06538e+07
No. of Data Rows : 4401
dcg                 =  1.40627e+02
f0                  =  7.68298e+04
phx                 =  -1.15533e+02
f180                =  6.65223e+05
gmx                 =  -3.01189e+01
 meas ac f0r when tdb=0 rise=1 failed!

tres                =  -4.85209e-01 at=  8.08165e+04
ROW iload_a=0.0001 ceff_f=3.3e-07 esr_ohm=0.2 vout_v=1.7991 dcgain_db=140.627 f0_hz=76829.8 phase_at_f0_deg=-115.533 f180_hz=665223 gain_at_f180_db=-30.1189 f0_rising_hz= resurgence_db=-0.485209
Doing analysis at TEMP = 125.000000 and TNOM = 27.000000

Using SPARSE 1.3 as Direct Linear Solver
 Reference value :  0.00000e+00
No. of Data Rows : 1
Doing analysis at TEMP = 125.000000 and TNOM = 27.000000

Using SPARSE 1.3 as Direct Linear Solver
 Reference value :  1.00000e-02
 Reference value :  1.00000e+07
No. of Data Rows : 4401
Doing analysis at TEMP = 125.000000 and TNOM = 27.000000

Using SPARSE 1.3 as Direct Linear Solver
 Reference value :  1.00000e-02
 Reference value :  1.70805e+07
No. of Data Rows : 4401
dcg                 =  1.40627e+02
f0                  =  7.60134e+04
phx                 =  -1.13366e+02
f180                =  1.43833e+06
gmx                 =  -4.00615e+01
 meas ac f0r when tdb=0 rise=1 failed!

tres                =  -4.76991e-01 at=  7.98914e+04
ROW iload_a=0.0001 ceff_f=3.3e-07 esr_ohm=0.5 vout_v=1.7991 dcgain_db=140.627 f0_hz=76013.4 phase_at_f0_deg=-113.366 f180_hz=1.43833E+06 gain_at_f180_db=-40.0615 f0_rising_hz= resurgence_db=-0.476991
Doing analysis at TEMP = 125.000000 and TNOM = 27.000000

Using SPARSE 1.3 as Direct Linear Solver
 Reference value :  0.00000e+00
No. of Data Rows : 1
Doing analysis at TEMP = 125.000000 and TNOM = 27.000000

Using SPARSE 1.3 as Direct Linear Solver
 Reference value :  1.10917e-02
 Reference value :  1.38835e+07
No. of Data Rows : 4401
Doing analysis at TEMP = 125.000000 and TNOM = 27.000000

Using SPARSE 1.3 as Direct Linear Solver
 Reference value :  1.00000e-02
No. of Data Rows : 4401
dcg                 =  1.40627e+02
f0                  =  2.41739e+04
phx                 =  -1.08653e+02
f180                =  4.40319e+05
gmx                 =  -3.33639e+01
 meas ac f0r when tdb=0 rise=1 failed!

tres                =  -4.21711e-01 at=  2.54097e+04
ROW iload_a=0.0001 ceff_f=1e-06 esr_ohm=0.001 vout_v=1.7991 dcgain_db=140.627 f0_hz=24173.9 phase_at_f0_deg=-108.653 f180_hz=440319 gain_at_f180_db=-33.3639 f0_rising_hz= resurgence_db=-0.421711
Doing analysis at TEMP = 125.000000 and TNOM = 27.000000

Using SPARSE 1.3 as Direct Linear Solver
 Reference value :  0.00000e+00
No. of Data Rows : 1
Doing analysis at TEMP = 125.000000 and TNOM = 27.000000

Using SPARSE 1.3 as Direct Linear Solver
 Reference value :  2.38506e-02
 Reference value :  2.83465e+08
No. of Data Rows : 4401
Doing analysis at TEMP = 125.000000 and TNOM = 27.000000

Using SPARSE 1.3 as Direct Linear Solver
 Reference value :  1.49624e-02
 Reference value :  1.37246e+08
No. of Data Rows : 4401
dcg                 =  1.40627e+02
f0                  =  2.43865e+04
phx                 =  -1.07719e+02
f180                =  5.89925e+05
gmx                 =  -3.78442e+01
 meas ac f0r when tdb=0 rise=1 failed!

tres                =  -4.42713e-01 at=  2.57040e+04
ROW iload_a=0.0001 ceff_f=1e-06 esr_ohm=0.05 vout_v=1.7991 dcgain_db=140.627 f0_hz=24386.5 phase_at_f0_deg=-107.719 f180_hz=589925 gain_at_f180_db=-37.8442 f0_rising_hz= resurgence_db=-0.442713
Doing analysis at TEMP = 125.000000 and TNOM = 27.000000

Using SPARSE 1.3 as Direct Linear Solver
 Reference value :  0.00000e+00
No. of Data Rows : 1
Doing analysis at TEMP = 125.000000 and TNOM = 27.000000

Using SPARSE 1.3 as Direct Linear Solver
 Reference value :  1.65006e-02
 Reference value :  4.62381e+07
No. of Data Rows : 4401
Doing analysis at TEMP = 125.000000 and TNOM = 27.000000

Using SPARSE 1.3 as Direct Linear Solver
 Reference value :  1.00000e-02
 Reference value :  9.54993e+07
No. of Data Rows : 4401
dcg                 =  1.40627e+02
f0                  =  2.43974e+04
phx                 =  -1.06397e+02
f180                =  1.63460e+06
gmx                 =  -4.97540e+01
 meas ac f0r when tdb=0 rise=1 failed!

tres                =  -4.38505e-01 at=  2.57040e+04
ROW iload_a=0.0001 ceff_f=1e-06 esr_ohm=0.2 vout_v=1.7991 dcgain_db=140.627 f0_hz=24397.4 phase_at_f0_deg=-106.397 f180_hz=1.6346E+06 gain_at_f180_db=-49.754 f0_rising_hz= resurgence_db=-0.438505
Doing analysis at TEMP = 125.000000 and TNOM = 27.000000

Using SPARSE 1.3 as Direct Linear Solver
 Reference value :  0.00000e+00
No. of Data Rows : 1
Doing analysis at TEMP = 125.000000 and TNOM = 27.000000

Using SPARSE 1.3 as Direct Linear Solver
 Reference value :  1.05925e-02
 Reference value :  7.07946e+07
No. of Data Rows : 4401
Doing analysis at TEMP = 125.000000 and TNOM = 27.000000

Using SPARSE 1.3 as Direct Linear Solver
 Reference value :  1.00000e-02
 Reference value :  3.50752e+07
No. of Data Rows : 4401
dcg                 =  1.40627e+02
f0                  =  2.42450e+04
phx                 =  -1.04276e+02
f180                =  2.04053e+06
gmx                 =  -4.59505e+01
 meas ac f0r when tdb=0 rise=1 failed!

tres                =  -4.42313e-01 at=  2.55564e+04
ROW iload_a=0.0001 ceff_f=1e-06 esr_ohm=0.5 vout_v=1.7991 dcgain_db=140.627 f0_hz=24245 phase_at_f0_deg=-104.276 f180_hz=2.04054E+06 gain_at_f180_db=-45.9505 f0_rising_hz= resurgence_db=-0.442313
Doing analysis at TEMP = 125.000000 and TNOM = 27.000000

Using SPARSE 1.3 as Direct Linear Solver
 Reference value :  0.00000e+00
No. of Data Rows : 1
Doing analysis at TEMP = 125.000000 and TNOM = 27.000000

Using SPARSE 1.3 as Direct Linear Solver
 Reference value :  1.00577e-02
 Reference value :  1.25893e+07
No. of Data Rows : 4401
Doing analysis at TEMP = 125.000000 and TNOM = 27.000000

Using SPARSE 1.3 as Direct Linear Solver
 Reference value :  1.00000e-02
 Reference value :  3.23594e+07
No. of Data Rows : 4401
dcg                 =  1.40627e+02
f0                  =  6.78762e+03
phx                 =  -1.37061e+02
f180                =  4.47094e+05
gmx                 =  -4.70682e+01
 meas ac f0r when tdb=0 rise=1 failed!

tres                =  -7.03752e-01 at=  7.16143e+03
ROW iload_a=0.0001 ceff_f=4.7e-06 esr_ohm=0.001 vout_v=1.7991 dcgain_db=140.627 f0_hz=6787.62 phase_at_f0_deg=-137.061 f180_hz=447094 gain_at_f180_db=-47.0682 f0_rising_hz= resurgence_db=-0.703752
Doing analysis at TEMP = 125.000000 and TNOM = 27.000000

Using SPARSE 1.3 as Direct Linear Solver
 Reference value :  0.00000e+00
No. of Data Rows : 1
Doing analysis at TEMP = 125.000000 and TNOM = 27.000000

Using SPARSE 1.3 as Direct Linear Solver
 Reference value :  1.00000e-02
 Reference value :  6.41948e+07
No. of Data Rows : 4401
Doing analysis at TEMP = 125.000000 and TNOM = 27.000000

Using SPARSE 1.3 as Direct Linear Solver
 Reference value :  2.95121e-02
 Reference value :  1.29569e+08
No. of Data Rows : 4401
dcg                 =  1.40627e+02
f0                  =  6.80566e+03
phx                 =  -1.36096e+02
f180                =  1.88162e+06
gmx                 =  -6.41105e+01
 meas ac f0r when tdb=0 rise=1 failed!

tres                =  -6.66588e-01 at=  7.16143e+03
ROW iload_a=0.0001 ceff_f=4.7e-06 esr_ohm=0.05 vout_v=1.7991 dcgain_db=140.627 f0_hz=6805.66 phase_at_f0_deg=-136.096 f180_hz=1.88162E+06 gain_at_f180_db=-64.1105 f0_rising_hz= resurgence_db=-0.666589
Doing analysis at TEMP = 125.000000 and TNOM = 27.000000

Using SPARSE 1.3 as Direct Linear Solver

No. of Data Rows : 1
Doing analysis at TEMP = 125.000000 and TNOM = 27.000000

Using SPARSE 1.3 as Direct Linear Solver
 Reference value :  1.00000e-02
 Reference value :  5.85464e+07
No. of Data Rows : 4401
Doing analysis at TEMP = 125.000000 and TNOM = 27.000000

Using SPARSE 1.3 as Direct Linear Solver
 Reference value :  1.00000e-02
No. of Data Rows : 4401
dcg                 =  1.40627e+02
f0                  =  6.80904e+03
phx                 =  -1.34355e+02
f180                =  2.18165e+06
gmx                 =  -5.44857e+01
 meas ac f0r when tdb=0 rise=1 failed!

tres                =  -6.59348e-01 at=  7.16143e+03
ROW iload_a=0.0001 ceff_f=4.7e-06 esr_ohm=0.2 vout_v=1.7991 dcgain_db=140.627 f0_hz=6809.04 phase_at_f0_deg=-134.355 f180_hz=2.18165E+06 gain_at_f180_db=-54.4857 f0_rising_hz= resurgence_db=-0.659348
Doing analysis at TEMP = 125.000000 and TNOM = 27.000000

Using SPARSE 1.3 as Direct Linear Solver
 Reference value :  0.00000e+00
No. of Data Rows : 1
Doing analysis at TEMP = 125.000000 and TNOM = 27.000000

Using SPARSE 1.3 as Direct Linear Solver
 Reference value :  2.16272e-02
 Reference value :  3.09030e+07
No. of Data Rows : 4401
Doing analysis at TEMP = 125.000000 and TNOM = 27.000000

Using SPARSE 1.3 as Direct Linear Solver
 Reference value :  1.00000e-02
 Reference value :  1.85140e+07
No. of Data Rows : 4401
dcg                 =  1.40627e+02
f0                  =  6.80998e+03
phx                 =  -1.31236e+02
f180                =  2.23106e+06
gmx                 =  -4.73205e+01
 meas ac f0r when tdb=0 rise=1 failed!

tres                =  -6.55584e-01 at=  7.16143e+03
ROW iload_a=0.0001 ceff_f=4.7e-06 esr_ohm=0.5 vout_v=1.7991 dcgain_db=140.627 f0_hz=6809.98 phase_at_f0_deg=-131.236 f180_hz=2.23106E+06 gain_at_f180_db=-47.3205 f0_rising_hz= resurgence_db=-0.655584
Doing analysis at TEMP = 125.000000 and TNOM = 27.000000

Using SPARSE 1.3 as Direct Linear Solver
 Reference value :  0.00000e+00
No. of Data Rows : 1
Doing analysis at TEMP = 125.000000 and TNOM = 27.000000

Using SPARSE 1.3 as Direct Linear Solver
 Reference value :  1.00000e-02
 Reference value :  4.00405e+07
No. of Data Rows : 4401
Doing analysis at TEMP = 125.000000 and TNOM = 27.000000

Using SPARSE 1.3 as Direct Linear Solver
 Reference value :  1.00000e-02
 Reference value :  2.49747e+07
No. of Data Rows : 4401
dcg                 =  1.41688e+02
f0                  =  2.35123e+05
phx                 =  -1.27872e+02
f180                =  6.87961e+05
gmx                 =  -1.32333e+01
 meas ac f0r when tdb=0 rise=1 failed!

tres                =  -4.95641e-01 at=  2.46888e+05
ROW iload_a=0.001 ceff_f=3.3e-07 esr_ohm=0.001 vout_v=1.7991 dcgain_db=141.688 f0_hz=235123 phase_at_f0_deg=-127.872 f180_hz=687961 gain_at_f180_db=-13.2333 f0_rising_hz= resurgence_db=-0.495641
Doing analysis at TEMP = 125.000000 and TNOM = 27.000000

Using SPARSE 1.3 as Direct Linear Solver
 Reference value :  0.00000e+00
No. of Data Rows : 1
Doing analysis at TEMP = 125.000000 and TNOM = 27.000000

Using SPARSE 1.3 as Direct Linear Solver
 Reference value :  1.16145e+00
No. of Data Rows : 4401
Doing analysis at TEMP = 125.000000 and TNOM = 27.000000

Using SPARSE 1.3 as Direct Linear Solver
 Reference value :  1.00000e-02
 Reference value :  3.89045e+07
No. of Data Rows : 4401
dcg                 =  1.41688e+02
f0                  =  2.35181e+05
phx                 =  -1.26511e+02
f180                =  7.34573e+05
gmx                 =  -1.42232e+01
 meas ac f0r when tdb=0 rise=1 failed!

tres                =  -5.51727e-01 at=  2.48313e+05
ROW iload_a=0.001 ceff_f=3.3e-07 esr_ohm=0.05 vout_v=1.7991 dcgain_db=141.688 f0_hz=235181 phase_at_f0_deg=-126.511 f180_hz=734573 gain_at_f180_db=-14.2232 f0_rising_hz= resurgence_db=-0.551727
Doing analysis at TEMP = 125.000000 and TNOM = 27.000000

Using SPARSE 1.3 as Direct Linear Solver
 Reference value :  0.00000e+00
No. of Data Rows : 1
Doing analysis at TEMP = 125.000000 and TNOM = 27.000000

Using SPARSE 1.3 as Direct Linear Solver
 Reference value :  1.00000e-02
 Reference value :  1.88365e+07
No. of Data Rows : 4401
Doing analysis at TEMP = 125.000000 and TNOM = 27.000000

Using SPARSE 1.3 as Direct Linear Solver
 Reference value :  1.00000e-02
 Reference value :  4.57088e+07
No. of Data Rows : 4401
dcg                 =  1.41688e+02
f0                  =  2.36084e+05
phx                 =  -1.22441e+02
f180                =  9.36702e+05
gmx                 =  -1.76618e+01
 meas ac f0r when tdb=0 rise=1 failed!

tres                =  -5.09005e-01 at=  2.48313e+05
ROW iload_a=0.001 ceff_f=3.3e-07 esr_ohm=0.2 vout_v=1.7991 dcgain_db=141.688 f0_hz=236084 phase_at_f0_deg=-122.441 f180_hz=936702 gain_at_f180_db=-17.6618 f0_rising_hz= resurgence_db=-0.509005
Doing analysis at TEMP = 125.000000 and TNOM = 27.000000

Using SPARSE 1.3 as Direct Linear Solver
 Reference value :  0.00000e+00
No. of Data Rows : 1
Doing analysis at TEMP = 125.000000 and TNOM = 27.000000

Using SPARSE 1.3 as Direct Linear Solver
 Reference value :  1.00000e-02
 Reference value :  2.91743e+07
No. of Data Rows : 4401
Doing analysis at TEMP = 125.000000 and TNOM = 27.000000

Using SPARSE 1.3 as Direct Linear Solver
 Reference value :  1.00000e-02
 Reference value :  3.48739e+07
No. of Data Rows : 4401
dcg                 =  1.41688e+02
f0                  =  2.41313e+05
phx                 =  -1.14707e+02
f180                =  1.46949e+06
gmx                 =  -2.17520e+01
 meas ac f0r when tdb=0 rise=1 failed!

tres                =  -5.00423e-01 at=  2.54097e+05
ROW iload_a=0.001 ceff_f=3.3e-07 esr_ohm=0.5 vout_v=1.7991 dcgain_db=141.688 f0_hz=241313 phase_at_f0_deg=-114.707 f180_hz=1.46949E+06 gain_at_f180_db=-21.752 f0_rising_hz= resurgence_db=-0.500423
Doing analysis at TEMP = 125.000000 and TNOM = 27.000000

Using SPARSE 1.3 as Direct Linear Solver
 Reference value :  0.00000e+00
No. of Data Rows : 1
Doing analysis at TEMP = 125.000000 and TNOM = 27.000000

Using SPARSE 1.3 as Direct Linear Solver
 Reference value :  1.00000e-02
 Reference value :  1.89452e+07
No. of Data Rows : 4401
Doing analysis at TEMP = 125.000000 and TNOM = 27.000000

Using SPARSE 1.3 as Direct Linear Solver
 Reference value :  1.00000e-02
 Reference value :  1.18850e+07
No. of Data Rows : 4401
dcg                 =  1.41688e+02
f0                  =  8.10678e+04
phx                 =  -1.08707e+02
f180                =  6.89728e+05
gmx                 =  -2.29014e+01
 meas ac f0r when tdb=0 rise=1 failed!

tres                =  -4.56603e-01 at=  8.56052e+04
ROW iload_a=0.001 ceff_f=1e-06 esr_ohm=0.001 vout_v=1.7991 dcgain_db=141.688 f0_hz=81067.8 phase_at_f0_deg=-108.707 f180_hz=689728 gain_at_f180_db=-22.9014 f0_rising_hz= resurgence_db=-0.456603
Doing analysis at TEMP = 125.000000 and TNOM = 27.000000

Using SPARSE 1.3 as Direct Linear Solver
 Reference value :  0.00000e+00
No. of Data Rows : 1
Doing analysis at TEMP = 125.000000 and TNOM = 27.000000

Using SPARSE 1.3 as Direct Linear Solver
 Reference value :  1.00000e-02
 Reference value :  1.34896e+07
No. of Data Rows : 4401
Doing analysis at TEMP = 125.000000 and TNOM = 27.000000

Using SPARSE 1.3 as Direct Linear Solver
 Reference value :  1.00000e-02
 Reference value :  4.78630e+07
No. of Data Rows : 4401
dcg                 =  1.41688e+02
f0                  =  8.10942e+04
phx                 =  -1.07278e+02
f180                =  8.60173e+05
gmx                 =  -2.61366e+01
 meas ac f0r when tdb=0 rise=1 failed!

tres                =  -4.53554e-01 at=  8.56052e+04
ROW iload_a=0.001 ceff_f=1e-06 esr_ohm=0.05 vout_v=1.7991 dcgain_db=141.688 f0_hz=81094.2 phase_at_f0_deg=-107.279 f180_hz=860173 gain_at_f180_db=-26.1366 f0_rising_hz= resurgence_db=-0.453554
Doing analysis at TEMP = 125.000000 and TNOM = 27.000000

Using SPARSE 1.3 as Direct Linear Solver
 Reference value :  0.00000e+00
No. of Data Rows : 1
Doing analysis at TEMP = 125.000000 and TNOM = 27.000000

Using SPARSE 1.3 as Direct Linear Solver
 Reference value :  1.00000e-02
 Reference value :  9.17276e+06
No. of Data Rows : 4401
Doing analysis at TEMP = 125.000000 and TNOM = 27.000000

Using SPARSE 1.3 as Direct Linear Solver
 Reference value :  1.00000e-02
 Reference value :  1.14156e+07
No. of Data Rows : 4401
dcg                 =  1.41688e+02
f0                  =  8.15045e+04
phx                 =  -1.02911e+02
f180                =  1.59095e+06
gmx                 =  -3.13344e+01
 meas ac f0r when tdb=0 rise=1 failed!

tres                =  -4.06999e-01 at=  8.56052e+04
ROW iload_a=0.001 ceff_f=1e-06 esr_ohm=0.2 vout_v=1.7991 dcgain_db=141.688 f0_hz=81504.5 phase_at_f0_deg=-102.911 f180_hz=1.59095E+06 gain_at_f180_db=-31.3344 f0_rising_hz= resurgence_db=-0.406999
Doing analysis at TEMP = 125.000000 and TNOM = 27.000000

Using SPARSE 1.3 as Direct Linear Solver
 Reference value :  0.00000e+00
No. of Data Rows : 1
Doing analysis at TEMP = 125.000000 and TNOM = 27.000000

Using SPARSE 1.3 as Direct Linear Solver
 Reference value :  1.00000e-02
 Reference value :  4.02717e+07
No. of Data Rows : 4401
Doing analysis at TEMP = 125.000000 and TNOM = 27.000000

Using SPARSE 1.3 as Direct Linear Solver
 Reference value :  1.00000e-02
 Reference value :  1.56675e+07
No. of Data Rows : 4401
dcg                 =  1.41688e+02
f0                  =  8.39336e+04
phx                 =  -9.41245e+01
f180                =  1.93515e+06
gmx                 =  -2.70706e+01
 meas ac f0r when tdb=0 rise=1 failed!

tres                =  -4.24027e-01 at=  8.86135e+04
ROW iload_a=0.001 ceff_f=1e-06 esr_ohm=0.5 vout_v=1.7991 dcgain_db=141.688 f0_hz=83933.6 phase_at_f0_deg=-94.1245 f180_hz=1.93515E+06 gain_at_f180_db=-27.0706 f0_rising_hz= resurgence_db=-0.424027
Doing analysis at TEMP = 125.000000 and TNOM = 27.000000

Using SPARSE 1.3 as Direct Linear Solver
 Reference value :  0.00000e+00
No. of Data Rows : 1
Doing analysis at TEMP = 125.000000 and TNOM = 27.000000

Using SPARSE 1.3 as Direct Linear Solver
 Reference value :  1.00000e-02
No. of Data Rows : 4401
Doing analysis at TEMP = 125.000000 and TNOM = 27.000000

Using SPARSE 1.3 as Direct Linear Solver
 Reference value :  1.00000e-02
 Reference value :  1.60325e+07
No. of Data Rows : 4401
dcg                 =  1.41688e+02
f0                  =  1.96399e+04
phx                 =  -1.31415e+02
f180                =  6.99856e+05
gmx                 =  -3.65694e+01
 meas ac f0r when tdb=0 rise=1 failed!

tres                =  -6.12469e-01 at=  2.06538e+04
ROW iload_a=0.001 ceff_f=4.7e-06 esr_ohm=0.001 vout_v=1.7991 dcgain_db=141.688 f0_hz=19639.9 phase_at_f0_deg=-131.415 f180_hz=699856 gain_at_f180_db=-36.5694 f0_rising_hz= resurgence_db=-0.61247
Doing analysis at TEMP = 125.000000 and TNOM = 27.000000

Using SPARSE 1.3 as Direct Linear Solver
 Reference value :  0.00000e+00
No. of Data Rows : 1
Doing analysis at TEMP = 125.000000 and TNOM = 27.000000

Using SPARSE 1.3 as Direct Linear Solver
 Reference value :  1.00000e-02
 Reference value :  1.08393e+07
No. of Data Rows : 4401
Doing analysis at TEMP = 125.000000 and TNOM = 27.000000

Using SPARSE 1.3 as Direct Linear Solver
 Reference value :  1.00000e-02
 Reference value :  1.62181e+07
No. of Data Rows : 4401
dcg                 =  1.41688e+02
f0                  =  1.96456e+04
phx                 =  -1.29778e+02
f180                =  1.68690e+06
gmx                 =  -4.45138e+01
 meas ac f0r when tdb=0 rise=1 failed!

tres                =  -6.08526e-01 at=  2.06538e+04
ROW iload_a=0.001 ceff_f=4.7e-06 esr_ohm=0.05 vout_v=1.7991 dcgain_db=141.688 f0_hz=19645.6 phase_at_f0_deg=-129.778 f180_hz=1.6869E+06 gain_at_f180_db=-44.5138 f0_rising_hz= resurgence_db=-0.608526
Doing analysis at TEMP = 125.000000 and TNOM = 27.000000

Using SPARSE 1.3 as Direct Linear Solver
 Reference value :  0.00000e+00
No. of Data Rows : 1
Doing analysis at TEMP = 125.000000 and TNOM = 27.000000

Using SPARSE 1.3 as Direct Linear Solver
 Reference value :  1.27350e+07
No. of Data Rows : 4401
Doing analysis at TEMP = 125.000000 and TNOM = 27.000000

Using SPARSE 1.3 as Direct Linear Solver
 Reference value :  1.00000e-02
 Reference value :  5.46387e+07
No. of Data Rows : 4401
dcg                 =  1.41688e+02
f0                  =  1.97331e+04
phx                 =  -1.24657e+02
f180                =  2.04107e+06
gmx                 =  -3.59575e+01
 meas ac f0r when tdb=0 rise=1 failed!

tres                =  -6.17109e-01 at=  2.07730e+04
ROW iload_a=0.001 ceff_f=4.7e-06 esr_ohm=0.2 vout_v=1.7991 dcgain_db=141.688 f0_hz=19733.1 phase_at_f0_deg=-124.657 f180_hz=2.04107E+06 gain_at_f180_db=-35.9575 f0_rising_hz= resurgence_db=-0.617109
Doing analysis at TEMP = 125.000000 and TNOM = 27.000000

Using SPARSE 1.3 as Direct Linear Solver
 Reference value :  0.00000e+00
No. of Data Rows : 1
Doing analysis at TEMP = 125.000000 and TNOM = 27.000000

Using SPARSE 1.3 as Direct Linear Solver
 Reference value :  1.00000e-02
 Reference value :  7.03882e+07
No. of Data Rows : 4401
Doing analysis at TEMP = 125.000000 and TNOM = 27.000000

Using SPARSE 1.3 as Direct Linear Solver
 Reference value :  1.00000e-02
 Reference value :  4.89779e+07
No. of Data Rows : 4401
dcg                 =  1.41688e+02
f0                  =  2.02449e+04
phx                 =  -1.13883e+02
f180                =  2.10481e+06
gmx                 =  -2.85292e+01
 meas ac f0r when tdb=0 rise=1 failed!

tres                =  -6.13009e-01 at=  2.13796e+04
ROW iload_a=0.001 ceff_f=4.7e-06 esr_ohm=0.5 vout_v=1.7991 dcgain_db=141.688 f0_hz=20244.9 phase_at_f0_deg=-113.883 f180_hz=2.10481E+06 gain_at_f180_db=-28.5292 f0_rising_hz= resurgence_db=-0.613009
Doing analysis at TEMP = 125.000000 and TNOM = 27.000000

Using SPARSE 1.3 as Direct Linear Solver
 Reference value :  0.00000e+00
No. of Data Rows : 1
Doing analysis at TEMP = 125.000000 and TNOM = 27.000000

Using SPARSE 1.3 as Direct Linear Solver
 Reference value :  1.00000e-02
 Reference value :  3.48739e+07
No. of Data Rows : 4401
Doing analysis at TEMP = 125.000000 and TNOM = 27.000000

Using SPARSE 1.3 as Direct Linear Solver
 Reference value :  1.00000e-02
No. of Data Rows : 4401
dcg                 =  1.40781e+02
f0                  =  4.49115e+05
phx                 =  -1.43249e+02
f180                =  8.31129e+05
gmx                 =  -7.34897e+00
 meas ac f0r when tdb=0 rise=1 failed!

tres                =  -5.46203e-01 at=  4.73151e+05
ROW iload_a=0.01 ceff_f=3.3e-07 esr_ohm=0.001 vout_v=1.7991 dcgain_db=140.781 f0_hz=449115 phase_at_f0_deg=-143.249 f180_hz=831129 gain_at_f180_db=-7.34897 f0_rising_hz= resurgence_db=-0.546203
Doing analysis at TEMP = 125.000000 and TNOM = 27.000000

Using SPARSE 1.3 as Direct Linear Solver
 Reference value :  0.00000e+00
No. of Data Rows : 1
Doing analysis at TEMP = 125.000000 and TNOM = 27.000000

Using SPARSE 1.3 as Direct Linear Solver
 Reference value :  1.34896e+06
No. of Data Rows : 4401
Doing analysis at TEMP = 125.000000 and TNOM = 27.000000

Using SPARSE 1.3 as Direct Linear Solver
 Reference value :  1.72783e+01
No. of Data Rows : 4401
dcg                 =  1.40781e+02
f0                  =  4.49510e+05
phx                 =  -1.40674e+02
f180                =  8.88063e+05
gmx                 =  -8.27176e+00
 meas ac f0r when tdb=0 rise=1 failed!

tres                =  -5.36041e-01 at=  4.73151e+05
ROW iload_a=0.01 ceff_f=3.3e-07 esr_ohm=0.05 vout_v=1.7991 dcgain_db=140.781 f0_hz=449510 phase_at_f0_deg=-140.674 f180_hz=888063 gain_at_f180_db=-8.27176 f0_rising_hz= resurgence_db=-0.536041
Doing analysis at TEMP = 125.000000 and TNOM = 27.000000

Using SPARSE 1.3 as Direct Linear Solver
 Reference value :  0.00000e+00
No. of Data Rows : 1
Doing analysis at TEMP = 125.000000 and TNOM = 27.000000

Using SPARSE 1.3 as Direct Linear Solver
 Reference value :  1.57580e+04
No. of Data Rows : 4401
Doing analysis at TEMP = 125.000000 and TNOM = 27.000000

Using SPARSE 1.3 as Direct Linear Solver
 Reference value :  2.57040e-02
No. of Data Rows : 4401
dcg                 =  1.40781e+02
f0                  =  4.55687e+05
phx                 =  -1.33249e+02
f180                =  1.12054e+06
gmx                 =  -1.12071e+01
 meas ac f0r when tdb=0 rise=1 failed!

tres                =  -5.01394e-01 at=  4.78630e+05
ROW iload_a=0.01 ceff_f=3.3e-07 esr_ohm=0.2 vout_v=1.7991 dcgain_db=140.781 f0_hz=455687 phase_at_f0_deg=-133.249 f180_hz=1.12054E+06 gain_at_f180_db=-11.2071 f0_rising_hz= resurgence_db=-0.501394
Doing analysis at TEMP = 125.000000 and TNOM = 27.000000

Using SPARSE 1.3 as Direct Linear Solver
 Reference value :  0.00000e+00
No. of Data Rows : 1
Doing analysis at TEMP = 125.000000 and TNOM = 27.000000

Using SPARSE 1.3 as Direct Linear Solver
 Reference value :  1.00000e-02
 Reference value :  4.62381e+07
No. of Data Rows : 4401
Doing analysis at TEMP = 125.000000 and TNOM = 27.000000

Using SPARSE 1.3 as Direct Linear Solver
 Reference value :  1.00000e-02
 Reference value :  1.08393e+08
No. of Data Rows : 4401
dcg                 =  1.40781e+02
f0                  =  4.94201e+05
phx                 =  -1.20606e+02
f180                =  1.62075e+06
gmx                 =  -1.35675e+01
 meas ac f0r when tdb=0 rise=1 failed!

tres                =  -4.86648e-01 at=  5.21795e+05
ROW iload_a=0.01 ceff_f=3.3e-07 esr_ohm=0.5 vout_v=1.7991 dcgain_db=140.781 f0_hz=494201 phase_at_f0_deg=-120.606 f180_hz=1.62075E+06 gain_at_f180_db=-13.5675 f0_rising_hz= resurgence_db=-0.486648
Doing analysis at TEMP = 125.000000 and TNOM = 27.000000

Using SPARSE 1.3 as Direct Linear Solver
 Reference value :  0.00000e+00
No. of Data Rows : 1
Doing analysis at TEMP = 125.000000 and TNOM = 27.000000

Using SPARSE 1.3 as Direct Linear Solver
 Reference value :  1.00000e-02
 Reference value :  1.84077e+07
No. of Data Rows : 4401
Doing analysis at TEMP = 125.000000 and TNOM = 27.000000

Using SPARSE 1.3 as Direct Linear Solver
 Reference value :  1.00000e-02
 Reference value :  3.84592e+07
No. of Data Rows : 4401
dcg                 =  1.40781e+02
f0                  =  1.63645e+05
phx                 =  -1.19483e+02
f180                =  8.33215e+05
gmx                 =  -1.70078e+01
 meas ac f0r when tdb=0 rise=1 failed!

tres                =  -5.01636e-01 at=  1.72783e+05
ROW iload_a=0.01 ceff_f=1e-06 esr_ohm=0.001 vout_v=1.7991 dcgain_db=140.781 f0_hz=163645 phase_at_f0_deg=-119.483 f180_hz=833215 gain_at_f180_db=-17.0078 f0_rising_hz= resurgence_db=-0.501636
Doing analysis at TEMP = 125.000000 and TNOM = 27.000000

Using SPARSE 1.3 as Direct Linear Solver
 Reference value :  0.00000e+00
No. of Data Rows : 1
Doing analysis at TEMP = 125.000000 and TNOM = 27.000000

Using SPARSE 1.3 as Direct Linear Solver
 Reference value :  1.00000e-02
 Reference value :  7.89769e+07
No. of Data Rows : 4401
Doing analysis at TEMP = 125.000000 and TNOM = 27.000000

Using SPARSE 1.3 as Direct Linear Solver
 Reference value :  1.00000e-02
 Reference value :  7.89769e+06
No. of Data Rows : 4401
dcg                 =  1.40781e+02
f0                  =  1.63840e+05
phx                 =  -1.16604e+02
f180                =  1.03577e+06
gmx                 =  -1.99026e+01
 meas ac f0r when tdb=0 rise=1 failed!

tres                =  -4.89337e-01 at=  1.72783e+05
ROW iload_a=0.01 ceff_f=1e-06 esr_ohm=0.05 vout_v=1.7991 dcgain_db=140.781 f0_hz=163840 phase_at_f0_deg=-116.604 f180_hz=1.03577E+06 gain_at_f180_db=-19.9026 f0_rising_hz= resurgence_db=-0.489337
Doing analysis at TEMP = 125.000000 and TNOM = 27.000000

Using SPARSE 1.3 as Direct Linear Solver
 Reference value :  0.00000e+00
No. of Data Rows : 1
Doing analysis at TEMP = 125.000000 and TNOM = 27.000000

Using SPARSE 1.3 as Direct Linear Solver
 Reference value :  1.00000e-02
 Reference value :  3.05492e+07
No. of Data Rows : 4401
Doing analysis at TEMP = 125.000000 and TNOM = 27.000000

Using SPARSE 1.3 as Direct Linear Solver
 Reference value :  1.00000e-02
No. of Data Rows : 4401
dcg                 =  1.40781e+02
f0                  =  1.66958e+05
phx                 =  -1.07835e+02
f180                =  1.72824e+06
gmx                 =  -2.28887e+01
 meas ac f0r when tdb=0 rise=1 failed!

tres                =  -4.55972e-01 at=  1.75792e+05
ROW iload_a=0.01 ceff_f=1e-06 esr_ohm=0.2 vout_v=1.7991 dcgain_db=140.781 f0_hz=166958 phase_at_f0_deg=-107.835 f180_hz=1.72824E+06 gain_at_f180_db=-22.8887 f0_rising_hz= resurgence_db=-0.455972
Doing analysis at TEMP = 125.000000 and TNOM = 27.000000

Using SPARSE 1.3 as Direct Linear Solver
 Reference value :  0.00000e+00
No. of Data Rows : 1
Doing analysis at TEMP = 125.000000 and TNOM = 27.000000

Using SPARSE 1.3 as Direct Linear Solver
 Reference value :  1.97242e+05
No. of Data Rows : 4401
Doing analysis at TEMP = 125.000000 and TNOM = 27.000000

Using SPARSE 1.3 as Direct Linear Solver
 Reference value :  4.92606e+00
No. of Data Rows : 4401
dcg                 =  1.40781e+02
f0                  =  1.88391e+05
phx                 =  -9.01660e+01
f180                =  2.04276e+06
gmx                 =  -1.82241e+01
 meas ac f0r when tdb=0 rise=1 failed!

tres                =  -3.55834e-01 at=  1.98381e+05
ROW iload_a=0.01 ceff_f=1e-06 esr_ohm=0.5 vout_v=1.7991 dcgain_db=140.781 f0_hz=188391 phase_at_f0_deg=-90.166 f180_hz=2.04276E+06 gain_at_f180_db=-18.2241 f0_rising_hz= resurgence_db=-0.355834
Doing analysis at TEMP = 125.000000 and TNOM = 27.000000

Using SPARSE 1.3 as Direct Linear Solver
 Reference value :  0.00000e+00
No. of Data Rows : 1
Doing analysis at TEMP = 125.000000 and TNOM = 27.000000

Using SPARSE 1.3 as Direct Linear Solver
 Reference value :  1.04112e+07
No. of Data Rows : 4401
Doing analysis at TEMP = 125.000000 and TNOM = 27.000000

Using SPARSE 1.3 as Direct Linear Solver
 Reference value :  8.08165e+03
No. of Data Rows : 4401
dcg                 =  1.40781e+02
f0                  =  4.35171e+04
phx                 =  -1.32567e+02
f180                =  8.45623e+05
gmx                 =  -3.06575e+01
 meas ac f0r when tdb=0 rise=1 failed!

tres                =  -5.83508e-01 at=  4.57088e+04
ROW iload_a=0.01 ceff_f=4.7e-06 esr_ohm=0.001 vout_v=1.7991 dcgain_db=140.781 f0_hz=43517.1 phase_at_f0_deg=-132.567 f180_hz=845623 gain_at_f180_db=-30.6575 f0_rising_hz= resurgence_db=-0.583508
Doing analysis at TEMP = 125.000000 and TNOM = 27.000000

Using SPARSE 1.3 as Direct Linear Solver
 Reference value :  0.00000e+00
No. of Data Rows : 1
Doing analysis at TEMP = 125.000000 and TNOM = 27.000000

Using SPARSE 1.3 as Direct Linear Solver
 Reference value :  4.73151e+01
No. of Data Rows : 4401
Doing analysis at TEMP = 125.000000 and TNOM = 27.000000

Using SPARSE 1.3 as Direct Linear Solver
 Reference value :  1.00000e-02
No. of Data Rows : 4401
dcg                 =  1.40781e+02
f0                  =  4.35805e+04
phx                 =  -1.28925e+02
f180                =  1.80917e+06
gmx                 =  -3.58582e+01
 meas ac f0r when tdb=0 rise=1 failed!

tres                =  -6.31775e-01 at=  4.59727e+04
ROW iload_a=0.01 ceff_f=4.7e-06 esr_ohm=0.05 vout_v=1.7991 dcgain_db=140.781 f0_hz=43580.5 phase_at_f0_deg=-128.925 f180_hz=1.80917E+06 gain_at_f180_db=-35.8582 f0_rising_hz= resurgence_db=-0.631775
Doing analysis at TEMP = 125.000000 and TNOM = 27.000000

Using SPARSE 1.3 as Direct Linear Solver
 Reference value :  0.00000e+00
No. of Data Rows : 1
Doing analysis at TEMP = 125.000000 and TNOM = 27.000000

Using SPARSE 1.3 as Direct Linear Solver
 Reference value :  2.49747e+06
No. of Data Rows : 4401
Doing analysis at TEMP = 125.000000 and TNOM = 27.000000

Using SPARSE 1.3 as Direct Linear Solver
 Reference value :  5.21795e-02
No. of Data Rows : 4401
dcg                 =  1.40781e+02
f0                  =  4.45849e+04
phx                 =  -1.17328e+02
f180                =  2.14191e+06
gmx                 =  -2.70275e+01
 meas ac f0r when tdb=0 rise=1 failed!

tres                =  -5.99863e-01 at=  4.70435e+04
ROW iload_a=0.01 ceff_f=4.7e-06 esr_ohm=0.2 vout_v=1.7991 dcgain_db=140.781 f0_hz=44584.9 phase_at_f0_deg=-117.328 f180_hz=2.14191E+06 gain_at_f180_db=-27.0275 f0_rising_hz= resurgence_db=-0.599863
Doing analysis at TEMP = 125.000000 and TNOM = 27.000000

Using SPARSE 1.3 as Direct Linear Solver
 Reference value :  0.00000e+00
No. of Data Rows : 1
Doing analysis at TEMP = 125.000000 and TNOM = 27.000000

Using SPARSE 1.3 as Direct Linear Solver
 Reference value :  4.51856e+03
No. of Data Rows : 4401
Doing analysis at TEMP = 125.000000 and TNOM = 27.000000

Using SPARSE 1.3 as Direct Linear Solver
 Reference value :  1.00000e-02
No. of Data Rows : 4401
dcg                 =  1.40781e+02
f0                  =  5.16045e+04
phx                 =  -9.15664e+01
f180                =  2.20385e+06
gmx                 =  -1.95836e+01
 meas ac f0r when tdb=0 rise=1 failed!

tres                =  -4.06664e-01 at=  5.43250e+04
ROW iload_a=0.01 ceff_f=4.7e-06 esr_ohm=0.5 vout_v=1.7991 dcgain_db=140.781 f0_hz=51604.5 phase_at_f0_deg=-91.5664 f180_hz=2.20385E+06 gain_at_f180_db=-19.5836 f0_rising_hz= resurgence_db=-0.406664
Doing analysis at TEMP = 125.000000 and TNOM = 27.000000

Using SPARSE 1.3 as Direct Linear Solver
 Reference value :  0.00000e+00
No. of Data Rows : 1
Doing analysis at TEMP = 125.000000 and TNOM = 27.000000

Using SPARSE 1.3 as Direct Linear Solver
 Reference value :  7.71792e+07
No. of Data Rows : 4401
Doing analysis at TEMP = 125.000000 and TNOM = 27.000000

Using SPARSE 1.3 as Direct Linear Solver
 Reference value :  8.96396e+05
No. of Data Rows : 4401
dcg                 =  1.39065e+02
f0                  =  5.55818e+05
phx                 =  -1.56265e+02
f180                =  8.03664e+05
gmx                 =  -4.70019e+00
 meas ac f0r when tdb=0 rise=1 failed!

tres                =  -6.08064e-01 at=  5.85464e+05
ROW iload_a=0.025 ceff_f=3.3e-07 esr_ohm=0.001 vout_v=1.7991 dcgain_db=139.065 f0_hz=555818 phase_at_f0_deg=-156.265 f180_hz=803664 gain_at_f180_db=-4.70019 f0_rising_hz= resurgence_db=-0.608064
Doing analysis at TEMP = 125.000000 and TNOM = 27.000000

Using SPARSE 1.3 as Direct Linear Solver
 Reference value :  0.00000e+00
No. of Data Rows : 1
Doing analysis at TEMP = 125.000000 and TNOM = 27.000000

Using SPARSE 1.3 as Direct Linear Solver
 Reference value :  6.20155e+03
No. of Data Rows : 4401
Doing analysis at TEMP = 125.000000 and TNOM = 27.000000

Using SPARSE 1.3 as Direct Linear Solver
 Reference value :  3.31131e-01
No. of Data Rows : 4401
dcg                 =  1.39065e+02
f0                  =  5.56485e+05
phx                 =  -1.53099e+02
f180                =  8.58516e+05
gmx                 =  -5.62205e+00
 meas ac f0r when tdb=0 rise=1 failed!

tres                =  -5.92642e-01 at=  5.85464e+05
ROW iload_a=0.025 ceff_f=3.3e-07 esr_ohm=0.05 vout_v=1.7991 dcgain_db=139.065 f0_hz=556485 phase_at_f0_deg=-153.099 f180_hz=858516 gain_at_f180_db=-5.62205 f0_rising_hz= resurgence_db=-0.592642
Doing analysis at TEMP = 125.000000 and TNOM = 27.000000

Using SPARSE 1.3 as Direct Linear Solver
 Reference value :  0.00000e+00
No. of Data Rows : 1
Doing analysis at TEMP = 125.000000 and TNOM = 27.000000

Using SPARSE 1.3 as Direct Linear Solver
 Reference value :  1.66917e+01
No. of Data Rows : 4401
Doing analysis at TEMP = 125.000000 and TNOM = 27.000000

Using SPARSE 1.3 as Direct Linear Solver
 Reference value :  1.00000e-02
No. of Data Rows : 4401
dcg                 =  1.39065e+02
f0                  =  5.67006e+05
phx                 =  -1.44219e+02
f180                =  1.08324e+06
gmx                 =  -8.58085e+00
 meas ac f0r when tdb=0 rise=1 failed!

tres                =  -5.58451e-01 at=  5.95662e+05
ROW iload_a=0.025 ceff_f=3.3e-07 esr_ohm=0.2 vout_v=1.7991 dcgain_db=139.065 f0_hz=567006 phase_at_f0_deg=-144.219 f180_hz=1.08324E+06 gain_at_f180_db=-8.58085 f0_rising_hz= resurgence_db=-0.558451
Doing analysis at TEMP = 125.000000 and TNOM = 27.000000

Using SPARSE 1.3 as Direct Linear Solver
 Reference value :  0.00000e+00
No. of Data Rows : 1
Doing analysis at TEMP = 125.000000 and TNOM = 27.000000

Using SPARSE 1.3 as Direct Linear Solver
 Reference value :  3.40800e+03
No. of Data Rows : 4401
Doing analysis at TEMP = 125.000000 and TNOM = 27.000000

Using SPARSE 1.3 as Direct Linear Solver
 Reference value :  1.00000e-02
No. of Data Rows : 4401
dcg                 =  1.39065e+02
f0                  =  6.32944e+05
phx                 =  -1.30677e+02
f180                =  1.57812e+06
gmx                 =  -1.10993e+01
 meas ac f0r when tdb=0 rise=1 failed!

tres                =  -5.32498e-01 at=  6.68344e+05
ROW iload_a=0.025 ceff_f=3.3e-07 esr_ohm=0.5 vout_v=1.7991 dcgain_db=139.065 f0_hz=632944 phase_at_f0_deg=-130.677 f180_hz=1.57812E+06 gain_at_f180_db=-11.0993 f0_rising_hz= resurgence_db=-0.532498
Doing analysis at TEMP = 125.000000 and TNOM = 27.000000

Using SPARSE 1.3 as Direct Linear Solver
 Reference value :  0.00000e+00
No. of Data Rows : 1
Doing analysis at TEMP = 125.000000 and TNOM = 27.000000

Using SPARSE 1.3 as Direct Linear Solver
 Reference value :  6.30957e+06
No. of Data Rows : 4401
Doing analysis at TEMP = 125.000000 and TNOM = 27.000000

Using SPARSE 1.3 as Direct Linear Solver
 Reference value :  3.95822e+04
No. of Data Rows : 4401
dcg                 =  1.39065e+02
f0                  =  2.14593e+05
phx                 =  -1.24812e+02
f180                =  8.05466e+05
gmx                 =  -1.43520e+01
 meas ac f0r when tdb=0 rise=1 failed!

tres                =  -5.07868e-01 at=  2.26464e+05
ROW iload_a=0.025 ceff_f=1e-06 esr_ohm=0.001 vout_v=1.7991 dcgain_db=139.065 f0_hz=214593 phase_at_f0_deg=-124.812 f180_hz=805466 gain_at_f180_db=-14.352 f0_rising_hz= resurgence_db=-0.507868
Doing analysis at TEMP = 125.000000 and TNOM = 27.000000

Using SPARSE 1.3 as Direct Linear Solver

No. of Data Rows : 1
Doing analysis at TEMP = 125.000000 and TNOM = 27.000000

Using SPARSE 1.3 as Direct Linear Solver
 Reference value :  1.00000e-02
No. of Data Rows : 4401
Doing analysis at TEMP = 125.000000 and TNOM = 27.000000

Using SPARSE 1.3 as Direct Linear Solver
 Reference value :  1.00000e-02
No. of Data Rows : 4401
dcg                 =  1.39065e+02
f0                  =  2.15023e+05
phx                 =  -1.21055e+02
f180                =  1.00087e+06
gmx                 =  -1.72548e+01
 meas ac f0r when tdb=0 rise=1 failed!

tres                =  -4.86821e-01 at=  2.26464e+05
ROW iload_a=0.025 ceff_f=1e-06 esr_ohm=0.05 vout_v=1.7991 dcgain_db=139.065 f0_hz=215023 phase_at_f0_deg=-121.055 f180_hz=1.00087E+06 gain_at_f180_db=-17.2547 f0_rising_hz= resurgence_db=-0.48682
Doing analysis at TEMP = 125.000000 and TNOM = 27.000000

Using SPARSE 1.3 as Direct Linear Solver
 Reference value :  0.00000e+00
No. of Data Rows : 1
Doing analysis at TEMP = 125.000000 and TNOM = 27.000000

Using SPARSE 1.3 as Direct Linear Solver
 Reference value :  2.69153e+00
No. of Data Rows : 4401
Doing analysis at TEMP = 125.000000 and TNOM = 27.000000

Using SPARSE 1.3 as Direct Linear Solver
 Reference value :  1.00000e-02
No. of Data Rows : 4401
dcg                 =  1.39065e+02
f0                  =  2.22051e+05
phx                 =  -1.09816e+02
f180                =  1.68603e+06
gmx                 =  -2.04407e+01
 meas ac f0r when tdb=0 rise=1 failed!

tres                =  -4.76387e-01 at=  2.34423e+05
ROW iload_a=0.025 ceff_f=1e-06 esr_ohm=0.2 vout_v=1.7991 dcgain_db=139.065 f0_hz=222051 phase_at_f0_deg=-109.816 f180_hz=1.68603E+06 gain_at_f180_db=-20.4407 f0_rising_hz= resurgence_db=-0.476387
Doing analysis at TEMP = 125.000000 and TNOM = 27.000000

Using SPARSE 1.3 as Direct Linear Solver
 Reference value :  0.00000e+00
No. of Data Rows : 1
Doing analysis at TEMP = 125.000000 and TNOM = 27.000000

Using SPARSE 1.3 as Direct Linear Solver
 Reference value :  2.18776e+01
No. of Data Rows : 4401
Doing analysis at TEMP = 125.000000 and TNOM = 27.000000

Using SPARSE 1.3 as Direct Linear Solver
 Reference value :  1.00000e-02
No. of Data Rows : 4401
dcg                 =  1.39065e+02
f0                  =  2.77807e+05
phx                 =  -8.86794e+01
f180                =  2.00028e+06
gmx                 =  -1.58181e+01
 meas ac f0r when tdb=0 rise=1 failed!

tres                =  -2.82105e-01 at=  2.91743e+05
ROW iload_a=0.025 ceff_f=1e-06 esr_ohm=0.5 vout_v=1.7991 dcgain_db=139.065 f0_hz=277807 phase_at_f0_deg=-88.6794 f180_hz=2.00028E+06 gain_at_f180_db=-15.8181 f0_rising_hz= resurgence_db=-0.282105
Doing analysis at TEMP = 125.000000 and TNOM = 27.000000

Using SPARSE 1.3 as Direct Linear Solver
 Reference value :  0.00000e+00
No. of Data Rows : 1
Doing analysis at TEMP = 125.000000 and TNOM = 27.000000

Using SPARSE 1.3 as Direct Linear Solver
 Reference value :  1.20226e+04
No. of Data Rows : 4401
Doing analysis at TEMP = 125.000000 and TNOM = 27.000000

Using SPARSE 1.3 as Direct Linear Solver
 Reference value :  3.71535e+00
No. of Data Rows : 4401
dcg                 =  1.39065e+02
f0                  =  5.61819e+04
phx                 =  -1.30523e+02
f180                =  8.17317e+05
gmx                 =  -2.79973e+01
 meas ac f0r when tdb=0 rise=1 failed!

tres                =  -6.01336e-01 at=  5.92243e+04
ROW iload_a=0.025 ceff_f=4.7e-06 esr_ohm=0.001 vout_v=1.7991 dcgain_db=139.065 f0_hz=56181.9 phase_at_f0_deg=-130.523 f180_hz=817317 gain_at_f180_db=-27.9973 f0_rising_hz= resurgence_db=-0.601336
Doing analysis at TEMP = 125.000000 and TNOM = 27.000000

Using SPARSE 1.3 as Direct Linear Solver
 Reference value :  0.00000e+00
No. of Data Rows : 1
Doing analysis at TEMP = 125.000000 and TNOM = 27.000000

Using SPARSE 1.3 as Direct Linear Solver
 Reference value :  1.05317e+05
No. of Data Rows : 4401
Doing analysis at TEMP = 125.000000 and TNOM = 27.000000

Using SPARSE 1.3 as Direct Linear Solver
 Reference value :  3.01995e+03
No. of Data Rows : 4401
dcg                 =  1.39065e+02
f0                  =  5.63237e+04
phx                 =  -1.25815e+02
f180                =  1.76640e+06
gmx                 =  -3.34146e+01
 meas ac f0r when tdb=0 rise=1 failed!

tres                =  -5.69241e-01 at=  5.92243e+04
ROW iload_a=0.025 ceff_f=4.7e-06 esr_ohm=0.05 vout_v=1.7991 dcgain_db=139.065 f0_hz=56323.7 phase_at_f0_deg=-125.815 f180_hz=1.7664E+06 gain_at_f180_db=-33.4146 f0_rising_hz= resurgence_db=-0.569241
Doing analysis at TEMP = 125.000000 and TNOM = 27.000000

Using SPARSE 1.3 as Direct Linear Solver

No. of Data Rows : 1
Doing analysis at TEMP = 125.000000 and TNOM = 27.000000

Using SPARSE 1.3 as Direct Linear Solver
 Reference value :  1.00000e-02
No. of Data Rows : 4401
Doing analysis at TEMP = 125.000000 and TNOM = 27.000000

Using SPARSE 1.3 as Direct Linear Solver
 Reference value :  1.00000e-02
No. of Data Rows : 4401
dcg                 =  1.39065e+02
f0                  =  5.86347e+04
phx                 =  -1.10706e+02
f180                =  2.09935e+06
gmx                 =  -2.46198e+01
 meas ac f0r when tdb=0 rise=1 failed!

tres                =  -5.17606e-01 at=  6.16595e+04
ROW iload_a=0.025 ceff_f=4.7e-06 esr_ohm=0.2 vout_v=1.7991 dcgain_db=139.065 f0_hz=58634.7 phase_at_f0_deg=-110.706 f180_hz=2.09934E+06 gain_at_f180_db=-24.6198 f0_rising_hz= resurgence_db=-0.517606
Doing analysis at TEMP = 125.000000 and TNOM = 27.000000

Using SPARSE 1.3 as Direct Linear Solver
 Reference value :  0.00000e+00
No. of Data Rows : 1
Doing analysis at TEMP = 125.000000 and TNOM = 27.000000

Using SPARSE 1.3 as Direct Linear Solver
 Reference value :  1.34896e+02
No. of Data Rows : 4401
Doing analysis at TEMP = 125.000000 and TNOM = 27.000000

Using SPARSE 1.3 as Direct Linear Solver
 Reference value :  2.38506e-01
No. of Data Rows : 4401
dcg                 =  1.39065e+02
f0                  =  7.88188e+04
phx                 =  -7.57720e+01
f180                =  2.16055e+06
gmx                 =  -1.71785e+01
 meas ac f0r when tdb=0 rise=1 failed!

tres                =  -2.85114e-01 at=  8.31764e+04
ROW iload_a=0.025 ceff_f=4.7e-06 esr_ohm=0.5 vout_v=1.7991 dcgain_db=139.065 f0_hz=78818.8 phase_at_f0_deg=-75.772 f180_hz=2.16055E+06 gain_at_f180_db=-17.1785 f0_rising_hz= resurgence_db=-0.285114
Doing analysis at TEMP = 125.000000 and TNOM = 27.000000

Using SPARSE 1.3 as Direct Linear Solver
 Reference value :  0.00000e+00
No. of Data Rows : 1
Doing analysis at TEMP = 125.000000 and TNOM = 27.000000

Using SPARSE 1.3 as Direct Linear Solver
 Reference value :  5.88844e+00
No. of Data Rows : 4401
Doing analysis at TEMP = 125.000000 and TNOM = 27.000000

Using SPARSE 1.3 as Direct Linear Solver
 Reference value :  1.00000e-02
No. of Data Rows : 4401
dcg                 =  1.36895e+02
f0                  =  6.45054e+05
phx                 =  -1.66052e+02
f180                =  7.91509e+05
gmx                 =  -2.71944e+00
 meas ac f0r when tdb=0 rise=1 failed!

tres                =  -6.70546e-01 at=  6.79986e+05
ROW iload_a=0.05 ceff_f=3.3e-07 esr_ohm=0.001 vout_v=1.7991 dcgain_db=136.895 f0_hz=645054 phase_at_f0_deg=-166.052 f180_hz=791509 gain_at_f180_db=-2.71944 f0_rising_hz= resurgence_db=-0.670546
Doing analysis at TEMP = 125.000000 and TNOM = 27.000000

Using SPARSE 1.3 as Direct Linear Solver
 Reference value :  0.00000e+00
No. of Data Rows : 1
Doing analysis at TEMP = 125.000000 and TNOM = 27.000000

Using SPARSE 1.3 as Direct Linear Solver
 Reference value :  3.00262e+02
No. of Data Rows : 4401
Doing analysis at TEMP = 125.000000 and TNOM = 27.000000

Using SPARSE 1.3 as Direct Linear Solver
 Reference value :  1.00000e-02
No. of Data Rows : 4401
dcg                 =  1.36895e+02
f0                  =  6.45999e+05
phx                 =  -1.62396e+02
f180                =  8.44953e+05
gmx                 =  -3.62951e+00
 meas ac f0r when tdb=0 rise=1 failed!

tres                =  -6.50093e-01 at=  6.79986e+05
ROW iload_a=0.05 ceff_f=3.3e-07 esr_ohm=0.05 vout_v=1.7991 dcgain_db=136.895 f0_hz=645999 phase_at_f0_deg=-162.396 f180_hz=844953 gain_at_f180_db=-3.62951 f0_rising_hz= resurgence_db=-0.650093
Doing analysis at TEMP = 125.000000 and TNOM = 27.000000

Using SPARSE 1.3 as Direct Linear Solver
 Reference value :  0.00000e+00
No. of Data Rows : 1
Doing analysis at TEMP = 125.000000 and TNOM = 27.000000

Using SPARSE 1.3 as Direct Linear Solver
 Reference value :  5.88844e+02
No. of Data Rows : 4401
Doing analysis at TEMP = 125.000000 and TNOM = 27.000000

Using SPARSE 1.3 as Direct Linear Solver
 Reference value :  1.00000e-02
No. of Data Rows : 4401
dcg                 =  1.36895e+02
f0                  =  6.61121e+05
phx                 =  -1.52391e+02
f180                =  1.06315e+06
gmx                 =  -6.54747e+00
 meas ac f0r when tdb=0 rise=1 failed!

tres                =  -6.26546e-01 at=  6.95825e+05
ROW iload_a=0.05 ceff_f=3.3e-07 esr_ohm=0.2 vout_v=1.7991 dcgain_db=136.895 f0_hz=661120 phase_at_f0_deg=-152.391 f180_hz=1.06314E+06 gain_at_f180_db=-6.54747 f0_rising_hz= resurgence_db=-0.626546
Doing analysis at TEMP = 125.000000 and TNOM = 27.000000

Using SPARSE 1.3 as Direct Linear Solver
 Reference value :  0.00000e+00
No. of Data Rows : 1
Doing analysis at TEMP = 125.000000 and TNOM = 27.000000

Using SPARSE 1.3 as Direct Linear Solver
 Reference value :  6.99842e+04
No. of Data Rows : 4401
Doing analysis at TEMP = 125.000000 and TNOM = 27.000000

Using SPARSE 1.3 as Direct Linear Solver
 Reference value :  8.03526e+01
No. of Data Rows : 4401
dcg                 =  1.36895e+02
f0                  =  7.55160e+05
phx                 =  -1.38734e+02
f180                =  1.54646e+06
gmx                 =  -9.07172e+00
 meas ac f0r when tdb=0 rise=1 failed!

tres                =  -5.32663e-01 at=  7.94328e+05
ROW iload_a=0.05 ceff_f=3.3e-07 esr_ohm=0.5 vout_v=1.7991 dcgain_db=136.895 f0_hz=755160 phase_at_f0_deg=-138.734 f180_hz=1.54646E+06 gain_at_f180_db=-9.07172 f0_rising_hz= resurgence_db=-0.532663
Doing analysis at TEMP = 125.000000 and TNOM = 27.000000

Using SPARSE 1.3 as Direct Linear Solver
 Reference value :  0.00000e+00
No. of Data Rows : 1
Doing analysis at TEMP = 125.000000 and TNOM = 27.000000

Using SPARSE 1.3 as Direct Linear Solver
 Reference value :  1.61250e+01
No. of Data Rows : 4401
Doing analysis at TEMP = 125.000000 and TNOM = 27.000000

Using SPARSE 1.3 as Direct Linear Solver
 Reference value :  1.00000e-02
 Reference value :  1.25893e+07
No. of Data Rows : 4401
dcg                 =  1.36895e+02
f0                  =  2.60805e+05
phx                 =  -1.29183e+02
f180                =  7.92923e+05
gmx                 =  -1.23617e+01
 meas ac f0r when tdb=0 rise=1 failed!

tres                =  -5.24488e-01 at=  2.75423e+05
ROW iload_a=0.05 ceff_f=1e-06 esr_ohm=0.001 vout_v=1.7991 dcgain_db=136.895 f0_hz=260805 phase_at_f0_deg=-129.183 f180_hz=792923 gain_at_f180_db=-12.3617 f0_rising_hz= resurgence_db=-0.524488
Doing analysis at TEMP = 125.000000 and TNOM = 27.000000

Using SPARSE 1.3 as Direct Linear Solver
 Reference value :  0.00000e+00
No. of Data Rows : 1
Doing analysis at TEMP = 125.000000 and TNOM = 27.000000

Using SPARSE 1.3 as Direct Linear Solver
 Reference value :  1.00000e-02
 Reference value :  1.61250e+07
No. of Data Rows : 4401
Doing analysis at TEMP = 125.000000 and TNOM = 27.000000

Using SPARSE 1.3 as Direct Linear Solver
 Reference value :  1.00000e-02
 Reference value :  3.71535e+07
No. of Data Rows : 4401
dcg                 =  1.36895e+02
f0                  =  2.61559e+05
phx                 =  -1.24642e+02
f180                =  9.82939e+05
gmx                 =  -1.52242e+01
 meas ac f0r when tdb=0 rise=1 failed!

tres                =  -4.93573e-01 at=  2.75423e+05
ROW iload_a=0.05 ceff_f=1e-06 esr_ohm=0.05 vout_v=1.7991 dcgain_db=136.895 f0_hz=261559 phase_at_f0_deg=-124.642 f180_hz=982939 gain_at_f180_db=-15.2242 f0_rising_hz= resurgence_db=-0.493573
Doing analysis at TEMP = 125.000000 and TNOM = 27.000000

Using SPARSE 1.3 as Direct Linear Solver
 Reference value :  0.00000e+00
No. of Data Rows : 1
Doing analysis at TEMP = 125.000000 and TNOM = 27.000000

Using SPARSE 1.3 as Direct Linear Solver
 Reference value :  1.00000e-02
 Reference value :  3.16228e+07
No. of Data Rows : 4401
Doing analysis at TEMP = 125.000000 and TNOM = 27.000000

Using SPARSE 1.3 as Direct Linear Solver
 Reference value :  1.00000e-02
 Reference value :  5.24807e+07
No. of Data Rows : 4401
dcg                 =  1.36895e+02
f0                  =  2.74191e+05
phx                 =  -1.11379e+02
f180                =  1.65307e+06
gmx                 =  -1.84139e+01
 meas ac f0r when tdb=0 rise=1 failed!

tres                =  -4.39727e-01 at=  2.88403e+05
ROW iload_a=0.05 ceff_f=1e-06 esr_ohm=0.2 vout_v=1.7991 dcgain_db=136.895 f0_hz=274191 phase_at_f0_deg=-111.379 f180_hz=1.65307E+06 gain_at_f180_db=-18.4139 f0_rising_hz= resurgence_db=-0.439727
Doing analysis at TEMP = 125.000000 and TNOM = 27.000000

Using SPARSE 1.3 as Direct Linear Solver
 Reference value :  0.00000e+00
No. of Data Rows : 1
Doing analysis at TEMP = 125.000000 and TNOM = 27.000000

Using SPARSE 1.3 as Direct Linear Solver
 Reference value :  1.00000e-02
 Reference value :  2.98538e+07
No. of Data Rows : 4401
Doing analysis at TEMP = 125.000000 and TNOM = 27.000000

Using SPARSE 1.3 as Direct Linear Solver
 Reference value :  1.00000e-02
 Reference value :  8.08165e+07
No. of Data Rows : 4401
dcg                 =  1.36895e+02
f0                  =  3.89748e+05
phx                 =  -9.02707e+01
f180                =  1.96358e+06
gmx                 =  -1.38095e+01
 meas ac f0r when tdb=0 rise=1 failed!

tres                =  -2.50756e-01 at=  4.09732e+05
ROW iload_a=0.05 ceff_f=1e-06 esr_ohm=0.5 vout_v=1.7991 dcgain_db=136.895 f0_hz=389748 phase_at_f0_deg=-90.2707 f180_hz=1.96358E+06 gain_at_f180_db=-13.8095 f0_rising_hz= resurgence_db=-0.250756
Doing analysis at TEMP = 125.000000 and TNOM = 27.000000

Using SPARSE 1.3 as Direct Linear Solver
 Reference value :  0.00000e+00
No. of Data Rows : 1
Doing analysis at TEMP = 125.000000 and TNOM = 27.000000

Using SPARSE 1.3 as Direct Linear Solver
 Reference value :  1.00000e-02
 Reference value :  3.29230e+07
No. of Data Rows : 4401
Doing analysis at TEMP = 125.000000 and TNOM = 27.000000

Using SPARSE 1.3 as Direct Linear Solver
 Reference value :  1.00000e-02
 Reference value :  2.77013e+07
No. of Data Rows : 4401
dcg                 =  1.36895e+02
f0                  =  6.71686e+04
phx                 =  -1.28644e+02
f180                =  8.04335e+05
gmx                 =  -2.60002e+01
 meas ac f0r when tdb=0 rise=1 failed!

tres                =  -5.79541e-01 at=  7.07946e+04
ROW iload_a=0.05 ceff_f=4.7e-06 esr_ohm=0.001 vout_v=1.7991 dcgain_db=136.895 f0_hz=67168.6 phase_at_f0_deg=-128.643 f180_hz=804336 gain_at_f180_db=-26.0002 f0_rising_hz= resurgence_db=-0.579541
Doing analysis at TEMP = 125.000000 and TNOM = 27.000000

Using SPARSE 1.3 as Direct Linear Solver
 Reference value :  0.00000e+00
No. of Data Rows : 1
Doing analysis at TEMP = 125.000000 and TNOM = 27.000000

Using SPARSE 1.3 as Direct Linear Solver
 Reference value :  3.82384e+01
No. of Data Rows : 4401
Doing analysis at TEMP = 125.000000 and TNOM = 27.000000

Using SPARSE 1.3 as Direct Linear Solver
 Reference value :  1.00000e-02
No. of Data Rows : 4401
dcg                 =  1.36895e+02
f0                  =  6.74183e+04
phx                 =  -1.23012e+02
f180                =  1.73224e+06
gmx                 =  -3.13861e+01
 meas ac f0r when tdb=0 rise=1 failed!

tres                =  -5.34026e-01 at=  7.07946e+04
ROW iload_a=0.05 ceff_f=4.7e-06 esr_ohm=0.05 vout_v=1.7991 dcgain_db=136.895 f0_hz=67418.3 phase_at_f0_deg=-123.012 f180_hz=1.73224E+06 gain_at_f180_db=-31.3861 f0_rising_hz= resurgence_db=-0.534026
Doing analysis at TEMP = 125.000000 and TNOM = 27.000000

Using SPARSE 1.3 as Direct Linear Solver
 Reference value :  0.00000e+00
No. of Data Rows : 1
Doing analysis at TEMP = 125.000000 and TNOM = 27.000000

Using SPARSE 1.3 as Direct Linear Solver
 Reference value :  5.59114e+04
No. of Data Rows : 4401
Doing analysis at TEMP = 125.000000 and TNOM = 27.000000

Using SPARSE 1.3 as Direct Linear Solver
 Reference value :  3.65174e-02
No. of Data Rows : 4401
dcg                 =  1.36895e+02
f0                  =  7.16343e+04
phx                 =  -1.04816e+02
f180                =  2.06191e+06
gmx                 =  -2.26059e+01
 meas ac f0r when tdb=0 rise=1 failed!

tres                =  -4.87459e-01 at=  7.54223e+04
ROW iload_a=0.05 ceff_f=4.7e-06 esr_ohm=0.2 vout_v=1.7991 dcgain_db=136.895 f0_hz=71634.3 phase_at_f0_deg=-104.816 f180_hz=2.06191E+06 gain_at_f180_db=-22.6059 f0_rising_hz= resurgence_db=-0.487459
Doing analysis at TEMP = 125.000000 and TNOM = 27.000000

Using SPARSE 1.3 as Direct Linear Solver
 Reference value :  0.00000e+00
No. of Data Rows : 1
Doing analysis at TEMP = 125.000000 and TNOM = 27.000000

Using SPARSE 1.3 as Direct Linear Solver
 Reference value :  1.62181e+04
No. of Data Rows : 4401
Doing analysis at TEMP = 125.000000 and TNOM = 27.000000

Using SPARSE 1.3 as Direct Linear Solver
 Reference value :  2.63027e+00
No. of Data Rows : 4401
dcg                 =  1.36895e+02
f0                  =  1.25200e+05
phx                 =  -6.12023e+01
f180                =  2.12190e+06
gmx                 =  -1.51667e+01
 meas ac f0r when tdb=0 rise=1 failed!

tres                =  -1.50945e-01 at=  1.31826e+05
ROW iload_a=0.05 ceff_f=4.7e-06 esr_ohm=0.5 vout_v=1.7991 dcgain_db=136.895 f0_hz=125200 phase_at_f0_deg=-61.2024 f180_hz=2.12190E+06 gain_at_f180_db=-15.1667 f0_rising_hz= resurgence_db=-0.150945
* SWEEP COMPLETE fs_125c_3.63v
Note: Simulation executed from .control section 
Warning: m=xx on .subckt line will override multiplier m hierarchy!


Error: measure  f0r  when(WHEN) : out of interval
Error: &f0r: no such variable.

Error: measure  f0r  when(WHEN) : out of interval
Error: &f0r: no such variable.

Error: measure  f0r  when(WHEN) : out of interval
Error: &f0r: no such variable.

Error: measure  f0r  when(WHEN) : out of interval
Error: &f0r: no such variable.

Error: measure  f0r  when(WHEN) : out of interval
Error: &f0r: no such variable.

Error: measure  f0r  when(WHEN) : out of interval
Error: &f0r: no such variable.

Error: measure  f0r  when(WHEN) : out of interval
Error: &f0r: no such variable.

Error: measure  f0r  when(WHEN) : out of interval
Error: &f0r: no such variable.

Error: measure  f0r  when(WHEN) : out of interval
Error: &f0r: no such variable.

Error: measure  f0r  when(WHEN) : out of interval
Error: &f0r: no such variable.

Error: measure  f0r  when(WHEN) : out of interval
Error: &f0r: no such variable.

Error: measure  f0r  when(WHEN) : out of interval
Error: &f0r: no such variable.
Note: Starting dynamic gmin stepping
Note: Dynamic gmin stepping completed
Note: Starting dynamic gmin stepping
Note: Dynamic gmin stepping completed
Note: Starting dynamic gmin stepping
Note: Dynamic gmin stepping completed

Error: measure  f0r  when(WHEN) : out of interval
Error: &f0r: no such variable.
Note: Starting dynamic gmin stepping
Note: Dynamic gmin stepping completed
Note: Starting dynamic gmin stepping
Note: Dynamic gmin stepping completed
Note: Starting dynamic gmin stepping
Note: Dynamic gmin stepping completed

Error: measure  f0r  when(WHEN) : out of interval
Error: &f0r: no such variable.
Note: Starting dynamic gmin stepping
Note: Dynamic gmin stepping completed
Note: Starting dynamic gmin stepping
Note: Dynamic gmin stepping completed
Note: Starting dynamic gmin stepping
Note: Dynamic gmin stepping completed

Error: measure  f0r  when(WHEN) : out of interval
Error: &f0r: no such variable.
Note: Starting dynamic gmin stepping
Note: Dynamic gmin stepping completed
Note: Starting dynamic gmin stepping
Note: Dynamic gmin stepping completed
Note: Starting dynamic gmin stepping
Note: Dynamic gmin stepping completed

Error: measure  f0r  when(WHEN) : out of interval
Error: &f0r: no such variable.
Note: Starting dynamic gmin stepping
Note: Dynamic gmin stepping completed
Note: Starting dynamic gmin stepping
Note: Dynamic gmin stepping completed
Note: Starting dynamic gmin stepping
Note: Dynamic gmin stepping completed

Error: measure  f0r  when(WHEN) : out of interval
Error: &f0r: no such variable.
Note: Starting dynamic gmin stepping
Note: Dynamic gmin stepping completed
Note: Starting dynamic gmin stepping
Note: Dynamic gmin stepping completed
Note: Starting dynamic gmin stepping
Note: Dynamic gmin stepping completed

Error: measure  f0r  when(WHEN) : out of interval
Error: &f0r: no such variable.
Note: Starting dynamic gmin stepping
Note: Dynamic gmin stepping completed
Note: Starting dynamic gmin stepping
Note: Dynamic gmin stepping completed
Note: Starting dynamic gmin stepping
Note: Dynamic gmin stepping completed

Error: measure  f0r  when(WHEN) : out of interval
Error: &f0r: no such variable.
Note: Starting dynamic gmin stepping
Note: Dynamic gmin stepping completed
Note: Starting dynamic gmin stepping
Note: Dynamic gmin stepping completed
Note: Starting dynamic gmin stepping
Note: Dynamic gmin stepping completed

Error: measure  f0r  when(WHEN) : out of interval
Error: &f0r: no such variable.
Note: Starting dynamic gmin stepping
Note: Dynamic gmin stepping completed
Note: Starting dynamic gmin stepping
Note: Dynamic gmin stepping completed
Note: Starting dynamic gmin stepping
Note: Dynamic gmin stepping completed

Error: measure  f0r  when(WHEN) : out of interval
Error: &f0r: no such variable.
Note: Starting dynamic gmin stepping
Note: Dynamic gmin stepping completed
Note: Starting dynamic gmin stepping
Note: Dynamic gmin stepping completed
Note: Starting dynamic gmin stepping
Note: Dynamic gmin stepping completed

Error: measure  f0r  when(WHEN) : out of interval
Error: &f0r: no such variable.
Note: Starting dynamic gmin stepping
Note: Dynamic gmin stepping completed
Note: Starting dynamic gmin stepping
Note: Dynamic gmin stepping completed
Note: Starting dynamic gmin stepping
Note: Dynamic gmin stepping completed

Error: measure  f0r  when(WHEN) : out of interval
Error: &f0r: no such variable.
Note: Starting dynamic gmin stepping
Note: Dynamic gmin stepping completed
Note: Starting dynamic gmin stepping
Note: Dynamic gmin stepping completed
Note: Starting dynamic gmin stepping
Note: Dynamic gmin stepping completed

Error: measure  f0r  when(WHEN) : out of interval
Error: &f0r: no such variable.
Note: Starting dynamic gmin stepping
Note: Dynamic gmin stepping completed
Note: Starting dynamic gmin stepping
Note: Dynamic gmin stepping completed
Note: Starting dynamic gmin stepping
Note: Dynamic gmin stepping completed

Error: measure  f0r  when(WHEN) : out of interval
Error: &f0r: no such variable.
Note: Starting dynamic gmin stepping
Note: Dynamic gmin stepping completed
Note: Starting dynamic gmin stepping
Note: Dynamic gmin stepping completed
Note: Starting dynamic gmin stepping
Note: Dynamic gmin stepping completed

Error: measure  f0r  when(WHEN) : out of interval
Error: &f0r: no such variable.
Note: Starting dynamic gmin stepping
Note: Dynamic gmin stepping completed
Note: Starting dynamic gmin stepping
Note: Dynamic gmin stepping completed
Note: Starting dynamic gmin stepping
Note: Dynamic gmin stepping completed

Error: measure  f0r  when(WHEN) : out of interval
Error: &f0r: no such variable.
Note: Starting dynamic gmin stepping
Note: Dynamic gmin stepping completed
Note: Starting dynamic gmin stepping
Note: Dynamic gmin stepping completed
Note: Starting dynamic gmin stepping
Note: Dynamic gmin stepping completed

Error: measure  f0r  when(WHEN) : out of interval
Error: &f0r: no such variable.
Note: Starting dynamic gmin stepping
Note: Dynamic gmin stepping completed
Note: Starting dynamic gmin stepping
Note: Dynamic gmin stepping completed
Note: Starting dynamic gmin stepping
Note: Dynamic gmin stepping completed

Error: measure  f0r  when(WHEN) : out of interval
Error: &f0r: no such variable.
Note: Starting dynamic gmin stepping
Note: Dynamic gmin stepping completed
Note: Starting dynamic gmin stepping
Note: Dynamic gmin stepping completed
Note: Starting dynamic gmin stepping
Note: Dynamic gmin stepping completed

Error: measure  f0r  when(WHEN) : out of interval
Error: &f0r: no such variable.
Note: Starting dynamic gmin stepping
Note: Dynamic gmin stepping completed
Note: Starting dynamic gmin stepping
Note: Dynamic gmin stepping completed
Note: Starting dynamic gmin stepping
Note: Dynamic gmin stepping completed

Error: measure  f0r  when(WHEN) : out of interval
Error: &f0r: no such variable.
Note: Starting dynamic gmin stepping
Note: Dynamic gmin stepping completed
Note: Starting dynamic gmin stepping
Note: Dynamic gmin stepping completed
Note: Starting dynamic gmin stepping
Note: Dynamic gmin stepping completed

Error: measure  f0r  when(WHEN) : out of interval
Error: &f0r: no such variable.
Note: Starting dynamic gmin stepping
Note: Dynamic gmin stepping completed
Note: Starting dynamic gmin stepping
Note: Dynamic gmin stepping completed
Note: Starting dynamic gmin stepping
Note: Dynamic gmin stepping completed

Error: measure  f0r  when(WHEN) : out of interval
Error: &f0r: no such variable.
Note: Starting dynamic gmin stepping
Note: Dynamic gmin stepping completed
Note: Starting dynamic gmin stepping
Note: Dynamic gmin stepping completed
Note: Starting dynamic gmin stepping
Note: Dynamic gmin stepping completed

Error: measure  f0r  when(WHEN) : out of interval
Error: &f0r: no such variable.
Note: Starting dynamic gmin stepping
Note: Dynamic gmin stepping completed
Note: Starting dynamic gmin stepping
Note: Dynamic gmin stepping completed
Note: Starting dynamic gmin stepping
Note: Dynamic gmin stepping completed

Error: measure  f0r  when(WHEN) : out of interval
Error: &f0r: no such variable.
Note: Starting dynamic gmin stepping
Note: Dynamic gmin stepping completed
Note: Starting dynamic gmin stepping
Note: Dynamic gmin stepping completed
Note: Starting dynamic gmin stepping
Note: Dynamic gmin stepping completed

Error: measure  f0r  when(WHEN) : out of interval
Error: &f0r: no such variable.
Note: Starting dynamic gmin stepping
Note: Dynamic gmin stepping completed
Note: Starting dynamic gmin stepping
Note: Dynamic gmin stepping completed
Note: Starting dynamic gmin stepping
Note: Dynamic gmin stepping completed

Error: measure  f0r  when(WHEN) : out of interval
Error: &f0r: no such variable.
Note: Starting dynamic gmin stepping
Note: Dynamic gmin stepping completed
Note: Starting dynamic gmin stepping
Note: Dynamic gmin stepping completed
Note: Starting dynamic gmin stepping
Note: Dynamic gmin stepping completed

Error: measure  f0r  when(WHEN) : out of interval
Error: &f0r: no such variable.
Note: Starting dynamic gmin stepping
Note: Dynamic gmin stepping completed
Note: Starting dynamic gmin stepping
Note: Dynamic gmin stepping completed
Note: Starting dynamic gmin stepping
Note: Dynamic gmin stepping completed

Error: measure  f0r  when(WHEN) : out of interval
Error: &f0r: no such variable.
Note: Starting dynamic gmin stepping
Note: Dynamic gmin stepping completed
Note: Starting dynamic gmin stepping
Note: Dynamic gmin stepping completed
Note: Starting dynamic gmin stepping
Note: Dynamic gmin stepping completed

Error: measure  f0r  when(WHEN) : out of interval
Error: &f0r: no such variable.
Note: Starting dynamic gmin stepping
Note: Dynamic gmin stepping completed
Note: Starting dynamic gmin stepping
Note: Dynamic gmin stepping completed
Note: Starting dynamic gmin stepping
Note: Dynamic gmin stepping completed

Error: measure  f0r  when(WHEN) : out of interval
Error: &f0r: no such variable.
Note: Starting dynamic gmin stepping
Note: Dynamic gmin stepping completed
Note: Starting dynamic gmin stepping
Note: Dynamic gmin stepping completed
Note: Starting dynamic gmin stepping
Note: Dynamic gmin stepping completed

Error: measure  f0r  when(WHEN) : out of interval
Error: &f0r: no such variable.
Note: Starting dynamic gmin stepping
Note: Dynamic gmin stepping completed
Note: Starting dynamic gmin stepping
Note: Dynamic gmin stepping completed
Note: Starting dynamic gmin stepping
Note: Dynamic gmin stepping completed

Error: measure  f0r  when(WHEN) : out of interval
Error: &f0r: no such variable.
Note: Starting dynamic gmin stepping
Note: Dynamic gmin stepping completed
Note: Starting dynamic gmin stepping
Note: Dynamic gmin stepping completed
Note: Starting dynamic gmin stepping
Note: Dynamic gmin stepping completed

Error: measure  f0r  when(WHEN) : out of interval
Error: &f0r: no such variable.
Note: Starting dynamic gmin stepping
Note: Dynamic gmin stepping completed
Note: Starting dynamic gmin stepping
Note: Dynamic gmin stepping completed
Note: Starting dynamic gmin stepping
Note: Dynamic gmin stepping completed

Error: measure  f0r  when(WHEN) : out of interval
Error: &f0r: no such variable.
Note: Starting dynamic gmin stepping
Note: Dynamic gmin stepping completed
Note: Starting dynamic gmin stepping
Note: Dynamic gmin stepping completed
Note: Starting dynamic gmin stepping
Note: Dynamic gmin stepping completed

Error: measure  f0r  when(WHEN) : out of interval
Error: &f0r: no such variable.
Note: Starting dynamic gmin stepping
Note: Dynamic gmin stepping completed
Note: Starting dynamic gmin stepping
Note: Dynamic gmin stepping completed
Note: Starting dynamic gmin stepping
Note: Dynamic gmin stepping completed

Error: measure  f0r  when(WHEN) : out of interval
Error: &f0r: no such variable.
Note: Starting dynamic gmin stepping
Note: Dynamic gmin stepping completed
Note: Starting dynamic gmin stepping
Note: Dynamic gmin stepping completed
Note: Starting dynamic gmin stepping
Note: Dynamic gmin stepping completed

Error: measure  f0r  when(WHEN) : out of interval
Error: &f0r: no such variable.
Note: Starting dynamic gmin stepping
Note: Dynamic gmin stepping completed
Note: Starting dynamic gmin stepping
Note: Dynamic gmin stepping completed
Note: Starting dynamic gmin stepping
Note: Dynamic gmin stepping completed

Error: measure  f0r  when(WHEN) : out of interval
Error: &f0r: no such variable.
Note: Starting dynamic gmin stepping
Note: Dynamic gmin stepping completed
Note: Starting dynamic gmin stepping
Note: Dynamic gmin stepping completed
Note: Starting dynamic gmin stepping
Note: Dynamic gmin stepping completed

Error: measure  f0r  when(WHEN) : out of interval
Error: &f0r: no such variable.
Note: Starting dynamic gmin stepping
Note: Dynamic gmin stepping completed
Note: Starting dynamic gmin stepping
Note: Dynamic gmin stepping completed
Note: Starting dynamic gmin stepping
Note: Dynamic gmin stepping completed

Error: measure  f0r  when(WHEN) : out of interval
Error: &f0r: no such variable.
Note: Starting dynamic gmin stepping
Note: Dynamic gmin stepping completed
Note: Starting dynamic gmin stepping
Note: Dynamic gmin stepping completed
Note: Starting dynamic gmin stepping
Note: Dynamic gmin stepping completed

Error: measure  f0r  when(WHEN) : out of interval
Error: &f0r: no such variable.
Note: Starting dynamic gmin stepping
Note: Dynamic gmin stepping completed
Note: Starting dynamic gmin stepping
Note: Dynamic gmin stepping completed
Note: Starting dynamic gmin stepping
Note: Dynamic gmin stepping completed

Error: measure  f0r  when(WHEN) : out of interval
Error: &f0r: no such variable.
Note: Starting dynamic gmin stepping
Note: Dynamic gmin stepping completed
Note: Starting dynamic gmin stepping
Note: Dynamic gmin stepping completed
Note: Starting dynamic gmin stepping
Note: Dynamic gmin stepping completed

Error: measure  f0r  when(WHEN) : out of interval
Error: &f0r: no such variable.
Note: Starting dynamic gmin stepping
Note: Dynamic gmin stepping completed
Note: Starting dynamic gmin stepping
Note: Dynamic gmin stepping completed
Note: Starting dynamic gmin stepping
Note: Dynamic gmin stepping completed

Error: measure  f0r  when(WHEN) : out of interval
Error: &f0r: no such variable.
Note: Starting dynamic gmin stepping
Note: Dynamic gmin stepping completed
Note: Starting dynamic gmin stepping
Note: Dynamic gmin stepping completed
Note: Starting dynamic gmin stepping
Note: Dynamic gmin stepping completed

Error: measure  f0r  when(WHEN) : out of interval
Error: &f0r: no such variable.
Note: Starting dynamic gmin stepping
Note: Dynamic gmin stepping completed
Note: Starting dynamic gmin stepping
Note: Dynamic gmin stepping completed
Note: Starting dynamic gmin stepping
Note: Dynamic gmin stepping completed

Error: measure  f0r  when(WHEN) : out of interval
Error: &f0r: no such variable.
Note: Starting dynamic gmin stepping
Note: Dynamic gmin stepping completed
Note: Starting dynamic gmin stepping
Note: Dynamic gmin stepping completed
Note: Starting dynamic gmin stepping
Note: Dynamic gmin stepping completed

Error: measure  f0r  when(WHEN) : out of interval
Error: &f0r: no such variable.
Note: Starting dynamic gmin stepping
Note: Dynamic gmin stepping completed
Note: Starting dynamic gmin stepping
Note: Dynamic gmin stepping completed
Note: Starting dynamic gmin stepping
Note: Dynamic gmin stepping completed

Error: measure  f0r  when(WHEN) : out of interval
Error: &f0r: no such variable.
Note: Starting dynamic gmin stepping
Note: Dynamic gmin stepping completed
Note: Starting dynamic gmin stepping
Note: Dynamic gmin stepping completed
Note: Starting dynamic gmin stepping
Note: Dynamic gmin stepping completed

Error: measure  f0r  when(WHEN) : out of interval
Error: &f0r: no such variable.
Note: Starting dynamic gmin stepping
Note: Dynamic gmin stepping completed
Note: Starting dynamic gmin stepping
Note: Dynamic gmin stepping completed
Note: Starting dynamic gmin stepping
Note: Dynamic gmin stepping completed

Error: measure  f0r  when(WHEN) : out of interval
Error: &f0r: no such variable.
Note: Starting dynamic gmin stepping
Note: Dynamic gmin stepping completed
Note: Starting dynamic gmin stepping
Note: Dynamic gmin stepping completed
Note: Starting dynamic gmin stepping
Note: Dynamic gmin stepping completed

Error: measure  f0r  when(WHEN) : out of interval
Error: &f0r: no such variable.
Note: Starting dynamic gmin stepping
Note: Dynamic gmin stepping completed
Note: Starting dynamic gmin stepping
Note: Dynamic gmin stepping completed
Note: Starting dynamic gmin stepping
Note: Dynamic gmin stepping completed

Error: measure  f0r  when(WHEN) : out of interval
Error: &f0r: no such variable.
Note: Starting dynamic gmin stepping
Note: Dynamic gmin stepping completed
Note: Starting dynamic gmin stepping
Note: Dynamic gmin stepping completed
Note: Starting dynamic gmin stepping
Note: Dynamic gmin stepping completed

Error: measure  f0r  when(WHEN) : out of interval
Error: &f0r: no such variable.
Note: Starting dynamic gmin stepping
Note: Dynamic gmin stepping completed
Note: Starting dynamic gmin stepping
Note: Dynamic gmin stepping completed
Note: Starting dynamic gmin stepping
Note: Dynamic gmin stepping completed

Error: measure  f0r  when(WHEN) : out of interval
Error: &f0r: no such variable.
Note: Starting dynamic gmin stepping
Note: Dynamic gmin stepping completed
Note: Starting dynamic gmin stepping
Note: Dynamic gmin stepping completed
Note: Starting dynamic gmin stepping
Note: Dynamic gmin stepping completed

Error: measure  f0r  when(WHEN) : out of interval
Error: &f0r: no such variable.
Note: Starting dynamic gmin stepping
Note: Dynamic gmin stepping completed
Note: Starting dynamic gmin stepping
Note: Dynamic gmin stepping completed
Note: Starting dynamic gmin stepping
Note: Dynamic gmin stepping completed

Error: measure  f0r  when(WHEN) : out of interval
Error: &f0r: no such variable.
Note: Starting dynamic gmin stepping
Note: Dynamic gmin stepping completed
Note: Starting dynamic gmin stepping
Note: Dynamic gmin stepping completed
Note: Starting dynamic gmin stepping
Note: Dynamic gmin stepping completed

Error: measure  f0r  when(WHEN) : out of interval
Error: &f0r: no such variable.
Note: Starting dynamic gmin stepping
Note: Dynamic gmin stepping completed
Note: Starting dynamic gmin stepping
Note: Dynamic gmin stepping completed
Note: Starting dynamic gmin stepping
Note: Dynamic gmin stepping completed

Error: measure  f0r  when(WHEN) : out of interval
Error: &f0r: no such variable.
Note: Starting dynamic gmin stepping
Note: Dynamic gmin stepping completed
Note: Starting dynamic gmin stepping
Note: Dynamic gmin stepping completed
Note: Starting dynamic gmin stepping
Note: Dynamic gmin stepping completed

Error: measure  f0r  when(WHEN) : out of interval
Error: &f0r: no such variable.
Note: Starting dynamic gmin stepping
Note: Dynamic gmin stepping completed
Note: Starting dynamic gmin stepping
Note: Dynamic gmin stepping completed
Note: Starting dynamic gmin stepping
Note: Dynamic gmin stepping completed

Error: measure  f0r  when(WHEN) : out of interval
Error: &f0r: no such variable.
Note: Starting dynamic gmin stepping
Note: Dynamic gmin stepping completed
Note: Starting dynamic gmin stepping
Note: Dynamic gmin stepping completed
Note: Starting dynamic gmin stepping
Note: Dynamic gmin stepping completed

Error: measure  f0r  when(WHEN) : out of interval
Error: &f0r: no such variable.
