
Note: Compatibility modes selected: hs a


Circuit: * loop-stability -- tian dual-injection loop-gain testbench for ldo_core (issue #10)

* corner_id=ff_125c_3.30v corner=ff temp_c=125 vin_v=3.3
* ac sweep: dec 50 0.01 1e9 ; Tian dual injection at ERRAMP_OUT->PASS_GATE
* columns: ROW iload_a= ceff_f= esr_ohm= vout_v= dcgain_db= f0_hz= phase_at_f0_deg=
*          f180_hz= gain_at_f180_db= f0_rising_hz= resurgence_db=
* (phase margin = 180 + phase_at_f0_deg ; gain margin = -gain_at_f180_db ;
*  resurgence_db = max |T| in dB above the first 0 dB crossing, DR-0008 ;
*  an empty f180/gain field means the phase never reaches -180 deg in band)
* Fields are written key=value BECAUSE a failed meas leaves its value
* empty: with bare positional fields an empty one vanishes into the
* whitespace and every field after it is read as the wrong quantity.
Doing analysis at TEMP = 125.000000 and TNOM = 27.000000

Using SPARSE 1.3 as Direct Linear Solver
 Reference value :  0.00000e+00
No. of Data Rows : 1
Doing analysis at TEMP = 125.000000 and TNOM = 27.000000

Using SPARSE 1.3 as Direct Linear Solver

No. of Data Rows : 551
Doing analysis at TEMP = 125.000000 and TNOM = 27.000000

Using SPARSE 1.3 as Direct Linear Solver

No. of Data Rows : 551
dcg                 =  1.09195e+02
f0                  =  1.62954e+03
phx                 =  -1.67441e+02
f180                =  3.63902e+06
gmx                 =  -4.79234e+01
 meas ac f0r when tdb=0 rise=1 failed!

tres                =  -1.09662e+00 at=  1.73780e+03
ROW iload_a=0 ceff_f=3.3e-07 esr_ohm=0.001 vout_v=1.79902 dcgain_db=109.195 f0_hz=1629.54 phase_at_f0_deg=-167.441 f180_hz=3.63902E+06 gain_at_f180_db=-47.9234 f0_rising_hz= resurgence_db=-1.09662
Doing analysis at TEMP = 125.000000 and TNOM = 27.000000

Using SPARSE 1.3 as Direct Linear Solver
 Reference value :  0.00000e+00
No. of Data Rows : 1
Doing analysis at TEMP = 125.000000 and TNOM = 27.000000

Using SPARSE 1.3 as Direct Linear Solver

No. of Data Rows : 551
Doing analysis at TEMP = 125.000000 and TNOM = 27.000000

Using SPARSE 1.3 as Direct Linear Solver

No. of Data Rows : 551
dcg                 =  1.09195e+02
f0                  =  1.62954e+03
phx                 =  -1.67431e+02
f180                =  3.63684e+06
gmx                 =  -4.79213e+01
 meas ac f0r when tdb=0 rise=1 failed!

tres                =  -1.09664e+00 at=  1.73780e+03
ROW iload_a=0 ceff_f=3.3e-07 esr_ohm=0.05 vout_v=1.79902 dcgain_db=109.195 f0_hz=1629.54 phase_at_f0_deg=-167.431 f180_hz=3.63684E+06 gain_at_f180_db=-47.9213 f0_rising_hz= resurgence_db=-1.09664
Doing analysis at TEMP = 125.000000 and TNOM = 27.000000

Using SPARSE 1.3 as Direct Linear Solver
 Reference value :  0.00000e+00
No. of Data Rows : 1
Doing analysis at TEMP = 125.000000 and TNOM = 27.000000

Using SPARSE 1.3 as Direct Linear Solver

No. of Data Rows : 551
Doing analysis at TEMP = 125.000000 and TNOM = 27.000000

Using SPARSE 1.3 as Direct Linear Solver

No. of Data Rows : 551
dcg                 =  1.09195e+02
f0                  =  1.62954e+03
phx                 =  -1.67402e+02
f180                =  3.63016e+06
gmx                 =  -4.79149e+01
 meas ac f0r when tdb=0 rise=1 failed!

tres                =  -1.09663e+00 at=  1.73780e+03
ROW iload_a=0 ceff_f=3.3e-07 esr_ohm=0.2 vout_v=1.79902 dcgain_db=109.195 f0_hz=1629.54 phase_at_f0_deg=-167.402 f180_hz=3.63016E+06 gain_at_f180_db=-47.9149 f0_rising_hz= resurgence_db=-1.09664
Doing analysis at TEMP = 125.000000 and TNOM = 27.000000

Using SPARSE 1.3 as Direct Linear Solver
 Reference value :  0.00000e+00
No. of Data Rows : 1
Doing analysis at TEMP = 125.000000 and TNOM = 27.000000

Using SPARSE 1.3 as Direct Linear Solver

No. of Data Rows : 551
Doing analysis at TEMP = 125.000000 and TNOM = 27.000000

Using SPARSE 1.3 as Direct Linear Solver

No. of Data Rows : 551
dcg                 =  1.09195e+02
f0                  =  1.62954e+03
phx                 =  -1.67344e+02
f180                =  3.61738e+06
gmx                 =  -4.79031e+01
 meas ac f0r when tdb=0 rise=1 failed!

tres                =  -1.09663e+00 at=  1.73780e+03
ROW iload_a=0 ceff_f=3.3e-07 esr_ohm=0.5 vout_v=1.79902 dcgain_db=109.195 f0_hz=1629.54 phase_at_f0_deg=-167.344 f180_hz=3.61738E+06 gain_at_f180_db=-47.9031 f0_rising_hz= resurgence_db=-1.09663
Doing analysis at TEMP = 125.000000 and TNOM = 27.000000

Using SPARSE 1.3 as Direct Linear Solver
 Reference value :  0.00000e+00
No. of Data Rows : 1
Doing analysis at TEMP = 125.000000 and TNOM = 27.000000

Using SPARSE 1.3 as Direct Linear Solver

No. of Data Rows : 551
Doing analysis at TEMP = 125.000000 and TNOM = 27.000000

Using SPARSE 1.3 as Direct Linear Solver

No. of Data Rows : 551
dcg                 =  1.09186e+02
f0                  =  9.29280e+02
phx                 =  -1.72153e+02
f180                =  3.63993e+06
gmx                 =  -4.79129e+01
 meas ac f0r when tdb=0 rise=1 failed!

tres                =  -1.26873e+00 at=  1.00000e+03
ROW iload_a=0 ceff_f=1e-06 esr_ohm=0.001 vout_v=1.79902 dcgain_db=109.186 f0_hz=929.28 phase_at_f0_deg=-172.153 f180_hz=3.63993E+06 gain_at_f180_db=-47.9129 f0_rising_hz= resurgence_db=-1.26873
Doing analysis at TEMP = 125.000000 and TNOM = 27.000000

Using SPARSE 1.3 as Direct Linear Solver
 Reference value :  0.00000e+00
No. of Data Rows : 1
Doing analysis at TEMP = 125.000000 and TNOM = 27.000000

Using SPARSE 1.3 as Direct Linear Solver

No. of Data Rows : 551
Doing analysis at TEMP = 125.000000 and TNOM = 27.000000

Using SPARSE 1.3 as Direct Linear Solver

No. of Data Rows : 551
dcg                 =  1.09186e+02
f0                  =  9.29279e+02
phx                 =  -1.72137e+02
f180                =  3.63775e+06
gmx                 =  -4.79108e+01
 meas ac f0r when tdb=0 rise=1 failed!

tres                =  -1.26875e+00 at=  1.00000e+03
ROW iload_a=0 ceff_f=1e-06 esr_ohm=0.05 vout_v=1.79902 dcgain_db=109.186 f0_hz=929.279 phase_at_f0_deg=-172.137 f180_hz=3.63775E+06 gain_at_f180_db=-47.9108 f0_rising_hz= resurgence_db=-1.26875
Doing analysis at TEMP = 125.000000 and TNOM = 27.000000

Using SPARSE 1.3 as Direct Linear Solver
 Reference value :  0.00000e+00
No. of Data Rows : 1
Doing analysis at TEMP = 125.000000 and TNOM = 27.000000

Using SPARSE 1.3 as Direct Linear Solver

No. of Data Rows : 551
Doing analysis at TEMP = 125.000000 and TNOM = 27.000000

Using SPARSE 1.3 as Direct Linear Solver

No. of Data Rows : 551
dcg                 =  1.09186e+02
f0                  =  9.29279e+02
phx                 =  -1.72087e+02
f180                =  3.63106e+06
gmx                 =  -4.79043e+01
 meas ac f0r when tdb=0 rise=1 failed!

tres                =  -1.26874e+00 at=  1.00000e+03
ROW iload_a=0 ceff_f=1e-06 esr_ohm=0.2 vout_v=1.79902 dcgain_db=109.186 f0_hz=929.279 phase_at_f0_deg=-172.087 f180_hz=3.63106E+06 gain_at_f180_db=-47.9043 f0_rising_hz= resurgence_db=-1.26874
Doing analysis at TEMP = 125.000000 and TNOM = 27.000000

Using SPARSE 1.3 as Direct Linear Solver
 Reference value :  0.00000e+00
No. of Data Rows : 1
Doing analysis at TEMP = 125.000000 and TNOM = 27.000000

Using SPARSE 1.3 as Direct Linear Solver

No. of Data Rows : 551
Doing analysis at TEMP = 125.000000 and TNOM = 27.000000

Using SPARSE 1.3 as Direct Linear Solver

No. of Data Rows : 551
dcg                 =  1.09186e+02
f0                  =  9.29281e+02
phx                 =  -1.71986e+02
f180                =  3.61831e+06
gmx                 =  -4.78924e+01
 meas ac f0r when tdb=0 rise=1 failed!

tres                =  -1.26871e+00 at=  1.00000e+03
ROW iload_a=0 ceff_f=1e-06 esr_ohm=0.5 vout_v=1.79902 dcgain_db=109.186 f0_hz=929.281 phase_at_f0_deg=-171.986 f180_hz=3.61831E+06 gain_at_f180_db=-47.8924 f0_rising_hz= resurgence_db=-1.26871
Doing analysis at TEMP = 125.000000 and TNOM = 27.000000

Using SPARSE 1.3 as Direct Linear Solver
 Reference value :  0.00000e+00
No. of Data Rows : 1
Doing analysis at TEMP = 125.000000 and TNOM = 27.000000

Using SPARSE 1.3 as Direct Linear Solver

No. of Data Rows : 551
Doing analysis at TEMP = 125.000000 and TNOM = 27.000000

Using SPARSE 1.3 as Direct Linear Solver

No. of Data Rows : 551
dcg                 =  1.08963e+02
f0                  =  4.27340e+02
phx                 =  -1.74807e+02
f180                =  3.64028e+06
gmx                 =  -4.79089e+01
 meas ac f0r when tdb=0 rise=1 failed!

tres                =  -1.17108e+00 at=  4.57088e+02
ROW iload_a=0 ceff_f=4.7e-06 esr_ohm=0.001 vout_v=1.79902 dcgain_db=108.963 f0_hz=427.34 phase_at_f0_deg=-174.807 f180_hz=3.64028E+06 gain_at_f180_db=-47.9089 f0_rising_hz= resurgence_db=-1.17108
Doing analysis at TEMP = 125.000000 and TNOM = 27.000000

Using SPARSE 1.3 as Direct Linear Solver
 Reference value :  0.00000e+00
No. of Data Rows : 1
Doing analysis at TEMP = 125.000000 and TNOM = 27.000000

Using SPARSE 1.3 as Direct Linear Solver

No. of Data Rows : 551
Doing analysis at TEMP = 125.000000 and TNOM = 27.000000

Using SPARSE 1.3 as Direct Linear Solver

No. of Data Rows : 551
dcg                 =  1.08963e+02
f0                  =  4.27340e+02
phx                 =  -1.74771e+02
f180                =  3.63811e+06
gmx                 =  -4.79068e+01
 meas ac f0r when tdb=0 rise=1 failed!

tres                =  -1.17109e+00 at=  4.57088e+02
ROW iload_a=0 ceff_f=4.7e-06 esr_ohm=0.05 vout_v=1.79902 dcgain_db=108.963 f0_hz=427.34 phase_at_f0_deg=-174.771 f180_hz=3.63811E+06 gain_at_f180_db=-47.9068 f0_rising_hz= resurgence_db=-1.17109
Doing analysis at TEMP = 125.000000 and TNOM = 27.000000

Using SPARSE 1.3 as Direct Linear Solver
 Reference value :  0.00000e+00
No. of Data Rows : 1
Doing analysis at TEMP = 125.000000 and TNOM = 27.000000

Using SPARSE 1.3 as Direct Linear Solver

No. of Data Rows : 551
Doing analysis at TEMP = 125.000000 and TNOM = 27.000000

Using SPARSE 1.3 as Direct Linear Solver

No. of Data Rows : 551
dcg                 =  1.08963e+02
f0                  =  4.27340e+02
phx                 =  -1.74663e+02
f180                =  3.63143e+06
gmx                 =  -4.79002e+01
 meas ac f0r when tdb=0 rise=1 failed!

tres                =  -1.17107e+00 at=  4.57088e+02
ROW iload_a=0 ceff_f=4.7e-06 esr_ohm=0.2 vout_v=1.79902 dcgain_db=108.963 f0_hz=427.341 phase_at_f0_deg=-174.663 f180_hz=3.63142E+06 gain_at_f180_db=-47.9002 f0_rising_hz= resurgence_db=-1.17107
Doing analysis at TEMP = 125.000000 and TNOM = 27.000000

Using SPARSE 1.3 as Direct Linear Solver
 Reference value :  0.00000e+00
No. of Data Rows : 1
Doing analysis at TEMP = 125.000000 and TNOM = 27.000000

Using SPARSE 1.3 as Direct Linear Solver

No. of Data Rows : 551
Doing analysis at TEMP = 125.000000 and TNOM = 27.000000

Using SPARSE 1.3 as Direct Linear Solver

No. of Data Rows : 551
dcg                 =  1.08963e+02
f0                  =  4.27344e+02
phx                 =  -1.74446e+02
f180                =  3.61867e+06
gmx                 =  -4.78883e+01
 meas ac f0r when tdb=0 rise=1 failed!

tres                =  -1.17090e+00 at=  4.57088e+02
ROW iload_a=0 ceff_f=4.7e-06 esr_ohm=0.5 vout_v=1.79902 dcgain_db=108.963 f0_hz=427.344 phase_at_f0_deg=-174.446 f180_hz=3.61867E+06 gain_at_f180_db=-47.8883 f0_rising_hz= resurgence_db=-1.1709
Doing analysis at TEMP = 125.000000 and TNOM = 27.000000

Using SPARSE 1.3 as Direct Linear Solver
 Reference value :  0.00000e+00
No. of Data Rows : 1
Doing analysis at TEMP = 125.000000 and TNOM = 27.000000

Using SPARSE 1.3 as Direct Linear Solver

No. of Data Rows : 551
Doing analysis at TEMP = 125.000000 and TNOM = 27.000000

Using SPARSE 1.3 as Direct Linear Solver
 Reference value :  1.00000e-02
No. of Data Rows : 551
dcg                 =  1.34705e+02
f0                  =  1.06741e+05
phx                 =  -9.97333e+01
f180                =  9.01046e+05
gmx                 =  -2.17325e+01
 meas ac f0r when tdb=0 rise=1 failed!

tres                =  -5.99088e-01 at=  1.14815e+05
ROW iload_a=0.0001 ceff_f=3.3e-07 esr_ohm=0.001 vout_v=1.79902 dcgain_db=134.705 f0_hz=106741 phase_at_f0_deg=-99.7333 f180_hz=901046 gain_at_f180_db=-21.7325 f0_rising_hz= resurgence_db=-0.599088
Doing analysis at TEMP = 125.000000 and TNOM = 27.000000

Using SPARSE 1.3 as Direct Linear Solver

No. of Data Rows : 1
Doing analysis at TEMP = 125.000000 and TNOM = 27.000000

Using SPARSE 1.3 as Direct Linear Solver
 Reference value :  1.00000e-02
No. of Data Rows : 551
Doing analysis at TEMP = 125.000000 and TNOM = 27.000000

Using SPARSE 1.3 as Direct Linear Solver

No. of Data Rows : 551
dcg                 =  1.34705e+02
f0                  =  1.06748e+05
phx                 =  -9.91127e+01
f180                =  9.74265e+05
gmx                 =  -2.28168e+01
 meas ac f0r when tdb=0 rise=1 failed!

tres                =  -5.98472e-01 at=  1.14815e+05
ROW iload_a=0.0001 ceff_f=3.3e-07 esr_ohm=0.05 vout_v=1.79902 dcgain_db=134.705 f0_hz=106748 phase_at_f0_deg=-99.1127 f180_hz=974265 gain_at_f180_db=-22.8168 f0_rising_hz= resurgence_db=-0.598472
Doing analysis at TEMP = 125.000000 and TNOM = 27.000000

Using SPARSE 1.3 as Direct Linear Solver
 Reference value :  0.00000e+00
No. of Data Rows : 1
Doing analysis at TEMP = 125.000000 and TNOM = 27.000000

Using SPARSE 1.3 as Direct Linear Solver

No. of Data Rows : 551
Doing analysis at TEMP = 125.000000 and TNOM = 27.000000

Using SPARSE 1.3 as Direct Linear Solver
 Reference value :  1.00000e-02
No. of Data Rows : 551
dcg                 =  1.34705e+02
f0                  =  1.06853e+05
phx                 =  -9.72224e+01
f180                =  1.29194e+06
gmx                 =  -2.61434e+01
 meas ac f0r when tdb=0 rise=1 failed!

tres                =  -5.89249e-01 at=  1.14815e+05
ROW iload_a=0.0001 ceff_f=3.3e-07 esr_ohm=0.2 vout_v=1.79902 dcgain_db=134.705 f0_hz=106853 phase_at_f0_deg=-97.2224 f180_hz=1.29194E+06 gain_at_f180_db=-26.1434 f0_rising_hz= resurgence_db=-0.589249
Doing analysis at TEMP = 125.000000 and TNOM = 27.000000

Using SPARSE 1.3 as Direct Linear Solver

No. of Data Rows : 1
Doing analysis at TEMP = 125.000000 and TNOM = 27.000000

Using SPARSE 1.3 as Direct Linear Solver
 Reference value :  1.00000e-02
No. of Data Rows : 551
Doing analysis at TEMP = 125.000000 and TNOM = 27.000000

Using SPARSE 1.3 as Direct Linear Solver

No. of Data Rows : 551
dcg                 =  1.34705e+02
f0                  =  1.07445e+05
phx                 =  -9.34754e+01
f180                =  1.79976e+06
gmx                 =  -2.68084e+01
 meas ac f0r when tdb=0 rise=1 failed!

tres                =  -5.37975e-01 at=  1.14815e+05
ROW iload_a=0.0001 ceff_f=3.3e-07 esr_ohm=0.5 vout_v=1.79902 dcgain_db=134.705 f0_hz=107446 phase_at_f0_deg=-93.4754 f180_hz=1.79976E+06 gain_at_f180_db=-26.8084 f0_rising_hz= resurgence_db=-0.537975
Doing analysis at TEMP = 125.000000 and TNOM = 27.000000

Using SPARSE 1.3 as Direct Linear Solver
 Reference value :  0.00000e+00
No. of Data Rows : 1
Doing analysis at TEMP = 125.000000 and TNOM = 27.000000

Using SPARSE 1.3 as Direct Linear Solver

No. of Data Rows : 551
Doing analysis at TEMP = 125.000000 and TNOM = 27.000000

Using SPARSE 1.3 as Direct Linear Solver
 Reference value :  1.00000e-02
No. of Data Rows : 551
dcg                 =  1.34705e+02
f0                  =  3.05934e+04
phx                 =  -9.89474e+01
f180                =  9.70697e+05
gmx                 =  -3.25405e+01
 meas ac f0r when tdb=0 rise=1 failed!

tres                =  -6.27528e-01 at=  3.31131e+04
ROW iload_a=0.0001 ceff_f=1e-06 esr_ohm=0.001 vout_v=1.79902 dcgain_db=134.705 f0_hz=30593.4 phase_at_f0_deg=-98.9474 f180_hz=970697 gain_at_f180_db=-32.5405 f0_rising_hz= resurgence_db=-0.627529
Doing analysis at TEMP = 125.000000 and TNOM = 27.000000

Using SPARSE 1.3 as Direct Linear Solver

No. of Data Rows : 1
Doing analysis at TEMP = 125.000000 and TNOM = 27.000000

Using SPARSE 1.3 as Direct Linear Solver
 Reference value :  1.00000e-02
No. of Data Rows : 551
Doing analysis at TEMP = 125.000000 and TNOM = 27.000000

Using SPARSE 1.3 as Direct Linear Solver

No. of Data Rows : 551
dcg                 =  1.34705e+02
f0                  =  3.05949e+04
phx                 =  -9.84070e+01
f180                =  1.52443e+06
gmx                 =  -3.79753e+01
 meas ac f0r when tdb=0 rise=1 failed!

tres                =  -6.27068e-01 at=  3.31131e+04
ROW iload_a=0.0001 ceff_f=1e-06 esr_ohm=0.05 vout_v=1.79902 dcgain_db=134.705 f0_hz=30594.9 phase_at_f0_deg=-98.407 f180_hz=1.52443E+06 gain_at_f180_db=-37.9753 f0_rising_hz= resurgence_db=-0.627068
Doing analysis at TEMP = 125.000000 and TNOM = 27.000000

Using SPARSE 1.3 as Direct Linear Solver
 Reference value :  0.00000e+00
No. of Data Rows : 1
Doing analysis at TEMP = 125.000000 and TNOM = 27.000000

Using SPARSE 1.3 as Direct Linear Solver

No. of Data Rows : 551
Doing analysis at TEMP = 125.000000 and TNOM = 27.000000

Using SPARSE 1.3 as Direct Linear Solver
 Reference value :  1.00000e-02
No. of Data Rows : 551
dcg                 =  1.34705e+02
f0                  =  3.06182e+04
phx                 =  -9.67444e+01
f180                =  2.09378e+06
gmx                 =  -3.53776e+01
 meas ac f0r when tdb=0 rise=1 failed!

tres                =  -6.20052e-01 at=  3.31131e+04
ROW iload_a=0.0001 ceff_f=1e-06 esr_ohm=0.2 vout_v=1.79902 dcgain_db=134.705 f0_hz=30618.2 phase_at_f0_deg=-96.7444 f180_hz=2.09378E+06 gain_at_f180_db=-35.3776 f0_rising_hz= resurgence_db=-0.620052
Doing analysis at TEMP = 125.000000 and TNOM = 27.000000

Using SPARSE 1.3 as Direct Linear Solver

No. of Data Rows : 1
Doing analysis at TEMP = 125.000000 and TNOM = 27.000000

Using SPARSE 1.3 as Direct Linear Solver
 Reference value :  1.00000e-02
No. of Data Rows : 551
Doing analysis at TEMP = 125.000000 and TNOM = 27.000000

Using SPARSE 1.3 as Direct Linear Solver

No. of Data Rows : 551
dcg                 =  1.34705e+02
f0                  =  3.07498e+04
phx                 =  -9.33738e+01
f180                =  2.16357e+06
gmx                 =  -2.98719e+01
 meas ac f0r when tdb=0 rise=1 failed!

tres                =  -5.80874e-01 at=  3.31131e+04
ROW iload_a=0.0001 ceff_f=1e-06 esr_ohm=0.5 vout_v=1.79902 dcgain_db=134.705 f0_hz=30749.8 phase_at_f0_deg=-93.3738 f180_hz=2.16357E+06 gain_at_f180_db=-29.8719 f0_rising_hz= resurgence_db=-0.580874
Doing analysis at TEMP = 125.000000 and TNOM = 27.000000

Using SPARSE 1.3 as Direct Linear Solver
 Reference value :  0.00000e+00
No. of Data Rows : 1
Doing analysis at TEMP = 125.000000 and TNOM = 27.000000

Using SPARSE 1.3 as Direct Linear Solver

No. of Data Rows : 551
Doing analysis at TEMP = 125.000000 and TNOM = 27.000000

Using SPARSE 1.3 as Direct Linear Solver
 Reference value :  1.00000e-02
No. of Data Rows : 551
dcg                 =  1.34704e+02
f0                  =  8.00968e+03
phx                 =  -1.31807e+02
f180                =  2.83313e+06
gmx                 =  -4.42365e+01
 meas ac f0r when tdb=0 rise=1 failed!

tres                =  -1.05390e+00 at=  8.70964e+03
ROW iload_a=0.0001 ceff_f=4.7e-06 esr_ohm=0.001 vout_v=1.79902 dcgain_db=134.704 f0_hz=8009.68 phase_at_f0_deg=-131.807 f180_hz=2.83313E+06 gain_at_f180_db=-44.2365 f0_rising_hz= resurgence_db=-1.0539
Doing analysis at TEMP = 125.000000 and TNOM = 27.000000

Using SPARSE 1.3 as Direct Linear Solver

No. of Data Rows : 1
Doing analysis at TEMP = 125.000000 and TNOM = 27.000000

Using SPARSE 1.3 as Direct Linear Solver
 Reference value :  1.00000e-02
No. of Data Rows : 551
Doing analysis at TEMP = 125.000000 and TNOM = 27.000000

Using SPARSE 1.3 as Direct Linear Solver

No. of Data Rows : 551
dcg                 =  1.34704e+02
f0                  =  8.01007e+03
phx                 =  -1.31141e+02
f180                =  2.64105e+06
gmx                 =  -4.22331e+01
 meas ac f0r when tdb=0 rise=1 failed!

tres                =  -1.05319e+00 at=  8.70964e+03
ROW iload_a=0.0001 ceff_f=4.7e-06 esr_ohm=0.05 vout_v=1.79902 dcgain_db=134.704 f0_hz=8010.07 phase_at_f0_deg=-131.141 f180_hz=2.64105E+06 gain_at_f180_db=-42.2331 f0_rising_hz= resurgence_db=-1.05319
Doing analysis at TEMP = 125.000000 and TNOM = 27.000000

Using SPARSE 1.3 as Direct Linear Solver
 Reference value :  0.00000e+00
No. of Data Rows : 1
Doing analysis at TEMP = 125.000000 and TNOM = 27.000000

Using SPARSE 1.3 as Direct Linear Solver

No. of Data Rows : 551
Doing analysis at TEMP = 125.000000 and TNOM = 27.000000

Using SPARSE 1.3 as Direct Linear Solver
 Reference value :  1.00000e-02
No. of Data Rows : 551
dcg                 =  1.34704e+02
f0                  =  8.01589e+03
phx                 =  -1.29086e+02
f180                =  2.39399e+06
gmx                 =  -3.68311e+01
 meas ac f0r when tdb=0 rise=1 failed!

tres                =  -1.04247e+00 at=  8.70964e+03
ROW iload_a=0.0001 ceff_f=4.7e-06 esr_ohm=0.2 vout_v=1.79902 dcgain_db=134.704 f0_hz=8015.89 phase_at_f0_deg=-129.086 f180_hz=2.39399E+06 gain_at_f180_db=-36.8311 f0_rising_hz= resurgence_db=-1.04247
Doing analysis at TEMP = 125.000000 and TNOM = 27.000000

Using SPARSE 1.3 as Direct Linear Solver

No. of Data Rows : 1
Doing analysis at TEMP = 125.000000 and TNOM = 27.000000

Using SPARSE 1.3 as Direct Linear Solver
 Reference value :  1.00000e-02
No. of Data Rows : 551
Doing analysis at TEMP = 125.000000 and TNOM = 27.000000

Using SPARSE 1.3 as Direct Linear Solver

No. of Data Rows : 551
dcg                 =  1.34704e+02
f0                  =  8.04869e+03
phx                 =  -1.24895e+02
f180                =  2.28900e+06
gmx                 =  -3.06722e+01
 meas ac f0r when tdb=0 rise=1 failed!

tres                =  -9.82778e-01 at=  8.70964e+03
ROW iload_a=0.0001 ceff_f=4.7e-06 esr_ohm=0.5 vout_v=1.79902 dcgain_db=134.704 f0_hz=8048.69 phase_at_f0_deg=-124.895 f180_hz=2.289E+06 gain_at_f180_db=-30.6723 f0_rising_hz= resurgence_db=-0.982778
Doing analysis at TEMP = 125.000000 and TNOM = 27.000000

Using SPARSE 1.3 as Direct Linear Solver
 Reference value :  0.00000e+00
No. of Data Rows : 1
Doing analysis at TEMP = 125.000000 and TNOM = 27.000000

Using SPARSE 1.3 as Direct Linear Solver

No. of Data Rows : 551
Doing analysis at TEMP = 125.000000 and TNOM = 27.000000

Using SPARSE 1.3 as Direct Linear Solver
 Reference value :  1.00000e-02
No. of Data Rows : 551
dcg                 =  1.35952e+02
f0                  =  6.99693e+05
phx                 =  -1.64451e+02
f180                =  8.66355e+05
gmx                 =  -2.83280e+00
 meas ac f0r when tdb=0 rise=1 failed!

tres                =  -1.03489e+00 at=  7.58578e+05
ROW iload_a=0.001 ceff_f=3.3e-07 esr_ohm=0.001 vout_v=1.79902 dcgain_db=135.952 f0_hz=699693 phase_at_f0_deg=-164.451 f180_hz=866355 gain_at_f180_db=-2.8328 f0_rising_hz= resurgence_db=-1.03489
Doing analysis at TEMP = 125.000000 and TNOM = 27.000000

Using SPARSE 1.3 as Direct Linear Solver

No. of Data Rows : 1
Doing analysis at TEMP = 125.000000 and TNOM = 27.000000

Using SPARSE 1.3 as Direct Linear Solver
 Reference value :  1.00000e-02
No. of Data Rows : 551
Doing analysis at TEMP = 125.000000 and TNOM = 27.000000

Using SPARSE 1.3 as Direct Linear Solver

No. of Data Rows : 551
dcg                 =  1.35952e+02
f0                  =  7.01044e+05
phx                 =  -1.60508e+02
f180                =  9.26754e+05
gmx                 =  -3.75407e+00
 meas ac f0r when tdb=0 rise=1 failed!

tres                =  -1.00648e+00 at=  7.58578e+05
ROW iload_a=0.001 ceff_f=3.3e-07 esr_ohm=0.05 vout_v=1.79902 dcgain_db=135.952 f0_hz=701044 phase_at_f0_deg=-160.508 f180_hz=926754 gain_at_f180_db=-3.75407 f0_rising_hz= resurgence_db=-1.00648
Doing analysis at TEMP = 125.000000 and TNOM = 27.000000

Using SPARSE 1.3 as Direct Linear Solver
 Reference value :  0.00000e+00
No. of Data Rows : 1
Doing analysis at TEMP = 125.000000 and TNOM = 27.000000

Using SPARSE 1.3 as Direct Linear Solver

No. of Data Rows : 551
Doing analysis at TEMP = 125.000000 and TNOM = 27.000000

Using SPARSE 1.3 as Direct Linear Solver
 Reference value :  1.00000e-02
No. of Data Rows : 551
dcg                 =  1.35952e+02
f0                  =  7.20853e+05
phx                 =  -1.49938e+02
f180                =  1.16835e+06
gmx                 =  -6.49843e+00
 meas ac f0r when tdb=0 rise=1 failed!

tres                =  -6.18848e-01 at=  7.58578e+05
ROW iload_a=0.001 ceff_f=3.3e-07 esr_ohm=0.2 vout_v=1.79902 dcgain_db=135.952 f0_hz=720853 phase_at_f0_deg=-149.938 f180_hz=1.16835E+06 gain_at_f180_db=-6.49843 f0_rising_hz= resurgence_db=-0.618848
Doing analysis at TEMP = 125.000000 and TNOM = 27.000000

Using SPARSE 1.3 as Direct Linear Solver

No. of Data Rows : 1
Doing analysis at TEMP = 125.000000 and TNOM = 27.000000

Using SPARSE 1.3 as Direct Linear Solver
 Reference value :  1.00000e-02
No. of Data Rows : 551
Doing analysis at TEMP = 125.000000 and TNOM = 27.000000

Using SPARSE 1.3 as Direct Linear Solver

No. of Data Rows : 551
dcg                 =  1.35952e+02
f0                  =  8.45496e+05
phx                 =  -1.37061e+02
f180                =  1.61583e+06
gmx                 =  -7.76654e+00
 meas ac f0r when tdb=0 rise=1 failed!

tres                =  -7.70830e-01 at=  9.12011e+05
ROW iload_a=0.001 ceff_f=3.3e-07 esr_ohm=0.5 vout_v=1.79902 dcgain_db=135.952 f0_hz=845496 phase_at_f0_deg=-137.061 f180_hz=1.61583E+06 gain_at_f180_db=-7.76654 f0_rising_hz= resurgence_db=-0.77083
Doing analysis at TEMP = 125.000000 and TNOM = 27.000000

Using SPARSE 1.3 as Direct Linear Solver
 Reference value :  0.00000e+00
No. of Data Rows : 1
Doing analysis at TEMP = 125.000000 and TNOM = 27.000000

Using SPARSE 1.3 as Direct Linear Solver

No. of Data Rows : 551
Doing analysis at TEMP = 125.000000 and TNOM = 27.000000

Using SPARSE 1.3 as Direct Linear Solver
 Reference value :  1.00000e-02
No. of Data Rows : 551
dcg                 =  1.35952e+02
f0                  =  2.82509e+05
phx                 =  -1.20533e+02
f180                =  8.73707e+05
gmx                 =  -1.25905e+01
 meas ac f0r when tdb=0 rise=1 failed!

tres                =  -6.30082e-01 at=  3.01995e+05
ROW iload_a=0.001 ceff_f=1e-06 esr_ohm=0.001 vout_v=1.79902 dcgain_db=135.952 f0_hz=282509 phase_at_f0_deg=-120.533 f180_hz=873707 gain_at_f180_db=-12.5905 f0_rising_hz= resurgence_db=-0.630082
Doing analysis at TEMP = 125.000000 and TNOM = 27.000000

Using SPARSE 1.3 as Direct Linear Solver

No. of Data Rows : 1
Doing analysis at TEMP = 125.000000 and TNOM = 27.000000

Using SPARSE 1.3 as Direct Linear Solver
 Reference value :  1.00000e-02
No. of Data Rows : 551
Doing analysis at TEMP = 125.000000 and TNOM = 27.000000

Using SPARSE 1.3 as Direct Linear Solver

No. of Data Rows : 551
dcg                 =  1.35952e+02
f0                  =  2.83551e+05
phx                 =  -1.15664e+02
f180                =  1.09458e+06
gmx                 =  -1.54687e+01
 meas ac f0r when tdb=0 rise=1 failed!

tres                =  -5.90832e-01 at=  3.01995e+05
ROW iload_a=0.001 ceff_f=1e-06 esr_ohm=0.05 vout_v=1.79902 dcgain_db=135.952 f0_hz=283551 phase_at_f0_deg=-115.664 f180_hz=1.09458E+06 gain_at_f180_db=-15.4687 f0_rising_hz= resurgence_db=-0.590832
Doing analysis at TEMP = 125.000000 and TNOM = 27.000000

Using SPARSE 1.3 as Direct Linear Solver
 Reference value :  0.00000e+00
No. of Data Rows : 1
Doing analysis at TEMP = 125.000000 and TNOM = 27.000000

Using SPARSE 1.3 as Direct Linear Solver

No. of Data Rows : 551
Doing analysis at TEMP = 125.000000 and TNOM = 27.000000

Using SPARSE 1.3 as Direct Linear Solver
 Reference value :  1.00000e-02
No. of Data Rows : 551
dcg                 =  1.35952e+02
f0                  =  3.00425e+05
phx                 =  -1.01999e+02
f180                =  1.72213e+06
gmx                 =  -1.68938e+01
 meas ac f0r when tdb=0 rise=1 failed!

tres                =  -4.30377e-01 at=  3.16228e+05
ROW iload_a=0.001 ceff_f=1e-06 esr_ohm=0.2 vout_v=1.79902 dcgain_db=135.952 f0_hz=300425 phase_at_f0_deg=-101.999 f180_hz=1.72213E+06 gain_at_f180_db=-16.8938 f0_rising_hz= resurgence_db=-0.430378
Doing analysis at TEMP = 125.000000 and TNOM = 27.000000

Using SPARSE 1.3 as Direct Linear Solver

No. of Data Rows : 1
Doing analysis at TEMP = 125.000000 and TNOM = 27.000000

Using SPARSE 1.3 as Direct Linear Solver
 Reference value :  1.00000e-02
No. of Data Rows : 551
Doing analysis at TEMP = 125.000000 and TNOM = 27.000000

Using SPARSE 1.3 as Direct Linear Solver

No. of Data Rows : 551
dcg                 =  1.35952e+02
f0                  =  4.67995e+05
phx                 =  -8.53214e+01
f180                =  1.96218e+06
gmx                 =  -1.17405e+01
 meas ac f0r when tdb=0 rise=1 failed!

tres                =  -3.21023e-01 at=  5.01187e+05
ROW iload_a=0.001 ceff_f=1e-06 esr_ohm=0.5 vout_v=1.79902 dcgain_db=135.952 f0_hz=467995 phase_at_f0_deg=-85.3214 f180_hz=1.96218E+06 gain_at_f180_db=-11.7405 f0_rising_hz= resurgence_db=-0.321023
Doing analysis at TEMP = 125.000000 and TNOM = 27.000000

Using SPARSE 1.3 as Direct Linear Solver
 Reference value :  0.00000e+00
No. of Data Rows : 1
Doing analysis at TEMP = 125.000000 and TNOM = 27.000000

Using SPARSE 1.3 as Direct Linear Solver

No. of Data Rows : 551
Doing analysis at TEMP = 125.000000 and TNOM = 27.000000

Using SPARSE 1.3 as Direct Linear Solver
 Reference value :  1.00000e-02
No. of Data Rows : 551
dcg                 =  1.35952e+02
f0                  =  5.63213e+04
phx                 =  -9.49237e+01
f180                =  9.22255e+05
gmx                 =  -2.68513e+01
 meas ac f0r when tdb=0 rise=1 failed!

tres                =  -5.09308e-01 at=  6.02560e+04
ROW iload_a=0.001 ceff_f=4.7e-06 esr_ohm=0.001 vout_v=1.79902 dcgain_db=135.952 f0_hz=56321.3 phase_at_f0_deg=-94.9237 f180_hz=922254 gain_at_f180_db=-26.8513 f0_rising_hz= resurgence_db=-0.509308
Doing analysis at TEMP = 125.000000 and TNOM = 27.000000

Using SPARSE 1.3 as Direct Linear Solver

No. of Data Rows : 1
Doing analysis at TEMP = 125.000000 and TNOM = 27.000000

Using SPARSE 1.3 as Direct Linear Solver
 Reference value :  1.00000e-02
No. of Data Rows : 551
Doing analysis at TEMP = 125.000000 and TNOM = 27.000000

Using SPARSE 1.3 as Direct Linear Solver

No. of Data Rows : 551
dcg                 =  1.35952e+02
f0                  =  5.65472e+04
phx                 =  -9.02493e+01
f180                =  1.88529e+06
gmx                 =  -2.95452e+01
 meas ac f0r when tdb=0 rise=1 failed!

tres                =  -4.75125e-01 at=  6.02560e+04
ROW iload_a=0.001 ceff_f=4.7e-06 esr_ohm=0.05 vout_v=1.79902 dcgain_db=135.952 f0_hz=56547.2 phase_at_f0_deg=-90.2493 f180_hz=1.88529E+06 gain_at_f180_db=-29.5452 f0_rising_hz= resurgence_db=-0.475125
Doing analysis at TEMP = 125.000000 and TNOM = 27.000000

Using SPARSE 1.3 as Direct Linear Solver
 Reference value :  0.00000e+00
No. of Data Rows : 1
Doing analysis at TEMP = 125.000000 and TNOM = 27.000000

Using SPARSE 1.3 as Direct Linear Solver

No. of Data Rows : 551
Doing analysis at TEMP = 125.000000 and TNOM = 27.000000

Using SPARSE 1.3 as Direct Linear Solver
 Reference value :  1.00000e-02
No. of Data Rows : 551
dcg                 =  1.35952e+02
f0                  =  6.03351e+04
phx                 =  -7.55093e+01
f180                =  2.06041e+06
gmx                 =  -2.02873e+01
 meas ac f0r when tdb=0 rise=1 failed!

tres                =  -5.90392e-01 at=  6.60693e+04
ROW iload_a=0.001 ceff_f=4.7e-06 esr_ohm=0.2 vout_v=1.79902 dcgain_db=135.952 f0_hz=60335.1 phase_at_f0_deg=-75.5093 f180_hz=2.06041E+06 gain_at_f180_db=-20.2873 f0_rising_hz= resurgence_db=-0.590392
Doing analysis at TEMP = 125.000000 and TNOM = 27.000000

Using SPARSE 1.3 as Direct Linear Solver

No. of Data Rows : 1
Doing analysis at TEMP = 125.000000 and TNOM = 27.000000

Using SPARSE 1.3 as Direct Linear Solver
 Reference value :  1.00000e-02
No. of Data Rows : 551
Doing analysis at TEMP = 125.000000 and TNOM = 27.000000

Using SPARSE 1.3 as Direct Linear Solver

No. of Data Rows : 551
dcg                 =  1.35952e+02
f0                  =  1.40456e+05
phx                 =  -3.95183e+01
f180                =  2.09332e+06
gmx                 =  -1.29170e+01
 meas ac f0r when tdb=0 rise=1 failed!

tres                =  -1.01345e-01 at=  1.51356e+05
ROW iload_a=0.001 ceff_f=4.7e-06 esr_ohm=0.5 vout_v=1.79902 dcgain_db=135.952 f0_hz=140456 phase_at_f0_deg=-39.5183 f180_hz=2.09332E+06 gain_at_f180_db=-12.917 f0_rising_hz= resurgence_db=-0.101345
Doing analysis at TEMP = 125.000000 and TNOM = 27.000000

Using SPARSE 1.3 as Direct Linear Solver
 Reference value :  0.00000e+00
No. of Data Rows : 1
Doing analysis at TEMP = 125.000000 and TNOM = 27.000000

Using SPARSE 1.3 as Direct Linear Solver

No. of Data Rows : 551
Doing analysis at TEMP = 125.000000 and TNOM = 27.000000

Using SPARSE 1.3 as Direct Linear Solver
 Reference value :  1.00000e-02
No. of Data Rows : 551
dcg                 =  1.35441e+02
f0                  =  1.62065e+06
phx                 =  -2.42730e+02
f180                =  8.54375e+05
gmx                 =  1.12456e+01
 meas ac f0r when tdb=0 rise=1 failed!

tres                =  -1.61269e+00 at=  1.73780e+06
ROW iload_a=0.01 ceff_f=3.3e-07 esr_ohm=0.001 vout_v=1.79902 dcgain_db=135.441 f0_hz=1.62065E+06 phase_at_f0_deg=-242.73 f180_hz=854375 gain_at_f180_db=11.2456 f0_rising_hz= resurgence_db=-1.61269
Doing analysis at TEMP = 125.000000 and TNOM = 27.000000

Using SPARSE 1.3 as Direct Linear Solver

No. of Data Rows : 1
Doing analysis at TEMP = 125.000000 and TNOM = 27.000000

Using SPARSE 1.3 as Direct Linear Solver
 Reference value :  1.00000e-02
No. of Data Rows : 551
Doing analysis at TEMP = 125.000000 and TNOM = 27.000000

Using SPARSE 1.3 as Direct Linear Solver

No. of Data Rows : 551
dcg                 =  1.35441e+02
f0                  =  1.62996e+06
phx                 =  -2.33977e+02
f180                =  9.10785e+05
gmx                 =  1.03798e+01
 meas ac f0r when tdb=0 rise=1 failed!

tres                =  -1.46522e+00 at=  1.73780e+06
ROW iload_a=0.01 ceff_f=3.3e-07 esr_ohm=0.05 vout_v=1.79902 dcgain_db=135.441 f0_hz=1.62996E+06 phase_at_f0_deg=-233.977 f180_hz=910785 gain_at_f180_db=10.3798 f0_rising_hz= resurgence_db=-1.46522
Doing analysis at TEMP = 125.000000 and TNOM = 27.000000

Using SPARSE 1.3 as Direct Linear Solver
 Reference value :  0.00000e+00
No. of Data Rows : 1
Doing analysis at TEMP = 125.000000 and TNOM = 27.000000

Using SPARSE 1.3 as Direct Linear Solver

No. of Data Rows : 551
Doing analysis at TEMP = 125.000000 and TNOM = 27.000000

Using SPARSE 1.3 as Direct Linear Solver
 Reference value :  1.00000e-02
No. of Data Rows : 551
dcg                 =  1.35441e+02
f0                  =  1.75738e+06
phx                 =  -2.16077e+02
f180                =  1.13209e+06
gmx                 =  7.83304e+00
 meas ac f0r when tdb=0 rise=1 failed!

tres                =  -1.73710e+00 at=  1.90546e+06
ROW iload_a=0.01 ceff_f=3.3e-07 esr_ohm=0.2 vout_v=1.79902 dcgain_db=135.441 f0_hz=1.75738E+06 phase_at_f0_deg=-216.077 f180_hz=1.13209E+06 gain_at_f180_db=7.83304 f0_rising_hz= resurgence_db=-1.7371
Doing analysis at TEMP = 125.000000 and TNOM = 27.000000

Using SPARSE 1.3 as Direct Linear Solver

No. of Data Rows : 1
Doing analysis at TEMP = 125.000000 and TNOM = 27.000000

Using SPARSE 1.3 as Direct Linear Solver
 Reference value :  1.00000e-02
No. of Data Rows : 551
Doing analysis at TEMP = 125.000000 and TNOM = 27.000000

Using SPARSE 1.3 as Direct Linear Solver

No. of Data Rows : 551
dcg                 =  1.35441e+02
f0                  =  2.22423e+06
phx                 =  -2.12513e+02
f180                =  1.54805e+06
gmx                 =  6.55697e+00
 meas ac f0r when tdb=0 rise=1 failed!

tres                =  -1.63352e+00 at=  2.39883e+06
ROW iload_a=0.01 ceff_f=3.3e-07 esr_ohm=0.5 vout_v=1.79902 dcgain_db=135.441 f0_hz=2.22423E+06 phase_at_f0_deg=-212.513 f180_hz=1.54805E+06 gain_at_f180_db=6.55697 f0_rising_hz= resurgence_db=-1.63352
Doing analysis at TEMP = 125.000000 and TNOM = 27.000000

Using SPARSE 1.3 as Direct Linear Solver
 Reference value :  0.00000e+00
No. of Data Rows : 1
Doing analysis at TEMP = 125.000000 and TNOM = 27.000000

Using SPARSE 1.3 as Direct Linear Solver

No. of Data Rows : 551
Doing analysis at TEMP = 125.000000 and TNOM = 27.000000

Using SPARSE 1.3 as Direct Linear Solver
 Reference value :  1.00000e-02
No. of Data Rows : 551
dcg                 =  1.35441e+02
f0                  =  9.56305e+05
phx                 =  -1.89137e+02
f180                =  8.57183e+05
gmx                 =  1.57391e+00
 meas ac f0r when tdb=0 rise=1 failed!

tres                =  -1.39391e+00 at=  1.04713e+06
ROW iload_a=0.01 ceff_f=1e-06 esr_ohm=0.001 vout_v=1.79902 dcgain_db=135.441 f0_hz=956305 phase_at_f0_deg=-189.137 f180_hz=857183 gain_at_f180_db=1.57391 f0_rising_hz= resurgence_db=-1.39391
Doing analysis at TEMP = 125.000000 and TNOM = 27.000000

Using SPARSE 1.3 as Direct Linear Solver

No. of Data Rows : 1
Doing analysis at TEMP = 125.000000 and TNOM = 27.000000

Using SPARSE 1.3 as Direct Linear Solver
 Reference value :  1.00000e-02
No. of Data Rows : 551
Doing analysis at TEMP = 125.000000 and TNOM = 27.000000

Using SPARSE 1.3 as Direct Linear Solver

No. of Data Rows : 551
dcg                 =  1.35441e+02
f0                  =  9.82390e+05
phx                 =  -1.74695e+02
f180                =  1.05553e+06
gmx                 =  -1.05635e+00
 meas ac f0r when tdb=0 rise=1 failed!

tres                =  -9.37245e-01 at=  1.04713e+06
ROW iload_a=0.01 ceff_f=1e-06 esr_ohm=0.05 vout_v=1.79902 dcgain_db=135.441 f0_hz=982390 phase_at_f0_deg=-174.695 f180_hz=1.05553E+06 gain_at_f180_db=-1.05635 f0_rising_hz= resurgence_db=-0.937245
Doing analysis at TEMP = 125.000000 and TNOM = 27.000000

Using SPARSE 1.3 as Direct Linear Solver
 Reference value :  0.00000e+00
No. of Data Rows : 1
Doing analysis at TEMP = 125.000000 and TNOM = 27.000000

Using SPARSE 1.3 as Direct Linear Solver

No. of Data Rows : 551
Doing analysis at TEMP = 125.000000 and TNOM = 27.000000

Using SPARSE 1.3 as Direct Linear Solver
 Reference value :  1.00000e-02
No. of Data Rows : 551
dcg                 =  1.35441e+02
f0                  =  1.36006e+06
phx                 =  -1.64137e+02
f180                =  1.63588e+06
gmx                 =  -2.59732e+00
 meas ac f0r when tdb=0 rise=1 failed!

tres                =  -8.03902e-01 at=  1.44544e+06
ROW iload_a=0.01 ceff_f=1e-06 esr_ohm=0.2 vout_v=1.79902 dcgain_db=135.441 f0_hz=1.36006E+06 phase_at_f0_deg=-164.136 f180_hz=1.63588E+06 gain_at_f180_db=-2.59732 f0_rising_hz= resurgence_db=-0.803902
Doing analysis at TEMP = 125.000000 and TNOM = 27.000000

Using SPARSE 1.3 as Direct Linear Solver

No. of Data Rows : 1
Doing analysis at TEMP = 125.000000 and TNOM = 27.000000

Using SPARSE 1.3 as Direct Linear Solver
 Reference value :  1.00000e-02
No. of Data Rows : 551
Doing analysis at TEMP = 125.000000 and TNOM = 27.000000

Using SPARSE 1.3 as Direct Linear Solver

No. of Data Rows : 551
dcg                 =  1.35441e+02
f0                  =  2.15198e+06
phx                 =  -1.93885e+02
f180                =  1.88416e+06
gmx                 =  2.39039e+00
 meas ac f0r when tdb=0 rise=1 failed!

tres                =  -1.23683e+00 at=  2.29087e+06
ROW iload_a=0.01 ceff_f=1e-06 esr_ohm=0.5 vout_v=1.79902 dcgain_db=135.441 f0_hz=2.15198E+06 phase_at_f0_deg=-193.885 f180_hz=1.88416E+06 gain_at_f180_db=2.39039 f0_rising_hz= resurgence_db=-1.23683
Doing analysis at TEMP = 125.000000 and TNOM = 27.000000

Using SPARSE 1.3 as Direct Linear Solver
 Reference value :  0.00000e+00
No. of Data Rows : 1
Doing analysis at TEMP = 125.000000 and TNOM = 27.000000

Using SPARSE 1.3 as Direct Linear Solver

No. of Data Rows : 551
Doing analysis at TEMP = 125.000000 and TNOM = 27.000000

Using SPARSE 1.3 as Direct Linear Solver
 Reference value :  1.00000e-02
No. of Data Rows : 551
dcg                 =  1.35441e+02
f0                  =  2.92169e+05
phx                 =  -1.21108e+02
f180                =  8.75075e+05
gmx                 =  -1.21624e+01
 meas ac f0r when tdb=0 rise=1 failed!

tres                =  -7.46390e-01 at=  3.16228e+05
ROW iload_a=0.01 ceff_f=4.7e-06 esr_ohm=0.001 vout_v=1.79902 dcgain_db=135.441 f0_hz=292169 phase_at_f0_deg=-121.108 f180_hz=875075 gain_at_f180_db=-12.1623 f0_rising_hz= resurgence_db=-0.74639
Doing analysis at TEMP = 125.000000 and TNOM = 27.000000

Using SPARSE 1.3 as Direct Linear Solver

No. of Data Rows : 1
Doing analysis at TEMP = 125.000000 and TNOM = 27.000000

Using SPARSE 1.3 as Direct Linear Solver
 Reference value :  1.00000e-02
No. of Data Rows : 551
Doing analysis at TEMP = 125.000000 and TNOM = 27.000000

Using SPARSE 1.3 as Direct Linear Solver

No. of Data Rows : 551
dcg                 =  1.35441e+02
f0                  =  3.20778e+05
phx                 =  -9.95184e+01
f180                =  1.71505e+06
gmx                 =  -1.54273e+01
 meas ac f0r when tdb=0 rise=1 failed!

tres                =  -6.15632e-01 at=  3.46737e+05
ROW iload_a=0.01 ceff_f=4.7e-06 esr_ohm=0.05 vout_v=1.79902 dcgain_db=135.441 f0_hz=320778 phase_at_f0_deg=-99.5184 f180_hz=1.71505E+06 gain_at_f180_db=-15.4272 f0_rising_hz= resurgence_db=-0.615632
Doing analysis at TEMP = 125.000000 and TNOM = 27.000000

Using SPARSE 1.3 as Direct Linear Solver
 Reference value :  0.00000e+00
No. of Data Rows : 1
Doing analysis at TEMP = 125.000000 and TNOM = 27.000000

Using SPARSE 1.3 as Direct Linear Solver

No. of Data Rows : 551
Doing analysis at TEMP = 125.000000 and TNOM = 27.000000

Using SPARSE 1.3 as Direct Linear Solver
 Reference value :  1.00000e-02
No. of Data Rows : 551
dcg                 =  1.35441e+02
f0                  =  1.20432e+06
phx                 =  -1.29312e+02
f180                =  1.96691e+06
gmx                 =  -6.31618e+00
 meas ac f0r when tdb=0 rise=1 failed!

tres                =  -8.67304e-01 at=  1.31826e+06
ROW iload_a=0.01 ceff_f=4.7e-06 esr_ohm=0.2 vout_v=1.79902 dcgain_db=135.441 f0_hz=1.20432E+06 phase_at_f0_deg=-129.312 f180_hz=1.96691E+06 gain_at_f180_db=-6.31618 f0_rising_hz= resurgence_db=-0.867304
Doing analysis at TEMP = 125.000000 and TNOM = 27.000000

Using SPARSE 1.3 as Direct Linear Solver

No. of Data Rows : 1
Doing analysis at TEMP = 125.000000 and TNOM = 27.000000

Using SPARSE 1.3 as Direct Linear Solver
 Reference value :  1.00000e-02
No. of Data Rows : 551
Doing analysis at TEMP = 125.000000 and TNOM = 27.000000

Using SPARSE 1.3 as Direct Linear Solver

No. of Data Rows : 551
dcg                 =  1.35441e+02
f0                  =  2.14243e+06
phx                 =  -1.86823e+02
f180                =  2.01453e+06
gmx                 =  1.13095e+00
 meas ac f0r when tdb=0 rise=1 failed!

tres                =  -1.31056e+00 at=  2.29087e+06
ROW iload_a=0.01 ceff_f=4.7e-06 esr_ohm=0.5 vout_v=1.79902 dcgain_db=135.441 f0_hz=2.14242E+06 phase_at_f0_deg=-186.823 f180_hz=2.01453E+06 gain_at_f180_db=1.13095 f0_rising_hz= resurgence_db=-1.31056
Doing analysis at TEMP = 125.000000 and TNOM = 27.000000

Using SPARSE 1.3 as Direct Linear Solver
 Reference value :  0.00000e+00
No. of Data Rows : 1
Doing analysis at TEMP = 125.000000 and TNOM = 27.000000

Using SPARSE 1.3 as Direct Linear Solver

No. of Data Rows : 551
Doing analysis at TEMP = 125.000000 and TNOM = 27.000000

Using SPARSE 1.3 as Direct Linear Solver
 Reference value :  1.00000e-02
No. of Data Rows : 551
dcg                 =  1.33916e+02
f0                  =  1.88635e+06
phx                 =  -2.60868e+02
f180                =  8.52824e+05
gmx                 =  1.49511e+01
 meas ac f0r when tdb=0 rise=1 failed!

tres                =  -1.46573e+00 at=  1.99526e+06
ROW iload_a=0.025 ceff_f=3.3e-07 esr_ohm=0.001 vout_v=1.79902 dcgain_db=133.916 f0_hz=1.88635E+06 phase_at_f0_deg=-260.868 f180_hz=852824 gain_at_f180_db=14.9511 f0_rising_hz= resurgence_db=-1.46574
Doing analysis at TEMP = 125.000000 and TNOM = 27.000000

Using SPARSE 1.3 as Direct Linear Solver

No. of Data Rows : 1
Doing analysis at TEMP = 125.000000 and TNOM = 27.000000

Using SPARSE 1.3 as Direct Linear Solver
 Reference value :  1.00000e-02
No. of Data Rows : 551
Doing analysis at TEMP = 125.000000 and TNOM = 27.000000

Using SPARSE 1.3 as Direct Linear Solver

No. of Data Rows : 551
dcg                 =  1.33916e+02
f0                  =  1.89903e+06
phx                 =  -2.50736e+02
f180                =  9.08464e+05
gmx                 =  1.40980e+01
 meas ac f0r when tdb=0 rise=1 failed!

tres                =  -1.27483e+00 at=  1.99526e+06
ROW iload_a=0.025 ceff_f=3.3e-07 esr_ohm=0.05 vout_v=1.79902 dcgain_db=133.916 f0_hz=1.89902E+06 phase_at_f0_deg=-250.737 f180_hz=908464 gain_at_f180_db=14.098 f0_rising_hz= resurgence_db=-1.27483
Doing analysis at TEMP = 125.000000 and TNOM = 27.000000

Using SPARSE 1.3 as Direct Linear Solver
 Reference value :  0.00000e+00
No. of Data Rows : 1
Doing analysis at TEMP = 125.000000 and TNOM = 27.000000

Using SPARSE 1.3 as Direct Linear Solver

No. of Data Rows : 551
Doing analysis at TEMP = 125.000000 and TNOM = 27.000000

Using SPARSE 1.3 as Direct Linear Solver
 Reference value :  1.00000e-02
No. of Data Rows : 551
dcg                 =  1.33916e+02
f0                  =  2.06741e+06
phx                 =  -2.31027e+02
f180                =  1.12556e+06
gmx                 =  1.15988e+01
 meas ac f0r when tdb=0 rise=1 failed!

tres                =  -1.35538e+00 at=  2.18776e+06
ROW iload_a=0.025 ceff_f=3.3e-07 esr_ohm=0.2 vout_v=1.79902 dcgain_db=133.916 f0_hz=2.06741E+06 phase_at_f0_deg=-231.027 f180_hz=1.12556E+06 gain_at_f180_db=11.5988 f0_rising_hz= resurgence_db=-1.35539
Doing analysis at TEMP = 125.000000 and TNOM = 27.000000

Using SPARSE 1.3 as Direct Linear Solver

No. of Data Rows : 1
Doing analysis at TEMP = 125.000000 and TNOM = 27.000000

Using SPARSE 1.3 as Direct Linear Solver
 Reference value :  1.00000e-02
No. of Data Rows : 551
Doing analysis at TEMP = 125.000000 and TNOM = 27.000000

Using SPARSE 1.3 as Direct Linear Solver

No. of Data Rows : 551
dcg                 =  1.33916e+02
f0                  =  2.60637e+06
phx                 =  -2.27480e+02
f180                =  1.53348e+06
gmx                 =  1.03420e+01
 meas ac f0r when tdb=0 rise=1 failed!

tres                =  -1.32123e+00 at=  2.75423e+06
ROW iload_a=0.025 ceff_f=3.3e-07 esr_ohm=0.5 vout_v=1.79902 dcgain_db=133.916 f0_hz=2.60637E+06 phase_at_f0_deg=-227.48 f180_hz=1.53348E+06 gain_at_f180_db=10.342 f0_rising_hz= resurgence_db=-1.32123
Doing analysis at TEMP = 125.000000 and TNOM = 27.000000

Using SPARSE 1.3 as Direct Linear Solver
 Reference value :  0.00000e+00
No. of Data Rows : 1
Doing analysis at TEMP = 125.000000 and TNOM = 27.000000

Using SPARSE 1.3 as Direct Linear Solver

No. of Data Rows : 551
Doing analysis at TEMP = 125.000000 and TNOM = 27.000000

Using SPARSE 1.3 as Direct Linear Solver
 Reference value :  1.00000e-02
No. of Data Rows : 551
dcg                 =  1.33916e+02
f0                  =  1.20133e+06
phx                 =  -2.10922e+02
f180                =  8.54979e+05
gmx                 =  5.29375e+00
 meas ac f0r when tdb=0 rise=1 failed!

tres                =  -8.40738e-01 at=  1.25893e+06
ROW iload_a=0.025 ceff_f=1e-06 esr_ohm=0.001 vout_v=1.79902 dcgain_db=133.916 f0_hz=1.20132E+06 phase_at_f0_deg=-210.922 f180_hz=854979 gain_at_f180_db=5.29375 f0_rising_hz= resurgence_db=-0.840738
Doing analysis at TEMP = 125.000000 and TNOM = 27.000000

Using SPARSE 1.3 as Direct Linear Solver

No. of Data Rows : 1
Doing analysis at TEMP = 125.000000 and TNOM = 27.000000

Using SPARSE 1.3 as Direct Linear Solver
 Reference value :  1.00000e-02
No. of Data Rows : 551
Doing analysis at TEMP = 125.000000 and TNOM = 27.000000

Using SPARSE 1.3 as Direct Linear Solver

No. of Data Rows : 551
dcg                 =  1.33916e+02
f0                  =  1.24455e+06
phx                 =  -1.93612e+02
f180                =  1.04956e+06
gmx                 =  2.71237e+00
 meas ac f0r when tdb=0 rise=1 failed!

tres                =  -9.95492e-01 at=  1.31826e+06
ROW iload_a=0.025 ceff_f=1e-06 esr_ohm=0.05 vout_v=1.79902 dcgain_db=133.916 f0_hz=1.24455E+06 phase_at_f0_deg=-193.612 f180_hz=1.04956E+06 gain_at_f180_db=2.71237 f0_rising_hz= resurgence_db=-0.995492
Doing analysis at TEMP = 125.000000 and TNOM = 27.000000

Using SPARSE 1.3 as Direct Linear Solver
 Reference value :  0.00000e+00
No. of Data Rows : 1
Doing analysis at TEMP = 125.000000 and TNOM = 27.000000

Using SPARSE 1.3 as Direct Linear Solver

No. of Data Rows : 551
Doing analysis at TEMP = 125.000000 and TNOM = 27.000000

Using SPARSE 1.3 as Direct Linear Solver
 Reference value :  1.00000e-02
No. of Data Rows : 551
dcg                 =  1.33916e+02
f0                  =  1.74367e+06
phx                 =  -1.86797e+02
f180                =  1.61936e+06
gmx                 =  1.18858e+00
 meas ac f0r when tdb=0 rise=1 failed!

tres                =  -1.54669e+00 at=  1.90546e+06
ROW iload_a=0.025 ceff_f=1e-06 esr_ohm=0.2 vout_v=1.79902 dcgain_db=133.916 f0_hz=1.74367E+06 phase_at_f0_deg=-186.797 f180_hz=1.61936E+06 gain_at_f180_db=1.18858 f0_rising_hz= resurgence_db=-1.54669
Doing analysis at TEMP = 125.000000 and TNOM = 27.000000

Using SPARSE 1.3 as Direct Linear Solver

No. of Data Rows : 1
Doing analysis at TEMP = 125.000000 and TNOM = 27.000000

Using SPARSE 1.3 as Direct Linear Solver
 Reference value :  1.00000e-02
No. of Data Rows : 551
Doing analysis at TEMP = 125.000000 and TNOM = 27.000000

Using SPARSE 1.3 as Direct Linear Solver

No. of Data Rows : 551
dcg                 =  1.33916e+02
f0                  =  2.55162e+06
phx                 =  -2.12163e+02
f180                =  1.86657e+06
gmx                 =  6.14721e+00
 meas ac f0r when tdb=0 rise=1 failed!

tres                =  -1.74990e+00 at=  2.75423e+06
ROW iload_a=0.025 ceff_f=1e-06 esr_ohm=0.5 vout_v=1.79902 dcgain_db=133.916 f0_hz=2.55162E+06 phase_at_f0_deg=-212.163 f180_hz=1.86657E+06 gain_at_f180_db=6.14721 f0_rising_hz= resurgence_db=-1.7499
Doing analysis at TEMP = 125.000000 and TNOM = 27.000000

Using SPARSE 1.3 as Direct Linear Solver
 Reference value :  0.00000e+00
No. of Data Rows : 1
Doing analysis at TEMP = 125.000000 and TNOM = 27.000000

Using SPARSE 1.3 as Direct Linear Solver

No. of Data Rows : 551
Doing analysis at TEMP = 125.000000 and TNOM = 27.000000

Using SPARSE 1.3 as Direct Linear Solver
 Reference value :  1.00000e-02
No. of Data Rows : 551
dcg                 =  1.33916e+02
f0                  =  4.25334e+05
phx                 =  -1.35666e+02
f180                =  8.70497e+05
gmx                 =  -8.39998e+00
 meas ac f0r when tdb=0 rise=1 failed!

tres                =  -7.40632e-01 at=  4.57088e+05
ROW iload_a=0.025 ceff_f=4.7e-06 esr_ohm=0.001 vout_v=1.79902 dcgain_db=133.916 f0_hz=425334 phase_at_f0_deg=-135.667 f180_hz=870497 gain_at_f180_db=-8.39998 f0_rising_hz= resurgence_db=-0.740632
Doing analysis at TEMP = 125.000000 and TNOM = 27.000000

Using SPARSE 1.3 as Direct Linear Solver

No. of Data Rows : 1
Doing analysis at TEMP = 125.000000 and TNOM = 27.000000

Using SPARSE 1.3 as Direct Linear Solver
 Reference value :  1.00000e-02
No. of Data Rows : 551
Doing analysis at TEMP = 125.000000 and TNOM = 27.000000

Using SPARSE 1.3 as Direct Linear Solver

No. of Data Rows : 551
dcg                 =  1.33916e+02
f0                  =  5.14024e+05
phx                 =  -1.08760e+02
f180                =  1.69178e+06
gmx                 =  -1.16497e+01
 meas ac f0r when tdb=0 rise=1 failed!

tres                =  -5.09626e-01 at=  5.49541e+05
ROW iload_a=0.025 ceff_f=4.7e-06 esr_ohm=0.05 vout_v=1.79902 dcgain_db=133.916 f0_hz=514024 phase_at_f0_deg=-108.76 f180_hz=1.69178E+06 gain_at_f180_db=-11.6497 f0_rising_hz= resurgence_db=-0.509626
Doing analysis at TEMP = 125.000000 and TNOM = 27.000000

Using SPARSE 1.3 as Direct Linear Solver
 Reference value :  0.00000e+00
No. of Data Rows : 1
Doing analysis at TEMP = 125.000000 and TNOM = 27.000000

Using SPARSE 1.3 as Direct Linear Solver

No. of Data Rows : 551
Doing analysis at TEMP = 125.000000 and TNOM = 27.000000

Using SPARSE 1.3 as Direct Linear Solver
 Reference value :  1.00000e-02
No. of Data Rows : 551
dcg                 =  1.33916e+02
f0                  =  1.65569e+06
phx                 =  -1.62288e+02
f180                =  1.94812e+06
gmx                 =  -2.57290e+00
 meas ac f0r when tdb=0 rise=1 failed!

tres                =  -7.12716e-01 at=  1.73780e+06
ROW iload_a=0.025 ceff_f=4.7e-06 esr_ohm=0.2 vout_v=1.79902 dcgain_db=133.916 f0_hz=1.65569E+06 phase_at_f0_deg=-162.288 f180_hz=1.94812E+06 gain_at_f180_db=-2.5729 f0_rising_hz= resurgence_db=-0.712716
Doing analysis at TEMP = 125.000000 and TNOM = 27.000000

Using SPARSE 1.3 as Direct Linear Solver

No. of Data Rows : 1
Doing analysis at TEMP = 125.000000 and TNOM = 27.000000

Using SPARSE 1.3 as Direct Linear Solver
 Reference value :  1.00000e-02
No. of Data Rows : 551
Doing analysis at TEMP = 125.000000 and TNOM = 27.000000

Using SPARSE 1.3 as Direct Linear Solver

No. of Data Rows : 551
dcg                 =  1.33916e+02
f0                  =  2.54484e+06
phx                 =  -2.06348e+02
f180                =  1.99576e+06
gmx                 =  4.88112e+00
 meas ac f0r when tdb=0 rise=1 failed!

tres                =  -1.79956e+00 at=  2.75423e+06
ROW iload_a=0.025 ceff_f=4.7e-06 esr_ohm=0.5 vout_v=1.79902 dcgain_db=133.916 f0_hz=2.54484E+06 phase_at_f0_deg=-206.348 f180_hz=1.99576E+06 gain_at_f180_db=4.88112 f0_rising_hz= resurgence_db=-1.79956
Doing analysis at TEMP = 125.000000 and TNOM = 27.000000

Using SPARSE 1.3 as Direct Linear Solver
 Reference value :  0.00000e+00
No. of Data Rows : 1
Doing analysis at TEMP = 125.000000 and TNOM = 27.000000

Using SPARSE 1.3 as Direct Linear Solver

No. of Data Rows : 551
Doing analysis at TEMP = 125.000000 and TNOM = 27.000000

Using SPARSE 1.3 as Direct Linear Solver
 Reference value :  1.00000e-02
No. of Data Rows : 551
dcg                 =  1.31823e+02
f0                  =  2.05280e+06
phx                 =  -2.70947e+02
f180                =  8.53105e+05
gmx                 =  1.72030e+01
 meas ac f0r when tdb=0 rise=1 failed!

tres                =  -1.77834e+00 at=  2.18776e+06
ROW iload_a=0.05 ceff_f=3.3e-07 esr_ohm=0.001 vout_v=1.79902 dcgain_db=131.823 f0_hz=2.0528E+06 phase_at_f0_deg=-270.947 f180_hz=853106 gain_at_f180_db=17.203 f0_rising_hz= resurgence_db=-1.77834
Doing analysis at TEMP = 125.000000 and TNOM = 27.000000

Using SPARSE 1.3 as Direct Linear Solver

No. of Data Rows : 1
Doing analysis at TEMP = 125.000000 and TNOM = 27.000000

Using SPARSE 1.3 as Direct Linear Solver
 Reference value :  1.00000e-02
No. of Data Rows : 551
Doing analysis at TEMP = 125.000000 and TNOM = 27.000000

Using SPARSE 1.3 as Direct Linear Solver

No. of Data Rows : 551
dcg                 =  1.31823e+02
f0                  =  2.06793e+06
phx                 =  -2.59938e+02
f180                =  9.08408e+05
gmx                 =  1.63562e+01
 meas ac f0r when tdb=0 rise=1 failed!

tres                =  -1.55181e+00 at=  2.18776e+06
ROW iload_a=0.05 ceff_f=3.3e-07 esr_ohm=0.05 vout_v=1.79902 dcgain_db=131.823 f0_hz=2.06793E+06 phase_at_f0_deg=-259.938 f180_hz=908408 gain_at_f180_db=16.3562 f0_rising_hz= resurgence_db=-1.55181
Doing analysis at TEMP = 125.000000 and TNOM = 27.000000

Using SPARSE 1.3 as Direct Linear Solver
 Reference value :  0.00000e+00
No. of Data Rows : 1
Doing analysis at TEMP = 125.000000 and TNOM = 27.000000

Using SPARSE 1.3 as Direct Linear Solver

No. of Data Rows : 551
Doing analysis at TEMP = 125.000000 and TNOM = 27.000000

Using SPARSE 1.3 as Direct Linear Solver
 Reference value :  1.00000e-02
No. of Data Rows : 551
dcg                 =  1.31823e+02
f0                  =  2.26469e+06
phx                 =  -2.39135e+02
f180                =  1.12354e+06
gmx                 =  1.38826e+01
 meas ac f0r when tdb=0 rise=1 failed!

tres                =  -1.45787e+00 at=  2.39883e+06
ROW iload_a=0.05 ceff_f=3.3e-07 esr_ohm=0.2 vout_v=1.79902 dcgain_db=131.823 f0_hz=2.26469E+06 phase_at_f0_deg=-239.135 f180_hz=1.12354E+06 gain_at_f180_db=13.8826 f0_rising_hz= resurgence_db=-1.45787
Doing analysis at TEMP = 125.000000 and TNOM = 27.000000

Using SPARSE 1.3 as Direct Linear Solver

No. of Data Rows : 1
Doing analysis at TEMP = 125.000000 and TNOM = 27.000000

Using SPARSE 1.3 as Direct Linear Solver
 Reference value :  1.00000e-02
No. of Data Rows : 551
Doing analysis at TEMP = 125.000000 and TNOM = 27.000000

Using SPARSE 1.3 as Direct Linear Solver

No. of Data Rows : 551
dcg                 =  1.31823e+02
f0                  =  2.85100e+06
phx                 =  -2.35434e+02
f180                =  1.52692e+06
gmx                 =  1.26449e+01
 meas ac f0r when tdb=0 rise=1 failed!

tres                =  -1.44702e+00 at=  3.01995e+06
ROW iload_a=0.05 ceff_f=3.3e-07 esr_ohm=0.5 vout_v=1.79902 dcgain_db=131.823 f0_hz=2.851E+06 phase_at_f0_deg=-235.434 f180_hz=1.52692E+06 gain_at_f180_db=12.6449 f0_rising_hz= resurgence_db=-1.44702
Doing analysis at TEMP = 125.000000 and TNOM = 27.000000

Using SPARSE 1.3 as Direct Linear Solver
 Reference value :  0.00000e+00
No. of Data Rows : 1
Doing analysis at TEMP = 125.000000 and TNOM = 27.000000

Using SPARSE 1.3 as Direct Linear Solver

No. of Data Rows : 551
Doing analysis at TEMP = 125.000000 and TNOM = 27.000000

Using SPARSE 1.3 as Direct Linear Solver
 Reference value :  1.00000e-02
No. of Data Rows : 551
dcg                 =  1.31823e+02
f0                  =  1.35751e+06
phx                 =  -2.23881e+02
f180                =  8.54669e+05
gmx                 =  7.55847e+00
 meas ac f0r when tdb=0 rise=1 failed!

tres                =  -1.25836e+00 at=  1.44544e+06
ROW iload_a=0.05 ceff_f=1e-06 esr_ohm=0.001 vout_v=1.79902 dcgain_db=131.823 f0_hz=1.35751E+06 phase_at_f0_deg=-223.881 f180_hz=854669 gain_at_f180_db=7.55847 f0_rising_hz= resurgence_db=-1.25836
Doing analysis at TEMP = 125.000000 and TNOM = 27.000000

Using SPARSE 1.3 as Direct Linear Solver

No. of Data Rows : 1
Doing analysis at TEMP = 125.000000 and TNOM = 27.000000

Using SPARSE 1.3 as Direct Linear Solver
 Reference value :  1.00000e-02
No. of Data Rows : 551
Doing analysis at TEMP = 125.000000 and TNOM = 27.000000

Using SPARSE 1.3 as Direct Linear Solver

No. of Data Rows : 551
dcg                 =  1.31823e+02
f0                  =  1.41315e+06
phx                 =  -2.04817e+02
f180                =  1.04759e+06
gmx                 =  5.00230e+00
 meas ac f0r when tdb=0 rise=1 failed!

tres                =  -1.31907e+00 at=  1.51356e+06
ROW iload_a=0.05 ceff_f=1e-06 esr_ohm=0.05 vout_v=1.79902 dcgain_db=131.823 f0_hz=1.41315E+06 phase_at_f0_deg=-204.817 f180_hz=1.04759E+06 gain_at_f180_db=5.0023 f0_rising_hz= resurgence_db=-1.31907
Doing analysis at TEMP = 125.000000 and TNOM = 27.000000

Using SPARSE 1.3 as Direct Linear Solver
 Reference value :  0.00000e+00
No. of Data Rows : 1
Doing analysis at TEMP = 125.000000 and TNOM = 27.000000

Using SPARSE 1.3 as Direct Linear Solver

No. of Data Rows : 551
Doing analysis at TEMP = 125.000000 and TNOM = 27.000000

Using SPARSE 1.3 as Direct Linear Solver
 Reference value :  1.00000e-02
No. of Data Rows : 551
dcg                 =  1.31823e+02
f0                  =  1.97551e+06
phx                 =  -1.99009e+02
f180                =  1.61170e+06
gmx                 =  3.50032e+00
 meas ac f0r when tdb=0 rise=1 failed!

tres                =  -1.08766e+00 at=  2.08930e+06
ROW iload_a=0.05 ceff_f=1e-06 esr_ohm=0.2 vout_v=1.79902 dcgain_db=131.823 f0_hz=1.97551E+06 phase_at_f0_deg=-199.009 f180_hz=1.6117E+06 gain_at_f180_db=3.50032 f0_rising_hz= resurgence_db=-1.08766
Doing analysis at TEMP = 125.000000 and TNOM = 27.000000

Using SPARSE 1.3 as Direct Linear Solver

No. of Data Rows : 1
Doing analysis at TEMP = 125.000000 and TNOM = 27.000000

Using SPARSE 1.3 as Direct Linear Solver
 Reference value :  1.00000e-02
No. of Data Rows : 551
Doing analysis at TEMP = 125.000000 and TNOM = 27.000000

Using SPARSE 1.3 as Direct Linear Solver

No. of Data Rows : 551
dcg                 =  1.31823e+02
f0                  =  2.80349e+06
phx                 =  -2.21678e+02
f180                =  1.85768e+06
gmx                 =  8.44612e+00
 meas ac f0r when tdb=0 rise=1 failed!

tres                =  -1.80545e+00 at=  3.01995e+06
ROW iload_a=0.05 ceff_f=1e-06 esr_ohm=0.5 vout_v=1.79902 dcgain_db=131.823 f0_hz=2.80349E+06 phase_at_f0_deg=-221.678 f180_hz=1.85768E+06 gain_at_f180_db=8.44612 f0_rising_hz= resurgence_db=-1.80545
Doing analysis at TEMP = 125.000000 and TNOM = 27.000000

Using SPARSE 1.3 as Direct Linear Solver
 Reference value :  0.00000e+00
No. of Data Rows : 1
Doing analysis at TEMP = 125.000000 and TNOM = 27.000000

Using SPARSE 1.3 as Direct Linear Solver

No. of Data Rows : 551
Doing analysis at TEMP = 125.000000 and TNOM = 27.000000

Using SPARSE 1.3 as Direct Linear Solver
 Reference value :  1.00000e-02
No. of Data Rows : 551
dcg                 =  1.31823e+02
f0                  =  5.26624e+05
phx                 =  -1.46308e+02
f180                =  8.69094e+05
gmx                 =  -6.11458e+00
 meas ac f0r when tdb=0 rise=1 failed!

tres                =  -9.79940e-01 at=  5.75440e+05
ROW iload_a=0.05 ceff_f=4.7e-06 esr_ohm=0.001 vout_v=1.79902 dcgain_db=131.823 f0_hz=526624 phase_at_f0_deg=-146.308 f180_hz=869094 gain_at_f180_db=-6.11458 f0_rising_hz= resurgence_db=-0.97994
Doing analysis at TEMP = 125.000000 and TNOM = 27.000000

Using SPARSE 1.3 as Direct Linear Solver

No. of Data Rows : 1
Doing analysis at TEMP = 125.000000 and TNOM = 27.000000

Using SPARSE 1.3 as Direct Linear Solver
 Reference value :  1.00000e-02
No. of Data Rows : 551
Doing analysis at TEMP = 125.000000 and TNOM = 27.000000

Using SPARSE 1.3 as Direct Linear Solver

No. of Data Rows : 551
dcg                 =  1.31823e+02
f0                  =  6.89621e+05
phx                 =  -1.18561e+02
f180                =  1.68115e+06
gmx                 =  -9.33715e+00
 meas ac f0r when tdb=0 rise=1 failed!

tres                =  -3.85023e-01 at=  7.24436e+05
ROW iload_a=0.05 ceff_f=4.7e-06 esr_ohm=0.05 vout_v=1.79902 dcgain_db=131.823 f0_hz=689621 phase_at_f0_deg=-118.561 f180_hz=1.68115E+06 gain_at_f180_db=-9.33715 f0_rising_hz= resurgence_db=-0.385023
Doing analysis at TEMP = 125.000000 and TNOM = 27.000000

Using SPARSE 1.3 as Direct Linear Solver
 Reference value :  0.00000e+00
No. of Data Rows : 1
Doing analysis at TEMP = 125.000000 and TNOM = 27.000000

Using SPARSE 1.3 as Direct Linear Solver

No. of Data Rows : 551
Doing analysis at TEMP = 125.000000 and TNOM = 27.000000

Using SPARSE 1.3 as Direct Linear Solver
 Reference value :  1.00000e-02
No. of Data Rows : 551
dcg                 =  1.31823e+02
f0                  =  1.90815e+06
phx                 =  -1.78279e+02
f180                =  1.93876e+06
gmx                 =  -2.75185e-01
 meas ac f0r when tdb=0 rise=1 failed!

tres                =  -1.63058e+00 at=  2.08930e+06
ROW iload_a=0.05 ceff_f=4.7e-06 esr_ohm=0.2 vout_v=1.79902 dcgain_db=131.823 f0_hz=1.90815E+06 phase_at_f0_deg=-178.279 f180_hz=1.93876E+06 gain_at_f180_db=-0.275185 f0_rising_hz= resurgence_db=-1.63058
Doing analysis at TEMP = 125.000000 and TNOM = 27.000000

Using SPARSE 1.3 as Direct Linear Solver

No. of Data Rows : 1
Doing analysis at TEMP = 125.000000 and TNOM = 27.000000

Using SPARSE 1.3 as Direct Linear Solver
 Reference value :  1.00000e-02
No. of Data Rows : 551
Doing analysis at TEMP = 125.000000 and TNOM = 27.000000

Using SPARSE 1.3 as Direct Linear Solver

No. of Data Rows : 551
dcg                 =  1.31823e+02
f0                  =  2.79780e+06
phx                 =  -2.16440e+02
f180                =  1.98645e+06
gmx                 =  7.17513e+00
 meas ac f0r when tdb=0 rise=1 failed!

tres                =  -1.84600e+00 at=  3.01995e+06
ROW iload_a=0.05 ceff_f=4.7e-06 esr_ohm=0.5 vout_v=1.79902 dcgain_db=131.823 f0_hz=2.7978E+06 phase_at_f0_deg=-216.44 f180_hz=1.98645E+06 gain_at_f180_db=7.17513 f0_rising_hz= resurgence_db=-1.846
* SWEEP COMPLETE ff_125c_3.30v
Note: Simulation executed from .control section 
Warning: m=xx on .subckt line will override multiplier m hierarchy!

Note: Starting dynamic gmin stepping
Note: Dynamic gmin stepping completed
Note: Starting dynamic gmin stepping
Note: Dynamic gmin stepping completed
Note: Starting dynamic gmin stepping
Note: Dynamic gmin stepping completed

Error: measure  f0r  when(WHEN) : out of interval
Error: &f0r: no such variable.
Note: Starting dynamic gmin stepping
Note: Dynamic gmin stepping completed
Note: Starting dynamic gmin stepping
Note: Dynamic gmin stepping completed
Note: Starting dynamic gmin stepping
Note: Dynamic gmin stepping completed

Error: measure  f0r  when(WHEN) : out of interval
Error: &f0r: no such variable.
Note: Starting dynamic gmin stepping
Note: Dynamic gmin stepping completed
Note: Starting dynamic gmin stepping
Note: Dynamic gmin stepping completed
Note: Starting dynamic gmin stepping
Note: Dynamic gmin stepping completed

Error: measure  f0r  when(WHEN) : out of interval
Error: &f0r: no such variable.
Note: Starting dynamic gmin stepping
Note: Dynamic gmin stepping completed
Note: Starting dynamic gmin stepping
Note: Dynamic gmin stepping completed
Note: Starting dynamic gmin stepping
Note: Dynamic gmin stepping completed

Error: measure  f0r  when(WHEN) : out of interval
Error: &f0r: no such variable.
Note: Starting dynamic gmin stepping
Note: Dynamic gmin stepping completed
Note: Starting dynamic gmin stepping
Note: Dynamic gmin stepping completed
Note: Starting dynamic gmin stepping
Note: Dynamic gmin stepping completed

Error: measure  f0r  when(WHEN) : out of interval
Error: &f0r: no such variable.
Note: Starting dynamic gmin stepping
Note: Dynamic gmin stepping completed
Note: Starting dynamic gmin stepping
Note: Dynamic gmin stepping completed
Note: Starting dynamic gmin stepping
Note: Dynamic gmin stepping completed

Error: measure  f0r  when(WHEN) : out of interval
Error: &f0r: no such variable.
Note: Starting dynamic gmin stepping
Note: Dynamic gmin stepping completed
Note: Starting dynamic gmin stepping
Note: Dynamic gmin stepping completed
Note: Starting dynamic gmin stepping
Note: Dynamic gmin stepping completed

Error: measure  f0r  when(WHEN) : out of interval
Error: &f0r: no such variable.
Note: Starting dynamic gmin stepping
Note: Dynamic gmin stepping completed
Note: Starting dynamic gmin stepping
Note: Dynamic gmin stepping completed
Note: Starting dynamic gmin stepping
Note: Dynamic gmin stepping completed

Error: measure  f0r  when(WHEN) : out of interval
Error: &f0r: no such variable.
Note: Starting dynamic gmin stepping
Note: Dynamic gmin stepping completed
Note: Starting dynamic gmin stepping
Note: Dynamic gmin stepping completed
Note: Starting dynamic gmin stepping
Note: Dynamic gmin stepping completed

Error: measure  f0r  when(WHEN) : out of interval
Error: &f0r: no such variable.
Note: Starting dynamic gmin stepping
Note: Dynamic gmin stepping completed
Note: Starting dynamic gmin stepping
Note: Dynamic gmin stepping completed
Note: Starting dynamic gmin stepping
Note: Dynamic gmin stepping completed

Error: measure  f0r  when(WHEN) : out of interval
Error: &f0r: no such variable.
Note: Starting dynamic gmin stepping
Note: Dynamic gmin stepping completed
Note: Starting dynamic gmin stepping
Note: Dynamic gmin stepping completed
Note: Starting dynamic gmin stepping
Note: Dynamic gmin stepping completed

Error: measure  f0r  when(WHEN) : out of interval
Error: &f0r: no such variable.
Note: Starting dynamic gmin stepping
Note: Dynamic gmin stepping completed
Note: Starting dynamic gmin stepping
Note: Dynamic gmin stepping completed
Note: Starting dynamic gmin stepping
Note: Dynamic gmin stepping completed

Error: measure  f0r  when(WHEN) : out of interval
Error: &f0r: no such variable.
Note: Starting dynamic gmin stepping
Note: Dynamic gmin stepping completed
Note: Starting dynamic gmin stepping
Note: Dynamic gmin stepping completed
Note: Starting dynamic gmin stepping
Note: Dynamic gmin stepping completed

Error: measure  f0r  when(WHEN) : out of interval
Error: &f0r: no such variable.
Note: Starting dynamic gmin stepping
Note: Dynamic gmin stepping completed
Note: Starting dynamic gmin stepping
Note: Dynamic gmin stepping completed
Note: Starting dynamic gmin stepping
Note: Dynamic gmin stepping completed

Error: measure  f0r  when(WHEN) : out of interval
Error: &f0r: no such variable.
Note: Starting dynamic gmin stepping
Note: Dynamic gmin stepping completed
Note: Starting dynamic gmin stepping
Note: Dynamic gmin stepping completed
Note: Starting dynamic gmin stepping
Note: Dynamic gmin stepping completed

Error: measure  f0r  when(WHEN) : out of interval
Error: &f0r: no such variable.
Note: Starting dynamic gmin stepping
Note: Dynamic gmin stepping completed
Note: Starting dynamic gmin stepping
Note: Dynamic gmin stepping completed
Note: Starting dynamic gmin stepping
Note: Dynamic gmin stepping completed

Error: measure  f0r  when(WHEN) : out of interval
Error: &f0r: no such variable.
Note: Starting dynamic gmin stepping
Note: Dynamic gmin stepping completed
Note: Starting dynamic gmin stepping
Note: Dynamic gmin stepping completed
Note: Starting dynamic gmin stepping
Note: Dynamic gmin stepping completed

Error: measure  f0r  when(WHEN) : out of interval
Error: &f0r: no such variable.
Note: Starting dynamic gmin stepping
Note: Dynamic gmin stepping completed
Note: Starting dynamic gmin stepping
Note: Dynamic gmin stepping completed
Note: Starting dynamic gmin stepping
Note: Dynamic gmin stepping completed

Error: measure  f0r  when(WHEN) : out of interval
Error: &f0r: no such variable.
Note: Starting dynamic gmin stepping
Note: Dynamic gmin stepping completed
Note: Starting dynamic gmin stepping
Note: Dynamic gmin stepping completed
Note: Starting dynamic gmin stepping
Note: Dynamic gmin stepping completed

Error: measure  f0r  when(WHEN) : out of interval
Error: &f0r: no such variable.
Note: Starting dynamic gmin stepping
Note: Dynamic gmin stepping completed
Note: Starting dynamic gmin stepping
Note: Dynamic gmin stepping completed
Note: Starting dynamic gmin stepping
Note: Dynamic gmin stepping completed

Error: measure  f0r  when(WHEN) : out of interval
Error: &f0r: no such variable.
Note: Starting dynamic gmin stepping
Note: Dynamic gmin stepping completed
Note: Starting dynamic gmin stepping
Note: Dynamic gmin stepping completed
Note: Starting dynamic gmin stepping
Note: Dynamic gmin stepping completed

Error: measure  f0r  when(WHEN) : out of interval
Error: &f0r: no such variable.
Note: Starting dynamic gmin stepping
Note: Dynamic gmin stepping completed
Note: Starting dynamic gmin stepping
Note: Dynamic gmin stepping completed
Note: Starting dynamic gmin stepping
Note: Dynamic gmin stepping completed

Error: measure  f0r  when(WHEN) : out of interval
Error: &f0r: no such variable.
Note: Starting dynamic gmin stepping
Note: Dynamic gmin stepping completed
Note: Starting dynamic gmin stepping
Note: Dynamic gmin stepping completed
Note: Starting dynamic gmin stepping
Note: Dynamic gmin stepping completed

Error: measure  f0r  when(WHEN) : out of interval
Error: &f0r: no such variable.
Note: Starting dynamic gmin stepping
Note: Dynamic gmin stepping completed
Note: Starting dynamic gmin stepping
Note: Dynamic gmin stepping completed
Note: Starting dynamic gmin stepping
Note: Dynamic gmin stepping completed

Error: measure  f0r  when(WHEN) : out of interval
Error: &f0r: no such variable.
Note: Starting dynamic gmin stepping
Note: Dynamic gmin stepping completed
Note: Starting dynamic gmin stepping
Note: Dynamic gmin stepping completed
Note: Starting dynamic gmin stepping
Note: Dynamic gmin stepping completed

Error: measure  f0r  when(WHEN) : out of interval
Error: &f0r: no such variable.
Note: Starting dynamic gmin stepping
Note: Dynamic gmin stepping completed
Note: Starting dynamic gmin stepping
Note: Dynamic gmin stepping completed
Note: Starting dynamic gmin stepping
Note: Dynamic gmin stepping completed

Error: measure  f0r  when(WHEN) : out of interval
Error: &f0r: no such variable.
Note: Starting dynamic gmin stepping
Note: Dynamic gmin stepping completed
Note: Starting dynamic gmin stepping
Note: Dynamic gmin stepping completed
Note: Starting dynamic gmin stepping
Note: Dynamic gmin stepping completed

Error: measure  f0r  when(WHEN) : out of interval
Error: &f0r: no such variable.
Note: Starting dynamic gmin stepping
Note: Dynamic gmin stepping completed
Note: Starting dynamic gmin stepping
Note: Dynamic gmin stepping completed
Note: Starting dynamic gmin stepping
Note: Dynamic gmin stepping completed

Error: measure  f0r  when(WHEN) : out of interval
Error: &f0r: no such variable.
Note: Starting dynamic gmin stepping
Note: Dynamic gmin stepping completed
Note: Starting dynamic gmin stepping
Note: Dynamic gmin stepping completed
Note: Starting dynamic gmin stepping
Note: Dynamic gmin stepping completed

Error: measure  f0r  when(WHEN) : out of interval
Error: &f0r: no such variable.
Note: Starting dynamic gmin stepping
Note: Dynamic gmin stepping completed
Note: Starting dynamic gmin stepping
Note: Dynamic gmin stepping completed
Note: Starting dynamic gmin stepping
Note: Dynamic gmin stepping completed

Error: measure  f0r  when(WHEN) : out of interval
Error: &f0r: no such variable.
Note: Starting dynamic gmin stepping
Note: Dynamic gmin stepping completed
Note: Starting dynamic gmin stepping
Note: Dynamic gmin stepping completed
Note: Starting dynamic gmin stepping
Note: Dynamic gmin stepping completed

Error: measure  f0r  when(WHEN) : out of interval
Error: &f0r: no such variable.
Note: Starting dynamic gmin stepping
Note: Dynamic gmin stepping completed
Note: Starting dynamic gmin stepping
Note: Dynamic gmin stepping completed
Note: Starting dynamic gmin stepping
Note: Dynamic gmin stepping completed

Error: measure  f0r  when(WHEN) : out of interval
Error: &f0r: no such variable.
Note: Starting dynamic gmin stepping
Note: Dynamic gmin stepping completed
Note: Starting dynamic gmin stepping
Note: Dynamic gmin stepping completed
Note: Starting dynamic gmin stepping
Note: Dynamic gmin stepping completed

Error: measure  f0r  when(WHEN) : out of interval
Error: &f0r: no such variable.
Note: Starting dynamic gmin stepping
Note: Dynamic gmin stepping completed
Note: Starting dynamic gmin stepping
Note: Dynamic gmin stepping completed
Note: Starting dynamic gmin stepping
Note: Dynamic gmin stepping completed

Error: measure  f0r  when(WHEN) : out of interval
Error: &f0r: no such variable.
Note: Starting dynamic gmin stepping
Note: Dynamic gmin stepping completed
Note: Starting dynamic gmin stepping
Note: Dynamic gmin stepping completed
Note: Starting dynamic gmin stepping
Note: Dynamic gmin stepping completed

Error: measure  f0r  when(WHEN) : out of interval
Error: &f0r: no such variable.
Note: Starting dynamic gmin stepping
Note: Dynamic gmin stepping completed
Note: Starting dynamic gmin stepping
Note: Dynamic gmin stepping completed
Note: Starting dynamic gmin stepping
Note: Dynamic gmin stepping completed

Error: measure  f0r  when(WHEN) : out of interval
Error: &f0r: no such variable.
Note: Starting dynamic gmin stepping
Note: Dynamic gmin stepping completed
Note: Starting dynamic gmin stepping
Note: Dynamic gmin stepping completed
Note: Starting dynamic gmin stepping
Note: Dynamic gmin stepping completed

Error: measure  f0r  when(WHEN) : out of interval
Error: &f0r: no such variable.
Note: Starting dynamic gmin stepping
Note: Dynamic gmin stepping completed
Note: Starting dynamic gmin stepping
Note: Dynamic gmin stepping completed
Note: Starting dynamic gmin stepping
Note: Dynamic gmin stepping completed

Error: measure  f0r  when(WHEN) : out of interval
Error: &f0r: no such variable.
Note: Starting dynamic gmin stepping
Note: Dynamic gmin stepping completed
Note: Starting dynamic gmin stepping
Note: Dynamic gmin stepping completed
Note: Starting dynamic gmin stepping
Note: Dynamic gmin stepping completed

Error: measure  f0r  when(WHEN) : out of interval
Error: &f0r: no such variable.
Note: Starting dynamic gmin stepping
Note: Dynamic gmin stepping completed
Note: Starting dynamic gmin stepping
Note: Dynamic gmin stepping completed
Note: Starting dynamic gmin stepping
Note: Dynamic gmin stepping completed

Error: measure  f0r  when(WHEN) : out of interval
Error: &f0r: no such variable.
Note: Starting dynamic gmin stepping
Note: Dynamic gmin stepping completed
Note: Starting dynamic gmin stepping
Note: Dynamic gmin stepping completed
Note: Starting dynamic gmin stepping
Note: Dynamic gmin stepping completed

Error: measure  f0r  when(WHEN) : out of interval
Error: &f0r: no such variable.
Note: Starting dynamic gmin stepping
Note: Dynamic gmin stepping completed
Note: Starting dynamic gmin stepping
Note: Dynamic gmin stepping completed
Note: Starting dynamic gmin stepping
Note: Dynamic gmin stepping completed

Error: measure  f0r  when(WHEN) : out of interval
Error: &f0r: no such variable.
Note: Starting dynamic gmin stepping
Note: Dynamic gmin stepping completed
Note: Starting dynamic gmin stepping
Note: Dynamic gmin stepping completed
Note: Starting dynamic gmin stepping
Note: Dynamic gmin stepping completed

Error: measure  f0r  when(WHEN) : out of interval
Error: &f0r: no such variable.
Note: Starting dynamic gmin stepping
Note: Dynamic gmin stepping completed
Note: Starting dynamic gmin stepping
Note: Dynamic gmin stepping completed
Note: Starting dynamic gmin stepping
Note: Dynamic gmin stepping completed

Error: measure  f0r  when(WHEN) : out of interval
Error: &f0r: no such variable.
Note: Starting dynamic gmin stepping
Note: Dynamic gmin stepping completed
Note: Starting dynamic gmin stepping
Note: Dynamic gmin stepping completed
Note: Starting dynamic gmin stepping
Note: Dynamic gmin stepping completed

Error: measure  f0r  when(WHEN) : out of interval
Error: &f0r: no such variable.
Note: Starting dynamic gmin stepping
Note: Dynamic gmin stepping completed
Note: Starting dynamic gmin stepping
Note: Dynamic gmin stepping completed
Note: Starting dynamic gmin stepping
Note: Dynamic gmin stepping completed

Error: measure  f0r  when(WHEN) : out of interval
Error: &f0r: no such variable.
Note: Starting dynamic gmin stepping
Note: Dynamic gmin stepping completed
Note: Starting dynamic gmin stepping
Note: Dynamic gmin stepping completed
Note: Starting dynamic gmin stepping
Note: Dynamic gmin stepping completed

Error: measure  f0r  when(WHEN) : out of interval
Error: &f0r: no such variable.
Note: Starting dynamic gmin stepping
Note: Dynamic gmin stepping completed
Note: Starting dynamic gmin stepping
Note: Dynamic gmin stepping completed
Note: Starting dynamic gmin stepping
Note: Dynamic gmin stepping completed

Error: measure  f0r  when(WHEN) : out of interval
Error: &f0r: no such variable.
Note: Starting dynamic gmin stepping
Note: Dynamic gmin stepping completed
Note: Starting dynamic gmin stepping
Note: Dynamic gmin stepping completed
Note: Starting dynamic gmin stepping
Note: Dynamic gmin stepping completed

Error: measure  f0r  when(WHEN) : out of interval
Error: &f0r: no such variable.
Note: Starting dynamic gmin stepping
Note: Dynamic gmin stepping completed
Note: Starting dynamic gmin stepping
Note: Dynamic gmin stepping completed
Note: Starting dynamic gmin stepping
Note: Dynamic gmin stepping completed

Error: measure  f0r  when(WHEN) : out of interval
Error: &f0r: no such variable.
Note: Starting dynamic gmin stepping
Note: Dynamic gmin stepping completed
Note: Starting dynamic gmin stepping
Note: Dynamic gmin stepping completed
Note: Starting dynamic gmin stepping
Note: Dynamic gmin stepping completed

Error: measure  f0r  when(WHEN) : out of interval
Error: &f0r: no such variable.
Note: Starting dynamic gmin stepping
Note: Dynamic gmin stepping completed
Note: Starting dynamic gmin stepping
Note: Dynamic gmin stepping completed
Note: Starting dynamic gmin stepping
Note: Dynamic gmin stepping completed

Error: measure  f0r  when(WHEN) : out of interval
Error: &f0r: no such variable.
Note: Starting dynamic gmin stepping
Note: Dynamic gmin stepping completed
Note: Starting dynamic gmin stepping
Note: Dynamic gmin stepping completed
Note: Starting dynamic gmin stepping
Note: Dynamic gmin stepping completed

Error: measure  f0r  when(WHEN) : out of interval
Error: &f0r: no such variable.
Note: Starting dynamic gmin stepping
Note: Dynamic gmin stepping completed
Note: Starting dynamic gmin stepping
Note: Dynamic gmin stepping completed
Note: Starting dynamic gmin stepping
Note: Dynamic gmin stepping completed

Error: measure  f0r  when(WHEN) : out of interval
Error: &f0r: no such variable.
Note: Starting dynamic gmin stepping
Note: Dynamic gmin stepping completed
Note: Starting dynamic gmin stepping
Note: Dynamic gmin stepping completed
Note: Starting dynamic gmin stepping
Note: Dynamic gmin stepping completed

Error: measure  f0r  when(WHEN) : out of interval
Error: &f0r: no such variable.
Note: Starting dynamic gmin stepping
Note: Dynamic gmin stepping completed
Note: Starting dynamic gmin stepping
Note: Dynamic gmin stepping completed
Note: Starting dynamic gmin stepping
Note: Dynamic gmin stepping completed

Error: measure  f0r  when(WHEN) : out of interval
Error: &f0r: no such variable.
Note: Starting dynamic gmin stepping
Note: Dynamic gmin stepping completed
Note: Starting dynamic gmin stepping
Note: Dynamic gmin stepping completed
Note: Starting dynamic gmin stepping
Note: Dynamic gmin stepping completed

Error: measure  f0r  when(WHEN) : out of interval
Error: &f0r: no such variable.
Note: Starting dynamic gmin stepping
Note: Dynamic gmin stepping completed
Note: Starting dynamic gmin stepping
Note: Dynamic gmin stepping completed
Note: Starting dynamic gmin stepping
Note: Dynamic gmin stepping completed

Error: measure  f0r  when(WHEN) : out of interval
Error: &f0r: no such variable.
Note: Starting dynamic gmin stepping
Note: Dynamic gmin stepping completed
Note: Starting dynamic gmin stepping
Note: Dynamic gmin stepping completed
Note: Starting dynamic gmin stepping
Note: Dynamic gmin stepping completed

Error: measure  f0r  when(WHEN) : out of interval
Error: &f0r: no such variable.
Note: Starting dynamic gmin stepping
Note: Dynamic gmin stepping completed
Note: Starting dynamic gmin stepping
Note: Dynamic gmin stepping completed
Note: Starting dynamic gmin stepping
Note: Dynamic gmin stepping completed

Error: measure  f0r  when(WHEN) : out of interval
Error: &f0r: no such variable.
Note: Starting dynamic gmin stepping
Note: Dynamic gmin stepping completed
Note: Starting dynamic gmin stepping
Note: Dynamic gmin stepping completed
Note: Starting dynamic gmin stepping
Note: Dynamic gmin stepping completed

Error: measure  f0r  when(WHEN) : out of interval
Error: &f0r: no such variable.
Note: Starting dynamic gmin stepping
Note: Dynamic gmin stepping completed
Note: Starting dynamic gmin stepping
Note: Dynamic gmin stepping completed
Note: Starting dynamic gmin stepping
Note: Dynamic gmin stepping completed

Error: measure  f0r  when(WHEN) : out of interval
Error: &f0r: no such variable.
Note: Starting dynamic gmin stepping
Note: Dynamic gmin stepping completed
Note: Starting dynamic gmin stepping
Note: Dynamic gmin stepping completed
Note: Starting dynamic gmin stepping
Note: Dynamic gmin stepping completed

Error: measure  f0r  when(WHEN) : out of interval
Error: &f0r: no such variable.
Note: Starting dynamic gmin stepping
Note: Dynamic gmin stepping completed
Note: Starting dynamic gmin stepping
Note: Dynamic gmin stepping completed
Note: Starting dynamic gmin stepping
Note: Dynamic gmin stepping completed

Error: measure  f0r  when(WHEN) : out of interval
Error: &f0r: no such variable.
Note: Starting dynamic gmin stepping
Note: Dynamic gmin stepping completed
Note: Starting dynamic gmin stepping
Note: Dynamic gmin stepping completed
Note: Starting dynamic gmin stepping
Note: Dynamic gmin stepping completed

Error: measure  f0r  when(WHEN) : out of interval
Error: &f0r: no such variable.
Note: Starting dynamic gmin stepping
Note: Dynamic gmin stepping completed
Note: Starting dynamic gmin stepping
Note: Dynamic gmin stepping completed
Note: Starting dynamic gmin stepping
Note: Dynamic gmin stepping completed

Error: measure  f0r  when(WHEN) : out of interval
Error: &f0r: no such variable.
Note: Starting dynamic gmin stepping
Note: Dynamic gmin stepping completed
Note: Starting dynamic gmin stepping
Note: Dynamic gmin stepping completed
Note: Starting dynamic gmin stepping
Note: Dynamic gmin stepping completed

Error: measure  f0r  when(WHEN) : out of interval
Error: &f0r: no such variable.
Note: Starting dynamic gmin stepping
Note: Dynamic gmin stepping completed
Note: Starting dynamic gmin stepping
Note: Dynamic gmin stepping completed
Note: Starting dynamic gmin stepping
Note: Dynamic gmin stepping completed

Error: measure  f0r  when(WHEN) : out of interval
Error: &f0r: no such variable.
Note: Starting dynamic gmin stepping
Note: Dynamic gmin stepping completed
Note: Starting dynamic gmin stepping
Note: Dynamic gmin stepping completed
Note: Starting dynamic gmin stepping
Note: Dynamic gmin stepping completed

Error: measure  f0r  when(WHEN) : out of interval
Error: &f0r: no such variable.
Note: Starting dynamic gmin stepping
Note: Dynamic gmin stepping completed
Note: Starting dynamic gmin stepping
Note: Dynamic gmin stepping completed
Note: Starting dynamic gmin stepping
Note: Dynamic gmin stepping completed

Error: measure  f0r  when(WHEN) : out of interval
Error: &f0r: no such variable.
Note: Starting dynamic gmin stepping
Note: Dynamic gmin stepping completed
Note: Starting dynamic gmin stepping
Note: Dynamic gmin stepping completed
Note: Starting dynamic gmin stepping
Note: Dynamic gmin stepping completed

Error: measure  f0r  when(WHEN) : out of interval
Error: &f0r: no such variable.
Note: Starting dynamic gmin stepping
Note: Dynamic gmin stepping completed
Note: Starting dynamic gmin stepping
Note: Dynamic gmin stepping completed
Note: Starting dynamic gmin stepping
Note: Dynamic gmin stepping completed

Error: measure  f0r  when(WHEN) : out of interval
Error: &f0r: no such variable.
