
Note: Compatibility modes selected: hs a


Circuit: * loop-stability -- tian dual-injection loop-gain testbench for ldo_core (issue #10)

* corner_id=res_ss_-40c_3.63v corner=res_ss temp_c=-40 vin_v=3.63
* ac sweep: dec 50 0.01 1e9 ; Tian dual injection at ERRAMP_OUT->PASS_GATE
* columns: ROW iload_a= ceff_f= esr_ohm= vout_v= dcgain_db= f0_hz= phase_at_f0_deg=
*          f180_hz= gain_at_f180_db= f0_rising_hz= resurgence_db=
* (phase margin = 180 + phase_at_f0_deg ; gain margin = -gain_at_f180_db ;
*  resurgence_db = max |T| in dB above the first 0 dB crossing, DR-0008 ;
*  an empty f180/gain field means the phase never reaches -180 deg in band)
* Fields are written key=value BECAUSE a failed meas leaves its value
* empty: with bare positional fields an empty one vanishes into the
* whitespace and every field after it is read as the wrong quantity.
Doing analysis at TEMP = -40.000000 and TNOM = 27.000000

Using SPARSE 1.3 as Direct Linear Solver
 Reference value :  0.00000e+00
No. of Data Rows : 1
Doing analysis at TEMP = -40.000000 and TNOM = 27.000000

Using SPARSE 1.3 as Direct Linear Solver

No. of Data Rows : 551
Doing analysis at TEMP = -40.000000 and TNOM = 27.000000

Using SPARSE 1.3 as Direct Linear Solver
 Reference value :  1.00000e-02
No. of Data Rows : 551
dcg                 =  1.34381e+02
f0                  =  4.20268e+03
phx                 =  -1.33197e+02
f180                =  2.96523e+06
gmx                 =  -4.46044e+01
 meas ac f0r when tdb=0 rise=1 failed!

tres                =  -1.06731e+00 at=  4.57088e+03
ROW iload_a=0 ceff_f=3.3e-07 esr_ohm=0.001 vout_v=1.79941 dcgain_db=134.381 f0_hz=4202.68 phase_at_f0_deg=-133.197 f180_hz=2.96523E+06 gain_at_f180_db=-44.6044 f0_rising_hz= resurgence_db=-1.06731
Doing analysis at TEMP = -40.000000 and TNOM = 27.000000

Using SPARSE 1.3 as Direct Linear Solver

No. of Data Rows : 1
Doing analysis at TEMP = -40.000000 and TNOM = 27.000000

Using SPARSE 1.3 as Direct Linear Solver
 Reference value :  1.00000e-02
No. of Data Rows : 551
Doing analysis at TEMP = -40.000000 and TNOM = 27.000000

Using SPARSE 1.3 as Direct Linear Solver
 Reference value :  5.49541e+00
No. of Data Rows : 551
dcg                 =  1.34381e+02
f0                  =  4.20268e+03
phx                 =  -1.33172e+02
f180                =  2.95900e+06
gmx                 =  -4.45733e+01
 meas ac f0r when tdb=0 rise=1 failed!

tres                =  -1.06731e+00 at=  4.57088e+03
ROW iload_a=0 ceff_f=3.3e-07 esr_ohm=0.05 vout_v=1.79941 dcgain_db=134.381 f0_hz=4202.68 phase_at_f0_deg=-133.172 f180_hz=2.959E+06 gain_at_f180_db=-44.5733 f0_rising_hz= resurgence_db=-1.06731
Doing analysis at TEMP = -40.000000 and TNOM = 27.000000

Using SPARSE 1.3 as Direct Linear Solver

No. of Data Rows : 1
Doing analysis at TEMP = -40.000000 and TNOM = 27.000000

Using SPARSE 1.3 as Direct Linear Solver
 Reference value :  1.00000e-02
No. of Data Rows : 551
Doing analysis at TEMP = -40.000000 and TNOM = 27.000000

Using SPARSE 1.3 as Direct Linear Solver
 Reference value :  2.18776e+07
No. of Data Rows : 551
dcg                 =  1.34381e+02
f0                  =  4.20268e+03
phx                 =  -1.33098e+02
f180                =  2.93993e+06
gmx                 =  -4.44762e+01
 meas ac f0r when tdb=0 rise=1 failed!

tres                =  -1.06730e+00 at=  4.57088e+03
ROW iload_a=0 ceff_f=3.3e-07 esr_ohm=0.2 vout_v=1.79941 dcgain_db=134.381 f0_hz=4202.68 phase_at_f0_deg=-133.097 f180_hz=2.93993E+06 gain_at_f180_db=-44.4762 f0_rising_hz= resurgence_db=-1.0673
Doing analysis at TEMP = -40.000000 and TNOM = 27.000000

Using SPARSE 1.3 as Direct Linear Solver

No. of Data Rows : 1
Doing analysis at TEMP = -40.000000 and TNOM = 27.000000

Using SPARSE 1.3 as Direct Linear Solver
 Reference value :  1.00000e-02
No. of Data Rows : 551
Doing analysis at TEMP = -40.000000 and TNOM = 27.000000

Using SPARSE 1.3 as Direct Linear Solver
 Reference value :  1.14815e+05
No. of Data Rows : 551
dcg                 =  1.34381e+02
f0                  =  4.20270e+03
phx                 =  -1.32948e+02
f180                =  2.90193e+06
gmx                 =  -4.42732e+01
 meas ac f0r when tdb=0 rise=1 failed!

tres                =  -1.06722e+00 at=  4.57088e+03
ROW iload_a=0 ceff_f=3.3e-07 esr_ohm=0.5 vout_v=1.79941 dcgain_db=134.381 f0_hz=4202.7 phase_at_f0_deg=-132.948 f180_hz=2.90193E+06 gain_at_f180_db=-44.2732 f0_rising_hz= resurgence_db=-1.06722
Doing analysis at TEMP = -40.000000 and TNOM = 27.000000

Using SPARSE 1.3 as Direct Linear Solver

No. of Data Rows : 1
Doing analysis at TEMP = -40.000000 and TNOM = 27.000000

Using SPARSE 1.3 as Direct Linear Solver
 Reference value :  1.00000e-02
No. of Data Rows : 551
Doing analysis at TEMP = -40.000000 and TNOM = 27.000000

Using SPARSE 1.3 as Direct Linear Solver
 Reference value :  2.75423e+03
No. of Data Rows : 551
dcg                 =  1.34376e+02
f0                  =  2.14036e+03
phx                 =  -1.51811e+02
f180                =  2.98113e+06
gmx                 =  -4.45519e+01
 meas ac f0r when tdb=0 rise=1 failed!

tres                =  -1.05094e+00 at=  2.29087e+03
ROW iload_a=0 ceff_f=1e-06 esr_ohm=0.001 vout_v=1.79941 dcgain_db=134.376 f0_hz=2140.36 phase_at_f0_deg=-151.811 f180_hz=2.98113E+06 gain_at_f180_db=-44.5519 f0_rising_hz= resurgence_db=-1.05094
Doing analysis at TEMP = -40.000000 and TNOM = 27.000000

Using SPARSE 1.3 as Direct Linear Solver

No. of Data Rows : 1
Doing analysis at TEMP = -40.000000 and TNOM = 27.000000

Using SPARSE 1.3 as Direct Linear Solver
 Reference value :  1.00000e-02
No. of Data Rows : 551
Doing analysis at TEMP = -40.000000 and TNOM = 27.000000

Using SPARSE 1.3 as Direct Linear Solver
 Reference value :  6.91831e-01
No. of Data Rows : 551
dcg                 =  1.34376e+02
f0                  =  2.14036e+03
phx                 =  -1.51773e+02
f180                =  2.97507e+06
gmx                 =  -4.45213e+01
 meas ac f0r when tdb=0 rise=1 failed!

tres                =  -1.05094e+00 at=  2.29087e+03
ROW iload_a=0 ceff_f=1e-06 esr_ohm=0.05 vout_v=1.79941 dcgain_db=134.376 f0_hz=2140.36 phase_at_f0_deg=-151.773 f180_hz=2.97507E+06 gain_at_f180_db=-44.5213 f0_rising_hz= resurgence_db=-1.05094
Doing analysis at TEMP = -40.000000 and TNOM = 27.000000

Using SPARSE 1.3 as Direct Linear Solver

No. of Data Rows : 1
Doing analysis at TEMP = -40.000000 and TNOM = 27.000000

Using SPARSE 1.3 as Direct Linear Solver
 Reference value :  1.00000e-02
No. of Data Rows : 551
Doing analysis at TEMP = -40.000000 and TNOM = 27.000000

Using SPARSE 1.3 as Direct Linear Solver
 Reference value :  1.65959e+01
No. of Data Rows : 551
dcg                 =  1.34376e+02
f0                  =  2.14036e+03
phx                 =  -1.51657e+02
f180                =  2.95651e+06
gmx                 =  -4.44260e+01
 meas ac f0r when tdb=0 rise=1 failed!

tres                =  -1.05091e+00 at=  2.29087e+03
ROW iload_a=0 ceff_f=1e-06 esr_ohm=0.2 vout_v=1.79941 dcgain_db=134.376 f0_hz=2140.36 phase_at_f0_deg=-151.657 f180_hz=2.95651E+06 gain_at_f180_db=-44.426 f0_rising_hz= resurgence_db=-1.05091
Doing analysis at TEMP = -40.000000 and TNOM = 27.000000

Using SPARSE 1.3 as Direct Linear Solver

No. of Data Rows : 1
Doing analysis at TEMP = -40.000000 and TNOM = 27.000000

Using SPARSE 1.3 as Direct Linear Solver
 Reference value :  1.00000e-02
No. of Data Rows : 551
Doing analysis at TEMP = -40.000000 and TNOM = 27.000000

Using SPARSE 1.3 as Direct Linear Solver
 Reference value :  3.80189e+03
No. of Data Rows : 551
dcg                 =  1.34376e+02
f0                  =  2.14039e+03
phx                 =  -1.51426e+02
f180                =  2.91949e+06
gmx                 =  -4.42269e+01
 meas ac f0r when tdb=0 rise=1 failed!

tres                =  -1.05073e+00 at=  2.29087e+03
ROW iload_a=0 ceff_f=1e-06 esr_ohm=0.5 vout_v=1.79941 dcgain_db=134.376 f0_hz=2140.39 phase_at_f0_deg=-151.426 f180_hz=2.91949E+06 gain_at_f180_db=-44.2269 f0_rising_hz= resurgence_db=-1.05073
Doing analysis at TEMP = -40.000000 and TNOM = 27.000000

Using SPARSE 1.3 as Direct Linear Solver

No. of Data Rows : 1
Doing analysis at TEMP = -40.000000 and TNOM = 27.000000

Using SPARSE 1.3 as Direct Linear Solver
 Reference value :  1.00000e-02
No. of Data Rows : 551
Doing analysis at TEMP = -40.000000 and TNOM = 27.000000

Using SPARSE 1.3 as Direct Linear Solver
 Reference value :  3.46737e+06
No. of Data Rows : 551
dcg                 =  1.34261e+02
f0                  =  9.41172e+02
phx                 =  -1.66658e+02
f180                =  2.98707e+06
gmx                 =  -4.45318e+01
 meas ac f0r when tdb=0 rise=1 failed!

tres                =  -1.02919e+00 at=  1.00000e+03
ROW iload_a=0 ceff_f=4.7e-06 esr_ohm=0.001 vout_v=1.79941 dcgain_db=134.261 f0_hz=941.172 phase_at_f0_deg=-166.658 f180_hz=2.98707E+06 gain_at_f180_db=-44.5318 f0_rising_hz= resurgence_db=-1.02919
Doing analysis at TEMP = -40.000000 and TNOM = 27.000000

Using SPARSE 1.3 as Direct Linear Solver

No. of Data Rows : 1
Doing analysis at TEMP = -40.000000 and TNOM = 27.000000

Using SPARSE 1.3 as Direct Linear Solver
 Reference value :  1.00000e-02
No. of Data Rows : 551
Doing analysis at TEMP = -40.000000 and TNOM = 27.000000

Using SPARSE 1.3 as Direct Linear Solver
 Reference value :  1.00000e+09
No. of Data Rows : 551
dcg                 =  1.34261e+02
f0                  =  9.41172e+02
phx                 =  -1.66580e+02
f180                =  2.98107e+06
gmx                 =  -4.45015e+01
 meas ac f0r when tdb=0 rise=1 failed!

tres                =  -1.02918e+00 at=  1.00000e+03
ROW iload_a=0 ceff_f=4.7e-06 esr_ohm=0.05 vout_v=1.79941 dcgain_db=134.261 f0_hz=941.172 phase_at_f0_deg=-166.58 f180_hz=2.98107E+06 gain_at_f180_db=-44.5015 f0_rising_hz= resurgence_db=-1.02918
Doing analysis at TEMP = -40.000000 and TNOM = 27.000000

Using SPARSE 1.3 as Direct Linear Solver

No. of Data Rows : 1
Doing analysis at TEMP = -40.000000 and TNOM = 27.000000

Using SPARSE 1.3 as Direct Linear Solver
 Reference value :  1.00000e-02
No. of Data Rows : 551
Doing analysis at TEMP = -40.000000 and TNOM = 27.000000

Using SPARSE 1.3 as Direct Linear Solver

No. of Data Rows : 551
dcg                 =  1.34261e+02
f0                  =  9.41179e+02
phx                 =  -1.66341e+02
f180                =  2.96270e+06
gmx                 =  -4.44068e+01
 meas ac f0r when tdb=0 rise=1 failed!

tres                =  -1.02904e+00 at=  1.00000e+03
ROW iload_a=0 ceff_f=4.7e-06 esr_ohm=0.2 vout_v=1.79941 dcgain_db=134.261 f0_hz=941.179 phase_at_f0_deg=-166.341 f180_hz=2.9627E+06 gain_at_f180_db=-44.4068 f0_rising_hz= resurgence_db=-1.02904
Doing analysis at TEMP = -40.000000 and TNOM = 27.000000

Using SPARSE 1.3 as Direct Linear Solver
 Reference value :  0.00000e+00
No. of Data Rows : 1
Doing analysis at TEMP = -40.000000 and TNOM = 27.000000

Using SPARSE 1.3 as Direct Linear Solver

No. of Data Rows : 551
Doing analysis at TEMP = -40.000000 and TNOM = 27.000000

Using SPARSE 1.3 as Direct Linear Solver
 Reference value :  1.00000e-02
No. of Data Rows : 551
dcg                 =  1.34261e+02
f0                  =  9.41218e+02
phx                 =  -1.65863e+02
f180                =  2.92604e+06
gmx                 =  -4.42092e+01
 meas ac f0r when tdb=0 rise=1 failed!

tres                =  -1.02825e+00 at=  1.00000e+03
ROW iload_a=0 ceff_f=4.7e-06 esr_ohm=0.5 vout_v=1.79941 dcgain_db=134.261 f0_hz=941.218 phase_at_f0_deg=-165.863 f180_hz=2.92604E+06 gain_at_f180_db=-44.2092 f0_rising_hz= resurgence_db=-1.02825
Doing analysis at TEMP = -40.000000 and TNOM = 27.000000

Using SPARSE 1.3 as Direct Linear Solver
 Reference value :  0.00000e+00
No. of Data Rows : 1
Doing analysis at TEMP = -40.000000 and TNOM = 27.000000

Using SPARSE 1.3 as Direct Linear Solver
 Reference value :  1.00000e-02
No. of Data Rows : 551
Doing analysis at TEMP = -40.000000 and TNOM = 27.000000

Using SPARSE 1.3 as Direct Linear Solver
 Reference value :  1.00000e-02
No. of Data Rows : 551
dcg                 =  1.43254e+02
f0                  =  2.38102e+05
phx                 =  -1.31342e+02
f180                =  6.51404e+05
gmx                 =  -1.34162e+01
 meas ac f0r when tdb=0 rise=1 failed!

tres                =  -5.97771e-01 at=  2.51189e+05
ROW iload_a=0.0001 ceff_f=3.3e-07 esr_ohm=0.001 vout_v=1.79941 dcgain_db=143.254 f0_hz=238103 phase_at_f0_deg=-131.342 f180_hz=651404 gain_at_f180_db=-13.4162 f0_rising_hz= resurgence_db=-0.597771
Doing analysis at TEMP = -40.000000 and TNOM = 27.000000

Using SPARSE 1.3 as Direct Linear Solver
 Reference value :  0.00000e+00
No. of Data Rows : 1
Doing analysis at TEMP = -40.000000 and TNOM = 27.000000

Using SPARSE 1.3 as Direct Linear Solver
 Reference value :  1.00000e-02
No. of Data Rows : 551
Doing analysis at TEMP = -40.000000 and TNOM = 27.000000

Using SPARSE 1.3 as Direct Linear Solver
 Reference value :  1.00000e-02
No. of Data Rows : 551
dcg                 =  1.43254e+02
f0                  =  2.38160e+05
phx                 =  -1.29966e+02
f180                =  6.99838e+05
gmx                 =  -1.45246e+01
 meas ac f0r when tdb=0 rise=1 failed!

tres                =  -5.94737e-01 at=  2.51189e+05
ROW iload_a=0.0001 ceff_f=3.3e-07 esr_ohm=0.05 vout_v=1.79941 dcgain_db=143.254 f0_hz=238160 phase_at_f0_deg=-129.966 f180_hz=699838 gain_at_f180_db=-14.5246 f0_rising_hz= resurgence_db=-0.594737
Doing analysis at TEMP = -40.000000 and TNOM = 27.000000

Using SPARSE 1.3 as Direct Linear Solver
 Reference value :  0.00000e+00
No. of Data Rows : 1
Doing analysis at TEMP = -40.000000 and TNOM = 27.000000

Using SPARSE 1.3 as Direct Linear Solver
 Reference value :  1.00000e-02
No. of Data Rows : 551
Doing analysis at TEMP = -40.000000 and TNOM = 27.000000

Using SPARSE 1.3 as Direct Linear Solver
 Reference value :  1.00000e-02
No. of Data Rows : 551
dcg                 =  1.43254e+02
f0                  =  2.39015e+05
phx                 =  -1.25863e+02
f180                =  9.26091e+05
gmx                 =  -1.85578e+01
 meas ac f0r when tdb=0 rise=1 failed!

tres                =  -5.50552e-01 at=  2.51189e+05
ROW iload_a=0.0001 ceff_f=3.3e-07 esr_ohm=0.2 vout_v=1.79941 dcgain_db=143.254 f0_hz=239015 phase_at_f0_deg=-125.863 f180_hz=926091 gain_at_f180_db=-18.5578 f0_rising_hz= resurgence_db=-0.550552
Doing analysis at TEMP = -40.000000 and TNOM = 27.000000

Using SPARSE 1.3 as Direct Linear Solver
 Reference value :  0.00000e+00
No. of Data Rows : 1
Doing analysis at TEMP = -40.000000 and TNOM = 27.000000

Using SPARSE 1.3 as Direct Linear Solver
 Reference value :  1.00000e-02
No. of Data Rows : 551
Doing analysis at TEMP = -40.000000 and TNOM = 27.000000

Using SPARSE 1.3 as Direct Linear Solver
 Reference value :  1.00000e-02
No. of Data Rows : 551
dcg                 =  1.43254e+02
f0                  =  2.43987e+05
phx                 =  -1.18145e+02
f180                =  1.51859e+06
gmx                 =  -2.27333e+01
 meas ac f0r when tdb=0 rise=1 failed!

tres                =  -8.08395e-01 at=  2.63027e+05
ROW iload_a=0.0001 ceff_f=3.3e-07 esr_ohm=0.5 vout_v=1.79941 dcgain_db=143.254 f0_hz=243987 phase_at_f0_deg=-118.145 f180_hz=1.51859E+06 gain_at_f180_db=-22.7333 f0_rising_hz= resurgence_db=-0.808395
Doing analysis at TEMP = -40.000000 and TNOM = 27.000000

Using SPARSE 1.3 as Direct Linear Solver
 Reference value :  0.00000e+00
No. of Data Rows : 1
Doing analysis at TEMP = -40.000000 and TNOM = 27.000000

Using SPARSE 1.3 as Direct Linear Solver
 Reference value :  1.00000e-02
No. of Data Rows : 551
Doing analysis at TEMP = -40.000000 and TNOM = 27.000000

Using SPARSE 1.3 as Direct Linear Solver
 Reference value :  1.00000e-02
No. of Data Rows : 551
dcg                 =  1.43254e+02
f0                  =  8.60916e+04
phx                 =  -1.02142e+02
f180                =  6.65877e+05
gmx                 =  -2.33909e+01
 meas ac f0r when tdb=0 rise=1 failed!

tres                =  -4.79439e-01 at=  9.12011e+04
ROW iload_a=0.0001 ceff_f=1e-06 esr_ohm=0.001 vout_v=1.79941 dcgain_db=143.254 f0_hz=86091.6 phase_at_f0_deg=-102.142 f180_hz=665877 gain_at_f180_db=-23.3909 f0_rising_hz= resurgence_db=-0.479439
Doing analysis at TEMP = -40.000000 and TNOM = 27.000000

Using SPARSE 1.3 as Direct Linear Solver
 Reference value :  0.00000e+00
No. of Data Rows : 1
Doing analysis at TEMP = -40.000000 and TNOM = 27.000000

Using SPARSE 1.3 as Direct Linear Solver
 Reference value :  1.00000e-02
No. of Data Rows : 551
Doing analysis at TEMP = -40.000000 and TNOM = 27.000000

Using SPARSE 1.3 as Direct Linear Solver
 Reference value :  1.00000e-02
No. of Data Rows : 551
dcg                 =  1.43254e+02
f0                  =  8.61245e+04
phx                 =  -1.00630e+02
f180                =  8.80527e+05
gmx                 =  -2.75427e+01
 meas ac f0r when tdb=0 rise=1 failed!

tres                =  -4.75877e-01 at=  9.12011e+04
ROW iload_a=0.0001 ceff_f=1e-06 esr_ohm=0.05 vout_v=1.79941 dcgain_db=143.254 f0_hz=86124.5 phase_at_f0_deg=-100.63 f180_hz=880527 gain_at_f180_db=-27.5427 f0_rising_hz= resurgence_db=-0.475877
Doing analysis at TEMP = -40.000000 and TNOM = 27.000000

Using SPARSE 1.3 as Direct Linear Solver
 Reference value :  0.00000e+00
No. of Data Rows : 1
Doing analysis at TEMP = -40.000000 and TNOM = 27.000000

Using SPARSE 1.3 as Direct Linear Solver
 Reference value :  1.00000e-02
No. of Data Rows : 551
Doing analysis at TEMP = -40.000000 and TNOM = 27.000000

Using SPARSE 1.3 as Direct Linear Solver
 Reference value :  1.00000e-02
No. of Data Rows : 551
dcg                 =  1.43254e+02
f0                  =  8.66214e+04
phx                 =  -9.60740e+01
f180                =  1.75210e+06
gmx                 =  -3.21313e+01
 meas ac f0r when tdb=0 rise=1 failed!

tres                =  -4.22777e-01 at=  9.12011e+04
ROW iload_a=0.0001 ceff_f=1e-06 esr_ohm=0.2 vout_v=1.79941 dcgain_db=143.254 f0_hz=86621.4 phase_at_f0_deg=-96.074 f180_hz=1.7521E+06 gain_at_f180_db=-32.1313 f0_rising_hz= resurgence_db=-0.422777
Doing analysis at TEMP = -40.000000 and TNOM = 27.000000

Using SPARSE 1.3 as Direct Linear Solver
 Reference value :  0.00000e+00
No. of Data Rows : 1
Doing analysis at TEMP = -40.000000 and TNOM = 27.000000

Using SPARSE 1.3 as Direct Linear Solver
 Reference value :  1.00000e-02
No. of Data Rows : 551
Doing analysis at TEMP = -40.000000 and TNOM = 27.000000

Using SPARSE 1.3 as Direct Linear Solver
 Reference value :  1.00000e-02
No. of Data Rows : 551
dcg                 =  1.43254e+02
f0                  =  8.96112e+04
phx                 =  -8.72049e+01
f180                =  1.95980e+06
gmx                 =  -2.70152e+01
 meas ac f0r when tdb=0 rise=1 failed!

tres                =  -4.91752e-01 at=  9.54993e+04
ROW iload_a=0.0001 ceff_f=1e-06 esr_ohm=0.5 vout_v=1.79941 dcgain_db=143.254 f0_hz=89611.2 phase_at_f0_deg=-87.2049 f180_hz=1.9598E+06 gain_at_f180_db=-27.0152 f0_rising_hz= resurgence_db=-0.491752
Doing analysis at TEMP = -40.000000 and TNOM = 27.000000

Using SPARSE 1.3 as Direct Linear Solver
 Reference value :  0.00000e+00
No. of Data Rows : 1
Doing analysis at TEMP = -40.000000 and TNOM = 27.000000

Using SPARSE 1.3 as Direct Linear Solver
 Reference value :  1.00000e-02
No. of Data Rows : 551
Doing analysis at TEMP = -40.000000 and TNOM = 27.000000

Using SPARSE 1.3 as Direct Linear Solver
 Reference value :  1.00000e-02
No. of Data Rows : 551
dcg                 =  1.43254e+02
f0                  =  1.54441e+04
phx                 =  -1.01712e+02
f180                =  8.76687e+05
gmx                 =  -4.11273e+01
 meas ac f0r when tdb=0 rise=1 failed!

tres                =  -6.20510e-01 at=  1.65959e+04
ROW iload_a=0.0001 ceff_f=4.7e-06 esr_ohm=0.001 vout_v=1.79941 dcgain_db=143.254 f0_hz=15444.1 phase_at_f0_deg=-101.712 f180_hz=876687 gain_at_f180_db=-41.1273 f0_rising_hz= resurgence_db=-0.62051
Doing analysis at TEMP = -40.000000 and TNOM = 27.000000

Using SPARSE 1.3 as Direct Linear Solver
 Reference value :  0.00000e+00
No. of Data Rows : 1
Doing analysis at TEMP = -40.000000 and TNOM = 27.000000

Using SPARSE 1.3 as Direct Linear Solver
 Reference value :  1.00000e-02
No. of Data Rows : 551
Doing analysis at TEMP = -40.000000 and TNOM = 27.000000

Using SPARSE 1.3 as Direct Linear Solver
 Reference value :  1.00000e-02
No. of Data Rows : 551
dcg                 =  1.43254e+02
f0                  =  1.54481e+04
phx                 =  -1.00428e+02
f180                =  2.27758e+06
gmx                 =  -4.19697e+01
 meas ac f0r when tdb=0 rise=1 failed!

tres                =  -6.17922e-01 at=  1.65959e+04
ROW iload_a=0.0001 ceff_f=4.7e-06 esr_ohm=0.05 vout_v=1.79941 dcgain_db=143.254 f0_hz=15448.1 phase_at_f0_deg=-100.428 f180_hz=2.27758E+06 gain_at_f180_db=-41.9697 f0_rising_hz= resurgence_db=-0.617922
Doing analysis at TEMP = -40.000000 and TNOM = 27.000000

Using SPARSE 1.3 as Direct Linear Solver
 Reference value :  0.00000e+00
No. of Data Rows : 1
Doing analysis at TEMP = -40.000000 and TNOM = 27.000000

Using SPARSE 1.3 as Direct Linear Solver
 Reference value :  1.00000e-02
No. of Data Rows : 551
Doing analysis at TEMP = -40.000000 and TNOM = 27.000000

Using SPARSE 1.3 as Direct Linear Solver
 Reference value :  1.00000e-02
No. of Data Rows : 551
dcg                 =  1.43254e+02
f0                  =  1.55090e+04
phx                 =  -9.64390e+01
f180                =  2.14325e+06
gmx                 =  -3.47483e+01
 meas ac f0r when tdb=0 rise=1 failed!

tres                =  -5.79059e-01 at=  1.65959e+04
ROW iload_a=0.0001 ceff_f=4.7e-06 esr_ohm=0.2 vout_v=1.79941 dcgain_db=143.254 f0_hz=15509 phase_at_f0_deg=-96.439 f180_hz=2.14325E+06 gain_at_f180_db=-34.7483 f0_rising_hz= resurgence_db=-0.579059
Doing analysis at TEMP = -40.000000 and TNOM = 27.000000

Using SPARSE 1.3 as Direct Linear Solver
 Reference value :  0.00000e+00
No. of Data Rows : 1
Doing analysis at TEMP = -40.000000 and TNOM = 27.000000

Using SPARSE 1.3 as Direct Linear Solver
 Reference value :  1.00000e-02
No. of Data Rows : 551
Doing analysis at TEMP = -40.000000 and TNOM = 27.000000

Using SPARSE 1.3 as Direct Linear Solver
 Reference value :  1.00000e-02
No. of Data Rows : 551
dcg                 =  1.43254e+02
f0                  =  1.58594e+04
phx                 =  -8.81379e+01
f180                =  2.10596e+06
gmx                 =  -2.80614e+01
 meas ac f0r when tdb=0 rise=1 failed!

tres                =  -7.34141e-01 at=  1.73780e+04
ROW iload_a=0.0001 ceff_f=4.7e-06 esr_ohm=0.5 vout_v=1.79941 dcgain_db=143.254 f0_hz=15859.4 phase_at_f0_deg=-88.1379 f180_hz=2.10596E+06 gain_at_f180_db=-28.0614 f0_rising_hz= resurgence_db=-0.734141
Doing analysis at TEMP = -40.000000 and TNOM = 27.000000

Using SPARSE 1.3 as Direct Linear Solver
 Reference value :  0.00000e+00
No. of Data Rows : 1
Doing analysis at TEMP = -40.000000 and TNOM = 27.000000

Using SPARSE 1.3 as Direct Linear Solver
 Reference value :  1.00000e-02
No. of Data Rows : 551
Doing analysis at TEMP = -40.000000 and TNOM = 27.000000

Using SPARSE 1.3 as Direct Linear Solver
 Reference value :  1.00000e-02
No. of Data Rows : 551
dcg                 =  1.43663e+02
f0                  =  8.29180e+05
phx                 =  -1.95914e+02
f180                =  6.39038e+05
gmx                 =  4.22223e+00
 meas ac f0r when tdb=0 rise=1 failed!

tres                =  -8.33862e-01 at=  8.70964e+05
ROW iload_a=0.001 ceff_f=3.3e-07 esr_ohm=0.001 vout_v=1.79941 dcgain_db=143.663 f0_hz=829180 phase_at_f0_deg=-195.914 f180_hz=639038 gain_at_f180_db=4.22223 f0_rising_hz= resurgence_db=-0.833862
Doing analysis at TEMP = -40.000000 and TNOM = 27.000000

Using SPARSE 1.3 as Direct Linear Solver
 Reference value :  0.00000e+00
No. of Data Rows : 1
Doing analysis at TEMP = -40.000000 and TNOM = 27.000000

Using SPARSE 1.3 as Direct Linear Solver
 Reference value :  1.00000e-02
No. of Data Rows : 551
Doing analysis at TEMP = -40.000000 and TNOM = 27.000000

Using SPARSE 1.3 as Direct Linear Solver
 Reference value :  1.00000e-02
No. of Data Rows : 551
dcg                 =  1.43663e+02
f0                  =  8.30819e+05
phx                 =  -1.91220e+02
f180                =  6.83608e+05
gmx                 =  3.18258e+00
 meas ac f0r when tdb=0 rise=1 failed!

tres                =  -7.96605e-01 at=  8.70964e+05
ROW iload_a=0.001 ceff_f=3.3e-07 esr_ohm=0.05 vout_v=1.79941 dcgain_db=143.663 f0_hz=830819 phase_at_f0_deg=-191.22 f180_hz=683608 gain_at_f180_db=3.18258 f0_rising_hz= resurgence_db=-0.796605
Doing analysis at TEMP = -40.000000 and TNOM = 27.000000

Using SPARSE 1.3 as Direct Linear Solver
 Reference value :  0.00000e+00
No. of Data Rows : 1
Doing analysis at TEMP = -40.000000 and TNOM = 27.000000

Using SPARSE 1.3 as Direct Linear Solver
 Reference value :  1.00000e-02
No. of Data Rows : 551
Doing analysis at TEMP = -40.000000 and TNOM = 27.000000

Using SPARSE 1.3 as Direct Linear Solver
 Reference value :  1.00000e-02
No. of Data Rows : 551
dcg                 =  1.43663e+02
f0                  =  8.55285e+05
phx                 =  -1.78507e+02
f180                =  8.82581e+05
gmx                 =  -5.03927e-01
 meas ac f0r when tdb=0 rise=1 failed!

tres                =  -1.03578e+00 at=  9.12011e+05
ROW iload_a=0.001 ceff_f=3.3e-07 esr_ohm=0.2 vout_v=1.79941 dcgain_db=143.663 f0_hz=855285 phase_at_f0_deg=-178.507 f180_hz=882581 gain_at_f180_db=-0.503927 f0_rising_hz= resurgence_db=-1.03578
Doing analysis at TEMP = -40.000000 and TNOM = 27.000000

Using SPARSE 1.3 as Direct Linear Solver
 Reference value :  0.00000e+00
No. of Data Rows : 1
Doing analysis at TEMP = -40.000000 and TNOM = 27.000000

Using SPARSE 1.3 as Direct Linear Solver
 Reference value :  1.00000e-02
No. of Data Rows : 551
Doing analysis at TEMP = -40.000000 and TNOM = 27.000000

Using SPARSE 1.3 as Direct Linear Solver
 Reference value :  1.00000e-02
No. of Data Rows : 551
dcg                 =  1.43663e+02
f0                  =  9.96055e+05
phx                 =  -1.62529e+02
f180                =  1.41482e+06
gmx                 =  -4.79212e+00
 meas ac f0r when tdb=0 rise=1 failed!

tres                =  -6.64739e-01 at=  1.04713e+06
ROW iload_a=0.001 ceff_f=3.3e-07 esr_ohm=0.5 vout_v=1.79941 dcgain_db=143.663 f0_hz=996055 phase_at_f0_deg=-162.529 f180_hz=1.41482E+06 gain_at_f180_db=-4.79211 f0_rising_hz= resurgence_db=-0.664739
Doing analysis at TEMP = -40.000000 and TNOM = 27.000000

Using SPARSE 1.3 as Direct Linear Solver
 Reference value :  0.00000e+00
No. of Data Rows : 1
Doing analysis at TEMP = -40.000000 and TNOM = 27.000000

Using SPARSE 1.3 as Direct Linear Solver
 Reference value :  1.00000e-02
No. of Data Rows : 551
Doing analysis at TEMP = -40.000000 and TNOM = 27.000000

Using SPARSE 1.3 as Direct Linear Solver
 Reference value :  1.00000e-02
No. of Data Rows : 551
dcg                 =  1.43663e+02
f0                  =  4.42764e+05
phx                 =  -1.59732e+02
f180                =  6.42091e+05
gmx                 =  -5.47940e+00
 meas ac f0r when tdb=0 rise=1 failed!

tres                =  -1.09561e+00 at=  4.78630e+05
ROW iload_a=0.001 ceff_f=1e-06 esr_ohm=0.001 vout_v=1.79941 dcgain_db=143.663 f0_hz=442763 phase_at_f0_deg=-159.732 f180_hz=642091 gain_at_f180_db=-5.4794 f0_rising_hz= resurgence_db=-1.09561
Doing analysis at TEMP = -40.000000 and TNOM = 27.000000

Using SPARSE 1.3 as Direct Linear Solver
 Reference value :  0.00000e+00
No. of Data Rows : 1
Doing analysis at TEMP = -40.000000 and TNOM = 27.000000

Using SPARSE 1.3 as Direct Linear Solver
 Reference value :  1.00000e-02
No. of Data Rows : 551
Doing analysis at TEMP = -40.000000 and TNOM = 27.000000

Using SPARSE 1.3 as Direct Linear Solver
 Reference value :  1.00000e-02
No. of Data Rows : 551
dcg                 =  1.43663e+02
f0                  =  4.45511e+05
phx                 =  -1.52245e+02
f180                =  8.10124e+05
gmx                 =  -8.95130e+00
 meas ac f0r when tdb=0 rise=1 failed!

tres                =  -9.96944e-01 at=  4.78630e+05
ROW iload_a=0.001 ceff_f=1e-06 esr_ohm=0.05 vout_v=1.79941 dcgain_db=143.663 f0_hz=445511 phase_at_f0_deg=-152.245 f180_hz=810124 gain_at_f180_db=-8.9513 f0_rising_hz= resurgence_db=-0.996944
Doing analysis at TEMP = -40.000000 and TNOM = 27.000000

Using SPARSE 1.3 as Direct Linear Solver
 Reference value :  0.00000e+00
No. of Data Rows : 1
Doing analysis at TEMP = -40.000000 and TNOM = 27.000000

Using SPARSE 1.3 as Direct Linear Solver
 Reference value :  1.00000e-02
No. of Data Rows : 551
Doing analysis at TEMP = -40.000000 and TNOM = 27.000000

Using SPARSE 1.3 as Direct Linear Solver
 Reference value :  1.00000e-02
No. of Data Rows : 551
dcg                 =  1.43663e+02
f0                  =  4.88887e+05
phx                 =  -1.33555e+02
f180                =  1.54158e+06
gmx                 =  -1.43163e+01
 meas ac f0r when tdb=0 rise=1 failed!

tres                =  -8.51772e-01 at=  5.24807e+05
ROW iload_a=0.001 ceff_f=1e-06 esr_ohm=0.2 vout_v=1.79941 dcgain_db=143.663 f0_hz=488887 phase_at_f0_deg=-133.555 f180_hz=1.54158E+06 gain_at_f180_db=-14.3163 f0_rising_hz= resurgence_db=-0.851772
Doing analysis at TEMP = -40.000000 and TNOM = 27.000000

Using SPARSE 1.3 as Direct Linear Solver
 Reference value :  0.00000e+00
No. of Data Rows : 1
Doing analysis at TEMP = -40.000000 and TNOM = 27.000000

Using SPARSE 1.3 as Direct Linear Solver
 Reference value :  1.00000e-02
No. of Data Rows : 551
Doing analysis at TEMP = -40.000000 and TNOM = 27.000000

Using SPARSE 1.3 as Direct Linear Solver
 Reference value :  1.00000e-02
No. of Data Rows : 551
dcg                 =  1.43663e+02
f0                  =  7.68297e+05
phx                 =  -1.23768e+02
f180                =  1.84651e+06
gmx                 =  -9.77608e+00
 meas ac f0r when tdb=0 rise=1 failed!

tres                =  -7.23524e-01 at=  8.31764e+05
ROW iload_a=0.001 ceff_f=1e-06 esr_ohm=0.5 vout_v=1.79941 dcgain_db=143.663 f0_hz=768297 phase_at_f0_deg=-123.768 f180_hz=1.84651E+06 gain_at_f180_db=-9.77608 f0_rising_hz= resurgence_db=-0.723524
Doing analysis at TEMP = -40.000000 and TNOM = 27.000000

Using SPARSE 1.3 as Direct Linear Solver
 Reference value :  0.00000e+00
No. of Data Rows : 1
Doing analysis at TEMP = -40.000000 and TNOM = 27.000000

Using SPARSE 1.3 as Direct Linear Solver
 Reference value :  1.00000e-02
No. of Data Rows : 551
Doing analysis at TEMP = -40.000000 and TNOM = 27.000000

Using SPARSE 1.3 as Direct Linear Solver
 Reference value :  1.00000e-02
No. of Data Rows : 551
dcg                 =  1.43663e+02
f0                  =  1.34044e+05
phx                 =  -1.12009e+02
f180                =  6.60749e+05
gmx                 =  -1.93684e+01
 meas ac f0r when tdb=0 rise=1 failed!

tres                =  -7.01584e-01 at=  1.44544e+05
ROW iload_a=0.001 ceff_f=4.7e-06 esr_ohm=0.001 vout_v=1.79941 dcgain_db=143.663 f0_hz=134044 phase_at_f0_deg=-112.009 f180_hz=660749 gain_at_f180_db=-19.3684 f0_rising_hz= resurgence_db=-0.701584
Doing analysis at TEMP = -40.000000 and TNOM = 27.000000

Using SPARSE 1.3 as Direct Linear Solver
 Reference value :  0.00000e+00
No. of Data Rows : 1
Doing analysis at TEMP = -40.000000 and TNOM = 27.000000

Using SPARSE 1.3 as Direct Linear Solver
 Reference value :  1.00000e-02
No. of Data Rows : 551
Doing analysis at TEMP = -40.000000 and TNOM = 27.000000

Using SPARSE 1.3 as Direct Linear Solver
 Reference value :  1.00000e-02
No. of Data Rows : 551
dcg                 =  1.43663e+02
f0                  =  1.36583e+05
phx                 =  -1.01351e+02
f180                =  1.69046e+06
gmx                 =  -2.73158e+01
 meas ac f0r when tdb=0 rise=1 failed!

tres                =  -5.08060e-01 at=  1.44544e+05
ROW iload_a=0.001 ceff_f=4.7e-06 esr_ohm=0.05 vout_v=1.79941 dcgain_db=143.663 f0_hz=136583 phase_at_f0_deg=-101.351 f180_hz=1.69046E+06 gain_at_f180_db=-27.3157 f0_rising_hz= resurgence_db=-0.50806
Doing analysis at TEMP = -40.000000 and TNOM = 27.000000

Using SPARSE 1.3 as Direct Linear Solver
 Reference value :  0.00000e+00
No. of Data Rows : 1
Doing analysis at TEMP = -40.000000 and TNOM = 27.000000

Using SPARSE 1.3 as Direct Linear Solver
 Reference value :  1.00000e-02
No. of Data Rows : 551
Doing analysis at TEMP = -40.000000 and TNOM = 27.000000

Using SPARSE 1.3 as Direct Linear Solver
 Reference value :  1.00000e-02
No. of Data Rows : 551
dcg                 =  1.43663e+02
f0                  =  1.96125e+05
phx                 =  -7.49628e+01
f180                =  1.95117e+06
gmx                 =  -1.84564e+01
 meas ac f0r when tdb=0 rise=1 failed!

tres                =  -3.36037e-01 at=  2.08930e+05
ROW iload_a=0.001 ceff_f=4.7e-06 esr_ohm=0.2 vout_v=1.79941 dcgain_db=143.663 f0_hz=196125 phase_at_f0_deg=-74.9628 f180_hz=1.95117E+06 gain_at_f180_db=-18.4564 f0_rising_hz= resurgence_db=-0.336037
Doing analysis at TEMP = -40.000000 and TNOM = 27.000000

Using SPARSE 1.3 as Direct Linear Solver
 Reference value :  0.00000e+00
No. of Data Rows : 1
Doing analysis at TEMP = -40.000000 and TNOM = 27.000000

Using SPARSE 1.3 as Direct Linear Solver
 Reference value :  1.00000e-02
No. of Data Rows : 551
Doing analysis at TEMP = -40.000000 and TNOM = 27.000000

Using SPARSE 1.3 as Direct Linear Solver
 Reference value :  1.00000e-02
No. of Data Rows : 551
dcg                 =  1.43663e+02
f0                  =  7.05203e+05
phx                 =  -1.01505e+02
f180                =  1.99762e+06
gmx                 =  -1.10961e+01
 meas ac f0r when tdb=0 rise=1 failed!

tres                =  -5.52959e-01 at=  7.58578e+05
ROW iload_a=0.001 ceff_f=4.7e-06 esr_ohm=0.5 vout_v=1.79941 dcgain_db=143.663 f0_hz=705203 phase_at_f0_deg=-101.505 f180_hz=1.99762E+06 gain_at_f180_db=-11.0961 f0_rising_hz= resurgence_db=-0.552959
Doing analysis at TEMP = -40.000000 and TNOM = 27.000000

Using SPARSE 1.3 as Direct Linear Solver
 Reference value :  0.00000e+00
No. of Data Rows : 1
Doing analysis at TEMP = -40.000000 and TNOM = 27.000000

Using SPARSE 1.3 as Direct Linear Solver
 Reference value :  1.99526e-02
No. of Data Rows : 551
Doing analysis at TEMP = -40.000000 and TNOM = 27.000000

Using SPARSE 1.3 as Direct Linear Solver
 Reference value :  1.00000e-02
No. of Data Rows : 551
dcg                 =  1.42480e+02
f0                  =  1.58805e+06
phx                 =  -2.47170e+02
f180                =  6.34817e+05
gmx                 =  1.66559e+01
 meas ac f0r when tdb=0 rise=1 failed!

tres                =  -2.03044e+00 at=  1.73780e+06
ROW iload_a=0.01 ceff_f=3.3e-07 esr_ohm=0.001 vout_v=1.79941 dcgain_db=142.48 f0_hz=1.58805E+06 phase_at_f0_deg=-247.17 f180_hz=634817 gain_at_f180_db=16.6559 f0_rising_hz= resurgence_db=-2.03044
Doing analysis at TEMP = -40.000000 and TNOM = 27.000000

Using SPARSE 1.3 as Direct Linear Solver
 Reference value :  0.00000e+00
No. of Data Rows : 1
Doing analysis at TEMP = -40.000000 and TNOM = 27.000000

Using SPARSE 1.3 as Direct Linear Solver
 Reference value :  4.16869e+00
No. of Data Rows : 551
Doing analysis at TEMP = -40.000000 and TNOM = 27.000000

Using SPARSE 1.3 as Direct Linear Solver
 Reference value :  1.00000e-02
No. of Data Rows : 551
dcg                 =  1.42480e+02
f0                  =  1.59698e+06
phx                 =  -2.38477e+02
f180                =  6.78111e+05
gmx                 =  1.56415e+01
 meas ac f0r when tdb=0 rise=1 failed!

tres                =  -1.88454e+00 at=  1.73780e+06
ROW iload_a=0.01 ceff_f=3.3e-07 esr_ohm=0.05 vout_v=1.79941 dcgain_db=142.48 f0_hz=1.59698E+06 phase_at_f0_deg=-238.477 f180_hz=678111 gain_at_f180_db=15.6415 f0_rising_hz= resurgence_db=-1.88454
Doing analysis at TEMP = -40.000000 and TNOM = 27.000000

Using SPARSE 1.3 as Direct Linear Solver
 Reference value :  0.00000e+00
No. of Data Rows : 1
Doing analysis at TEMP = -40.000000 and TNOM = 27.000000

Using SPARSE 1.3 as Direct Linear Solver
 Reference value :  3.46737e+00
No. of Data Rows : 551
Doing analysis at TEMP = -40.000000 and TNOM = 27.000000

Using SPARSE 1.3 as Direct Linear Solver
 Reference value :  1.00000e-02
No. of Data Rows : 551
dcg                 =  1.42480e+02
f0                  =  1.72136e+06
phx                 =  -2.19498e+02
f180                =  8.68575e+05
gmx                 =  1.20702e+01
 meas ac f0r when tdb=0 rise=1 failed!

tres                =  -1.12836e+00 at=  1.81970e+06
ROW iload_a=0.01 ceff_f=3.3e-07 esr_ohm=0.2 vout_v=1.79941 dcgain_db=142.48 f0_hz=1.72136E+06 phase_at_f0_deg=-219.498 f180_hz=868575 gain_at_f180_db=12.0702 f0_rising_hz= resurgence_db=-1.12836
Doing analysis at TEMP = -40.000000 and TNOM = 27.000000

Using SPARSE 1.3 as Direct Linear Solver
 Reference value :  0.00000e+00
No. of Data Rows : 1
Doing analysis at TEMP = -40.000000 and TNOM = 27.000000

Using SPARSE 1.3 as Direct Linear Solver
 Reference value :  3.63078e+05
No. of Data Rows : 551
Doing analysis at TEMP = -40.000000 and TNOM = 27.000000

Using SPARSE 1.3 as Direct Linear Solver
 Reference value :  1.00000e-02
No. of Data Rows : 551
dcg                 =  1.42480e+02
f0                  =  2.20463e+06
phx                 =  -2.13492e+02
f180                =  1.37954e+06
gmx                 =  7.80878e+00
 meas ac f0r when tdb=0 rise=1 failed!

tres                =  -1.70700e+00 at=  2.39883e+06
ROW iload_a=0.01 ceff_f=3.3e-07 esr_ohm=0.5 vout_v=1.79941 dcgain_db=142.48 f0_hz=2.20463E+06 phase_at_f0_deg=-213.493 f180_hz=1.37954E+06 gain_at_f180_db=7.80878 f0_rising_hz= resurgence_db=-1.707
Doing analysis at TEMP = -40.000000 and TNOM = 27.000000

Using SPARSE 1.3 as Direct Linear Solver
 Reference value :  0.00000e+00
No. of Data Rows : 1
Doing analysis at TEMP = -40.000000 and TNOM = 27.000000

Using SPARSE 1.3 as Direct Linear Solver
 Reference value :  1.00000e-02
No. of Data Rows : 551
Doing analysis at TEMP = -40.000000 and TNOM = 27.000000

Using SPARSE 1.3 as Direct Linear Solver
 Reference value :  1.00000e-02
No. of Data Rows : 551
dcg                 =  1.42480e+02
f0                  =  9.70058e+05
phx                 =  -2.06966e+02
f180                =  6.36246e+05
gmx                 =  6.99949e+00
 meas ac f0r when tdb=0 rise=1 failed!

tres                =  -1.37317e+00 at=  1.04713e+06
ROW iload_a=0.01 ceff_f=1e-06 esr_ohm=0.001 vout_v=1.79941 dcgain_db=142.48 f0_hz=970058 phase_at_f0_deg=-206.966 f180_hz=636246 gain_at_f180_db=6.99949 f0_rising_hz= resurgence_db=-1.37317
Doing analysis at TEMP = -40.000000 and TNOM = 27.000000

Using SPARSE 1.3 as Direct Linear Solver
 Reference value :  0.00000e+00
No. of Data Rows : 1
Doing analysis at TEMP = -40.000000 and TNOM = 27.000000

Using SPARSE 1.3 as Direct Linear Solver
 Reference value :  3.63078e+00
No. of Data Rows : 551
Doing analysis at TEMP = -40.000000 and TNOM = 27.000000

Using SPARSE 1.3 as Direct Linear Solver
 Reference value :  1.00000e-02
No. of Data Rows : 551
dcg                 =  1.42480e+02
f0                  =  9.92639e+05
phx                 =  -1.91646e+02
f180                =  7.96131e+05
gmx                 =  3.65369e+00
 meas ac f0r when tdb=0 rise=1 failed!

tres                =  -9.18405e-01 at=  1.04713e+06
ROW iload_a=0.01 ceff_f=1e-06 esr_ohm=0.05 vout_v=1.79941 dcgain_db=142.48 f0_hz=992639 phase_at_f0_deg=-191.646 f180_hz=796131 gain_at_f180_db=3.65369 f0_rising_hz= resurgence_db=-0.918405
Doing analysis at TEMP = -40.000000 and TNOM = 27.000000

Using SPARSE 1.3 as Direct Linear Solver
 Reference value :  0.00000e+00
No. of Data Rows : 1
Doing analysis at TEMP = -40.000000 and TNOM = 27.000000

Using SPARSE 1.3 as Direct Linear Solver
 Reference value :  1.00000e-02
No. of Data Rows : 551
Doing analysis at TEMP = -40.000000 and TNOM = 27.000000

Using SPARSE 1.3 as Direct Linear Solver
 Reference value :  1.00000e-02
No. of Data Rows : 551
dcg                 =  1.42480e+02
f0                  =  1.32021e+06
phx                 =  -1.72262e+02
f180                =  1.49521e+06
gmx                 =  -1.72526e+00
 meas ac f0r when tdb=0 rise=1 failed!

tres                =  -1.24624e+00 at=  1.44544e+06
ROW iload_a=0.01 ceff_f=1e-06 esr_ohm=0.2 vout_v=1.79941 dcgain_db=142.48 f0_hz=1.32021E+06 phase_at_f0_deg=-172.262 f180_hz=1.49521E+06 gain_at_f180_db=-1.72526 f0_rising_hz= resurgence_db=-1.24624
Doing analysis at TEMP = -40.000000 and TNOM = 27.000000

Using SPARSE 1.3 as Direct Linear Solver
 Reference value :  0.00000e+00
No. of Data Rows : 1
Doing analysis at TEMP = -40.000000 and TNOM = 27.000000

Using SPARSE 1.3 as Direct Linear Solver
 Reference value :  1.00000e+02
No. of Data Rows : 551
Doing analysis at TEMP = -40.000000 and TNOM = 27.000000

Using SPARSE 1.3 as Direct Linear Solver
 Reference value :  1.00000e-02
No. of Data Rows : 551
dcg                 =  1.42480e+02
f0                  =  2.12608e+06
phx                 =  -1.94776e+02
f180                =  1.80686e+06
gmx                 =  2.67525e+00
 meas ac f0r when tdb=0 rise=1 failed!

tres                =  -1.37180e+00 at=  2.29087e+06
ROW iload_a=0.01 ceff_f=1e-06 esr_ohm=0.5 vout_v=1.79941 dcgain_db=142.48 f0_hz=2.12608E+06 phase_at_f0_deg=-194.776 f180_hz=1.80686E+06 gain_at_f180_db=2.67525 f0_rising_hz= resurgence_db=-1.3718
Doing analysis at TEMP = -40.000000 and TNOM = 27.000000

Using SPARSE 1.3 as Direct Linear Solver
 Reference value :  0.00000e+00
No. of Data Rows : 1
Doing analysis at TEMP = -40.000000 and TNOM = 27.000000

Using SPARSE 1.3 as Direct Linear Solver
 Reference value :  4.36516e-01
No. of Data Rows : 551
Doing analysis at TEMP = -40.000000 and TNOM = 27.000000

Using SPARSE 1.3 as Direct Linear Solver
 Reference value :  1.00000e-02
No. of Data Rows : 551
dcg                 =  1.42480e+02
f0                  =  4.08227e+05
phx                 =  -1.55194e+02
f180                =  6.47433e+05
gmx                 =  -6.70836e+00
 meas ac f0r when tdb=0 rise=1 failed!

tres                =  -9.12648e-01 at=  4.36516e+05
ROW iload_a=0.01 ceff_f=4.7e-06 esr_ohm=0.001 vout_v=1.79941 dcgain_db=142.48 f0_hz=408227 phase_at_f0_deg=-155.194 f180_hz=647433 gain_at_f180_db=-6.70836 f0_rising_hz= resurgence_db=-0.912648
Doing analysis at TEMP = -40.000000 and TNOM = 27.000000

Using SPARSE 1.3 as Direct Linear Solver
 Reference value :  0.00000e+00
No. of Data Rows : 1
Doing analysis at TEMP = -40.000000 and TNOM = 27.000000

Using SPARSE 1.3 as Direct Linear Solver
 Reference value :  1.00000e-02
No. of Data Rows : 551
Doing analysis at TEMP = -40.000000 and TNOM = 27.000000

Using SPARSE 1.3 as Direct Linear Solver
 Reference value :  1.00000e-02
No. of Data Rows : 551
dcg                 =  1.42480e+02
f0                  =  4.60518e+05
phx                 =  -1.27941e+02
f180                =  1.59073e+06
gmx                 =  -1.47814e+01
 meas ac f0r when tdb=0 rise=1 failed!

tres                =  -9.57203e-01 at=  5.01187e+05
ROW iload_a=0.01 ceff_f=4.7e-06 esr_ohm=0.05 vout_v=1.79941 dcgain_db=142.48 f0_hz=460518 phase_at_f0_deg=-127.941 f180_hz=1.59073E+06 gain_at_f180_db=-14.7814 f0_rising_hz= resurgence_db=-0.957203
Doing analysis at TEMP = -40.000000 and TNOM = 27.000000

Using SPARSE 1.3 as Direct Linear Solver
 Reference value :  0.00000e+00
No. of Data Rows : 1
Doing analysis at TEMP = -40.000000 and TNOM = 27.000000

Using SPARSE 1.3 as Direct Linear Solver
 Reference value :  6.60693e+00
No. of Data Rows : 551
Doing analysis at TEMP = -40.000000 and TNOM = 27.000000

Using SPARSE 1.3 as Direct Linear Solver
 Reference value :  1.00000e-02
No. of Data Rows : 551
dcg                 =  1.42480e+02
f0                  =  1.17499e+06
phx                 =  -1.39991e+02
f180                =  1.90263e+06
gmx                 =  -6.11152e+00
 meas ac f0r when tdb=0 rise=1 failed!

tres                =  -7.33513e-01 at=  1.25893e+06
ROW iload_a=0.01 ceff_f=4.7e-06 esr_ohm=0.2 vout_v=1.79941 dcgain_db=142.48 f0_hz=1.17499E+06 phase_at_f0_deg=-139.991 f180_hz=1.90263E+06 gain_at_f180_db=-6.11152 f0_rising_hz= resurgence_db=-0.733513
Doing analysis at TEMP = -40.000000 and TNOM = 27.000000

Using SPARSE 1.3 as Direct Linear Solver
 Reference value :  0.00000e+00
No. of Data Rows : 1
Doing analysis at TEMP = -40.000000 and TNOM = 27.000000

Using SPARSE 1.3 as Direct Linear Solver
 Reference value :  1.00000e-02
No. of Data Rows : 551
Doing analysis at TEMP = -40.000000 and TNOM = 27.000000

Using SPARSE 1.3 as Direct Linear Solver
 Reference value :  1.00000e-02
No. of Data Rows : 551
dcg                 =  1.42480e+02
f0                  =  2.11557e+06
phx                 =  -1.87638e+02
f180                =  1.95845e+06
gmx                 =  1.29917e+00
 meas ac f0r when tdb=0 rise=1 failed!

tres                =  -1.44563e+00 at=  2.29087e+06
ROW iload_a=0.01 ceff_f=4.7e-06 esr_ohm=0.5 vout_v=1.79941 dcgain_db=142.48 f0_hz=2.11557E+06 phase_at_f0_deg=-187.638 f180_hz=1.95845E+06 gain_at_f180_db=1.29917 f0_rising_hz= resurgence_db=-1.44563
Doing analysis at TEMP = -40.000000 and TNOM = 27.000000

Using SPARSE 1.3 as Direct Linear Solver
 Reference value :  0.00000e+00
No. of Data Rows : 1
Doing analysis at TEMP = -40.000000 and TNOM = 27.000000

Using SPARSE 1.3 as Direct Linear Solver
 Reference value :  1.00000e-02
No. of Data Rows : 551
Doing analysis at TEMP = -40.000000 and TNOM = 27.000000

Using SPARSE 1.3 as Direct Linear Solver
 Reference value :  1.00000e-02
No. of Data Rows : 551
dcg                 =  1.40976e+02
f0                  =  1.84206e+06
phx                 =  -2.61771e+02
f180                =  6.34362e+05
gmx                 =  2.00948e+01
 meas ac f0r when tdb=0 rise=1 failed!

tres                =  -1.97787e+00 at=  1.99526e+06
ROW iload_a=0.025 ceff_f=3.3e-07 esr_ohm=0.001 vout_v=1.79941 dcgain_db=140.976 f0_hz=1.84206E+06 phase_at_f0_deg=-261.771 f180_hz=634362 gain_at_f180_db=20.0948 f0_rising_hz= resurgence_db=-1.97787
Doing analysis at TEMP = -40.000000 and TNOM = 27.000000

Using SPARSE 1.3 as Direct Linear Solver
 Reference value :  0.00000e+00
No. of Data Rows : 1
Doing analysis at TEMP = -40.000000 and TNOM = 27.000000

Using SPARSE 1.3 as Direct Linear Solver
 Reference value :  1.00000e-02
No. of Data Rows : 551
Doing analysis at TEMP = -40.000000 and TNOM = 27.000000

Using SPARSE 1.3 as Direct Linear Solver
 Reference value :  1.00000e-02
No. of Data Rows : 551
dcg                 =  1.40976e+02
f0                  =  1.85454e+06
phx                 =  -2.51778e+02
f180                =  6.77334e+05
gmx                 =  1.90872e+01
 meas ac f0r when tdb=0 rise=1 failed!

tres                =  -1.78853e+00 at=  1.99526e+06
ROW iload_a=0.025 ceff_f=3.3e-07 esr_ohm=0.05 vout_v=1.79941 dcgain_db=140.976 f0_hz=1.85454E+06 phase_at_f0_deg=-251.778 f180_hz=677334 gain_at_f180_db=19.0872 f0_rising_hz= resurgence_db=-1.78853
Doing analysis at TEMP = -40.000000 and TNOM = 27.000000

Using SPARSE 1.3 as Direct Linear Solver
 Reference value :  0.00000e+00
No. of Data Rows : 1
Doing analysis at TEMP = -40.000000 and TNOM = 27.000000

Using SPARSE 1.3 as Direct Linear Solver
 Reference value :  1.00000e-02
No. of Data Rows : 551
Doing analysis at TEMP = -40.000000 and TNOM = 27.000000

Using SPARSE 1.3 as Direct Linear Solver
 Reference value :  1.00000e-02
No. of Data Rows : 551
dcg                 =  1.40976e+02
f0                  =  2.02366e+06
phx                 =  -2.31481e+02
f180                =  8.65729e+05
gmx                 =  1.55484e+01
 meas ac f0r when tdb=0 rise=1 failed!

tres                =  -1.75046e+00 at=  2.18776e+06
ROW iload_a=0.025 ceff_f=3.3e-07 esr_ohm=0.2 vout_v=1.79941 dcgain_db=140.976 f0_hz=2.02366E+06 phase_at_f0_deg=-231.481 f180_hz=865729 gain_at_f180_db=15.5484 f0_rising_hz= resurgence_db=-1.75046
Doing analysis at TEMP = -40.000000 and TNOM = 27.000000

Using SPARSE 1.3 as Direct Linear Solver
 Reference value :  0.00000e+00
No. of Data Rows : 1
Doing analysis at TEMP = -40.000000 and TNOM = 27.000000

Using SPARSE 1.3 as Direct Linear Solver
 Reference value :  1.00000e-02
No. of Data Rows : 551
Doing analysis at TEMP = -40.000000 and TNOM = 27.000000

Using SPARSE 1.3 as Direct Linear Solver
 Reference value :  1.00000e-02
No. of Data Rows : 551
dcg                 =  1.40976e+02
f0                  =  2.58839e+06
phx                 =  -2.27114e+02
f180                =  1.37032e+06
gmx                 =  1.13120e+01
 meas ac f0r when tdb=0 rise=1 failed!

tres                =  -1.40355e+00 at=  2.75423e+06
ROW iload_a=0.025 ceff_f=3.3e-07 esr_ohm=0.5 vout_v=1.79941 dcgain_db=140.976 f0_hz=2.58839E+06 phase_at_f0_deg=-227.114 f180_hz=1.37032E+06 gain_at_f180_db=11.312 f0_rising_hz= resurgence_db=-1.40355
Doing analysis at TEMP = -40.000000 and TNOM = 27.000000

Using SPARSE 1.3 as Direct Linear Solver
 Reference value :  0.00000e+00
No. of Data Rows : 1
Doing analysis at TEMP = -40.000000 and TNOM = 27.000000

Using SPARSE 1.3 as Direct Linear Solver
 Reference value :  1.00000e-02
No. of Data Rows : 551
Doing analysis at TEMP = -40.000000 and TNOM = 27.000000

Using SPARSE 1.3 as Direct Linear Solver
 Reference value :  1.00000e-02
No. of Data Rows : 551
dcg                 =  1.40976e+02
f0                  =  1.17012e+06
phx                 =  -2.21135e+02
f180                =  6.35239e+05
gmx                 =  1.04556e+01
 meas ac f0r when tdb=0 rise=1 failed!

tres                =  -1.41071e+00 at=  1.25893e+06
ROW iload_a=0.025 ceff_f=1e-06 esr_ohm=0.001 vout_v=1.79941 dcgain_db=140.976 f0_hz=1.17012E+06 phase_at_f0_deg=-221.135 f180_hz=635239 gain_at_f180_db=10.4556 f0_rising_hz= resurgence_db=-1.41071
Doing analysis at TEMP = -40.000000 and TNOM = 27.000000

Using SPARSE 1.3 as Direct Linear Solver
 Reference value :  0.00000e+00
No. of Data Rows : 1
Doing analysis at TEMP = -40.000000 and TNOM = 27.000000

Using SPARSE 1.3 as Direct Linear Solver
 Reference value :  1.00000e-02
No. of Data Rows : 551
Doing analysis at TEMP = -40.000000 and TNOM = 27.000000

Using SPARSE 1.3 as Direct Linear Solver
 Reference value :  1.00000e-02
No. of Data Rows : 551
dcg                 =  1.40976e+02
f0                  =  1.20694e+06
phx                 =  -2.03273e+02
f180                =  7.93438e+05
gmx                 =  7.13867e+00
 meas ac f0r when tdb=0 rise=1 failed!

tres                =  -1.61897e+00 at=  1.31826e+06
ROW iload_a=0.025 ceff_f=1e-06 esr_ohm=0.05 vout_v=1.79941 dcgain_db=140.976 f0_hz=1.20694E+06 phase_at_f0_deg=-203.273 f180_hz=793438 gain_at_f180_db=7.13867 f0_rising_hz= resurgence_db=-1.61897
Doing analysis at TEMP = -40.000000 and TNOM = 27.000000

Using SPARSE 1.3 as Direct Linear Solver
 Reference value :  0.00000e+00
No. of Data Rows : 1
Doing analysis at TEMP = -40.000000 and TNOM = 27.000000

Using SPARSE 1.3 as Direct Linear Solver
 Reference value :  1.00000e-02
No. of Data Rows : 551
Doing analysis at TEMP = -40.000000 and TNOM = 27.000000

Using SPARSE 1.3 as Direct Linear Solver
 Reference value :  1.00000e-02
No. of Data Rows : 551
dcg                 =  1.40976e+02
f0                  =  1.67275e+06
phx                 =  -1.88290e+02
f180                =  1.48460e+06
gmx                 =  1.77861e+00
 meas ac f0r when tdb=0 rise=1 failed!

tres                =  -1.34636e+00 at=  1.81970e+06
ROW iload_a=0.025 ceff_f=1e-06 esr_ohm=0.2 vout_v=1.79941 dcgain_db=140.976 f0_hz=1.67275E+06 phase_at_f0_deg=-188.29 f180_hz=1.4846E+06 gain_at_f180_db=1.77861 f0_rising_hz= resurgence_db=-1.34636
Doing analysis at TEMP = -40.000000 and TNOM = 27.000000

Using SPARSE 1.3 as Direct Linear Solver
 Reference value :  0.00000e+00
No. of Data Rows : 1
Doing analysis at TEMP = -40.000000 and TNOM = 27.000000

Using SPARSE 1.3 as Direct Linear Solver
 Reference value :  1.00000e-02
No. of Data Rows : 551
Doing analysis at TEMP = -40.000000 and TNOM = 27.000000

Using SPARSE 1.3 as Direct Linear Solver
 Reference value :  1.00000e-02
No. of Data Rows : 551
dcg                 =  1.40976e+02
f0                  =  2.52938e+06
phx                 =  -2.11663e+02
f180                =  1.79580e+06
gmx                 =  6.15121e+00
 meas ac f0r when tdb=0 rise=1 failed!

tres                =  -1.83189e+00 at=  2.75423e+06
ROW iload_a=0.025 ceff_f=1e-06 esr_ohm=0.5 vout_v=1.79941 dcgain_db=140.976 f0_hz=2.52938E+06 phase_at_f0_deg=-211.663 f180_hz=1.7958E+06 gain_at_f180_db=6.15121 f0_rising_hz= resurgence_db=-1.83189
Doing analysis at TEMP = -40.000000 and TNOM = 27.000000

Using SPARSE 1.3 as Direct Linear Solver
 Reference value :  0.00000e+00
No. of Data Rows : 1
Doing analysis at TEMP = -40.000000 and TNOM = 27.000000

Using SPARSE 1.3 as Direct Linear Solver
 Reference value :  1.00000e-02
No. of Data Rows : 551
Doing analysis at TEMP = -40.000000 and TNOM = 27.000000

Using SPARSE 1.3 as Direct Linear Solver
 Reference value :  1.00000e-02
No. of Data Rows : 551
dcg                 =  1.40976e+02
f0                  =  5.21365e+05
phx                 =  -1.68004e+02
f180                =  6.45520e+05
gmx                 =  -3.22891e+00
 meas ac f0r when tdb=0 rise=1 failed!

tres                =  -7.76892e-01 at=  5.49541e+05
ROW iload_a=0.025 ceff_f=4.7e-06 esr_ohm=0.001 vout_v=1.79941 dcgain_db=140.976 f0_hz=521365 phase_at_f0_deg=-168.004 f180_hz=645520 gain_at_f180_db=-3.22891 f0_rising_hz= resurgence_db=-0.776892
Doing analysis at TEMP = -40.000000 and TNOM = 27.000000

Using SPARSE 1.3 as Direct Linear Solver
 Reference value :  0.00000e+00
No. of Data Rows : 1
Doing analysis at TEMP = -40.000000 and TNOM = 27.000000

Using SPARSE 1.3 as Direct Linear Solver
 Reference value :  1.00000e-02
No. of Data Rows : 551
Doing analysis at TEMP = -40.000000 and TNOM = 27.000000

Using SPARSE 1.3 as Direct Linear Solver
 Reference value :  1.00000e-02
No. of Data Rows : 551
dcg                 =  1.40976e+02
f0                  =  6.22609e+05
phx                 =  -1.36451e+02
f180                =  1.57493e+06
gmx                 =  -1.12805e+01
 meas ac f0r when tdb=0 rise=1 failed!

tres                =  -6.83110e-01 at=  6.60693e+05
ROW iload_a=0.025 ceff_f=4.7e-06 esr_ohm=0.05 vout_v=1.79941 dcgain_db=140.976 f0_hz=622609 phase_at_f0_deg=-136.451 f180_hz=1.57493E+06 gain_at_f180_db=-11.2805 f0_rising_hz= resurgence_db=-0.68311
Doing analysis at TEMP = -40.000000 and TNOM = 27.000000

Using SPARSE 1.3 as Direct Linear Solver
 Reference value :  0.00000e+00
No. of Data Rows : 1
Doing analysis at TEMP = -40.000000 and TNOM = 27.000000

Using SPARSE 1.3 as Direct Linear Solver
 Reference value :  1.00000e-02
No. of Data Rows : 551
Doing analysis at TEMP = -40.000000 and TNOM = 27.000000

Using SPARSE 1.3 as Direct Linear Solver
 Reference value :  1.00000e-02
No. of Data Rows : 551
dcg                 =  1.40976e+02
f0                  =  1.57390e+06
phx                 =  -1.63357e+02
f180                =  1.89114e+06
gmx                 =  -2.64736e+00
 meas ac f0r when tdb=0 rise=1 failed!

tres                =  -7.17046e-01 at=  1.65959e+06
ROW iload_a=0.025 ceff_f=4.7e-06 esr_ohm=0.2 vout_v=1.79941 dcgain_db=140.976 f0_hz=1.5739E+06 phase_at_f0_deg=-163.357 f180_hz=1.89114E+06 gain_at_f180_db=-2.64736 f0_rising_hz= resurgence_db=-0.717046
Doing analysis at TEMP = -40.000000 and TNOM = 27.000000

Using SPARSE 1.3 as Direct Linear Solver
 Reference value :  0.00000e+00
No. of Data Rows : 1
Doing analysis at TEMP = -40.000000 and TNOM = 27.000000

Using SPARSE 1.3 as Direct Linear Solver
 Reference value :  1.00000e-02
No. of Data Rows : 551
Doing analysis at TEMP = -40.000000 and TNOM = 27.000000

Using SPARSE 1.3 as Direct Linear Solver
 Reference value :  1.00000e-02
No. of Data Rows : 551
dcg                 =  1.40976e+02
f0                  =  2.52206e+06
phx                 =  -2.05794e+02
f180                =  1.94700e+06
gmx                 =  4.76731e+00
 meas ac f0r when tdb=0 rise=1 failed!

tres                =  -1.88137e+00 at=  2.75423e+06
ROW iload_a=0.025 ceff_f=4.7e-06 esr_ohm=0.5 vout_v=1.79941 dcgain_db=140.976 f0_hz=2.52206E+06 phase_at_f0_deg=-205.794 f180_hz=1.947E+06 gain_at_f180_db=4.76731 f0_rising_hz= resurgence_db=-1.88137
Doing analysis at TEMP = -40.000000 and TNOM = 27.000000

Using SPARSE 1.3 as Direct Linear Solver
 Reference value :  0.00000e+00
No. of Data Rows : 1
Doing analysis at TEMP = -40.000000 and TNOM = 27.000000

Using SPARSE 1.3 as Direct Linear Solver
 Reference value :  1.00000e-02
No. of Data Rows : 551
Doing analysis at TEMP = -40.000000 and TNOM = 27.000000

Using SPARSE 1.3 as Direct Linear Solver
 Reference value :  1.00000e-02
No. of Data Rows : 551
dcg                 =  1.39195e+02
f0                  =  2.01740e+06
phx                 =  -2.71210e+02
f180                =  6.34430e+05
gmx                 =  2.23763e+01
 meas ac f0r when tdb=0 rise=1 failed!

tres                =  -2.13690e+00 at=  2.18776e+06
ROW iload_a=0.05 ceff_f=3.3e-07 esr_ohm=0.001 vout_v=1.79941 dcgain_db=139.195 f0_hz=2.0174E+06 phase_at_f0_deg=-271.21 f180_hz=634430 gain_at_f180_db=22.3763 f0_rising_hz= resurgence_db=-2.1369
Doing analysis at TEMP = -40.000000 and TNOM = 27.000000

Using SPARSE 1.3 as Direct Linear Solver
 Reference value :  0.00000e+00
No. of Data Rows : 1
Doing analysis at TEMP = -40.000000 and TNOM = 27.000000

Using SPARSE 1.3 as Direct Linear Solver
 Reference value :  1.00000e-02
No. of Data Rows : 551
Doing analysis at TEMP = -40.000000 and TNOM = 27.000000

Using SPARSE 1.3 as Direct Linear Solver
 Reference value :  1.00000e-02
No. of Data Rows : 551
dcg                 =  1.39195e+02
f0                  =  2.03264e+06
phx                 =  -2.60319e+02
f180                =  6.77163e+05
gmx                 =  2.13738e+01
 meas ac f0r when tdb=0 rise=1 failed!

tres                =  -1.91219e+00 at=  2.18776e+06
ROW iload_a=0.05 ceff_f=3.3e-07 esr_ohm=0.05 vout_v=1.79941 dcgain_db=139.195 f0_hz=2.03264E+06 phase_at_f0_deg=-260.32 f180_hz=677163 gain_at_f180_db=21.3738 f0_rising_hz= resurgence_db=-1.91219
Doing analysis at TEMP = -40.000000 and TNOM = 27.000000

Using SPARSE 1.3 as Direct Linear Solver
 Reference value :  0.00000e+00
No. of Data Rows : 1
Doing analysis at TEMP = -40.000000 and TNOM = 27.000000

Using SPARSE 1.3 as Direct Linear Solver
 Reference value :  1.00000e-02
No. of Data Rows : 551
Doing analysis at TEMP = -40.000000 and TNOM = 27.000000

Using SPARSE 1.3 as Direct Linear Solver
 Reference value :  1.00000e-02
No. of Data Rows : 551
dcg                 =  1.39195e+02
f0                  =  2.23441e+06
phx                 =  -2.39149e+02
f180                =  8.64003e+05
gmx                 =  1.78609e+01
 meas ac f0r when tdb=0 rise=1 failed!

tres                =  -1.68906e+00 at=  2.39883e+06
ROW iload_a=0.05 ceff_f=3.3e-07 esr_ohm=0.2 vout_v=1.79941 dcgain_db=139.195 f0_hz=2.23441E+06 phase_at_f0_deg=-239.148 f180_hz=864003 gain_at_f180_db=17.8609 f0_rising_hz= resurgence_db=-1.68906
Doing analysis at TEMP = -40.000000 and TNOM = 27.000000

Using SPARSE 1.3 as Direct Linear Solver
 Reference value :  0.00000e+00
No. of Data Rows : 1
Doing analysis at TEMP = -40.000000 and TNOM = 27.000000

Using SPARSE 1.3 as Direct Linear Solver
 Reference value :  1.00000e-02
No. of Data Rows : 551
Doing analysis at TEMP = -40.000000 and TNOM = 27.000000

Using SPARSE 1.3 as Direct Linear Solver
 Reference value :  1.00000e-02
No. of Data Rows : 551
dcg                 =  1.39195e+02
f0                  =  2.85026e+06
phx                 =  -2.35302e+02
f180                =  1.36334e+06
gmx                 =  1.36501e+01
 meas ac f0r when tdb=0 rise=1 failed!

tres                =  -1.38812e+00 at=  3.01995e+06
ROW iload_a=0.05 ceff_f=3.3e-07 esr_ohm=0.5 vout_v=1.79941 dcgain_db=139.195 f0_hz=2.85026E+06 phase_at_f0_deg=-235.302 f180_hz=1.36334E+06 gain_at_f180_db=13.6501 f0_rising_hz= resurgence_db=-1.38812
Doing analysis at TEMP = -40.000000 and TNOM = 27.000000

Using SPARSE 1.3 as Direct Linear Solver
 Reference value :  0.00000e+00
No. of Data Rows : 1
Doing analysis at TEMP = -40.000000 and TNOM = 27.000000

Using SPARSE 1.3 as Direct Linear Solver
 Reference value :  1.00000e-02
No. of Data Rows : 551
Doing analysis at TEMP = -40.000000 and TNOM = 27.000000

Using SPARSE 1.3 as Direct Linear Solver
 Reference value :  1.00000e-02
No. of Data Rows : 551
dcg                 =  1.39195e+02
f0                  =  1.31579e+06
phx                 =  -2.30909e+02
f180                =  6.34675e+05
gmx                 =  1.27562e+01
 meas ac f0r when tdb=0 rise=1 failed!

tres                =  -9.68805e-01 at=  1.38038e+06
ROW iload_a=0.05 ceff_f=1e-06 esr_ohm=0.001 vout_v=1.79941 dcgain_db=139.195 f0_hz=1.31579E+06 phase_at_f0_deg=-230.909 f180_hz=634675 gain_at_f180_db=12.7562 f0_rising_hz= resurgence_db=-0.968806
Doing analysis at TEMP = -40.000000 and TNOM = 27.000000

Using SPARSE 1.3 as Direct Linear Solver
 Reference value :  0.00000e+00
No. of Data Rows : 1
Doing analysis at TEMP = -40.000000 and TNOM = 27.000000

Using SPARSE 1.3 as Direct Linear Solver
 Reference value :  1.00000e-02
No. of Data Rows : 551
Doing analysis at TEMP = -40.000000 and TNOM = 27.000000

Using SPARSE 1.3 as Direct Linear Solver
 Reference value :  1.00000e-02
No. of Data Rows : 551
dcg                 =  1.39195e+02
f0                  =  1.36543e+06
phx                 =  -2.11344e+02
f180                =  7.91694e+05
gmx                 =  9.46102e+00
 meas ac f0r when tdb=0 rise=1 failed!

tres                =  -1.09286e+00 at=  1.44544e+06
ROW iload_a=0.05 ceff_f=1e-06 esr_ohm=0.05 vout_v=1.79941 dcgain_db=139.195 f0_hz=1.36543E+06 phase_at_f0_deg=-211.344 f180_hz=791694 gain_at_f180_db=9.46102 f0_rising_hz= resurgence_db=-1.09286
Doing analysis at TEMP = -40.000000 and TNOM = 27.000000

Using SPARSE 1.3 as Direct Linear Solver
 Reference value :  0.00000e+00
No. of Data Rows : 1
Doing analysis at TEMP = -40.000000 and TNOM = 27.000000

Using SPARSE 1.3 as Direct Linear Solver

No. of Data Rows : 551
Doing analysis at TEMP = -40.000000 and TNOM = 27.000000

Using SPARSE 1.3 as Direct Linear Solver
 Reference value :  1.00000e-02
No. of Data Rows : 551
dcg                 =  1.39195e+02
f0                  =  1.91950e+06
phx                 =  -1.99241e+02
f180                =  1.47665e+06
gmx                 =  4.12208e+00
 meas ac f0r when tdb=0 rise=1 failed!

tres                =  -1.51815e+00 at=  2.08930e+06
ROW iload_a=0.05 ceff_f=1e-06 esr_ohm=0.2 vout_v=1.79941 dcgain_db=139.195 f0_hz=1.9195E+06 phase_at_f0_deg=-199.241 f180_hz=1.47665E+06 gain_at_f180_db=4.12208 f0_rising_hz= resurgence_db=-1.51815
Doing analysis at TEMP = -40.000000 and TNOM = 27.000000

Using SPARSE 1.3 as Direct Linear Solver

No. of Data Rows : 1
Doing analysis at TEMP = -40.000000 and TNOM = 27.000000

Using SPARSE 1.3 as Direct Linear Solver
 Reference value :  1.00000e-02
No. of Data Rows : 551
Doing analysis at TEMP = -40.000000 and TNOM = 27.000000

Using SPARSE 1.3 as Direct Linear Solver

No. of Data Rows : 551
dcg                 =  1.39195e+02
f0                  =  2.80030e+06
phx                 =  -2.21511e+02
f180                =  1.78691e+06
gmx                 =  8.47470e+00
 meas ac f0r when tdb=0 rise=1 failed!

tres                =  -1.74585e+00 at=  3.01995e+06
ROW iload_a=0.05 ceff_f=1e-06 esr_ohm=0.5 vout_v=1.79941 dcgain_db=139.195 f0_hz=2.8003E+06 phase_at_f0_deg=-221.511 f180_hz=1.78691E+06 gain_at_f180_db=8.4747 f0_rising_hz= resurgence_db=-1.74585
Doing analysis at TEMP = -40.000000 and TNOM = 27.000000

Using SPARSE 1.3 as Direct Linear Solver
 Reference value :  0.00000e+00
No. of Data Rows : 1
Doing analysis at TEMP = -40.000000 and TNOM = 27.000000

Using SPARSE 1.3 as Direct Linear Solver

No. of Data Rows : 551
Doing analysis at TEMP = -40.000000 and TNOM = 27.000000

Using SPARSE 1.3 as Direct Linear Solver
 Reference value :  1.00000e-02
No. of Data Rows : 551
dcg                 =  1.39195e+02
f0                  =  6.07426e+05
phx                 =  -1.76590e+02
f180                =  6.44366e+05
gmx                 =  -9.12584e-01
 meas ac f0r when tdb=0 rise=1 failed!

tres                =  -1.30781e+00 at=  6.60693e+05
ROW iload_a=0.05 ceff_f=4.7e-06 esr_ohm=0.001 vout_v=1.79941 dcgain_db=139.195 f0_hz=607426 phase_at_f0_deg=-176.59 f180_hz=644366 gain_at_f180_db=-0.912584 f0_rising_hz= resurgence_db=-1.30781
Doing analysis at TEMP = -40.000000 and TNOM = 27.000000

Using SPARSE 1.3 as Direct Linear Solver
 Reference value :  0.00000e+00
No. of Data Rows : 1
Doing analysis at TEMP = -40.000000 and TNOM = 27.000000

Using SPARSE 1.3 as Direct Linear Solver
 Reference value :  1.00000e-02
No. of Data Rows : 551
Doing analysis at TEMP = -40.000000 and TNOM = 27.000000

Using SPARSE 1.3 as Direct Linear Solver
 Reference value :  1.00000e-02
No. of Data Rows : 551
dcg                 =  1.39195e+02
f0                  =  7.59408e+05
phx                 =  -1.43016e+02
f180                =  1.56447e+06
gmx                 =  -8.93681e+00
 meas ac f0r when tdb=0 rise=1 failed!

tres                =  -1.05270e+00 at=  8.31764e+05
ROW iload_a=0.05 ceff_f=4.7e-06 esr_ohm=0.05 vout_v=1.79941 dcgain_db=139.195 f0_hz=759408 phase_at_f0_deg=-143.016 f180_hz=1.56447E+06 gain_at_f180_db=-8.93681 f0_rising_hz= resurgence_db=-1.0527
Doing analysis at TEMP = -40.000000 and TNOM = 27.000000

Using SPARSE 1.3 as Direct Linear Solver
 Reference value :  0.00000e+00
No. of Data Rows : 1
Doing analysis at TEMP = -40.000000 and TNOM = 27.000000

Using SPARSE 1.3 as Direct Linear Solver
 Reference value :  1.00000e-02
No. of Data Rows : 551
Doing analysis at TEMP = -40.000000 and TNOM = 27.000000

Using SPARSE 1.3 as Direct Linear Solver
 Reference value :  1.00000e-02
No. of Data Rows : 551
dcg                 =  1.39195e+02
f0                  =  1.84312e+06
phx                 =  -1.78025e+02
f180                =  1.88222e+06
gmx                 =  -3.27773e-01
 meas ac f0r when tdb=0 rise=1 failed!

tres                =  -1.27485e+00 at=  1.99526e+06
ROW iload_a=0.05 ceff_f=4.7e-06 esr_ohm=0.2 vout_v=1.79941 dcgain_db=139.195 f0_hz=1.84312E+06 phase_at_f0_deg=-178.025 f180_hz=1.88222E+06 gain_at_f180_db=-0.327773 f0_rising_hz= resurgence_db=-1.27485
Doing analysis at TEMP = -40.000000 and TNOM = 27.000000

Using SPARSE 1.3 as Direct Linear Solver
 Reference value :  0.00000e+00
No. of Data Rows : 1
Doing analysis at TEMP = -40.000000 and TNOM = 27.000000

Using SPARSE 1.3 as Direct Linear Solver
 Reference value :  1.00000e-02
No. of Data Rows : 551
Doing analysis at TEMP = -40.000000 and TNOM = 27.000000

Using SPARSE 1.3 as Direct Linear Solver
 Reference value :  1.00000e-02
No. of Data Rows : 551
dcg                 =  1.39195e+02
f0                  =  2.79435e+06
phx                 =  -2.16266e+02
f180                =  1.93766e+06
gmx                 =  7.08664e+00
 meas ac f0r when tdb=0 rise=1 failed!

tres                =  -1.78608e+00 at=  3.01995e+06
ROW iload_a=0.05 ceff_f=4.7e-06 esr_ohm=0.5 vout_v=1.79941 dcgain_db=139.195 f0_hz=2.79435E+06 phase_at_f0_deg=-216.266 f180_hz=1.93766E+06 gain_at_f180_db=7.08664 f0_rising_hz= resurgence_db=-1.78608
* SWEEP COMPLETE res_ss_-40c_3.63v
Note: Simulation executed from .control section 
Warning: m=xx on .subckt line will override multiplier m hierarchy!

Note: Starting dynamic gmin stepping
Note: Dynamic gmin stepping completed
Note: Starting dynamic gmin stepping
Note: Dynamic gmin stepping completed
Note: Starting dynamic gmin stepping
Note: Dynamic gmin stepping completed

Error: measure  f0r  when(WHEN) : out of interval
Error: &f0r: no such variable.
Note: Starting dynamic gmin stepping
Note: Dynamic gmin stepping completed
Note: Starting dynamic gmin stepping
Note: Dynamic gmin stepping completed
Note: Starting dynamic gmin stepping
Note: Dynamic gmin stepping completed

Error: measure  f0r  when(WHEN) : out of interval
Error: &f0r: no such variable.
Note: Starting dynamic gmin stepping
Note: Dynamic gmin stepping completed
Note: Starting dynamic gmin stepping
Note: Dynamic gmin stepping completed
Note: Starting dynamic gmin stepping
Note: Dynamic gmin stepping completed

Error: measure  f0r  when(WHEN) : out of interval
Error: &f0r: no such variable.
Note: Starting dynamic gmin stepping
Note: Dynamic gmin stepping completed
Note: Starting dynamic gmin stepping
Note: Dynamic gmin stepping completed
Note: Starting dynamic gmin stepping
Note: Dynamic gmin stepping completed

Error: measure  f0r  when(WHEN) : out of interval
Error: &f0r: no such variable.
Note: Starting dynamic gmin stepping
Note: Dynamic gmin stepping completed
Note: Starting dynamic gmin stepping
Note: Dynamic gmin stepping completed
Note: Starting dynamic gmin stepping
Note: Dynamic gmin stepping completed

Error: measure  f0r  when(WHEN) : out of interval
Error: &f0r: no such variable.
Note: Starting dynamic gmin stepping
Note: Dynamic gmin stepping completed
Note: Starting dynamic gmin stepping
Note: Dynamic gmin stepping completed
Note: Starting dynamic gmin stepping
Note: Dynamic gmin stepping completed

Error: measure  f0r  when(WHEN) : out of interval
Error: &f0r: no such variable.
Note: Starting dynamic gmin stepping
Note: Dynamic gmin stepping completed
Note: Starting dynamic gmin stepping
Note: Dynamic gmin stepping completed
Note: Starting dynamic gmin stepping
Note: Dynamic gmin stepping completed

Error: measure  f0r  when(WHEN) : out of interval
Error: &f0r: no such variable.
Note: Starting dynamic gmin stepping
Note: Dynamic gmin stepping completed
Note: Starting dynamic gmin stepping
Note: Dynamic gmin stepping completed
Note: Starting dynamic gmin stepping
Note: Dynamic gmin stepping completed

Error: measure  f0r  when(WHEN) : out of interval
Error: &f0r: no such variable.
Note: Starting dynamic gmin stepping
Note: Dynamic gmin stepping completed
Note: Starting dynamic gmin stepping
Note: Dynamic gmin stepping completed
Note: Starting dynamic gmin stepping
Note: Dynamic gmin stepping completed

Error: measure  f0r  when(WHEN) : out of interval
Error: &f0r: no such variable.
Note: Starting dynamic gmin stepping
Note: Dynamic gmin stepping completed
Note: Starting dynamic gmin stepping
Note: Dynamic gmin stepping completed
Note: Starting dynamic gmin stepping
Note: Dynamic gmin stepping completed

Error: measure  f0r  when(WHEN) : out of interval
Error: &f0r: no such variable.
Note: Starting dynamic gmin stepping
Note: Dynamic gmin stepping completed
Note: Starting dynamic gmin stepping
Note: Dynamic gmin stepping completed
Note: Starting dynamic gmin stepping
Note: Dynamic gmin stepping completed

Error: measure  f0r  when(WHEN) : out of interval
Error: &f0r: no such variable.
Note: Starting dynamic gmin stepping
Note: Dynamic gmin stepping completed
Note: Starting dynamic gmin stepping
Note: Dynamic gmin stepping completed
Note: Starting dynamic gmin stepping
Note: Dynamic gmin stepping completed

Error: measure  f0r  when(WHEN) : out of interval
Error: &f0r: no such variable.
Note: Starting dynamic gmin stepping
Note: Dynamic gmin stepping completed
Note: Starting dynamic gmin stepping
Note: Dynamic gmin stepping completed
Note: Starting dynamic gmin stepping
Note: Dynamic gmin stepping completed

Error: measure  f0r  when(WHEN) : out of interval
Error: &f0r: no such variable.
Note: Starting dynamic gmin stepping
Note: Dynamic gmin stepping completed
Note: Starting dynamic gmin stepping
Note: Dynamic gmin stepping completed
Note: Starting dynamic gmin stepping
Note: Dynamic gmin stepping completed

Error: measure  f0r  when(WHEN) : out of interval
Error: &f0r: no such variable.
Note: Starting dynamic gmin stepping
Note: Dynamic gmin stepping completed
Note: Starting dynamic gmin stepping
Note: Dynamic gmin stepping completed
Note: Starting dynamic gmin stepping
Note: Dynamic gmin stepping completed

Error: measure  f0r  when(WHEN) : out of interval
Error: &f0r: no such variable.
Note: Starting dynamic gmin stepping
Note: Dynamic gmin stepping completed
Note: Starting dynamic gmin stepping
Note: Dynamic gmin stepping completed
Note: Starting dynamic gmin stepping
Note: Dynamic gmin stepping completed

Error: measure  f0r  when(WHEN) : out of interval
Error: &f0r: no such variable.
Note: Starting dynamic gmin stepping
Note: Dynamic gmin stepping completed
Note: Starting dynamic gmin stepping
Note: Dynamic gmin stepping completed
Note: Starting dynamic gmin stepping
Note: Dynamic gmin stepping completed

Error: measure  f0r  when(WHEN) : out of interval
Error: &f0r: no such variable.
Note: Starting dynamic gmin stepping
Note: Dynamic gmin stepping completed
Note: Starting dynamic gmin stepping
Note: Dynamic gmin stepping completed
Note: Starting dynamic gmin stepping
Note: Dynamic gmin stepping completed

Error: measure  f0r  when(WHEN) : out of interval
Error: &f0r: no such variable.
Note: Starting dynamic gmin stepping
Note: Dynamic gmin stepping completed
Note: Starting dynamic gmin stepping
Note: Dynamic gmin stepping completed
Note: Starting dynamic gmin stepping
Note: Dynamic gmin stepping completed

Error: measure  f0r  when(WHEN) : out of interval
Error: &f0r: no such variable.
Note: Starting dynamic gmin stepping
Note: Dynamic gmin stepping completed
Note: Starting dynamic gmin stepping
Note: Dynamic gmin stepping completed
Note: Starting dynamic gmin stepping
Note: Dynamic gmin stepping completed

Error: measure  f0r  when(WHEN) : out of interval
Error: &f0r: no such variable.
Note: Starting dynamic gmin stepping
Note: Dynamic gmin stepping completed
Note: Starting dynamic gmin stepping
Note: Dynamic gmin stepping completed
Note: Starting dynamic gmin stepping
Note: Dynamic gmin stepping completed

Error: measure  f0r  when(WHEN) : out of interval
Error: &f0r: no such variable.
Note: Starting dynamic gmin stepping
Note: Dynamic gmin stepping completed
Note: Starting dynamic gmin stepping
Note: Dynamic gmin stepping completed
Note: Starting dynamic gmin stepping
Note: Dynamic gmin stepping completed

Error: measure  f0r  when(WHEN) : out of interval
Error: &f0r: no such variable.
Note: Starting dynamic gmin stepping
Note: Dynamic gmin stepping completed
Note: Starting dynamic gmin stepping
Note: Dynamic gmin stepping completed
Note: Starting dynamic gmin stepping
Note: Dynamic gmin stepping completed

Error: measure  f0r  when(WHEN) : out of interval
Error: &f0r: no such variable.
Note: Starting dynamic gmin stepping
Note: Dynamic gmin stepping completed
Note: Starting dynamic gmin stepping
Note: Dynamic gmin stepping completed
Note: Starting dynamic gmin stepping
Note: Dynamic gmin stepping completed

Error: measure  f0r  when(WHEN) : out of interval
Error: &f0r: no such variable.
Note: Starting dynamic gmin stepping
Note: Dynamic gmin stepping completed
Note: Starting dynamic gmin stepping
Note: Dynamic gmin stepping completed
Note: Starting dynamic gmin stepping
Note: Dynamic gmin stepping completed

Error: measure  f0r  when(WHEN) : out of interval
Error: &f0r: no such variable.
Note: Starting dynamic gmin stepping
Note: Dynamic gmin stepping completed
Note: Starting dynamic gmin stepping
Note: Dynamic gmin stepping completed
Note: Starting dynamic gmin stepping
Note: Dynamic gmin stepping completed

Error: measure  f0r  when(WHEN) : out of interval
Error: &f0r: no such variable.
Note: Starting dynamic gmin stepping
Note: Dynamic gmin stepping completed
Note: Starting dynamic gmin stepping
Note: Dynamic gmin stepping completed
Note: Starting dynamic gmin stepping
Note: Dynamic gmin stepping completed

Error: measure  f0r  when(WHEN) : out of interval
Error: &f0r: no such variable.
Note: Starting dynamic gmin stepping
Note: Dynamic gmin stepping completed
Note: Starting dynamic gmin stepping
Note: Dynamic gmin stepping completed
Note: Starting dynamic gmin stepping
Note: Dynamic gmin stepping completed

Error: measure  f0r  when(WHEN) : out of interval
Error: &f0r: no such variable.
Note: Starting dynamic gmin stepping
Note: Dynamic gmin stepping completed
Note: Starting dynamic gmin stepping
Note: Dynamic gmin stepping completed
Note: Starting dynamic gmin stepping
Note: Dynamic gmin stepping completed

Error: measure  f0r  when(WHEN) : out of interval
Error: &f0r: no such variable.
Note: Starting dynamic gmin stepping
Note: Dynamic gmin stepping completed
Note: Starting dynamic gmin stepping
Note: Dynamic gmin stepping completed
Note: Starting dynamic gmin stepping
Note: Dynamic gmin stepping completed

Error: measure  f0r  when(WHEN) : out of interval
Error: &f0r: no such variable.
Note: Starting dynamic gmin stepping
Note: Dynamic gmin stepping completed
Note: Starting dynamic gmin stepping
Note: Dynamic gmin stepping completed
Note: Starting dynamic gmin stepping
Note: Dynamic gmin stepping completed

Error: measure  f0r  when(WHEN) : out of interval
Error: &f0r: no such variable.
Note: Starting dynamic gmin stepping
Note: Dynamic gmin stepping completed
Note: Starting dynamic gmin stepping
Note: Dynamic gmin stepping completed
Note: Starting dynamic gmin stepping
Note: Dynamic gmin stepping completed

Error: measure  f0r  when(WHEN) : out of interval
Error: &f0r: no such variable.
Note: Starting dynamic gmin stepping
Note: Dynamic gmin stepping completed
Note: Starting dynamic gmin stepping
Note: Dynamic gmin stepping completed
Note: Starting dynamic gmin stepping
Note: Dynamic gmin stepping completed

Error: measure  f0r  when(WHEN) : out of interval
Error: &f0r: no such variable.
Note: Starting dynamic gmin stepping
Note: Dynamic gmin stepping completed
Note: Starting dynamic gmin stepping
Note: Dynamic gmin stepping completed
Note: Starting dynamic gmin stepping
Note: Dynamic gmin stepping completed

Error: measure  f0r  when(WHEN) : out of interval
Error: &f0r: no such variable.
Note: Starting dynamic gmin stepping
Note: Dynamic gmin stepping completed
Note: Starting dynamic gmin stepping
Note: Dynamic gmin stepping completed
Note: Starting dynamic gmin stepping
Note: Dynamic gmin stepping completed

Error: measure  f0r  when(WHEN) : out of interval
Error: &f0r: no such variable.
Note: Starting dynamic gmin stepping
Note: Dynamic gmin stepping completed
Note: Starting dynamic gmin stepping
Note: Dynamic gmin stepping completed
Note: Starting dynamic gmin stepping
Note: Dynamic gmin stepping completed

Error: measure  f0r  when(WHEN) : out of interval
Error: &f0r: no such variable.
Note: Starting dynamic gmin stepping
Note: Dynamic gmin stepping completed
Note: Starting dynamic gmin stepping
Note: Dynamic gmin stepping completed
Note: Starting dynamic gmin stepping
Note: Dynamic gmin stepping completed

Error: measure  f0r  when(WHEN) : out of interval
Error: &f0r: no such variable.
Note: Starting dynamic gmin stepping
Note: Dynamic gmin stepping completed
Note: Starting dynamic gmin stepping
Note: Dynamic gmin stepping completed
Note: Starting dynamic gmin stepping
Note: Dynamic gmin stepping completed

Error: measure  f0r  when(WHEN) : out of interval
Error: &f0r: no such variable.
Note: Starting dynamic gmin stepping
Note: Dynamic gmin stepping completed
Note: Starting dynamic gmin stepping
Note: Dynamic gmin stepping completed
Note: Starting dynamic gmin stepping
Note: Dynamic gmin stepping completed

Error: measure  f0r  when(WHEN) : out of interval
Error: &f0r: no such variable.
Note: Starting dynamic gmin stepping
Note: Dynamic gmin stepping completed
Note: Starting dynamic gmin stepping
Note: Dynamic gmin stepping completed
Note: Starting dynamic gmin stepping
Note: Dynamic gmin stepping completed

Error: measure  f0r  when(WHEN) : out of interval
Error: &f0r: no such variable.
Note: Starting dynamic gmin stepping
Note: Dynamic gmin stepping completed
Note: Starting dynamic gmin stepping
Note: Dynamic gmin stepping completed
Note: Starting dynamic gmin stepping
Note: Dynamic gmin stepping completed

Error: measure  f0r  when(WHEN) : out of interval
Error: &f0r: no such variable.
Note: Starting dynamic gmin stepping
Note: Dynamic gmin stepping completed
Note: Starting dynamic gmin stepping
Note: Dynamic gmin stepping completed
Note: Starting dynamic gmin stepping
Note: Dynamic gmin stepping completed

Error: measure  f0r  when(WHEN) : out of interval
Error: &f0r: no such variable.
Note: Starting dynamic gmin stepping
Note: Dynamic gmin stepping completed
Note: Starting dynamic gmin stepping
Note: Dynamic gmin stepping completed
Note: Starting dynamic gmin stepping
Note: Dynamic gmin stepping completed

Error: measure  f0r  when(WHEN) : out of interval
Error: &f0r: no such variable.
Note: Starting dynamic gmin stepping
Note: Dynamic gmin stepping completed
Note: Starting dynamic gmin stepping
Note: Dynamic gmin stepping completed
Note: Starting dynamic gmin stepping
Note: Dynamic gmin stepping completed

Error: measure  f0r  when(WHEN) : out of interval
Error: &f0r: no such variable.
Note: Starting dynamic gmin stepping
Note: Dynamic gmin stepping completed
Note: Starting dynamic gmin stepping
Note: Dynamic gmin stepping completed
Note: Starting dynamic gmin stepping
Note: Dynamic gmin stepping completed

Error: measure  f0r  when(WHEN) : out of interval
Error: &f0r: no such variable.
Note: Starting dynamic gmin stepping
Note: Dynamic gmin stepping completed
Note: Starting dynamic gmin stepping
Note: Dynamic gmin stepping completed
Note: Starting dynamic gmin stepping
Note: Dynamic gmin stepping completed

Error: measure  f0r  when(WHEN) : out of interval
Error: &f0r: no such variable.
Note: Starting dynamic gmin stepping
Note: Dynamic gmin stepping completed
Note: Starting dynamic gmin stepping
Note: Dynamic gmin stepping completed
Note: Starting dynamic gmin stepping
Note: Dynamic gmin stepping completed

Error: measure  f0r  when(WHEN) : out of interval
Error: &f0r: no such variable.
Note: Starting dynamic gmin stepping
Note: Dynamic gmin stepping completed
Note: Starting dynamic gmin stepping
Note: Dynamic gmin stepping completed
Note: Starting dynamic gmin stepping
Note: Dynamic gmin stepping completed

Error: measure  f0r  when(WHEN) : out of interval
Error: &f0r: no such variable.
Note: Starting dynamic gmin stepping
Note: Dynamic gmin stepping completed
Note: Starting dynamic gmin stepping
Note: Dynamic gmin stepping completed
Note: Starting dynamic gmin stepping
Note: Dynamic gmin stepping completed

Error: measure  f0r  when(WHEN) : out of interval
Error: &f0r: no such variable.
Note: Starting dynamic gmin stepping
Note: Dynamic gmin stepping completed
Note: Starting dynamic gmin stepping
Note: Dynamic gmin stepping completed
Note: Starting dynamic gmin stepping
Note: Dynamic gmin stepping completed

Error: measure  f0r  when(WHEN) : out of interval
Error: &f0r: no such variable.
Note: Starting dynamic gmin stepping
Note: Dynamic gmin stepping completed
Note: Starting dynamic gmin stepping
Note: Dynamic gmin stepping completed
Note: Starting dynamic gmin stepping
Note: Dynamic gmin stepping completed

Error: measure  f0r  when(WHEN) : out of interval
Error: &f0r: no such variable.
Note: Starting dynamic gmin stepping
Note: Dynamic gmin stepping completed
Note: Starting dynamic gmin stepping
Note: Dynamic gmin stepping completed
Note: Starting dynamic gmin stepping
Note: Dynamic gmin stepping completed

Error: measure  f0r  when(WHEN) : out of interval
Error: &f0r: no such variable.
Note: Starting dynamic gmin stepping
Note: Dynamic gmin stepping completed
Note: Starting dynamic gmin stepping
Note: Dynamic gmin stepping completed
Note: Starting dynamic gmin stepping
Note: Dynamic gmin stepping completed

Error: measure  f0r  when(WHEN) : out of interval
Error: &f0r: no such variable.
Note: Starting dynamic gmin stepping
Note: Dynamic gmin stepping completed
Note: Starting dynamic gmin stepping
Note: Dynamic gmin stepping completed
Note: Starting dynamic gmin stepping
Note: Dynamic gmin stepping completed

Error: measure  f0r  when(WHEN) : out of interval
Error: &f0r: no such variable.
Note: Starting dynamic gmin stepping
Note: Dynamic gmin stepping completed
Note: Starting dynamic gmin stepping
Note: Dynamic gmin stepping completed
Note: Starting dynamic gmin stepping
Note: Dynamic gmin stepping completed

Error: measure  f0r  when(WHEN) : out of interval
Error: &f0r: no such variable.
Note: Starting dynamic gmin stepping
Note: Dynamic gmin stepping completed
Note: Starting dynamic gmin stepping
Note: Dynamic gmin stepping completed
Note: Starting dynamic gmin stepping
Note: Dynamic gmin stepping completed

Error: measure  f0r  when(WHEN) : out of interval
Error: &f0r: no such variable.
Note: Starting dynamic gmin stepping
Note: Dynamic gmin stepping completed
Note: Starting dynamic gmin stepping
Note: Dynamic gmin stepping completed
Note: Starting dynamic gmin stepping
Note: Dynamic gmin stepping completed

Error: measure  f0r  when(WHEN) : out of interval
Error: &f0r: no such variable.
Note: Starting dynamic gmin stepping
Note: Dynamic gmin stepping completed
Note: Starting dynamic gmin stepping
Note: Dynamic gmin stepping completed
Note: Starting dynamic gmin stepping
Note: Dynamic gmin stepping completed

Error: measure  f0r  when(WHEN) : out of interval
Error: &f0r: no such variable.
Note: Starting dynamic gmin stepping
Note: Dynamic gmin stepping completed
Note: Starting dynamic gmin stepping
Note: Dynamic gmin stepping completed
Note: Starting dynamic gmin stepping
Note: Dynamic gmin stepping completed

Error: measure  f0r  when(WHEN) : out of interval
Error: &f0r: no such variable.
Note: Starting dynamic gmin stepping
Note: Dynamic gmin stepping completed
Note: Starting dynamic gmin stepping
Note: Dynamic gmin stepping completed
Note: Starting dynamic gmin stepping
Note: Dynamic gmin stepping completed

Error: measure  f0r  when(WHEN) : out of interval
Error: &f0r: no such variable.
Note: Starting dynamic gmin stepping
Note: Dynamic gmin stepping completed
Note: Starting dynamic gmin stepping
Note: Dynamic gmin stepping completed
Note: Starting dynamic gmin stepping
Note: Dynamic gmin stepping completed

Error: measure  f0r  when(WHEN) : out of interval
Error: &f0r: no such variable.
Note: Starting dynamic gmin stepping
Note: Dynamic gmin stepping completed
Note: Starting dynamic gmin stepping
Note: Dynamic gmin stepping completed
Note: Starting dynamic gmin stepping
Note: Dynamic gmin stepping completed

Error: measure  f0r  when(WHEN) : out of interval
Error: &f0r: no such variable.
Note: Starting dynamic gmin stepping
Note: Dynamic gmin stepping completed
Note: Starting dynamic gmin stepping
Note: Dynamic gmin stepping completed
Note: Starting dynamic gmin stepping
Note: Dynamic gmin stepping completed

Error: measure  f0r  when(WHEN) : out of interval
Error: &f0r: no such variable.
Note: Starting dynamic gmin stepping
Note: Dynamic gmin stepping completed
Note: Starting dynamic gmin stepping
Note: Dynamic gmin stepping completed
Note: Starting dynamic gmin stepping
Note: Dynamic gmin stepping completed

Error: measure  f0r  when(WHEN) : out of interval
Error: &f0r: no such variable.
Note: Starting dynamic gmin stepping
Note: Dynamic gmin stepping completed
Note: Starting dynamic gmin stepping
Note: Dynamic gmin stepping completed
Note: Starting dynamic gmin stepping
Note: Dynamic gmin stepping completed

Error: measure  f0r  when(WHEN) : out of interval
Error: &f0r: no such variable.
Note: Starting dynamic gmin stepping
Note: Dynamic gmin stepping completed
Note: Starting dynamic gmin stepping
Note: Dynamic gmin stepping completed
Note: Starting dynamic gmin stepping
Note: Dynamic gmin stepping completed

Error: measure  f0r  when(WHEN) : out of interval
Error: &f0r: no such variable.
Note: Starting dynamic gmin stepping
Note: Dynamic gmin stepping completed
Note: Starting dynamic gmin stepping
Note: Dynamic gmin stepping completed
Note: Starting dynamic gmin stepping
Note: Dynamic gmin stepping completed

Error: measure  f0r  when(WHEN) : out of interval
Error: &f0r: no such variable.
Note: Starting dynamic gmin stepping
Note: Dynamic gmin stepping completed
Note: Starting dynamic gmin stepping
Note: Dynamic gmin stepping completed
Note: Starting dynamic gmin stepping
Note: Dynamic gmin stepping completed

Error: measure  f0r  when(WHEN) : out of interval
Error: &f0r: no such variable.
Note: Starting dynamic gmin stepping
Note: Dynamic gmin stepping completed
Note: Starting dynamic gmin stepping
Note: Dynamic gmin stepping completed
Note: Starting dynamic gmin stepping
Note: Dynamic gmin stepping completed

Error: measure  f0r  when(WHEN) : out of interval
Error: &f0r: no such variable.
Note: Starting dynamic gmin stepping
Note: Dynamic gmin stepping completed
Note: Starting dynamic gmin stepping
Note: Dynamic gmin stepping completed
Note: Starting dynamic gmin stepping
Note: Dynamic gmin stepping completed

Error: measure  f0r  when(WHEN) : out of interval
Error: &f0r: no such variable.
Note: Starting dynamic gmin stepping
Note: Dynamic gmin stepping completed
Note: Starting dynamic gmin stepping
Note: Dynamic gmin stepping completed
Note: Starting dynamic gmin stepping
Note: Dynamic gmin stepping completed

Error: measure  f0r  when(WHEN) : out of interval
Error: &f0r: no such variable.
Note: Starting dynamic gmin stepping
Note: Dynamic gmin stepping completed
Note: Starting dynamic gmin stepping
Note: Dynamic gmin stepping completed
Note: Starting dynamic gmin stepping
Note: Dynamic gmin stepping completed

Error: measure  f0r  when(WHEN) : out of interval
Error: &f0r: no such variable.
