
Note: Compatibility modes selected: hs a


Circuit: * load-transient @ ss_27c_2.97v -- generated by sim/harness, do not edit

Doing analysis at TEMP = 27.000000 and TNOM = 27.000000

Using SPARSE 1.3 as Direct Linear Solver

Initial Transient Solution
--------------------------

Node                                   Voltage
----                                   -------
vin                                       2.97
vref                                       1.2
vout                                   1.79938
loop                                   2.10466
xdut.fb                                1.19959
xdut.xerramp.nbias                    0.876943
xdut.xerramp.xrbias.11                0.877057
xdut.xerramp.xrbias.21                 2.96907
xdut.xerramp.rbt                       2.96919
xdut.xerramp.tail                     0.348545
xdut.xerramp.nd                         1.8056
xdut.xerramp.n1                        2.11353
xdut.xerramp.nz                        2.11353
xdut.xerramp.xrz.11                    2.11353
xdut.xerramp.xrz.21                    2.11353
xdut.bg                                1.27503
xdut.xerramp.nrza                      2.11353
xdut.xerramp.xrza.11                   2.11353
xdut.xerramp.xrza.21                   2.11353
xdut.xerramp.nf                        1.69428
xdut.xerramp.nbp                       2.11353
xdut.xerramp.xrbufb.11                 2.11353
xdut.xerramp.xrbufb.21                 2.11353
xdut.xerramp.enb                   4.15646e-09
xdut.xilimit.isns                      1.80101
xdut.xilimit.xrsns.11                  1.79941
xdut.xilimit.xrsns.21                  1.80098
xdut.xilimit.pb                        1.99163
xdut.xilimit.vth                       1.90011
xdut.xilimit.xrref.11                  1.79941
xdut.xilimit.xrref.21                  1.90008
xdut.xilimit.bt                            1.2
xdut.xilimit.bb                    0.000113486
xdut.xilimit.xrbias.11             0.000142819
xdut.xilimit.xrbias.21                 1.19997
xdut.xilimit.cn                       0.665564
xdut.xilimit.tail                      2.75205
xdut.xilimit.co                     0.00317351
xdut.xilimit.xrtail.11                 2.75206
xdut.xilimit.xrtail.21                 2.96966
xdut.xilimit.tailp                     2.96967
xdut.xilimit.enb                   4.15646e-09
xdut.xilimit.clg                          2.97
xdut.xilimit.xrl2.11                      2.97
xdut.xilimit.xrl2.21                      2.97
xdut.xsoftstart.bt                         1.2
xdut.xsoftstart.bb                 4.08708e-05
xdut.xsoftstart.xrss_bias.11       5.14351e-05
xdut.xsoftstart.xrss_bias.21           1.19999
xdut.xsoftstart.ssr                     2.2787
xdut.xsoftstart.sd                 4.15646e-09
xdut.xsoftstart.gmsa                   2.96962
xdut.xsoftstart.gmia                  0.527131
xdut.xsoftstart.gmvss              5.67658e-07
xdut.xsoftstart.gmsb                   2.96953
xdut.xsoftstart.gmsum                  2.96951
xdut.xsoftstart.gmrm                   2.97047
xdut.xsoftstart.gmod                    2.0853
xdut.xsoftstart.fbp                    1.19977
xdut.xsoftstart.hg                        2.97
xdut.xsoftstart.enb                4.15646e-09
xdut.xsoftstart.xrh_ss.11                 2.97
xdut.xsoftstart.xrh_ss.21                 2.97
xdut.xsoftstart.xrr_ss.11          4.15646e-09
xdut.xsoftstart.xrr_ss.21          4.15646e-09
ilc                                      0.001
nload                                        0
n_esr                                  1.79938
v.xdut.xsoftstart.vbsense_ss#branch     3.06508e-07
v.xdut.xilimit.vbsense#branch      8.51051e-07
vlmeas#branch                            0.001
vilc#branch                                  0
vref#branch                       -1.15756e-06
vsup#branch                        -0.00101018

 Reference value :  0.00000e+00
 Reference value :  8.92560e-06
 Reference value :  1.76456e-05
 Reference value :  2.58656e-05
 Reference value :  3.40056e-05
 Reference value :  4.28056e-05
 Reference value :  5.13700e-05
 Reference value :  6.05100e-05
 Reference value :  6.95100e-05
 Reference value :  7.88677e-05
 Reference value :  8.73595e-05
 Reference value :  9.58395e-05
 Reference value :  1.04359e-04
 Reference value :  1.12559e-04
 Reference value :  1.21239e-04
 Reference value :  1.33519e-04
 Reference value :  1.43139e-04
 Reference value :  1.51850e-04
 Reference value :  1.60310e-04
 Reference value :  1.69310e-04
 Reference value :  1.78670e-04
 Reference value :  1.88730e-04
 Reference value :  1.97590e-04
 Reference value :  2.05830e-04
 Reference value :  2.14090e-04
 Reference value :  2.22450e-04
 Reference value :  2.31630e-04
 Reference value :  2.40790e-04
 Reference value :  2.49650e-04
 Reference value :  2.59630e-04
 Reference value :  2.68750e-04
 Reference value :  2.77850e-04
 Reference value :  2.87490e-04
 Reference value :  2.96770e-04
 Reference value :  3.06410e-04
 Reference value :  3.15330e-04
 Reference value :  3.24310e-04
 Reference value :  3.33310e-04
 Reference value :  3.41890e-04
 Reference value :  3.50770e-04
 Reference value :  3.60250e-04
 Reference value :  3.69450e-04
 Reference value :  3.78070e-04
 Reference value :  3.88150e-04
 Reference value :  3.98210e-04
No. of Data Rows : 20033
vmin_load           =  1.74678e+00 at=  5.10900e-05
vmax_load           =  1.86819e+00 at=  1.51710e-04
vmin_line           =  1.79063e+00 at=  2.04090e-04
vmax_line           =  1.79935e+00 at=  3.21990e-04
iload_plateau       =  5.00000e-02 from=  1.00000e-04 to=  1.40019e-04
vout_min_global     =  1.59660e+00 at=  8.97395e-05
m_undershoot_mv = 5.3219000000e+01
m_overshoot_mv = 6.8187000000e+01
m_line_step_dev_lo_mv = 9.3720000000e+00
m_line_step_dev_hi_mv = -6.480000000e-01
m_iload_plateau_ma = 5.0000000000e+01
m_vout_min_global_v = 1.5965960000e+00
m_iload_err_max_ua = 6.9388939039e-12
Note: Simulation executed from .control section 

Warning: m=xx on .subckt line will override multiplier m hierarchy!

Note: Starting dynamic gmin stepping
Note: Dynamic gmin stepping completed
