
Note: No compatibility mode selected!


Circuit: * dropout-vs-load @ fs_125c_2.10v -- generated by sim/harness, do not edit

Doing analysis at TEMP = 125.000000 and TNOM = 27.000000

Using SPARSE 1.3 as Direct Linear Solver
 Reference value :  2.20000e+00
 Reference value :  2.18500e+00
 Reference value :  2.17000e+00
 Reference value :  2.15500e+00
 Reference value :  2.14000e+00
 Reference value :  2.12500e+00
 Reference value :  2.11000e+00
 Reference value :  2.09500e+00
 Reference value :  2.08000e+00
 Reference value :  2.06500e+00
 Reference value :  2.05000e+00
 Reference value :  2.04000e+00
 Reference value :  2.03000e+00
 Reference value :  2.01500e+00
 Reference value :  2.00000e+00
 Reference value :  1.98500e+00
 Reference value :  1.97000e+00
 Reference value :  1.95500e+00
 Reference value :  1.93500e+00
 Reference value :  1.92000e+00
 Reference value :  1.90500e+00
 Reference value :  1.89000e+00
 Reference value :  1.87500e+00
 Reference value :  1.86000e+00
 Reference value :  1.84500e+00
 Reference value :  1.83000e+00
 Reference value :  1.81500e+00
 Reference value :  1.79500e+00
 Reference value :  1.78000e+00
 Reference value :  1.76500e+00
 Reference value :  1.75000e+00
No. of Data Rows : 91
vin_knee_v          =  2.01667e+00
vin_knee_last_v     =  2.01667e+00
vout_210_v          =  1.79899e+00
i_vlmeas_210_a      =  5.00000e-02
m_vdrop_mv = 2.5267200000e+02
m_knee_uniqueness_mv = 0.0000000000e+00
m_vout_at_210_mv = 1.7989900000e+03
m_iload_ma = 5.0000000000e+01
Note: Simulation executed from .control section 

Note: Starting dynamic gmin stepping
Note: Dynamic gmin stepping completed
