
Note: Compatibility modes selected: hs a


Circuit: * loop-stability -- tian dual-injection loop-gain testbench for ldo_core (issue #10)

* corner_id=ff_27c_2.97v corner=ff temp_c=27 vin_v=2.97
* ac sweep: dec 400 0.01 1e9 ; Tian dual injection at ERRAMP_OUT->PASS_GATE
* columns: ROW iload_a= ceff_f= esr_ohm= vout_v= dcgain_db= f0_hz= phase_at_f0_deg=
*          f180_hz= gain_at_f180_db= f0_rising_hz= resurgence_db=
* (phase margin = 180 + phase_at_f0_deg ; gain margin = -gain_at_f180_db ;
*  resurgence_db = max |T| in dB above the first 0 dB crossing, DR-0008 ;
*  an empty f180/gain field means the phase never reaches -180 deg in band)
* Fields are written key=value BECAUSE a failed meas leaves its value
* empty: with bare positional fields an empty one vanishes into the
* whitespace and every field after it is read as the wrong quantity.
Doing analysis at TEMP = 27.000000 and TNOM = 27.000000

Using SPARSE 1.3 as Direct Linear Solver

No. of Data Rows : 1
Doing analysis at TEMP = 27.000000 and TNOM = 27.000000

Using SPARSE 1.3 as Direct Linear Solver
 Reference value :  1.00000e-02
No. of Data Rows : 4401
Doing analysis at TEMP = 27.000000 and TNOM = 27.000000

Using SPARSE 1.3 as Direct Linear Solver
 Reference value :  1.00000e-02
No. of Data Rows : 4401
dcg                 =  1.27724e+02
f0                  =  2.38657e+03
phx                 =  -1.61670e+02
f180                =  4.23825e+05
gmx                 =  -6.26708e+01
 meas ac f0r when tdb=0 rise=1 failed!

tres                =  -8.42198e-01 at=  2.51189e+03
ROW iload_a=0 ceff_f=3.3e-07 esr_ohm=0.001 vout_v=1.79934 dcgain_db=127.724 f0_hz=2386.57 phase_at_f0_deg=-161.67 f180_hz=423825 gain_at_f180_db=-62.6708 f0_rising_hz= resurgence_db=-0.842198
Doing analysis at TEMP = 27.000000 and TNOM = 27.000000

Using SPARSE 1.3 as Direct Linear Solver
 Reference value :  0.00000e+00
No. of Data Rows : 1
Doing analysis at TEMP = 27.000000 and TNOM = 27.000000

Using SPARSE 1.3 as Direct Linear Solver

No. of Data Rows : 4401
Doing analysis at TEMP = 27.000000 and TNOM = 27.000000

Using SPARSE 1.3 as Direct Linear Solver
 Reference value :  1.00000e-02
No. of Data Rows : 4401
dcg                 =  1.27724e+02
f0                  =  2.38657e+03
phx                 =  -1.61656e+02
f180                =  4.56296e+05
gmx                 =  -6.39049e+01
 meas ac f0r when tdb=0 rise=1 failed!

tres                =  -8.42197e-01 at=  2.51189e+03
ROW iload_a=0 ceff_f=3.3e-07 esr_ohm=0.05 vout_v=1.79934 dcgain_db=127.724 f0_hz=2386.57 phase_at_f0_deg=-161.656 f180_hz=456296 gain_at_f180_db=-63.9049 f0_rising_hz= resurgence_db=-0.842197
Doing analysis at TEMP = 27.000000 and TNOM = 27.000000

Using SPARSE 1.3 as Direct Linear Solver

No. of Data Rows : 1
Doing analysis at TEMP = 27.000000 and TNOM = 27.000000

Using SPARSE 1.3 as Direct Linear Solver
 Reference value :  1.00000e-02
No. of Data Rows : 4401
Doing analysis at TEMP = 27.000000 and TNOM = 27.000000

Using SPARSE 1.3 as Direct Linear Solver
 Reference value :  1.00000e-02
No. of Data Rows : 4401
dcg                 =  1.27724e+02
f0                  =  2.38657e+03
phx                 =  -1.61613e+02
f180                =  6.29098e+05
gmx                 =  -6.91840e+01
 meas ac f0r when tdb=0 rise=1 failed!

tres                =  -8.42195e-01 at=  2.51189e+03
ROW iload_a=0 ceff_f=3.3e-07 esr_ohm=0.2 vout_v=1.79934 dcgain_db=127.724 f0_hz=2386.57 phase_at_f0_deg=-161.613 f180_hz=629098 gain_at_f180_db=-69.184 f0_rising_hz= resurgence_db=-0.842194
Doing analysis at TEMP = 27.000000 and TNOM = 27.000000

Using SPARSE 1.3 as Direct Linear Solver

No. of Data Rows : 1
Doing analysis at TEMP = 27.000000 and TNOM = 27.000000

Using SPARSE 1.3 as Direct Linear Solver
 Reference value :  1.00000e-02
No. of Data Rows : 4401
Doing analysis at TEMP = 27.000000 and TNOM = 27.000000

Using SPARSE 1.3 as Direct Linear Solver
 Reference value :  2.42661e+00
No. of Data Rows : 4401
dcg                 =  1.27724e+02
f0                  =  2.38657e+03
phx                 =  -1.61528e+02
f180                =  7.45161e+06
gmx                 =  -7.91557e+01
 meas ac f0r when tdb=0 rise=1 failed!

tres                =  -8.42173e-01 at=  2.51189e+03
ROW iload_a=0 ceff_f=3.3e-07 esr_ohm=0.5 vout_v=1.79934 dcgain_db=127.724 f0_hz=2386.57 phase_at_f0_deg=-161.528 f180_hz=7.45161E+06 gain_at_f180_db=-79.1557 f0_rising_hz= resurgence_db=-0.842173
Doing analysis at TEMP = 27.000000 and TNOM = 27.000000

Using SPARSE 1.3 as Direct Linear Solver

No. of Data Rows : 1
Doing analysis at TEMP = 27.000000 and TNOM = 27.000000

Using SPARSE 1.3 as Direct Linear Solver
 Reference value :  1.00000e-02
No. of Data Rows : 4401
Doing analysis at TEMP = 27.000000 and TNOM = 27.000000

Using SPARSE 1.3 as Direct Linear Solver
 Reference value :  4.95450e-02
No. of Data Rows : 4401
dcg                 =  1.27716e+02
f0                  =  1.34686e+03
phx                 =  -1.69312e+02
f180                =  4.17546e+05
gmx                 =  -7.20766e+01
 meas ac f0r when tdb=0 rise=1 failed!

tres                =  -9.10392e-01 at=  1.42069e+03
ROW iload_a=0 ceff_f=1e-06 esr_ohm=0.001 vout_v=1.79934 dcgain_db=127.716 f0_hz=1346.86 phase_at_f0_deg=-169.311 f180_hz=417546 gain_at_f180_db=-72.0766 f0_rising_hz= resurgence_db=-0.910392
Doing analysis at TEMP = 27.000000 and TNOM = 27.000000

Using SPARSE 1.3 as Direct Linear Solver

No. of Data Rows : 1
Doing analysis at TEMP = 27.000000 and TNOM = 27.000000

Using SPARSE 1.3 as Direct Linear Solver
 Reference value :  1.00000e-02
No. of Data Rows : 4401
Doing analysis at TEMP = 27.000000 and TNOM = 27.000000

Using SPARSE 1.3 as Direct Linear Solver
 Reference value :  1.24451e-02
No. of Data Rows : 4401
dcg                 =  1.27716e+02
f0                  =  1.34686e+03
phx                 =  -1.69288e+02
f180                =  5.42595e+05
gmx                 =  -7.65116e+01
 meas ac f0r when tdb=0 rise=1 failed!

tres                =  -9.10390e-01 at=  1.42069e+03
ROW iload_a=0 ceff_f=1e-06 esr_ohm=0.05 vout_v=1.79934 dcgain_db=127.716 f0_hz=1346.86 phase_at_f0_deg=-169.288 f180_hz=542595 gain_at_f180_db=-76.5115 f0_rising_hz= resurgence_db=-0.91039
Doing analysis at TEMP = 27.000000 and TNOM = 27.000000

Using SPARSE 1.3 as Direct Linear Solver

No. of Data Rows : 1
Doing analysis at TEMP = 27.000000 and TNOM = 27.000000

Using SPARSE 1.3 as Direct Linear Solver
 Reference value :  1.00000e-02
No. of Data Rows : 4401
Doing analysis at TEMP = 27.000000 and TNOM = 27.000000

Using SPARSE 1.3 as Direct Linear Solver
 Reference value :  5.78762e-02
No. of Data Rows : 4401
dcg                 =  1.27716e+02
f0                  =  1.34686e+03
phx                 =  -1.69215e+02
f180                =  7.56091e+06
gmx                 =  -7.89860e+01
 meas ac f0r when tdb=0 rise=1 failed!

tres                =  -9.10379e-01 at=  1.42069e+03
ROW iload_a=0 ceff_f=1e-06 esr_ohm=0.2 vout_v=1.79934 dcgain_db=127.716 f0_hz=1346.86 phase_at_f0_deg=-169.215 f180_hz=7.56090E+06 gain_at_f180_db=-78.986 f0_rising_hz= resurgence_db=-0.910379
Doing analysis at TEMP = 27.000000 and TNOM = 27.000000

Using SPARSE 1.3 as Direct Linear Solver

No. of Data Rows : 1
Doing analysis at TEMP = 27.000000 and TNOM = 27.000000

Using SPARSE 1.3 as Direct Linear Solver
 Reference value :  1.00000e-02
No. of Data Rows : 4401
Doing analysis at TEMP = 27.000000 and TNOM = 27.000000

Using SPARSE 1.3 as Direct Linear Solver
 Reference value :  4.02717e-02
No. of Data Rows : 4401
dcg                 =  1.27716e+02
f0                  =  1.34686e+03
phx                 =  -1.69070e+02
f180                =  7.43588e+06
gmx                 =  -7.91223e+01
 meas ac f0r when tdb=0 rise=1 failed!

tres                =  -9.10310e-01 at=  1.42069e+03
ROW iload_a=0 ceff_f=1e-06 esr_ohm=0.5 vout_v=1.79934 dcgain_db=127.716 f0_hz=1346.87 phase_at_f0_deg=-169.07 f180_hz=7.43588E+06 gain_at_f180_db=-79.1223 f0_rising_hz= resurgence_db=-0.91031
Doing analysis at TEMP = 27.000000 and TNOM = 27.000000

Using SPARSE 1.3 as Direct Linear Solver

No. of Data Rows : 1
Doing analysis at TEMP = 27.000000 and TNOM = 27.000000

Using SPARSE 1.3 as Direct Linear Solver
 Reference value :  1.00000e-02
No. of Data Rows : 4401
Doing analysis at TEMP = 27.000000 and TNOM = 27.000000

Using SPARSE 1.3 as Direct Linear Solver
 Reference value :  4.75883e-02
No. of Data Rows : 4401
dcg                 =  1.27535e+02
f0                  =  6.16997e+02
phx                 =  -1.74817e+02
f180                =  3.86156e+05
gmx                 =  -8.42754e+01
 meas ac f0r when tdb=0 rise=1 failed!

tres                =  -8.85217e-01 at=  6.49382e+02
ROW iload_a=0 ceff_f=4.7e-06 esr_ohm=0.001 vout_v=1.79934 dcgain_db=127.535 f0_hz=616.997 phase_at_f0_deg=-174.817 f180_hz=386156 gain_at_f180_db=-84.2754 f0_rising_hz= resurgence_db=-0.885217
Doing analysis at TEMP = 27.000000 and TNOM = 27.000000

Using SPARSE 1.3 as Direct Linear Solver

No. of Data Rows : 1
Doing analysis at TEMP = 27.000000 and TNOM = 27.000000

Using SPARSE 1.3 as Direct Linear Solver
 Reference value :  1.00000e-02
No. of Data Rows : 4401
Doing analysis at TEMP = 27.000000 and TNOM = 27.000000

Using SPARSE 1.3 as Direct Linear Solver
 Reference value :  1.48765e-02
No. of Data Rows : 4401
dcg                 =  1.27535e+02
f0                  =  6.16998e+02
phx                 =  -1.74765e+02
f180                =  7.61365e+06
gmx                 =  -7.89083e+01
 meas ac f0r when tdb=0 rise=1 failed!

tres                =  -8.85212e-01 at=  6.49382e+02
ROW iload_a=0 ceff_f=4.7e-06 esr_ohm=0.05 vout_v=1.79934 dcgain_db=127.535 f0_hz=616.998 phase_at_f0_deg=-174.766 f180_hz=7.61365E+06 gain_at_f180_db=-78.9083 f0_rising_hz= resurgence_db=-0.885212
Doing analysis at TEMP = 27.000000 and TNOM = 27.000000

Using SPARSE 1.3 as Direct Linear Solver

No. of Data Rows : 1
Doing analysis at TEMP = 27.000000 and TNOM = 27.000000

Using SPARSE 1.3 as Direct Linear Solver
 Reference value :  1.00000e-02
No. of Data Rows : 4401
Doing analysis at TEMP = 27.000000 and TNOM = 27.000000

Using SPARSE 1.3 as Direct Linear Solver
 Reference value :  1.02920e-02
No. of Data Rows : 4401
dcg                 =  1.27535e+02
f0                  =  6.17000e+02
phx                 =  -1.74609e+02
f180                =  7.55507e+06
gmx                 =  -7.89738e+01
 meas ac f0r when tdb=0 rise=1 failed!

tres                =  -8.85154e-01 at=  6.49382e+02
ROW iload_a=0 ceff_f=4.7e-06 esr_ohm=0.2 vout_v=1.79934 dcgain_db=127.535 f0_hz=617 phase_at_f0_deg=-174.609 f180_hz=7.55507E+06 gain_at_f180_db=-78.9738 f0_rising_hz= resurgence_db=-0.885154
Doing analysis at TEMP = 27.000000 and TNOM = 27.000000

Using SPARSE 1.3 as Direct Linear Solver

No. of Data Rows : 1
Doing analysis at TEMP = 27.000000 and TNOM = 27.000000

Using SPARSE 1.3 as Direct Linear Solver
 Reference value :  1.00000e-02
No. of Data Rows : 4401
Doing analysis at TEMP = 27.000000 and TNOM = 27.000000

Using SPARSE 1.3 as Direct Linear Solver
 Reference value :  1.05925e-01
No. of Data Rows : 4401
dcg                 =  1.27535e+02
f0                  =  6.17010e+02
phx                 =  -1.74296e+02
f180                =  7.42976e+06
gmx                 =  -7.91092e+01
 meas ac f0r when tdb=0 rise=1 failed!

tres                =  -8.84823e-01 at=  6.49382e+02
ROW iload_a=0 ceff_f=4.7e-06 esr_ohm=0.5 vout_v=1.79934 dcgain_db=127.535 f0_hz=617.01 phase_at_f0_deg=-174.296 f180_hz=7.42976E+06 gain_at_f180_db=-79.1092 f0_rising_hz= resurgence_db=-0.884822
Doing analysis at TEMP = 27.000000 and TNOM = 27.000000

Using SPARSE 1.3 as Direct Linear Solver
 Reference value :  0.00000e+00
No. of Data Rows : 1
Doing analysis at TEMP = 27.000000 and TNOM = 27.000000

Using SPARSE 1.3 as Direct Linear Solver
 Reference value :  9.60506e+05
No. of Data Rows : 4401
Doing analysis at TEMP = 27.000000 and TNOM = 27.000000

Using SPARSE 1.3 as Direct Linear Solver
 Reference value :  2.46888e+03
No. of Data Rows : 4401
dcg                 =  1.42217e+02
f0                  =  9.50518e+04
phx                 =  -1.18887e+02
f180                =  5.26150e+05
gmx                 =  -2.30328e+01
 meas ac f0r when tdb=0 rise=1 failed!

tres                =  -4.95546e-01 at=  1.00000e+05
ROW iload_a=0.0001 ceff_f=3.3e-07 esr_ohm=0.001 vout_v=1.79934 dcgain_db=142.217 f0_hz=95051.8 phase_at_f0_deg=-118.887 f180_hz=526150 gain_at_f180_db=-23.0328 f0_rising_hz= resurgence_db=-0.495546
Doing analysis at TEMP = 27.000000 and TNOM = 27.000000

Using SPARSE 1.3 as Direct Linear Solver

No. of Data Rows : 1
Doing analysis at TEMP = 27.000000 and TNOM = 27.000000

Using SPARSE 1.3 as Direct Linear Solver
 Reference value :  1.00000e-02
No. of Data Rows : 4401
Doing analysis at TEMP = 27.000000 and TNOM = 27.000000

Using SPARSE 1.3 as Direct Linear Solver
 Reference value :  1.00000e-02
No. of Data Rows : 4401
dcg                 =  1.42217e+02
f0                  =  9.50558e+04
phx                 =  -1.18335e+02
f180                =  5.73218e+05
gmx                 =  -2.44524e+01
 meas ac f0r when tdb=0 rise=1 failed!

tres                =  -4.95097e-01 at=  1.00000e+05
ROW iload_a=0.0001 ceff_f=3.3e-07 esr_ohm=0.05 vout_v=1.79934 dcgain_db=142.217 f0_hz=95055.8 phase_at_f0_deg=-118.335 f180_hz=573218 gain_at_f180_db=-24.4524 f0_rising_hz= resurgence_db=-0.495097
Doing analysis at TEMP = 27.000000 and TNOM = 27.000000

Using SPARSE 1.3 as Direct Linear Solver
 Reference value :  0.00000e+00
No. of Data Rows : 1
Doing analysis at TEMP = 27.000000 and TNOM = 27.000000

Using SPARSE 1.3 as Direct Linear Solver
 Reference value :  7.80728e+05
No. of Data Rows : 4401
Doing analysis at TEMP = 27.000000 and TNOM = 27.000000

Using SPARSE 1.3 as Direct Linear Solver
 Reference value :  3.16228e+02
No. of Data Rows : 4401
dcg                 =  1.42217e+02
f0                  =  9.51176e+04
phx                 =  -1.16658e+02
f180                =  8.40214e+05
gmx                 =  -3.05697e+01
 meas ac f0r when tdb=0 rise=1 failed!

tres                =  -4.88157e-01 at=  1.00000e+05
ROW iload_a=0.0001 ceff_f=3.3e-07 esr_ohm=0.2 vout_v=1.79934 dcgain_db=142.217 f0_hz=95117.6 phase_at_f0_deg=-116.658 f180_hz=840214 gain_at_f180_db=-30.5697 f0_rising_hz= resurgence_db=-0.488157
Doing analysis at TEMP = 27.000000 and TNOM = 27.000000

Using SPARSE 1.3 as Direct Linear Solver

No. of Data Rows : 1
Doing analysis at TEMP = 27.000000 and TNOM = 27.000000

Using SPARSE 1.3 as Direct Linear Solver
 Reference value :  1.00000e-02
No. of Data Rows : 4401
Doing analysis at TEMP = 27.000000 and TNOM = 27.000000

Using SPARSE 1.3 as Direct Linear Solver
 Reference value :  1.00000e-02
No. of Data Rows : 4401
dcg                 =  1.42217e+02
f0                  =  9.54668e+04
phx                 =  -1.13359e+02
f180                =  1.83270e+06
gmx                 =  -3.91536e+01
 meas ac f0r when tdb=0 rise=1 failed!

tres                =  -5.05616e-01 at=  1.00577e+05
ROW iload_a=0.0001 ceff_f=3.3e-07 esr_ohm=0.5 vout_v=1.79934 dcgain_db=142.217 f0_hz=95466.8 phase_at_f0_deg=-113.359 f180_hz=1.8327E+06 gain_at_f180_db=-39.1536 f0_rising_hz= resurgence_db=-0.505616
Doing analysis at TEMP = 27.000000 and TNOM = 27.000000

Using SPARSE 1.3 as Direct Linear Solver
 Reference value :  0.00000e+00
No. of Data Rows : 1
Doing analysis at TEMP = 27.000000 and TNOM = 27.000000

Using SPARSE 1.3 as Direct Linear Solver
 Reference value :  1.02920e+06
No. of Data Rows : 4401
Doing analysis at TEMP = 27.000000 and TNOM = 27.000000

Using SPARSE 1.3 as Direct Linear Solver
 Reference value :  1.60325e+04
No. of Data Rows : 4401
dcg                 =  1.42217e+02
f0                  =  3.05579e+04
phx                 =  -1.09292e+02
f180                =  5.27807e+05
gmx                 =  -3.27154e+01
 meas ac f0r when tdb=0 rise=1 failed!

tres                =  -4.33489e-01 at=  3.21736e+04
ROW iload_a=0.0001 ceff_f=1e-06 esr_ohm=0.001 vout_v=1.79934 dcgain_db=142.217 f0_hz=30557.9 phase_at_f0_deg=-109.292 f180_hz=527807 gain_at_f180_db=-32.7154 f0_rising_hz= resurgence_db=-0.433489
Doing analysis at TEMP = 27.000000 and TNOM = 27.000000

Using SPARSE 1.3 as Direct Linear Solver

No. of Data Rows : 1
Doing analysis at TEMP = 27.000000 and TNOM = 27.000000

Using SPARSE 1.3 as Direct Linear Solver
 Reference value :  1.00000e-02
No. of Data Rows : 4401
Doing analysis at TEMP = 27.000000 and TNOM = 27.000000

Using SPARSE 1.3 as Direct Linear Solver
 Reference value :  1.00000e-02
No. of Data Rows : 4401
dcg                 =  1.42217e+02
f0                  =  3.05593e+04
phx                 =  -1.08753e+02
f180                =  7.23727e+05
gmx                 =  -3.78674e+01
 meas ac f0r when tdb=0 rise=1 failed!

tres                =  -4.33064e-01 at=  3.21736e+04
ROW iload_a=0.0001 ceff_f=1e-06 esr_ohm=0.05 vout_v=1.79934 dcgain_db=142.217 f0_hz=30559.3 phase_at_f0_deg=-108.753 f180_hz=723727 gain_at_f180_db=-37.8674 f0_rising_hz= resurgence_db=-0.433064
Doing analysis at TEMP = 27.000000 and TNOM = 27.000000

Using SPARSE 1.3 as Direct Linear Solver
 Reference value :  0.00000e+00
No. of Data Rows : 1
Doing analysis at TEMP = 27.000000 and TNOM = 27.000000

Using SPARSE 1.3 as Direct Linear Solver
 Reference value :  9.66051e+05
No. of Data Rows : 4401
Doing analysis at TEMP = 27.000000 and TNOM = 27.000000

Using SPARSE 1.3 as Direct Linear Solver
 Reference value :  1.75792e+03
No. of Data Rows : 4401
dcg                 =  1.42217e+02
f0                  =  3.05809e+04
phx                 =  -1.07095e+02
f180                =  2.00718e+06
gmx                 =  -4.86729e+01
 meas ac f0r when tdb=0 rise=1 failed!

tres                =  -4.26469e-01 at=  3.21736e+04
ROW iload_a=0.0001 ceff_f=1e-06 esr_ohm=0.2 vout_v=1.79934 dcgain_db=142.217 f0_hz=30580.9 phase_at_f0_deg=-107.095 f180_hz=2.00718E+06 gain_at_f180_db=-48.6729 f0_rising_hz= resurgence_db=-0.426469
Doing analysis at TEMP = 27.000000 and TNOM = 27.000000

Using SPARSE 1.3 as Direct Linear Solver

No. of Data Rows : 1
Doing analysis at TEMP = 27.000000 and TNOM = 27.000000

Using SPARSE 1.3 as Direct Linear Solver
 Reference value :  1.00000e-02
No. of Data Rows : 4401
Doing analysis at TEMP = 27.000000 and TNOM = 27.000000

Using SPARSE 1.3 as Direct Linear Solver
 Reference value :  1.00000e-02
No. of Data Rows : 4401
dcg                 =  1.42217e+02
f0                  =  3.07029e+04
phx                 =  -1.03747e+02
f180                =  2.39994e+06
gmx                 =  -4.36296e+01
 meas ac f0r when tdb=0 rise=1 failed!

tres                =  -4.37148e-01 at=  3.23594e+04
ROW iload_a=0.0001 ceff_f=1e-06 esr_ohm=0.5 vout_v=1.79934 dcgain_db=142.217 f0_hz=30702.9 phase_at_f0_deg=-103.747 f180_hz=2.39994E+06 gain_at_f180_db=-43.6296 f0_rising_hz= resurgence_db=-0.437148
Doing analysis at TEMP = 27.000000 and TNOM = 27.000000

Using SPARSE 1.3 as Direct Linear Solver
 Reference value :  0.00000e+00
No. of Data Rows : 1
Doing analysis at TEMP = 27.000000 and TNOM = 27.000000

Using SPARSE 1.3 as Direct Linear Solver
 Reference value :  1.35675e+04
No. of Data Rows : 4401
Doing analysis at TEMP = 27.000000 and TNOM = 27.000000

Using SPARSE 1.3 as Direct Linear Solver
 Reference value :  1.40443e+00
No. of Data Rows : 4401
dcg                 =  1.42217e+02
f0                  =  8.65510e+03
phx                 =  -1.38182e+02
f180                =  5.37352e+05
gmx                 =  -4.64593e+01
 meas ac f0r when tdb=0 rise=1 failed!

tres                =  -6.96445e-01 at=  9.12011e+03
ROW iload_a=0.0001 ceff_f=4.7e-06 esr_ohm=0.001 vout_v=1.79934 dcgain_db=142.216 f0_hz=8655.09 phase_at_f0_deg=-138.182 f180_hz=537352 gain_at_f180_db=-46.4593 f0_rising_hz= resurgence_db=-0.696445
Doing analysis at TEMP = 27.000000 and TNOM = 27.000000

Using SPARSE 1.3 as Direct Linear Solver
 Reference value :  0.00000e+00
No. of Data Rows : 1
Doing analysis at TEMP = 27.000000 and TNOM = 27.000000

Using SPARSE 1.3 as Direct Linear Solver
 Reference value :  5.15822e+04
No. of Data Rows : 4401
Doing analysis at TEMP = 27.000000 and TNOM = 27.000000

Using SPARSE 1.3 as Direct Linear Solver
 Reference value :  1.28086e+00
No. of Data Rows : 4401
dcg                 =  1.42217e+02
f0                  =  8.65554e+03
phx                 =  -1.37463e+02
f180                =  2.20778e+06
gmx                 =  -6.22825e+01
 meas ac f0r when tdb=0 rise=1 failed!

tres                =  -6.95676e-01 at=  9.12011e+03
ROW iload_a=0.0001 ceff_f=4.7e-06 esr_ohm=0.05 vout_v=1.79934 dcgain_db=142.216 f0_hz=8655.54 phase_at_f0_deg=-137.463 f180_hz=2.20778E+06 gain_at_f180_db=-62.2825 f0_rising_hz= resurgence_db=-0.695676
Doing analysis at TEMP = 27.000000 and TNOM = 27.000000

Using SPARSE 1.3 as Direct Linear Solver
 Reference value :  0.00000e+00
No. of Data Rows : 1
Doing analysis at TEMP = 27.000000 and TNOM = 27.000000

Using SPARSE 1.3 as Direct Linear Solver
 Reference value :  1.38835e+05
No. of Data Rows : 4401
Doing analysis at TEMP = 27.000000 and TNOM = 27.000000

Using SPARSE 1.3 as Direct Linear Solver
 Reference value :  4.95450e+00
No. of Data Rows : 4401
dcg                 =  1.42217e+02
f0                  =  8.66236e+03
phx                 =  -1.35244e+02
f180                =  2.53738e+06
gmx                 =  -5.24467e+01
 meas ac f0r when tdb=0 rise=1 failed!

tres                =  -6.83935e-01 at=  9.12011e+03
ROW iload_a=0.0001 ceff_f=4.7e-06 esr_ohm=0.2 vout_v=1.79934 dcgain_db=142.216 f0_hz=8662.36 phase_at_f0_deg=-135.244 f180_hz=2.53738E+06 gain_at_f180_db=-52.4467 f0_rising_hz= resurgence_db=-0.683935
Doing analysis at TEMP = 27.000000 and TNOM = 27.000000

Using SPARSE 1.3 as Direct Linear Solver
 Reference value :  0.00000e+00
No. of Data Rows : 1
Doing analysis at TEMP = 27.000000 and TNOM = 27.000000

Using SPARSE 1.3 as Direct Linear Solver
 Reference value :  2.67609e+04
No. of Data Rows : 4401
Doing analysis at TEMP = 27.000000 and TNOM = 27.000000

Using SPARSE 1.3 as Direct Linear Solver
 Reference value :  1.18168e+00
No. of Data Rows : 4401
dcg                 =  1.42217e+02
f0                  =  8.70098e+03
phx                 =  -1.30724e+02
f180                =  2.58445e+06
gmx                 =  -4.47698e+01
 meas ac f0r when tdb=0 rise=1 failed!

tres                =  -6.93506e-01 at=  9.17276e+03
ROW iload_a=0.0001 ceff_f=4.7e-06 esr_ohm=0.5 vout_v=1.79934 dcgain_db=142.216 f0_hz=8700.98 phase_at_f0_deg=-130.724 f180_hz=2.58445E+06 gain_at_f180_db=-44.7698 f0_rising_hz= resurgence_db=-0.693506
Doing analysis at TEMP = 27.000000 and TNOM = 27.000000

Using SPARSE 1.3 as Direct Linear Solver

No. of Data Rows : 1
Doing analysis at TEMP = 27.000000 and TNOM = 27.000000

Using SPARSE 1.3 as Direct Linear Solver
 Reference value :  1.00000e-02
No. of Data Rows : 4401
Doing analysis at TEMP = 27.000000 and TNOM = 27.000000

Using SPARSE 1.3 as Direct Linear Solver
 Reference value :  1.00000e-02
No. of Data Rows : 4401
dcg                 =  1.42574e+02
f0                  =  2.71899e+05
phx                 =  -1.28831e+02
f180                =  8.02977e+05
gmx                 =  -1.33694e+01
 meas ac f0r when tdb=0 rise=1 failed!

tres                =  -5.42645e-01 at=  2.86748e+05
ROW iload_a=0.001 ceff_f=3.3e-07 esr_ohm=0.001 vout_v=1.79934 dcgain_db=142.574 f0_hz=271899 phase_at_f0_deg=-128.831 f180_hz=802977 gain_at_f180_db=-13.3694 f0_rising_hz= resurgence_db=-0.542645
Doing analysis at TEMP = 27.000000 and TNOM = 27.000000

Using SPARSE 1.3 as Direct Linear Solver
 Reference value :  0.00000e+00
No. of Data Rows : 1
Doing analysis at TEMP = 27.000000 and TNOM = 27.000000

Using SPARSE 1.3 as Direct Linear Solver
 Reference value :  1.11558e+05
No. of Data Rows : 4401
Doing analysis at TEMP = 27.000000 and TNOM = 27.000000

Using SPARSE 1.3 as Direct Linear Solver
 Reference value :  1.31069e+01
No. of Data Rows : 4401
dcg                 =  1.42574e+02
f0                  =  2.77902e+05
phx                 =  -1.25838e+02
f180                =  8.92456e+05
gmx                 =  -1.43186e+01
 meas ac f0r when tdb=0 rise=1 failed!

tres                =  -5.42786e-01 at=  2.93427e+05
ROW iload_a=0.001 ceff_f=3.3e-07 esr_ohm=0.05 vout_v=1.79934 dcgain_db=142.574 f0_hz=277902 phase_at_f0_deg=-125.838 f180_hz=892456 gain_at_f180_db=-14.3186 f0_rising_hz= resurgence_db=-0.542786
Doing analysis at TEMP = 27.000000 and TNOM = 27.000000

Using SPARSE 1.3 as Direct Linear Solver
 Reference value :  0.00000e+00
No. of Data Rows : 1
Doing analysis at TEMP = 27.000000 and TNOM = 27.000000

Using SPARSE 1.3 as Direct Linear Solver
 Reference value :  1.11558e+06
No. of Data Rows : 4401
Doing analysis at TEMP = 27.000000 and TNOM = 27.000000

Using SPARSE 1.3 as Direct Linear Solver
 Reference value :  6.09537e+02
No. of Data Rows : 4401
dcg                 =  1.42574e+02
f0                  =  2.79417e+05
phx                 =  -1.21045e+02
f180                =  1.19209e+06
gmx                 =  -1.82611e+01
 meas ac f0r when tdb=0 rise=1 failed!

tres                =  -4.83307e-01 at=  2.93427e+05
ROW iload_a=0.001 ceff_f=3.3e-07 esr_ohm=0.2 vout_v=1.79934 dcgain_db=142.574 f0_hz=279417 phase_at_f0_deg=-121.045 f180_hz=1.19209E+06 gain_at_f180_db=-18.2611 f0_rising_hz= resurgence_db=-0.483307
Doing analysis at TEMP = 27.000000 and TNOM = 27.000000

Using SPARSE 1.3 as Direct Linear Solver

No. of Data Rows : 1
Doing analysis at TEMP = 27.000000 and TNOM = 27.000000

Using SPARSE 1.3 as Direct Linear Solver
 Reference value :  1.00000e-02
No. of Data Rows : 4401
Doing analysis at TEMP = 27.000000 and TNOM = 27.000000

Using SPARSE 1.3 as Direct Linear Solver
 Reference value :  1.00000e-02
No. of Data Rows : 4401
dcg                 =  1.42574e+02
f0                  =  2.88324e+05
phx                 =  -1.11988e+02
f180                =  1.84964e+06
gmx                 =  -2.12725e+01
 meas ac f0r when tdb=0 rise=1 failed!

tres                =  -4.86345e-01 at=  3.03739e+05
ROW iload_a=0.001 ceff_f=3.3e-07 esr_ohm=0.5 vout_v=1.79934 dcgain_db=142.574 f0_hz=288324 phase_at_f0_deg=-111.988 f180_hz=1.84964E+06 gain_at_f180_db=-21.2725 f0_rising_hz= resurgence_db=-0.486344
Doing analysis at TEMP = 27.000000 and TNOM = 27.000000

Using SPARSE 1.3 as Direct Linear Solver
 Reference value :  0.00000e+00
No. of Data Rows : 1
Doing analysis at TEMP = 27.000000 and TNOM = 27.000000

Using SPARSE 1.3 as Direct Linear Solver
 Reference value :  3.34965e+04
No. of Data Rows : 4401
Doing analysis at TEMP = 27.000000 and TNOM = 27.000000

Using SPARSE 1.3 as Direct Linear Solver
 Reference value :  4.75883e-01
No. of Data Rows : 4401
dcg                 =  1.42574e+02
f0                  =  9.53864e+04
phx                 =  -1.11813e+02
f180                =  8.05409e+05
gmx                 =  -2.30443e+01
 meas ac f0r when tdb=0 rise=1 failed!

tres                =  -4.59219e-01 at=  1.00577e+05
ROW iload_a=0.001 ceff_f=1e-06 esr_ohm=0.001 vout_v=1.79934 dcgain_db=142.574 f0_hz=95386.4 phase_at_f0_deg=-111.813 f180_hz=805409 gain_at_f180_db=-23.0443 f0_rising_hz= resurgence_db=-0.459219
Doing analysis at TEMP = 27.000000 and TNOM = 27.000000

Using SPARSE 1.3 as Direct Linear Solver
 Reference value :  0.00000e+00
No. of Data Rows : 1
Doing analysis at TEMP = 27.000000 and TNOM = 27.000000

Using SPARSE 1.3 as Direct Linear Solver
 Reference value :  9.06776e+04
No. of Data Rows : 4401
Doing analysis at TEMP = 27.000000 and TNOM = 27.000000

Using SPARSE 1.3 as Direct Linear Solver
 Reference value :  4.14477e+01
No. of Data Rows : 4401
dcg                 =  1.42574e+02
f0                  =  9.62821e+04
phx                 =  -1.09188e+02
f180                =  1.07771e+06
gmx                 =  -2.66017e+01
 meas ac f0r when tdb=0 rise=1 failed!

tres                =  -4.25163e-01 at=  1.01158e+05
ROW iload_a=0.001 ceff_f=1e-06 esr_ohm=0.05 vout_v=1.79934 dcgain_db=142.574 f0_hz=96282.1 phase_at_f0_deg=-109.188 f180_hz=1.07771E+06 gain_at_f180_db=-26.6017 f0_rising_hz= resurgence_db=-0.425163
Doing analysis at TEMP = 27.000000 and TNOM = 27.000000

Using SPARSE 1.3 as Direct Linear Solver
 Reference value :  0.00000e+00
No. of Data Rows : 1
Doing analysis at TEMP = 27.000000 and TNOM = 27.000000

Using SPARSE 1.3 as Direct Linear Solver
 Reference value :  9.44061e+04
No. of Data Rows : 4401
Doing analysis at TEMP = 27.000000 and TNOM = 27.000000

Using SPARSE 1.3 as Direct Linear Solver
 Reference value :  6.27336e+00
No. of Data Rows : 4401
dcg                 =  1.42574e+02
f0                  =  9.69511e+04
phx                 =  -1.03987e+02
f180                =  1.97215e+06
gmx                 =  -3.05016e+01
 meas ac f0r when tdb=0 rise=1 failed!

tres                =  -4.58015e-01 at=  1.02329e+05
ROW iload_a=0.001 ceff_f=1e-06 esr_ohm=0.2 vout_v=1.79934 dcgain_db=142.574 f0_hz=96951.1 phase_at_f0_deg=-103.987 f180_hz=1.97215E+06 gain_at_f180_db=-30.5016 f0_rising_hz= resurgence_db=-0.458015
Doing analysis at TEMP = 27.000000 and TNOM = 27.000000

Using SPARSE 1.3 as Direct Linear Solver
 Reference value :  0.00000e+00
No. of Data Rows : 1
Doing analysis at TEMP = 27.000000 and TNOM = 27.000000

Using SPARSE 1.3 as Direct Linear Solver
 Reference value :  8.46253e+05
No. of Data Rows : 4401
Doing analysis at TEMP = 27.000000 and TNOM = 27.000000

Using SPARSE 1.3 as Direct Linear Solver
 Reference value :  1.62181e+02
No. of Data Rows : 4401
dcg                 =  1.42574e+02
f0                  =  1.00991e+05
phx                 =  -9.34287e+01
f180                =  2.30958e+06
gmx                 =  -2.54783e+01
 meas ac f0r when tdb=0 rise=1 failed!

tres                =  -4.16828e-01 at=  1.06537e+05
ROW iload_a=0.001 ceff_f=1e-06 esr_ohm=0.5 vout_v=1.79934 dcgain_db=142.574 f0_hz=100991 phase_at_f0_deg=-93.4287 f180_hz=2.30958E+06 gain_at_f180_db=-25.4783 f0_rising_hz= resurgence_db=-0.416828
Doing analysis at TEMP = 27.000000 and TNOM = 27.000000

Using SPARSE 1.3 as Direct Linear Solver

No. of Data Rows : 1
Doing analysis at TEMP = 27.000000 and TNOM = 27.000000

Using SPARSE 1.3 as Direct Linear Solver
 Reference value :  1.00000e-02
No. of Data Rows : 4401
Doing analysis at TEMP = 27.000000 and TNOM = 27.000000

Using SPARSE 1.3 as Direct Linear Solver
 Reference value :  1.00000e-02
No. of Data Rows : 4401
dcg                 =  1.42574e+02
f0                  =  2.45562e+04
phx                 =  -1.34434e+02
f180                =  8.19496e+05
gmx                 =  -3.67517e+01
 meas ac f0r when tdb=0 rise=1 failed!

tres                =  -6.44730e-01 at=  2.58523e+04
ROW iload_a=0.001 ceff_f=4.7e-06 esr_ohm=0.001 vout_v=1.79934 dcgain_db=142.574 f0_hz=24556.2 phase_at_f0_deg=-134.434 f180_hz=819496 gain_at_f180_db=-36.7517 f0_rising_hz= resurgence_db=-0.64473
Doing analysis at TEMP = 27.000000 and TNOM = 27.000000

Using SPARSE 1.3 as Direct Linear Solver
 Reference value :  0.00000e+00
No. of Data Rows : 1
Doing analysis at TEMP = 27.000000 and TNOM = 27.000000

Using SPARSE 1.3 as Direct Linear Solver
 Reference value :  1.67880e+05
No. of Data Rows : 4401
Doing analysis at TEMP = 27.000000 and TNOM = 27.000000

Using SPARSE 1.3 as Direct Linear Solver
 Reference value :  7.71792e+01
No. of Data Rows : 4401
dcg                 =  1.42574e+02
f0                  =  2.46194e+04
phx                 =  -1.31903e+02
f180                =  2.06529e+06
gmx                 =  -4.34224e+01
 meas ac f0r when tdb=0 rise=1 failed!

tres                =  -6.10071e-01 at=  2.58523e+04
ROW iload_a=0.001 ceff_f=4.7e-06 esr_ohm=0.05 vout_v=1.79934 dcgain_db=142.574 f0_hz=24619.4 phase_at_f0_deg=-131.903 f180_hz=2.06529E+06 gain_at_f180_db=-43.4224 f0_rising_hz= resurgence_db=-0.610071
Doing analysis at TEMP = 27.000000 and TNOM = 27.000000

Using SPARSE 1.3 as Direct Linear Solver

No. of Data Rows : 1
Doing analysis at TEMP = 27.000000 and TNOM = 27.000000

Using SPARSE 1.3 as Direct Linear Solver
 Reference value :  1.00000e-02
No. of Data Rows : 4401
Doing analysis at TEMP = 27.000000 and TNOM = 27.000000

Using SPARSE 1.3 as Direct Linear Solver
 Reference value :  1.00000e-02
No. of Data Rows : 4401
dcg                 =  1.42574e+02
f0                  =  2.47877e+04
phx                 =  -1.25452e+02
f180                =  2.41279e+06
gmx                 =  -3.41964e+01
 meas ac f0r when tdb=0 rise=1 failed!

tres                =  -6.56384e-01 at=  2.61517e+04
ROW iload_a=0.001 ceff_f=4.7e-06 esr_ohm=0.2 vout_v=1.79934 dcgain_db=142.574 f0_hz=24787.7 phase_at_f0_deg=-125.452 f180_hz=2.41279E+06 gain_at_f180_db=-34.1964 f0_rising_hz= resurgence_db=-0.656385
Doing analysis at TEMP = 27.000000 and TNOM = 27.000000

Using SPARSE 1.3 as Direct Linear Solver
 Reference value :  0.00000e+00
No. of Data Rows : 1
Doing analysis at TEMP = 27.000000 and TNOM = 27.000000

Using SPARSE 1.3 as Direct Linear Solver
 Reference value :  7.89769e+04
No. of Data Rows : 4401
Doing analysis at TEMP = 27.000000 and TNOM = 27.000000

Using SPARSE 1.3 as Direct Linear Solver
 Reference value :  1.10281e+00
No. of Data Rows : 4401
dcg                 =  1.42574e+02
f0                  =  2.57909e+04
phx                 =  -1.11754e+02
f180                =  2.47641e+06
gmx                 =  -2.66864e+01
 meas ac f0r when tdb=0 rise=1 failed!

tres                =  -6.00169e-01 at=  2.72270e+04
ROW iload_a=0.001 ceff_f=4.7e-06 esr_ohm=0.5 vout_v=1.79934 dcgain_db=142.574 f0_hz=25790.9 phase_at_f0_deg=-111.754 f180_hz=2.47641E+06 gain_at_f180_db=-26.6864 f0_rising_hz= resurgence_db=-0.600169
Doing analysis at TEMP = 27.000000 and TNOM = 27.000000

Using SPARSE 1.3 as Direct Linear Solver
 Reference value :  0.00000e+00
No. of Data Rows : 1
Doing analysis at TEMP = 27.000000 and TNOM = 27.000000

Using SPARSE 1.3 as Direct Linear Solver
 Reference value :  8.91251e+02
No. of Data Rows : 4401
Doing analysis at TEMP = 27.000000 and TNOM = 27.000000

Using SPARSE 1.3 as Direct Linear Solver
 Reference value :  1.00000e-02
No. of Data Rows : 4401
dcg                 =  1.40942e+02
f0                  =  5.23751e+05
phx                 =  -1.45555e+02
f180                =  9.49508e+05
gmx                 =  -7.26806e+00
 meas ac f0r when tdb=0 rise=1 failed!

tres                =  -5.81178e-01 at=  5.52713e+05
ROW iload_a=0.01 ceff_f=3.3e-07 esr_ohm=0.001 vout_v=1.79934 dcgain_db=140.942 f0_hz=523751 phase_at_f0_deg=-145.555 f180_hz=949508 gain_at_f180_db=-7.26806 f0_rising_hz= resurgence_db=-0.581178
Doing analysis at TEMP = 27.000000 and TNOM = 27.000000

Using SPARSE 1.3 as Direct Linear Solver
 Reference value :  0.00000e+00
No. of Data Rows : 1
Doing analysis at TEMP = 27.000000 and TNOM = 27.000000

Using SPARSE 1.3 as Direct Linear Solver
 Reference value :  4.00405e+04
No. of Data Rows : 4401
Doing analysis at TEMP = 27.000000 and TNOM = 27.000000

Using SPARSE 1.3 as Direct Linear Solver
 Reference value :  1.57580e-01
No. of Data Rows : 4401
dcg                 =  1.40942e+02
f0                  =  5.24353e+05
phx                 =  -1.42557e+02
f180                =  1.02869e+06
gmx                 =  -8.39162e+00
 meas ac f0r when tdb=0 rise=1 failed!

tres                =  -5.67446e-01 at=  5.52713e+05
ROW iload_a=0.01 ceff_f=3.3e-07 esr_ohm=0.05 vout_v=1.79934 dcgain_db=140.942 f0_hz=524353 phase_at_f0_deg=-142.557 f180_hz=1.02869E+06 gain_at_f180_db=-8.39162 f0_rising_hz= resurgence_db=-0.567446
Doing analysis at TEMP = 27.000000 and TNOM = 27.000000

Using SPARSE 1.3 as Direct Linear Solver
 Reference value :  0.00000e+00
No. of Data Rows : 1
Doing analysis at TEMP = 27.000000 and TNOM = 27.000000

Using SPARSE 1.3 as Direct Linear Solver
 Reference value :  3.89045e+03
No. of Data Rows : 4401
Doing analysis at TEMP = 27.000000 and TNOM = 27.000000

Using SPARSE 1.3 as Direct Linear Solver
 Reference value :  1.00000e-02
No. of Data Rows : 4401
dcg                 =  1.40942e+02
f0                  =  5.33886e+05
phx                 =  -1.33981e+02
f180                =  1.36997e+06
gmx                 =  -1.19552e+01
 meas ac f0r when tdb=0 rise=1 failed!

tres                =  -5.42007e-01 at=  5.62341e+05
ROW iload_a=0.01 ceff_f=3.3e-07 esr_ohm=0.2 vout_v=1.79934 dcgain_db=140.942 f0_hz=533886 phase_at_f0_deg=-133.981 f180_hz=1.36997E+06 gain_at_f180_db=-11.9552 f0_rising_hz= resurgence_db=-0.542007
Doing analysis at TEMP = 27.000000 and TNOM = 27.000000

Using SPARSE 1.3 as Direct Linear Solver
 Reference value :  0.00000e+00
No. of Data Rows : 1
Doing analysis at TEMP = 27.000000 and TNOM = 27.000000

Using SPARSE 1.3 as Direct Linear Solver
 Reference value :  6.41948e+02
No. of Data Rows : 4401
Doing analysis at TEMP = 27.000000 and TNOM = 27.000000

Using SPARSE 1.3 as Direct Linear Solver
 Reference value :  1.00000e-02
No. of Data Rows : 4401
dcg                 =  1.40942e+02
f0                  =  5.93628e+05
phx                 =  -1.20045e+02
f180                =  2.00161e+06
gmx                 =  -1.36922e+01
 meas ac f0r when tdb=0 rise=1 failed!

tres                =  -4.38335e-01 at=  6.23735e+05
ROW iload_a=0.01 ceff_f=3.3e-07 esr_ohm=0.5 vout_v=1.79934 dcgain_db=140.942 f0_hz=593628 phase_at_f0_deg=-120.045 f180_hz=2.00161E+06 gain_at_f180_db=-13.6922 f0_rising_hz= resurgence_db=-0.438335
Doing analysis at TEMP = 27.000000 and TNOM = 27.000000

Using SPARSE 1.3 as Direct Linear Solver
 Reference value :  0.00000e+00
No. of Data Rows : 1
Doing analysis at TEMP = 27.000000 and TNOM = 27.000000

Using SPARSE 1.3 as Direct Linear Solver
 Reference value :  2.00678e+03
No. of Data Rows : 4401
Doing analysis at TEMP = 27.000000 and TNOM = 27.000000

Using SPARSE 1.3 as Direct Linear Solver
 Reference value :  1.00000e-02
No. of Data Rows : 4401
dcg                 =  1.40942e+02
f0                  =  1.95803e+05
phx                 =  -1.22544e+02
f180                =  9.52259e+05
gmx                 =  -1.69329e+01
 meas ac f0r when tdb=0 rise=1 failed!

tres                =  -5.05812e-01 at=  2.06538e+05
ROW iload_a=0.01 ceff_f=1e-06 esr_ohm=0.001 vout_v=1.79934 dcgain_db=140.942 f0_hz=195803 phase_at_f0_deg=-122.544 f180_hz=952259 gain_at_f180_db=-16.9329 f0_rising_hz= resurgence_db=-0.505811
Doing analysis at TEMP = 27.000000 and TNOM = 27.000000

Using SPARSE 1.3 as Direct Linear Solver
 Reference value :  0.00000e+00
No. of Data Rows : 1
Doing analysis at TEMP = 27.000000 and TNOM = 27.000000

Using SPARSE 1.3 as Direct Linear Solver
 Reference value :  2.78612e+03
No. of Data Rows : 4401
Doing analysis at TEMP = 27.000000 and TNOM = 27.000000

Using SPARSE 1.3 as Direct Linear Solver
 Reference value :  1.00000e-02
No. of Data Rows : 4401
dcg                 =  1.40942e+02
f0                  =  1.96127e+05
phx                 =  -1.19100e+02
f180                =  1.24385e+06
gmx                 =  -2.04805e+01
 meas ac f0r when tdb=0 rise=1 failed!

tres                =  -4.88288e-01 at=  2.06538e+05
ROW iload_a=0.01 ceff_f=1e-06 esr_ohm=0.05 vout_v=1.79934 dcgain_db=140.942 f0_hz=196127 phase_at_f0_deg=-119.1 f180_hz=1.24384E+06 gain_at_f180_db=-20.4805 f0_rising_hz= resurgence_db=-0.488288
Doing analysis at TEMP = 27.000000 and TNOM = 27.000000

Using SPARSE 1.3 as Direct Linear Solver
 Reference value :  0.00000e+00
No. of Data Rows : 1
Doing analysis at TEMP = 27.000000 and TNOM = 27.000000

Using SPARSE 1.3 as Direct Linear Solver
 Reference value :  1.27350e+03
No. of Data Rows : 4401
Doing analysis at TEMP = 27.000000 and TNOM = 27.000000

Using SPARSE 1.3 as Direct Linear Solver
 Reference value :  1.00000e-02
No. of Data Rows : 4401
dcg                 =  1.40942e+02
f0                  =  2.01390e+05
phx                 =  -1.08607e+02
f180                =  2.12328e+06
gmx                 =  -2.27607e+01
 meas ac f0r when tdb=0 rise=1 failed!

tres                =  -4.81804e-01 at=  2.12569e+05
ROW iload_a=0.01 ceff_f=1e-06 esr_ohm=0.2 vout_v=1.79934 dcgain_db=140.942 f0_hz=201390 phase_at_f0_deg=-108.607 f180_hz=2.12328E+06 gain_at_f180_db=-22.7607 f0_rising_hz= resurgence_db=-0.481804
Doing analysis at TEMP = 27.000000 and TNOM = 27.000000

Using SPARSE 1.3 as Direct Linear Solver
 Reference value :  0.00000e+00
No. of Data Rows : 1
Doing analysis at TEMP = 27.000000 and TNOM = 27.000000

Using SPARSE 1.3 as Direct Linear Solver
 Reference value :  3.54813e+02
No. of Data Rows : 4401
Doing analysis at TEMP = 27.000000 and TNOM = 27.000000

Using SPARSE 1.3 as Direct Linear Solver
 Reference value :  1.00000e-02
No. of Data Rows : 4401
dcg                 =  1.40942e+02
f0                  =  2.40600e+05
phx                 =  -8.76166e+01
f180                =  2.43603e+06
gmx                 =  -1.74721e+01
 meas ac f0r when tdb=0 rise=1 failed!

tres                =  -3.03580e-01 at=  2.52639e+05
ROW iload_a=0.01 ceff_f=1e-06 esr_ohm=0.5 vout_v=1.79934 dcgain_db=140.942 f0_hz=240600 phase_at_f0_deg=-87.6166 f180_hz=2.43602E+06 gain_at_f180_db=-17.4721 f0_rising_hz= resurgence_db=-0.30358
Doing analysis at TEMP = 27.000000 and TNOM = 27.000000

Using SPARSE 1.3 as Direct Linear Solver
 Reference value :  0.00000e+00
No. of Data Rows : 1
Doing analysis at TEMP = 27.000000 and TNOM = 27.000000

Using SPARSE 1.3 as Direct Linear Solver
 Reference value :  1.57580e+03
No. of Data Rows : 4401
Doing analysis at TEMP = 27.000000 and TNOM = 27.000000

Using SPARSE 1.3 as Direct Linear Solver
 Reference value :  1.00000e-02
No. of Data Rows : 4401
dcg                 =  1.40942e+02
f0                  =  5.43664e+04
phx                 =  -1.34719e+02
f180                =  9.69224e+05
gmx                 =  -3.06243e+01
 meas ac f0r when tdb=0 rise=1 failed!

tres                =  -6.20107e-01 at=  5.72137e+04
ROW iload_a=0.01 ceff_f=4.7e-06 esr_ohm=0.001 vout_v=1.79934 dcgain_db=140.942 f0_hz=54366.4 phase_at_f0_deg=-134.719 f180_hz=969224 gain_at_f180_db=-30.6243 f0_rising_hz= resurgence_db=-0.620107
Doing analysis at TEMP = 27.000000 and TNOM = 27.000000

Using SPARSE 1.3 as Direct Linear Solver
 Reference value :  0.00000e+00
No. of Data Rows : 1
Doing analysis at TEMP = 27.000000 and TNOM = 27.000000

Using SPARSE 1.3 as Direct Linear Solver
 Reference value :  2.96825e+03
No. of Data Rows : 4401
Doing analysis at TEMP = 27.000000 and TNOM = 27.000000

Using SPARSE 1.3 as Direct Linear Solver
 Reference value :  1.17490e-02
No. of Data Rows : 4401
dcg                 =  1.40942e+02
f0                  =  5.44878e+04
phx                 =  -1.30163e+02
f180                =  2.20704e+06
gmx                 =  -3.55477e+01
 meas ac f0r when tdb=0 rise=1 failed!

tres                =  -5.90000e-01 at=  5.72137e+04
ROW iload_a=0.01 ceff_f=4.7e-06 esr_ohm=0.05 vout_v=1.79934 dcgain_db=140.942 f0_hz=54487.8 phase_at_f0_deg=-130.163 f180_hz=2.20704E+06 gain_at_f180_db=-35.5478 f0_rising_hz= resurgence_db=-0.59
Doing analysis at TEMP = 27.000000 and TNOM = 27.000000

Using SPARSE 1.3 as Direct Linear Solver
 Reference value :  0.00000e+00
No. of Data Rows : 1
Doing analysis at TEMP = 27.000000 and TNOM = 27.000000

Using SPARSE 1.3 as Direct Linear Solver
 Reference value :  3.71535e+04
No. of Data Rows : 4401
Doing analysis at TEMP = 27.000000 and TNOM = 27.000000

Using SPARSE 1.3 as Direct Linear Solver
 Reference value :  1.23027e+00
No. of Data Rows : 4401
dcg                 =  1.40942e+02
f0                  =  5.64344e+04
phx                 =  -1.15589e+02
f180                =  2.54336e+06
gmx                 =  -2.61173e+01
 meas ac f0r when tdb=0 rise=1 failed!

tres                =  -5.99194e-01 at=  5.95662e+04
ROW iload_a=0.01 ceff_f=4.7e-06 esr_ohm=0.2 vout_v=1.79934 dcgain_db=140.942 f0_hz=56434.4 phase_at_f0_deg=-115.589 f180_hz=2.54336E+06 gain_at_f180_db=-26.1173 f0_rising_hz= resurgence_db=-0.599194
Doing analysis at TEMP = 27.000000 and TNOM = 27.000000

Using SPARSE 1.3 as Direct Linear Solver
 Reference value :  0.00000e+00
No. of Data Rows : 1
Doing analysis at TEMP = 27.000000 and TNOM = 27.000000

Using SPARSE 1.3 as Direct Linear Solver
 Reference value :  2.38506e+04
No. of Data Rows : 4401
Doing analysis at TEMP = 27.000000 and TNOM = 27.000000

Using SPARSE 1.3 as Direct Linear Solver
 Reference value :  3.29230e-01
No. of Data Rows : 4401
dcg                 =  1.40942e+02
f0                  =  7.17501e+04
phx                 =  -8.27619e+01
f180                =  2.59758e+06
gmx                 =  -1.85968e+01
 meas ac f0r when tdb=0 rise=1 failed!

tres                =  -3.24429e-01 at=  7.54223e+04
ROW iload_a=0.01 ceff_f=4.7e-06 esr_ohm=0.5 vout_v=1.79934 dcgain_db=140.942 f0_hz=71750.1 phase_at_f0_deg=-82.7619 f180_hz=2.59758E+06 gain_at_f180_db=-18.5968 f0_rising_hz= resurgence_db=-0.324429
Doing analysis at TEMP = 27.000000 and TNOM = 27.000000

Using SPARSE 1.3 as Direct Linear Solver
 Reference value :  0.00000e+00
No. of Data Rows : 1
Doing analysis at TEMP = 27.000000 and TNOM = 27.000000

Using SPARSE 1.3 as Direct Linear Solver
 Reference value :  1.88365e+05
No. of Data Rows : 4401
Doing analysis at TEMP = 27.000000 and TNOM = 27.000000

Using SPARSE 1.3 as Direct Linear Solver
 Reference value :  7.03882e+00
No. of Data Rows : 4401
dcg                 =  1.38835e+02
f0                  =  6.45477e+05
phx                 =  -1.58182e+02
f180                =  9.16424e+05
gmx                 =  -4.55000e+00
 meas ac f0r when tdb=0 rise=1 failed!

tres                =  -6.26029e-01 at=  6.79986e+05
ROW iload_a=0.025 ceff_f=3.3e-07 esr_ohm=0.001 vout_v=1.79934 dcgain_db=138.835 f0_hz=645477 phase_at_f0_deg=-158.182 f180_hz=916424 gain_at_f180_db=-4.55 f0_rising_hz= resurgence_db=-0.626029
Doing analysis at TEMP = 27.000000 and TNOM = 27.000000

Using SPARSE 1.3 as Direct Linear Solver

No. of Data Rows : 1
Doing analysis at TEMP = 27.000000 and TNOM = 27.000000

Using SPARSE 1.3 as Direct Linear Solver
 Reference value :  1.00000e-02
No. of Data Rows : 4401
Doing analysis at TEMP = 27.000000 and TNOM = 27.000000

Using SPARSE 1.3 as Direct Linear Solver
 Reference value :  1.00000e-02
No. of Data Rows : 4401
dcg                 =  1.38835e+02
f0                  =  6.46480e+05
phx                 =  -1.54513e+02
f180                =  9.92155e+05
gmx                 =  -5.66530e+00
 meas ac f0r when tdb=0 rise=1 failed!

tres                =  -6.05520e-01 at=  6.79986e+05
ROW iload_a=0.025 ceff_f=3.3e-07 esr_ohm=0.05 vout_v=1.79934 dcgain_db=138.835 f0_hz=646480 phase_at_f0_deg=-154.513 f180_hz=992155 gain_at_f180_db=-5.6653 f0_rising_hz= resurgence_db=-0.60552
Doing analysis at TEMP = 27.000000 and TNOM = 27.000000

Using SPARSE 1.3 as Direct Linear Solver
 Reference value :  0.00000e+00
No. of Data Rows : 1
Doing analysis at TEMP = 27.000000 and TNOM = 27.000000

Using SPARSE 1.3 as Direct Linear Solver
 Reference value :  2.27772e+05
No. of Data Rows : 4401
Doing analysis at TEMP = 27.000000 and TNOM = 27.000000

Using SPARSE 1.3 as Direct Linear Solver
 Reference value :  2.34423e+02
No. of Data Rows : 4401
dcg                 =  1.38835e+02
f0                  =  6.62550e+05
phx                 =  -1.44336e+02
f180                =  1.31937e+06
gmx                 =  -9.23962e+00
 meas ac f0r when tdb=0 rise=1 failed!

tres                =  -5.64431e-01 at=  6.95825e+05
ROW iload_a=0.025 ceff_f=3.3e-07 esr_ohm=0.2 vout_v=1.79934 dcgain_db=138.835 f0_hz=662550 phase_at_f0_deg=-144.336 f180_hz=1.31938E+06 gain_at_f180_db=-9.23962 f0_rising_hz= resurgence_db=-0.564431
Doing analysis at TEMP = 27.000000 and TNOM = 27.000000

Using SPARSE 1.3 as Direct Linear Solver

No. of Data Rows : 1
Doing analysis at TEMP = 27.000000 and TNOM = 27.000000

Using SPARSE 1.3 as Direct Linear Solver
 Reference value :  1.00000e-02
No. of Data Rows : 4401
Doing analysis at TEMP = 27.000000 and TNOM = 27.000000

Using SPARSE 1.3 as Direct Linear Solver
 Reference value :  1.00000e-02
No. of Data Rows : 4401
dcg                 =  1.38835e+02
f0                  =  7.65638e+05
phx                 =  -1.29781e+02
f180                =  1.94881e+06
gmx                 =  -1.11526e+01
 meas ac f0r when tdb=0 rise=1 failed!

tres                =  -5.20215e-01 at=  8.08165e+05
ROW iload_a=0.025 ceff_f=3.3e-07 esr_ohm=0.5 vout_v=1.79934 dcgain_db=138.835 f0_hz=765638 phase_at_f0_deg=-129.781 f180_hz=1.94881E+06 gain_at_f180_db=-11.1526 f0_rising_hz= resurgence_db=-0.520215
Doing analysis at TEMP = 27.000000 and TNOM = 27.000000

Using SPARSE 1.3 as Direct Linear Solver
 Reference value :  0.00000e+00
No. of Data Rows : 1
Doing analysis at TEMP = 27.000000 and TNOM = 27.000000

Using SPARSE 1.3 as Direct Linear Solver
 Reference value :  1.34896e+05
No. of Data Rows : 4401
Doing analysis at TEMP = 27.000000 and TNOM = 27.000000

Using SPARSE 1.3 as Direct Linear Solver
 Reference value :  1.06537e+01
No. of Data Rows : 4401
dcg                 =  1.38835e+02
f0                  =  2.55507e+05
phx                 =  -1.27742e+02
f180                =  9.18680e+05
gmx                 =  -1.42055e+01
 meas ac f0r when tdb=0 rise=1 failed!

tres                =  -5.02897e-01 at=  2.69153e+05
ROW iload_a=0.025 ceff_f=1e-06 esr_ohm=0.001 vout_v=1.79934 dcgain_db=138.835 f0_hz=255507 phase_at_f0_deg=-127.742 f180_hz=918680 gain_at_f180_db=-14.2055 f0_rising_hz= resurgence_db=-0.502897
Doing analysis at TEMP = 27.000000 and TNOM = 27.000000

Using SPARSE 1.3 as Direct Linear Solver
 Reference value :  0.00000e+00
No. of Data Rows : 1
Doing analysis at TEMP = 27.000000 and TNOM = 27.000000

Using SPARSE 1.3 as Direct Linear Solver
 Reference value :  2.88403e+05
No. of Data Rows : 4401
Doing analysis at TEMP = 27.000000 and TNOM = 27.000000

Using SPARSE 1.3 as Direct Linear Solver
 Reference value :  2.38506e+01
No. of Data Rows : 4401
dcg                 =  1.38835e+02
f0                  =  2.56214e+05
phx                 =  -1.23273e+02
f180                =  1.19766e+06
gmx                 =  -1.77409e+01
 meas ac f0r when tdb=0 rise=1 failed!

tres                =  -4.73326e-01 at=  2.69153e+05
ROW iload_a=0.025 ceff_f=1e-06 esr_ohm=0.05 vout_v=1.79934 dcgain_db=138.835 f0_hz=256214 phase_at_f0_deg=-123.273 f180_hz=1.19766E+06 gain_at_f180_db=-17.7409 f0_rising_hz= resurgence_db=-0.473326
Doing analysis at TEMP = 27.000000 and TNOM = 27.000000

Using SPARSE 1.3 as Direct Linear Solver

No. of Data Rows : 1
Doing analysis at TEMP = 27.000000 and TNOM = 27.000000

Using SPARSE 1.3 as Direct Linear Solver
 Reference value :  1.00000e-02
No. of Data Rows : 4401
Doing analysis at TEMP = 27.000000 and TNOM = 27.000000

Using SPARSE 1.3 as Direct Linear Solver
 Reference value :  1.00000e-02
No. of Data Rows : 4401
dcg                 =  1.38835e+02
f0                  =  2.67992e+05
phx                 =  -1.09955e+02
f180                =  2.06394e+06
gmx                 =  -2.02350e+01
 meas ac f0r when tdb=0 rise=1 failed!

tres                =  -4.41289e-01 at=  2.81838e+05
ROW iload_a=0.025 ceff_f=1e-06 esr_ohm=0.2 vout_v=1.79934 dcgain_db=138.835 f0_hz=267992 phase_at_f0_deg=-109.955 f180_hz=2.06394E+06 gain_at_f180_db=-20.235 f0_rising_hz= resurgence_db=-0.441289
Doing analysis at TEMP = 27.000000 and TNOM = 27.000000

Using SPARSE 1.3 as Direct Linear Solver
 Reference value :  0.00000e+00
No. of Data Rows : 1
Doing analysis at TEMP = 27.000000 and TNOM = 27.000000

Using SPARSE 1.3 as Direct Linear Solver
 Reference value :  6.45654e+05
No. of Data Rows : 4401
Doing analysis at TEMP = 27.000000 and TNOM = 27.000000

Using SPARSE 1.3 as Direct Linear Solver
 Reference value :  8.60994e+01
No. of Data Rows : 4401
dcg                 =  1.38835e+02
f0                  =  3.75581e+05
phx                 =  -8.64244e+01
f180                =  2.38269e+06
gmx                 =  -1.49793e+01
 meas ac f0r when tdb=0 rise=1 failed!

tres                =  -2.58343e-01 at=  3.95822e+05
ROW iload_a=0.025 ceff_f=1e-06 esr_ohm=0.5 vout_v=1.79934 dcgain_db=138.835 f0_hz=375580 phase_at_f0_deg=-86.4244 f180_hz=2.38269E+06 gain_at_f180_db=-14.9793 f0_rising_hz= resurgence_db=-0.258343
Doing analysis at TEMP = 27.000000 and TNOM = 27.000000

Using SPARSE 1.3 as Direct Linear Solver

No. of Data Rows : 1
Doing analysis at TEMP = 27.000000 and TNOM = 27.000000

Using SPARSE 1.3 as Direct Linear Solver
 Reference value :  1.00000e-02
No. of Data Rows : 4401
Doing analysis at TEMP = 27.000000 and TNOM = 27.000000

Using SPARSE 1.3 as Direct Linear Solver
 Reference value :  1.00000e-02
No. of Data Rows : 4401
dcg                 =  1.38835e+02
f0                  =  6.96769e+04
phx                 =  -1.32966e+02
f180                =  9.34754e+05
gmx                 =  -2.78906e+01
 meas ac f0r when tdb=0 rise=1 failed!

tres                =  -5.92369e-01 at=  7.32825e+04
ROW iload_a=0.025 ceff_f=4.7e-06 esr_ohm=0.001 vout_v=1.79934 dcgain_db=138.835 f0_hz=69676.9 phase_at_f0_deg=-132.966 f180_hz=934754 gain_at_f180_db=-27.8906 f0_rising_hz= resurgence_db=-0.592369
Doing analysis at TEMP = 27.000000 and TNOM = 27.000000

Using SPARSE 1.3 as Direct Linear Solver
 Reference value :  0.00000e+00
No. of Data Rows : 1
Doing analysis at TEMP = 27.000000 and TNOM = 27.000000

Using SPARSE 1.3 as Direct Linear Solver
 Reference value :  4.51856e+04
No. of Data Rows : 4401
Doing analysis at TEMP = 27.000000 and TNOM = 27.000000

Using SPARSE 1.3 as Direct Linear Solver
 Reference value :  1.48765e+00
No. of Data Rows : 4401
dcg                 =  1.38835e+02
f0                  =  6.99401e+04
phx                 =  -1.27120e+02
f180                =  2.14708e+06
gmx                 =  -3.30262e+01
 meas ac f0r when tdb=0 rise=1 failed!

tres                =  -6.09797e-01 at=  7.37055e+04
ROW iload_a=0.025 ceff_f=4.7e-06 esr_ohm=0.05 vout_v=1.79934 dcgain_db=138.835 f0_hz=69940.1 phase_at_f0_deg=-127.12 f180_hz=2.14708E+06 gain_at_f180_db=-33.0262 f0_rising_hz= resurgence_db=-0.609797
Doing analysis at TEMP = 27.000000 and TNOM = 27.000000

Using SPARSE 1.3 as Direct Linear Solver
 Reference value :  0.00000e+00
No. of Data Rows : 1
Doing analysis at TEMP = 27.000000 and TNOM = 27.000000

Using SPARSE 1.3 as Direct Linear Solver
 Reference value :  7.58578e+03
No. of Data Rows : 4401
Doing analysis at TEMP = 27.000000 and TNOM = 27.000000

Using SPARSE 1.3 as Direct Linear Solver
 Reference value :  1.35675e-01
No. of Data Rows : 4401
dcg                 =  1.38835e+02
f0                  =  7.43439e+04
phx                 =  -1.08252e+02
f180                =  2.48261e+06
gmx                 =  -2.36297e+01
 meas ac f0r when tdb=0 rise=1 failed!

tres                =  -4.93077e-01 at=  7.80728e+04
ROW iload_a=0.025 ceff_f=4.7e-06 esr_ohm=0.2 vout_v=1.79934 dcgain_db=138.835 f0_hz=74343.9 phase_at_f0_deg=-108.252 f180_hz=2.48261E+06 gain_at_f180_db=-23.6297 f0_rising_hz= resurgence_db=-0.493077
Doing analysis at TEMP = 27.000000 and TNOM = 27.000000

Using SPARSE 1.3 as Direct Linear Solver
 Reference value :  0.00000e+00
No. of Data Rows : 1
Doing analysis at TEMP = 27.000000 and TNOM = 27.000000

Using SPARSE 1.3 as Direct Linear Solver
 Reference value :  2.72270e+04
No. of Data Rows : 4401
Doing analysis at TEMP = 27.000000 and TNOM = 27.000000

Using SPARSE 1.3 as Direct Linear Solver
 Reference value :  1.46218e+00
No. of Data Rows : 4401
dcg                 =  1.38835e+02
f0                  =  1.25389e+05
phx                 =  -6.39588e+01
f180                =  2.54331e+06
gmx                 =  -1.61046e+01
 meas ac f0r when tdb=0 rise=1 failed!

tres                =  -1.70716e-01 at=  1.31826e+05
ROW iload_a=0.025 ceff_f=4.7e-06 esr_ohm=0.5 vout_v=1.79934 dcgain_db=138.835 f0_hz=125389 phase_at_f0_deg=-63.9588 f180_hz=2.54331E+06 gain_at_f180_db=-16.1046 f0_rising_hz= resurgence_db=-0.170716
Doing analysis at TEMP = 27.000000 and TNOM = 27.000000

Using SPARSE 1.3 as Direct Linear Solver
 Reference value :  0.00000e+00
No. of Data Rows : 1
Doing analysis at TEMP = 27.000000 and TNOM = 27.000000

Using SPARSE 1.3 as Direct Linear Solver
 Reference value :  8.46253e+03
No. of Data Rows : 4401
Doing analysis at TEMP = 27.000000 and TNOM = 27.000000

Using SPARSE 1.3 as Direct Linear Solver
 Reference value :  6.06038e-02
No. of Data Rows : 4401
dcg                 =  1.36259e+02
f0                  =  7.45345e+05
phx                 =  -1.67431e+02
f180                =  9.02281e+05
gmx                 =  -2.57646e+00
 meas ac f0r when tdb=0 rise=1 failed!

tres                =  -6.76671e-01 at=  7.85236e+05
ROW iload_a=0.05 ceff_f=3.3e-07 esr_ohm=0.001 vout_v=1.79934 dcgain_db=136.259 f0_hz=745345 phase_at_f0_deg=-167.431 f180_hz=902281 gain_at_f180_db=-2.57646 f0_rising_hz= resurgence_db=-0.676671
Doing analysis at TEMP = 27.000000 and TNOM = 27.000000

Using SPARSE 1.3 as Direct Linear Solver
 Reference value :  0.00000e+00
No. of Data Rows : 1
Doing analysis at TEMP = 27.000000 and TNOM = 27.000000

Using SPARSE 1.3 as Direct Linear Solver
 Reference value :  1.02329e+04
No. of Data Rows : 4401
Doing analysis at TEMP = 27.000000 and TNOM = 27.000000

Using SPARSE 1.3 as Direct Linear Solver
 Reference value :  3.48739e-02
No. of Data Rows : 4401
dcg                 =  1.36259e+02
f0                  =  7.46667e+05
phx                 =  -1.63208e+02
f180                =  9.75902e+05
gmx                 =  -3.67725e+00
 meas ac f0r when tdb=0 rise=1 failed!

tres                =  -6.51328e-01 at=  7.85236e+05
ROW iload_a=0.05 ceff_f=3.3e-07 esr_ohm=0.05 vout_v=1.79934 dcgain_db=136.259 f0_hz=746666 phase_at_f0_deg=-163.208 f180_hz=975902 gain_at_f180_db=-3.67725 f0_rising_hz= resurgence_db=-0.651328
Doing analysis at TEMP = 27.000000 and TNOM = 27.000000

Using SPARSE 1.3 as Direct Linear Solver
 Reference value :  0.00000e+00
No. of Data Rows : 1
Doing analysis at TEMP = 27.000000 and TNOM = 27.000000

Using SPARSE 1.3 as Direct Linear Solver
 Reference value :  2.77013e+04
No. of Data Rows : 4401
Doing analysis at TEMP = 27.000000 and TNOM = 27.000000

Using SPARSE 1.3 as Direct Linear Solver
 Reference value :  5.99101e-01
No. of Data Rows : 4401
dcg                 =  1.36259e+02
f0                  =  7.69590e+05
phx                 =  -1.51840e+02
f180                =  1.29216e+06
gmx                 =  -7.18977e+00
 meas ac f0r when tdb=0 rise=1 failed!

tres                =  -6.04023e-01 at=  8.08165e+05
ROW iload_a=0.05 ceff_f=3.3e-07 esr_ohm=0.2 vout_v=1.79934 dcgain_db=136.259 f0_hz=769590 phase_at_f0_deg=-151.84 f180_hz=1.29216E+06 gain_at_f180_db=-7.18977 f0_rising_hz= resurgence_db=-0.604023
Doing analysis at TEMP = 27.000000 and TNOM = 27.000000

Using SPARSE 1.3 as Direct Linear Solver
 Reference value :  0.00000e+00
No. of Data Rows : 1
Doing analysis at TEMP = 27.000000 and TNOM = 27.000000

Using SPARSE 1.3 as Direct Linear Solver
 Reference value :  7.12033e+03
No. of Data Rows : 4401
Doing analysis at TEMP = 27.000000 and TNOM = 27.000000

Using SPARSE 1.3 as Direct Linear Solver
 Reference value :  1.33352e-01
No. of Data Rows : 4401
dcg                 =  1.36259e+02
f0                  =  9.14150e+05
phx                 =  -1.37684e+02
f180                =  1.90635e+06
gmx                 =  -9.12518e+00
 meas ac f0r when tdb=0 rise=1 failed!

tres                =  -5.10793e-01 at=  9.60506e+05
ROW iload_a=0.05 ceff_f=3.3e-07 esr_ohm=0.5 vout_v=1.79934 dcgain_db=136.259 f0_hz=914150 phase_at_f0_deg=-137.684 f180_hz=1.90635E+06 gain_at_f180_db=-9.12518 f0_rising_hz= resurgence_db=-0.510793
Doing analysis at TEMP = 27.000000 and TNOM = 27.000000

Using SPARSE 1.3 as Direct Linear Solver
 Reference value :  0.00000e+00
No. of Data Rows : 1
Doing analysis at TEMP = 27.000000 and TNOM = 27.000000

Using SPARSE 1.3 as Direct Linear Solver
 Reference value :  1.02329e+04
No. of Data Rows : 4401
Doing analysis at TEMP = 27.000000 and TNOM = 27.000000

Using SPARSE 1.3 as Direct Linear Solver
 Reference value :  2.29087e-01
No. of Data Rows : 4401
dcg                 =  1.36259e+02
f0                  =  3.08357e+05
phx                 =  -1.31957e+02
f180                =  9.03846e+05
gmx                 =  -1.22185e+01
 meas ac f0r when tdb=0 rise=1 failed!

tres                =  -5.32103e-01 at=  3.25462e+05
ROW iload_a=0.05 ceff_f=1e-06 esr_ohm=0.001 vout_v=1.79934 dcgain_db=136.259 f0_hz=308357 phase_at_f0_deg=-131.957 f180_hz=903846 gain_at_f180_db=-12.2185 f0_rising_hz= resurgence_db=-0.532103
Doing analysis at TEMP = 27.000000 and TNOM = 27.000000

Using SPARSE 1.3 as Direct Linear Solver
 Reference value :  0.00000e+00
No. of Data Rows : 1
Doing analysis at TEMP = 27.000000 and TNOM = 27.000000

Using SPARSE 1.3 as Direct Linear Solver
 Reference value :  9.27897e+03
No. of Data Rows : 4401
Doing analysis at TEMP = 27.000000 and TNOM = 27.000000

Using SPARSE 1.3 as Direct Linear Solver
 Reference value :  3.44747e-02
No. of Data Rows : 4401
dcg                 =  1.36259e+02
f0                  =  3.09550e+05
phx                 =  -1.26598e+02
f180                =  1.17413e+06
gmx                 =  -1.56978e+01
 meas ac f0r when tdb=0 rise=1 failed!

tres                =  -4.89859e-01 at=  3.25462e+05
ROW iload_a=0.05 ceff_f=1e-06 esr_ohm=0.05 vout_v=1.79934 dcgain_db=136.259 f0_hz=309550 phase_at_f0_deg=-126.598 f180_hz=1.17413E+06 gain_at_f180_db=-15.6978 f0_rising_hz= resurgence_db=-0.489859
Doing analysis at TEMP = 27.000000 and TNOM = 27.000000

Using SPARSE 1.3 as Direct Linear Solver
 Reference value :  0.00000e+00
No. of Data Rows : 1
Doing analysis at TEMP = 27.000000 and TNOM = 27.000000

Using SPARSE 1.3 as Direct Linear Solver
 Reference value :  1.05317e+04
No. of Data Rows : 4401
Doing analysis at TEMP = 27.000000 and TNOM = 27.000000

Using SPARSE 1.3 as Direct Linear Solver
 Reference value :  2.51189e-02
No. of Data Rows : 4401
dcg                 =  1.36259e+02
f0                  =  3.30399e+05
phx                 =  -1.11085e+02
f180                =  2.02015e+06
gmx                 =  -1.82054e+01
 meas ac f0r when tdb=0 rise=1 failed!

tres                =  -4.64526e-01 at=  3.48739e+05
ROW iload_a=0.05 ceff_f=1e-06 esr_ohm=0.2 vout_v=1.79934 dcgain_db=136.259 f0_hz=330399 phase_at_f0_deg=-111.085 f180_hz=2.02015E+06 gain_at_f180_db=-18.2054 f0_rising_hz= resurgence_db=-0.464526
Doing analysis at TEMP = 27.000000 and TNOM = 27.000000

Using SPARSE 1.3 as Direct Linear Solver
 Reference value :  0.00000e+00
No. of Data Rows : 1
Doing analysis at TEMP = 27.000000 and TNOM = 27.000000

Using SPARSE 1.3 as Direct Linear Solver
 Reference value :  7.76247e+03
No. of Data Rows : 4401
Doing analysis at TEMP = 27.000000 and TNOM = 27.000000

Using SPARSE 1.3 as Direct Linear Solver
 Reference value :  7.80728e-02
No. of Data Rows : 4401
dcg                 =  1.36259e+02
f0                  =  5.48797e+05
phx                 =  -9.13774e+01
f180                =  2.33475e+06
gmx                 =  -1.29697e+01
 meas ac f0r when tdb=0 rise=1 failed!

tres                =  -2.49947e-01 at=  5.78762e+05
ROW iload_a=0.05 ceff_f=1e-06 esr_ohm=0.5 vout_v=1.79934 dcgain_db=136.259 f0_hz=548797 phase_at_f0_deg=-91.3774 f180_hz=2.33475E+06 gain_at_f180_db=-12.9697 f0_rising_hz= resurgence_db=-0.249947
Doing analysis at TEMP = 27.000000 and TNOM = 27.000000

Using SPARSE 1.3 as Direct Linear Solver
 Reference value :  0.00000e+00
No. of Data Rows : 1
Doing analysis at TEMP = 27.000000 and TNOM = 27.000000

Using SPARSE 1.3 as Direct Linear Solver
 Reference value :  2.31739e+04
No. of Data Rows : 4401
Doing analysis at TEMP = 27.000000 and TNOM = 27.000000

Using SPARSE 1.3 as Direct Linear Solver
 Reference value :  2.72270e-01
No. of Data Rows : 4401
dcg                 =  1.36259e+02
f0                  =  8.26518e+04
phx                 =  -1.31343e+02
f180                =  9.19226e+05
gmx                 =  -2.58944e+01
 meas ac f0r when tdb=0 rise=1 failed!

tres                =  -5.96531e-01 at=  8.70964e+04
ROW iload_a=0.05 ceff_f=4.7e-06 esr_ohm=0.001 vout_v=1.79934 dcgain_db=136.259 f0_hz=82651.8 phase_at_f0_deg=-131.343 f180_hz=919226 gain_at_f180_db=-25.8944 f0_rising_hz= resurgence_db=-0.596531
Doing analysis at TEMP = 27.000000 and TNOM = 27.000000

Using SPARSE 1.3 as Direct Linear Solver
 Reference value :  0.00000e+00
No. of Data Rows : 1
Doing analysis at TEMP = 27.000000 and TNOM = 27.000000

Using SPARSE 1.3 as Direct Linear Solver
 Reference value :  1.00577e+04
No. of Data Rows : 4401
Doing analysis at TEMP = 27.000000 and TNOM = 27.000000

Using SPARSE 1.3 as Direct Linear Solver
 Reference value :  1.52230e-01
No. of Data Rows : 4401
dcg                 =  1.36259e+02
f0                  =  8.31009e+04
phx                 =  -1.24407e+02
f180                =  2.10241e+06
gmx                 =  -3.10012e+01
 meas ac f0r when tdb=0 rise=1 failed!

tres                =  -5.92371e-01 at=  8.75992e+04
ROW iload_a=0.05 ceff_f=4.7e-06 esr_ohm=0.05 vout_v=1.79934 dcgain_db=136.259 f0_hz=83100.9 phase_at_f0_deg=-124.407 f180_hz=2.10241E+06 gain_at_f180_db=-31.0012 f0_rising_hz= resurgence_db=-0.592371
Doing analysis at TEMP = 27.000000 and TNOM = 27.000000

Using SPARSE 1.3 as Direct Linear Solver
 Reference value :  0.00000e+00
No. of Data Rows : 1
Doing analysis at TEMP = 27.000000 and TNOM = 27.000000

Using SPARSE 1.3 as Direct Linear Solver
 Reference value :  2.81838e+04
No. of Data Rows : 4401
Doing analysis at TEMP = 27.000000 and TNOM = 27.000000

Using SPARSE 1.3 as Direct Linear Solver
 Reference value :  5.04081e-01
No. of Data Rows : 4401
dcg                 =  1.36259e+02
f0                  =  9.10180e+04
phx                 =  -1.01831e+02
f180                =  2.43412e+06
gmx                 =  -2.16133e+01
 meas ac f0r when tdb=0 rise=1 failed!

tres                =  -4.88657e-01 at=  9.60506e+04
ROW iload_a=0.05 ceff_f=4.7e-06 esr_ohm=0.2 vout_v=1.79934 dcgain_db=136.259 f0_hz=91018 phase_at_f0_deg=-101.831 f180_hz=2.43412E+06 gain_at_f180_db=-21.6133 f0_rising_hz= resurgence_db=-0.488657
Doing analysis at TEMP = 27.000000 and TNOM = 27.000000

Using SPARSE 1.3 as Direct Linear Solver
 Reference value :  0.00000e+00
No. of Data Rows : 1
Doing analysis at TEMP = 27.000000 and TNOM = 27.000000

Using SPARSE 1.3 as Direct Linear Solver
 Reference value :  1.38835e+04
No. of Data Rows : 4401
Doing analysis at TEMP = 27.000000 and TNOM = 27.000000

Using SPARSE 1.3 as Direct Linear Solver
 Reference value :  8.36566e-01
No. of Data Rows : 4401
dcg                 =  1.36259e+02
f0                  =  2.89978e+05
phx                 =  -5.41308e+01
f180                =  2.49327e+06
gmx                 =  -1.40928e+01
 meas ac f0r when tdb=0 rise=1 failed!

tres                =  -8.00071e-02 at=  3.05492e+05
ROW iload_a=0.05 ceff_f=4.7e-06 esr_ohm=0.5 vout_v=1.79934 dcgain_db=136.259 f0_hz=289978 phase_at_f0_deg=-54.1308 f180_hz=2.49327E+06 gain_at_f180_db=-14.0928 f0_rising_hz= resurgence_db=-0.0800071
* SWEEP COMPLETE ff_27c_2.97v
Note: Simulation executed from .control section 
Warning: m=xx on .subckt line will override multiplier m hierarchy!

Note: Starting dynamic gmin stepping
Note: Dynamic gmin stepping completed
Note: Starting dynamic gmin stepping
Note: Dynamic gmin stepping completed
Note: Starting dynamic gmin stepping
Note: Dynamic gmin stepping completed

Error: measure  f0r  when(WHEN) : out of interval
Error: &f0r: no such variable.
Note: Starting dynamic gmin stepping
Note: Dynamic gmin stepping completed
Note: Starting dynamic gmin stepping
Note: Dynamic gmin stepping completed
Note: Starting dynamic gmin stepping
Note: Dynamic gmin stepping completed

Error: measure  f0r  when(WHEN) : out of interval
Error: &f0r: no such variable.
Note: Starting dynamic gmin stepping
Note: Dynamic gmin stepping completed
Note: Starting dynamic gmin stepping
Note: Dynamic gmin stepping completed
Note: Starting dynamic gmin stepping
Note: Dynamic gmin stepping completed

Error: measure  f0r  when(WHEN) : out of interval
Error: &f0r: no such variable.
Note: Starting dynamic gmin stepping
Note: Dynamic gmin stepping completed
Note: Starting dynamic gmin stepping
Note: Dynamic gmin stepping completed
Note: Starting dynamic gmin stepping
Note: Dynamic gmin stepping completed

Error: measure  f0r  when(WHEN) : out of interval
Error: &f0r: no such variable.
Note: Starting dynamic gmin stepping
Note: Dynamic gmin stepping completed
Note: Starting dynamic gmin stepping
Note: Dynamic gmin stepping completed
Note: Starting dynamic gmin stepping
Note: Dynamic gmin stepping completed

Error: measure  f0r  when(WHEN) : out of interval
Error: &f0r: no such variable.
Note: Starting dynamic gmin stepping
Note: Dynamic gmin stepping completed
Note: Starting dynamic gmin stepping
Note: Dynamic gmin stepping completed
Note: Starting dynamic gmin stepping
Note: Dynamic gmin stepping completed

Error: measure  f0r  when(WHEN) : out of interval
Error: &f0r: no such variable.
Note: Starting dynamic gmin stepping
Note: Dynamic gmin stepping completed
Note: Starting dynamic gmin stepping
Note: Dynamic gmin stepping completed
Note: Starting dynamic gmin stepping
Note: Dynamic gmin stepping completed

Error: measure  f0r  when(WHEN) : out of interval
Error: &f0r: no such variable.
Note: Starting dynamic gmin stepping
Note: Dynamic gmin stepping completed
Note: Starting dynamic gmin stepping
Note: Dynamic gmin stepping completed
Note: Starting dynamic gmin stepping
Note: Dynamic gmin stepping completed

Error: measure  f0r  when(WHEN) : out of interval
Error: &f0r: no such variable.
Note: Starting dynamic gmin stepping
Note: Dynamic gmin stepping completed
Note: Starting dynamic gmin stepping
Note: Dynamic gmin stepping completed
Note: Starting dynamic gmin stepping
Note: Dynamic gmin stepping completed

Error: measure  f0r  when(WHEN) : out of interval
Error: &f0r: no such variable.
Note: Starting dynamic gmin stepping
Note: Dynamic gmin stepping completed
Note: Starting dynamic gmin stepping
Note: Dynamic gmin stepping completed
Note: Starting dynamic gmin stepping
Note: Dynamic gmin stepping completed

Error: measure  f0r  when(WHEN) : out of interval
Error: &f0r: no such variable.
Note: Starting dynamic gmin stepping
Note: Dynamic gmin stepping completed
Note: Starting dynamic gmin stepping
Note: Dynamic gmin stepping completed
Note: Starting dynamic gmin stepping
Note: Dynamic gmin stepping completed

Error: measure  f0r  when(WHEN) : out of interval
Error: &f0r: no such variable.
Note: Starting dynamic gmin stepping
Note: Dynamic gmin stepping completed
Note: Starting dynamic gmin stepping
Note: Dynamic gmin stepping completed
Note: Starting dynamic gmin stepping
Note: Dynamic gmin stepping completed

Error: measure  f0r  when(WHEN) : out of interval
Error: &f0r: no such variable.
Note: Starting dynamic gmin stepping
Note: Dynamic gmin stepping completed
Note: Starting dynamic gmin stepping
Note: Dynamic gmin stepping completed
Note: Starting dynamic gmin stepping
Note: Dynamic gmin stepping completed

Error: measure  f0r  when(WHEN) : out of interval
Error: &f0r: no such variable.
Note: Starting dynamic gmin stepping
Note: Dynamic gmin stepping completed
Note: Starting dynamic gmin stepping
Note: Dynamic gmin stepping completed
Note: Starting dynamic gmin stepping
Note: Dynamic gmin stepping completed

Error: measure  f0r  when(WHEN) : out of interval
Error: &f0r: no such variable.
Note: Starting dynamic gmin stepping
Note: Dynamic gmin stepping completed
Note: Starting dynamic gmin stepping
Note: Dynamic gmin stepping completed
Note: Starting dynamic gmin stepping
Note: Dynamic gmin stepping completed

Error: measure  f0r  when(WHEN) : out of interval
Error: &f0r: no such variable.
Note: Starting dynamic gmin stepping
Note: Dynamic gmin stepping completed
Note: Starting dynamic gmin stepping
Note: Dynamic gmin stepping completed
Note: Starting dynamic gmin stepping
Note: Dynamic gmin stepping completed

Error: measure  f0r  when(WHEN) : out of interval
Error: &f0r: no such variable.
Note: Starting dynamic gmin stepping
Note: Dynamic gmin stepping completed
Note: Starting dynamic gmin stepping
Note: Dynamic gmin stepping completed
Note: Starting dynamic gmin stepping
Note: Dynamic gmin stepping completed

Error: measure  f0r  when(WHEN) : out of interval
Error: &f0r: no such variable.
Note: Starting dynamic gmin stepping
Note: Dynamic gmin stepping completed
Note: Starting dynamic gmin stepping
Note: Dynamic gmin stepping completed
Note: Starting dynamic gmin stepping
Note: Dynamic gmin stepping completed

Error: measure  f0r  when(WHEN) : out of interval
Error: &f0r: no such variable.
Note: Starting dynamic gmin stepping
Note: Dynamic gmin stepping completed
Note: Starting dynamic gmin stepping
Note: Dynamic gmin stepping completed
Note: Starting dynamic gmin stepping
Note: Dynamic gmin stepping completed

Error: measure  f0r  when(WHEN) : out of interval
Error: &f0r: no such variable.
Note: Starting dynamic gmin stepping
Note: Dynamic gmin stepping completed
Note: Starting dynamic gmin stepping
Note: Dynamic gmin stepping completed
Note: Starting dynamic gmin stepping
Note: Dynamic gmin stepping completed

Error: measure  f0r  when(WHEN) : out of interval
Error: &f0r: no such variable.
Note: Starting dynamic gmin stepping
Note: Dynamic gmin stepping completed
Note: Starting dynamic gmin stepping
Note: Dynamic gmin stepping completed
Note: Starting dynamic gmin stepping
Note: Dynamic gmin stepping completed

Error: measure  f0r  when(WHEN) : out of interval
Error: &f0r: no such variable.
Note: Starting dynamic gmin stepping
Note: Dynamic gmin stepping completed
Note: Starting dynamic gmin stepping
Note: Dynamic gmin stepping completed
Note: Starting dynamic gmin stepping
Note: Dynamic gmin stepping completed

Error: measure  f0r  when(WHEN) : out of interval
Error: &f0r: no such variable.
Note: Starting dynamic gmin stepping
Note: Dynamic gmin stepping completed
Note: Starting dynamic gmin stepping
Note: Dynamic gmin stepping completed
Note: Starting dynamic gmin stepping
Note: Dynamic gmin stepping completed

Error: measure  f0r  when(WHEN) : out of interval
Error: &f0r: no such variable.
Note: Starting dynamic gmin stepping
Note: Dynamic gmin stepping completed
Note: Starting dynamic gmin stepping
Note: Dynamic gmin stepping completed
Note: Starting dynamic gmin stepping
Note: Dynamic gmin stepping completed

Error: measure  f0r  when(WHEN) : out of interval
Error: &f0r: no such variable.
Note: Starting dynamic gmin stepping
Note: Dynamic gmin stepping completed
Note: Starting dynamic gmin stepping
Note: Dynamic gmin stepping completed
Note: Starting dynamic gmin stepping
Note: Dynamic gmin stepping completed

Error: measure  f0r  when(WHEN) : out of interval
Error: &f0r: no such variable.
Note: Starting dynamic gmin stepping
Note: Dynamic gmin stepping completed
Note: Starting dynamic gmin stepping
Note: Dynamic gmin stepping completed
Note: Starting dynamic gmin stepping
Note: Dynamic gmin stepping completed

Error: measure  f0r  when(WHEN) : out of interval
Error: &f0r: no such variable.
Note: Starting dynamic gmin stepping
Note: Dynamic gmin stepping completed
Note: Starting dynamic gmin stepping
Note: Dynamic gmin stepping completed
Note: Starting dynamic gmin stepping
Note: Dynamic gmin stepping completed

Error: measure  f0r  when(WHEN) : out of interval
Error: &f0r: no such variable.
Note: Starting dynamic gmin stepping
Note: Dynamic gmin stepping completed
Note: Starting dynamic gmin stepping
Note: Dynamic gmin stepping completed
Note: Starting dynamic gmin stepping
Note: Dynamic gmin stepping completed

Error: measure  f0r  when(WHEN) : out of interval
Error: &f0r: no such variable.
Note: Starting dynamic gmin stepping
Note: Dynamic gmin stepping completed
Note: Starting dynamic gmin stepping
Note: Dynamic gmin stepping completed
Note: Starting dynamic gmin stepping
Note: Dynamic gmin stepping completed

Error: measure  f0r  when(WHEN) : out of interval
Error: &f0r: no such variable.
Note: Starting dynamic gmin stepping
Note: Dynamic gmin stepping completed
Note: Starting dynamic gmin stepping
Note: Dynamic gmin stepping completed
Note: Starting dynamic gmin stepping
Note: Dynamic gmin stepping completed

Error: measure  f0r  when(WHEN) : out of interval
Error: &f0r: no such variable.
Note: Starting dynamic gmin stepping
Note: Dynamic gmin stepping completed
Note: Starting dynamic gmin stepping
Note: Dynamic gmin stepping completed
Note: Starting dynamic gmin stepping
Note: Dynamic gmin stepping completed

Error: measure  f0r  when(WHEN) : out of interval
Error: &f0r: no such variable.
Note: Starting dynamic gmin stepping
Note: Dynamic gmin stepping completed
Note: Starting dynamic gmin stepping
Note: Dynamic gmin stepping completed
Note: Starting dynamic gmin stepping
Note: Dynamic gmin stepping completed

Error: measure  f0r  when(WHEN) : out of interval
Error: &f0r: no such variable.
Note: Starting dynamic gmin stepping
Note: Dynamic gmin stepping completed
Note: Starting dynamic gmin stepping
Note: Dynamic gmin stepping completed
Note: Starting dynamic gmin stepping
Note: Dynamic gmin stepping completed

Error: measure  f0r  when(WHEN) : out of interval
Error: &f0r: no such variable.
Note: Starting dynamic gmin stepping
Note: Dynamic gmin stepping completed
Note: Starting dynamic gmin stepping
Note: Dynamic gmin stepping completed
Note: Starting dynamic gmin stepping
Note: Dynamic gmin stepping completed

Error: measure  f0r  when(WHEN) : out of interval
Error: &f0r: no such variable.
Note: Starting dynamic gmin stepping
Note: Dynamic gmin stepping completed
Note: Starting dynamic gmin stepping
Note: Dynamic gmin stepping completed
Note: Starting dynamic gmin stepping
Note: Dynamic gmin stepping completed

Error: measure  f0r  when(WHEN) : out of interval
Error: &f0r: no such variable.
Note: Starting dynamic gmin stepping
Note: Dynamic gmin stepping completed
Note: Starting dynamic gmin stepping
Note: Dynamic gmin stepping completed
Note: Starting dynamic gmin stepping
Note: Dynamic gmin stepping completed

Error: measure  f0r  when(WHEN) : out of interval
Error: &f0r: no such variable.
Note: Starting dynamic gmin stepping
Note: Dynamic gmin stepping completed
Note: Starting dynamic gmin stepping
Note: Dynamic gmin stepping completed
Note: Starting dynamic gmin stepping
Note: Dynamic gmin stepping completed

Error: measure  f0r  when(WHEN) : out of interval
Error: &f0r: no such variable.
Note: Starting dynamic gmin stepping
Note: Dynamic gmin stepping completed
Note: Starting dynamic gmin stepping
Note: Dynamic gmin stepping completed
Note: Starting dynamic gmin stepping
Note: Dynamic gmin stepping completed

Error: measure  f0r  when(WHEN) : out of interval
Error: &f0r: no such variable.
Note: Starting dynamic gmin stepping
Note: Dynamic gmin stepping completed
Note: Starting dynamic gmin stepping
Note: Dynamic gmin stepping completed
Note: Starting dynamic gmin stepping
Note: Dynamic gmin stepping completed

Error: measure  f0r  when(WHEN) : out of interval
Error: &f0r: no such variable.
Note: Starting dynamic gmin stepping
Note: Dynamic gmin stepping completed
Note: Starting dynamic gmin stepping
Note: Dynamic gmin stepping completed
Note: Starting dynamic gmin stepping
Note: Dynamic gmin stepping completed

Error: measure  f0r  when(WHEN) : out of interval
Error: &f0r: no such variable.
Note: Starting dynamic gmin stepping
Note: Dynamic gmin stepping completed
Note: Starting dynamic gmin stepping
Note: Dynamic gmin stepping completed
Note: Starting dynamic gmin stepping
Note: Dynamic gmin stepping completed

Error: measure  f0r  when(WHEN) : out of interval
Error: &f0r: no such variable.
Note: Starting dynamic gmin stepping
Note: Dynamic gmin stepping completed
Note: Starting dynamic gmin stepping
Note: Dynamic gmin stepping completed
Note: Starting dynamic gmin stepping
Note: Dynamic gmin stepping completed

Error: measure  f0r  when(WHEN) : out of interval
Error: &f0r: no such variable.
Note: Starting dynamic gmin stepping
Note: Dynamic gmin stepping completed
Note: Starting dynamic gmin stepping
Note: Dynamic gmin stepping completed
Note: Starting dynamic gmin stepping
Note: Dynamic gmin stepping completed

Error: measure  f0r  when(WHEN) : out of interval
Error: &f0r: no such variable.
Note: Starting dynamic gmin stepping
Note: Dynamic gmin stepping completed
Note: Starting dynamic gmin stepping
Note: Dynamic gmin stepping completed
Note: Starting dynamic gmin stepping
Note: Dynamic gmin stepping completed

Error: measure  f0r  when(WHEN) : out of interval
Error: &f0r: no such variable.
Note: Starting dynamic gmin stepping
Note: Dynamic gmin stepping completed
Note: Starting dynamic gmin stepping
Note: Dynamic gmin stepping completed
Note: Starting dynamic gmin stepping
Note: Dynamic gmin stepping completed

Error: measure  f0r  when(WHEN) : out of interval
Error: &f0r: no such variable.
Note: Starting dynamic gmin stepping
Note: Dynamic gmin stepping completed
Note: Starting dynamic gmin stepping
Note: Dynamic gmin stepping completed
Note: Starting dynamic gmin stepping
Note: Dynamic gmin stepping completed

Error: measure  f0r  when(WHEN) : out of interval
Error: &f0r: no such variable.
Note: Starting dynamic gmin stepping
Note: Dynamic gmin stepping completed
Note: Starting dynamic gmin stepping
Note: Dynamic gmin stepping completed
Note: Starting dynamic gmin stepping
Note: Dynamic gmin stepping completed

Error: measure  f0r  when(WHEN) : out of interval
Error: &f0r: no such variable.
Note: Starting dynamic gmin stepping
Note: Dynamic gmin stepping completed
Note: Starting dynamic gmin stepping
Note: Dynamic gmin stepping completed
Note: Starting dynamic gmin stepping
Note: Dynamic gmin stepping completed

Error: measure  f0r  when(WHEN) : out of interval
Error: &f0r: no such variable.
Note: Starting dynamic gmin stepping
Note: Dynamic gmin stepping completed
Note: Starting dynamic gmin stepping
Note: Dynamic gmin stepping completed
Note: Starting dynamic gmin stepping
Note: Dynamic gmin stepping completed

Error: measure  f0r  when(WHEN) : out of interval
Error: &f0r: no such variable.
Note: Starting dynamic gmin stepping
Note: Dynamic gmin stepping completed
Note: Starting dynamic gmin stepping
Note: Dynamic gmin stepping completed
Note: Starting dynamic gmin stepping
Note: Dynamic gmin stepping completed

Error: measure  f0r  when(WHEN) : out of interval
Error: &f0r: no such variable.
Note: Starting dynamic gmin stepping
Note: Dynamic gmin stepping completed
Note: Starting dynamic gmin stepping
Note: Dynamic gmin stepping completed
Note: Starting dynamic gmin stepping
Note: Dynamic gmin stepping completed

Error: measure  f0r  when(WHEN) : out of interval
Error: &f0r: no such variable.
Note: Starting dynamic gmin stepping
Note: Dynamic gmin stepping completed
Note: Starting dynamic gmin stepping
Note: Dynamic gmin stepping completed
Note: Starting dynamic gmin stepping
Note: Dynamic gmin stepping completed

Error: measure  f0r  when(WHEN) : out of interval
Error: &f0r: no such variable.
Note: Starting dynamic gmin stepping
Note: Dynamic gmin stepping completed
Note: Starting dynamic gmin stepping
Note: Dynamic gmin stepping completed
Note: Starting dynamic gmin stepping
Note: Dynamic gmin stepping completed

Error: measure  f0r  when(WHEN) : out of interval
Error: &f0r: no such variable.
Note: Starting dynamic gmin stepping
Note: Dynamic gmin stepping completed
Note: Starting dynamic gmin stepping
Note: Dynamic gmin stepping completed
Note: Starting dynamic gmin stepping
Note: Dynamic gmin stepping completed

Error: measure  f0r  when(WHEN) : out of interval
Error: &f0r: no such variable.
Note: Starting dynamic gmin stepping
Note: Dynamic gmin stepping completed
Note: Starting dynamic gmin stepping
Note: Dynamic gmin stepping completed
Note: Starting dynamic gmin stepping
Note: Dynamic gmin stepping completed

Error: measure  f0r  when(WHEN) : out of interval
Error: &f0r: no such variable.
Note: Starting dynamic gmin stepping
Note: Dynamic gmin stepping completed
Note: Starting dynamic gmin stepping
Note: Dynamic gmin stepping completed
Note: Starting dynamic gmin stepping
Note: Dynamic gmin stepping completed

Error: measure  f0r  when(WHEN) : out of interval
Error: &f0r: no such variable.
Note: Starting dynamic gmin stepping
Note: Dynamic gmin stepping completed
Note: Starting dynamic gmin stepping
Note: Dynamic gmin stepping completed
Note: Starting dynamic gmin stepping
Note: Dynamic gmin stepping completed

Error: measure  f0r  when(WHEN) : out of interval
Error: &f0r: no such variable.
Note: Starting dynamic gmin stepping
Note: Dynamic gmin stepping completed
Note: Starting dynamic gmin stepping
Note: Dynamic gmin stepping completed
Note: Starting dynamic gmin stepping
Note: Dynamic gmin stepping completed

Error: measure  f0r  when(WHEN) : out of interval
Error: &f0r: no such variable.
Note: Starting dynamic gmin stepping
Note: Dynamic gmin stepping completed
Note: Starting dynamic gmin stepping
Note: Dynamic gmin stepping completed
Note: Starting dynamic gmin stepping
Note: Dynamic gmin stepping completed

Error: measure  f0r  when(WHEN) : out of interval
Error: &f0r: no such variable.
Note: Starting dynamic gmin stepping
Note: Dynamic gmin stepping completed
Note: Starting dynamic gmin stepping
Note: Dynamic gmin stepping completed
Note: Starting dynamic gmin stepping
Note: Dynamic gmin stepping completed

Error: measure  f0r  when(WHEN) : out of interval
Error: &f0r: no such variable.
Note: Starting dynamic gmin stepping
Note: Dynamic gmin stepping completed
Note: Starting dynamic gmin stepping
Note: Dynamic gmin stepping completed
Note: Starting dynamic gmin stepping
Note: Dynamic gmin stepping completed

Error: measure  f0r  when(WHEN) : out of interval
Error: &f0r: no such variable.
Note: Starting dynamic gmin stepping
Note: Dynamic gmin stepping completed
Note: Starting dynamic gmin stepping
Note: Dynamic gmin stepping completed
Note: Starting dynamic gmin stepping
Note: Dynamic gmin stepping completed

Error: measure  f0r  when(WHEN) : out of interval
Error: &f0r: no such variable.
Note: Starting dynamic gmin stepping
Note: Dynamic gmin stepping completed
Note: Starting dynamic gmin stepping
Note: Dynamic gmin stepping completed
Note: Starting dynamic gmin stepping
Note: Dynamic gmin stepping completed

Error: measure  f0r  when(WHEN) : out of interval
Error: &f0r: no such variable.
Note: Starting dynamic gmin stepping
Note: Dynamic gmin stepping completed
Note: Starting dynamic gmin stepping
Note: Dynamic gmin stepping completed
Note: Starting dynamic gmin stepping
Note: Dynamic gmin stepping completed

Error: measure  f0r  when(WHEN) : out of interval
Error: &f0r: no such variable.
Note: Starting dynamic gmin stepping
Note: Dynamic gmin stepping completed
Note: Starting dynamic gmin stepping
Note: Dynamic gmin stepping completed
Note: Starting dynamic gmin stepping
Note: Dynamic gmin stepping completed

Error: measure  f0r  when(WHEN) : out of interval
Error: &f0r: no such variable.
Note: Starting dynamic gmin stepping
Note: Dynamic gmin stepping completed
Note: Starting dynamic gmin stepping
Note: Dynamic gmin stepping completed
Note: Starting dynamic gmin stepping
Note: Dynamic gmin stepping completed

Error: measure  f0r  when(WHEN) : out of interval
Error: &f0r: no such variable.
Note: Starting dynamic gmin stepping
Note: Dynamic gmin stepping completed
Note: Starting dynamic gmin stepping
Note: Dynamic gmin stepping completed
Note: Starting dynamic gmin stepping
Note: Dynamic gmin stepping completed

Error: measure  f0r  when(WHEN) : out of interval
Error: &f0r: no such variable.
Note: Starting dynamic gmin stepping
Note: Dynamic gmin stepping completed
Note: Starting dynamic gmin stepping
Note: Dynamic gmin stepping completed
Note: Starting dynamic gmin stepping
Note: Dynamic gmin stepping completed

Error: measure  f0r  when(WHEN) : out of interval
Error: &f0r: no such variable.
Note: Starting dynamic gmin stepping
Note: Dynamic gmin stepping completed
Note: Starting dynamic gmin stepping
Note: Dynamic gmin stepping completed
Note: Starting dynamic gmin stepping
Note: Dynamic gmin stepping completed

Error: measure  f0r  when(WHEN) : out of interval
Error: &f0r: no such variable.
Note: Starting dynamic gmin stepping
Note: Dynamic gmin stepping completed
Note: Starting dynamic gmin stepping
Note: Dynamic gmin stepping completed
Note: Starting dynamic gmin stepping
Note: Dynamic gmin stepping completed

Error: measure  f0r  when(WHEN) : out of interval
Error: &f0r: no such variable.
Note: Starting dynamic gmin stepping
Note: Dynamic gmin stepping completed
Note: Starting dynamic gmin stepping
Note: Dynamic gmin stepping completed
Note: Starting dynamic gmin stepping
Note: Dynamic gmin stepping completed

Error: measure  f0r  when(WHEN) : out of interval
Error: &f0r: no such variable.
Note: Starting dynamic gmin stepping
Note: Dynamic gmin stepping completed
Note: Starting dynamic gmin stepping
Note: Dynamic gmin stepping completed
Note: Starting dynamic gmin stepping
Note: Dynamic gmin stepping completed

Error: measure  f0r  when(WHEN) : out of interval
Error: &f0r: no such variable.
