
Note: No compatibility mode selected!


Circuit: * klt sim -- generated corner deck, do not edit

Doing analysis at TEMP = 125.000000 and TNOM = 27.000000

Using SPARSE 1.3 as Direct Linear Solver
Note: Starting dynamic gmin stepping
Note: Dynamic gmin stepping completed

Initial Transient Solution
--------------------------

Node                                   Voltage
----                                   -------
vin                                       3.63
en                                        3.63
vref                                       1.2
vout                                0.00357344
pg                                     3.10937
xdut.fb                                1.05463
xdut.xerramp.nbias                    0.666819
xdut.xerramp.xrbias.11                0.666991
xdut.xerramp.xrbias.21                 3.62843
xdut.xerramp.rbt                        3.6286
xdut.xerramp.tail                     0.524167
xdut.xerramp.nd                        2.29355
xdut.xerramp.n1                        3.61052
xdut.xerramp.nz                        3.61052
xdut.xerramp.xrz.11                    3.61052
xdut.xerramp.xrz.21                    3.61052
eout                                   3.10937
xdut.bg                                2.34687
xdut.xerramp.nrza                      3.61052
xdut.xerramp.xrza.11                   3.61052
xdut.xerramp.xrza.21                   3.61052
xdut.xerramp.nf                         2.9787
xdut.xerramp.nbp                       3.61052
xdut.xerramp.xrbufb.11                 3.61052
xdut.xerramp.xrbufb.21                 3.61052
xdut.xerramp.enb                   6.79693e-09
xdut.xilimit.isns                    0.0037036
xdut.xilimit.xrsns.11               0.00357588
xdut.xilimit.xrsns.21               0.00370116
xdut.xilimit.pb                           3.63
xdut.xilimit.vth                    0.00357393
xdut.xilimit.xrref.11               0.00357344
xdut.xilimit.xrref.21               0.00357393
xdut.xilimit.pb_acqcv                     3.63
xdut.xilimit.vg                    3.89127e-11
xdut.xilimit.vx                    1.58858e-09
xdut.xilimit.vtl                       1.16789
xdut.xilimit.vo1                    0.00567504
xdut.xilimit.vd1                     0.0208523
xdut.xilimit.vsu                           1.2
xdut.xilimit.pb_acqst                     3.63
xdut.xilimit.bb                    5.58923e-10
xdut.xilimit.xrbias.11             5.58949e-10
xdut.xilimit.xrbias.21             1.58855e-09
xdut.xilimit.vx_acqrb              1.58858e-09
xdut.xilimit.cn                       0.463616
xdut.xilimit.tail                      1.53531
xdut.xilimit.co                       0.481302
xdut.xilimit.xrtail.11                 1.53543
xdut.xilimit.xrtail.21                 3.62527
xdut.xilimit.tailp                      3.6254
xdut.xilimit.enb                   6.79693e-09
xdut.xilimit.clg                       2.84163
xdut.xilimit.xrl2.11                   2.84168
xdut.xilimit.xrl2.21                   3.62995
hold_acq                                     1
xdut.xsoftstart.pb_ss_acqcv               3.63
xdut.xsoftstart.vg_ss              1.93782e-09
xdut.xsoftstart.vx_ss              1.58859e-09
xdut.xsoftstart.vtl_ss                 1.24026
xdut.xsoftstart.pb_ss                     3.63
xdut.xsoftstart.vo1_ss              0.00148783
xdut.xsoftstart.vd1_ss               0.0830624
xdut.xsoftstart.vsu_ss                     1.2
xdut.xsoftstart.pb_ss_acqst               3.63
xdut.xsoftstart.bb                 5.58832e-10
xdut.xsoftstart.ssr                  0.0462915
xdut.xsoftstart.xrss_bias.11       5.58842e-10
xdut.xsoftstart.xrss_bias.21       1.58858e-09
xdut.xsoftstart.vx_ss_acqrb        1.58859e-09
xdut.xsoftstart.sd                 6.79693e-09
xdut.xsoftstart.gmsa                   1.32794
xdut.xsoftstart.gmia                  0.723455
xdut.xsoftstart.gmvss               0.00315571
xdut.xsoftstart.gmsb                    2.3392
xdut.xsoftstart.gmsum                  1.43353
xdut.xsoftstart.gmrm                   2.53176
xdut.xsoftstart.gmod                   2.53057
xdut.xsoftstart.fbp                    1.05807
xdut.xsoftstart.hg                        3.63
xdut.xsoftstart.enb                6.79693e-09
xdut.xsoftstart.xrh_ss.11                 3.63
xdut.xsoftstart.xrh_ss.21                 3.63
xdut.xsoftstart.xrr_ss.11          6.79693e-09
xdut.xsoftstart.xrr_ss.21          6.79693e-09
acq_il_w1                               -1.188
acq_ss_w1                               -1.188
n_esr                               0.00357344
bacq_ss_w1#branch                            0
bacq_il_w1#branch                            0
een#branch                        -6.77236e-15
vloop#branch                       9.96115e-06
vhold#branch                                 0
v.xdut.xsoftstart.vacq_rb#branch     3.76468e-16
v.xdut.xsoftstart.vacq_st#branch     8.02647e-12
v.xdut.xsoftstart.vacq_cv#branch     1.70027e-10
v.xdut.xilimit.vacq_rb#branch      1.04526e-15
v.xdut.xilimit.vacq_st#branch      8.02691e-12
v.xdut.xilimit.vacq_cv#branch      1.70028e-10
vref#branch                        -1.3717e-11
vin#branch                        -0.000149782


No. of Data Rows : 3424

  Measurements for Transient Analysis

w1_il_vx_end        =  1.57611e-04
w1_il_bb_end        =  2.22710e-08
w1_il_pb_end        =  3.37939e+00
w1_il_vg_end        =  1.36086e-03
w1_il_vsu_end       =  1.20000e+00
w1_il_icv_end       =  1.56824e-10
w1_il_irb_end       =  1.59978e-10
w1_il_ist_end       =  6.47310e-12
w1_il_vx_setmax     =  1.57610e-04 at=  1.68991e-04
w1_il_vx_setmin     =  1.56518e-04 at=  1.30199e-04
w1_il_vx_winmin     =  1.58856e-09 at=  2.00049e-05
w1_il_ist_peak      =  8.02736e-12 at=  2.00030e-05
w1_il_t99           =   1.68997e-04
w1_ss_vx_end        =  1.56499e-03
w1_ss_bb_end        =  7.82190e-08
w1_ss_pb_end        =  3.62276e+00
w1_ss_vg_end        =  6.32099e-02
w1_ss_vsu_end       =  1.20000e+00
w1_ss_icv_end       =  6.00070e-10
w1_ss_irb_end       =  5.72279e-10
w1_ss_ist_end       =  7.96660e-12
w1_ss_vx_setmax     =  1.56495e-03 at=  1.68991e-04
w1_ss_vx_setmin     =  1.40638e-03 at=  1.30049e-04
w1_ss_vx_winmin     =  1.58858e-09 at=  2.00030e-05
w1_ss_ist_peak      =  8.02736e-12 at=  2.00030e-05
w1_ss_t99           =   1.68997e-04
w1_vref_end         =  1.20000e+00

ngspice-46 done
