
Note: No compatibility mode selected!


Circuit: * klt sim -- generated corner deck, do not edit

Doing analysis at TEMP = 125.000000 and TNOM = 27.000000

Using SPARSE 1.3 as Direct Linear Solver
Note: Starting dynamic gmin stepping
Note: Dynamic gmin stepping completed

Initial Transient Solution
--------------------------

Node                                   Voltage
----                                   -------
vin                                       2.97
en                                        2.97
vref                                       1.2
vout                                 0.0059525
pg                                     2.50164
xdut.fb                             0.00399563
xdut.xerramp.nbias                    0.742989
xdut.xerramp.xrbias.11                 0.74315
xdut.xerramp.xrbias.21                 2.96839
xdut.xerramp.rbt                       2.96856
xdut.xerramp.tail                     0.458093
xdut.xerramp.nd                        1.73192
xdut.xerramp.n1                           2.97
xdut.xerramp.nz                           2.97
xdut.xerramp.xrz.11                       2.97
xdut.xerramp.xrz.21                       2.97
eout                                   2.50164
xdut.bg                                 1.8334
xdut.xerramp.nrza                         2.97
xdut.xerramp.xrza.11                      2.97
xdut.xerramp.xrza.21                      2.97
xdut.xerramp.nf                         2.4017
xdut.xerramp.nbp                          2.97
xdut.xerramp.xrbufb.11                    2.97
xdut.xerramp.xrbufb.21                    2.97
xdut.xerramp.enb                   9.03047e-09
xdut.xilimit.isns                   0.00613398
xdut.xilimit.xrsns.11               0.00595671
xdut.xilimit.xrsns.21               0.00612977
xdut.xilimit.pb                           2.97
xdut.xilimit.vth                     0.0059528
xdut.xilimit.xrref.11                0.0059525
xdut.xilimit.xrref.21                0.0059528
xdut.xilimit.pb_acqcv                     2.97
xdut.xilimit.vg                    3.19461e-11
xdut.xilimit.vx                    3.02503e-10
xdut.xilimit.vtl                      0.938303
xdut.xilimit.vo1                    0.00944127
xdut.xilimit.vd1                     0.0665737
xdut.xilimit.vsu                           1.2
xdut.xilimit.pb_acqst                     2.97
xdut.xilimit.bb                    1.29259e-10
xdut.xilimit.xrbias.11             1.29265e-10
xdut.xilimit.xrbias.21             3.02497e-10
xdut.xilimit.vx_acqrb              3.02503e-10
xdut.xilimit.cn                       0.546893
xdut.xilimit.tail                      1.31725
xdut.xilimit.co                       0.573998
xdut.xilimit.xrtail.11                 1.31738
xdut.xilimit.xrtail.21                 2.96454
xdut.xilimit.tailp                     2.96467
xdut.xilimit.enb                   9.03047e-09
xdut.xilimit.clg                       2.27775
xdut.xilimit.xrl2.11                   2.27781
xdut.xilimit.xrl2.21                   2.96994
hold_acq                                     1
xdut.xsoftstart.pb_ss_acqcv               2.97
xdut.xsoftstart.vg_ss              1.55443e-09
xdut.xsoftstart.vx_ss              3.02504e-10
xdut.xsoftstart.vtl_ss                 1.00965
xdut.xsoftstart.pb_ss                     2.97
xdut.xsoftstart.vo1_ss              0.00148985
xdut.xsoftstart.vd1_ss                0.151769
xdut.xsoftstart.vsu_ss                     1.2
xdut.xsoftstart.pb_ss_acqst               2.97
xdut.xsoftstart.bb                 1.29235e-10
xdut.xsoftstart.ssr                    1.65833
xdut.xsoftstart.xrss_bias.11       1.29237e-10
xdut.xsoftstart.xrss_bias.21       3.02502e-10
xdut.xsoftstart.vx_ss_acqrb        3.02504e-10
xdut.xsoftstart.sd                 9.03047e-09
xdut.xsoftstart.gmsa                   2.52729
xdut.xsoftstart.gmia                  0.639301
xdut.xsoftstart.gmvss              0.000738467
xdut.xsoftstart.gmsb                   2.49751
xdut.xsoftstart.gmsum                  2.46039
xdut.xsoftstart.gmrm                    2.7152
xdut.xsoftstart.gmod                   2.71101
xdut.xsoftstart.fbp                   0.756962
xdut.xsoftstart.hg                        2.97
xdut.xsoftstart.enb                9.03047e-09
xdut.xsoftstart.xrh_ss.11                 2.97
xdut.xsoftstart.xrh_ss.21                 2.97
xdut.xsoftstart.xrr_ss.11          9.03047e-09
xdut.xsoftstart.xrr_ss.21          9.03047e-09
acq_il_w1                               -1.188
acq_ss_w1                               -1.188
n_esr                                0.0059525
bacq_ss_w1#branch                            0
bacq_il_w1#branch                            0
een#branch                        -5.53724e-15
vloop#branch                       9.31741e-06
vhold#branch                                 0
v.xdut.xsoftstart.vacq_rb#branch     8.44601e-17
v.xdut.xsoftstart.vacq_st#branch      3.8658e-12
v.xdut.xsoftstart.vacq_cv#branch     3.42044e-11
v.xdut.xilimit.vacq_rb#branch      2.34489e-16
v.xdut.xilimit.vacq_st#branch      3.86624e-12
v.xdut.xilimit.vacq_cv#branch      3.42043e-11
vref#branch                       -2.87415e-12
vin#branch                        -0.000194866


No. of Data Rows : 3437

  Measurements for Transient Analysis

w1_il_vx_end        =  2.37638e-05
w1_il_bb_end        =  5.32021e-09
w1_il_pb_end        =  2.91551e+00
w1_il_vg_end        =  3.06582e-03
w1_il_vsu_end       =  1.20000e+00
w1_il_icv_end       =  3.32978e-11
w1_il_irb_end       =  3.21577e-11
w1_il_ist_end       =  3.52345e-12
w1_il_vx_setmax     =  2.37637e-05 at=  1.68976e-04
w1_il_vx_setmin     =  2.35440e-05 at=  1.30001e-04
w1_il_vx_winmin     =  3.02502e-10 at=  2.00010e-05
w1_il_ist_peak      =  3.86668e-12 at=  2.00049e-05
w1_il_t99           =   1.68982e-04
w1_ss_vx_end        =  5.52305e-04
w1_ss_bb_end        =  4.35857e-08
w1_ss_pb_end        =  2.96780e+00
w1_ss_vg_end        =  1.05087e-01
w1_ss_vsu_end       =  1.20000e+00
w1_ss_icv_end       =  2.74150e-10
w1_ss_irb_end       =  2.69389e-10
w1_ss_ist_end       =  3.83983e-12
w1_ss_vx_setmax     =  5.52199e-04 at=  1.68976e-04
w1_ss_vx_setmin     =  3.83497e-04 at=  1.30001e-04
w1_ss_vx_winmin     =  3.02505e-10 at=  2.00037e-05
w1_ss_ist_peak      =  3.86668e-12 at=  2.00049e-05
w1_ss_t99           =   1.68982e-04
w1_vref_end         =  1.20000e+00

ngspice-46 done
