
Note: No compatibility mode selected!


Circuit: * klt sim -- generated corner deck, do not edit

Doing analysis at TEMP = -40.000000 and TNOM = 27.000000

Using SPARSE 1.3 as Direct Linear Solver
Note: Starting dynamic gmin stepping
Note: Dynamic gmin stepping completed

Initial Transient Solution
--------------------------

Node                                   Voltage
----                                   -------
vin                                       3.63
en                                        3.63
vref                                       1.2
vout                                0.00136671
pg                                     3.06562
xdut.fb                            0.000913256
xdut.xerramp.nbias                    0.918841
xdut.xerramp.xrbias.11                0.919207
xdut.xerramp.xrbias.21                 3.62898
xdut.xerramp.rbt                       3.62935
xdut.xerramp.tail                     0.286475
xdut.xerramp.nd                        2.50075
xdut.xerramp.n1                           3.63
xdut.xerramp.nz                           3.63
xdut.xerramp.xrz.11                       3.63
xdut.xerramp.xrz.21                       3.63
eout                                   3.06562
xdut.bg                                2.29719
xdut.xerramp.nrza                         3.63
xdut.xerramp.xrza.11                      3.63
xdut.xerramp.xrza.21                      3.63
xdut.xerramp.nf                         2.9636
xdut.xerramp.nbp                          3.63
xdut.xerramp.xrbufb.11                    3.63
xdut.xerramp.xrbufb.21                    3.63
xdut.xerramp.enb                   4.36848e-09
xdut.xilimit.isns                   0.00141939
xdut.xilimit.xrsns.11               0.00136794
xdut.xilimit.xrsns.21               0.00141815
xdut.xilimit.pb                           3.63
xdut.xilimit.vth                    0.00136735
xdut.xilimit.xrref.11               0.00136671
xdut.xilimit.xrref.21               0.00136735
xdut.xilimit.pb_acqcv                     3.63
xdut.xilimit.vg                    3.86914e-11
xdut.xilimit.vx                    2.30801e-17
xdut.xilimit.vtl                       1.26435
xdut.xilimit.vo1                    0.00711502
xdut.xilimit.vd1                       0.49822
xdut.xilimit.vsu                           1.2
xdut.xilimit.pb_acqst                     3.63
xdut.xilimit.bb                    6.02242e-18
xdut.xilimit.xrbias.11             6.02302e-18
xdut.xilimit.xrbias.21             2.30795e-17
xdut.xilimit.vx_acqrb              2.30801e-17
xdut.xilimit.cn                       0.788104
xdut.xilimit.tail                      1.47827
xdut.xilimit.co                       0.797273
xdut.xilimit.xrtail.11                 1.47845
xdut.xilimit.xrtail.21                 3.62767
xdut.xilimit.tailp                     3.62785
xdut.xilimit.enb                   4.36848e-09
xdut.xilimit.clg                       2.84435
xdut.xilimit.xrl2.11                   2.84442
xdut.xilimit.xrl2.21                   3.62993
hold_acq                                     1
xdut.xsoftstart.pb_ss_acqcv               3.63
xdut.xsoftstart.vg_ss              1.93457e-09
xdut.xsoftstart.vx_ss              2.30802e-17
xdut.xsoftstart.vtl_ss                  1.3086
xdut.xsoftstart.pb_ss                     3.63
xdut.xsoftstart.vo1_ss             0.000944541
xdut.xsoftstart.vd1_ss                0.552548
xdut.xsoftstart.vsu_ss                     1.2
xdut.xsoftstart.pb_ss_acqst               3.63
xdut.xsoftstart.bb                 6.02162e-18
xdut.xsoftstart.ssr                    2.20305
xdut.xsoftstart.xrss_bias.11       6.02183e-18
xdut.xsoftstart.xrss_bias.21         2.308e-17
xdut.xsoftstart.vx_ss_acqrb        2.30802e-17
xdut.xsoftstart.sd                 4.36848e-09
xdut.xsoftstart.gmsa                   3.12113
xdut.xsoftstart.gmia                  0.877847
xdut.xsoftstart.gmvss               0.00050176
xdut.xsoftstart.gmsb                   3.06113
xdut.xsoftstart.gmsum                  3.04704
xdut.xsoftstart.gmrm                   3.33824
xdut.xsoftstart.gmod                   1.80073
xdut.xsoftstart.fbp                    1.11922
xdut.xsoftstart.hg                        3.63
xdut.xsoftstart.enb                4.36848e-09
xdut.xsoftstart.xrh_ss.11                 3.63
xdut.xsoftstart.xrh_ss.21                 3.63
xdut.xsoftstart.xrr_ss.11          4.36848e-09
xdut.xsoftstart.xrr_ss.21          4.36848e-09
acq_il_w1                               -1.188
acq_ss_w1                               -1.188
n_esr                               0.00136671
bacq_ss_w1#branch                            0
bacq_il_w1#branch                            0
een#branch                        -6.78624e-15
vloop#branch                       7.66935e-06
vhold#branch                                 0
v.xdut.xsoftstart.vacq_rb#branch     4.82809e-24
v.xdut.xsoftstart.vacq_st#branch     3.63087e-12
v.xdut.xsoftstart.vacq_cv#branch     3.64059e-12
v.xdut.xilimit.vacq_rb#branch      1.34056e-23
v.xdut.xilimit.vacq_st#branch      3.63087e-12
v.xdut.xilimit.vacq_cv#branch      3.64053e-12
vref#branch                         4.9738e-14
vin#branch                        -6.33196e-05


No. of Data Rows : 3497

  Measurements for Transient Analysis

w1_il_vx_end        =  7.12632e-08
w1_il_bb_end        =  5.24212e-12
w1_il_pb_end        =  3.61975e+00
w1_il_vg_end        =  5.42559e-03
w1_il_vsu_end       =  1.20000e+00
w1_il_icv_end       =  2.89287e-12
w1_il_irb_end       =  5.54419e-14
w1_il_ist_end       =  3.54664e-12
w1_il_vx_setmax     =  8.26228e-08 at=  1.30288e-04
w1_il_vx_setmin     =  7.05640e-08 at=  1.67855e-04
w1_il_vx_winmin     =  -9.69728e-16 at=  2.00049e-05
w1_il_ist_peak      =  5.24514e-12 at=  1.05359e-04
w1_il_t99           =   1.68988e-04
w1_ss_vx_end        =  8.63465e-06
w1_ss_bb_end        =  2.28756e-10
w1_ss_pb_end        =  3.63003e+00
w1_ss_vg_end        =  1.82806e-01
w1_ss_vsu_end       =  1.20000e+00
w1_ss_icv_end       =  2.10524e-12
w1_ss_irb_end       =  2.44369e-12
w1_ss_ist_end       =  3.63059e-12
w1_ss_vx_setmax     =  8.74911e-06 at=  1.30038e-04
w1_ss_vx_setmin     =  8.63471e-06 at=  1.68982e-04
w1_ss_vx_winmin     =  -9.37786e-16 at=  2.00049e-05
w1_ss_ist_peak      =  3.63176e-12 at=  1.68030e-04
w1_ss_t99           =   1.68988e-04
w1_vref_end         =  1.20000e+00

ngspice-46 done
