
Note: No compatibility mode selected!


Circuit: * klt sim -- generated corner deck, do not edit

Doing analysis at TEMP = 125.000000 and TNOM = 27.000000

Using SPARSE 1.3 as Direct Linear Solver
Note: Starting dynamic gmin stepping
Note: Dynamic gmin stepping completed

Initial Transient Solution
--------------------------

Node                                   Voltage
----                                   -------
vin                                        3.3
en                                         3.3
vref                                       1.2
vout                               0.000734537
pg                                     3.04964
xdut.fb                             0.00141289
xdut.xerramp.nbias                    0.813161
xdut.xerramp.xrbias.11                0.813305
xdut.xerramp.xrbias.21                 3.29875
xdut.xerramp.rbt                        3.2989
xdut.xerramp.tail                     0.400848
xdut.xerramp.nd                        2.19911
xdut.xerramp.n1                            3.3
xdut.xerramp.nz                            3.3
xdut.xerramp.xrz.11                        3.3
xdut.xerramp.xrz.21                        3.3
eout                                   3.04964
xdut.bg                                2.48199
xdut.xerramp.nrza                          3.3
xdut.xerramp.xrza.11                       3.3
xdut.xerramp.xrza.21                       3.3
xdut.xerramp.nf                        2.89099
xdut.xerramp.nbp                           3.3
xdut.xerramp.xrbufb.11                     3.3
xdut.xerramp.xrbufb.21                     3.3
xdut.xerramp.enb                   2.65042e-08
xdut.xilimit.isns                  0.000762268
xdut.xilimit.xrsns.11              0.000735057
xdut.xilimit.xrsns.21              0.000761748
xdut.xilimit.pb                            3.3
xdut.xilimit.vth                   0.000735378
xdut.xilimit.xrref.11              0.000734537
xdut.xilimit.xrref.21              0.000735377
xdut.xilimit.pb_acqcv                      3.3
xdut.xilimit.vg                    4.11792e-11
xdut.xilimit.vx                    6.24957e-11
xdut.xilimit.vtl                      0.927924
xdut.xilimit.vo1                    0.00922858
xdut.xilimit.vd1                      0.149438
xdut.xilimit.vsu                           1.2
xdut.xilimit.pb_acqst                      3.3
xdut.xilimit.bb                    2.59199e-11
xdut.xilimit.xrbias.11             2.59208e-11
xdut.xilimit.xrbias.21             6.24947e-11
xdut.xilimit.vx_acqrb              6.24957e-11
xdut.xilimit.cn                       0.621894
xdut.xilimit.tail                      1.29037
xdut.xilimit.co                       0.625978
xdut.xilimit.xrtail.11                 1.29049
xdut.xilimit.xrtail.21                 3.29572
xdut.xilimit.tailp                     3.29584
xdut.xilimit.enb                   2.65042e-08
xdut.xilimit.clg                        2.7056
xdut.xilimit.xrl2.11                   2.70564
xdut.xilimit.xrl2.21                   3.29996
hold_acq                                     1
xdut.xsoftstart.pb_ss_acqcv                3.3
xdut.xsoftstart.vg_ss              1.80865e-09
xdut.xsoftstart.vx_ss              6.24959e-11
xdut.xsoftstart.vtl_ss                  1.0005
xdut.xsoftstart.pb_ss                      3.3
xdut.xsoftstart.vo1_ss              0.00135907
xdut.xsoftstart.vd1_ss                0.238631
xdut.xsoftstart.vsu_ss                     1.2
xdut.xsoftstart.pb_ss_acqst                3.3
xdut.xsoftstart.bb                 2.59159e-11
xdut.xsoftstart.ssr                    1.85492
xdut.xsoftstart.xrss_bias.11       2.59162e-11
xdut.xsoftstart.xrss_bias.21       6.24956e-11
xdut.xsoftstart.vx_ss_acqrb        6.24959e-11
xdut.xsoftstart.sd                 2.65042e-08
xdut.xsoftstart.gmsa                   2.67375
xdut.xsoftstart.gmia                  0.749397
xdut.xsoftstart.gmvss                0.0010315
xdut.xsoftstart.gmsb                   2.63673
xdut.xsoftstart.gmsum                  2.59999
xdut.xsoftstart.gmrm                      2.95
xdut.xsoftstart.gmod                   2.94632
xdut.xsoftstart.fbp                   0.734561
xdut.xsoftstart.hg                         3.3
xdut.xsoftstart.enb                2.65042e-08
xdut.xsoftstart.xrh_ss.11                  3.3
xdut.xsoftstart.xrh_ss.21                  3.3
xdut.xsoftstart.xrr_ss.11          2.65042e-08
xdut.xsoftstart.xrr_ss.21          2.65042e-08
acq_il_w1                               -1.188
acq_ss_w1                               -1.188
n_esr                              0.000734537
bacq_ss_w1#branch                            0
bacq_il_w1#branch                            0
een#branch                        -6.13398e-15
vloop#branch                       8.33799e-06
vhold#branch                                 0
v.xdut.xsoftstart.vacq_rb#branch     1.33733e-17
v.xdut.xsoftstart.vacq_st#branch     3.55538e-12
v.xdut.xsoftstart.vacq_cv#branch     1.03888e-11
v.xdut.xilimit.vacq_rb#branch      3.71303e-17
v.xdut.xilimit.vacq_st#branch      3.55538e-12
v.xdut.xilimit.vacq_cv#branch      1.03888e-11
vref#branch                       -2.75335e-13
vin#branch                        -4.87033e-05


No. of Data Rows : 3423

  Measurements for Transient Analysis

w1_il_vx_end        =  6.99501e-06
w1_il_bb_end        =  1.16166e-09
w1_il_pb_end        =  3.28198e+00
w1_il_vg_end        =  5.74380e-03
w1_il_vsu_end       =  1.20000e+00
w1_il_icv_end       =  1.03503e-11
w1_il_irb_end       =  7.09993e-12
w1_il_ist_end       =  3.45457e-12
w1_il_vx_setmax     =  6.99485e-06 at=  1.68956e-04
w1_il_vx_setmin     =  6.83451e-06 at=  1.30006e-04
w1_il_vx_winmin     =  6.24954e-11 at=  2.00037e-05
w1_il_ist_peak      =  3.55493e-12 at=  2.00049e-05
w1_il_t99           =   1.68962e-04
w1_ss_vx_end        =  3.80292e-04
w1_ss_bb_end        =  2.22652e-08
w1_ss_pb_end        =  3.29920e+00
w1_ss_vg_end        =  1.48963e-01
w1_ss_vsu_end       =  1.20000e+00
w1_ss_icv_end       =  1.43514e-10
w1_ss_irb_end       =  1.39277e-10
w1_ss_ist_end       =  3.54211e-12
w1_ss_vx_setmax     =  3.80029e-04 at=  1.68956e-04
w1_ss_vx_setmin     =  1.97217e-04 at=  1.30006e-04
w1_ss_vx_winmin     =  6.24938e-11 at=  2.00037e-05
w1_ss_ist_peak      =  3.55538e-12 at=  2.69563e-05
w1_ss_t99           =   1.68962e-04
w1_vref_end         =  1.20000e+00

ngspice-46 done
