
Note: Compatibility modes selected: hs a


Circuit: * psrr-dc @ tt_-40c_2.97v -- generated by sim/harness, do not edit

Doing analysis at TEMP = -40.000000 and TNOM = 27.000000

Using SPARSE 1.3 as Direct Linear Solver
 Reference value :  0.00000e+00
No. of Data Rows : 1
Doing analysis at TEMP = -40.000000 and TNOM = 27.000000

Using SPARSE 1.3 as Direct Linear Solver

No. of Data Rows : 121
gpsr10_db           =  1.18956e+01
gpsr100_db          =  1.93211e+00
gpsr1k_db           =  1.51293e+00
gpsr10k_db          =  1.89198e+00
gpsr100k_db         =  9.37409e+00
adiff1k_db          =  5.88718e+01
adiff10k_db         =  4.57888e+01
adiff100k_db        =  4.45643e+01
Doing analysis at TEMP = -40.000000 and TNOM = 27.000000

Using SPARSE 1.3 as Direct Linear Solver

No. of Data Rows : 1
m_gpsr_1k_vv = 1.1902726785e+00
m_gpsr_1k_db = 1.5129290000e+00
m_gpsr_100k_db = 9.3740950000e+00
m_adiff_1k_db = 5.8871770000e+01
m_adiff_100k_db = 4.4564320000e+01
m_psrr_amp_1k_db = 5.7358841000e+01
m_psrr_ldo_1k_db = 5.5349944819e+01
m_psrr_ldo_10k_db = 4.2266984819e+01
m_psrr_ldo_1k_tracking_db = 6.9756750911e+01
Note: Simulation executed from .control section 

Warning: m=xx on .subckt line will override multiplier m hierarchy!

Note: Starting dynamic gmin stepping
Note: Dynamic gmin stepping completed
Note: Starting dynamic gmin stepping
Note: Dynamic gmin stepping completed
Note: Starting dynamic gmin stepping
Note: Dynamic gmin stepping completed
