
Note: Compatibility modes selected: hs a


Circuit: * startup @ tt_27c_2.97v -- generated by sim/harness, do not edit

Doing analysis at TEMP = 27.000000 and TNOM = 27.000000

Using SPARSE 1.3 as Direct Linear Solver

Initial Transient Solution
--------------------------

Node                                   Voltage
----                                   -------
vin                                       2.97
en                                           0
vout_full                          1.98071e-09
loop_full                                 2.97
xdut_full.fb                       1.32048e-09
xdut_full.vref                             1.2
xdut_full.xerramp.nbias            8.11673e-10
xdut_full.xerramp.xrbias.11        1.09926e-09
xdut_full.xerramp.xrbias.21        3.41381e-06
xdut_full.xerramp.rbt               3.4141e-06
xdut_full.xerramp.tail                0.789404
xdut_full.xerramp.nd                      2.97
xdut_full.xerramp.n1                      2.97
xdut_full.xerramp.nz                      2.97
xdut_full.xerramp.xrz.11                  2.97
xdut_full.xerramp.xrz.21                  2.97
xdut_full.bg                              2.97
xdut_full.xerramp.nrza                    2.97
xdut_full.xerramp.xrza.11                 2.97
xdut_full.xerramp.xrza.21                 2.97
xdut_full.xerramp.nf                      2.97
xdut_full.xerramp.nbp                     2.97
xdut_full.xerramp.xrbufb.11               2.97
xdut_full.xerramp.xrbufb.21               2.97
xdut_full.xerramp.enb                     2.97
xdut_full.xilimit.isns              2.2114e-09
xdut_full.xilimit.xrsns.11         1.98568e-09
xdut_full.xilimit.xrsns.21         2.20644e-09
xdut_full.xilimit.pb                   2.68832
xdut_full.xilimit.vth              3.94152e-07
xdut_full.xilimit.xrref.11         2.12361e-09
xdut_full.xilimit.xrref.21         3.94009e-07
xdut_full.xilimit.bt                       1.2
xdut_full.xilimit.bb                       1.2
xdut_full.xilimit.xrbias.11                1.2
xdut_full.xilimit.xrbias.21                1.2
xdut_full.xilimit.cn                   0.15208
xdut_full.xilimit.tail                0.984071
xdut_full.xilimit.co               7.34076e-10
xdut_full.xilimit.xrtail.11           0.984071
xdut_full.xilimit.xrtail.21           0.984072
xdut_full.xilimit.tailp               0.984072
xdut_full.xilimit.enb                     2.97
xdut_full.xilimit.clg                     2.97
xdut_full.xilimit.xrl2.11                 2.97
xdut_full.xilimit.xrl2.21                 2.97
xdut_full.xsoftstart.bt                    1.2
xdut_full.xsoftstart.bb                    1.2
xdut_full.xsoftstart.xrss_bias.11             1.2
xdut_full.xsoftstart.xrss_bias.21             1.2
xdut_full.xsoftstart.ssr           1.32053e-08
xdut_full.xsoftstart.enb                  2.97
xdut_full.xsoftstart.tailp            0.984132
xdut_full.xsoftstart.tail             0.984128
xdut_full.xsoftstart.xrtail_ss.11        0.984128
xdut_full.xsoftstart.xrtail_ss.21        0.984132
xdut_full.xsoftstart.cn               0.152122
xdut_full.xsoftstart.co               0.152124
xdut_full.xsoftstart.lp             1.9693e-05
xdut_full.xsoftstart.clg           7.74125e-10
xdut_full.xsoftstart.xrl2_ss.11     8.82492e-10
xdut_full.xsoftstart.xrl2_ss.21     1.96929e-05
n_esr_full                         1.98071e-09
vout_min                           3.30102e-05
loop_min                                  2.97
xdut_min.fb                        2.20068e-05
xdut_min.vref                              1.2
xdut_min.xerramp.nbias             8.11673e-10
xdut_min.xerramp.xrbias.11         1.09926e-09
xdut_min.xerramp.xrbias.21         3.41381e-06
xdut_min.xerramp.rbt                3.4141e-06
xdut_min.xerramp.tail                 0.789505
xdut_min.xerramp.nd                       2.97
xdut_min.xerramp.n1                       2.97
xdut_min.xerramp.nz                       2.97
xdut_min.xerramp.xrz.11                   2.97
xdut_min.xerramp.xrz.21                   2.97
xdut_min.bg                               2.97
xdut_min.xerramp.nrza                     2.97
xdut_min.xerramp.xrza.11                  2.97
xdut_min.xerramp.xrza.21                  2.97
xdut_min.xerramp.nf                       2.97
xdut_min.xerramp.nbp                      2.97
xdut_min.xerramp.xrbufb.11                2.97
xdut_min.xerramp.xrbufb.21                2.97
xdut_min.xerramp.enb                      2.97
xdut_min.xilimit.isns              3.30104e-05
xdut_min.xilimit.xrsns.11          3.30102e-05
xdut_min.xilimit.xrsns.21          3.30104e-05
xdut_min.xilimit.pb                    2.68832
xdut_min.xilimit.vth               3.34023e-05
xdut_min.xilimit.xrref.11          3.30103e-05
xdut_min.xilimit.xrref.21          3.34022e-05
xdut_min.xilimit.bt                        1.2
xdut_min.xilimit.bb                        1.2
xdut_min.xilimit.xrbias.11                 1.2
xdut_min.xilimit.xrbias.21                 1.2
xdut_min.xilimit.cn                   0.152076
xdut_min.xilimit.tail                 0.984092
xdut_min.xilimit.co                7.33996e-10
xdut_min.xilimit.xrtail.11            0.984092
xdut_min.xilimit.xrtail.21            0.984093
xdut_min.xilimit.tailp                0.984093
xdut_min.xilimit.enb                      2.97
xdut_min.xilimit.clg                      2.97
xdut_min.xilimit.xrl2.11                  2.97
xdut_min.xilimit.xrl2.21                  2.97
xdut_min.xsoftstart.bt                     1.2
xdut_min.xsoftstart.bb                     1.2
xdut_min.xsoftstart.xrss_bias.11             1.2
xdut_min.xsoftstart.xrss_bias.21             1.2
xdut_min.xsoftstart.ssr            1.32053e-08
xdut_min.xsoftstart.enb                   2.97
xdut_min.xsoftstart.tailp             0.984162
xdut_min.xsoftstart.tail              0.984158
xdut_min.xsoftstart.xrtail_ss.11        0.984158
xdut_min.xsoftstart.xrtail_ss.21        0.984162
xdut_min.xsoftstart.cn                0.152133
xdut_min.xsoftstart.co                0.152143
xdut_min.xsoftstart.lp              1.9693e-05
xdut_min.xsoftstart.clg            7.74125e-10
xdut_min.xsoftstart.xrl2_ss.11     8.82492e-10
xdut_min.xsoftstart.xrl2_ss.21     1.96929e-05
n_esr_min                          3.30102e-05
vin_short                                 2.97
vout_short                          5.5022e-11
loop_short                                2.97
xdut_short.fb                      3.66813e-11
xdut_short.vref                            1.2
xdut_short.xerramp.nbias           8.11673e-10
xdut_short.xerramp.xrbias.11       1.09926e-09
xdut_short.xerramp.xrbias.21       3.41381e-06
xdut_short.xerramp.rbt              3.4141e-06
xdut_short.xerramp.tail               0.789463
xdut_short.xerramp.nd                     2.97
xdut_short.xerramp.n1                     2.97
xdut_short.xerramp.nz                     2.97
xdut_short.xerramp.xrz.11                 2.97
xdut_short.xerramp.xrz.21                 2.97
xdut_short.bg                             2.97
xdut_short.xerramp.nrza                   2.97
xdut_short.xerramp.xrza.11                2.97
xdut_short.xerramp.xrza.21                2.97
xdut_short.xerramp.nf                     2.97
xdut_short.xerramp.nbp                    2.97
xdut_short.xerramp.xrbufb.11              2.97
xdut_short.xerramp.xrbufb.21              2.97
xdut_short.xerramp.enb                    2.97
xdut_short.xilimit.isns            2.85709e-10
xdut_short.xilimit.xrsns.11        5.99877e-11
xdut_short.xilimit.xrsns.21        2.80743e-10
xdut_short.xilimit.pb                  2.68832
xdut_short.xilimit.vth             3.92226e-07
xdut_short.xilimit.xrref.11        1.97919e-10
xdut_short.xilimit.xrref.21        3.92083e-07
xdut_short.xilimit.bt                      1.2
xdut_short.xilimit.bb                      1.2
xdut_short.xilimit.xrbias.11               1.2
xdut_short.xilimit.xrbias.21               1.2
xdut_short.xilimit.cn                 0.152084
xdut_short.xilimit.tail               0.984074
xdut_short.xilimit.co              7.34121e-10
xdut_short.xilimit.xrtail.11          0.984074
xdut_short.xilimit.xrtail.21          0.984075
xdut_short.xilimit.tailp              0.984075
xdut_short.xilimit.enb                    2.97
xdut_short.xilimit.clg                    2.97
xdut_short.xilimit.xrl2.11                2.97
xdut_short.xilimit.xrl2.21                2.97
xdut_short.xsoftstart.bt                   1.2
xdut_short.xsoftstart.bb                   1.2
xdut_short.xsoftstart.xrss_bias.11             1.2
xdut_short.xsoftstart.xrss_bias.21             1.2
xdut_short.xsoftstart.ssr          1.32053e-08
xdut_short.xsoftstart.enb                 2.97
xdut_short.xsoftstart.tailp            0.98415
xdut_short.xsoftstart.tail            0.984146
xdut_short.xsoftstart.xrtail_ss.11        0.984146
xdut_short.xsoftstart.xrtail_ss.21         0.98415
xdut_short.xsoftstart.cn              0.152136
xdut_short.xsoftstart.co              0.152138
xdut_short.xsoftstart.lp            1.9693e-05
xdut_short.xsoftstart.clg          7.74125e-10
xdut_short.xsoftstart.xrl2_ss.11     8.82492e-10
xdut_short.xsoftstart.xrl2_ss.21     1.96929e-05
n_esr_short                         5.5022e-11
v.xdut_short.xsoftstart.vbsense_ss#branch     1.34256e-12
v.xdut_short.xilimit.vbsense#branch     1.34256e-12
v.xdut_min.xsoftstart.vbsense_ss#branch     1.34256e-12
v.xdut_min.xilimit.vbsense#branch     1.34256e-12
v.xdut_full.xsoftstart.vbsense_ss#branch     1.34256e-12
v.xdut_full.xilimit.vbsense#branch     1.34256e-12
v.xdut_short.vref1#branch         -2.68513e-12
vamm_short#branch                  1.22992e-10
v.xdut_min.vref1#branch           -2.68513e-12
v.xdut_full.vref1#branch          -2.68513e-12
ven#branch                                   0
vsup#branch                       -3.70437e-10

 Reference value :  0.00000e+00
 Reference value :  6.67928e-05
 Reference value :  2.58859e-04
 Reference value :  4.40594e-04
 Reference value :  6.49594e-04
 Reference value :  8.43594e-04
 Reference value :  1.04259e-03
 Reference value :  1.23859e-03
 Reference value :  1.44059e-03
 Reference value :  1.63659e-03
 Reference value :  1.83059e-03
 Reference value :  2.03159e-03
 Reference value :  2.24359e-03
 Reference value :  2.46459e-03
 Reference value :  2.67959e-03
 Reference value :  2.89859e-03
 Reference value :  3.12359e-03
 Reference value :  3.34459e-03
 Reference value :  3.56859e-03
 Reference value :  3.78781e-03
 Reference value :  3.97216e-03
 Reference value :  4.22616e-03
 Reference value :  4.47116e-03
 Reference value :  4.69816e-03
 Reference value :  4.92516e-03
 Reference value :  5.15116e-03
 Reference value :  5.37116e-03
 Reference value :  5.57816e-03
 Reference value :  5.80716e-03
No. of Data Rows : 6088
t_settle_full       =  3.72720e-03
vpeak_full          =  1.80993e+00 at=  3.78259e-03
t_settle_min        =  3.71850e-03
vpeak_min           =  1.80980e+00 at=  3.78880e-03
vpeak_short         =  7.53741e-02 at=  2.37159e-03
vfinal_short        =  7.53741e-02
ipeak_short         =  7.91313e-02 at=  3.82859e-04
m_tsettle_full_ms = 3.7262030000e+00
m_overshoot_full_mv = -2.606800000e+01
m_tsettle_min_ms = 3.7174990000e+00
m_overshoot_min_mv = -2.619700000e+01
m_vfinal_short_v = 7.5374080000e-02
m_ipeak_short_ma = 7.9131300000e+01
Note: Simulation executed from .control section 

Warning: m=xx on .subckt line will override multiplier m hierarchy!

