
Note: No compatibility mode selected!


Circuit: * klt sim -- generated corner deck, do not edit

Doing analysis at TEMP = 27.000000 and TNOM = 27.000000

Using SPARSE 1.3 as Direct Linear Solver
Note: Starting dynamic gmin stepping
Note: Dynamic gmin stepping completed

Initial Transient Solution
--------------------------

Node                                   Voltage
----                                   -------
vin                                       3.63
en                                        3.63
vref                                       1.2
vout                                0.00333332
pg                                      2.9529
xdut.fb                             0.00222431
xdut.xerramp.nbias                    0.721164
xdut.xerramp.xrbias.11                0.721409
xdut.xerramp.xrbias.21                 3.62872
xdut.xerramp.rbt                       3.62897
xdut.xerramp.tail                     0.454873
xdut.xerramp.nd                        2.27587
xdut.xerramp.n1                           3.63
xdut.xerramp.nz                           3.63
xdut.xerramp.xrz.11                       3.63
xdut.xerramp.xrz.21                       3.63
eout                                    2.9529
xdut.bg                                 2.0774
xdut.xerramp.nrza                         3.63
xdut.xerramp.xrza.11                      3.63
xdut.xerramp.xrza.21                      3.63
xdut.xerramp.nf                         2.8537
xdut.xerramp.nbp                          3.63
xdut.xerramp.xrbufb.11                    3.63
xdut.xerramp.xrbufb.21                    3.63
xdut.xerramp.enb                    4.5156e-09
xdut.xilimit.isns                   0.00346014
xdut.xilimit.xrsns.11               0.00333605
xdut.xilimit.xrsns.21               0.00345741
xdut.xilimit.pb                        3.62997
xdut.xilimit.vth                     0.0033338
xdut.xilimit.xrref.11               0.00333332
xdut.xilimit.xrref.21                0.0033338
xdut.xilimit.pb_acqcv                  3.62997
xdut.xilimit.vg                    3.77257e-11
xdut.xilimit.vx                    2.66842e-09
xdut.xilimit.vtl                       1.32574
xdut.xilimit.vo1                    0.00835663
xdut.xilimit.vd1                      0.199955
xdut.xilimit.vsu                           1.2
xdut.xilimit.pb_acqst                  3.62997
xdut.xilimit.bb                    0.000300465
xdut.xilimit.xrbias.11             0.000300456
xdut.xilimit.xrbias.21             1.18499e-08
xdut.xilimit.vx_acqrb              2.66842e-09
xdut.xilimit.cn                       0.558293
xdut.xilimit.tail                      1.60342
xdut.xilimit.co                       0.579378
xdut.xilimit.xrtail.11                 1.60357
xdut.xilimit.xrtail.21                  3.6267
xdut.xilimit.tailp                     3.62685
xdut.xilimit.enb                    4.5156e-09
xdut.xilimit.clg                       2.73445
xdut.xilimit.xrl2.11                   2.73452
xdut.xilimit.xrl2.21                   3.62993
hold_acq                                     1
xdut.xsoftstart.pb_ss_acqcv            3.62997
xdut.xsoftstart.vg_ss              1.88628e-09
xdut.xsoftstart.vx_ss              9.63978e-10
xdut.xsoftstart.vtl_ss                 1.38215
xdut.xsoftstart.pb_ss                  3.62997
xdut.xsoftstart.vo1_ss              0.00120268
xdut.xsoftstart.vd1_ss                0.266302
xdut.xsoftstart.vsu_ss                     1.2
xdut.xsoftstart.pb_ss_acqst            3.62997
xdut.xsoftstart.bb                 0.000300483
xdut.xsoftstart.ssr                    2.24544
xdut.xsoftstart.xrss_bias.11        0.00030048
xdut.xsoftstart.xrss_bias.21       4.27075e-09
xdut.xsoftstart.vx_ss_acqrb        9.63978e-10
xdut.xsoftstart.sd                  4.5156e-09
xdut.xsoftstart.gmsa                   3.26617
xdut.xsoftstart.gmia                  0.634046
xdut.xsoftstart.gmvss              0.000409659
xdut.xsoftstart.gmsb                   3.21521
xdut.xsoftstart.gmsum                  3.20108
xdut.xsoftstart.gmrm                   3.41559
xdut.xsoftstart.gmod                   1.79071
xdut.xsoftstart.fbp                    1.15764
xdut.xsoftstart.hg                        3.63
xdut.xsoftstart.enb                 4.5156e-09
xdut.xsoftstart.xrh_ss.11                 3.63
xdut.xsoftstart.xrh_ss.21                 3.63
xdut.xsoftstart.xrr_ss.11           4.5156e-09
xdut.xsoftstart.xrr_ss.21           4.5156e-09
acq_il_w1                               -1.188
acq_ss_w1                               -1.188
n_esr                               0.00333332
bacq_ss_w1#branch                            0
bacq_il_w1#branch                            0
een#branch                         -6.7446e-15
vloop#branch                       8.95565e-06
vhold#branch                                 0
v.xdut.xsoftstart.vacq_rb#branch    -9.59405e-11
v.xdut.xsoftstart.vacq_st#branch     2.87815e-06
v.xdut.xsoftstart.vacq_cv#branch     4.13258e-12
v.xdut.xilimit.vacq_rb#branch     -2.66385e-10
v.xdut.xilimit.vacq_st#branch      2.87815e-06
v.xdut.xilimit.vacq_cv#branch      4.13256e-12
vref#branch                        7.10543e-15
vin#branch                        -0.000125229


No. of Data Rows : 3716

  Measurements for Transient Analysis

w1_il_vx_end        =  1.19999e+00
w1_il_bb_end        =  1.12858e-04
w1_il_pb_end        =  2.67066e+00
w1_il_vg_end        =  2.11142e+00
w1_il_vsu_end       =  4.95697e-08
w1_il_icv_end       =  1.06326e-06
w1_il_irb_end       =  1.06377e-06
w1_il_ist_end       =  -5.27919e-11
w1_il_vx_setmax     =  1.19999e+00 at=  1.31040e-04
w1_il_vx_setmin     =  1.19999e+00 at=  1.30190e-04
w1_il_vx_winmin     =  -7.88770e-04 at=  2.00338e-05
w1_il_ist_peak      =  2.87815e-06 at=  2.00049e-05
w1_il_t99           =   3.74014e-05
w1_ss_vx_end        =  1.19999e+00
w1_ss_bb_end        =  4.06453e-05
w1_ss_pb_end        =  2.86469e+00
w1_ss_vg_end        =  2.06716e+00
w1_ss_vsu_end       =  5.30726e-08
w1_ss_icv_end       =  3.83140e-07
w1_ss_irb_end       =  3.83130e-07
w1_ss_ist_end       =  2.87646e-12
w1_ss_vx_setmax     =  1.19999e+00 at=  1.58190e-04
w1_ss_vx_setmin     =  1.19999e+00 at=  1.52840e-04
w1_ss_vx_winmin     =  -4.05444e-04 at=  2.21183e-05
w1_ss_ist_peak      =  2.87815e-06 at=  2.00049e-05
w1_ss_t99           =   6.24127e-05
w1_vref_end         =  1.20000e+00

ngspice-46 done
