
Note: No compatibility mode selected!


Circuit: * klt sim -- generated corner deck, do not edit

Doing analysis at TEMP = 27.000000 and TNOM = 27.000000

Using SPARSE 1.3 as Direct Linear Solver
Note: Starting dynamic gmin stepping
Note: Dynamic gmin stepping completed

Initial Transient Solution
--------------------------

Node                                   Voltage
----                                   -------
vin                                       3.63
en                                        3.63
vref                                       1.2
vout                                0.00300724
pg                                     2.92528
xdut.fb                              0.0020069
xdut.xerramp.nbias                    0.894827
xdut.xerramp.xrbias.11                0.895019
xdut.xerramp.xrbias.21                 3.62897
xdut.xerramp.rbt                       3.62916
xdut.xerramp.tail                     0.314838
xdut.xerramp.nd                        2.29593
xdut.xerramp.n1                           3.63
xdut.xerramp.nz                           3.63
xdut.xerramp.xrz.11                       3.63
xdut.xerramp.xrz.21                       3.63
eout                                   2.92528
xdut.bg                                2.02969
xdut.xerramp.nrza                         3.63
xdut.xerramp.xrza.11                      3.63
xdut.xerramp.xrza.21                      3.63
xdut.xerramp.nf                        2.82985
xdut.xerramp.nbp                          3.63
xdut.xerramp.xrbufb.11                    3.63
xdut.xerramp.xrbufb.21                    3.63
xdut.xerramp.enb                   4.98051e-09
xdut.xilimit.isns                   0.00314355
xdut.xilimit.xrsns.11                0.0030097
xdut.xilimit.xrsns.21               0.00314108
xdut.xilimit.pb                        3.62999
xdut.xilimit.vth                    0.00300779
xdut.xilimit.xrref.11               0.00300724
xdut.xilimit.xrref.21               0.00300779
xdut.xilimit.pb_acqcv                  3.62999
xdut.xilimit.vg                    3.74028e-11
xdut.xilimit.vx                    1.08447e-09
xdut.xilimit.vtl                       1.36667
xdut.xilimit.vo1                    0.00878495
xdut.xilimit.vd1                      0.380863
xdut.xilimit.vsu                           1.2
xdut.xilimit.pb_acqst                  3.62999
xdut.xilimit.bb                    0.000152894
xdut.xilimit.xrbias.11              0.00015289
xdut.xilimit.xrbias.21             4.82217e-09
xdut.xilimit.vx_acqrb              1.08447e-09
xdut.xilimit.cn                       0.736565
xdut.xilimit.tail                      1.63291
xdut.xilimit.co                       0.760053
xdut.xilimit.xrtail.11                 1.63302
xdut.xilimit.xrtail.21                 3.62732
xdut.xilimit.tailp                     3.62744
xdut.xilimit.enb                   4.98051e-09
xdut.xilimit.clg                        2.7149
xdut.xilimit.xrl2.11                   2.71496
xdut.xilimit.xrl2.21                   3.62995
hold_acq                                     1
xdut.xsoftstart.pb_ss_acqcv            3.62999
xdut.xsoftstart.vg_ss              1.87014e-09
xdut.xsoftstart.vx_ss              3.90595e-10
xdut.xsoftstart.vtl_ss                 1.42302
xdut.xsoftstart.pb_ss                  3.62999
xdut.xsoftstart.vo1_ss              0.00122075
xdut.xsoftstart.vd1_ss                0.449565
xdut.xsoftstart.vsu_ss                     1.2
xdut.xsoftstart.pb_ss_acqst            3.62999
xdut.xsoftstart.bb                 0.000152902
xdut.xsoftstart.ssr                    2.27863
xdut.xsoftstart.xrss_bias.11       0.000152901
xdut.xsoftstart.xrss_bias.21       1.73673e-09
xdut.xsoftstart.vx_ss_acqrb        3.90595e-10
xdut.xsoftstart.sd                 4.98051e-09
xdut.xsoftstart.gmsa                   3.32027
xdut.xsoftstart.gmia                  0.816497
xdut.xsoftstart.gmvss              0.000391798
xdut.xsoftstart.gmsb                   3.27818
xdut.xsoftstart.gmsum                  3.26614
xdut.xsoftstart.gmrm                    3.4484
xdut.xsoftstart.gmod                   1.78608
xdut.xsoftstart.fbp                    1.19728
xdut.xsoftstart.hg                        3.63
xdut.xsoftstart.enb                4.98051e-09
xdut.xsoftstart.xrh_ss.11                 3.63
xdut.xsoftstart.xrh_ss.21                 3.63
xdut.xsoftstart.xrr_ss.11          4.98051e-09
xdut.xsoftstart.xrr_ss.21          4.98051e-09
acq_il_w1                               -1.188
acq_ss_w1                               -1.188
n_esr                               0.00300724
bacq_ss_w1#branch                            0
bacq_il_w1#branch                            0
een#branch                        -6.75848e-15
vloop#branch                       6.98413e-06
vhold#branch                                 0
v.xdut.xsoftstart.vacq_rb#branch    -3.90561e-11
v.xdut.xsoftstart.vacq_st#branch     1.30889e-06
v.xdut.xsoftstart.vacq_cv#branch     3.63931e-12
v.xdut.xilimit.vacq_rb#branch     -1.08443e-10
v.xdut.xilimit.vacq_st#branch      1.30889e-06
v.xdut.xilimit.vacq_cv#branch      3.63926e-12
vref#branch                        4.44089e-14
vin#branch                        -0.000107508


No. of Data Rows : 3584

  Measurements for Transient Analysis

w1_il_vx_end        =  1.19999e+00
w1_il_bb_end        =  1.01756e-04
w1_il_pb_end        =  2.65163e+00
w1_il_vg_end        =  2.31872e+00
w1_il_vsu_end       =  8.12355e-08
w1_il_icv_end       =  8.58731e-07
w1_il_irb_end       =  8.54428e-07
w1_il_ist_end       =  6.24649e-10
w1_il_vx_setmax     =  1.19999e+00 at=  1.30259e-04
w1_il_vx_setmin     =  1.19999e+00 at=  1.33409e-04
w1_il_vx_winmin     =  -5.98146e-04 at=  2.00580e-05
w1_il_ist_peak      =  1.30889e-06 at=  2.00049e-05
w1_il_t99           =   4.25722e-05
w1_ss_vx_end        =  1.19999e+00
w1_ss_bb_end        =  3.66449e-05
w1_ss_pb_end        =  2.84038e+00
w1_ss_vg_end        =  2.27435e+00
w1_ss_vsu_end       =  8.32910e-08
w1_ss_icv_end       =  3.06513e-07
w1_ss_irb_end       =  3.06467e-07
w1_ss_ist_end       =  4.51048e-12
w1_ss_vx_setmax     =  1.19999e+00 at=  1.64759e-04
w1_ss_vx_setmin     =  1.19999e+00 at=  1.41409e-04
w1_ss_vx_winmin     =  -1.71453e-04 at=  2.44436e-05
w1_ss_ist_peak      =  1.30889e-06 at=  2.00030e-05
w1_ss_t99           =   7.29497e-05
w1_vref_end         =  1.20000e+00

ngspice-46 done
