
Note: Compatibility modes selected: hs a


Circuit: * amp-openloop @ sf_125c_2.97v -- generated by sim/harness, do not edit

Doing analysis at TEMP = 125.000000 and TNOM = 27.000000

Using SPARSE 1.3 as Direct Linear Solver
 Reference value :  0.00000e+00
No. of Data Rows : 1
Doing analysis at TEMP = 125.000000 and TNOM = 27.000000

Using SPARSE 1.3 as Direct Linear Solver
 Reference value :  2.11349e+08
No. of Data Rows : 401
a0_db               =  1.08507e+02
ugbw_hz             =  2.08747e+06
ph_ugbw             =  1.49080e+02
g1k_db              =  5.54346e+01
ph1k                =  -8.90499e+01
a0ll_db             =  1.07020e+02
g1kll_db            =  5.58928e+01
a0dr_db             =  1.07514e+02
g1kdr_db            =  5.17483e+01
apk_db              =  2.03144e+01 at=  2.11349e+05
a200k_db            =  2.03344e+01
apkll_db            =  3.37874e+01 at=  2.11349e+05
a200kll_db          =  3.40694e+01
Doing analysis at TEMP = 125.000000 and TNOM = 27.000000

Using SPARSE 1.3 as Direct Linear Solver

No. of Data Rows : 1
m_a0_db = 1.0850690000e+02
m_ugbw_khz = 2.0874730000e+03
m_pm_deg = 3.2908030000e+02
m_gain_1k_db = 5.5434640000e+01
m_phase_1k_deg = -8.904986000e+01
m_a0_lightload_db = 1.0702050000e+02
m_gain_1k_lightload_db = 5.5892820000e+01
m_a0_dropout_db = 1.0751410000e+02
m_gain_1k_dropout_db = 5.1748270000e+01
m_vos_sys_uv = 5.4889925973e+02
m_iq_ua = 8.2160829480e+00
m_iq_dropout_ua = 5.0967230458e+00
m_tail_hdr_mv = 4.4380142855e+02
m_tail_hdr_dropout_mv = 4.6383677844e+02
m_vg_pulldown_mv = 3.4519669757e-02
m_vg_pullup_hdr_mv = 7.7776446450e-02
m_peak_excess_db = -1.997000000e-02
m_peak_excess_lightload_db = -2.819700000e-01
Note: Simulation executed from .control section 

Warning: m=xx on .subckt line will override multiplier m hierarchy!

Note: Starting dynamic gmin stepping
Note: Dynamic gmin stepping completed
Note: Starting dynamic gmin stepping
Note: Dynamic gmin stepping completed
Note: Starting dynamic gmin stepping
Note: Dynamic gmin stepping completed
