Warning: m=xx on .subckt line will override multiplier m hierarchy!

Note: ven: dc value used for op instead of transient time=0 value.
Note: Starting dynamic gmin stepping
Note: Dynamic gmin stepping completed

Note: Compatibility modes selected: hs a


Circuit: * enable-shutdown -- enable/disable behaviour and shutdown quiescent current

Doing analysis at TEMP = 27.000000 and TNOM = 27.000000

Using SPARSE 1.3 as Direct Linear Solver
 Reference value :  0.00000e+00
No. of Data Rows : 1
m_vout_en = 1.799479e+00
m_iload_en_ma = 4.998552e+01
m_isup_en_ua = 4.999719e+04
m_iref_en_ua = 1.157571e+00
m_iq_en_ua = 1.282423e+01
Doing analysis at TEMP = 27.000000 and TNOM = 27.000000

Using SPARSE 1.3 as Direct Linear Solver

No. of Data Rows : 1
m_vout_off = 1.344572e-04
m_pg_off = 3.300000e+00
m_clg_off = 3.300000e+00
m_nbias_off = 1.055541e-09
m_isup_off_ua = 2.201936e-04
m_iref_off_ua = 2.685129e-06
m_iloop_off_ua = 3.343994e-06
m_iq_off_ua = 2.228787e-04
Doing analysis at TEMP = 27.000000 and TNOM = 27.000000

Using SPARSE 1.3 as Direct Linear Solver

No. of Data Rows : 1
m_ileak_vin_vout_ua = 1.497292e-04
Doing analysis at TEMP = 27.000000 and TNOM = 27.000000

Using SPARSE 1.3 as Direct Linear Solver

Initial Transient Solution
--------------------------

Node                                   Voltage
----                                   -------
vin                                        3.3
en                                           0
vout                               5.39004e-09
pg                                         3.3
xdut.fb                            3.59336e-09
xdut.vref                                  1.2
xdut.xerramp.nbias                 1.05554e-09
xdut.xerramp.xrbias.11             1.45006e-09
xdut.xerramp.xrbias.21             5.61943e-06
xdut.xerramp.rbt                   5.61982e-06
xdut.xerramp.tail                     0.789668
xdut.xerramp.nd                            3.3
xdut.xerramp.n1                            3.3
xdut.xerramp.nz                            3.3
xdut.xerramp.xrz.11                        3.3
xdut.xerramp.xrz.21                        3.3
eout                                       3.3
xdut.xerramp.enb                           3.3
xdut.xilimit.isns                  5.84087e-09
xdut.xilimit.xrsns.11              5.39818e-09
xdut.xilimit.xrsns.21              5.83272e-09
xdut.xilimit.pb                         3.0183
xdut.xilimit.vth                   5.55907e-07
xdut.xilimit.xrref.11              5.55054e-09
xdut.xilimit.xrref.21              5.55746e-07
xdut.xilimit.bt                            1.2
xdut.xilimit.bb                            1.2
xdut.xilimit.xrbias.11                     1.2
xdut.xilimit.xrbias.21                     1.2
xdut.xilimit.cn                       0.156412
xdut.xilimit.tail                      1.05399
xdut.xilimit.co                    7.82216e-10
xdut.xilimit.xrtail.11                 1.05399
xdut.xilimit.xrtail.21                 1.05399
xdut.xilimit.tailp                     1.05399
xdut.xilimit.enb                           3.3
xdut.xilimit.clg                           3.3
xdut.xilimit.xrl2.11                       3.3
xdut.xilimit.xrl2.21                       3.3
xdut.xsoftstart.bt                         1.2
xdut.xsoftstart.bb                     1.19999
xdut.xsoftstart.xrss_bias.11           1.19999
xdut.xsoftstart.xrss_bias.21               1.2
xdut.xsoftstart.ssr                1.36649e-08
xdut.xsoftstart.enb                        3.3
xdut.xsoftstart.tailp                  1.05404
xdut.xsoftstart.tail                   1.05404
xdut.xsoftstart.xrtail_ss.11           1.05404
xdut.xsoftstart.xrtail_ss.21           1.05404
xdut.xsoftstart.cn                    0.156443
xdut.xsoftstart.co                    0.156442
xdut.xsoftstart.lp                 3.07373e-05
xdut.xsoftstart.clg                 9.1569e-10
xdut.xsoftstart.xrl2_ss.11           1.051e-09
xdut.xsoftstart.xrl2_ss.21         3.07372e-05
n_esr                              5.39004e-09
ln                                           0
vf                                           0
v.xdut.xsoftstart.vbsense_ss#branch     1.34256e-12
v.xdut.xilimit.vbsense#branch      1.34256e-12
vforce#branch                      5.39004e-18
vlmeas#branch                      1.49723e-10
vloop#branch                         3.344e-12
v.xdut.vref1#branch               -2.68513e-12
ven#branch                                   0
vin#branch                        -2.19939e-10

 Reference value :  3.15960e-04 Reference value :  7.89960e-04 Reference value :  1.24496e-03 Reference value :  1.68196e-03 Reference value :  2.13796e-03 Reference value :  2.62296e-03 Reference value :  3.06096e-03 Reference value :  3.50296e-03 Reference value :  3.94396e-03 Reference value :  4.37896e-03 Reference value :  4.83896e-03 Reference value :  5.26796e-03 Reference value :  5.74996e-03 Reference value :  6.22196e-03 Reference value :  6.69196e-03 Reference value :  7.15696e-03 Reference value :  7.61296e-03 Reference value :  8.00071e-03 Reference value :  8.42254e-03 Reference value :  8.90354e-03
No. of Data Rows : 9080
m_t_startup         =  4.69759e-03 targ=  4.79801e-03 trig=  1.00424e-04
m_vout_settled      =  1.79948e+00
m_vout_max_en       =  1.80941e+00 at=  4.94696e-03
m_vout_min_reg      =  1.79948e+00 at=  7.98796e-03
m_isup_peak_ma      =  5.64400e+01 at=  4.99096e-03
m_clg_min_reg       =  3.30000e+00 at=  7.03996e-03
m_isup_peak_reg_ma  =  4.99972e+01 at=  7.03296e-03
m_vout_pp_late      =  1.51708e-08 from=  7.50000e-03 to=  7.90000e-03
m_vout_off_tran     =  6.40143e-09
m_vout_max_off      =  1.70635e-06 at=  8.50054e-03
m_pg_off_tran       =  3.30000e+00
Note: Simulation executed from .control section 
