
Note: Compatibility modes selected: hs a


Circuit: * load-transient @ fs_125c_3.30v -- generated by sim/harness, do not edit

Doing analysis at TEMP = 125.000000 and TNOM = 27.000000

Using SPARSE 1.3 as Direct Linear Solver

Initial Transient Solution
--------------------------

Node                                   Voltage
----                                   -------
vin                                        3.3
vout                                   1.79919
loop                                   2.57221
xdut.fb                                1.19946
xdut.vref                                  1.2
xdut.xerramp.nbias                    0.653172
xdut.xerramp.xrbias.11                0.653326
xdut.xerramp.xrbias.21                  3.2985
xdut.xerramp.rbt                       3.29865
xdut.xerramp.tail                     0.559573
xdut.xerramp.nd                        2.15032
xdut.xerramp.n1                        2.58048
xdut.xerramp.nz                        2.58048
xdut.xerramp.xrz.11                    2.58048
xdut.xerramp.xrz.21                    2.58048
xdut.bg                                 1.8928
xdut.xerramp.nrza                      2.58048
xdut.xerramp.xrza.11                   2.58048
xdut.xerramp.xrza.21                   2.58048
xdut.xerramp.nf                        2.23664
xdut.xerramp.nbp                       2.58048
xdut.xerramp.xrbufb.11                 2.58048
xdut.xerramp.xrbufb.21                 2.58048
xdut.xerramp.enb                   6.12014e-09
xdut.xilimit.isns                      1.80055
xdut.xilimit.xrsns.11                  1.79921
xdut.xilimit.xrsns.21                  1.80052
xdut.xilimit.pb                        2.42006
xdut.xilimit.vth                       1.90032
xdut.xilimit.xrref.11                  1.79922
xdut.xilimit.xrref.21                  1.90029
xdut.xilimit.bt                            1.2
xdut.xilimit.bb                    0.000173681
xdut.xilimit.xrbias.11             0.000204211
xdut.xilimit.xrbias.21                 1.19997
xdut.xilimit.cn                       0.413583
xdut.xilimit.tail                      2.77967
xdut.xilimit.co                      0.0085293
xdut.xilimit.xrtail.11                 2.77971
xdut.xilimit.xrtail.21                 3.29873
xdut.xilimit.tailp                     3.29876
xdut.xilimit.enb                   6.12014e-09
xdut.xilimit.clg                       3.29992
xdut.xilimit.xrl2.11                   3.29992
xdut.xilimit.xrl2.21                       3.3
xdut.xsoftstart.bt                         1.2
xdut.xsoftstart.bb                 6.25513e-05
xdut.xsoftstart.xrss_bias.11       7.35471e-05
xdut.xsoftstart.xrss_bias.21           1.19999
xdut.xsoftstart.ssr                    2.24078
xdut.xsoftstart.enb                6.12014e-09
xdut.xsoftstart.tailp                  3.29941
xdut.xsoftstart.tail                    2.3105
xdut.xsoftstart.xrtail_ss.11           2.31051
xdut.xsoftstart.xrtail_ss.21            3.2994
xdut.xsoftstart.cn                    0.383091
xdut.xsoftstart.co                 0.000644192
xdut.xsoftstart.lp                         3.3
xdut.xsoftstart.clg                    3.29737
xdut.xsoftstart.xrl2_ss.11             3.29737
xdut.xsoftstart.xrl2_ss.21                 3.3
ilc                                      0.001
nload                                        0
n_esr                                  1.79919
v.xdut.xsoftstart.vbsense_ss#branch     4.38685e-07
v.xdut.xilimit.vbsense#branch      1.21801e-06
vlmeas#branch                            0.001
vilc#branch                                  0
v.xdut.vref1#branch                -1.6567e-06
vsup#branch                        -0.00101578

 Reference value :  0.00000e+00
 Reference value :  1.56856e-05
 Reference value :  3.10256e-05
 Reference value :  4.67456e-05
 Reference value :  6.21100e-05
 Reference value :  7.77500e-05
 Reference value :  9.31300e-05
 Reference value :  1.08470e-04
 Reference value :  1.24350e-04
 Reference value :  1.39810e-04
 Reference value :  1.54890e-04
 Reference value :  1.70830e-04
 Reference value :  1.86710e-04
 Reference value :  2.01810e-04
 Reference value :  2.16890e-04
 Reference value :  2.32190e-04
 Reference value :  2.48270e-04
 Reference value :  2.63970e-04
 Reference value :  2.80350e-04
 Reference value :  2.96030e-04
 Reference value :  3.11210e-04
 Reference value :  3.27990e-04
 Reference value :  3.44070e-04
 Reference value :  3.60330e-04
 Reference value :  3.75610e-04
 Reference value :  3.91250e-04
No. of Data Rows : 20032
vmin_load           =  1.73790e+00 at=  5.12300e-05
vmax_load           =  1.85338e+00 at=  1.51510e-04
vmin_line           =  1.79355e+00 at=  2.09230e-04
vmax_line           =  1.79897e+00 at=  3.21990e-04
iload_plateau       =  5.00000e-02 from=  1.00000e-04 to=  1.40010e-04
vout_min_global     =  1.73790e+00 at=  5.12300e-05
m_undershoot_mv = 6.2098000000e+01
m_overshoot_mv = 5.3380000000e+01
m_line_step_dev_lo_mv = 6.4450000000e+00
m_line_step_dev_hi_mv = -1.035000000e+00
m_iload_plateau_ma = 5.0000000000e+01
m_vout_min_global_v = 1.7379020000e+00
m_iload_err_max_ua = 6.9388939039e-12
Note: Simulation executed from .control section 

Warning: m=xx on .subckt line will override multiplier m hierarchy!

Note: Starting dynamic gmin stepping
Note: Dynamic gmin stepping completed
