
Note: Compatibility modes selected: hs a


Circuit: * load-transient @ ss_125c_3.63v -- generated by sim/harness, do not edit

Doing analysis at TEMP = 125.000000 and TNOM = 27.000000

Using SPARSE 1.3 as Direct Linear Solver

Initial Transient Solution
--------------------------

Node                                   Voltage
----                                   -------
vin                                       3.63
vout                                   1.79908
loop                                   2.87366
xdut.fb                                1.19939
xdut.vref                                  1.2
xdut.xerramp.nbias                    0.837998
xdut.xerramp.xrbias.11                0.838133
xdut.xerramp.xrbias.21                 3.62873
xdut.xerramp.rbt                       3.62887
xdut.xerramp.tail                     0.412426
xdut.xerramp.nd                        2.46706
xdut.xerramp.n1                        2.88481
xdut.xerramp.nz                        2.88481
xdut.xerramp.xrz.11                    2.88481
xdut.xerramp.xrz.21                    2.88481
xdut.bg                                2.16996
xdut.xerramp.nrza                      2.88481
xdut.xerramp.xrza.11                   2.88481
xdut.xerramp.xrza.21                   2.88481
xdut.xerramp.nf                        2.52739
xdut.xerramp.nbp                       2.88481
xdut.xerramp.xrbufb.11                 2.88481
xdut.xerramp.xrbufb.21                 2.88481
xdut.xerramp.enb                   7.36693e-09
xdut.xilimit.isns                      1.80071
xdut.xilimit.xrsns.11                  1.79911
xdut.xilimit.xrsns.21                  1.80068
xdut.xilimit.pb                        2.73492
xdut.xilimit.vth                        1.9005
xdut.xilimit.xrref.11                  1.79911
xdut.xilimit.xrref.21                  1.90047
xdut.xilimit.bt                            1.2
xdut.xilimit.bb                    0.000151071
xdut.xilimit.xrbias.11             0.000175496
xdut.xilimit.xrbias.21                 1.19998
xdut.xilimit.cn                       0.608893
xdut.xilimit.tail                      2.90496
xdut.xilimit.co                     0.00910944
xdut.xilimit.xrtail.11                   2.905
xdut.xilimit.xrtail.21                 3.62865
xdut.xilimit.tailp                     3.62868
xdut.xilimit.enb                   7.36693e-09
xdut.xilimit.clg                          3.63
xdut.xilimit.xrl2.11                      3.63
xdut.xilimit.xrl2.21                      3.63
xdut.xsoftstart.bt                         1.2
xdut.xsoftstart.bb                 5.44075e-05
xdut.xsoftstart.xrss_bias.11       6.32042e-05
xdut.xsoftstart.xrss_bias.21           1.19999
xdut.xsoftstart.ssr                    2.34843
xdut.xsoftstart.enb                7.36693e-09
xdut.xsoftstart.tailp                  3.62945
xdut.xsoftstart.tail                   2.42393
xdut.xsoftstart.xrtail_ss.11           2.42394
xdut.xsoftstart.xrtail_ss.21           3.62944
xdut.xsoftstart.cn                    0.570339
xdut.xsoftstart.co                   0.0204506
xdut.xsoftstart.lp                        3.63
xdut.xsoftstart.clg                    3.62985
xdut.xsoftstart.xrl2_ss.11             3.62985
xdut.xsoftstart.xrl2_ss.21                3.63
ilc                                      0.001
nload                                        0
n_esr                                  1.79908
v.xdut.xsoftstart.vbsense_ss#branch     3.50952e-07
v.xdut.xilimit.vbsense#branch       9.7444e-07
vlmeas#branch                            0.001
vilc#branch                                  0
v.xdut.vref1#branch               -1.32539e-06
vsup#branch                        -0.00101436

 Reference value :  0.00000e+00
 Reference value :  1.56256e-05
 Reference value :  3.12056e-05
 Reference value :  4.66256e-05
 Reference value :  6.18900e-05
 Reference value :  7.79700e-05
 Reference value :  9.37900e-05
 Reference value :  1.09350e-04
 Reference value :  1.24230e-04
 Reference value :  1.40290e-04
 Reference value :  1.55830e-04
 Reference value :  1.71750e-04
 Reference value :  1.86770e-04
 Reference value :  2.02190e-04
 Reference value :  2.17990e-04
 Reference value :  2.33530e-04
 Reference value :  2.49050e-04
 Reference value :  2.64430e-04
 Reference value :  2.80150e-04
 Reference value :  2.95670e-04
 Reference value :  3.11450e-04
 Reference value :  3.26890e-04
 Reference value :  3.42170e-04
 Reference value :  3.57370e-04
 Reference value :  3.73490e-04
 Reference value :  3.89190e-04
No. of Data Rows : 20032
vmin_load           =  1.73300e+00 at=  5.12500e-05
vmax_load           =  1.86234e+00 at=  1.51650e-04
vmin_line           =  1.78819e+00 at=  2.13150e-04
vmax_line           =  1.79844e+00 at=  3.21990e-04
iload_plateau       =  5.00000e-02 from=  1.00000e-04 to=  1.40010e-04
vout_min_global     =  1.73300e+00 at=  5.12500e-05
m_undershoot_mv = 6.7002000000e+01
m_overshoot_mv = 6.2339000000e+01
m_line_step_dev_lo_mv = 1.1808000000e+01
m_line_step_dev_hi_mv = -1.564000000e+00
m_iload_plateau_ma = 5.0000000000e+01
m_vout_min_global_v = 1.7329980000e+00
m_iload_err_max_ua = 6.9388939039e-12
Note: Simulation executed from .control section 

Warning: m=xx on .subckt line will override multiplier m hierarchy!

Note: Starting dynamic gmin stepping
Note: Dynamic gmin stepping completed
