
Note: Compatibility modes selected: hs a


Circuit: * psrr-vs-freq-50ma @ tt_-40c_2.97v -- generated by sim/harness, do not edit

Doing analysis at TEMP = -40.000000 and TNOM = 27.000000

Using SPARSE 1.3 as Direct Linear Solver
 Reference value :  0.00000e+00
No. of Data Rows : 1
Doing analysis at TEMP = -40.000000 and TNOM = 27.000000

Using SPARSE 1.3 as Direct Linear Solver
 Reference value :  1.00000e+01
No. of Data Rows : 121
vout_1k             =  -7.98470e+01
t8_i1k              =  1.78479e-11
m_iinj_settled_na = 8.8615133473e-04
m_t8_na_per_v = 1.7847860000e-02
m_psrr_1k_db = 7.9846990000e+01
m_vin_minus_vceil_v = 1.4495076052e+00
m_ssr_settled_v = 2.4862027456e+00
m_vin_minus_ssr_v = 4.8379725436e-01
m_dc_vout_v = 1.7994721591e+00
Note: Simulation executed from .control section 

Warning: m=xx on .subckt line will override multiplier m hierarchy!

Note: Starting dynamic gmin stepping
Note: Dynamic gmin stepping completed
Note: Starting dynamic gmin stepping
Note: Dynamic gmin stepping completed
