
Note: Compatibility modes selected: hs a


Circuit: * amp-openloop @ bjt_ss_-40c_3.30v -- generated by sim/harness, do not edit

Doing analysis at TEMP = -40.000000 and TNOM = 27.000000

Using SPARSE 1.3 as Direct Linear Solver
 Reference value :  0.00000e+00
No. of Data Rows : 1
Doing analysis at TEMP = -40.000000 and TNOM = 27.000000

Using SPARSE 1.3 as Direct Linear Solver

No. of Data Rows : 401
a0_db               =  1.14403e+02
ugbw_hz             =  1.39457e+06
ph_ugbw             =  -1.16233e+02
g1k_db              =  6.26473e+01
ph1k                =  -8.98680e+01
a0ll_db             =  1.06233e+02
g1kll_db            =  6.26144e+01
a0dr_db             =  1.12952e+02
g1kdr_db            =  5.79027e+01
Doing analysis at TEMP = -40.000000 and TNOM = 27.000000

Using SPARSE 1.3 as Direct Linear Solver

No. of Data Rows : 1
m_a0_db = 1.1440300000e+02
m_ugbw_khz = 1.3945680000e+03
m_pm_deg = 6.3767200000e+01
m_gain_1k_db = 6.2647350000e+01
m_phase_1k_deg = -8.986805000e+01
m_a0_lightload_db = 1.0623330000e+02
m_gain_1k_lightload_db = 6.2614350000e+01
m_a0_dropout_db = 1.1295250000e+02
m_gain_1k_dropout_db = 5.7902660000e+01
m_vos_sys_uv = 3.1405239098e+02
m_iq_ua = 8.3267299290e+00
m_iq_dropout_ua = 4.3975671061e+00
m_tail_hdr_mv = 3.7762831528e+02
m_tail_hdr_dropout_mv = 3.9545295955e+02
m_vg_pulldown_mv = 4.6550418001e-05
m_vg_pullup_hdr_mv = 6.8397276882e-01
Note: Simulation executed from .control section 

Warning: m=xx on .subckt line will override multiplier m hierarchy!

