
Note: Compatibility modes selected: hs a


Circuit: * amp-openloop @ res_ff_-40c_3.30v -- generated by sim/harness, do not edit

Doing analysis at TEMP = -40.000000 and TNOM = 27.000000

Using SPARSE 1.3 as Direct Linear Solver
 Reference value :  0.00000e+00
No. of Data Rows : 1
Doing analysis at TEMP = -40.000000 and TNOM = 27.000000

Using SPARSE 1.3 as Direct Linear Solver

No. of Data Rows : 401
a0_db               =  1.14666e+02
ugbw_hz             =  1.61591e+06
ph_ugbw             =  -1.18188e+02
g1k_db              =  6.42471e+01
ph1k                =  -8.98435e+01
a0ll_db             =  1.06237e+02
g1kll_db            =  6.42131e+01
a0dr_db             =  1.13243e+02
g1kdr_db            =  5.95179e+01
Doing analysis at TEMP = -40.000000 and TNOM = 27.000000

Using SPARSE 1.3 as Direct Linear Solver

No. of Data Rows : 1
m_a0_db = 1.1466580000e+02
m_ugbw_khz = 1.6159130000e+03
m_pm_deg = 6.1812100000e+01
m_gain_1k_db = 6.4247050000e+01
m_phase_1k_deg = -8.984352000e+01
m_a0_lightload_db = 1.0623690000e+02
m_gain_1k_lightload_db = 6.4213070000e+01
m_a0_dropout_db = 1.1324290000e+02
m_gain_1k_dropout_db = 5.9517900000e+01
m_vos_sys_uv = 3.3843793735e+02
m_iq_ua = 1.0326841610e+01
m_iq_dropout_ua = 5.4376075479e+00
m_tail_hdr_mv = 3.7074899273e+02
m_tail_hdr_dropout_mv = 3.8924945980e+02
m_vg_pulldown_mv = 4.0820031747e-05
m_vg_pullup_hdr_mv = 8.4345538169e-01
Note: Simulation executed from .control section 

Warning: m=xx on .subckt line will override multiplier m hierarchy!

