
Note: No compatibility mode selected!


Circuit: * loop-stability -- tian dual-injection loop-gain testbench for ldo_core (issue #10)

* corner_id=ss_125c_3.63v corner=ss temp_c=125 vin_v=3.63
* ac sweep: dec 400 0.01 1e9 ; Tian dual injection at ERRAMP_OUT->PASS_GATE
* columns: ROW iload_a= ceff_f= esr_ohm= vout_v= dcgain_db= f0_hz= phase_at_f0_deg=
*          f180_hz= gain_at_f180_db= f0_rising_hz= resurgence_db=
* (phase margin = 180 + phase_at_f0_deg ; gain margin = -gain_at_f180_db ;
*  resurgence_db = max |T| in dB above the first 0 dB crossing, DR-0008 ;
*  an empty f180/gain field means the phase never reaches -180 deg in band)
* Fields are written key=value BECAUSE a failed meas leaves its value
* empty: with bare positional fields an empty one vanishes into the
* whitespace and every field after it is read as the wrong quantity.
Doing analysis at TEMP = 125.000000 and TNOM = 27.000000

Using SPARSE 1.3 as Direct Linear Solver

No. of Data Rows : 1
Doing analysis at TEMP = 125.000000 and TNOM = 27.000000

Using SPARSE 1.3 as Direct Linear Solver
 Reference value :  4.49262e+00
No. of Data Rows : 4401
Doing analysis at TEMP = 125.000000 and TNOM = 27.000000

Using SPARSE 1.3 as Direct Linear Solver
 Reference value :  2.46888e+05
No. of Data Rows : 4401
dcg                 =  1.25292e+02
f0                  =  2.11590e+03
phx                 =  -1.53845e+02
f180                =  3.02685e+06
gmx                 =  -5.27539e+01
 meas ac f0r when tdb=0 rise=1 failed!

tres                =  -7.88785e-01 at=  2.22587e+03
ROW iload_a=0 ceff_f=3.3e-07 esr_ohm=0.001 vout_v=1.79909 dcgain_db=125.292 f0_hz=2115.9 phase_at_f0_deg=-153.845 f180_hz=3.02685E+06 gain_at_f180_db=-52.7539 f0_rising_hz= resurgence_db=-0.788785
Doing analysis at TEMP = 125.000000 and TNOM = 27.000000

Using SPARSE 1.3 as Direct Linear Solver

No. of Data Rows : 1
Doing analysis at TEMP = 125.000000 and TNOM = 27.000000

Using SPARSE 1.3 as Direct Linear Solver
 Reference value :  4.57088e+02
No. of Data Rows : 4401
Doing analysis at TEMP = 125.000000 and TNOM = 27.000000

Using SPARSE 1.3 as Direct Linear Solver
 Reference value :  8.51138e+06
No. of Data Rows : 4401
dcg                 =  1.25292e+02
f0                  =  2.11590e+03
phx                 =  -1.53833e+02
f180                =  3.02500e+06
gmx                 =  -5.27506e+01
 meas ac f0r when tdb=0 rise=1 failed!

tres                =  -7.88786e-01 at=  2.22587e+03
ROW iload_a=0 ceff_f=3.3e-07 esr_ohm=0.05 vout_v=1.79909 dcgain_db=125.292 f0_hz=2115.9 phase_at_f0_deg=-153.833 f180_hz=3.025E+06 gain_at_f180_db=-52.7506 f0_rising_hz= resurgence_db=-0.788786
Doing analysis at TEMP = 125.000000 and TNOM = 27.000000

Using SPARSE 1.3 as Direct Linear Solver

No. of Data Rows : 1
Doing analysis at TEMP = 125.000000 and TNOM = 27.000000

Using SPARSE 1.3 as Direct Linear Solver
 Reference value :  5.33949e+08
No. of Data Rows : 4401
Doing analysis at TEMP = 125.000000 and TNOM = 27.000000

Using SPARSE 1.3 as Direct Linear Solver

No. of Data Rows : 4401
dcg                 =  1.25292e+02
f0                  =  2.11590e+03
phx                 =  -1.53795e+02
f180                =  3.01934e+06
gmx                 =  -5.27404e+01
 meas ac f0r when tdb=0 rise=1 failed!

tres                =  -7.88785e-01 at=  2.22587e+03
ROW iload_a=0 ceff_f=3.3e-07 esr_ohm=0.2 vout_v=1.79909 dcgain_db=125.292 f0_hz=2115.9 phase_at_f0_deg=-153.795 f180_hz=3.01934E+06 gain_at_f180_db=-52.7404 f0_rising_hz= resurgence_db=-0.788785
Doing analysis at TEMP = 125.000000 and TNOM = 27.000000

Using SPARSE 1.3 as Direct Linear Solver
 Reference value :  0.00000e+00
No. of Data Rows : 1
Doing analysis at TEMP = 125.000000 and TNOM = 27.000000

Using SPARSE 1.3 as Direct Linear Solver

No. of Data Rows : 4401
Doing analysis at TEMP = 125.000000 and TNOM = 27.000000

Using SPARSE 1.3 as Direct Linear Solver
 Reference value :  1.00000e-02
No. of Data Rows : 4401
dcg                 =  1.25292e+02
f0                  =  2.11590e+03
phx                 =  -1.53720e+02
f180                =  3.00800e+06
gmx                 =  -5.27198e+01
 meas ac f0r when tdb=0 rise=1 failed!

tres                =  -7.88768e-01 at=  2.22587e+03
ROW iload_a=0 ceff_f=3.3e-07 esr_ohm=0.5 vout_v=1.79909 dcgain_db=125.292 f0_hz=2115.9 phase_at_f0_deg=-153.72 f180_hz=3.008E+06 gain_at_f180_db=-52.7198 f0_rising_hz= resurgence_db=-0.788768
Doing analysis at TEMP = 125.000000 and TNOM = 27.000000

Using SPARSE 1.3 as Direct Linear Solver

No. of Data Rows : 1
Doing analysis at TEMP = 125.000000 and TNOM = 27.000000

Using SPARSE 1.3 as Direct Linear Solver
 Reference value :  1.00000e-02
No. of Data Rows : 4401
Doing analysis at TEMP = 125.000000 and TNOM = 27.000000

Using SPARSE 1.3 as Direct Linear Solver
 Reference value :  5.49541e+02
No. of Data Rows : 4401
dcg                 =  1.25284e+02
f0                  =  1.17112e+03
phx                 =  -1.64662e+02
f180                =  3.02900e+06
gmx                 =  -5.27409e+01
 meas ac f0r when tdb=0 rise=1 failed!

tres                =  -8.24347e-01 at=  1.23027e+03
ROW iload_a=0 ceff_f=1e-06 esr_ohm=0.001 vout_v=1.79909 dcgain_db=125.284 f0_hz=1171.12 phase_at_f0_deg=-164.662 f180_hz=3.029E+06 gain_at_f180_db=-52.7409 f0_rising_hz= resurgence_db=-0.824347
Doing analysis at TEMP = 125.000000 and TNOM = 27.000000

Using SPARSE 1.3 as Direct Linear Solver

No. of Data Rows : 1
Doing analysis at TEMP = 125.000000 and TNOM = 27.000000

Using SPARSE 1.3 as Direct Linear Solver
 Reference value :  7.80728e-01
No. of Data Rows : 4401
Doing analysis at TEMP = 125.000000 and TNOM = 27.000000

Using SPARSE 1.3 as Direct Linear Solver
 Reference value :  5.95662e+04
No. of Data Rows : 4401
dcg                 =  1.25284e+02
f0                  =  1.17112e+03
phx                 =  -1.64641e+02
f180                =  3.02717e+06
gmx                 =  -5.27376e+01
 meas ac f0r when tdb=0 rise=1 failed!

tres                =  -8.24347e-01 at=  1.23027e+03
ROW iload_a=0 ceff_f=1e-06 esr_ohm=0.05 vout_v=1.79909 dcgain_db=125.284 f0_hz=1171.12 phase_at_f0_deg=-164.641 f180_hz=3.02717E+06 gain_at_f180_db=-52.7376 f0_rising_hz= resurgence_db=-0.824347
Doing analysis at TEMP = 125.000000 and TNOM = 27.000000

Using SPARSE 1.3 as Direct Linear Solver

No. of Data Rows : 1
Doing analysis at TEMP = 125.000000 and TNOM = 27.000000

Using SPARSE 1.3 as Direct Linear Solver
 Reference value :  2.88403e+06
No. of Data Rows : 4401
Doing analysis at TEMP = 125.000000 and TNOM = 27.000000

Using SPARSE 1.3 as Direct Linear Solver

No. of Data Rows : 4401
dcg                 =  1.25284e+02
f0                  =  1.17112e+03
phx                 =  -1.64578e+02
f180                =  3.02153e+06
gmx                 =  -5.27274e+01
 meas ac f0r when tdb=0 rise=1 failed!

tres                =  -8.24340e-01 at=  1.23027e+03
ROW iload_a=0 ceff_f=1e-06 esr_ohm=0.2 vout_v=1.79909 dcgain_db=125.284 f0_hz=1171.12 phase_at_f0_deg=-164.578 f180_hz=3.02153E+06 gain_at_f180_db=-52.7274 f0_rising_hz= resurgence_db=-0.82434
Doing analysis at TEMP = 125.000000 and TNOM = 27.000000

Using SPARSE 1.3 as Direct Linear Solver
 Reference value :  0.00000e+00
No. of Data Rows : 1
Doing analysis at TEMP = 125.000000 and TNOM = 27.000000

Using SPARSE 1.3 as Direct Linear Solver

No. of Data Rows : 4401
Doing analysis at TEMP = 125.000000 and TNOM = 27.000000

Using SPARSE 1.3 as Direct Linear Solver
 Reference value :  1.00000e-02
No. of Data Rows : 4401
dcg                 =  1.25284e+02
f0                  =  1.17112e+03
phx                 =  -1.64452e+02
f180                =  3.01024e+06
gmx                 =  -5.27067e+01
 meas ac f0r when tdb=0 rise=1 failed!

tres                =  -8.24289e-01 at=  1.23027e+03
ROW iload_a=0 ceff_f=1e-06 esr_ohm=0.5 vout_v=1.79909 dcgain_db=125.284 f0_hz=1171.12 phase_at_f0_deg=-164.452 f180_hz=3.01024E+06 gain_at_f180_db=-52.7067 f0_rising_hz= resurgence_db=-0.824289
Doing analysis at TEMP = 125.000000 and TNOM = 27.000000

Using SPARSE 1.3 as Direct Linear Solver

No. of Data Rows : 1
Doing analysis at TEMP = 125.000000 and TNOM = 27.000000

Using SPARSE 1.3 as Direct Linear Solver
 Reference value :  1.00000e-02
No. of Data Rows : 4401
Doing analysis at TEMP = 125.000000 and TNOM = 27.000000

Using SPARSE 1.3 as Direct Linear Solver
 Reference value :  1.29569e+03
No. of Data Rows : 4401
dcg                 =  1.25111e+02
f0                  =  5.32450e+02
phx                 =  -1.72620e+02
f180                =  3.02983e+06
gmx                 =  -5.27359e+01
 meas ac f0r when tdb=0 rise=1 failed!

tres                =  -8.42013e-01 at=  5.59114e+02
ROW iload_a=0 ceff_f=4.7e-06 esr_ohm=0.001 vout_v=1.79909 dcgain_db=125.111 f0_hz=532.45 phase_at_f0_deg=-172.62 f180_hz=3.02983E+06 gain_at_f180_db=-52.7359 f0_rising_hz= resurgence_db=-0.842013
Doing analysis at TEMP = 125.000000 and TNOM = 27.000000

Using SPARSE 1.3 as Direct Linear Solver

No. of Data Rows : 1
Doing analysis at TEMP = 125.000000 and TNOM = 27.000000

Using SPARSE 1.3 as Direct Linear Solver
 Reference value :  9.71628e-01
No. of Data Rows : 4401
Doing analysis at TEMP = 125.000000 and TNOM = 27.000000

Using SPARSE 1.3 as Direct Linear Solver
 Reference value :  8.56052e+04
No. of Data Rows : 4401
dcg                 =  1.25111e+02
f0                  =  5.32450e+02
phx                 =  -1.72576e+02
f180                =  3.02800e+06
gmx                 =  -5.27326e+01
 meas ac f0r when tdb=0 rise=1 failed!

tres                =  -8.42011e-01 at=  5.59114e+02
ROW iload_a=0 ceff_f=4.7e-06 esr_ohm=0.05 vout_v=1.79909 dcgain_db=125.111 f0_hz=532.45 phase_at_f0_deg=-172.576 f180_hz=3.028E+06 gain_at_f180_db=-52.7326 f0_rising_hz= resurgence_db=-0.842011
Doing analysis at TEMP = 125.000000 and TNOM = 27.000000

Using SPARSE 1.3 as Direct Linear Solver

No. of Data Rows : 1
Doing analysis at TEMP = 125.000000 and TNOM = 27.000000

Using SPARSE 1.3 as Direct Linear Solver
 Reference value :  2.85102e+06
No. of Data Rows : 4401
Doing analysis at TEMP = 125.000000 and TNOM = 27.000000

Using SPARSE 1.3 as Direct Linear Solver

No. of Data Rows : 4401
dcg                 =  1.25111e+02
f0                  =  5.32451e+02
phx                 =  -1.72441e+02
f180                =  3.02238e+06
gmx                 =  -5.27224e+01
 meas ac f0r when tdb=0 rise=1 failed!

tres                =  -8.41969e-01 at=  5.59114e+02
ROW iload_a=0 ceff_f=4.7e-06 esr_ohm=0.2 vout_v=1.79909 dcgain_db=125.111 f0_hz=532.451 phase_at_f0_deg=-172.441 f180_hz=3.02238E+06 gain_at_f180_db=-52.7224 f0_rising_hz= resurgence_db=-0.841969
Doing analysis at TEMP = 125.000000 and TNOM = 27.000000

Using SPARSE 1.3 as Direct Linear Solver
 Reference value :  0.00000e+00
No. of Data Rows : 1
Doing analysis at TEMP = 125.000000 and TNOM = 27.000000

Using SPARSE 1.3 as Direct Linear Solver

No. of Data Rows : 4401
Doing analysis at TEMP = 125.000000 and TNOM = 27.000000

Using SPARSE 1.3 as Direct Linear Solver
 Reference value :  1.00000e-02
No. of Data Rows : 4401
dcg                 =  1.25111e+02
f0                  =  5.32458e+02
phx                 =  -1.72170e+02
f180                =  3.01111e+06
gmx                 =  -5.27017e+01
 meas ac f0r when tdb=0 rise=1 failed!

tres                =  -8.41723e-01 at=  5.59114e+02
ROW iload_a=0 ceff_f=4.7e-06 esr_ohm=0.5 vout_v=1.79909 dcgain_db=125.111 f0_hz=532.458 phase_at_f0_deg=-172.171 f180_hz=3.01111E+06 gain_at_f180_db=-52.7017 f0_rising_hz= resurgence_db=-0.841723
Doing analysis at TEMP = 125.000000 and TNOM = 27.000000

Using SPARSE 1.3 as Direct Linear Solver

No. of Data Rows : 1
Doing analysis at TEMP = 125.000000 and TNOM = 27.000000

Using SPARSE 1.3 as Direct Linear Solver
 Reference value :  1.00000e-02
No. of Data Rows : 4401
Doing analysis at TEMP = 125.000000 and TNOM = 27.000000

Using SPARSE 1.3 as Direct Linear Solver
 Reference value :  1.47911e+02
No. of Data Rows : 4401
dcg                 =  1.39873e+02
f0                  =  6.80612e+04
phx                 =  -1.17647e+02
f180                =  3.76473e+05
gmx                 =  -2.29647e+01
 meas ac f0r when tdb=0 rise=1 failed!

tres                =  -4.89813e-01 at=  7.16143e+04
ROW iload_a=0.0001 ceff_f=3.3e-07 esr_ohm=0.001 vout_v=1.79908 dcgain_db=139.873 f0_hz=68061.2 phase_at_f0_deg=-117.647 f180_hz=376473 gain_at_f180_db=-22.9647 f0_rising_hz= resurgence_db=-0.489813
Doing analysis at TEMP = 125.000000 and TNOM = 27.000000

Using SPARSE 1.3 as Direct Linear Solver

No. of Data Rows : 1
Doing analysis at TEMP = 125.000000 and TNOM = 27.000000

Using SPARSE 1.3 as Direct Linear Solver
 Reference value :  1.00000e-02
No. of Data Rows : 4401
Doing analysis at TEMP = 125.000000 and TNOM = 27.000000

Using SPARSE 1.3 as Direct Linear Solver
 Reference value :  1.39637e+02
No. of Data Rows : 4401
dcg                 =  1.39873e+02
f0                  =  6.80627e+04
phx                 =  -1.17251e+02
f180                =  4.00016e+05
gmx                 =  -2.39675e+01
 meas ac f0r when tdb=0 rise=1 failed!

tres                =  -4.89582e-01 at=  7.16143e+04
ROW iload_a=0.0001 ceff_f=3.3e-07 esr_ohm=0.05 vout_v=1.79908 dcgain_db=139.873 f0_hz=68062.7 phase_at_f0_deg=-117.251 f180_hz=400016 gain_at_f180_db=-23.9675 f0_rising_hz= resurgence_db=-0.489582
Doing analysis at TEMP = 125.000000 and TNOM = 27.000000

Using SPARSE 1.3 as Direct Linear Solver

No. of Data Rows : 1
Doing analysis at TEMP = 125.000000 and TNOM = 27.000000

Using SPARSE 1.3 as Direct Linear Solver
 Reference value :  1.00000e-02
No. of Data Rows : 4401
Doing analysis at TEMP = 125.000000 and TNOM = 27.000000

Using SPARSE 1.3 as Direct Linear Solver
 Reference value :  5.55904e+02
No. of Data Rows : 4401
dcg                 =  1.39873e+02
f0                  =  6.72506e+04
phx                 =  -1.16511e+02
f180                =  4.95063e+05
gmx                 =  -2.77395e+01
 meas ac f0r when tdb=0 rise=1 failed!

tres                =  -4.95915e-01 at=  7.07946e+04
ROW iload_a=0.0001 ceff_f=3.3e-07 esr_ohm=0.2 vout_v=1.79908 dcgain_db=139.873 f0_hz=67250.6 phase_at_f0_deg=-116.511 f180_hz=495063 gain_at_f180_db=-27.7395 f0_rising_hz= resurgence_db=-0.495914
Doing analysis at TEMP = 125.000000 and TNOM = 27.000000

Using SPARSE 1.3 as Direct Linear Solver

No. of Data Rows : 1
Doing analysis at TEMP = 125.000000 and TNOM = 27.000000

Using SPARSE 1.3 as Direct Linear Solver
 Reference value :  2.16272e-02
No. of Data Rows : 4401
Doing analysis at TEMP = 125.000000 and TNOM = 27.000000

Using SPARSE 1.3 as Direct Linear Solver
 Reference value :  3.16228e+02
No. of Data Rows : 4401
dcg                 =  1.39873e+02
f0                  =  6.82156e+04
phx                 =  -1.13671e+02
f180                =  1.14522e+06
gmx                 =  -3.84949e+01
 meas ac f0r when tdb=0 rise=1 failed!

tres                =  -5.21823e-01 at=  7.20278e+04
ROW iload_a=0.0001 ceff_f=3.3e-07 esr_ohm=0.5 vout_v=1.79908 dcgain_db=139.873 f0_hz=68215.6 phase_at_f0_deg=-113.671 f180_hz=1.14522E+06 gain_at_f180_db=-38.4949 f0_rising_hz= resurgence_db=-0.521823
Doing analysis at TEMP = 125.000000 and TNOM = 27.000000

Using SPARSE 1.3 as Direct Linear Solver

No. of Data Rows : 1
Doing analysis at TEMP = 125.000000 and TNOM = 27.000000

Using SPARSE 1.3 as Direct Linear Solver
 Reference value :  1.00000e-02
No. of Data Rows : 4401
Doing analysis at TEMP = 125.000000 and TNOM = 27.000000

Using SPARSE 1.3 as Direct Linear Solver
 Reference value :  1.49624e+02
No. of Data Rows : 4401
dcg                 =  1.39873e+02
f0                  =  2.15266e+04
phx                 =  -1.06995e+02
f180                =  3.86332e+05
gmx                 =  -3.30088e+01
 meas ac f0r when tdb=0 rise=1 failed!

tres                =  -4.22629e-01 at=  2.26464e+04
ROW iload_a=0.0001 ceff_f=1e-06 esr_ohm=0.001 vout_v=1.79908 dcgain_db=139.873 f0_hz=21526.6 phase_at_f0_deg=-106.995 f180_hz=386332 gain_at_f180_db=-33.0088 f0_rising_hz= resurgence_db=-0.422629
Doing analysis at TEMP = 125.000000 and TNOM = 27.000000

Using SPARSE 1.3 as Direct Linear Solver

No. of Data Rows : 1
Doing analysis at TEMP = 125.000000 and TNOM = 27.000000

Using SPARSE 1.3 as Direct Linear Solver
 Reference value :  1.00000e-02
No. of Data Rows : 4401
Doing analysis at TEMP = 125.000000 and TNOM = 27.000000

Using SPARSE 1.3 as Direct Linear Solver
 Reference value :  7.03882e+01
No. of Data Rows : 4401
dcg                 =  1.39873e+02
f0                  =  2.15271e+04
phx                 =  -1.06615e+02
f180                =  4.94502e+05
gmx                 =  -3.70335e+01
 meas ac f0r when tdb=0 rise=1 failed!

tres                =  -4.22420e-01 at=  2.26464e+04
ROW iload_a=0.0001 ceff_f=1e-06 esr_ohm=0.05 vout_v=1.79908 dcgain_db=139.873 f0_hz=21527.1 phase_at_f0_deg=-106.615 f180_hz=494502 gain_at_f180_db=-37.0335 f0_rising_hz= resurgence_db=-0.42242
Doing analysis at TEMP = 125.000000 and TNOM = 27.000000

Using SPARSE 1.3 as Direct Linear Solver

No. of Data Rows : 1
Doing analysis at TEMP = 125.000000 and TNOM = 27.000000

Using SPARSE 1.3 as Direct Linear Solver
 Reference value :  1.00000e-02
No. of Data Rows : 4401
Doing analysis at TEMP = 125.000000 and TNOM = 27.000000

Using SPARSE 1.3 as Direct Linear Solver
 Reference value :  2.27772e+02
No. of Data Rows : 4401
dcg                 =  1.39873e+02
f0                  =  2.13606e+04
phx                 =  -1.05923e+02
f180                =  1.99582e+06
gmx                 =  -5.01194e+01
 meas ac f0r when tdb=0 rise=1 failed!

tres                =  -4.40530e-01 at=  2.25165e+04
ROW iload_a=0.0001 ceff_f=1e-06 esr_ohm=0.2 vout_v=1.79908 dcgain_db=139.873 f0_hz=21360.6 phase_at_f0_deg=-105.923 f180_hz=1.99582E+06 gain_at_f180_db=-50.1194 f0_rising_hz= resurgence_db=-0.44053
Doing analysis at TEMP = 125.000000 and TNOM = 27.000000

Using SPARSE 1.3 as Direct Linear Solver

No. of Data Rows : 1
Doing analysis at TEMP = 125.000000 and TNOM = 27.000000

Using SPARSE 1.3 as Direct Linear Solver
 Reference value :  1.00000e-02
No. of Data Rows : 4401
Doing analysis at TEMP = 125.000000 and TNOM = 27.000000

Using SPARSE 1.3 as Direct Linear Solver
 Reference value :  6.83912e+01
No. of Data Rows : 4401
dcg                 =  1.39873e+02
f0                  =  2.15776e+04
phx                 =  -1.03105e+02
f180                =  1.81006e+06
gmx                 =  -4.45006e+01
 meas ac f0r when tdb=0 rise=1 failed!

tres                =  -4.48263e-01 at=  2.27772e+04
ROW iload_a=0.0001 ceff_f=1e-06 esr_ohm=0.5 vout_v=1.79908 dcgain_db=139.873 f0_hz=21577.6 phase_at_f0_deg=-103.105 f180_hz=1.81006E+06 gain_at_f180_db=-44.5006 f0_rising_hz= resurgence_db=-0.448263
Doing analysis at TEMP = 125.000000 and TNOM = 27.000000

Using SPARSE 1.3 as Direct Linear Solver

No. of Data Rows : 1
Doing analysis at TEMP = 125.000000 and TNOM = 27.000000

Using SPARSE 1.3 as Direct Linear Solver
 Reference value :  1.00000e-02
No. of Data Rows : 4401
Doing analysis at TEMP = 125.000000 and TNOM = 27.000000

Using SPARSE 1.3 as Direct Linear Solver
 Reference value :  1.66917e+02
No. of Data Rows : 4401
dcg                 =  1.39872e+02
f0                  =  5.84122e+03
phx                 =  -1.34675e+02
f180                =  2.64859e+06
gmx                 =  -5.35454e+01
 meas ac f0r when tdb=0 rise=1 failed!

tres                =  -6.90647e-01 at=  6.16595e+03
ROW iload_a=0.0001 ceff_f=4.7e-06 esr_ohm=0.001 vout_v=1.79908 dcgain_db=139.872 f0_hz=5841.22 phase_at_f0_deg=-134.675 f180_hz=2.64859E+06 gain_at_f180_db=-53.5454 f0_rising_hz= resurgence_db=-0.690647
Doing analysis at TEMP = 125.000000 and TNOM = 27.000000

Using SPARSE 1.3 as Direct Linear Solver

No. of Data Rows : 1
Doing analysis at TEMP = 125.000000 and TNOM = 27.000000

Using SPARSE 1.3 as Direct Linear Solver
 Reference value :  1.00000e-02
No. of Data Rows : 4401
Doing analysis at TEMP = 125.000000 and TNOM = 27.000000

Using SPARSE 1.3 as Direct Linear Solver
 Reference value :  1.92752e+02
No. of Data Rows : 4401
dcg                 =  1.39872e+02
f0                  =  5.84136e+03
phx                 =  -1.34190e+02
f180                =  2.51992e+06
gmx                 =  -5.28562e+01
 meas ac f0r when tdb=0 rise=1 failed!

tres                =  -6.90299e-01 at=  6.16595e+03
ROW iload_a=0.0001 ceff_f=4.7e-06 esr_ohm=0.05 vout_v=1.79908 dcgain_db=139.872 f0_hz=5841.36 phase_at_f0_deg=-134.19 f180_hz=2.51992E+06 gain_at_f180_db=-52.8562 f0_rising_hz= resurgence_db=-0.690299
Doing analysis at TEMP = 125.000000 and TNOM = 27.000000

Using SPARSE 1.3 as Direct Linear Solver

No. of Data Rows : 1
Doing analysis at TEMP = 125.000000 and TNOM = 27.000000

Using SPARSE 1.3 as Direct Linear Solver
 Reference value :  1.00000e-02
No. of Data Rows : 4401
Doing analysis at TEMP = 125.000000 and TNOM = 27.000000

Using SPARSE 1.3 as Direct Linear Solver
 Reference value :  9.71628e+01
No. of Data Rows : 4401
dcg                 =  1.39872e+02
f0                  =  5.82833e+03
phx                 =  -1.33074e+02
f180                =  2.31211e+06
gmx                 =  -5.05576e+01
 meas ac f0r when tdb=0 rise=1 failed!

tres                =  -6.47452e-01 at=  6.13056e+03
ROW iload_a=0.0001 ceff_f=4.7e-06 esr_ohm=0.2 vout_v=1.79908 dcgain_db=139.872 f0_hz=5828.33 phase_at_f0_deg=-133.074 f180_hz=2.31211E+06 gain_at_f180_db=-50.5576 f0_rising_hz= resurgence_db=-0.647452
Doing analysis at TEMP = 125.000000 and TNOM = 27.000000

Using SPARSE 1.3 as Direct Linear Solver

No. of Data Rows : 1
Doing analysis at TEMP = 125.000000 and TNOM = 27.000000

Using SPARSE 1.3 as Direct Linear Solver
 Reference value :  1.00000e-02
No. of Data Rows : 4401
Doing analysis at TEMP = 125.000000 and TNOM = 27.000000

Using SPARSE 1.3 as Direct Linear Solver
 Reference value :  5.95662e+01
No. of Data Rows : 4401
dcg                 =  1.39872e+02
f0                  =  5.85582e+03
phx                 =  -1.29672e+02
f180                =  1.97705e+06
gmx                 =  -4.53318e+01
 meas ac f0r when tdb=0 rise=1 failed!

tres                =  -6.54917e-01 at=  6.16595e+03
ROW iload_a=0.0001 ceff_f=4.7e-06 esr_ohm=0.5 vout_v=1.79908 dcgain_db=139.872 f0_hz=5855.82 phase_at_f0_deg=-129.672 f180_hz=1.97705E+06 gain_at_f180_db=-45.3318 f0_rising_hz= resurgence_db=-0.654917
Doing analysis at TEMP = 125.000000 and TNOM = 27.000000

Using SPARSE 1.3 as Direct Linear Solver

No. of Data Rows : 1
Doing analysis at TEMP = 125.000000 and TNOM = 27.000000

Using SPARSE 1.3 as Direct Linear Solver
 Reference value :  1.00000e-02
No. of Data Rows : 4401
Doing analysis at TEMP = 125.000000 and TNOM = 27.000000

Using SPARSE 1.3 as Direct Linear Solver
 Reference value :  3.73680e+01
No. of Data Rows : 4401
dcg                 =  1.40840e+02
f0                  =  2.02743e+05
phx                 =  -1.26767e+02
f180                =  5.80891e+05
gmx                 =  -1.26055e+01
 meas ac f0r when tdb=0 rise=1 failed!

tres                =  -5.24914e-01 at=  2.13796e+05
ROW iload_a=0.001 ceff_f=3.3e-07 esr_ohm=0.001 vout_v=1.79908 dcgain_db=140.84 f0_hz=202743 phase_at_f0_deg=-126.767 f180_hz=580891 gain_at_f180_db=-12.6055 f0_rising_hz= resurgence_db=-0.524914
Doing analysis at TEMP = 125.000000 and TNOM = 27.000000

Using SPARSE 1.3 as Direct Linear Solver

No. of Data Rows : 1
Doing analysis at TEMP = 125.000000 and TNOM = 27.000000

Using SPARSE 1.3 as Direct Linear Solver
 Reference value :  1.00000e-02
No. of Data Rows : 4401
Doing analysis at TEMP = 125.000000 and TNOM = 27.000000

Using SPARSE 1.3 as Direct Linear Solver
 Reference value :  3.31131e+01
No. of Data Rows : 4401
dcg                 =  1.40840e+02
f0                  =  2.02782e+05
phx                 =  -1.25593e+02
f180                =  6.11466e+05
gmx                 =  -1.33682e+01
 meas ac f0r when tdb=0 rise=1 failed!

tres                =  -5.22817e-01 at=  2.13796e+05
ROW iload_a=0.001 ceff_f=3.3e-07 esr_ohm=0.05 vout_v=1.79908 dcgain_db=140.84 f0_hz=202782 phase_at_f0_deg=-125.593 f180_hz=611466 gain_at_f180_db=-13.3682 f0_rising_hz= resurgence_db=-0.522817
Doing analysis at TEMP = 125.000000 and TNOM = 27.000000

Using SPARSE 1.3 as Direct Linear Solver

No. of Data Rows : 1
Doing analysis at TEMP = 125.000000 and TNOM = 27.000000

Using SPARSE 1.3 as Direct Linear Solver
 Reference value :  1.00000e-02
No. of Data Rows : 4401
Doing analysis at TEMP = 125.000000 and TNOM = 27.000000

Using SPARSE 1.3 as Direct Linear Solver
 Reference value :  1.96110e+01
No. of Data Rows : 4401
dcg                 =  1.40840e+02
f0                  =  2.03376e+05
phx                 =  -1.22074e+02
f180                =  7.33813e+05
gmx                 =  -1.59415e+01
 meas ac f0r when tdb=0 rise=1 failed!

tres                =  -4.91063e-01 at=  2.13796e+05
ROW iload_a=0.001 ceff_f=3.3e-07 esr_ohm=0.2 vout_v=1.79908 dcgain_db=140.84 f0_hz=203376 phase_at_f0_deg=-122.074 f180_hz=733812 gain_at_f180_db=-15.9415 f0_rising_hz= resurgence_db=-0.491063
Doing analysis at TEMP = 125.000000 and TNOM = 27.000000

Using SPARSE 1.3 as Direct Linear Solver

No. of Data Rows : 1
Doing analysis at TEMP = 125.000000 and TNOM = 27.000000

Using SPARSE 1.3 as Direct Linear Solver
 Reference value :  1.00000e-02
No. of Data Rows : 4401
Doing analysis at TEMP = 125.000000 and TNOM = 27.000000

Using SPARSE 1.3 as Direct Linear Solver
 Reference value :  7.76247e+00
No. of Data Rows : 4401
dcg                 =  1.40840e+02
f0                  =  2.06793e+05
phx                 =  -1.15349e+02
f180                =  1.08168e+06
gmx                 =  -2.00051e+01
 meas ac f0r when tdb=0 rise=1 failed!

tres                =  -4.82307e-01 at=  2.17520e+05
ROW iload_a=0.001 ceff_f=3.3e-07 esr_ohm=0.5 vout_v=1.79908 dcgain_db=140.84 f0_hz=206793 phase_at_f0_deg=-115.349 f180_hz=1.08168E+06 gain_at_f180_db=-20.0051 f0_rising_hz= resurgence_db=-0.482307
Doing analysis at TEMP = 125.000000 and TNOM = 27.000000

Using SPARSE 1.3 as Direct Linear Solver

No. of Data Rows : 1
Doing analysis at TEMP = 125.000000 and TNOM = 27.000000

Using SPARSE 1.3 as Direct Linear Solver
 Reference value :  1.00000e-02
No. of Data Rows : 4401
Doing analysis at TEMP = 125.000000 and TNOM = 27.000000

Using SPARSE 1.3 as Direct Linear Solver
 Reference value :  2.31739e+01
No. of Data Rows : 4401
dcg                 =  1.40840e+02
f0                  =  6.82783e+04
phx                 =  -1.07459e+02
f180                =  5.85508e+05
gmx                 =  -2.23436e+01
 meas ac f0r when tdb=0 rise=1 failed!

tres                =  -4.39401e-01 at=  7.20278e+04
ROW iload_a=0.001 ceff_f=1e-06 esr_ohm=0.001 vout_v=1.79908 dcgain_db=140.84 f0_hz=68278.3 phase_at_f0_deg=-107.459 f180_hz=585508 gain_at_f180_db=-22.3436 f0_rising_hz= resurgence_db=-0.439401
Doing analysis at TEMP = 125.000000 and TNOM = 27.000000

Using SPARSE 1.3 as Direct Linear Solver

No. of Data Rows : 1
Doing analysis at TEMP = 125.000000 and TNOM = 27.000000

Using SPARSE 1.3 as Direct Linear Solver
 Reference value :  1.00000e-02
No. of Data Rows : 4401
Doing analysis at TEMP = 125.000000 and TNOM = 27.000000

Using SPARSE 1.3 as Direct Linear Solver
 Reference value :  1.78855e+01
No. of Data Rows : 4401
dcg                 =  1.40840e+02
f0                  =  6.82942e+04
phx                 =  -1.06255e+02
f180                =  6.96077e+05
gmx                 =  -2.48450e+01
 meas ac f0r when tdb=0 rise=1 failed!

tres                =  -4.37262e-01 at=  7.20278e+04
ROW iload_a=0.001 ceff_f=1e-06 esr_ohm=0.05 vout_v=1.79908 dcgain_db=140.84 f0_hz=68294.2 phase_at_f0_deg=-106.255 f180_hz=696077 gain_at_f180_db=-24.8451 f0_rising_hz= resurgence_db=-0.437262
Doing analysis at TEMP = 125.000000 and TNOM = 27.000000

Using SPARSE 1.3 as Direct Linear Solver

No. of Data Rows : 1
Doing analysis at TEMP = 125.000000 and TNOM = 27.000000

Using SPARSE 1.3 as Direct Linear Solver
 Reference value :  1.00000e-02
No. of Data Rows : 4401
Doing analysis at TEMP = 125.000000 and TNOM = 27.000000

Using SPARSE 1.3 as Direct Linear Solver
 Reference value :  1.69824e+01
No. of Data Rows : 4401
dcg                 =  1.40840e+02
f0                  =  6.85431e+04
phx                 =  -1.02574e+02
f180                =  1.21117e+06
gmx                 =  -3.01286e+01
 meas ac f0r when tdb=0 rise=1 failed!

tres                =  -4.04307e-01 at=  7.20278e+04
ROW iload_a=0.001 ceff_f=1e-06 esr_ohm=0.2 vout_v=1.79908 dcgain_db=140.84 f0_hz=68543.1 phase_at_f0_deg=-102.574 f180_hz=1.21117E+06 gain_at_f180_db=-30.1286 f0_rising_hz= resurgence_db=-0.404307
Doing analysis at TEMP = 125.000000 and TNOM = 27.000000

Using SPARSE 1.3 as Direct Linear Solver

No. of Data Rows : 1
Doing analysis at TEMP = 125.000000 and TNOM = 27.000000

Using SPARSE 1.3 as Direct Linear Solver
 Reference value :  1.00000e-02
No. of Data Rows : 4401
Doing analysis at TEMP = 125.000000 and TNOM = 27.000000

Using SPARSE 1.3 as Direct Linear Solver
 Reference value :  1.13501e+01
No. of Data Rows : 4401
dcg                 =  1.40840e+02
f0                  =  6.99978e+04
phx                 =  -9.51744e+01
f180                =  1.52437e+06
gmx                 =  -2.68847e+01
 meas ac f0r when tdb=0 rise=1 failed!

tres                =  -4.03247e-01 at=  7.37055e+04
ROW iload_a=0.001 ceff_f=1e-06 esr_ohm=0.5 vout_v=1.79908 dcgain_db=140.84 f0_hz=69997.8 phase_at_f0_deg=-95.1744 f180_hz=1.52437E+06 gain_at_f180_db=-26.8847 f0_rising_hz= resurgence_db=-0.403247
Doing analysis at TEMP = 125.000000 and TNOM = 27.000000

Using SPARSE 1.3 as Direct Linear Solver

No. of Data Rows : 1
Doing analysis at TEMP = 125.000000 and TNOM = 27.000000

Using SPARSE 1.3 as Direct Linear Solver
 Reference value :  1.00000e-02
No. of Data Rows : 4401
Doing analysis at TEMP = 125.000000 and TNOM = 27.000000

Using SPARSE 1.3 as Direct Linear Solver
 Reference value :  1.19536e+01
No. of Data Rows : 4401
dcg                 =  1.40840e+02
f0                  =  1.64674e+04
phx                 =  -1.31508e+02
f180                =  6.15452e+05
gmx                 =  -3.64814e+01
 meas ac f0r when tdb=0 rise=1 failed!

tres                =  -6.58354e-01 at=  1.73780e+04
ROW iload_a=0.001 ceff_f=4.7e-06 esr_ohm=0.001 vout_v=1.79908 dcgain_db=140.84 f0_hz=16467.5 phase_at_f0_deg=-131.508 f180_hz=615452 gain_at_f180_db=-36.4815 f0_rising_hz= resurgence_db=-0.658354
Doing analysis at TEMP = 125.000000 and TNOM = 27.000000

Using SPARSE 1.3 as Direct Linear Solver

No. of Data Rows : 1
Doing analysis at TEMP = 125.000000 and TNOM = 27.000000

Using SPARSE 1.3 as Direct Linear Solver
 Reference value :  1.00000e-02
No. of Data Rows : 4401
Doing analysis at TEMP = 125.000000 and TNOM = 27.000000

Using SPARSE 1.3 as Direct Linear Solver
 Reference value :  2.85102e+01
No. of Data Rows : 4401
dcg                 =  1.40840e+02
f0                  =  1.64707e+04
phx                 =  -1.30137e+02
f180                =  1.46343e+06
gmx                 =  -4.38053e+01
 meas ac f0r when tdb=0 rise=1 failed!

tres                =  -6.55586e-01 at=  1.73780e+04
ROW iload_a=0.001 ceff_f=4.7e-06 esr_ohm=0.05 vout_v=1.79908 dcgain_db=140.84 f0_hz=16470.7 phase_at_f0_deg=-130.137 f180_hz=1.46343E+06 gain_at_f180_db=-43.8053 f0_rising_hz= resurgence_db=-0.655586
Doing analysis at TEMP = 125.000000 and TNOM = 27.000000

Using SPARSE 1.3 as Direct Linear Solver

No. of Data Rows : 1
Doing analysis at TEMP = 125.000000 and TNOM = 27.000000

Using SPARSE 1.3 as Direct Linear Solver
 Reference value :  1.00000e-02
No. of Data Rows : 4401
Doing analysis at TEMP = 125.000000 and TNOM = 27.000000

Using SPARSE 1.3 as Direct Linear Solver
 Reference value :  3.50752e+01
No. of Data Rows : 4401
dcg                 =  1.40840e+02
f0                  =  1.65218e+04
phx                 =  -1.25861e+02
f180                =  1.66104e+06
gmx                 =  -3.57551e+01
 meas ac f0r when tdb=0 rise=1 failed!

tres                =  -6.13206e-01 at=  1.73780e+04
ROW iload_a=0.001 ceff_f=4.7e-06 esr_ohm=0.2 vout_v=1.79908 dcgain_db=140.84 f0_hz=16521.8 phase_at_f0_deg=-125.861 f180_hz=1.66104E+06 gain_at_f180_db=-35.7551 f0_rising_hz= resurgence_db=-0.613206
Doing analysis at TEMP = 125.000000 and TNOM = 27.000000

Using SPARSE 1.3 as Direct Linear Solver

No. of Data Rows : 1
Doing analysis at TEMP = 125.000000 and TNOM = 27.000000

Using SPARSE 1.3 as Direct Linear Solver
 Reference value :  1.00000e-02
No. of Data Rows : 4401
Doing analysis at TEMP = 125.000000 and TNOM = 27.000000

Using SPARSE 1.3 as Direct Linear Solver
 Reference value :  2.13796e+01
No. of Data Rows : 4401
dcg                 =  1.40840e+02
f0                  =  1.68172e+04
phx                 =  -1.16944e+02
f180                =  1.69362e+06
gmx                 =  -2.86718e+01
 meas ac f0r when tdb=0 rise=1 failed!

tres                =  -5.80780e-01 at=  1.76807e+04
ROW iload_a=0.001 ceff_f=4.7e-06 esr_ohm=0.5 vout_v=1.79908 dcgain_db=140.84 f0_hz=16817.2 phase_at_f0_deg=-116.944 f180_hz=1.69362E+06 gain_at_f180_db=-28.6718 f0_rising_hz= resurgence_db=-0.58078
Doing analysis at TEMP = 125.000000 and TNOM = 27.000000

Using SPARSE 1.3 as Direct Linear Solver

No. of Data Rows : 1
Doing analysis at TEMP = 125.000000 and TNOM = 27.000000

Using SPARSE 1.3 as Direct Linear Solver
 Reference value :  2.61517e+02
No. of Data Rows : 4401
Doing analysis at TEMP = 125.000000 and TNOM = 27.000000

Using SPARSE 1.3 as Direct Linear Solver
 Reference value :  6.34600e+08
No. of Data Rows : 4401
dcg                 =  1.39765e+02
f0                  =  4.00586e+05
phx                 =  -1.46302e+02
f180                =  6.79003e+05
gmx                 =  -6.29677e+00
 meas ac f0r when tdb=0 rise=1 failed!

tres                =  -5.41874e-01 at=  4.21697e+05
ROW iload_a=0.01 ceff_f=3.3e-07 esr_ohm=0.001 vout_v=1.79908 dcgain_db=139.765 f0_hz=400586 phase_at_f0_deg=-146.302 f180_hz=679003 gain_at_f180_db=-6.29677 f0_rising_hz= resurgence_db=-0.541874
Doing analysis at TEMP = 125.000000 and TNOM = 27.000000

Using SPARSE 1.3 as Direct Linear Solver

No. of Data Rows : 1
Doing analysis at TEMP = 125.000000 and TNOM = 27.000000

Using SPARSE 1.3 as Direct Linear Solver

No. of Data Rows : 4401
Doing analysis at TEMP = 125.000000 and TNOM = 27.000000

Using SPARSE 1.3 as Direct Linear Solver
 Reference value :  1.00000e-02
No. of Data Rows : 4401
dcg                 =  1.39765e+02
f0                  =  4.00868e+05
phx                 =  -1.44006e+02
f180                =  7.14958e+05
gmx                 =  -7.00879e+00
 meas ac f0r when tdb=0 rise=1 failed!

tres                =  -5.33706e-01 at=  4.21697e+05
ROW iload_a=0.01 ceff_f=3.3e-07 esr_ohm=0.05 vout_v=1.79908 dcgain_db=139.765 f0_hz=400868 phase_at_f0_deg=-144.006 f180_hz=714958 gain_at_f180_db=-7.00879 f0_rising_hz= resurgence_db=-0.533706
Doing analysis at TEMP = 125.000000 and TNOM = 27.000000

Using SPARSE 1.3 as Direct Linear Solver

No. of Data Rows : 1
Doing analysis at TEMP = 125.000000 and TNOM = 27.000000

Using SPARSE 1.3 as Direct Linear Solver
 Reference value :  5.49541e-02
No. of Data Rows : 4401
Doing analysis at TEMP = 125.000000 and TNOM = 27.000000

Using SPARSE 1.3 as Direct Linear Solver
 Reference value :  4.34010e+05
No. of Data Rows : 4401
dcg                 =  1.39765e+02
f0                  =  4.05213e+05
phx                 =  -1.37388e+02
f180                =  8.53258e+05
gmx                 =  -9.27449e+00
 meas ac f0r when tdb=0 rise=1 failed!

tres                =  -5.31517e-01 at=  4.26580e+05
ROW iload_a=0.01 ceff_f=3.3e-07 esr_ohm=0.2 vout_v=1.79908 dcgain_db=139.765 f0_hz=405213 phase_at_f0_deg=-137.388 f180_hz=853258 gain_at_f180_db=-9.27449 f0_rising_hz= resurgence_db=-0.531517
Doing analysis at TEMP = 125.000000 and TNOM = 27.000000

Using SPARSE 1.3 as Direct Linear Solver

No. of Data Rows : 1
Doing analysis at TEMP = 125.000000 and TNOM = 27.000000

Using SPARSE 1.3 as Direct Linear Solver
 Reference value :  5.52713e+06
No. of Data Rows : 4401
Doing analysis at TEMP = 125.000000 and TNOM = 27.000000

Using SPARSE 1.3 as Direct Linear Solver

No. of Data Rows : 4401
dcg                 =  1.39765e+02
f0                  =  4.31631e+05
phx                 =  -1.26082e+02
f180                =  1.19011e+06
gmx                 =  -1.20726e+01
 meas ac f0r when tdb=0 rise=1 failed!

tres                =  -4.82220e-01 at=  4.54465e+05
ROW iload_a=0.01 ceff_f=3.3e-07 esr_ohm=0.5 vout_v=1.79908 dcgain_db=139.765 f0_hz=431631 phase_at_f0_deg=-126.082 f180_hz=1.19011E+06 gain_at_f180_db=-12.0726 f0_rising_hz= resurgence_db=-0.48222
Doing analysis at TEMP = 125.000000 and TNOM = 27.000000

Using SPARSE 1.3 as Direct Linear Solver
 Reference value :  0.00000e+00
No. of Data Rows : 1
Doing analysis at TEMP = 125.000000 and TNOM = 27.000000

Using SPARSE 1.3 as Direct Linear Solver

No. of Data Rows : 4401
Doing analysis at TEMP = 125.000000 and TNOM = 27.000000

Using SPARSE 1.3 as Direct Linear Solver
 Reference value :  1.98381e-01
No. of Data Rows : 4401
dcg                 =  1.39765e+02
f0                  =  1.44889e+05
phx                 =  -1.18674e+02
f180                =  6.81751e+05
gmx                 =  -1.59683e+01
 meas ac f0r when tdb=0 rise=1 failed!

tres                =  -4.48037e-01 at=  1.52230e+05
ROW iload_a=0.01 ceff_f=1e-06 esr_ohm=0.001 vout_v=1.79908 dcgain_db=139.765 f0_hz=144889 phase_at_f0_deg=-118.674 f180_hz=681751 gain_at_f180_db=-15.9683 f0_rising_hz= resurgence_db=-0.448038
Doing analysis at TEMP = 125.000000 and TNOM = 27.000000

Using SPARSE 1.3 as Direct Linear Solver

No. of Data Rows : 1
Doing analysis at TEMP = 125.000000 and TNOM = 27.000000

Using SPARSE 1.3 as Direct Linear Solver
 Reference value :  3.82384e+00
No. of Data Rows : 4401
Doing analysis at TEMP = 125.000000 and TNOM = 27.000000

Using SPARSE 1.3 as Direct Linear Solver
 Reference value :  3.46737e+07
No. of Data Rows : 4401
dcg                 =  1.39765e+02
f0                  =  1.45026e+05
phx                 =  -1.16127e+02
f180                =  8.06462e+05
gmx                 =  -1.82010e+01
 meas ac f0r when tdb=0 rise=1 failed!

tres                =  -4.90630e-01 at=  1.53109e+05
ROW iload_a=0.01 ceff_f=1e-06 esr_ohm=0.05 vout_v=1.79908 dcgain_db=139.765 f0_hz=145025 phase_at_f0_deg=-116.127 f180_hz=806462 gain_at_f180_db=-18.201 f0_rising_hz= resurgence_db=-0.49063
Doing analysis at TEMP = 125.000000 and TNOM = 27.000000

Using SPARSE 1.3 as Direct Linear Solver

No. of Data Rows : 1
Doing analysis at TEMP = 125.000000 and TNOM = 27.000000

Using SPARSE 1.3 as Direct Linear Solver
 Reference value :  4.67735e+08
No. of Data Rows : 4401
Doing analysis at TEMP = 125.000000 and TNOM = 27.000000

Using SPARSE 1.3 as Direct Linear Solver

No. of Data Rows : 4401
dcg                 =  1.39765e+02
f0                  =  1.47214e+05
phx                 =  -1.08403e+02
f180                =  1.28892e+06
gmx                 =  -2.17813e+01
 meas ac f0r when tdb=0 rise=1 failed!

tres                =  -4.44935e-01 at=  1.54882e+05
ROW iload_a=0.01 ceff_f=1e-06 esr_ohm=0.2 vout_v=1.79908 dcgain_db=139.765 f0_hz=147214 phase_at_f0_deg=-108.403 f180_hz=1.28892E+06 gain_at_f180_db=-21.7813 f0_rising_hz= resurgence_db=-0.444935
Doing analysis at TEMP = 125.000000 and TNOM = 27.000000

Using SPARSE 1.3 as Direct Linear Solver

No. of Data Rows : 1
Doing analysis at TEMP = 125.000000 and TNOM = 27.000000

Using SPARSE 1.3 as Direct Linear Solver
 Reference value :  1.00000e-02
No. of Data Rows : 4401
Doing analysis at TEMP = 125.000000 and TNOM = 27.000000

Using SPARSE 1.3 as Direct Linear Solver
 Reference value :  5.37032e+04
No. of Data Rows : 4401
dcg                 =  1.39765e+02
f0                  =  1.61634e+05
phx                 =  -9.30328e+01
f180                =  1.58585e+06
gmx                 =  -1.81756e+01
 meas ac f0r when tdb=0 rise=1 failed!

tres                =  -3.57363e-01 at=  1.69824e+05
ROW iload_a=0.01 ceff_f=1e-06 esr_ohm=0.5 vout_v=1.79908 dcgain_db=139.765 f0_hz=161634 phase_at_f0_deg=-93.0328 f180_hz=1.58585E+06 gain_at_f180_db=-18.1756 f0_rising_hz= resurgence_db=-0.357363
Doing analysis at TEMP = 125.000000 and TNOM = 27.000000

Using SPARSE 1.3 as Direct Linear Solver

No. of Data Rows : 1
Doing analysis at TEMP = 125.000000 and TNOM = 27.000000

Using SPARSE 1.3 as Direct Linear Solver
 Reference value :  1.65959e+06
No. of Data Rows : 4401
Doing analysis at TEMP = 125.000000 and TNOM = 27.000000

Using SPARSE 1.3 as Direct Linear Solver

No. of Data Rows : 4401
dcg                 =  1.39765e+02
f0                  =  3.68487e+04
phx                 =  -1.30485e+02
f180                =  6.98543e+05
gmx                 =  -2.97115e+01
 meas ac f0r when tdb=0 rise=1 failed!

tres                =  -6.25961e-01 at=  3.89045e+04
ROW iload_a=0.01 ceff_f=4.7e-06 esr_ohm=0.001 vout_v=1.79908 dcgain_db=139.765 f0_hz=36848.7 phase_at_f0_deg=-130.485 f180_hz=698543 gain_at_f180_db=-29.7115 f0_rising_hz= resurgence_db=-0.625961
Doing analysis at TEMP = 125.000000 and TNOM = 27.000000

Using SPARSE 1.3 as Direct Linear Solver
 Reference value :  0.00000e+00
No. of Data Rows : 1
Doing analysis at TEMP = 125.000000 and TNOM = 27.000000

Using SPARSE 1.3 as Direct Linear Solver

No. of Data Rows : 4401
Doing analysis at TEMP = 125.000000 and TNOM = 27.000000

Using SPARSE 1.3 as Direct Linear Solver
 Reference value :  2.48313e-01
No. of Data Rows : 4401
dcg                 =  1.39765e+02
f0                  =  3.68878e+04
phx                 =  -1.27404e+02
f180                =  1.39869e+06
gmx                 =  -3.50359e+01
 meas ac f0r when tdb=0 rise=1 failed!

tres                =  -6.12157e-01 at=  3.89045e+04
ROW iload_a=0.01 ceff_f=4.7e-06 esr_ohm=0.05 vout_v=1.79908 dcgain_db=139.765 f0_hz=36887.8 phase_at_f0_deg=-127.404 f180_hz=1.39869E+06 gain_at_f180_db=-35.0359 f0_rising_hz= resurgence_db=-0.612157
Doing analysis at TEMP = 125.000000 and TNOM = 27.000000

Using SPARSE 1.3 as Direct Linear Solver

No. of Data Rows : 1
Doing analysis at TEMP = 125.000000 and TNOM = 27.000000

Using SPARSE 1.3 as Direct Linear Solver
 Reference value :  1.81970e+00
No. of Data Rows : 4401
Doing analysis at TEMP = 125.000000 and TNOM = 27.000000

Using SPARSE 1.3 as Direct Linear Solver
 Reference value :  2.05353e+07
No. of Data Rows : 4401
dcg                 =  1.39765e+02
f0                  =  3.75086e+04
phx                 =  -1.17631e+02
f180                =  1.69214e+06
gmx                 =  -2.71520e+01
 meas ac f0r when tdb=0 rise=1 failed!

tres                =  -5.93334e-01 at=  3.95822e+04
ROW iload_a=0.01 ceff_f=4.7e-06 esr_ohm=0.2 vout_v=1.79908 dcgain_db=139.765 f0_hz=37508.6 phase_at_f0_deg=-117.631 f180_hz=1.69214E+06 gain_at_f180_db=-27.152 f0_rising_hz= resurgence_db=-0.593334
Doing analysis at TEMP = 125.000000 and TNOM = 27.000000

Using SPARSE 1.3 as Direct Linear Solver

No. of Data Rows : 1
Doing analysis at TEMP = 125.000000 and TNOM = 27.000000

Using SPARSE 1.3 as Direct Linear Solver
 Reference value :  5.27837e+08
No. of Data Rows : 4401
Doing analysis at TEMP = 125.000000 and TNOM = 27.000000

Using SPARSE 1.3 as Direct Linear Solver

No. of Data Rows : 4401
dcg                 =  1.39765e+02
f0                  =  4.16199e+04
phx                 =  -9.61561e+01
f180                =  1.74620e+06
gmx                 =  -1.99170e+01
 meas ac f0r when tdb=0 rise=1 failed!

tres                =  -4.56792e-01 at=  4.39036e+04
ROW iload_a=0.01 ceff_f=4.7e-06 esr_ohm=0.5 vout_v=1.79908 dcgain_db=139.765 f0_hz=41619.9 phase_at_f0_deg=-96.1561 f180_hz=1.7462E+06 gain_at_f180_db=-19.917 f0_rising_hz= resurgence_db=-0.456792
Doing analysis at TEMP = 125.000000 and TNOM = 27.000000

Using SPARSE 1.3 as Direct Linear Solver
 Reference value :  0.00000e+00
No. of Data Rows : 1
Doing analysis at TEMP = 125.000000 and TNOM = 27.000000

Using SPARSE 1.3 as Direct Linear Solver

No. of Data Rows : 4401
Doing analysis at TEMP = 125.000000 and TNOM = 27.000000

Using SPARSE 1.3 as Direct Linear Solver
 Reference value :  1.00000e-02
No. of Data Rows : 4401
dcg                 =  1.37950e+02
f0                  =  4.97917e+05
phx                 =  -1.60941e+02
f180                =  6.55783e+05
gmx                 =  -3.54005e+00
 meas ac f0r when tdb=0 rise=1 failed!

tres                =  -6.31847e-01 at=  5.24807e+05
ROW iload_a=0.025 ceff_f=3.3e-07 esr_ohm=0.001 vout_v=1.79908 dcgain_db=137.95 f0_hz=497917 phase_at_f0_deg=-160.941 f180_hz=655783 gain_at_f180_db=-3.54005 f0_rising_hz= resurgence_db=-0.631847
Doing analysis at TEMP = 125.000000 and TNOM = 27.000000

Using SPARSE 1.3 as Direct Linear Solver

No. of Data Rows : 1
Doing analysis at TEMP = 125.000000 and TNOM = 27.000000

Using SPARSE 1.3 as Direct Linear Solver
 Reference value :  1.00000e-02
No. of Data Rows : 4401
Doing analysis at TEMP = 125.000000 and TNOM = 27.000000

Using SPARSE 1.3 as Direct Linear Solver
 Reference value :  5.55904e-01
No. of Data Rows : 4401
dcg                 =  1.37950e+02
f0                  =  4.98388e+05
phx                 =  -1.58106e+02
f180                =  6.90285e+05
gmx                 =  -4.24999e+00
 meas ac f0r when tdb=0 rise=1 failed!

tres                =  -6.19326e-01 at=  5.24807e+05
ROW iload_a=0.025 ceff_f=3.3e-07 esr_ohm=0.05 vout_v=1.79908 dcgain_db=137.95 f0_hz=498388 phase_at_f0_deg=-158.106 f180_hz=690285 gain_at_f180_db=-4.24999 f0_rising_hz= resurgence_db=-0.619326
Doing analysis at TEMP = 125.000000 and TNOM = 27.000000

Using SPARSE 1.3 as Direct Linear Solver

No. of Data Rows : 1
Doing analysis at TEMP = 125.000000 and TNOM = 27.000000

Using SPARSE 1.3 as Direct Linear Solver
 Reference value :  1.00000e-02
No. of Data Rows : 4401
Doing analysis at TEMP = 125.000000 and TNOM = 27.000000

Using SPARSE 1.3 as Direct Linear Solver
 Reference value :  3.86812e-01
No. of Data Rows : 4401
dcg                 =  1.37950e+02
f0                  =  5.05743e+05
phx                 =  -1.50146e+02
f180                =  8.23186e+05
gmx                 =  -6.52294e+00
 meas ac f0r when tdb=0 rise=1 failed!

tres                =  -6.36772e-01 at=  5.33949e+05
ROW iload_a=0.025 ceff_f=3.3e-07 esr_ohm=0.2 vout_v=1.79908 dcgain_db=137.95 f0_hz=505743 phase_at_f0_deg=-150.146 f180_hz=823186 gain_at_f180_db=-6.52294 f0_rising_hz= resurgence_db=-0.636772
Doing analysis at TEMP = 125.000000 and TNOM = 27.000000

Using SPARSE 1.3 as Direct Linear Solver

No. of Data Rows : 1
Doing analysis at TEMP = 125.000000 and TNOM = 27.000000

Using SPARSE 1.3 as Direct Linear Solver
 Reference value :  1.00000e-02
No. of Data Rows : 4401
Doing analysis at TEMP = 125.000000 and TNOM = 27.000000

Using SPARSE 1.3 as Direct Linear Solver
 Reference value :  3.31131e-01
No. of Data Rows : 4401
dcg                 =  1.37950e+02
f0                  =  5.50416e+05
phx                 =  -1.37820e+02
f180                =  1.15312e+06
gmx                 =  -9.44439e+00
 meas ac f0r when tdb=0 rise=1 failed!

tres                =  -5.27161e-01 at=  5.78762e+05
ROW iload_a=0.025 ceff_f=3.3e-07 esr_ohm=0.5 vout_v=1.79908 dcgain_db=137.95 f0_hz=550416 phase_at_f0_deg=-137.82 f180_hz=1.15312E+06 gain_at_f180_db=-9.44439 f0_rising_hz= resurgence_db=-0.527161
Doing analysis at TEMP = 125.000000 and TNOM = 27.000000

Using SPARSE 1.3 as Direct Linear Solver

No. of Data Rows : 1
Doing analysis at TEMP = 125.000000 and TNOM = 27.000000

Using SPARSE 1.3 as Direct Linear Solver
 Reference value :  1.00000e-02
No. of Data Rows : 4401
Doing analysis at TEMP = 125.000000 and TNOM = 27.000000

Using SPARSE 1.3 as Direct Linear Solver
 Reference value :  4.49262e-01
No. of Data Rows : 4401
dcg                 =  1.37950e+02
f0                  =  1.92711e+05
phx                 =  -1.24833e+02
f180                =  6.57751e+05
gmx                 =  -1.31949e+01
 meas ac f0r when tdb=0 rise=1 failed!

tres                =  -4.84198e-01 at=  2.03002e+05
ROW iload_a=0.025 ceff_f=1e-06 esr_ohm=0.001 vout_v=1.79908 dcgain_db=137.95 f0_hz=192711 phase_at_f0_deg=-124.833 f180_hz=657751 gain_at_f180_db=-13.1949 f0_rising_hz= resurgence_db=-0.484198
Doing analysis at TEMP = 125.000000 and TNOM = 27.000000

Using SPARSE 1.3 as Direct Linear Solver

No. of Data Rows : 1
Doing analysis at TEMP = 125.000000 and TNOM = 27.000000

Using SPARSE 1.3 as Direct Linear Solver
 Reference value :  1.00000e-02
No. of Data Rows : 4401
Doing analysis at TEMP = 125.000000 and TNOM = 27.000000

Using SPARSE 1.3 as Direct Linear Solver
 Reference value :  2.51189e-01
No. of Data Rows : 4401
dcg                 =  1.37950e+02
f0                  =  1.93025e+05
phx                 =  -1.21464e+02
f180                =  7.77073e+05
gmx                 =  -1.54221e+01
 meas ac f0r when tdb=0 rise=1 failed!

tres                =  -4.67369e-01 at=  2.03002e+05
ROW iload_a=0.025 ceff_f=1e-06 esr_ohm=0.05 vout_v=1.79908 dcgain_db=137.95 f0_hz=193025 phase_at_f0_deg=-121.464 f180_hz=777073 gain_at_f180_db=-15.4221 f0_rising_hz= resurgence_db=-0.467369
Doing analysis at TEMP = 125.000000 and TNOM = 27.000000

Using SPARSE 1.3 as Direct Linear Solver

No. of Data Rows : 1
Doing analysis at TEMP = 125.000000 and TNOM = 27.000000

Using SPARSE 1.3 as Direct Linear Solver
 Reference value :  1.00000e-02
No. of Data Rows : 4401
Doing analysis at TEMP = 125.000000 and TNOM = 27.000000

Using SPARSE 1.3 as Direct Linear Solver
 Reference value :  3.84592e-01
No. of Data Rows : 4401
dcg                 =  1.37950e+02
f0                  =  1.98130e+05
phx                 =  -1.11449e+02
f180                =  1.24958e+06
gmx                 =  -1.91798e+01
 meas ac f0r when tdb=0 rise=1 failed!

tres                =  -4.66622e-01 at=  2.08930e+05
ROW iload_a=0.025 ceff_f=1e-06 esr_ohm=0.2 vout_v=1.79908 dcgain_db=137.95 f0_hz=198130 phase_at_f0_deg=-111.45 f180_hz=1.24958E+06 gain_at_f180_db=-19.1798 f0_rising_hz= resurgence_db=-0.466622
Doing analysis at TEMP = 125.000000 and TNOM = 27.000000

Using SPARSE 1.3 as Direct Linear Solver

No. of Data Rows : 1
Doing analysis at TEMP = 125.000000 and TNOM = 27.000000

Using SPARSE 1.3 as Direct Linear Solver
 Reference value :  1.00000e-02
No. of Data Rows : 4401
Doing analysis at TEMP = 125.000000 and TNOM = 27.000000

Using SPARSE 1.3 as Direct Linear Solver
 Reference value :  3.95822e-01
No. of Data Rows : 4401
dcg                 =  1.37950e+02
f0                  =  2.35857e+05
phx                 =  -9.28211e+01
f180                =  1.54792e+06
gmx                 =  -1.56561e+01
 meas ac f0r when tdb=0 rise=1 failed!

tres                =  -3.24748e-01 at=  2.48313e+05
ROW iload_a=0.025 ceff_f=1e-06 esr_ohm=0.5 vout_v=1.79908 dcgain_db=137.95 f0_hz=235857 phase_at_f0_deg=-92.8211 f180_hz=1.54792E+06 gain_at_f180_db=-15.6561 f0_rising_hz= resurgence_db=-0.324748
Doing analysis at TEMP = 125.000000 and TNOM = 27.000000

Using SPARSE 1.3 as Direct Linear Solver

No. of Data Rows : 1
Doing analysis at TEMP = 125.000000 and TNOM = 27.000000

Using SPARSE 1.3 as Direct Linear Solver
 Reference value :  1.00000e-02
No. of Data Rows : 4401
Doing analysis at TEMP = 125.000000 and TNOM = 27.000000

Using SPARSE 1.3 as Direct Linear Solver
 Reference value :  1.31826e-01
No. of Data Rows : 4401
dcg                 =  1.37950e+02
f0                  =  4.80499e+04
phx                 =  -1.27656e+02
f180                =  6.70848e+05
gmx                 =  -2.68833e+01
 meas ac f0r when tdb=0 rise=1 failed!

tres                =  -5.85741e-01 at=  5.06991e+04
ROW iload_a=0.025 ceff_f=4.7e-06 esr_ohm=0.001 vout_v=1.79908 dcgain_db=137.95 f0_hz=48049.9 phase_at_f0_deg=-127.656 f180_hz=670848 gain_at_f180_db=-26.8833 f0_rising_hz= resurgence_db=-0.585741
Doing analysis at TEMP = 125.000000 and TNOM = 27.000000

Using SPARSE 1.3 as Direct Linear Solver

No. of Data Rows : 1
Doing analysis at TEMP = 125.000000 and TNOM = 27.000000

Using SPARSE 1.3 as Direct Linear Solver
 Reference value :  1.00000e-02
No. of Data Rows : 4401
Doing analysis at TEMP = 125.000000 and TNOM = 27.000000

Using SPARSE 1.3 as Direct Linear Solver
 Reference value :  5.24807e-01
No. of Data Rows : 4401
dcg                 =  1.37950e+02
f0                  =  4.81411e+04
phx                 =  -1.23634e+02
f180                =  1.34650e+06
gmx                 =  -3.24566e+01
 meas ac f0r when tdb=0 rise=1 failed!

tres                =  -5.62430e-01 at=  5.06991e+04
ROW iload_a=0.025 ceff_f=4.7e-06 esr_ohm=0.05 vout_v=1.79908 dcgain_db=137.95 f0_hz=48141.1 phase_at_f0_deg=-123.634 f180_hz=1.3465E+06 gain_at_f180_db=-32.4566 f0_rising_hz= resurgence_db=-0.56243
Doing analysis at TEMP = 125.000000 and TNOM = 27.000000

Using SPARSE 1.3 as Direct Linear Solver

No. of Data Rows : 1
Doing analysis at TEMP = 125.000000 and TNOM = 27.000000

Using SPARSE 1.3 as Direct Linear Solver
 Reference value :  1.00000e-02
No. of Data Rows : 4401
Doing analysis at TEMP = 125.000000 and TNOM = 27.000000

Using SPARSE 1.3 as Direct Linear Solver
 Reference value :  4.12098e-01
No. of Data Rows : 4401
dcg                 =  1.37950e+02
f0                  =  4.96290e+04
phx                 =  -1.10783e+02
f180                =  1.65135e+06
gmx                 =  -2.46596e+01
 meas ac f0r when tdb=0 rise=1 failed!

tres                =  -5.05642e-01 at=  5.21795e+04
ROW iload_a=0.025 ceff_f=4.7e-06 esr_ohm=0.2 vout_v=1.79908 dcgain_db=137.95 f0_hz=49629 phase_at_f0_deg=-110.782 f180_hz=1.65135E+06 gain_at_f180_db=-24.6596 f0_rising_hz= resurgence_db=-0.505642
Doing analysis at TEMP = 125.000000 and TNOM = 27.000000

Using SPARSE 1.3 as Direct Linear Solver

No. of Data Rows : 1
Doing analysis at TEMP = 125.000000 and TNOM = 27.000000

Using SPARSE 1.3 as Direct Linear Solver
 Reference value :  1.00000e-02
No. of Data Rows : 4401
Doing analysis at TEMP = 125.000000 and TNOM = 27.000000

Using SPARSE 1.3 as Direct Linear Solver
 Reference value :  7.85236e-01
No. of Data Rows : 4401
dcg                 =  1.37950e+02
f0                  =  6.13492e+04
phx                 =  -8.14415e+01
f180                =  1.70731e+06
gmx                 =  -1.74061e+01
 meas ac f0r when tdb=0 rise=1 failed!

tres                =  -3.14770e-01 at=  6.45654e+04
ROW iload_a=0.025 ceff_f=4.7e-06 esr_ohm=0.5 vout_v=1.79908 dcgain_db=137.95 f0_hz=61349.2 phase_at_f0_deg=-81.4415 f180_hz=1.70731E+06 gain_at_f180_db=-17.4061 f0_rising_hz= resurgence_db=-0.314771
Doing analysis at TEMP = 125.000000 and TNOM = 27.000000

Using SPARSE 1.3 as Direct Linear Solver

No. of Data Rows : 1
Doing analysis at TEMP = 125.000000 and TNOM = 27.000000

Using SPARSE 1.3 as Direct Linear Solver
 Reference value :  1.38835e-02
No. of Data Rows : 4401
Doing analysis at TEMP = 125.000000 and TNOM = 27.000000

Using SPARSE 1.3 as Direct Linear Solver
 Reference value :  3.48739e+03
No. of Data Rows : 4401
dcg                 =  1.35685e+02
f0                  =  5.76946e+05
phx                 =  -1.71665e+02
f180                =  6.46433e+05
gmx                 =  -1.53242e+00
 meas ac f0r when tdb=0 rise=1 failed!

tres                =  -6.49044e-01 at=  6.06038e+05
ROW iload_a=0.05 ceff_f=3.3e-07 esr_ohm=0.001 vout_v=1.79908 dcgain_db=135.685 f0_hz=576946 phase_at_f0_deg=-171.665 f180_hz=646433 gain_at_f180_db=-1.53242 f0_rising_hz= resurgence_db=-0.649044
Doing analysis at TEMP = 125.000000 and TNOM = 27.000000

Using SPARSE 1.3 as Direct Linear Solver

No. of Data Rows : 1
Doing analysis at TEMP = 125.000000 and TNOM = 27.000000

Using SPARSE 1.3 as Direct Linear Solver
 Reference value :  3.21736e+01
No. of Data Rows : 4401
Doing analysis at TEMP = 125.000000 and TNOM = 27.000000

Using SPARSE 1.3 as Direct Linear Solver
 Reference value :  3.16228e+06
No. of Data Rows : 4401
dcg                 =  1.35685e+02
f0                  =  5.77599e+05
phx                 =  -1.68396e+02
f180                =  6.80080e+05
gmx                 =  -2.23386e+00
 meas ac f0r when tdb=0 rise=1 failed!

tres                =  -7.09821e-01 at=  6.09537e+05
ROW iload_a=0.05 ceff_f=3.3e-07 esr_ohm=0.05 vout_v=1.79908 dcgain_db=135.685 f0_hz=577599 phase_at_f0_deg=-168.396 f180_hz=680080 gain_at_f180_db=-2.23386 f0_rising_hz= resurgence_db=-0.709821
Doing analysis at TEMP = 125.000000 and TNOM = 27.000000

Using SPARSE 1.3 as Direct Linear Solver

No. of Data Rows : 1
Doing analysis at TEMP = 125.000000 and TNOM = 27.000000

Using SPARSE 1.3 as Direct Linear Solver
 Reference value :  4.14477e+04
No. of Data Rows : 4401
Doing analysis at TEMP = 125.000000 and TNOM = 27.000000

Using SPARSE 1.3 as Direct Linear Solver

No. of Data Rows : 4401
dcg                 =  1.35685e+02
f0                  =  5.87972e+05
phx                 =  -1.59412e+02
f180                =  8.09335e+05
gmx                 =  -4.47733e+00
 meas ac f0r when tdb=0 rise=1 failed!

tres                =  -6.85126e-01 at=  6.20155e+05
ROW iload_a=0.05 ceff_f=3.3e-07 esr_ohm=0.2 vout_v=1.79908 dcgain_db=135.685 f0_hz=587972 phase_at_f0_deg=-159.412 f180_hz=809335 gain_at_f180_db=-4.47733 f0_rising_hz= resurgence_db=-0.685126
Doing analysis at TEMP = 125.000000 and TNOM = 27.000000

Using SPARSE 1.3 as Direct Linear Solver
 Reference value :  0.00000e+00
No. of Data Rows : 1
Doing analysis at TEMP = 125.000000 and TNOM = 27.000000

Using SPARSE 1.3 as Direct Linear Solver

No. of Data Rows : 4401
Doing analysis at TEMP = 125.000000 and TNOM = 27.000000

Using SPARSE 1.3 as Direct Linear Solver
 Reference value :  1.00000e-02
No. of Data Rows : 4401
dcg                 =  1.35685e+02
f0                  =  6.50413e+05
phx                 =  -1.46683e+02
f180                =  1.13099e+06
gmx                 =  -7.38882e+00
 meas ac f0r when tdb=0 rise=1 failed!

tres                =  -5.76648e-01 at=  6.83912e+05
ROW iload_a=0.05 ceff_f=3.3e-07 esr_ohm=0.5 vout_v=1.79908 dcgain_db=135.685 f0_hz=650413 phase_at_f0_deg=-146.683 f180_hz=1.13099E+06 gain_at_f180_db=-7.38882 f0_rising_hz= resurgence_db=-0.576648
Doing analysis at TEMP = 125.000000 and TNOM = 27.000000

Using SPARSE 1.3 as Direct Linear Solver

No. of Data Rows : 1
Doing analysis at TEMP = 125.000000 and TNOM = 27.000000

Using SPARSE 1.3 as Direct Linear Solver
 Reference value :  1.00000e-02
No. of Data Rows : 4401
Doing analysis at TEMP = 125.000000 and TNOM = 27.000000

Using SPARSE 1.3 as Direct Linear Solver
 Reference value :  2.64545e+03
No. of Data Rows : 4401
dcg                 =  1.35685e+02
f0                  =  2.35626e+05
phx                 =  -1.30037e+02
f180                =  6.47813e+05
gmx                 =  -1.11720e+01
 meas ac f0r when tdb=0 rise=1 failed!

tres                =  -5.00507e-01 at=  2.48313e+05
ROW iload_a=0.05 ceff_f=1e-06 esr_ohm=0.001 vout_v=1.79908 dcgain_db=135.685 f0_hz=235626 phase_at_f0_deg=-130.037 f180_hz=647813 gain_at_f180_db=-11.172 f0_rising_hz= resurgence_db=-0.500507
Doing analysis at TEMP = 125.000000 and TNOM = 27.000000

Using SPARSE 1.3 as Direct Linear Solver

No. of Data Rows : 1
Doing analysis at TEMP = 125.000000 and TNOM = 27.000000

Using SPARSE 1.3 as Direct Linear Solver
 Reference value :  4.81393e+01
No. of Data Rows : 4401
Doing analysis at TEMP = 125.000000 and TNOM = 27.000000

Using SPARSE 1.3 as Direct Linear Solver
 Reference value :  9.01571e+06
No. of Data Rows : 4401
dcg                 =  1.35685e+02
f0                  =  2.36183e+05
phx                 =  -1.25941e+02
f180                =  7.63827e+05
gmx                 =  -1.33682e+01
 meas ac f0r when tdb=0 rise=1 failed!

tres                =  -4.75504e-01 at=  2.48313e+05
ROW iload_a=0.05 ceff_f=1e-06 esr_ohm=0.05 vout_v=1.79908 dcgain_db=135.685 f0_hz=236183 phase_at_f0_deg=-125.941 f180_hz=763828 gain_at_f180_db=-13.3682 f0_rising_hz= resurgence_db=-0.475504
Doing analysis at TEMP = 125.000000 and TNOM = 27.000000

Using SPARSE 1.3 as Direct Linear Solver

No. of Data Rows : 1
Doing analysis at TEMP = 125.000000 and TNOM = 27.000000

Using SPARSE 1.3 as Direct Linear Solver
 Reference value :  1.40443e+05
No. of Data Rows : 4401
Doing analysis at TEMP = 125.000000 and TNOM = 27.000000

Using SPARSE 1.3 as Direct Linear Solver

No. of Data Rows : 4401
dcg                 =  1.35685e+02
f0                  =  2.45439e+05
phx                 =  -1.14075e+02
f180                =  1.22489e+06
gmx                 =  -1.71210e+01
 meas ac f0r when tdb=0 rise=1 failed!

tres                =  -4.57231e-01 at=  2.58523e+05
ROW iload_a=0.05 ceff_f=1e-06 esr_ohm=0.2 vout_v=1.79908 dcgain_db=135.685 f0_hz=245439 phase_at_f0_deg=-114.075 f180_hz=1.22489E+06 gain_at_f180_db=-17.121 f0_rising_hz= resurgence_db=-0.457231
Doing analysis at TEMP = 125.000000 and TNOM = 27.000000

Using SPARSE 1.3 as Direct Linear Solver
 Reference value :  0.00000e+00
No. of Data Rows : 1
Doing analysis at TEMP = 125.000000 and TNOM = 27.000000

Using SPARSE 1.3 as Direct Linear Solver

No. of Data Rows : 4401
Doing analysis at TEMP = 125.000000 and TNOM = 27.000000

Using SPARSE 1.3 as Direct Linear Solver
 Reference value :  1.00000e-02
No. of Data Rows : 4401
dcg                 =  1.35685e+02
f0                  =  3.22037e+05
phx                 =  -9.49070e+01
f180                =  1.52075e+06
gmx                 =  -1.36321e+01
 meas ac f0r when tdb=0 rise=1 failed!

tres                =  -2.86617e-01 at=  3.38844e+05
ROW iload_a=0.05 ceff_f=1e-06 esr_ohm=0.5 vout_v=1.79908 dcgain_db=135.685 f0_hz=322037 phase_at_f0_deg=-94.907 f180_hz=1.52075E+06 gain_at_f180_db=-13.6321 f0_rising_hz= resurgence_db=-0.286617
Doing analysis at TEMP = 125.000000 and TNOM = 27.000000

Using SPARSE 1.3 as Direct Linear Solver

No. of Data Rows : 1
Doing analysis at TEMP = 125.000000 and TNOM = 27.000000

Using SPARSE 1.3 as Direct Linear Solver
 Reference value :  1.00000e-02
No. of Data Rows : 4401
Doing analysis at TEMP = 125.000000 and TNOM = 27.000000

Using SPARSE 1.3 as Direct Linear Solver
 Reference value :  4.89779e+03
No. of Data Rows : 4401
dcg                 =  1.35685e+02
f0                  =  5.79491e+04
phx                 =  -1.25460e+02
f180                =  6.59170e+05
gmx                 =  -2.48308e+01
 meas ac f0r when tdb=0 rise=1 failed!

tres                =  -5.30069e-01 at=  6.09537e+04
ROW iload_a=0.05 ceff_f=4.7e-06 esr_ohm=0.001 vout_v=1.79908 dcgain_db=135.685 f0_hz=57949.1 phase_at_f0_deg=-125.46 f180_hz=659170 gain_at_f180_db=-24.8308 f0_rising_hz= resurgence_db=-0.530069
Doing analysis at TEMP = 125.000000 and TNOM = 27.000000

Using SPARSE 1.3 as Direct Linear Solver

No. of Data Rows : 1
Doing analysis at TEMP = 125.000000 and TNOM = 27.000000

Using SPARSE 1.3 as Direct Linear Solver
 Reference value :  2.66073e+01
No. of Data Rows : 4401
Doing analysis at TEMP = 125.000000 and TNOM = 27.000000

Using SPARSE 1.3 as Direct Linear Solver
 Reference value :  6.20155e+06
No. of Data Rows : 4401
dcg                 =  1.35685e+02
f0                  =  5.81153e+04
phx                 =  -1.20609e+02
f180                =  1.31453e+06
gmx                 =  -3.03974e+01
 meas ac f0r when tdb=0 rise=1 failed!

tres                =  -5.56178e-01 at=  6.13056e+04
ROW iload_a=0.05 ceff_f=4.7e-06 esr_ohm=0.05 vout_v=1.79908 dcgain_db=135.685 f0_hz=58115.3 phase_at_f0_deg=-120.609 f180_hz=1.31453E+06 gain_at_f180_db=-30.3974 f0_rising_hz= resurgence_db=-0.556178
Doing analysis at TEMP = 125.000000 and TNOM = 27.000000

Using SPARSE 1.3 as Direct Linear Solver

No. of Data Rows : 1
Doing analysis at TEMP = 125.000000 and TNOM = 27.000000

Using SPARSE 1.3 as Direct Linear Solver
 Reference value :  6.06038e+04
No. of Data Rows : 4401
Doing analysis at TEMP = 125.000000 and TNOM = 27.000000

Using SPARSE 1.3 as Direct Linear Solver

No. of Data Rows : 4401
dcg                 =  1.35685e+02
f0                  =  6.09055e+04
phx                 =  -1.05026e+02
f180                =  1.62213e+06
gmx                 =  -2.26441e+01
 meas ac f0r when tdb=0 rise=1 failed!

tres                =  -4.89393e-01 at=  6.41948e+04
ROW iload_a=0.05 ceff_f=4.7e-06 esr_ohm=0.2 vout_v=1.79908 dcgain_db=135.685 f0_hz=60905.5 phase_at_f0_deg=-105.026 f180_hz=1.62213E+06 gain_at_f180_db=-22.6441 f0_rising_hz= resurgence_db=-0.489393
Doing analysis at TEMP = 125.000000 and TNOM = 27.000000

Using SPARSE 1.3 as Direct Linear Solver
 Reference value :  0.00000e+00
No. of Data Rows : 1
Doing analysis at TEMP = 125.000000 and TNOM = 27.000000

Using SPARSE 1.3 as Direct Linear Solver

No. of Data Rows : 4401
Doing analysis at TEMP = 125.000000 and TNOM = 27.000000

Using SPARSE 1.3 as Direct Linear Solver
 Reference value :  1.00000e-02
No. of Data Rows : 4401
dcg                 =  1.35685e+02
f0                  =  8.96524e+04
phx                 =  -6.81138e+01
f180                =  1.67846e+06
gmx                 =  -1.53836e+01
 meas ac f0r when tdb=0 rise=1 failed!

tres                =  -2.04765e-01 at=  9.44061e+04
ROW iload_a=0.05 ceff_f=4.7e-06 esr_ohm=0.5 vout_v=1.79908 dcgain_db=135.685 f0_hz=89652.4 phase_at_f0_deg=-68.1138 f180_hz=1.67846E+06 gain_at_f180_db=-15.3836 f0_rising_hz= resurgence_db=-0.204765
* SWEEP COMPLETE ss_125c_3.63v
Note: Simulation executed from .control section 
Note: Starting dynamic gmin stepping
Note: Dynamic gmin stepping completed
Note: Starting dynamic gmin stepping
Note: Dynamic gmin stepping completed
Note: Starting dynamic gmin stepping
Note: Dynamic gmin stepping completed

Error: measure  f0r  when(WHEN) : out of interval
Error: &f0r: no such variable.
Note: Starting dynamic gmin stepping
Note: Dynamic gmin stepping completed
Note: Starting dynamic gmin stepping
Note: Dynamic gmin stepping completed
Note: Starting dynamic gmin stepping
Note: Dynamic gmin stepping completed

Error: measure  f0r  when(WHEN) : out of interval
Error: &f0r: no such variable.
Note: Starting dynamic gmin stepping
Note: Dynamic gmin stepping completed
Note: Starting dynamic gmin stepping
Note: Dynamic gmin stepping completed
Note: Starting dynamic gmin stepping
Note: Dynamic gmin stepping completed

Error: measure  f0r  when(WHEN) : out of interval
Error: &f0r: no such variable.
Note: Starting dynamic gmin stepping
Note: Dynamic gmin stepping completed
Note: Starting dynamic gmin stepping
Note: Dynamic gmin stepping completed
Note: Starting dynamic gmin stepping
Note: Dynamic gmin stepping completed

Error: measure  f0r  when(WHEN) : out of interval
Error: &f0r: no such variable.
Note: Starting dynamic gmin stepping
Note: Dynamic gmin stepping completed
Note: Starting dynamic gmin stepping
Note: Dynamic gmin stepping completed
Note: Starting dynamic gmin stepping
Note: Dynamic gmin stepping completed

Error: measure  f0r  when(WHEN) : out of interval
Error: &f0r: no such variable.
Note: Starting dynamic gmin stepping
Note: Dynamic gmin stepping completed
Note: Starting dynamic gmin stepping
Note: Dynamic gmin stepping completed
Note: Starting dynamic gmin stepping
Note: Dynamic gmin stepping completed

Error: measure  f0r  when(WHEN) : out of interval
Error: &f0r: no such variable.
Note: Starting dynamic gmin stepping
Note: Dynamic gmin stepping completed
Note: Starting dynamic gmin stepping
Note: Dynamic gmin stepping completed
Note: Starting dynamic gmin stepping
Note: Dynamic gmin stepping completed

Error: measure  f0r  when(WHEN) : out of interval
Error: &f0r: no such variable.
Note: Starting dynamic gmin stepping
Note: Dynamic gmin stepping completed
Note: Starting dynamic gmin stepping
Note: Dynamic gmin stepping completed
Note: Starting dynamic gmin stepping
Note: Dynamic gmin stepping completed

Error: measure  f0r  when(WHEN) : out of interval
Error: &f0r: no such variable.
Note: Starting dynamic gmin stepping
Note: Dynamic gmin stepping completed
Note: Starting dynamic gmin stepping
Note: Dynamic gmin stepping completed
Note: Starting dynamic gmin stepping
Note: Dynamic gmin stepping completed

Error: measure  f0r  when(WHEN) : out of interval
Error: &f0r: no such variable.
Note: Starting dynamic gmin stepping
Note: Dynamic gmin stepping completed
Note: Starting dynamic gmin stepping
Note: Dynamic gmin stepping completed
Note: Starting dynamic gmin stepping
Note: Dynamic gmin stepping completed

Error: measure  f0r  when(WHEN) : out of interval
Error: &f0r: no such variable.
Note: Starting dynamic gmin stepping
Note: Dynamic gmin stepping completed
Note: Starting dynamic gmin stepping
Note: Dynamic gmin stepping completed
Note: Starting dynamic gmin stepping
Note: Dynamic gmin stepping completed

Error: measure  f0r  when(WHEN) : out of interval
Error: &f0r: no such variable.
Note: Starting dynamic gmin stepping
Note: Dynamic gmin stepping completed
Note: Starting dynamic gmin stepping
Note: Dynamic gmin stepping completed
Note: Starting dynamic gmin stepping
Note: Dynamic gmin stepping completed

Error: measure  f0r  when(WHEN) : out of interval
Error: &f0r: no such variable.
Note: Starting dynamic gmin stepping
Note: Dynamic gmin stepping completed
Note: Starting dynamic gmin stepping
Note: Dynamic gmin stepping completed
Note: Starting dynamic gmin stepping
Note: Dynamic gmin stepping completed

Error: measure  f0r  when(WHEN) : out of interval
Error: &f0r: no such variable.
Note: Starting dynamic gmin stepping
Note: Dynamic gmin stepping completed
Note: Starting dynamic gmin stepping
Note: Dynamic gmin stepping completed
Note: Starting dynamic gmin stepping
Note: Dynamic gmin stepping completed

Error: measure  f0r  when(WHEN) : out of interval
Error: &f0r: no such variable.
Note: Starting dynamic gmin stepping
Note: Dynamic gmin stepping completed
Note: Starting dynamic gmin stepping
Note: Dynamic gmin stepping completed
Note: Starting dynamic gmin stepping
Note: Dynamic gmin stepping completed

Error: measure  f0r  when(WHEN) : out of interval
Error: &f0r: no such variable.
Note: Starting dynamic gmin stepping
Note: Dynamic gmin stepping completed
Note: Starting dynamic gmin stepping
Note: Dynamic gmin stepping completed
Note: Starting dynamic gmin stepping
Note: Dynamic gmin stepping completed

Error: measure  f0r  when(WHEN) : out of interval
Error: &f0r: no such variable.
Note: Starting dynamic gmin stepping
Note: Dynamic gmin stepping completed
Note: Starting dynamic gmin stepping
Note: Dynamic gmin stepping completed
Note: Starting dynamic gmin stepping
Note: Dynamic gmin stepping completed

Error: measure  f0r  when(WHEN) : out of interval
Error: &f0r: no such variable.
Note: Starting dynamic gmin stepping
Note: Dynamic gmin stepping completed
Note: Starting dynamic gmin stepping
Note: Dynamic gmin stepping completed
Note: Starting dynamic gmin stepping
Note: Dynamic gmin stepping completed

Error: measure  f0r  when(WHEN) : out of interval
Error: &f0r: no such variable.
Note: Starting dynamic gmin stepping
Note: Dynamic gmin stepping completed
Note: Starting dynamic gmin stepping
Note: Dynamic gmin stepping completed
Note: Starting dynamic gmin stepping
Note: Dynamic gmin stepping completed

Error: measure  f0r  when(WHEN) : out of interval
Error: &f0r: no such variable.
Note: Starting dynamic gmin stepping
Note: Dynamic gmin stepping completed
Note: Starting dynamic gmin stepping
Note: Dynamic gmin stepping completed
Note: Starting dynamic gmin stepping
Note: Dynamic gmin stepping completed

Error: measure  f0r  when(WHEN) : out of interval
Error: &f0r: no such variable.
Note: Starting dynamic gmin stepping
Note: Dynamic gmin stepping completed
Note: Starting dynamic gmin stepping
Note: Dynamic gmin stepping completed
Note: Starting dynamic gmin stepping
Note: Dynamic gmin stepping completed

Error: measure  f0r  when(WHEN) : out of interval
Error: &f0r: no such variable.
Note: Starting dynamic gmin stepping
Note: Dynamic gmin stepping completed
Note: Starting dynamic gmin stepping
Note: Dynamic gmin stepping completed
Note: Starting dynamic gmin stepping
Note: Dynamic gmin stepping completed

Error: measure  f0r  when(WHEN) : out of interval
Error: &f0r: no such variable.
Note: Starting dynamic gmin stepping
Note: Dynamic gmin stepping completed
Note: Starting dynamic gmin stepping
Note: Dynamic gmin stepping completed
Note: Starting dynamic gmin stepping
Note: Dynamic gmin stepping completed

Error: measure  f0r  when(WHEN) : out of interval
Error: &f0r: no such variable.
Note: Starting dynamic gmin stepping
Note: Dynamic gmin stepping completed
Note: Starting dynamic gmin stepping
Note: Dynamic gmin stepping completed
Note: Starting dynamic gmin stepping
Note: Dynamic gmin stepping completed

Error: measure  f0r  when(WHEN) : out of interval
Error: &f0r: no such variable.
Note: Starting dynamic gmin stepping
Note: Dynamic gmin stepping completed
Note: Starting dynamic gmin stepping
Note: Dynamic gmin stepping completed
Note: Starting dynamic gmin stepping
Note: Dynamic gmin stepping completed

Error: measure  f0r  when(WHEN) : out of interval
Error: &f0r: no such variable.
Note: Starting dynamic gmin stepping
Note: Dynamic gmin stepping completed
Note: Starting dynamic gmin stepping
Note: Dynamic gmin stepping completed
Note: Starting dynamic gmin stepping
Note: Dynamic gmin stepping completed

Error: measure  f0r  when(WHEN) : out of interval
Error: &f0r: no such variable.
Note: Starting dynamic gmin stepping
Note: Dynamic gmin stepping completed
Note: Starting dynamic gmin stepping
Note: Dynamic gmin stepping completed
Note: Starting dynamic gmin stepping
Note: Dynamic gmin stepping completed

Error: measure  f0r  when(WHEN) : out of interval
Error: &f0r: no such variable.
Note: Starting dynamic gmin stepping
Note: Dynamic gmin stepping completed
Note: Starting dynamic gmin stepping
Note: Dynamic gmin stepping completed
Note: Starting dynamic gmin stepping
Note: Dynamic gmin stepping completed

Error: measure  f0r  when(WHEN) : out of interval
Error: &f0r: no such variable.
Note: Starting dynamic gmin stepping
Note: Dynamic gmin stepping completed
Note: Starting dynamic gmin stepping
Note: Dynamic gmin stepping completed
Note: Starting dynamic gmin stepping
Note: Dynamic gmin stepping completed

Error: measure  f0r  when(WHEN) : out of interval
Error: &f0r: no such variable.
Note: Starting dynamic gmin stepping
Note: Dynamic gmin stepping completed
Note: Starting dynamic gmin stepping
Note: Dynamic gmin stepping completed
Note: Starting dynamic gmin stepping
Note: Dynamic gmin stepping completed

Error: measure  f0r  when(WHEN) : out of interval
Error: &f0r: no such variable.
Note: Starting dynamic gmin stepping
Note: Dynamic gmin stepping completed
Note: Starting dynamic gmin stepping
Note: Dynamic gmin stepping completed
Note: Starting dynamic gmin stepping
Note: Dynamic gmin stepping completed

Error: measure  f0r  when(WHEN) : out of interval
Error: &f0r: no such variable.
Note: Starting dynamic gmin stepping
Note: Dynamic gmin stepping completed
Note: Starting dynamic gmin stepping
Note: Dynamic gmin stepping completed
Note: Starting dynamic gmin stepping
Note: Dynamic gmin stepping completed

Error: measure  f0r  when(WHEN) : out of interval
Error: &f0r: no such variable.
Note: Starting dynamic gmin stepping
Note: Dynamic gmin stepping completed
Note: Starting dynamic gmin stepping
Note: Dynamic gmin stepping completed
Note: Starting dynamic gmin stepping
Note: Dynamic gmin stepping completed

Error: measure  f0r  when(WHEN) : out of interval
Error: &f0r: no such variable.
Note: Starting dynamic gmin stepping
Note: Dynamic gmin stepping completed
Note: Starting dynamic gmin stepping
Note: Dynamic gmin stepping completed
Note: Starting dynamic gmin stepping
Note: Dynamic gmin stepping completed

Error: measure  f0r  when(WHEN) : out of interval
Error: &f0r: no such variable.
Note: Starting dynamic gmin stepping
Note: Dynamic gmin stepping completed
Note: Starting dynamic gmin stepping
Note: Dynamic gmin stepping completed
Note: Starting dynamic gmin stepping
Note: Dynamic gmin stepping completed

Error: measure  f0r  when(WHEN) : out of interval
Error: &f0r: no such variable.
Note: Starting dynamic gmin stepping
Note: Dynamic gmin stepping completed
Note: Starting dynamic gmin stepping
Note: Dynamic gmin stepping completed
Note: Starting dynamic gmin stepping
Note: Dynamic gmin stepping completed

Error: measure  f0r  when(WHEN) : out of interval
Error: &f0r: no such variable.
Note: Starting dynamic gmin stepping
Note: Dynamic gmin stepping completed
Note: Starting dynamic gmin stepping
Note: Dynamic gmin stepping completed
Note: Starting dynamic gmin stepping
Note: Dynamic gmin stepping completed

Error: measure  f0r  when(WHEN) : out of interval
Error: &f0r: no such variable.
Note: Starting dynamic gmin stepping
Note: Dynamic gmin stepping completed
Note: Starting dynamic gmin stepping
Note: Dynamic gmin stepping completed
Note: Starting dynamic gmin stepping
Note: Dynamic gmin stepping completed

Error: measure  f0r  when(WHEN) : out of interval
Error: &f0r: no such variable.
Note: Starting dynamic gmin stepping
Note: Dynamic gmin stepping completed
Note: Starting dynamic gmin stepping
Note: Dynamic gmin stepping completed
Note: Starting dynamic gmin stepping
Note: Dynamic gmin stepping completed

Error: measure  f0r  when(WHEN) : out of interval
Error: &f0r: no such variable.
Note: Starting dynamic gmin stepping
Note: Dynamic gmin stepping completed
Note: Starting dynamic gmin stepping
Note: Dynamic gmin stepping completed
Note: Starting dynamic gmin stepping
Note: Dynamic gmin stepping completed

Error: measure  f0r  when(WHEN) : out of interval
Error: &f0r: no such variable.
Note: Starting dynamic gmin stepping
Note: Dynamic gmin stepping completed
Note: Starting dynamic gmin stepping
Note: Dynamic gmin stepping completed
Note: Starting dynamic gmin stepping
Note: Dynamic gmin stepping completed

Error: measure  f0r  when(WHEN) : out of interval
Error: &f0r: no such variable.
Note: Starting dynamic gmin stepping
Note: Dynamic gmin stepping completed
Note: Starting dynamic gmin stepping
Note: Dynamic gmin stepping completed
Note: Starting dynamic gmin stepping
Note: Dynamic gmin stepping completed

Error: measure  f0r  when(WHEN) : out of interval
Error: &f0r: no such variable.
Note: Starting dynamic gmin stepping
Note: Dynamic gmin stepping completed
Note: Starting dynamic gmin stepping
Note: Dynamic gmin stepping completed
Note: Starting dynamic gmin stepping
Note: Dynamic gmin stepping completed

Error: measure  f0r  when(WHEN) : out of interval
Error: &f0r: no such variable.
Note: Starting dynamic gmin stepping
Note: Dynamic gmin stepping completed
Note: Starting dynamic gmin stepping
Note: Dynamic gmin stepping completed
Note: Starting dynamic gmin stepping
Note: Dynamic gmin stepping completed

Error: measure  f0r  when(WHEN) : out of interval
Error: &f0r: no such variable.
Note: Starting dynamic gmin stepping
Note: Dynamic gmin stepping completed
Note: Starting dynamic gmin stepping
Note: Dynamic gmin stepping completed
Note: Starting dynamic gmin stepping
Note: Dynamic gmin stepping completed

Error: measure  f0r  when(WHEN) : out of interval
Error: &f0r: no such variable.
Note: Starting dynamic gmin stepping
Note: Dynamic gmin stepping completed
Note: Starting dynamic gmin stepping
Note: Dynamic gmin stepping completed
Note: Starting dynamic gmin stepping
Note: Dynamic gmin stepping completed

Error: measure  f0r  when(WHEN) : out of interval
Error: &f0r: no such variable.
Note: Starting dynamic gmin stepping
Note: Dynamic gmin stepping completed
Note: Starting dynamic gmin stepping
Note: Dynamic gmin stepping completed
Note: Starting dynamic gmin stepping
Note: Dynamic gmin stepping completed

Error: measure  f0r  when(WHEN) : out of interval
Error: &f0r: no such variable.
Note: Starting dynamic gmin stepping
Note: Dynamic gmin stepping completed
Note: Starting dynamic gmin stepping
Note: Dynamic gmin stepping completed
Note: Starting dynamic gmin stepping
Note: Dynamic gmin stepping completed

Error: measure  f0r  when(WHEN) : out of interval
Error: &f0r: no such variable.
Note: Starting dynamic gmin stepping
Note: Dynamic gmin stepping completed
Note: Starting dynamic gmin stepping
Note: Dynamic gmin stepping completed
Note: Starting dynamic gmin stepping
Note: Dynamic gmin stepping completed

Error: measure  f0r  when(WHEN) : out of interval
Error: &f0r: no such variable.
Note: Starting dynamic gmin stepping
Note: Dynamic gmin stepping completed
Note: Starting dynamic gmin stepping
Note: Dynamic gmin stepping completed
Note: Starting dynamic gmin stepping
Note: Dynamic gmin stepping completed

Error: measure  f0r  when(WHEN) : out of interval
Error: &f0r: no such variable.
Note: Starting dynamic gmin stepping
Note: Dynamic gmin stepping completed
Note: Starting dynamic gmin stepping
Note: Dynamic gmin stepping completed
Note: Starting dynamic gmin stepping
Note: Dynamic gmin stepping completed

Error: measure  f0r  when(WHEN) : out of interval
Error: &f0r: no such variable.
Note: Starting dynamic gmin stepping
Note: Dynamic gmin stepping completed
Note: Starting dynamic gmin stepping
Note: Dynamic gmin stepping completed
Note: Starting dynamic gmin stepping
Note: Dynamic gmin stepping completed

Error: measure  f0r  when(WHEN) : out of interval
Error: &f0r: no such variable.
Note: Starting dynamic gmin stepping
Note: Dynamic gmin stepping completed
Note: Starting dynamic gmin stepping
Note: Dynamic gmin stepping completed
Note: Starting dynamic gmin stepping
Note: Dynamic gmin stepping completed

Error: measure  f0r  when(WHEN) : out of interval
Error: &f0r: no such variable.
Note: Starting dynamic gmin stepping
Note: Dynamic gmin stepping completed
Note: Starting dynamic gmin stepping
Note: Dynamic gmin stepping completed
Note: Starting dynamic gmin stepping
Note: Dynamic gmin stepping completed

Error: measure  f0r  when(WHEN) : out of interval
Error: &f0r: no such variable.
Note: Starting dynamic gmin stepping
Note: Dynamic gmin stepping completed
Note: Starting dynamic gmin stepping
Note: Dynamic gmin stepping completed
Note: Starting dynamic gmin stepping
Note: Dynamic gmin stepping completed

Error: measure  f0r  when(WHEN) : out of interval
Error: &f0r: no such variable.
Note: Starting dynamic gmin stepping
Note: Dynamic gmin stepping completed
Note: Starting dynamic gmin stepping
Note: Dynamic gmin stepping completed
Note: Starting dynamic gmin stepping
Note: Dynamic gmin stepping completed

Error: measure  f0r  when(WHEN) : out of interval
Error: &f0r: no such variable.
Note: Starting dynamic gmin stepping
Note: Dynamic gmin stepping completed
Note: Starting dynamic gmin stepping
Note: Dynamic gmin stepping completed
Note: Starting dynamic gmin stepping
Note: Dynamic gmin stepping completed

Error: measure  f0r  when(WHEN) : out of interval
Error: &f0r: no such variable.
Note: Starting dynamic gmin stepping
Note: Dynamic gmin stepping completed
Note: Starting dynamic gmin stepping
Note: Dynamic gmin stepping completed
Note: Starting dynamic gmin stepping
Note: Dynamic gmin stepping completed

Error: measure  f0r  when(WHEN) : out of interval
Error: &f0r: no such variable.
Note: Starting dynamic gmin stepping
Note: Dynamic gmin stepping completed
Note: Starting dynamic gmin stepping
Note: Dynamic gmin stepping completed
Note: Starting dynamic gmin stepping
Note: Dynamic gmin stepping completed

Error: measure  f0r  when(WHEN) : out of interval
Error: &f0r: no such variable.
Note: Starting dynamic gmin stepping
Note: Dynamic gmin stepping completed
Note: Starting dynamic gmin stepping
Note: Dynamic gmin stepping completed
Note: Starting dynamic gmin stepping
Note: Dynamic gmin stepping completed

Error: measure  f0r  when(WHEN) : out of interval
Error: &f0r: no such variable.
Note: Starting dynamic gmin stepping
Note: Dynamic gmin stepping completed
Note: Starting dynamic gmin stepping
Note: Dynamic gmin stepping completed
Note: Starting dynamic gmin stepping
Note: Dynamic gmin stepping completed

Error: measure  f0r  when(WHEN) : out of interval
Error: &f0r: no such variable.
Note: Starting dynamic gmin stepping
Note: Dynamic gmin stepping completed
Note: Starting dynamic gmin stepping
Note: Dynamic gmin stepping completed
Note: Starting dynamic gmin stepping
Note: Dynamic gmin stepping completed

Error: measure  f0r  when(WHEN) : out of interval
Error: &f0r: no such variable.
Note: Starting dynamic gmin stepping
Note: Dynamic gmin stepping completed
Note: Starting dynamic gmin stepping
Note: Dynamic gmin stepping completed
Note: Starting dynamic gmin stepping
Note: Dynamic gmin stepping completed

Error: measure  f0r  when(WHEN) : out of interval
Error: &f0r: no such variable.
Note: Starting dynamic gmin stepping
Note: Dynamic gmin stepping completed
Note: Starting dynamic gmin stepping
Note: Dynamic gmin stepping completed
Note: Starting dynamic gmin stepping
Note: Dynamic gmin stepping completed

Error: measure  f0r  when(WHEN) : out of interval
Error: &f0r: no such variable.
Note: Starting dynamic gmin stepping
Note: Dynamic gmin stepping completed
Note: Starting dynamic gmin stepping
Note: Dynamic gmin stepping completed
Note: Starting dynamic gmin stepping
Note: Dynamic gmin stepping completed

Error: measure  f0r  when(WHEN) : out of interval
Error: &f0r: no such variable.
Note: Starting dynamic gmin stepping
Note: Dynamic gmin stepping completed
Note: Starting dynamic gmin stepping
Note: Dynamic gmin stepping completed
Note: Starting dynamic gmin stepping
Note: Dynamic gmin stepping completed

Error: measure  f0r  when(WHEN) : out of interval
Error: &f0r: no such variable.
Note: Starting dynamic gmin stepping
Note: Dynamic gmin stepping completed
Note: Starting dynamic gmin stepping
Note: Dynamic gmin stepping completed
Note: Starting dynamic gmin stepping
Note: Dynamic gmin stepping completed

Error: measure  f0r  when(WHEN) : out of interval
Error: &f0r: no such variable.
Note: Starting dynamic gmin stepping
Note: Dynamic gmin stepping completed
Note: Starting dynamic gmin stepping
Note: Dynamic gmin stepping completed
Note: Starting dynamic gmin stepping
Note: Dynamic gmin stepping completed

Error: measure  f0r  when(WHEN) : out of interval
Error: &f0r: no such variable.
Note: Starting dynamic gmin stepping
Note: Dynamic gmin stepping completed
Note: Starting dynamic gmin stepping
Note: Dynamic gmin stepping completed
Note: Starting dynamic gmin stepping
Note: Dynamic gmin stepping completed

Error: measure  f0r  when(WHEN) : out of interval
Error: &f0r: no such variable.
Note: Starting dynamic gmin stepping
Note: Dynamic gmin stepping completed
Note: Starting dynamic gmin stepping
Note: Dynamic gmin stepping completed
Note: Starting dynamic gmin stepping
Note: Dynamic gmin stepping completed

Error: measure  f0r  when(WHEN) : out of interval
Error: &f0r: no such variable.
Note: Starting dynamic gmin stepping
Note: Dynamic gmin stepping completed
Note: Starting dynamic gmin stepping
Note: Dynamic gmin stepping completed
Note: Starting dynamic gmin stepping
Note: Dynamic gmin stepping completed

Error: measure  f0r  when(WHEN) : out of interval
Error: &f0r: no such variable.
Note: Starting dynamic gmin stepping
Note: Dynamic gmin stepping completed
Note: Starting dynamic gmin stepping
Note: Dynamic gmin stepping completed
Note: Starting dynamic gmin stepping
Note: Dynamic gmin stepping completed

Error: measure  f0r  when(WHEN) : out of interval
Error: &f0r: no such variable.
