
Note: Compatibility modes selected: hs a


Circuit: * psrr-dc @ res_ss_-40c_2.97v -- generated by sim/harness, do not edit

Doing analysis at TEMP = -40.000000 and TNOM = 27.000000

Using SPARSE 1.3 as Direct Linear Solver
 Reference value :  0.00000e+00
No. of Data Rows : 1
Doing analysis at TEMP = -40.000000 and TNOM = 27.000000

Using SPARSE 1.3 as Direct Linear Solver

No. of Data Rows : 121
gpsr10_db           =  1.06452e+01
gpsr100_db          =  8.26857e-01
gpsr1k_db           =  4.23302e-01
gpsr10k_db          =  4.23225e-01
gpsr100k_db         =  8.37180e-01
adiff1k_db          =  5.76379e+01
adiff10k_db         =  3.79361e+01
adiff100k_db        =  2.67086e+01
Doing analysis at TEMP = -40.000000 and TNOM = 27.000000

Using SPARSE 1.3 as Direct Linear Solver

No. of Data Rows : 1
m_gpsr_1k_vv = 1.0499415533e+00
m_gpsr_1k_db = 4.2330250000e-01
m_gpsr_100k_db = 8.3717970000e-01
m_adiff_1k_db = 5.7637860000e+01
m_adiff_100k_db = 2.6708610000e+01
m_psrr_amp_1k_db = 5.7214557500e+01
m_psrr_ldo_1k_db = 5.4116034819e+01
m_psrr_ldo_10k_db = 3.4414264819e+01
m_psrr_ldo_1k_tracking_db = 7.8866879685e+01
Note: Simulation executed from .control section 

Warning: m=xx on .subckt line will override multiplier m hierarchy!

Note: Starting dynamic gmin stepping
Note: Dynamic gmin stepping completed
Note: Starting dynamic gmin stepping
Note: Dynamic gmin stepping completed
Note: Starting dynamic gmin stepping
Note: Dynamic gmin stepping completed
