
Note: Compatibility modes selected: hs a


Circuit: * psrr-dc @ res_ss_27c_2.97v -- generated by sim/harness, do not edit

Doing analysis at TEMP = 27.000000 and TNOM = 27.000000

Using SPARSE 1.3 as Direct Linear Solver
 Reference value :  0.00000e+00
No. of Data Rows : 1
Doing analysis at TEMP = 27.000000 and TNOM = 27.000000

Using SPARSE 1.3 as Direct Linear Solver

No. of Data Rows : 121
gpsr10_db           =  1.01479e+01
gpsr100_db          =  7.51043e-01
gpsr1k_db           =  3.92632e-01
gpsr10k_db          =  3.92575e-01
gpsr100k_db         =  7.76565e-01
adiff1k_db          =  5.65484e+01
adiff10k_db         =  3.67839e+01
adiff100k_db        =  2.47540e+01
Doing analysis at TEMP = 27.000000 and TNOM = 27.000000

Using SPARSE 1.3 as Direct Linear Solver

No. of Data Rows : 1
m_gpsr_1k_vv = 1.0462406907e+00
m_gpsr_1k_db = 3.9263210000e-01
m_gpsr_100k_db = 7.7656490000e-01
m_adiff_1k_db = 5.6548430000e+01
m_adiff_100k_db = 2.4754040000e+01
m_psrr_amp_1k_db = 5.6155797900e+01
m_psrr_ldo_1k_db = 5.3026604819e+01
m_psrr_ldo_10k_db = 3.3262024819e+01
m_psrr_ldo_1k_tracking_db = 7.8409021989e+01
Note: Simulation executed from .control section 

Warning: m=xx on .subckt line will override multiplier m hierarchy!

Note: Starting dynamic gmin stepping
Note: Dynamic gmin stepping completed
Note: Starting dynamic gmin stepping
Note: Dynamic gmin stepping completed
Note: Starting dynamic gmin stepping
Note: Dynamic gmin stepping completed
