
Note: No compatibility mode selected!


Circuit: * klt sim -- generated corner deck, do not edit

Doing analysis at TEMP = 125.000000 and TNOM = 27.000000

Using SPARSE 1.3 as Direct Linear Solver

Initial Transient Solution
--------------------------

Node                                   Voltage
----                                   -------
vin                                        3.3
pu                                           0
vinr                                         0
en                                           0
vref                                       1.2
vout                               6.90208e-05
pg                                  1.6605e-18
xdut.fb                               0.575267
xdut.xerramp.nbias                 1.19953e-19
xdut.xerramp.xrbias.11             1.19953e-19
xdut.xerramp.xrbias.21             1.19953e-19
xdut.xerramp.rbt                   1.19953e-19
xdut.xerramp.tail                 -1.73583e-18
xdut.xerramp.nd                   -1.73583e-18
xdut.xerramp.n1                   -1.73583e-18
xdut.xerramp.nz                   -1.73583e-18
xdut.xerramp.xrz.11               -1.73583e-18
xdut.xerramp.xrz.21               -1.73583e-18
eout                                1.6605e-18
xdut.bg                           -2.32181e-19
xdut.xerramp.nrza                 -1.73583e-18
xdut.xerramp.xrza.11              -1.73583e-18
xdut.xerramp.xrza.21              -1.73583e-18
xdut.xerramp.nf                   -9.84006e-19
xdut.xerramp.nbp                  -1.73583e-18
xdut.xerramp.xrbufb.11            -1.73583e-18
xdut.xerramp.xrbufb.21            -1.73583e-18
xdut.xerramp.enb                   9.88744e-20
xdut.xilimit.isns                  6.90207e-05
xdut.xilimit.xrsns.11              6.90208e-05
xdut.xilimit.xrsns.21              6.90207e-05
xdut.xilimit.pb                    1.12247e-18
xdut.xilimit.vth                   6.90197e-05
xdut.xilimit.xrref.11              6.90208e-05
xdut.xilimit.xrref.21              6.90197e-05
xdut.xilimit.pb_acqcv              1.12247e-18
xdut.xilimit.vg                    1.95146e-19
xdut.xilimit.vx                    1.12246e-18
xdut.xilimit.vtl                   4.78814e-19
xdut.xilimit.vo1                   1.45385e-19
xdut.xilimit.vd1                   1.42546e-18
xdut.xilimit.vsu                           1.2
xdut.xilimit.pb_acqst              1.12247e-18
xdut.xilimit.bb                    1.12247e-18
xdut.xilimit.xrbias.11             1.12247e-18
xdut.xilimit.xrbias.21             1.12246e-18
xdut.xilimit.vx_acqrb              1.12246e-18
xdut.xilimit.cn                   -1.23512e-18
xdut.xilimit.tail                 -1.34348e-18
xdut.xilimit.co                   -4.96223e-21
xdut.xilimit.xrtail.11            -1.34348e-18
xdut.xilimit.xrtail.21            -1.34348e-18
xdut.xilimit.tailp                -1.34348e-18
xdut.xilimit.enb                   9.88744e-20
xdut.xilimit.clg                  -1.88031e-56
xdut.xilimit.xrl2.11              -1.88019e-56
xdut.xilimit.xrl2.21              -1.14737e-60
xdut.xsoftstart.pb_ss_acqcv        1.51984e-24
xdut.xsoftstart.vg_ss             -4.11995e-24
xdut.xsoftstart.vx_ss              1.52037e-24
xdut.xsoftstart.vtl_ss             6.83302e-21
xdut.xsoftstart.pb_ss              1.51984e-24
xdut.xsoftstart.vo1_ss             4.38471e-21
xdut.xsoftstart.vd1_ss            -1.13106e-18
xdut.xsoftstart.vsu_ss                     1.2
xdut.xsoftstart.pb_ss_acqst        1.51984e-24
xdut.xsoftstart.bb                 1.52015e-24
xdut.xsoftstart.ssr               -4.63777e-20
xdut.xsoftstart.xrss_bias.11       1.52015e-24
xdut.xsoftstart.xrss_bias.21       1.52037e-24
xdut.xsoftstart.vx_ss_acqrb        1.52037e-24
xdut.xsoftstart.sd                -1.00995e-18
xdut.xsoftstart.gmsa               3.18378e-19
xdut.xsoftstart.gmia               1.43909e-14
xdut.xsoftstart.gmvss             -1.91856e-14
xdut.xsoftstart.gmsb              -7.89735e-19
xdut.xsoftstart.gmsum             -1.62056e-13
xdut.xsoftstart.gmrm              -8.10311e-14
xdut.xsoftstart.gmod                  0.416853
xdut.xsoftstart.fbp                   0.641017
xdut.xsoftstart.hg                           0
xdut.xsoftstart.enb               -1.00995e-18
xdut.xsoftstart.xrh_ss.11                    0
xdut.xsoftstart.xrh_ss.21                    0
xdut.xsoftstart.xrr_ss.11         -1.00995e-18
xdut.xsoftstart.xrr_ss.21         -1.00995e-18
acq_il_w1                               -1.188
acq_ss_w1                               -1.188
n_esr                              6.90208e-05
bacq_ss_w1#branch                            0
bacq_il_w1#branch                            0
bvinr#branch                          0.759346
een#branch                                   0
vloop#branch                       2.77209e-30
v.xdut.xsoftstart.vacq_rb#branch     8.13707e-35
v.xdut.xsoftstart.vacq_st#branch    -1.92714e-33
v.xdut.xsoftstart.vacq_cv#branch    -8.09115e-35
v.xdut.xilimit.vacq_rb#branch     -9.27528e-31
v.xdut.xilimit.vacq_st#branch      -1.2326e-31
v.xdut.xilimit.vacq_cv#branch      9.25396e-31
vref#branch                          -0.759349
vpu#branch                                   0
vin#branch                                   0


No. of Data Rows : 5284

  Measurements for Transient Analysis

w1_il_vx_end        =  1.20000e+00
w1_il_bb_end        =  1.94856e-04
w1_il_pb_end        =  2.60574e+00
w1_il_vg_end        =  2.20039e+00
w1_il_vsu_end       =  2.21788e-07
w1_il_icv_end       =  1.21803e-06
w1_il_irb_end       =  1.21800e-06
w1_il_ist_end       =  5.85831e-12
w1_il_vx_setmax     =  1.20000e+00 at=  2.29390e-04
w1_il_vx_setmin     =  1.20000e+00 at=  2.24140e-04
w1_il_vx_winmin     =  6.85148e-05 at=  1.00050e-05
w1_il_ist_peak      =  1.41033e-06 at=  4.77250e-05
w1_il_t99           =   7.64044e-05
w1_ss_vx_end        =  1.20000e+00
w1_ss_bb_end        =  7.01774e-05
w1_ss_pb_end        =  2.85173e+00
w1_ss_vg_end        =  2.14363e+00
w1_ss_vsu_end       =  2.19898e-07
w1_ss_icv_end       =  4.38693e-07
w1_ss_irb_end       =  4.38683e-07
w1_ss_ist_end       =  3.10224e-12
w1_ss_vx_setmax     =  1.20000e+00 at=  2.36640e-04
w1_ss_vx_setmin     =  1.20000e+00 at=  2.45990e-04
w1_ss_vx_winmin     =  5.17611e-05 at=  1.00050e-05
w1_ss_ist_peak      =  1.41559e-06 at=  4.38250e-05
w1_ss_t99           =   7.47168e-05
w1_vref_end         =  1.20000e+00

ngspice-46 done
