
Note: Compatibility modes selected: hs a


Circuit: * load-transient @ sf_27c_3.63v -- generated by sim/harness, do not edit

Doing analysis at TEMP = 27.000000 and TNOM = 27.000000

Using SPARSE 1.3 as Direct Linear Solver

Initial Transient Solution
--------------------------

Node                                   Voltage
----                                   -------
vin                                       3.63
vref                                       1.2
vout                                   1.79918
loop                                   2.99858
xdut.fb                                1.19945
xdut.xerramp.nbias                     0.88083
xdut.xerramp.xrbias.11                0.881062
xdut.xerramp.xrbias.21                 3.62891
xdut.xerramp.rbt                       3.62914
xdut.xerramp.tail                     0.359429
xdut.xerramp.nd                        2.63588
xdut.xerramp.n1                        2.96643
xdut.xerramp.nz                        2.96643
xdut.xerramp.xrz.11                    2.96643
xdut.xerramp.xrz.21                    2.96643
xdut.bg                                2.36447
xdut.xerramp.nrza                      2.96643
xdut.xerramp.xrza.11                   2.96643
xdut.xerramp.xrza.21                   2.96643
xdut.xerramp.nf                        2.66545
xdut.xerramp.nbp                       2.96643
xdut.xerramp.xrbufb.11                 2.96643
xdut.xerramp.xrbufb.21                 2.96643
xdut.xerramp.enb                   5.48012e-09
xdut.xilimit.isns                      1.80055
xdut.xilimit.xrsns.11                  1.79921
xdut.xilimit.xrsns.21                  1.80052
xdut.xilimit.pb                        2.85416
xdut.xilimit.vth                       1.90084
xdut.xilimit.xrref.11                  1.79921
xdut.xilimit.xrref.21                  1.90081
xdut.xilimit.bt                            1.2
xdut.xilimit.bb                    0.000124473
xdut.xilimit.xrbias.11             0.000161139
xdut.xilimit.xrbias.21                 1.19996
xdut.xilimit.cn                       0.702206
xdut.xilimit.tail                      2.82251
xdut.xilimit.co                     0.00435946
xdut.xilimit.xrtail.11                 2.82257
xdut.xilimit.xrtail.21                 3.62884
xdut.xilimit.tailp                      3.6289
xdut.xilimit.enb                   5.48012e-09
xdut.xilimit.clg                          3.63
xdut.xilimit.xrl2.11                      3.63
xdut.xilimit.xrl2.21                      3.63
xdut.xsoftstart.bt                         1.2
xdut.xsoftstart.bb                 4.48286e-05
xdut.xsoftstart.xrss_bias.11        5.8034e-05
xdut.xsoftstart.xrss_bias.21           1.19999
xdut.xsoftstart.ssr                    2.26873
xdut.xsoftstart.sd                 5.48012e-09
xdut.xsoftstart.gmsa                   3.13426
xdut.xsoftstart.gmia                  0.815552
xdut.xsoftstart.gmvss              0.000607046
xdut.xsoftstart.gmsb                   3.08268
xdut.xsoftstart.gmsum                  3.06626
xdut.xsoftstart.gmrm                   3.34622
xdut.xsoftstart.gmod                   3.33644
xdut.xsoftstart.fbp                    1.19946
xdut.xsoftstart.hg                        3.63
xdut.xsoftstart.enb                5.48012e-09
xdut.xsoftstart.xrh_ss.11                 3.63
xdut.xsoftstart.xrh_ss.21                 3.63
xdut.xsoftstart.xrr_ss.11          5.48012e-09
xdut.xsoftstart.xrr_ss.21          5.48012e-09
ilc                                      0.001
nload                                        0
n_esr                                  1.79918
v.xdut.xsoftstart.vbsense_ss#branch     3.83132e-07
v.xdut.xilimit.vbsense#branch      1.06379e-06
vlmeas#branch                            0.001
vilc#branch                                  0
vref#branch                       -1.44692e-06
vsup#branch                        -0.00102031

 Reference value :  0.00000e+00
 Reference value :  7.98560e-06
 Reference value :  1.63256e-05
 Reference value :  2.43856e-05
 Reference value :  3.23256e-05
 Reference value :  4.03456e-05
 Reference value :  5.09300e-05
 Reference value :  5.95700e-05
 Reference value :  6.82100e-05
 Reference value :  7.62500e-05
 Reference value :  8.43100e-05
 Reference value :  9.25300e-05
 Reference value :  1.02910e-04
 Reference value :  1.11130e-04
 Reference value :  1.19550e-04
 Reference value :  1.28710e-04
 Reference value :  1.36910e-04
 Reference value :  1.44830e-04
 Reference value :  1.54910e-04
 Reference value :  1.63230e-04
 Reference value :  1.71510e-04
 Reference value :  1.79590e-04
 Reference value :  1.87730e-04
 Reference value :  1.95950e-04
 Reference value :  2.04170e-04
 Reference value :  2.12130e-04
 Reference value :  2.20170e-04
 Reference value :  2.28210e-04
 Reference value :  2.39050e-04
 Reference value :  2.48710e-04
 Reference value :  2.57150e-04
 Reference value :  2.65750e-04
 Reference value :  2.73870e-04
 Reference value :  2.81970e-04
 Reference value :  2.90050e-04
 Reference value :  2.98370e-04
 Reference value :  3.06070e-04
 Reference value :  3.14250e-04
 Reference value :  3.22650e-04
 Reference value :  3.30590e-04
 Reference value :  3.39150e-04
 Reference value :  3.47450e-04
 Reference value :  3.55770e-04
 Reference value :  3.63890e-04
 Reference value :  3.71730e-04
 Reference value :  3.79730e-04
 Reference value :  3.87750e-04
 Reference value :  3.95950e-04
No. of Data Rows : 20032
vmin_load           =  1.76497e+00 at=  5.10020e-05
vmax_load           =  1.82835e+00 at=  1.51210e-04
vmin_line           =  1.79777e+00 at=  2.04110e-04
vmax_line           =  1.79832e+00 at=  3.21990e-04
iload_plateau       =  5.00000e-02 from=  1.00000e-04 to=  1.40010e-04
vout_min_global     =  1.76495e+00 at=  5.09850e-05
m_undershoot_mv = 3.5032000000e+01
m_overshoot_mv = 2.8349000000e+01
m_line_step_dev_lo_mv = 2.2340000000e+00
m_line_step_dev_hi_mv = -1.678000000e+00
m_iload_plateau_ma = 5.0000000000e+01
m_vout_min_global_v = 1.7649540000e+00
m_iload_err_max_ua = 6.9388939039e-12
Note: Simulation executed from .control section 

Warning: m=xx on .subckt line will override multiplier m hierarchy!

Note: Starting dynamic gmin stepping
Note: Dynamic gmin stepping completed
