
Note: Compatibility modes selected: hs a


Circuit: * amp-openloop @ res_ff_125c_3.63v -- generated by sim/harness, do not edit

Doing analysis at TEMP = 125.000000 and TNOM = 27.000000

Using SPARSE 1.3 as Direct Linear Solver
 Reference value :  0.00000e+00
No. of Data Rows : 1
Doing analysis at TEMP = 125.000000 and TNOM = 27.000000

Using SPARSE 1.3 as Direct Linear Solver

No. of Data Rows : 401
a0_db               =  1.12038e+02
ugbw_hz             =  2.98195e+06
ph_ugbw             =  9.18859e+01
g1k_db              =  5.96396e+01
ph1k                =  -8.21525e+01
a0ll_db             =  1.07338e+02
g1kll_db            =  5.96121e+01
a0dr_db             =  1.10870e+02
g1kdr_db            =  5.43051e+01
apk_db              =  4.02974e+01 at=  2.11349e+05
a200k_db            =  4.04792e+01
apkll_db            =  4.01378e+01 at=  2.11349e+05
a200kll_db          =  4.03262e+01
Doing analysis at TEMP = 125.000000 and TNOM = 27.000000

Using SPARSE 1.3 as Direct Linear Solver

No. of Data Rows : 1
m_a0_db = 1.1203820000e+02
m_ugbw_khz = 2.9819510000e+03
m_pm_deg = 2.7188593000e+02
m_gain_1k_db = 5.9639620000e+01
m_phase_1k_deg = -8.215250000e+01
m_a0_lightload_db = 1.0733850000e+02
m_gain_1k_lightload_db = 5.9612090000e+01
m_a0_dropout_db = 1.1086960000e+02
m_gain_1k_dropout_db = 5.4305080000e+01
m_vos_sys_uv = 6.9214077852e+02
m_iq_ua = 1.3194570597e+01
m_iq_dropout_ua = 6.4874601216e+00
m_tail_hdr_mv = 4.8621427912e+02
m_tail_hdr_dropout_mv = 5.1722114487e+02
m_vg_pulldown_mv = 5.7713375217e-03
m_vg_pullup_hdr_mv = 1.1933273896e-01
m_peak_excess_db = -1.818200000e-01
m_peak_excess_lightload_db = -1.883800000e-01
Note: Simulation executed from .control section 

Warning: m=xx on .subckt line will override multiplier m hierarchy!

Note: Starting dynamic gmin stepping
Note: Dynamic gmin stepping completed
Note: Starting dynamic gmin stepping
Note: Dynamic gmin stepping completed
Note: Starting dynamic gmin stepping
Note: Dynamic gmin stepping completed
