
Note: Compatibility modes selected: hs a


Circuit: * startup @ fs_27c_3.63v -- generated by sim/harness, do not edit

Doing analysis at TEMP = 27.000000 and TNOM = 27.000000

Using SPARSE 1.3 as Direct Linear Solver

Initial Transient Solution
--------------------------

Node                                   Voltage
----                                   -------
vin                                       3.63
en                                           0
vout_full                          1.09304e-08
loop_full                                 3.63
xdut_full.fb                       7.28691e-09
xdut_full.vref                             1.2
xdut_full.xerramp.nbias            1.37613e-09
xdut_full.xerramp.xrbias.11        1.93804e-09
xdut_full.xerramp.xrbias.21        6.67005e-06
xdut_full.xerramp.rbt              6.67061e-06
xdut_full.xerramp.tail                0.851348
xdut_full.xerramp.nd                      3.63
xdut_full.xerramp.n1                      3.63
xdut_full.xerramp.nz                      3.63
xdut_full.xerramp.xrz.11                  3.63
xdut_full.xerramp.xrz.21                  3.63
xdut_full.xerramp.nf                      3.63
xdut_full.bg                              3.63
xdut_full.xerramp.nbp                     3.63
xdut_full.xerramp.xrbufb.11               3.63
xdut_full.xerramp.xrbufb.21               3.63
xdut_full.xerramp.enb                     3.63
xdut_full.xilimit.isns             1.15366e-08
xdut_full.xilimit.xrsns.11         1.09434e-08
xdut_full.xilimit.xrsns.21         1.15235e-08
xdut_full.xilimit.pb                   3.23898
xdut_full.xilimit.vth              5.96207e-07
xdut_full.xilimit.xrref.11         1.11436e-08
xdut_full.xilimit.xrref.21         5.95994e-07
xdut_full.xilimit.bt                       1.2
xdut_full.xilimit.bb                       1.2
xdut_full.xilimit.xrbias.11                1.2
xdut_full.xilimit.xrbias.21                1.2
xdut_full.xilimit.cn                 0.0847067
xdut_full.xilimit.tail                 1.20603
xdut_full.xilimit.co               7.81321e-10
xdut_full.xilimit.xrtail.11            1.20603
xdut_full.xilimit.xrtail.21            1.20603
xdut_full.xilimit.tailp                1.20603
xdut_full.xilimit.enb                     3.63
xdut_full.xilimit.clg                     3.63
xdut_full.xilimit.xrl2.11                 3.63
xdut_full.xilimit.xrl2.21                 3.63
xdut_full.xsoftstart.bt                    1.2
xdut_full.xsoftstart.bb                1.19999
xdut_full.xsoftstart.xrss_bias.11         1.19999
xdut_full.xsoftstart.xrss_bias.21             1.2
xdut_full.xsoftstart.ssr           1.35237e-08
xdut_full.xsoftstart.enb                  3.63
xdut_full.xsoftstart.tailp             1.20609
xdut_full.xsoftstart.tail              1.20609
xdut_full.xsoftstart.xrtail_ss.11         1.20609
xdut_full.xsoftstart.xrtail_ss.21         1.20609
xdut_full.xsoftstart.cn              0.0847487
xdut_full.xsoftstart.co              0.0847487
xdut_full.xsoftstart.lp            3.16698e-05
xdut_full.xsoftstart.clg           1.07858e-09
xdut_full.xsoftstart.xrl2_ss.11     1.25286e-09
xdut_full.xsoftstart.xrl2_ss.21     3.16696e-05
n_esr_full                         1.09304e-08
vout_min                           0.000182082
loop_min                                  3.63
xdut_min.fb                        0.000121388
xdut_min.vref                              1.2
xdut_min.xerramp.nbias             1.37613e-09
xdut_min.xerramp.xrbias.11         1.93804e-09
xdut_min.xerramp.xrbias.21         6.67005e-06
xdut_min.xerramp.rbt               6.67061e-06
xdut_min.xerramp.tail                 0.851288
xdut_min.xerramp.nd                       3.63
xdut_min.xerramp.n1                       3.63
xdut_min.xerramp.nz                       3.63
xdut_min.xerramp.xrz.11                   3.63
xdut_min.xerramp.xrz.21                   3.63
xdut_min.xerramp.nf                       3.63
xdut_min.bg                               3.63
xdut_min.xerramp.nbp                      3.63
xdut_min.xerramp.xrbufb.11                3.63
xdut_min.xerramp.xrbufb.21                3.63
xdut_min.xerramp.enb                      3.63
xdut_min.xilimit.isns              0.000182083
xdut_min.xilimit.xrsns.11          0.000182082
xdut_min.xilimit.xrsns.21          0.000182083
xdut_min.xilimit.pb                    3.23898
xdut_min.xilimit.vth               0.000182667
xdut_min.xilimit.xrref.11          0.000182082
xdut_min.xilimit.xrref.21          0.000182667
xdut_min.xilimit.bt                        1.2
xdut_min.xilimit.bb                        1.2
xdut_min.xilimit.xrbias.11                 1.2
xdut_min.xilimit.xrbias.21                 1.2
xdut_min.xilimit.cn                   0.084715
xdut_min.xilimit.tail                  1.20619
xdut_min.xilimit.co                7.81488e-10
xdut_min.xilimit.xrtail.11             1.20619
xdut_min.xilimit.xrtail.21             1.20619
xdut_min.xilimit.tailp                 1.20619
xdut_min.xilimit.enb                      3.63
xdut_min.xilimit.clg                      3.63
xdut_min.xilimit.xrl2.11                  3.63
xdut_min.xilimit.xrl2.21                  3.63
xdut_min.xsoftstart.bt                     1.2
xdut_min.xsoftstart.bb                 1.19999
xdut_min.xsoftstart.xrss_bias.11         1.19999
xdut_min.xsoftstart.xrss_bias.21             1.2
xdut_min.xsoftstart.ssr            1.35237e-08
xdut_min.xsoftstart.enb                   3.63
xdut_min.xsoftstart.tailp              1.20614
xdut_min.xsoftstart.tail               1.20614
xdut_min.xsoftstart.xrtail_ss.11         1.20614
xdut_min.xsoftstart.xrtail_ss.21         1.20614
xdut_min.xsoftstart.cn               0.0847139
xdut_min.xsoftstart.co               0.0847803
xdut_min.xsoftstart.lp             3.16698e-05
xdut_min.xsoftstart.clg            1.07858e-09
xdut_min.xsoftstart.xrl2_ss.11     1.25286e-09
xdut_min.xsoftstart.xrl2_ss.21     3.16696e-05
n_esr_min                          0.000182082
vin_short                                 3.63
vout_short                         3.03631e-10
loop_short                                3.63
xdut_short.fb                      2.02421e-10
xdut_short.vref                            1.2
xdut_short.xerramp.nbias           1.37613e-09
xdut_short.xerramp.xrbias.11       1.93804e-09
xdut_short.xerramp.xrbias.21       6.67005e-06
xdut_short.xerramp.rbt             6.67061e-06
xdut_short.xerramp.tail               0.851238
xdut_short.xerramp.nd                     3.63
xdut_short.xerramp.n1                     3.63
xdut_short.xerramp.nz                     3.63
xdut_short.xerramp.xrz.11                 3.63
xdut_short.xerramp.xrz.21                 3.63
xdut_short.xerramp.nf                     3.63
xdut_short.bg                             3.63
xdut_short.xerramp.nbp                    3.63
xdut_short.xerramp.xrbufb.11              3.63
xdut_short.xerramp.xrbufb.21              3.63
xdut_short.xerramp.enb                    3.63
xdut_short.xilimit.isns            9.09835e-10
xdut_short.xilimit.xrsns.11         3.1668e-10
xdut_short.xilimit.xrsns.21        8.96786e-10
xdut_short.xilimit.pb                    3.239
xdut_short.xilimit.vth             5.85438e-07
xdut_short.xilimit.xrref.11        5.16839e-10
xdut_short.xilimit.xrref.21        5.85225e-07
xdut_short.xilimit.bt                      1.2
xdut_short.xilimit.bb                      1.2
xdut_short.xilimit.xrbias.11               1.2
xdut_short.xilimit.xrbias.21               1.2
xdut_short.xilimit.cn                0.0847152
xdut_short.xilimit.tail                1.20604
xdut_short.xilimit.co              7.81479e-10
xdut_short.xilimit.xrtail.11           1.20604
xdut_short.xilimit.xrtail.21           1.20604
xdut_short.xilimit.tailp               1.20604
xdut_short.xilimit.enb                    3.63
xdut_short.xilimit.clg                    3.63
xdut_short.xilimit.xrl2.11                3.63
xdut_short.xilimit.xrl2.21                3.63
xdut_short.xsoftstart.bt                   1.2
xdut_short.xsoftstart.bb               1.19999
xdut_short.xsoftstart.xrss_bias.11         1.19999
xdut_short.xsoftstart.xrss_bias.21             1.2
xdut_short.xsoftstart.ssr          1.35237e-08
xdut_short.xsoftstart.enb                 3.63
xdut_short.xsoftstart.tailp             1.2061
xdut_short.xsoftstart.tail             1.20609
xdut_short.xsoftstart.xrtail_ss.11         1.20609
xdut_short.xsoftstart.xrtail_ss.21          1.2061
xdut_short.xsoftstart.cn             0.0847519
xdut_short.xsoftstart.co             0.0847507
xdut_short.xsoftstart.lp           3.16698e-05
xdut_short.xsoftstart.clg          1.07858e-09
xdut_short.xsoftstart.xrl2_ss.11     1.25286e-09
xdut_short.xsoftstart.xrl2_ss.21     3.16696e-05
n_esr_short                        3.03631e-10
v.xdut_short.xsoftstart.vbsense_ss#branch     2.38695e-12
v.xdut_short.xilimit.vbsense#branch     2.38695e-12
v.xdut_min.xsoftstart.vbsense_ss#branch     2.38695e-12
v.xdut_min.xilimit.vbsense#branch     2.38695e-12
v.xdut_full.xsoftstart.vbsense_ss#branch     2.38695e-12
v.xdut_full.xilimit.vbsense#branch     2.38695e-12
v.xdut_short.vref1#branch         -4.77389e-12
vamm_short#branch                  4.13841e-10
v.xdut_min.vref1#branch           -4.77389e-12
v.xdut_full.vref1#branch          -4.77389e-12
ven#branch                                   0
vsup#branch                       -1.23755e-09

 Reference value :  0.00000e+00
 Reference value :  2.60496e-06
 Reference value :  1.31657e-04
 Reference value :  2.44321e-04
 Reference value :  3.70321e-04
 Reference value :  4.83114e-04
 Reference value :  6.04114e-04
 Reference value :  7.56114e-04
 Reference value :  9.11114e-04
 Reference value :  1.03211e-03
 Reference value :  1.15911e-03
 Reference value :  1.30811e-03
 Reference value :  1.43011e-03
 Reference value :  1.54911e-03
 Reference value :  1.67311e-03
 Reference value :  1.79411e-03
 Reference value :  1.91611e-03
 Reference value :  2.03711e-03
 Reference value :  2.15611e-03
 Reference value :  2.28311e-03
 Reference value :  2.40611e-03
 Reference value :  2.53211e-03
 Reference value :  2.65811e-03
 Reference value :  2.78211e-03
 Reference value :  2.91811e-03
 Reference value :  3.05111e-03
 Reference value :  3.17011e-03
 Reference value :  3.29011e-03
 Reference value :  3.41311e-03
 Reference value :  3.53611e-03
 Reference value :  3.66111e-03
 Reference value :  3.78311e-03
 Reference value :  3.87992e-03
 Reference value :  3.99892e-03
 Reference value :  4.12492e-03
 Reference value :  4.24792e-03
 Reference value :  4.37192e-03
 Reference value :  4.50092e-03
 Reference value :  4.62392e-03
 Reference value :  4.74592e-03
 Reference value :  4.87092e-03
 Reference value :  4.99692e-03
 Reference value :  5.11792e-03
 Reference value :  5.24292e-03
 Reference value :  5.36892e-03
 Reference value :  5.48992e-03
 Reference value :  5.65792e-03
 Reference value :  5.78192e-03
 Reference value :  5.90392e-03
No. of Data Rows : 6081
t_settle_full       =  3.81416e-03
vpeak_full          =  1.80624e+00 at=  3.86411e-03
t_settle_min        =  3.81377e-03
vpeak_min           =  1.80763e+00 at=  3.87430e-03
vpeak_short         =  7.61148e-02 at=  1.76511e-03
vfinal_short        =  7.61148e-02
ipeak_short         =  7.92074e-02 at=  4.10917e-04
m_tsettle_full_ms = 3.8131570000e+00
m_overshoot_full_mv = -2.976100000e+01
m_tsettle_min_ms = 3.8127750000e+00
m_overshoot_min_mv = -2.837300000e+01
m_vfinal_short_v = 7.6114800000e-02
m_ipeak_short_ma = 7.9207360000e+01
Note: Simulation executed from .control section 

Warning: m=xx on .subckt line will override multiplier m hierarchy!

