
Note: Compatibility modes selected: hs a


Circuit: * startup @ tt_27c_2.97v -- generated by sim/harness, do not edit

Doing analysis at TEMP = 27.000000 and TNOM = 27.000000

Using SPARSE 1.3 as Direct Linear Solver

Initial Transient Solution
--------------------------

Node                                   Voltage
----                                   -------
vin                                       2.97
en                                           0
vout_full                          1.98065e-09
loop_full                                 2.97
xdut_full.fb                       1.32043e-09
xdut_full.vref                             1.2
xdut_full.xerramp.nbias            8.11673e-10
xdut_full.xerramp.xrbias.11        1.09926e-09
xdut_full.xerramp.xrbias.21        3.41381e-06
xdut_full.xerramp.rbt               3.4141e-06
xdut_full.xerramp.tail                0.789532
xdut_full.xerramp.nd                      2.97
xdut_full.xerramp.n1                      2.97
xdut_full.xerramp.nz                      2.97
xdut_full.xerramp.xrz.11                  2.97
xdut_full.xerramp.xrz.21                  2.97
xdut_full.xerramp.nf                      2.97
xdut_full.bg                              2.97
xdut_full.xerramp.nbp                     2.97
xdut_full.xerramp.xrbufb.11               2.97
xdut_full.xerramp.xrbufb.21               2.97
xdut_full.xerramp.enb                     2.97
xdut_full.xilimit.isns             2.21134e-09
xdut_full.xilimit.xrsns.11         1.98562e-09
xdut_full.xilimit.xrsns.21         2.20637e-09
xdut_full.xilimit.pb                   2.68838
xdut_full.xilimit.vth              3.93981e-07
xdut_full.xilimit.xrref.11         2.12348e-09
xdut_full.xilimit.xrref.21         3.93838e-07
xdut_full.xilimit.bt                       1.2
xdut_full.xilimit.bb                       1.2
xdut_full.xilimit.xrbias.11                1.2
xdut_full.xilimit.xrbias.21                1.2
xdut_full.xilimit.cn                  0.152075
xdut_full.xilimit.tail                0.984066
xdut_full.xilimit.co               7.33993e-10
xdut_full.xilimit.xrtail.11           0.984066
xdut_full.xilimit.xrtail.21           0.984067
xdut_full.xilimit.tailp               0.984067
xdut_full.xilimit.enb                     2.97
xdut_full.xilimit.clg                     2.97
xdut_full.xilimit.xrl2.11                 2.97
xdut_full.xilimit.xrl2.21                 2.97
xdut_full.xsoftstart.bt                    1.2
xdut_full.xsoftstart.bb                    1.2
xdut_full.xsoftstart.xrss_bias.11             1.2
xdut_full.xsoftstart.xrss_bias.21             1.2
xdut_full.xsoftstart.ssr           1.32053e-08
xdut_full.xsoftstart.enb                  2.97
xdut_full.xsoftstart.tailp            0.984148
xdut_full.xsoftstart.tail             0.984145
xdut_full.xsoftstart.xrtail_ss.11        0.984145
xdut_full.xsoftstart.xrtail_ss.21        0.984148
xdut_full.xsoftstart.cn               0.152135
xdut_full.xsoftstart.co               0.152136
xdut_full.xsoftstart.lp             1.9693e-05
xdut_full.xsoftstart.clg           7.74125e-10
xdut_full.xsoftstart.xrl2_ss.11     8.82492e-10
xdut_full.xsoftstart.xrl2_ss.21     1.96929e-05
n_esr_full                         1.98065e-09
vout_min                             3.301e-05
loop_min                                  2.97
xdut_min.fb                        2.20067e-05
xdut_min.vref                              1.2
xdut_min.xerramp.nbias             8.11673e-10
xdut_min.xerramp.xrbias.11         1.09926e-09
xdut_min.xerramp.xrbias.21         3.41381e-06
xdut_min.xerramp.rbt                3.4141e-06
xdut_min.xerramp.tail                 0.789543
xdut_min.xerramp.nd                       2.97
xdut_min.xerramp.n1                       2.97
xdut_min.xerramp.nz                       2.97
xdut_min.xerramp.xrz.11                   2.97
xdut_min.xerramp.xrz.21                   2.97
xdut_min.xerramp.nf                       2.97
xdut_min.bg                               2.97
xdut_min.xerramp.nbp                      2.97
xdut_min.xerramp.xrbufb.11                2.97
xdut_min.xerramp.xrbufb.21                2.97
xdut_min.xerramp.enb                      2.97
xdut_min.xilimit.isns              3.30102e-05
xdut_min.xilimit.xrsns.11            3.301e-05
xdut_min.xilimit.xrsns.21          3.30102e-05
xdut_min.xilimit.pb                    2.68833
xdut_min.xilimit.vth               3.34021e-05
xdut_min.xilimit.xrref.11          3.30101e-05
xdut_min.xilimit.xrref.21           3.3402e-05
xdut_min.xilimit.bt                        1.2
xdut_min.xilimit.bb                        1.2
xdut_min.xilimit.xrbias.11                 1.2
xdut_min.xilimit.xrbias.21                 1.2
xdut_min.xilimit.cn                   0.152079
xdut_min.xilimit.tail                 0.984093
xdut_min.xilimit.co                7.34005e-10
xdut_min.xilimit.xrtail.11            0.984093
xdut_min.xilimit.xrtail.21            0.984094
xdut_min.xilimit.tailp                0.984094
xdut_min.xilimit.enb                      2.97
xdut_min.xilimit.clg                      2.97
xdut_min.xilimit.xrl2.11                  2.97
xdut_min.xilimit.xrl2.21                  2.97
xdut_min.xsoftstart.bt                     1.2
xdut_min.xsoftstart.bb                     1.2
xdut_min.xsoftstart.xrss_bias.11             1.2
xdut_min.xsoftstart.xrss_bias.21             1.2
xdut_min.xsoftstart.ssr            1.32053e-08
xdut_min.xsoftstart.enb                   2.97
xdut_min.xsoftstart.tailp             0.984153
xdut_min.xsoftstart.tail              0.984149
xdut_min.xsoftstart.xrtail_ss.11        0.984149
xdut_min.xsoftstart.xrtail_ss.21        0.984153
xdut_min.xsoftstart.cn                0.152128
xdut_min.xsoftstart.co                0.152138
xdut_min.xsoftstart.lp              1.9693e-05
xdut_min.xsoftstart.clg            7.74125e-10
xdut_min.xsoftstart.xrl2_ss.11     8.82492e-10
xdut_min.xsoftstart.xrl2_ss.21     1.96929e-05
n_esr_min                            3.301e-05
vin_short                                 2.97
vout_short                         5.50202e-11
loop_short                                2.97
xdut_short.fb                      3.66801e-11
xdut_short.vref                            1.2
xdut_short.xerramp.nbias           8.11673e-10
xdut_short.xerramp.xrbias.11       1.09926e-09
xdut_short.xerramp.xrbias.21       3.41381e-06
xdut_short.xerramp.rbt              3.4141e-06
xdut_short.xerramp.tail               0.789507
xdut_short.xerramp.nd                     2.97
xdut_short.xerramp.n1                     2.97
xdut_short.xerramp.nz                     2.97
xdut_short.xerramp.xrz.11                 2.97
xdut_short.xerramp.xrz.21                 2.97
xdut_short.xerramp.nf                     2.97
xdut_short.bg                             2.97
xdut_short.xerramp.nbp                    2.97
xdut_short.xerramp.xrbufb.11              2.97
xdut_short.xerramp.xrbufb.21              2.97
xdut_short.xerramp.enb                    2.97
xdut_short.xilimit.isns            2.85707e-10
xdut_short.xilimit.xrsns.11        5.99859e-11
xdut_short.xilimit.xrsns.21        2.80741e-10
xdut_short.xilimit.pb                  2.68838
xdut_short.xilimit.vth             3.92055e-07
xdut_short.xilimit.xrref.11        1.97855e-10
xdut_short.xilimit.xrref.21        3.91913e-07
xdut_short.xilimit.bt                      1.2
xdut_short.xilimit.bb                      1.2
xdut_short.xilimit.xrbias.11               1.2
xdut_short.xilimit.xrbias.21               1.2
xdut_short.xilimit.cn                 0.152086
xdut_short.xilimit.tail               0.984078
xdut_short.xilimit.co              7.34168e-10
xdut_short.xilimit.xrtail.11          0.984078
xdut_short.xilimit.xrtail.21          0.984079
xdut_short.xilimit.tailp              0.984079
xdut_short.xilimit.enb                    2.97
xdut_short.xilimit.clg                    2.97
xdut_short.xilimit.xrl2.11                2.97
xdut_short.xilimit.xrl2.21                2.97
xdut_short.xsoftstart.bt                   1.2
xdut_short.xsoftstart.bb                   1.2
xdut_short.xsoftstart.xrss_bias.11             1.2
xdut_short.xsoftstart.xrss_bias.21             1.2
xdut_short.xsoftstart.ssr          1.32053e-08
xdut_short.xsoftstart.enb                 2.97
xdut_short.xsoftstart.tailp           0.984162
xdut_short.xsoftstart.tail            0.984159
xdut_short.xsoftstart.xrtail_ss.11        0.984159
xdut_short.xsoftstart.xrtail_ss.21        0.984162
xdut_short.xsoftstart.cn              0.152147
xdut_short.xsoftstart.co              0.152147
xdut_short.xsoftstart.lp            1.9693e-05
xdut_short.xsoftstart.clg          7.74125e-10
xdut_short.xsoftstart.xrl2_ss.11     8.82492e-10
xdut_short.xsoftstart.xrl2_ss.21     1.96929e-05
n_esr_short                        5.50202e-11
v.xdut_short.xsoftstart.vbsense_ss#branch     1.34256e-12
v.xdut_short.xilimit.vbsense#branch     1.34256e-12
v.xdut_min.xsoftstart.vbsense_ss#branch     1.34256e-12
v.xdut_min.xilimit.vbsense#branch     1.34256e-12
v.xdut_full.xsoftstart.vbsense_ss#branch     1.34256e-12
v.xdut_full.xilimit.vbsense#branch     1.34256e-12
v.xdut_short.vref1#branch         -2.68513e-12
vamm_short#branch                  1.23846e-10
v.xdut_min.vref1#branch           -2.68513e-12
v.xdut_full.vref1#branch          -2.68513e-12
ven#branch                                   0
vsup#branch                       -3.73084e-10

 Reference value :  0.00000e+00
 Reference value :  1.38446e-06
 Reference value :  1.17769e-04
 Reference value :  2.30889e-04
 Reference value :  3.52889e-04
 Reference value :  4.23062e-04
 Reference value :  5.43062e-04
 Reference value :  6.65062e-04
 Reference value :  7.85062e-04
 Reference value :  9.11062e-04
 Reference value :  1.03406e-03
 Reference value :  1.16106e-03
 Reference value :  1.28006e-03
 Reference value :  1.39806e-03
 Reference value :  1.52106e-03
 Reference value :  1.64606e-03
 Reference value :  1.76906e-03
 Reference value :  1.89006e-03
 Reference value :  2.01806e-03
 Reference value :  2.14306e-03
 Reference value :  2.26706e-03
 Reference value :  2.38906e-03
 Reference value :  2.51206e-03
 Reference value :  2.63406e-03
 Reference value :  2.75906e-03
 Reference value :  2.88706e-03
 Reference value :  3.01206e-03
 Reference value :  3.13506e-03
 Reference value :  3.25606e-03
 Reference value :  3.38006e-03
 Reference value :  3.50606e-03
 Reference value :  3.62906e-03
 Reference value :  3.75406e-03
 Reference value :  3.86135e-03
 Reference value :  3.98735e-03
 Reference value :  4.11235e-03
 Reference value :  4.23035e-03
 Reference value :  4.35235e-03
 Reference value :  4.46735e-03
 Reference value :  4.59035e-03
 Reference value :  4.70735e-03
 Reference value :  4.82835e-03
 Reference value :  4.94735e-03
 Reference value :  5.07235e-03
 Reference value :  5.19535e-03
 Reference value :  5.33035e-03
 Reference value :  5.45735e-03
 Reference value :  5.57735e-03
 Reference value :  5.70135e-03
 Reference value :  5.83835e-03
 Reference value :  5.96035e-03
No. of Data Rows : 6081
t_settle_full       =  3.72721e-03
vpeak_full          =  1.80728e+00 at=  3.77706e-03
t_settle_min        =  3.71934e-03
vpeak_min           =  1.80807e+00 at=  3.78953e-03
vpeak_short         =  7.53741e-02 at=  3.47406e-03
vfinal_short        =  7.53741e-02
ipeak_short         =  7.94231e-02 at=  3.83247e-04
m_tsettle_full_ms = 3.7262110000e+00
m_overshoot_full_mv = -2.871800000e+01
m_tsettle_min_ms = 3.7183390000e+00
m_overshoot_min_mv = -2.792600000e+01
m_vfinal_short_v = 7.5374090000e-02
m_ipeak_short_ma = 7.9423140000e+01
Note: Simulation executed from .control section 

Warning: m=xx on .subckt line will override multiplier m hierarchy!

