
Note: Compatibility modes selected: hs a


Circuit: * psrr-dc @ fs_27c_3.63v -- generated by sim/harness, do not edit

Doing analysis at TEMP = 27.000000 and TNOM = 27.000000

Using SPARSE 1.3 as Direct Linear Solver

No. of Data Rows : 1
Doing analysis at TEMP = 27.000000 and TNOM = 27.000000

Using SPARSE 1.3 as Direct Linear Solver
 Reference value :  3.54813e+03
No. of Data Rows : 121
gpsr10_db           =  2.47162e+01
gpsr100_db          =  6.50308e+00
gpsr1k_db           =  1.69134e+00
gpsr10k_db          =  1.94137e+00
gpsr100k_db         =  7.82419e+00
adiff1k_db          =  5.94123e+01
adiff10k_db         =  4.61066e+01
adiff100k_db        =  4.51060e+01
Doing analysis at TEMP = 27.000000 and TNOM = 27.000000

Using SPARSE 1.3 as Direct Linear Solver

No. of Data Rows : 1
m_gpsr_1k_vv = 1.2149734285e+00
m_gpsr_1k_db = 1.6913360000e+00
m_gpsr_100k_db = 7.8241890000e+00
m_adiff_1k_db = 5.9412310000e+01
m_adiff_100k_db = 4.5105970000e+01
m_psrr_amp_1k_db = 5.7720974000e+01
m_psrr_ldo_1k_db = 5.5890484819e+01
m_psrr_ldo_10k_db = 4.2584784819e+01
m_psrr_ldo_1k_tracking_db = 6.7823687389e+01
Note: Simulation executed from .control section 

Warning: m=xx on .subckt line will override multiplier m hierarchy!

Note: Starting dynamic gmin stepping
Note: Dynamic gmin stepping completed
Note: Starting dynamic gmin stepping
Note: Dynamic gmin stepping completed
Note: Starting dynamic gmin stepping
Note: Dynamic gmin stepping completed
