
Note: Compatibility modes selected: hs a


Circuit: * psrr-dc @ res_ff_-40c_2.97v -- generated by sim/harness, do not edit

Doing analysis at TEMP = -40.000000 and TNOM = 27.000000

Using SPARSE 1.3 as Direct Linear Solver

No. of Data Rows : 1
Doing analysis at TEMP = -40.000000 and TNOM = 27.000000

Using SPARSE 1.3 as Direct Linear Solver

No. of Data Rows : 121
gpsr10_db           =  1.28922e+01
gpsr100_db          =  1.95885e+00
gpsr1k_db           =  1.42313e+00
gpsr10k_db          =  1.68396e+00
gpsr100k_db         =  6.85276e+00
adiff1k_db          =  5.93747e+01
adiff10k_db         =  4.50941e+01
adiff100k_db        =  4.37653e+01
Doing analysis at TEMP = -40.000000 and TNOM = 27.000000

Using SPARSE 1.3 as Direct Linear Solver
 Reference value :  1.00000e+03
No. of Data Rows : 1
m_gpsr_1k_vv = 1.1780310121e+00
m_gpsr_1k_db = 1.4231340000e+00
m_gpsr_100k_db = 6.8527560000e+00
m_adiff_1k_db = 5.9374680000e+01
m_adiff_100k_db = 4.3765250000e+01
m_psrr_amp_1k_db = 5.7951546000e+01
m_psrr_ldo_1k_db = 5.5852854819e+01
m_psrr_ldo_10k_db = 4.1572304819e+01
m_psrr_ldo_1k_tracking_db = 7.0797191366e+01
Note: Simulation executed from .control section 

Warning: m=xx on .subckt line will override multiplier m hierarchy!

Note: Starting dynamic gmin stepping
Note: Dynamic gmin stepping completed
Note: Starting dynamic gmin stepping
Note: Dynamic gmin stepping completed
Note: Starting dynamic gmin stepping
Note: Dynamic gmin stepping completed
