
Note: Compatibility modes selected: hs a


Circuit: * startup @ sf_27c_2.97v -- generated by sim/harness, do not edit

Doing analysis at TEMP = 27.000000 and TNOM = 27.000000

Using SPARSE 1.3 as Direct Linear Solver

Initial Transient Solution
--------------------------

Node                                   Voltage
----                                   -------
vin                                       2.97
en                                           0
vref                                       1.2
vout_full                          6.71314e-09
loop_full                                 2.97
xdut_full.fb                       4.47543e-09
xdut_full.xerramp.nbias            9.03007e-10
xdut_full.xerramp.xrbias.11        1.20435e-09
xdut_full.xerramp.xrbias.21        3.57715e-06
xdut_full.xerramp.rbt              3.57745e-06
xdut_full.xerramp.tail                 0.72846
xdut_full.xerramp.nd                      2.97
xdut_full.xerramp.n1                      2.97
xdut_full.xerramp.nz                      2.97
xdut_full.xerramp.xrz.11                  2.97
xdut_full.xerramp.xrz.21                  2.97
xdut_full.bg                              2.97
xdut_full.xerramp.nrza                    2.97
xdut_full.xerramp.xrza.11                 2.97
xdut_full.xerramp.xrza.21                 2.97
xdut_full.xerramp.nf                      2.97
xdut_full.xerramp.nbp                     2.97
xdut_full.xerramp.xrbufb.11               2.97
xdut_full.xerramp.xrbufb.21               2.97
xdut_full.xerramp.enb                     2.97
xdut_full.xilimit.isns             7.12387e-09
xdut_full.xilimit.xrsns.11         6.72198e-09
xdut_full.xilimit.xrsns.21         7.11503e-09
xdut_full.xilimit.pb                   2.77565
xdut_full.xilimit.vth              3.99895e-07
xdut_full.xilimit.xrref.11         6.85641e-09
xdut_full.xilimit.xrref.21         3.99752e-07
xdut_full.xilimit.bt                       1.2
xdut_full.xilimit.bb                       1.2
xdut_full.xilimit.xrbias.11                1.2
xdut_full.xilimit.xrbias.21                1.2
xdut_full.xilimit.cn                  0.228037
xdut_full.xilimit.tail                0.902642
xdut_full.xilimit.co               7.97184e-10
xdut_full.xilimit.xrtail.11           0.902642
xdut_full.xilimit.xrtail.21           0.902643
xdut_full.xilimit.tailp               0.902643
xdut_full.xilimit.enb                     2.97
xdut_full.xilimit.clg                     2.97
xdut_full.xilimit.xrl2.11                 2.97
xdut_full.xilimit.xrl2.21                 2.97
xdut_full.xsoftstart.bt                    1.2
xdut_full.xsoftstart.bb                    1.2
xdut_full.xsoftstart.xrss_bias.11             1.2
xdut_full.xsoftstart.xrss_bias.21             1.2
xdut_full.xsoftstart.ssr           1.40714e-08
xdut_full.xsoftstart.enb                  2.97
xdut_full.xsoftstart.tailp            0.902765
xdut_full.xsoftstart.tail             0.902761
xdut_full.xsoftstart.xrtail_ss.11        0.902761
xdut_full.xsoftstart.xrtail_ss.21        0.902765
xdut_full.xsoftstart.cn               0.228135
xdut_full.xsoftstart.co               0.228136
xdut_full.xsoftstart.lp            2.01905e-05
xdut_full.xsoftstart.clg           8.42552e-10
xdut_full.xsoftstart.xrl2_ss.11     9.53656e-10
xdut_full.xsoftstart.xrl2_ss.21     2.01904e-05
n_esr_full                         6.71314e-09
vout_min                           0.000111873
loop_min                                  2.97
xdut_min.fb                        7.45819e-05
xdut_min.xerramp.nbias             9.03007e-10
xdut_min.xerramp.xrbias.11         1.20435e-09
xdut_min.xerramp.xrbias.21         3.57715e-06
xdut_min.xerramp.rbt               3.57745e-06
xdut_min.xerramp.tail                 0.728531
xdut_min.xerramp.nd                       2.97
xdut_min.xerramp.n1                       2.97
xdut_min.xerramp.nz                       2.97
xdut_min.xerramp.xrz.11                   2.97
xdut_min.xerramp.xrz.21                   2.97
xdut_min.bg                               2.97
xdut_min.xerramp.nrza                     2.97
xdut_min.xerramp.xrza.11                  2.97
xdut_min.xerramp.xrza.21                  2.97
xdut_min.xerramp.nf                       2.97
xdut_min.xerramp.nbp                      2.97
xdut_min.xerramp.xrbufb.11                2.97
xdut_min.xerramp.xrbufb.21                2.97
xdut_min.xerramp.enb                      2.97
xdut_min.xilimit.isns              0.000111873
xdut_min.xilimit.xrsns.11          0.000111873
xdut_min.xilimit.xrsns.21          0.000111873
xdut_min.xilimit.pb                    2.77565
xdut_min.xilimit.vth               0.000112266
xdut_min.xilimit.xrref.11          0.000111873
xdut_min.xilimit.xrref.21          0.000112266
xdut_min.xilimit.bt                        1.2
xdut_min.xilimit.bb                        1.2
xdut_min.xilimit.xrbias.11                 1.2
xdut_min.xilimit.xrbias.21                 1.2
xdut_min.xilimit.cn                   0.228041
xdut_min.xilimit.tail                 0.902725
xdut_min.xilimit.co                7.97243e-10
xdut_min.xilimit.xrtail.11            0.902725
xdut_min.xilimit.xrtail.21            0.902726
xdut_min.xilimit.tailp                0.902726
xdut_min.xilimit.enb                      2.97
xdut_min.xilimit.clg                      2.97
xdut_min.xilimit.xrl2.11                  2.97
xdut_min.xilimit.xrl2.21                  2.97
xdut_min.xsoftstart.bt                     1.2
xdut_min.xsoftstart.bb                     1.2
xdut_min.xsoftstart.xrss_bias.11             1.2
xdut_min.xsoftstart.xrss_bias.21             1.2
xdut_min.xsoftstart.ssr            1.40714e-08
xdut_min.xsoftstart.enb                   2.97
xdut_min.xsoftstart.tailp             0.902772
xdut_min.xsoftstart.tail              0.902768
xdut_min.xsoftstart.xrtail_ss.11        0.902768
xdut_min.xsoftstart.xrtail_ss.21        0.902772
xdut_min.xsoftstart.cn                0.228094
xdut_min.xsoftstart.co                0.228143
xdut_min.xsoftstart.lp             2.01905e-05
xdut_min.xsoftstart.clg            8.42552e-10
xdut_min.xsoftstart.xrl2_ss.11     9.53656e-10
xdut_min.xsoftstart.xrl2_ss.21     2.01904e-05
n_esr_min                          0.000111873
vin_short                                 2.97
vout_short                         1.86482e-10
loop_short                                2.97
xdut_short.fb                      1.24321e-10
xdut_short.xerramp.nbias           9.03008e-10
xdut_short.xerramp.xrbias.11       1.20435e-09
xdut_short.xerramp.xrbias.21       3.57715e-06
xdut_short.xerramp.rbt             3.57745e-06
xdut_short.xerramp.tail               0.728511
xdut_short.xerramp.nd                     2.97
xdut_short.xerramp.n1                     2.97
xdut_short.xerramp.nz                     2.97
xdut_short.xerramp.xrz.11                 2.97
xdut_short.xerramp.xrz.21                 2.97
xdut_short.bg                             2.97
xdut_short.xerramp.nrza                   2.97
xdut_short.xerramp.xrza.11                2.97
xdut_short.xerramp.xrza.21                2.97
xdut_short.xerramp.nf                     2.97
xdut_short.xerramp.nbp                    2.97
xdut_short.xerramp.xrbufb.11              2.97
xdut_short.xerramp.xrbufb.21              2.97
xdut_short.xerramp.enb                    2.97
xdut_short.xilimit.isns            5.97212e-10
xdut_short.xilimit.xrsns.11        1.95323e-10
xdut_short.xilimit.xrsns.21        5.88371e-10
xdut_short.xilimit.pb                  2.77569
xdut_short.xilimit.vth             3.93249e-07
xdut_short.xilimit.xrref.11        3.29704e-10
xdut_short.xilimit.xrref.21        3.93106e-07
xdut_short.xilimit.bt                      1.2
xdut_short.xilimit.bb                      1.2
xdut_short.xilimit.xrbias.11               1.2
xdut_short.xilimit.xrbias.21               1.2
xdut_short.xilimit.cn                 0.228043
xdut_short.xilimit.tail               0.902631
xdut_short.xilimit.co              7.97207e-10
xdut_short.xilimit.xrtail.11          0.902631
xdut_short.xilimit.xrtail.21          0.902632
xdut_short.xilimit.tailp              0.902632
xdut_short.xilimit.enb                    2.97
xdut_short.xilimit.clg                    2.97
xdut_short.xilimit.xrl2.11                2.97
xdut_short.xilimit.xrl2.21                2.97
xdut_short.xsoftstart.bt                   1.2
xdut_short.xsoftstart.bb                   1.2
xdut_short.xsoftstart.xrss_bias.11             1.2
xdut_short.xsoftstart.xrss_bias.21             1.2
xdut_short.xsoftstart.ssr          1.40714e-08
xdut_short.xsoftstart.enb                 2.97
xdut_short.xsoftstart.tailp           0.902742
xdut_short.xsoftstart.tail            0.902738
xdut_short.xsoftstart.xrtail_ss.11        0.902738
xdut_short.xsoftstart.xrtail_ss.21        0.902742
xdut_short.xsoftstart.cn              0.228118
xdut_short.xsoftstart.co              0.228118
xdut_short.xsoftstart.lp           2.01905e-05
xdut_short.xsoftstart.clg          8.42552e-10
xdut_short.xsoftstart.xrl2_ss.11     9.53656e-10
xdut_short.xsoftstart.xrl2_ss.21     2.01904e-05
n_esr_short                        1.86482e-10
v.xdut_short.xsoftstart.vbsense_ss#branch     1.21775e-12
v.xdut_short.xilimit.vbsense#branch     1.21775e-12
v.xdut_min.xsoftstart.vbsense_ss#branch     1.21775e-12
v.xdut_min.xilimit.vbsense#branch     1.21775e-12
v.xdut_full.xsoftstart.vbsense_ss#branch     1.21775e-12
v.xdut_full.xilimit.vbsense#branch     1.21775e-12
vamm_short#branch                   2.5526e-10
vref#branch                       -7.30647e-12
ven#branch                                   0
vsup#branch                       -7.68882e-10

 Reference value :  0.00000e+00
 Reference value :  1.97902e-06
 Reference value :  1.33942e-04
 Reference value :  2.55836e-04
 Reference value :  3.87836e-04
 Reference value :  5.05255e-04
 Reference value :  6.35255e-04
 Reference value :  7.66255e-04
 Reference value :  8.97255e-04
 Reference value :  1.02826e-03
 Reference value :  1.15926e-03
 Reference value :  1.29026e-03
 Reference value :  1.42126e-03
 Reference value :  1.55026e-03
 Reference value :  1.68126e-03
 Reference value :  1.81326e-03
 Reference value :  1.94326e-03
 Reference value :  2.07626e-03
 Reference value :  2.20826e-03
 Reference value :  2.34326e-03
 Reference value :  2.47426e-03
 Reference value :  2.61126e-03
 Reference value :  2.74126e-03
 Reference value :  2.87326e-03
 Reference value :  3.00326e-03
 Reference value :  3.13226e-03
 Reference value :  3.26226e-03
 Reference value :  3.39626e-03
 Reference value :  3.53126e-03
 Reference value :  3.66426e-03
 Reference value :  3.79426e-03
 Reference value :  3.89508e-03
 Reference value :  4.02408e-03
 Reference value :  4.15508e-03
 Reference value :  4.28508e-03
 Reference value :  4.41908e-03
 Reference value :  4.55008e-03
 Reference value :  4.68208e-03
 Reference value :  4.81408e-03
 Reference value :  4.94708e-03
 Reference value :  5.08008e-03
 Reference value :  5.21108e-03
 Reference value :  5.34308e-03
 Reference value :  5.47308e-03
 Reference value :  5.60408e-03
 Reference value :  5.73608e-03
 Reference value :  5.87208e-03
No. of Data Rows : 6082
t_settle_full       =  3.78087e-03
vpeak_full          =  1.80875e+00 at=  3.83486e-03
t_settle_min        =  3.78325e-03
vpeak_min           =  1.81073e+00 at=  3.83536e-03
vpeak_short         =  7.54729e-02 at=  3.84308e-03
vfinal_short        =  7.54729e-02
ipeak_short         =  7.93063e-02 at=  4.12509e-04
m_tsettle_full_ms = 3.7798710000e+00
m_overshoot_full_mv = -2.724700000e+01
m_tsettle_min_ms = 3.7822510000e+00
m_overshoot_min_mv = -2.527200000e+01
m_vfinal_short_v = 7.5472900000e-02
m_ipeak_short_ma = 7.9306340000e+01
Note: Simulation executed from .control section 

Warning: m=xx on .subckt line will override multiplier m hierarchy!

Note: Starting dynamic gmin stepping
Note: Dynamic gmin stepping completed
