
Note: No compatibility mode selected!


Circuit: * soft-start -- the ideal-ramp a/b named by design/softstart_injection_compensation.md

* corner_id=tt_27c_2.97v arm=ideal temp_c=27 vin_v=2.97
* cout=1u esr=0.1 rload=36
Doing analysis at TEMP = 27.000000 and TNOM = 27.000000

Using SPARSE 1.3 as Direct Linear Solver

Initial Transient Solution
--------------------------

Node                                   Voltage
----                                   -------
vin                                       2.97
en                                           0
vref                                       1.2
vout                               2.09201e-09
pg                                        2.97
xdut.fb                            9.29253e-07
xdut.xerramp.nbias                 8.11673e-10
xdut.xerramp.xrbias.11             1.09926e-09
xdut.xerramp.xrbias.21             3.41381e-06
xdut.xerramp.rbt                    3.4141e-06
xdut.xerramp.tail                     0.789471
xdut.xerramp.nd                           2.97
xdut.xerramp.n1                           2.97
xdut.xerramp.nz                           2.97
xdut.xerramp.xrz.11                       2.97
xdut.xerramp.xrz.21                       2.97
eout                                      2.97
xdut.bg                                   2.97
xdut.xerramp.nrza                         2.97
xdut.xerramp.xrza.11                      2.97
xdut.xerramp.xrza.21                      2.97
xdut.xerramp.nf                           2.97
xdut.xerramp.nbp                          2.97
xdut.xerramp.xrbufb.11                    2.97
xdut.xerramp.xrbufb.21                    2.97
xdut.xerramp.enb                          2.97
xdut.xilimit.isns                   2.3227e-09
xdut.xilimit.xrsns.11              2.09698e-09
xdut.xilimit.xrsns.21              2.31774e-09
xdut.xilimit.pb                        2.68836
xdut.xilimit.vth                   3.94159e-07
xdut.xilimit.xrref.11              2.23487e-09
xdut.xilimit.xrref.21              3.94016e-07
xdut.xilimit.bt                            1.2
xdut.xilimit.bb                            1.2
xdut.xilimit.xrbias.11                     1.2
xdut.xilimit.xrbias.21                     1.2
xdut.xilimit.cn                        0.15208
xdut.xilimit.tail                     0.984072
xdut.xilimit.co                    7.34082e-10
xdut.xilimit.xrtail.11                0.984072
xdut.xilimit.xrtail.21                0.984073
xdut.xilimit.tailp                    0.984073
xdut.xilimit.enb                          2.97
xdut.xilimit.clg                          2.97
xdut.xilimit.xrl2.11                      2.97
xdut.xilimit.xrl2.21                      2.97
xdut.xsoftstart.bt                         1.2
xdut.xsoftstart.bb                         1.2
xdut.xsoftstart.xrss_bias.11               1.2
xdut.xsoftstart.xrss_bias.21               1.2
ssrpin                                       0
xdut.xsoftstart.sd                        2.97
xdut.xsoftstart.gmsa                      2.97
xdut.xsoftstart.gmia                      2.97
xdut.xsoftstart.gmvss                  2.15457
xdut.xsoftstart.gmsb                      2.97
xdut.xsoftstart.gmsum                     2.97
xdut.xsoftstart.gmrm                   2.97045
xdut.xsoftstart.gmod                   1.47304
xdut.xsoftstart.fbp                        1.2
xdut.xsoftstart.hg                           0
xdut.xsoftstart.enb                       2.97
xdut.xsoftstart.xrh_ss.11                    0
xdut.xsoftstart.xrh_ss.21                    0
xdut.xsoftstart.xrr_ss.11                 2.97
xdut.xsoftstart.xrr_ss.21                 2.97
n_esr                              2.09201e-09
n_cap                                        0
ln                                           0
v.xdut.xsoftstart.vbsense_ss#branch     1.34233e-12
v.xdut.xilimit.vbsense#branch      1.34256e-12
vlmeas#branch                      5.81115e-11
vcmeas#branch                                0
vssr#branch                        2.98008e-12
vloop#branch                       6.99781e-12
vref#branch                        2.63616e-12
ven#branch                                   0
vin#branch                        -1.30659e-10

 Reference value :  0.00000e+00
 Reference value :  1.50001e-04
 Reference value :  2.88182e-04
 Reference value :  6.83182e-04
 Reference value :  1.04518e-03
 Reference value :  1.14718e-03
 Reference value :  1.24018e-03
 Reference value :  1.32618e-03
 Reference value :  1.42818e-03
 Reference value :  1.51018e-03
 Reference value :  1.58457e-03
 Reference value :  1.61357e-03
 Reference value :  1.65945e-03
 Reference value :  1.70145e-03
 Reference value :  1.74932e-03
 Reference value :  1.79120e-03
 Reference value :  1.83532e-03
 Reference value :  1.88095e-03
 Reference value :  1.91795e-03
 Reference value :  1.95657e-03
 Reference value :  1.99657e-03
 Reference value :  2.03245e-03
 Reference value :  2.07832e-03
 Reference value :  2.12432e-03
 Reference value :  2.16432e-03
 Reference value :  2.21620e-03
 Reference value :  2.26820e-03
 Reference value :  2.31607e-03
 Reference value :  2.36307e-03
 Reference value :  2.42407e-03
 Reference value :  2.47407e-03
 Reference value :  2.53707e-03
 Reference value :  2.58707e-03
 Reference value :  2.64707e-03
 Reference value :  2.70507e-03
 Reference value :  2.77407e-03
 Reference value :  2.83907e-03
 Reference value :  2.88907e-03
 Reference value :  2.93607e-03
 Reference value :  2.99207e-03
 Reference value :  3.04295e-03
 Reference value :  3.11395e-03
 Reference value :  3.17895e-03
 Reference value :  3.22495e-03
 Reference value :  3.28695e-03
 Reference value :  3.33295e-03
 Reference value :  3.39995e-03
 Reference value :  3.45495e-03
 Reference value :  3.51195e-03
 Reference value :  3.55795e-03
 Reference value :  3.60995e-03
 Reference value :  3.67295e-03
 Reference value :  3.72595e-03
 Reference value :  3.76982e-03
 Reference value :  3.82882e-03
 Reference value :  3.87882e-03
 Reference value :  3.92582e-03
 Reference value :  3.97882e-03
 Reference value :  4.02570e-03
 Reference value :  4.06770e-03
 Reference value :  4.12470e-03
 Reference value :  4.17470e-03
 Reference value :  4.22470e-03
 Reference value :  4.27970e-03
 Reference value :  4.33070e-03
 Reference value :  4.38345e-03
 Reference value :  4.42832e-03
 Reference value :  4.48020e-03
 Reference value :  4.52107e-03
 Reference value :  4.55807e-03
 Reference value :  4.60007e-03
 Reference value :  4.63507e-03
 Reference value :  4.66295e-03
 Reference value :  4.71295e-03
 Reference value :  4.74682e-03
 Reference value :  4.78270e-03
 Reference value :  4.82270e-03
 Reference value :  4.86270e-03
 Reference value :  4.90970e-03
 Reference value :  4.95570e-03
 Reference value :  4.99870e-03
 Reference value :  5.04770e-03
 Reference value :  5.09370e-03
 Reference value :  5.14470e-03
 Reference value :  5.19370e-03
 Reference value :  5.24057e-03
 Reference value :  5.28957e-03
 Reference value :  5.34557e-03
 Reference value :  5.40657e-03
 Reference value :  5.46757e-03
 Reference value :  5.52057e-03
 Reference value :  5.57157e-03
 Reference value :  5.62257e-03
 Reference value :  5.67045e-03
 Reference value :  5.71645e-03
 Reference value :  5.77045e-03
 Reference value :  5.82645e-03
 Reference value :  5.86620e-03
 Reference value :  5.92420e-03
 Reference value :  5.99920e-03
 Reference value :  6.06120e-03
 Reference value :  6.10920e-03
 Reference value :  6.15520e-03
 Reference value :  6.21320e-03
 Reference value :  6.28920e-03
 Reference value :  6.38620e-03
 Reference value :  6.46820e-03
 Reference value :  6.53120e-03
 Reference value :  6.58720e-03
 Reference value :  6.64320e-03
 Reference value :  6.69520e-03
 Reference value :  6.74720e-03
 Reference value :  6.81320e-03
 Reference value :  6.86907e-03
 Reference value :  6.92307e-03
 Reference value :  6.99307e-03
 Reference value :  7.04395e-03
 Reference value :  7.08895e-03
 Reference value :  7.13795e-03
 Reference value :  7.19695e-03
 Reference value :  7.26395e-03
 Reference value :  7.32095e-03
 Reference value :  7.37795e-03
 Reference value :  7.43695e-03
 Reference value :  7.50195e-03
 Reference value :  7.55995e-03
 Reference value :  7.61195e-03
 Reference value :  7.65995e-03
 Reference value :  7.70095e-03
 Reference value :  7.75595e-03
 Reference value :  7.80995e-03
 Reference value :  7.87495e-03
 Reference value :  7.93182e-03
 Reference value :  7.98882e-03
 Reference value :  8.19823e-03
 Reference value :  8.59923e-03
 Reference value :  8.99723e-03
No. of Data Rows : 9238
m_ssr_t02           =  2.86098e-04
m_ssr_t10           =  7.97737e-04
m_ssr_end           =  2.18417e+00
m_t_v04             =  2.49932e-04
m_t_v14             =  7.43320e-04
m_t_startup         =  8.28992e-04 targ=  9.29463e-04 trig=  1.00471e-04
m_vout_max_en       =  1.79938e+00 at=  7.99482e-03
m_vout_settled      =  1.79938e+00
m_icap_peak_ma      =  2.30296e+02 at=  1.50059e-04
m_isup_peak_ma      =  2.34933e+02 at=  1.50059e-04
m_dvout_max         =  2.55696e+02 at=  1.50001e-04
m_dvout_min         =  -4.10619e+02 at=  1.50082e-04
m_hg_end            =  2.97000e+00
m_icap_peak_acq_ma  =  2.30296e+02 at=  1.50059e-04
m_vout_at_hr        =  1.31316e+00
m_ssr_at_hr         =  8.47178e-01
m_icap_peak_ramp_ma =  2.00865e+00 at=  7.00182e-04
* SWEEP COMPLETE tt_27c_2.97v ideal
Note: Simulation executed from .control section 
ft_polyfit @ 8229 failed
