
Note: Compatibility modes selected: hs a


Circuit: * loop-stability -- tian dual-injection loop-gain testbench for ldo_core (issue #10)

* corner_id=res_ss_-40c_2.97v corner=res_ss temp_c=-40 vin_v=2.97
* ac sweep: dec 400 0.01 1e9 ; Tian dual injection at ERRAMP_OUT->PASS_GATE
* columns: ROW iload_a= ceff_f= esr_ohm= vout_v= dcgain_db= f0_hz= phase_at_f0_deg=
*          f180_hz= gain_at_f180_db= f0_rising_hz= resurgence_db=
* (phase margin = 180 + phase_at_f0_deg ; gain margin = -gain_at_f180_db ;
*  resurgence_db = max |T| in dB above the first 0 dB crossing, DR-0008 ;
*  an empty f180/gain field means the phase never reaches -180 deg in band)
* Fields are written key=value BECAUSE a failed meas leaves its value
* empty: with bare positional fields an empty one vanishes into the
* whitespace and every field after it is read as the wrong quantity.
Doing analysis at TEMP = -40.000000 and TNOM = 27.000000

Using SPARSE 1.3 as Direct Linear Solver
 Reference value :  0.00000e+00
No. of Data Rows : 1
Doing analysis at TEMP = -40.000000 and TNOM = 27.000000

Using SPARSE 1.3 as Direct Linear Solver
 Reference value :  2.38506e+00
No. of Data Rows : 4401
Doing analysis at TEMP = -40.000000 and TNOM = 27.000000

Using SPARSE 1.3 as Direct Linear Solver
 Reference value :  1.00000e-02
No. of Data Rows : 4401
dcg                 =  1.35683e+02
f0                  =  3.60448e+03
phx                 =  -1.38268e+02
f180                =  3.40326e+05
gmx                 =  -5.29335e+01
 meas ac f0r when tdb=0 rise=1 failed!

tres                =  -7.05092e-01 at=  3.80189e+03
ROW iload_a=0 ceff_f=3.3e-07 esr_ohm=0.001 vout_v=1.7995 dcgain_db=135.683 f0_hz=3604.48 phase_at_f0_deg=-138.268 f180_hz=340326 gain_at_f180_db=-52.9335 f0_rising_hz= resurgence_db=-0.705092
Doing analysis at TEMP = -40.000000 and TNOM = 27.000000

Using SPARSE 1.3 as Direct Linear Solver
 Reference value :  0.00000e+00
No. of Data Rows : 1
Doing analysis at TEMP = -40.000000 and TNOM = 27.000000

Using SPARSE 1.3 as Direct Linear Solver
 Reference value :  1.70805e+00
No. of Data Rows : 4401
Doing analysis at TEMP = -40.000000 and TNOM = 27.000000

Using SPARSE 1.3 as Direct Linear Solver
 Reference value :  1.00000e-02
No. of Data Rows : 4401
dcg                 =  1.35683e+02
f0                  =  3.60448e+03
phx                 =  -1.38247e+02
f180                =  3.66224e+05
gmx                 =  -5.41792e+01
 meas ac f0r when tdb=0 rise=1 failed!

tres                =  -7.05094e-01 at=  3.80189e+03
ROW iload_a=0 ceff_f=3.3e-07 esr_ohm=0.05 vout_v=1.7995 dcgain_db=135.683 f0_hz=3604.48 phase_at_f0_deg=-138.247 f180_hz=366224 gain_at_f180_db=-54.1792 f0_rising_hz= resurgence_db=-0.705094
Doing analysis at TEMP = -40.000000 and TNOM = 27.000000

Using SPARSE 1.3 as Direct Linear Solver
 Reference value :  0.00000e+00
No. of Data Rows : 1
Doing analysis at TEMP = -40.000000 and TNOM = 27.000000

Using SPARSE 1.3 as Direct Linear Solver
 Reference value :  1.18168e+00
No. of Data Rows : 4401
Doing analysis at TEMP = -40.000000 and TNOM = 27.000000

Using SPARSE 1.3 as Direct Linear Solver
 Reference value :  1.00000e-02
No. of Data Rows : 4401
dcg                 =  1.35683e+02
f0                  =  3.60449e+03
phx                 =  -1.38182e+02
f180                =  5.05571e+05
gmx                 =  -5.95925e+01
 meas ac f0r when tdb=0 rise=1 failed!

tres                =  -7.05086e-01 at=  3.80189e+03
ROW iload_a=0 ceff_f=3.3e-07 esr_ohm=0.2 vout_v=1.7995 dcgain_db=135.683 f0_hz=3604.49 phase_at_f0_deg=-138.183 f180_hz=505571 gain_at_f180_db=-59.5925 f0_rising_hz= resurgence_db=-0.705086
Doing analysis at TEMP = -40.000000 and TNOM = 27.000000

Using SPARSE 1.3 as Direct Linear Solver
 Reference value :  0.00000e+00
No. of Data Rows : 1
Doing analysis at TEMP = -40.000000 and TNOM = 27.000000

Using SPARSE 1.3 as Direct Linear Solver
 Reference value :  6.27336e+00
No. of Data Rows : 4401
Doing analysis at TEMP = -40.000000 and TNOM = 27.000000

Using SPARSE 1.3 as Direct Linear Solver
 Reference value :  1.00000e-02
No. of Data Rows : 4401
dcg                 =  1.35683e+02
f0                  =  3.60450e+03
phx                 =  -1.38054e+02
f180                =  5.69877e+06
gmx                 =  -7.86402e+01
 meas ac f0r when tdb=0 rise=1 failed!

tres                =  -7.05034e-01 at=  3.80189e+03
ROW iload_a=0 ceff_f=3.3e-07 esr_ohm=0.5 vout_v=1.7995 dcgain_db=135.683 f0_hz=3604.5 phase_at_f0_deg=-138.054 f180_hz=5.69877E+06 gain_at_f180_db=-78.6402 f0_rising_hz= resurgence_db=-0.705034
Doing analysis at TEMP = -40.000000 and TNOM = 27.000000

Using SPARSE 1.3 as Direct Linear Solver
 Reference value :  0.00000e+00
No. of Data Rows : 1
Doing analysis at TEMP = -40.000000 and TNOM = 27.000000

Using SPARSE 1.3 as Direct Linear Solver
 Reference value :  6.95825e+01
No. of Data Rows : 4401
Doing analysis at TEMP = -40.000000 and TNOM = 27.000000

Using SPARSE 1.3 as Direct Linear Solver
 Reference value :  1.00000e-02
No. of Data Rows : 4401
dcg                 =  1.35679e+02
f0                  =  1.86707e+03
phx                 =  -1.54887e+02
f180                =  3.40232e+05
gmx                 =  -6.25911e+01
 meas ac f0r when tdb=0 rise=1 failed!

tres                =  -7.70325e-01 at=  1.96110e+03
ROW iload_a=0 ceff_f=1e-06 esr_ohm=0.001 vout_v=1.7995 dcgain_db=135.679 f0_hz=1867.07 phase_at_f0_deg=-154.887 f180_hz=340232 gain_at_f180_db=-62.5911 f0_rising_hz= resurgence_db=-0.770325
Doing analysis at TEMP = -40.000000 and TNOM = 27.000000

Using SPARSE 1.3 as Direct Linear Solver
 Reference value :  0.00000e+00
No. of Data Rows : 1
Doing analysis at TEMP = -40.000000 and TNOM = 27.000000

Using SPARSE 1.3 as Direct Linear Solver
 Reference value :  2.81838e-01
No. of Data Rows : 4401
Doing analysis at TEMP = -40.000000 and TNOM = 27.000000

Using SPARSE 1.3 as Direct Linear Solver
 Reference value :  1.00000e-02
No. of Data Rows : 4401
dcg                 =  1.35679e+02
f0                  =  1.86707e+03
phx                 =  -1.54854e+02
f180                =  4.46307e+05
gmx                 =  -6.72191e+01
 meas ac f0r when tdb=0 rise=1 failed!

tres                =  -7.70326e-01 at=  1.96110e+03
ROW iload_a=0 ceff_f=1e-06 esr_ohm=0.05 vout_v=1.7995 dcgain_db=135.679 f0_hz=1867.07 phase_at_f0_deg=-154.854 f180_hz=446307 gain_at_f180_db=-67.2191 f0_rising_hz= resurgence_db=-0.770326
Doing analysis at TEMP = -40.000000 and TNOM = 27.000000

Using SPARSE 1.3 as Direct Linear Solver
 Reference value :  0.00000e+00
No. of Data Rows : 1
Doing analysis at TEMP = -40.000000 and TNOM = 27.000000

Using SPARSE 1.3 as Direct Linear Solver
 Reference value :  4.07380e+00
No. of Data Rows : 4401
Doing analysis at TEMP = -40.000000 and TNOM = 27.000000

Using SPARSE 1.3 as Direct Linear Solver
 Reference value :  1.00000e-02
No. of Data Rows : 4401
dcg                 =  1.35679e+02
f0                  =  1.86707e+03
phx                 =  -1.54754e+02
f180                =  6.03967e+06
gmx                 =  -7.85740e+01
 meas ac f0r when tdb=0 rise=1 failed!

tres                =  -7.70304e-01 at=  1.96110e+03
ROW iload_a=0 ceff_f=1e-06 esr_ohm=0.2 vout_v=1.7995 dcgain_db=135.679 f0_hz=1867.07 phase_at_f0_deg=-154.754 f180_hz=6.03967E+06 gain_at_f180_db=-78.574 f0_rising_hz= resurgence_db=-0.770304
Doing analysis at TEMP = -40.000000 and TNOM = 27.000000

Using SPARSE 1.3 as Direct Linear Solver
 Reference value :  0.00000e+00
No. of Data Rows : 1
Doing analysis at TEMP = -40.000000 and TNOM = 27.000000

Using SPARSE 1.3 as Direct Linear Solver
 Reference value :  1.31826e+00
No. of Data Rows : 4401
Doing analysis at TEMP = -40.000000 and TNOM = 27.000000

Using SPARSE 1.3 as Direct Linear Solver
 Reference value :  1.00000e-02
No. of Data Rows : 4401
dcg                 =  1.35679e+02
f0                  =  1.86709e+03
phx                 =  -1.54552e+02
f180                =  5.69928e+06
gmx                 =  -7.85170e+01
 meas ac f0r when tdb=0 rise=1 failed!

tres                =  -7.70170e-01 at=  1.96110e+03
ROW iload_a=0 ceff_f=1e-06 esr_ohm=0.5 vout_v=1.7995 dcgain_db=135.679 f0_hz=1867.08 phase_at_f0_deg=-154.552 f180_hz=5.69928E+06 gain_at_f180_db=-78.517 f0_rising_hz= resurgence_db=-0.77017
Doing analysis at TEMP = -40.000000 and TNOM = 27.000000

Using SPARSE 1.3 as Direct Linear Solver
 Reference value :  0.00000e+00
No. of Data Rows : 1
Doing analysis at TEMP = -40.000000 and TNOM = 27.000000

Using SPARSE 1.3 as Direct Linear Solver
 Reference value :  1.42069e+00
No. of Data Rows : 4401
Doing analysis at TEMP = -40.000000 and TNOM = 27.000000

Using SPARSE 1.3 as Direct Linear Solver
 Reference value :  1.00000e-02
No. of Data Rows : 4401
dcg                 =  1.35568e+02
f0                  =  8.26746e+02
phx                 =  -1.68134e+02
f180                =  3.39681e+05
gmx                 =  -7.61867e+01
 meas ac f0r when tdb=0 rise=1 failed!

tres                =  -8.84549e-01 at=  8.70964e+02
ROW iload_a=0 ceff_f=4.7e-06 esr_ohm=0.001 vout_v=1.7995 dcgain_db=135.568 f0_hz=826.746 phase_at_f0_deg=-168.134 f180_hz=339681 gain_at_f180_db=-76.1867 f0_rising_hz= resurgence_db=-0.884549
Doing analysis at TEMP = -40.000000 and TNOM = 27.000000

Using SPARSE 1.3 as Direct Linear Solver
 Reference value :  0.00000e+00
No. of Data Rows : 1
Doing analysis at TEMP = -40.000000 and TNOM = 27.000000

Using SPARSE 1.3 as Direct Linear Solver
 Reference value :  3.73680e-01
No. of Data Rows : 4401
Doing analysis at TEMP = -40.000000 and TNOM = 27.000000

Using SPARSE 1.3 as Direct Linear Solver
 Reference value :  1.00000e-02
No. of Data Rows : 4401
dcg                 =  1.35568e+02
f0                  =  8.26746e+02
phx                 =  -1.68066e+02
f180                =  6.18559e+06
gmx                 =  -7.85468e+01
 meas ac f0r when tdb=0 rise=1 failed!

tres                =  -8.84545e-01 at=  8.70964e+02
ROW iload_a=0 ceff_f=4.7e-06 esr_ohm=0.05 vout_v=1.7995 dcgain_db=135.568 f0_hz=826.746 phase_at_f0_deg=-168.066 f180_hz=6.1856E+06 gain_at_f180_db=-78.5468 f0_rising_hz= resurgence_db=-0.884545
Doing analysis at TEMP = -40.000000 and TNOM = 27.000000

Using SPARSE 1.3 as Direct Linear Solver
 Reference value :  0.00000e+00
No. of Data Rows : 1
Doing analysis at TEMP = -40.000000 and TNOM = 27.000000

Using SPARSE 1.3 as Direct Linear Solver
 Reference value :  1.13501e+00
No. of Data Rows : 4401
Doing analysis at TEMP = -40.000000 and TNOM = 27.000000

Using SPARSE 1.3 as Direct Linear Solver
 Reference value :  1.00000e-02
No. of Data Rows : 4401
dcg                 =  1.35568e+02
f0                  =  8.26750e+02
phx                 =  -1.67856e+02
f180                =  6.03761e+06
gmx                 =  -7.85343e+01
 meas ac f0r when tdb=0 rise=1 failed!

tres                =  -8.84440e-01 at=  8.70964e+02
ROW iload_a=0 ceff_f=4.7e-06 esr_ohm=0.2 vout_v=1.7995 dcgain_db=135.568 f0_hz=826.75 phase_at_f0_deg=-167.856 f180_hz=6.03761E+06 gain_at_f180_db=-78.5343 f0_rising_hz= resurgence_db=-0.88444
Doing analysis at TEMP = -40.000000 and TNOM = 27.000000

Using SPARSE 1.3 as Direct Linear Solver
 Reference value :  0.00000e+00
No. of Data Rows : 1
Doing analysis at TEMP = -40.000000 and TNOM = 27.000000

Using SPARSE 1.3 as Direct Linear Solver
 Reference value :  1.66917e+00
No. of Data Rows : 4401
Doing analysis at TEMP = -40.000000 and TNOM = 27.000000

Using SPARSE 1.3 as Direct Linear Solver
 Reference value :  1.00000e-02
No. of Data Rows : 4401
dcg                 =  1.35568e+02
f0                  =  8.26777e+02
phx                 =  -1.67436e+02
f180                =  5.69947e+06
gmx                 =  -7.84697e+01
 meas ac f0r when tdb=0 rise=1 failed!

tres                =  -8.83841e-01 at=  8.70964e+02
ROW iload_a=0 ceff_f=4.7e-06 esr_ohm=0.5 vout_v=1.7995 dcgain_db=135.568 f0_hz=826.777 phase_at_f0_deg=-167.436 f180_hz=5.69947E+06 gain_at_f180_db=-78.4697 f0_rising_hz= resurgence_db=-0.883841
Doing analysis at TEMP = -40.000000 and TNOM = 27.000000

Using SPARSE 1.3 as Direct Linear Solver
 Reference value :  0.00000e+00
No. of Data Rows : 1
Doing analysis at TEMP = -40.000000 and TNOM = 27.000000

Using SPARSE 1.3 as Direct Linear Solver
 Reference value :  2.73842e+03
No. of Data Rows : 4401
Doing analysis at TEMP = -40.000000 and TNOM = 27.000000

Using SPARSE 1.3 as Direct Linear Solver
 Reference value :  1.00000e-02
No. of Data Rows : 4401
dcg                 =  1.43956e+02
f0                  =  9.98881e+04
phx                 =  -1.25230e+02
f180                =  4.42642e+05
gmx                 =  -2.09914e+01
 meas ac f0r when tdb=0 rise=1 failed!

tres                =  -5.71326e-01 at=  1.05317e+05
ROW iload_a=0.0001 ceff_f=3.3e-07 esr_ohm=0.001 vout_v=1.7995 dcgain_db=143.956 f0_hz=99888.2 phase_at_f0_deg=-125.23 f180_hz=442642 gain_at_f180_db=-20.9914 f0_rising_hz= resurgence_db=-0.571326
Doing analysis at TEMP = -40.000000 and TNOM = 27.000000

Using SPARSE 1.3 as Direct Linear Solver
 Reference value :  0.00000e+00
No. of Data Rows : 1
Doing analysis at TEMP = -40.000000 and TNOM = 27.000000

Using SPARSE 1.3 as Direct Linear Solver
 Reference value :  3.82384e+03
No. of Data Rows : 4401
Doing analysis at TEMP = -40.000000 and TNOM = 27.000000

Using SPARSE 1.3 as Direct Linear Solver
 Reference value :  1.00000e-02
No. of Data Rows : 4401
dcg                 =  1.43956e+02
f0                  =  9.98923e+04
phx                 =  -1.24650e+02
f180                =  4.76320e+05
gmx                 =  -2.22148e+01
 meas ac f0r when tdb=0 rise=1 failed!

tres                =  -5.70827e-01 at=  1.05317e+05
ROW iload_a=0.0001 ceff_f=3.3e-07 esr_ohm=0.05 vout_v=1.7995 dcgain_db=143.956 f0_hz=99892.3 phase_at_f0_deg=-124.65 f180_hz=476320 gain_at_f180_db=-22.2148 f0_rising_hz= resurgence_db=-0.570827
Doing analysis at TEMP = -40.000000 and TNOM = 27.000000

Using SPARSE 1.3 as Direct Linear Solver
 Reference value :  0.00000e+00
No. of Data Rows : 1
Doing analysis at TEMP = -40.000000 and TNOM = 27.000000

Using SPARSE 1.3 as Direct Linear Solver
 Reference value :  4.16869e+03
No. of Data Rows : 4401
Doing analysis at TEMP = -40.000000 and TNOM = 27.000000

Using SPARSE 1.3 as Direct Linear Solver
 Reference value :  6.13056e-02
No. of Data Rows : 4401
dcg                 =  1.43956e+02
f0                  =  9.99572e+04
phx                 =  -1.22891e+02
f180                =  6.50058e+05
gmx                 =  -2.72825e+01
 meas ac f0r when tdb=0 rise=1 failed!

tres                =  -5.63127e-01 at=  1.05317e+05
ROW iload_a=0.0001 ceff_f=3.3e-07 esr_ohm=0.2 vout_v=1.7995 dcgain_db=143.956 f0_hz=99957.2 phase_at_f0_deg=-122.891 f180_hz=650058 gain_at_f180_db=-27.2825 f0_rising_hz= resurgence_db=-0.563127
Doing analysis at TEMP = -40.000000 and TNOM = 27.000000

Using SPARSE 1.3 as Direct Linear Solver
 Reference value :  0.00000e+00
No. of Data Rows : 1
Doing analysis at TEMP = -40.000000 and TNOM = 27.000000

Using SPARSE 1.3 as Direct Linear Solver
 Reference value :  1.75792e+03
No. of Data Rows : 4401
Doing analysis at TEMP = -40.000000 and TNOM = 27.000000

Using SPARSE 1.3 as Direct Linear Solver
 Reference value :  1.00000e-02
No. of Data Rows : 4401
dcg                 =  1.43956e+02
f0                  =  1.01290e+05
phx                 =  -1.19047e+02
f180                =  1.48155e+06
gmx                 =  -3.75267e+01
 meas ac f0r when tdb=0 rise=1 failed!

tres                =  -5.38747e-01 at=  1.06537e+05
ROW iload_a=0.0001 ceff_f=3.3e-07 esr_ohm=0.5 vout_v=1.7995 dcgain_db=143.956 f0_hz=101290 phase_at_f0_deg=-119.047 f180_hz=1.48155E+06 gain_at_f180_db=-37.5267 f0_rising_hz= resurgence_db=-0.538747
Doing analysis at TEMP = -40.000000 and TNOM = 27.000000

Using SPARSE 1.3 as Direct Linear Solver
 Reference value :  0.00000e+00
No. of Data Rows : 1
Doing analysis at TEMP = -40.000000 and TNOM = 27.000000

Using SPARSE 1.3 as Direct Linear Solver
 Reference value :  1.65959e+04
No. of Data Rows : 4401
Doing analysis at TEMP = -40.000000 and TNOM = 27.000000

Using SPARSE 1.3 as Direct Linear Solver
 Reference value :  1.09018e-01
No. of Data Rows : 4401
dcg                 =  1.43956e+02
f0                  =  3.36318e+04
phx                 =  -1.06464e+02
f180                =  4.43888e+05
gmx                 =  -3.06689e+01
 meas ac f0r when tdb=0 rise=1 failed!

tres                =  -4.29255e-01 at=  3.54813e+04
ROW iload_a=0.0001 ceff_f=1e-06 esr_ohm=0.001 vout_v=1.7995 dcgain_db=143.956 f0_hz=33631.8 phase_at_f0_deg=-106.464 f180_hz=443888 gain_at_f180_db=-30.6689 f0_rising_hz= resurgence_db=-0.429255
Doing analysis at TEMP = -40.000000 and TNOM = 27.000000

Using SPARSE 1.3 as Direct Linear Solver
 Reference value :  0.00000e+00
No. of Data Rows : 1
Doing analysis at TEMP = -40.000000 and TNOM = 27.000000

Using SPARSE 1.3 as Direct Linear Solver
 Reference value :  5.75440e+05
No. of Data Rows : 4401
Doing analysis at TEMP = -40.000000 and TNOM = 27.000000

Using SPARSE 1.3 as Direct Linear Solver
 Reference value :  2.49747e-01
No. of Data Rows : 4401
dcg                 =  1.43956e+02
f0                  =  3.36338e+04
phx                 =  -1.05871e+02
f180                =  5.77302e+05
gmx                 =  -3.50076e+01
 meas ac f0r when tdb=0 rise=1 failed!

tres                =  -4.28735e-01 at=  3.54813e+04
ROW iload_a=0.0001 ceff_f=1e-06 esr_ohm=0.05 vout_v=1.7995 dcgain_db=143.956 f0_hz=33633.8 phase_at_f0_deg=-105.871 f180_hz=577302 gain_at_f180_db=-35.0076 f0_rising_hz= resurgence_db=-0.428735
Doing analysis at TEMP = -40.000000 and TNOM = 27.000000

Using SPARSE 1.3 as Direct Linear Solver
 Reference value :  0.00000e+00
No. of Data Rows : 1
Doing analysis at TEMP = -40.000000 and TNOM = 27.000000

Using SPARSE 1.3 as Direct Linear Solver
 Reference value :  4.54465e+03
No. of Data Rows : 4401
Doing analysis at TEMP = -40.000000 and TNOM = 27.000000

Using SPARSE 1.3 as Direct Linear Solver
 Reference value :  1.00000e-02
No. of Data Rows : 4401
dcg                 =  1.43956e+02
f0                  =  3.36640e+04
phx                 =  -1.04054e+02
f180                =  1.67385e+06
gmx                 =  -4.78584e+01
 meas ac f0r when tdb=0 rise=1 failed!

tres                =  -4.20713e-01 at=  3.54813e+04
ROW iload_a=0.0001 ceff_f=1e-06 esr_ohm=0.2 vout_v=1.7995 dcgain_db=143.956 f0_hz=33664 phase_at_f0_deg=-104.054 f180_hz=1.67385E+06 gain_at_f180_db=-47.8584 f0_rising_hz= resurgence_db=-0.420713
Doing analysis at TEMP = -40.000000 and TNOM = 27.000000

Using SPARSE 1.3 as Direct Linear Solver
 Reference value :  0.00000e+00
No. of Data Rows : 1
Doing analysis at TEMP = -40.000000 and TNOM = 27.000000

Using SPARSE 1.3 as Direct Linear Solver
 Reference value :  1.64059e+04
No. of Data Rows : 4401
Doing analysis at TEMP = -40.000000 and TNOM = 27.000000

Using SPARSE 1.3 as Direct Linear Solver
 Reference value :  1.14815e-01
No. of Data Rows : 4401
dcg                 =  1.43956e+02
f0                  =  3.40385e+04
phx                 =  -1.00032e+02
f180                =  2.10320e+06
gmx                 =  -4.35074e+01
 meas ac f0r when tdb=0 rise=1 failed!

tres                =  -4.18285e-01 at=  3.58922e+04
ROW iload_a=0.0001 ceff_f=1e-06 esr_ohm=0.5 vout_v=1.7995 dcgain_db=143.956 f0_hz=34038.5 phase_at_f0_deg=-100.032 f180_hz=2.1032E+06 gain_at_f180_db=-43.5074 f0_rising_hz= resurgence_db=-0.418286
Doing analysis at TEMP = -40.000000 and TNOM = 27.000000

Using SPARSE 1.3 as Direct Linear Solver
 Reference value :  0.00000e+00
No. of Data Rows : 1
Doing analysis at TEMP = -40.000000 and TNOM = 27.000000

Using SPARSE 1.3 as Direct Linear Solver
 Reference value :  1.26619e+04
No. of Data Rows : 4401
Doing analysis at TEMP = -40.000000 and TNOM = 27.000000

Using SPARSE 1.3 as Direct Linear Solver
 Reference value :  2.21309e-02
No. of Data Rows : 4401
dcg                 =  1.43955e+02
f0                  =  8.35754e+03
phx                 =  -1.30600e+02
f180                =  4.51084e+05
gmx                 =  -4.43860e+01
 meas ac f0r when tdb=0 rise=1 failed!

tres                =  -6.38450e-01 at=  8.81049e+03
ROW iload_a=0.0001 ceff_f=4.7e-06 esr_ohm=0.001 vout_v=1.7995 dcgain_db=143.955 f0_hz=8357.54 phase_at_f0_deg=-130.6 f180_hz=451084 gain_at_f180_db=-44.386 f0_rising_hz= resurgence_db=-0.63845
Doing analysis at TEMP = -40.000000 and TNOM = 27.000000

Using SPARSE 1.3 as Direct Linear Solver
 Reference value :  0.00000e+00
No. of Data Rows : 1
Doing analysis at TEMP = -40.000000 and TNOM = 27.000000

Using SPARSE 1.3 as Direct Linear Solver
 Reference value :  2.63027e+03
No. of Data Rows : 4401
Doing analysis at TEMP = -40.000000 and TNOM = 27.000000

Using SPARSE 1.3 as Direct Linear Solver
 Reference value :  1.00000e-02
No. of Data Rows : 4401
dcg                 =  1.43955e+02
f0                  =  8.35798e+03
phx                 =  -1.29905e+02
f180                =  1.90308e+06
gmx                 =  -6.19308e+01
 meas ac f0r when tdb=0 rise=1 failed!

tres                =  -6.37736e-01 at=  8.81049e+03
ROW iload_a=0.0001 ceff_f=4.7e-06 esr_ohm=0.05 vout_v=1.7995 dcgain_db=143.955 f0_hz=8357.98 phase_at_f0_deg=-129.905 f180_hz=1.90308E+06 gain_at_f180_db=-61.9308 f0_rising_hz= resurgence_db=-0.637736
Doing analysis at TEMP = -40.000000 and TNOM = 27.000000

Using SPARSE 1.3 as Direct Linear Solver
 Reference value :  0.00000e+00
No. of Data Rows : 1
Doing analysis at TEMP = -40.000000 and TNOM = 27.000000

Using SPARSE 1.3 as Direct Linear Solver
 Reference value :  8.96396e+02
No. of Data Rows : 4401
Doing analysis at TEMP = -40.000000 and TNOM = 27.000000

Using SPARSE 1.3 as Direct Linear Solver
 Reference value :  1.00000e-02
No. of Data Rows : 4401
dcg                 =  1.43955e+02
f0                  =  8.36471e+03
phx                 =  -1.27761e+02
f180                =  2.25630e+06
gmx                 =  -5.27155e+01
 meas ac f0r when tdb=0 rise=1 failed!

tres                =  -6.26789e-01 at=  8.81049e+03
ROW iload_a=0.0001 ceff_f=4.7e-06 esr_ohm=0.2 vout_v=1.7995 dcgain_db=143.955 f0_hz=8364.71 phase_at_f0_deg=-127.761 f180_hz=2.2563E+06 gain_at_f180_db=-52.7155 f0_rising_hz= resurgence_db=-0.626789
Doing analysis at TEMP = -40.000000 and TNOM = 27.000000

Using SPARSE 1.3 as Direct Linear Solver
 Reference value :  0.00000e+00
No. of Data Rows : 1
Doing analysis at TEMP = -40.000000 and TNOM = 27.000000

Using SPARSE 1.3 as Direct Linear Solver
 Reference value :  2.58523e+03
No. of Data Rows : 4401
Doing analysis at TEMP = -40.000000 and TNOM = 27.000000

Using SPARSE 1.3 as Direct Linear Solver
 Reference value :  1.00000e-02
No. of Data Rows : 4401
dcg                 =  1.43955e+02
f0                  =  8.41911e+03
phx                 =  -1.23116e+02
f180                =  2.30230e+06
gmx                 =  -4.49308e+01
 meas ac f0r when tdb=0 rise=1 failed!

tres                =  -6.09572e-01 at=  8.86135e+03
ROW iload_a=0.0001 ceff_f=4.7e-06 esr_ohm=0.5 vout_v=1.7995 dcgain_db=143.955 f0_hz=8419.11 phase_at_f0_deg=-123.116 f180_hz=2.3023E+06 gain_at_f180_db=-44.9308 f0_rising_hz= resurgence_db=-0.609572
Doing analysis at TEMP = -40.000000 and TNOM = 27.000000

Using SPARSE 1.3 as Direct Linear Solver
 Reference value :  0.00000e+00
No. of Data Rows : 1
Doing analysis at TEMP = -40.000000 and TNOM = 27.000000

Using SPARSE 1.3 as Direct Linear Solver
 Reference value :  2.04174e+01
No. of Data Rows : 4401
Doing analysis at TEMP = -40.000000 and TNOM = 27.000000

Using SPARSE 1.3 as Direct Linear Solver
 Reference value :  1.00000e-02
No. of Data Rows : 4401
dcg                 =  1.44094e+02
f0                  =  2.51957e+05
phx                 =  -1.31134e+02
f180                =  6.89942e+05
gmx                 =  -1.27670e+01
 meas ac f0r when tdb=0 rise=1 failed!

tres                =  -5.72073e-01 at=  2.66073e+05
ROW iload_a=0.001 ceff_f=3.3e-07 esr_ohm=0.001 vout_v=1.7995 dcgain_db=144.094 f0_hz=251957 phase_at_f0_deg=-131.134 f180_hz=689942 gain_at_f180_db=-12.767 f0_rising_hz= resurgence_db=-0.572073
Doing analysis at TEMP = -40.000000 and TNOM = 27.000000

Using SPARSE 1.3 as Direct Linear Solver
 Reference value :  0.00000e+00
No. of Data Rows : 1
Doing analysis at TEMP = -40.000000 and TNOM = 27.000000

Using SPARSE 1.3 as Direct Linear Solver
 Reference value :  5.65588e+00
No. of Data Rows : 4401
Doing analysis at TEMP = -40.000000 and TNOM = 27.000000

Using SPARSE 1.3 as Direct Linear Solver
 Reference value :  1.00000e-02
No. of Data Rows : 4401
dcg                 =  1.44094e+02
f0                  =  2.52026e+05
phx                 =  -1.29677e+02
f180                =  7.38912e+05
gmx                 =  -1.38214e+01
 meas ac f0r when tdb=0 rise=1 failed!

tres                =  -5.68871e-01 at=  2.66073e+05
ROW iload_a=0.001 ceff_f=3.3e-07 esr_ohm=0.05 vout_v=1.7995 dcgain_db=144.094 f0_hz=252026 phase_at_f0_deg=-129.677 f180_hz=738912 gain_at_f180_db=-13.8214 f0_rising_hz= resurgence_db=-0.568871
Doing analysis at TEMP = -40.000000 and TNOM = 27.000000

Using SPARSE 1.3 as Direct Linear Solver
 Reference value :  0.00000e+00
No. of Data Rows : 1
Doing analysis at TEMP = -40.000000 and TNOM = 27.000000

Using SPARSE 1.3 as Direct Linear Solver
 Reference value :  4.44120e+00
No. of Data Rows : 4401
Doing analysis at TEMP = -40.000000 and TNOM = 27.000000

Using SPARSE 1.3 as Direct Linear Solver
 Reference value :  1.00000e-02
No. of Data Rows : 4401
dcg                 =  1.44094e+02
f0                  =  2.53101e+05
phx                 =  -1.25327e+02
f180                =  9.59142e+05
gmx                 =  -1.76078e+01
 meas ac f0r when tdb=0 rise=1 failed!

tres                =  -5.19929e-01 at=  2.66073e+05
ROW iload_a=0.001 ceff_f=3.3e-07 esr_ohm=0.2 vout_v=1.7995 dcgain_db=144.094 f0_hz=253101 phase_at_f0_deg=-125.327 f180_hz=959142 gain_at_f180_db=-17.6077 f0_rising_hz= resurgence_db=-0.519929
Doing analysis at TEMP = -40.000000 and TNOM = 27.000000

Using SPARSE 1.3 as Direct Linear Solver
 Reference value :  0.00000e+00
No. of Data Rows : 1
Doing analysis at TEMP = -40.000000 and TNOM = 27.000000

Using SPARSE 1.3 as Direct Linear Solver
 Reference value :  4.02717e+01
No. of Data Rows : 4401
Doing analysis at TEMP = -40.000000 and TNOM = 27.000000

Using SPARSE 1.3 as Direct Linear Solver
 Reference value :  1.00000e-02
No. of Data Rows : 4401
dcg                 =  1.44094e+02
f0                  =  2.59346e+05
phx                 =  -1.17111e+02
f180                =  1.57533e+06
gmx                 =  -2.23547e+01
 meas ac f0r when tdb=0 rise=1 failed!

tres                =  -5.42531e-01 at=  2.73842e+05
ROW iload_a=0.001 ceff_f=3.3e-07 esr_ohm=0.5 vout_v=1.7995 dcgain_db=144.094 f0_hz=259346 phase_at_f0_deg=-117.111 f180_hz=1.57533E+06 gain_at_f180_db=-22.3547 f0_rising_hz= resurgence_db=-0.542531
Doing analysis at TEMP = -40.000000 and TNOM = 27.000000

Using SPARSE 1.3 as Direct Linear Solver
 Reference value :  0.00000e+00
No. of Data Rows : 1
Doing analysis at TEMP = -40.000000 and TNOM = 27.000000

Using SPARSE 1.3 as Direct Linear Solver
 Reference value :  4.75883e+03
No. of Data Rows : 4401
Doing analysis at TEMP = -40.000000 and TNOM = 27.000000

Using SPARSE 1.3 as Direct Linear Solver
 Reference value :  1.00000e-02
No. of Data Rows : 4401
dcg                 =  1.44094e+02
f0                  =  8.92169e+04
phx                 =  -1.11038e+02
f180                =  6.91777e+05
gmx                 =  -2.24361e+01
 meas ac f0r when tdb=0 rise=1 failed!

tres                =  -4.35581e-01 at=  9.38642e+04
ROW iload_a=0.001 ceff_f=1e-06 esr_ohm=0.001 vout_v=1.7995 dcgain_db=144.094 f0_hz=89216.9 phase_at_f0_deg=-111.038 f180_hz=691777 gain_at_f180_db=-22.4361 f0_rising_hz= resurgence_db=-0.435581
Doing analysis at TEMP = -40.000000 and TNOM = 27.000000

Using SPARSE 1.3 as Direct Linear Solver
 Reference value :  0.00000e+00
No. of Data Rows : 1
Doing analysis at TEMP = -40.000000 and TNOM = 27.000000

Using SPARSE 1.3 as Direct Linear Solver
 Reference value :  3.27341e+00
No. of Data Rows : 4401
Doing analysis at TEMP = -40.000000 and TNOM = 27.000000

Using SPARSE 1.3 as Direct Linear Solver
 Reference value :  1.00000e-02
No. of Data Rows : 4401
dcg                 =  1.44094e+02
f0                  =  8.92510e+04
phx                 =  -1.09466e+02
f180                =  8.74153e+05
gmx                 =  -2.59394e+01
 meas ac f0r when tdb=0 rise=1 failed!

tres                =  -4.31948e-01 at=  9.38642e+04
ROW iload_a=0.001 ceff_f=1e-06 esr_ohm=0.05 vout_v=1.7995 dcgain_db=144.094 f0_hz=89251 phase_at_f0_deg=-109.466 f180_hz=874153 gain_at_f180_db=-25.9394 f0_rising_hz= resurgence_db=-0.431948
Doing analysis at TEMP = -40.000000 and TNOM = 27.000000

Using SPARSE 1.3 as Direct Linear Solver
 Reference value :  0.00000e+00
No. of Data Rows : 1
Doing analysis at TEMP = -40.000000 and TNOM = 27.000000

Using SPARSE 1.3 as Direct Linear Solver
 Reference value :  1.04112e+02
No. of Data Rows : 4401
Doing analysis at TEMP = -40.000000 and TNOM = 27.000000

Using SPARSE 1.3 as Direct Linear Solver
 Reference value :  1.00000e-02
No. of Data Rows : 4401
dcg                 =  1.44094e+02
f0                  =  8.97852e+04
phx                 =  -1.04668e+02
f180                =  1.71241e+06
gmx                 =  -3.19536e+01
 meas ac f0r when tdb=0 rise=1 failed!

tres                =  -4.24953e-01 at=  9.44061e+04
ROW iload_a=0.001 ceff_f=1e-06 esr_ohm=0.2 vout_v=1.7995 dcgain_db=144.094 f0_hz=89785.2 phase_at_f0_deg=-104.668 f180_hz=1.71241E+06 gain_at_f180_db=-31.9536 f0_rising_hz= resurgence_db=-0.424953
Doing analysis at TEMP = -40.000000 and TNOM = 27.000000

Using SPARSE 1.3 as Direct Linear Solver
 Reference value :  0.00000e+00
No. of Data Rows : 1
Doing analysis at TEMP = -40.000000 and TNOM = 27.000000

Using SPARSE 1.3 as Direct Linear Solver
 Reference value :  1.28825e+01
No. of Data Rows : 4401
Doing analysis at TEMP = -40.000000 and TNOM = 27.000000

Using SPARSE 1.3 as Direct Linear Solver
 Reference value :  1.00000e-02
No. of Data Rows : 4401
dcg                 =  1.44094e+02
f0                  =  9.29794e+04
phx                 =  -9.50320e+01
f180                =  2.08971e+06
gmx                 =  -2.76412e+01
 meas ac f0r when tdb=0 rise=1 failed!

tres                =  -3.92876e-01 at=  9.77237e+04
ROW iload_a=0.001 ceff_f=1e-06 esr_ohm=0.5 vout_v=1.7995 dcgain_db=144.094 f0_hz=92979.4 phase_at_f0_deg=-95.032 f180_hz=2.08971E+06 gain_at_f180_db=-27.6412 f0_rising_hz= resurgence_db=-0.392876
Doing analysis at TEMP = -40.000000 and TNOM = 27.000000

Using SPARSE 1.3 as Direct Linear Solver
 Reference value :  0.00000e+00
No. of Data Rows : 1
Doing analysis at TEMP = -40.000000 and TNOM = 27.000000

Using SPARSE 1.3 as Direct Linear Solver
 Reference value :  1.59404e+01
No. of Data Rows : 4401
Doing analysis at TEMP = -40.000000 and TNOM = 27.000000

Using SPARSE 1.3 as Direct Linear Solver
 Reference value :  1.00000e-02
No. of Data Rows : 4401
dcg                 =  1.44094e+02
f0                  =  2.18946e+04
phx                 =  -1.31895e+02
f180                =  7.02469e+05
gmx                 =  -3.61184e+01
 meas ac f0r when tdb=0 rise=1 failed!

tres                =  -6.19454e-01 at=  2.30409e+04
ROW iload_a=0.001 ceff_f=4.7e-06 esr_ohm=0.001 vout_v=1.7995 dcgain_db=144.094 f0_hz=21894.6 phase_at_f0_deg=-131.895 f180_hz=702469 gain_at_f180_db=-36.1184 f0_rising_hz= resurgence_db=-0.619454
Doing analysis at TEMP = -40.000000 and TNOM = 27.000000

Using SPARSE 1.3 as Direct Linear Solver
 Reference value :  0.00000e+00
No. of Data Rows : 1
Doing analysis at TEMP = -40.000000 and TNOM = 27.000000

Using SPARSE 1.3 as Direct Linear Solver
 Reference value :  3.63078e+00
No. of Data Rows : 4401
Doing analysis at TEMP = -40.000000 and TNOM = 27.000000

Using SPARSE 1.3 as Direct Linear Solver
 Reference value :  1.00000e-02
No. of Data Rows : 4401
dcg                 =  1.44094e+02
f0                  =  2.19025e+04
phx                 =  -1.30069e+02
f180                =  1.81994e+06
gmx                 =  -4.51258e+01
 meas ac f0r when tdb=0 rise=1 failed!

tres                =  -6.14579e-01 at=  2.30409e+04
ROW iload_a=0.001 ceff_f=4.7e-06 esr_ohm=0.05 vout_v=1.7995 dcgain_db=144.094 f0_hz=21902.5 phase_at_f0_deg=-130.069 f180_hz=1.81994E+06 gain_at_f180_db=-45.1258 f0_rising_hz= resurgence_db=-0.614579
Doing analysis at TEMP = -40.000000 and TNOM = 27.000000

Using SPARSE 1.3 as Direct Linear Solver
 Reference value :  0.00000e+00
No. of Data Rows : 1
Doing analysis at TEMP = -40.000000 and TNOM = 27.000000

Using SPARSE 1.3 as Direct Linear Solver
 Reference value :  3.44747e+01
No. of Data Rows : 4401
Doing analysis at TEMP = -40.000000 and TNOM = 27.000000

Using SPARSE 1.3 as Direct Linear Solver
 Reference value :  1.00000e-02
No. of Data Rows : 4401
dcg                 =  1.44094e+02
f0                  =  2.20240e+04
phx                 =  -1.24345e+02
f180                =  2.20462e+06
gmx                 =  -3.65020e+01
 meas ac f0r when tdb=0 rise=1 failed!

tres                =  -6.08421e-01 at=  2.31739e+04
ROW iload_a=0.001 ceff_f=4.7e-06 esr_ohm=0.2 vout_v=1.7995 dcgain_db=144.094 f0_hz=22024 phase_at_f0_deg=-124.345 f180_hz=2.20462E+06 gain_at_f180_db=-36.502 f0_rising_hz= resurgence_db=-0.608421
Doing analysis at TEMP = -40.000000 and TNOM = 27.000000

Using SPARSE 1.3 as Direct Linear Solver
 Reference value :  0.00000e+00
No. of Data Rows : 1
Doing analysis at TEMP = -40.000000 and TNOM = 27.000000

Using SPARSE 1.3 as Direct Linear Solver
 Reference value :  3.48739e+00
No. of Data Rows : 4401
Doing analysis at TEMP = -40.000000 and TNOM = 27.000000

Using SPARSE 1.3 as Direct Linear Solver
 Reference value :  1.00000e-02
No. of Data Rows : 4401
dcg                 =  1.44094e+02
f0                  =  2.27425e+04
phx                 =  -1.12240e+02
f180                =  2.27314e+06
gmx                 =  -2.90639e+01
 meas ac f0r when tdb=0 rise=1 failed!

tres                =  -5.86652e-01 at=  2.39883e+04
ROW iload_a=0.001 ceff_f=4.7e-06 esr_ohm=0.5 vout_v=1.7995 dcgain_db=144.094 f0_hz=22742.5 phase_at_f0_deg=-112.24 f180_hz=2.27314E+06 gain_at_f180_db=-29.0639 f0_rising_hz= resurgence_db=-0.586652
Doing analysis at TEMP = -40.000000 and TNOM = 27.000000

Using SPARSE 1.3 as Direct Linear Solver
 Reference value :  0.00000e+00
No. of Data Rows : 1
Doing analysis at TEMP = -40.000000 and TNOM = 27.000000

Using SPARSE 1.3 as Direct Linear Solver
 Reference value :  2.05353e+01
No. of Data Rows : 4401
Doing analysis at TEMP = -40.000000 and TNOM = 27.000000

Using SPARSE 1.3 as Direct Linear Solver
 Reference value :  1.00000e-02
No. of Data Rows : 4401
dcg                 =  1.42044e+02
f0                  =  4.93934e+05
phx                 =  -1.60678e+02
f180                =  6.93050e+05
gmx                 =  -4.82594e+00
 meas ac f0r when tdb=0 rise=1 failed!

tres                =  -6.55853e-01 at=  5.18800e+05
ROW iload_a=0.01 ceff_f=3.3e-07 esr_ohm=0.001 vout_v=1.7995 dcgain_db=142.044 f0_hz=493934 phase_at_f0_deg=-160.678 f180_hz=693050 gain_at_f180_db=-4.82594 f0_rising_hz= resurgence_db=-0.655854
Doing analysis at TEMP = -40.000000 and TNOM = 27.000000

Using SPARSE 1.3 as Direct Linear Solver
 Reference value :  0.00000e+00
No. of Data Rows : 1
Doing analysis at TEMP = -40.000000 and TNOM = 27.000000

Using SPARSE 1.3 as Direct Linear Solver
 Reference value :  4.34010e+00
No. of Data Rows : 4401
Doing analysis at TEMP = -40.000000 and TNOM = 27.000000

Using SPARSE 1.3 as Direct Linear Solver
 Reference value :  1.00000e-02
No. of Data Rows : 4401
dcg                 =  1.42044e+02
f0                  =  4.94344e+05
phx                 =  -1.57850e+02
f180                =  7.42452e+05
gmx                 =  -5.87377e+00
 meas ac f0r when tdb=0 rise=1 failed!

tres                =  -7.21381e-01 at=  5.21795e+05
ROW iload_a=0.01 ceff_f=3.3e-07 esr_ohm=0.05 vout_v=1.7995 dcgain_db=142.044 f0_hz=494344 phase_at_f0_deg=-157.85 f180_hz=742452 gain_at_f180_db=-5.87377 f0_rising_hz= resurgence_db=-0.721381
Doing analysis at TEMP = -40.000000 and TNOM = 27.000000

Using SPARSE 1.3 as Direct Linear Solver
 Reference value :  0.00000e+00
No. of Data Rows : 1
Doing analysis at TEMP = -40.000000 and TNOM = 27.000000

Using SPARSE 1.3 as Direct Linear Solver
 Reference value :  5.59114e+01
No. of Data Rows : 4401
Doing analysis at TEMP = -40.000000 and TNOM = 27.000000

Using SPARSE 1.3 as Direct Linear Solver
 Reference value :  1.00000e-02
No. of Data Rows : 4401
dcg                 =  1.42044e+02
f0                  =  5.00751e+05
phx                 =  -1.49740e+02
f180                =  9.63504e+05
gmx                 =  -9.62460e+00
 meas ac f0r when tdb=0 rise=1 failed!

tres                =  -6.88288e-01 at=  5.27837e+05
ROW iload_a=0.01 ceff_f=3.3e-07 esr_ohm=0.2 vout_v=1.7995 dcgain_db=142.044 f0_hz=500751 phase_at_f0_deg=-149.74 f180_hz=963504 gain_at_f180_db=-9.6246 f0_rising_hz= resurgence_db=-0.688288
Doing analysis at TEMP = -40.000000 and TNOM = 27.000000

Using SPARSE 1.3 as Direct Linear Solver
 Reference value :  0.00000e+00
No. of Data Rows : 1
Doing analysis at TEMP = -40.000000 and TNOM = 27.000000

Using SPARSE 1.3 as Direct Linear Solver
 Reference value :  4.00405e-01
No. of Data Rows : 4401
Doing analysis at TEMP = -40.000000 and TNOM = 27.000000

Using SPARSE 1.3 as Direct Linear Solver
 Reference value :  1.00000e-02
No. of Data Rows : 4401
dcg                 =  1.42044e+02
f0                  =  5.39008e+05
phx                 =  -1.36262e+02
f180                =  1.58080e+06
gmx                 =  -1.43398e+01
 meas ac f0r when tdb=0 rise=1 failed!

tres                =  -6.32584e-01 at=  5.68853e+05
ROW iload_a=0.01 ceff_f=3.3e-07 esr_ohm=0.5 vout_v=1.7995 dcgain_db=142.044 f0_hz=539008 phase_at_f0_deg=-136.262 f180_hz=1.5808E+06 gain_at_f180_db=-14.3398 f0_rising_hz= resurgence_db=-0.632584
Doing analysis at TEMP = -40.000000 and TNOM = 27.000000

Using SPARSE 1.3 as Direct Linear Solver
 Reference value :  0.00000e+00
No. of Data Rows : 1
Doing analysis at TEMP = -40.000000 and TNOM = 27.000000

Using SPARSE 1.3 as Direct Linear Solver
 Reference value :  5.15822e+01
No. of Data Rows : 4401
Doing analysis at TEMP = -40.000000 and TNOM = 27.000000

Using SPARSE 1.3 as Direct Linear Solver
 Reference value :  1.00000e-02
No. of Data Rows : 4401
dcg                 =  1.42044e+02
f0                  =  2.10604e+05
phx                 =  -1.28130e+02
f180                =  6.94604e+05
gmx                 =  -1.44800e+01
 meas ac f0r when tdb=0 rise=1 failed!

tres                =  -4.94141e-01 at=  2.21309e+05
ROW iload_a=0.01 ceff_f=1e-06 esr_ohm=0.001 vout_v=1.7995 dcgain_db=142.044 f0_hz=210604 phase_at_f0_deg=-128.13 f180_hz=694604 gain_at_f180_db=-14.48 f0_rising_hz= resurgence_db=-0.494141
Doing analysis at TEMP = -40.000000 and TNOM = 27.000000

Using SPARSE 1.3 as Direct Linear Solver
 Reference value :  0.00000e+00
No. of Data Rows : 1
Doing analysis at TEMP = -40.000000 and TNOM = 27.000000

Using SPARSE 1.3 as Direct Linear Solver
 Reference value :  1.96110e+04
No. of Data Rows : 4401
Doing analysis at TEMP = -40.000000 and TNOM = 27.000000

Using SPARSE 1.3 as Direct Linear Solver
 Reference value :  5.37032e+06
No. of Data Rows : 4401
dcg                 =  1.42044e+02
f0                  =  2.10995e+05
phx                 =  -1.24459e+02
f180                =  8.78105e+05
gmx                 =  -1.79547e+01
 meas ac f0r when tdb=0 rise=1 failed!

tres                =  -5.31298e-01 at=  2.22587e+05
ROW iload_a=0.01 ceff_f=1e-06 esr_ohm=0.05 vout_v=1.7995 dcgain_db=142.044 f0_hz=210995 phase_at_f0_deg=-124.459 f180_hz=878105 gain_at_f180_db=-17.9547 f0_rising_hz= resurgence_db=-0.531298
Doing analysis at TEMP = -40.000000 and TNOM = 27.000000

Using SPARSE 1.3 as Direct Linear Solver

No. of Data Rows : 1
Doing analysis at TEMP = -40.000000 and TNOM = 27.000000

Using SPARSE 1.3 as Direct Linear Solver
 Reference value :  1.00000e-02
No. of Data Rows : 4401
Doing analysis at TEMP = -40.000000 and TNOM = 27.000000

Using SPARSE 1.3 as Direct Linear Solver
 Reference value :  1.00000e-02
No. of Data Rows : 4401
dcg                 =  1.42044e+02
f0                  =  2.17264e+05
phx                 =  -1.13702e+02
f180                =  1.71937e+06
gmx                 =  -2.39288e+01
 meas ac f0r when tdb=0 rise=1 failed!

tres                =  -4.98262e-01 at=  2.29087e+05
ROW iload_a=0.01 ceff_f=1e-06 esr_ohm=0.2 vout_v=1.7995 dcgain_db=142.044 f0_hz=217264 phase_at_f0_deg=-113.703 f180_hz=1.71937E+06 gain_at_f180_db=-23.9288 f0_rising_hz= resurgence_db=-0.498262
Doing analysis at TEMP = -40.000000 and TNOM = 27.000000

Using SPARSE 1.3 as Direct Linear Solver
 Reference value :  0.00000e+00
No. of Data Rows : 1
Doing analysis at TEMP = -40.000000 and TNOM = 27.000000

Using SPARSE 1.3 as Direct Linear Solver
 Reference value :  1.12202e+02
No. of Data Rows : 4401
Doing analysis at TEMP = -40.000000 and TNOM = 27.000000

Using SPARSE 1.3 as Direct Linear Solver
 Reference value :  1.00000e-02
No. of Data Rows : 4401
dcg                 =  1.42044e+02
f0                  =  2.62786e+05
phx                 =  -9.48003e+01
f180                =  2.10238e+06
gmx                 =  -1.96432e+01
 meas ac f0r when tdb=0 rise=1 failed!

tres                =  -3.63972e-01 at=  2.77013e+05
ROW iload_a=0.01 ceff_f=1e-06 esr_ohm=0.5 vout_v=1.7995 dcgain_db=142.044 f0_hz=262786 phase_at_f0_deg=-94.8003 f180_hz=2.10238E+06 gain_at_f180_db=-19.6432 f0_rising_hz= resurgence_db=-0.363972
Doing analysis at TEMP = -40.000000 and TNOM = 27.000000

Using SPARSE 1.3 as Direct Linear Solver
 Reference value :  0.00000e+00
No. of Data Rows : 1
Doing analysis at TEMP = -40.000000 and TNOM = 27.000000

Using SPARSE 1.3 as Direct Linear Solver
 Reference value :  4.12098e+00
No. of Data Rows : 4401
Doing analysis at TEMP = -40.000000 and TNOM = 27.000000

Using SPARSE 1.3 as Direct Linear Solver
 Reference value :  1.00000e-02
No. of Data Rows : 4401
dcg                 =  1.42044e+02
f0                  =  5.14771e+04
phx                 =  -1.24303e+02
f180                =  7.05179e+05
gmx                 =  -2.81502e+01
 meas ac f0r when tdb=0 rise=1 failed!

tres                =  -5.52596e-01 at=  5.43250e+04
ROW iload_a=0.01 ceff_f=4.7e-06 esr_ohm=0.001 vout_v=1.7995 dcgain_db=142.044 f0_hz=51477.1 phase_at_f0_deg=-124.303 f180_hz=705179 gain_at_f180_db=-28.1502 f0_rising_hz= resurgence_db=-0.552596
Doing analysis at TEMP = -40.000000 and TNOM = 27.000000

Using SPARSE 1.3 as Direct Linear Solver
 Reference value :  0.00000e+00
No. of Data Rows : 1
Doing analysis at TEMP = -40.000000 and TNOM = 27.000000

Using SPARSE 1.3 as Direct Linear Solver
 Reference value :  5.21795e+00
No. of Data Rows : 4401
Doing analysis at TEMP = -40.000000 and TNOM = 27.000000

Using SPARSE 1.3 as Direct Linear Solver
 Reference value :  1.00000e-02
No. of Data Rows : 4401
dcg                 =  1.42044e+02
f0                  =  5.15984e+04
phx                 =  -1.19992e+02
f180                =  1.82134e+06
gmx                 =  -3.70410e+01
 meas ac f0r when tdb=0 rise=1 failed!

tres                =  -5.25509e-01 at=  5.43250e+04
ROW iload_a=0.01 ceff_f=4.7e-06 esr_ohm=0.05 vout_v=1.7995 dcgain_db=142.044 f0_hz=51598.4 phase_at_f0_deg=-119.992 f180_hz=1.82134E+06 gain_at_f180_db=-37.041 f0_rising_hz= resurgence_db=-0.525509
Doing analysis at TEMP = -40.000000 and TNOM = 27.000000

Using SPARSE 1.3 as Direct Linear Solver
 Reference value :  0.00000e+00
No. of Data Rows : 1
Doing analysis at TEMP = -40.000000 and TNOM = 27.000000

Using SPARSE 1.3 as Direct Linear Solver
 Reference value :  4.95450e+00
No. of Data Rows : 4401
Doing analysis at TEMP = -40.000000 and TNOM = 27.000000

Using SPARSE 1.3 as Direct Linear Solver
 Reference value :  1.00000e-02
No. of Data Rows : 4401
dcg                 =  1.42044e+02
f0                  =  5.35784e+04
phx                 =  -1.06155e+02
f180                =  2.21867e+06
gmx                 =  -2.84913e+01
 meas ac f0r when tdb=0 rise=1 failed!

tres                =  -5.04033e-01 at=  5.65588e+04
ROW iload_a=0.01 ceff_f=4.7e-06 esr_ohm=0.2 vout_v=1.7995 dcgain_db=142.044 f0_hz=53578.4 phase_at_f0_deg=-106.155 f180_hz=2.21867E+06 gain_at_f180_db=-28.4913 f0_rising_hz= resurgence_db=-0.504033
Doing analysis at TEMP = -40.000000 and TNOM = 27.000000

Using SPARSE 1.3 as Direct Linear Solver
 Reference value :  0.00000e+00
No. of Data Rows : 1
Doing analysis at TEMP = -40.000000 and TNOM = 27.000000

Using SPARSE 1.3 as Direct Linear Solver
 Reference value :  2.66073e+01
No. of Data Rows : 4401
Doing analysis at TEMP = -40.000000 and TNOM = 27.000000

Using SPARSE 1.3 as Direct Linear Solver
 Reference value :  1.00000e-02
No. of Data Rows : 4401
dcg                 =  1.42044e+02
f0                  =  7.13543e+04
phx                 =  -7.36416e+01
f180                =  2.28913e+06
gmx                 =  -2.10679e+01
 meas ac f0r when tdb=0 rise=1 failed!

tres                =  -2.40918e-01 at=  7.49894e+04
ROW iload_a=0.01 ceff_f=4.7e-06 esr_ohm=0.5 vout_v=1.7995 dcgain_db=142.044 f0_hz=71354.3 phase_at_f0_deg=-73.6416 f180_hz=2.28912E+06 gain_at_f180_db=-21.0679 f0_rising_hz= resurgence_db=-0.240918
Doing analysis at TEMP = -40.000000 and TNOM = 27.000000

Using SPARSE 1.3 as Direct Linear Solver
 Reference value :  0.00000e+00
No. of Data Rows : 1
Doing analysis at TEMP = -40.000000 and TNOM = 27.000000

Using SPARSE 1.3 as Direct Linear Solver
 Reference value :  1.06537e+03
No. of Data Rows : 4401
Doing analysis at TEMP = -40.000000 and TNOM = 27.000000

Using SPARSE 1.3 as Direct Linear Solver
 Reference value :  1.00000e-02
No. of Data Rows : 4401
dcg                 =  1.39782e+02
f0                  =  6.00647e+05
phx                 =  -1.73458e+02
f180                =  6.70161e+05
gmx                 =  -1.63575e+00
 meas ac f0r when tdb=0 rise=1 failed!

tres                =  -7.25783e-01 at=  6.30957e+05
ROW iload_a=0.025 ceff_f=3.3e-07 esr_ohm=0.001 vout_v=1.7995 dcgain_db=139.782 f0_hz=600647 phase_at_f0_deg=-173.458 f180_hz=670161 gain_at_f180_db=-1.63575 f0_rising_hz= resurgence_db=-0.725783
Doing analysis at TEMP = -40.000000 and TNOM = 27.000000

Using SPARSE 1.3 as Direct Linear Solver
 Reference value :  0.00000e+00
No. of Data Rows : 1
Doing analysis at TEMP = -40.000000 and TNOM = 27.000000

Using SPARSE 1.3 as Direct Linear Solver
 Reference value :  6.27336e+01
No. of Data Rows : 4401
Doing analysis at TEMP = -40.000000 and TNOM = 27.000000

Using SPARSE 1.3 as Direct Linear Solver
 Reference value :  1.00000e-02
No. of Data Rows : 4401
dcg                 =  1.39782e+02
f0                  =  6.01422e+05
phx                 =  -1.69987e+02
f180                =  7.17349e+05
gmx                 =  -2.66586e+00
 meas ac f0r when tdb=0 rise=1 failed!

tres                =  -7.90899e-01 at=  6.34600e+05
ROW iload_a=0.025 ceff_f=3.3e-07 esr_ohm=0.05 vout_v=1.7995 dcgain_db=139.782 f0_hz=601422 phase_at_f0_deg=-169.987 f180_hz=717349 gain_at_f180_db=-2.66586 f0_rising_hz= resurgence_db=-0.790899
Doing analysis at TEMP = -40.000000 and TNOM = 27.000000

Using SPARSE 1.3 as Direct Linear Solver
 Reference value :  0.00000e+00
No. of Data Rows : 1
Doing analysis at TEMP = -40.000000 and TNOM = 27.000000

Using SPARSE 1.3 as Direct Linear Solver
 Reference value :  8.70964e+01
No. of Data Rows : 4401
Doing analysis at TEMP = -40.000000 and TNOM = 27.000000

Using SPARSE 1.3 as Direct Linear Solver
 Reference value :  1.00000e-02
No. of Data Rows : 4401
dcg                 =  1.39782e+02
f0                  =  6.11690e+05
phx                 =  -1.60400e+02
f180                =  9.21714e+05
gmx                 =  -6.27037e+00
 meas ac f0r when tdb=0 rise=1 failed!

tres                =  -7.74058e-01 at=  6.45654e+05
ROW iload_a=0.025 ceff_f=3.3e-07 esr_ohm=0.2 vout_v=1.7995 dcgain_db=139.782 f0_hz=611690 phase_at_f0_deg=-160.4 f180_hz=921714 gain_at_f180_db=-6.27037 f0_rising_hz= resurgence_db=-0.774058
Doing analysis at TEMP = -40.000000 and TNOM = 27.000000

Using SPARSE 1.3 as Direct Linear Solver
 Reference value :  0.00000e+00
No. of Data Rows : 1
Doing analysis at TEMP = -40.000000 and TNOM = 27.000000

Using SPARSE 1.3 as Direct Linear Solver
 Reference value :  2.39883e+02
No. of Data Rows : 4401
Doing analysis at TEMP = -40.000000 and TNOM = 27.000000

Using SPARSE 1.3 as Direct Linear Solver
 Reference value :  1.00000e-02
No. of Data Rows : 4401
dcg                 =  1.39782e+02
f0                  =  6.73617e+05
phx                 =  -1.45571e+02
f180                =  1.50364e+06
gmx                 =  -1.10012e+01
 meas ac f0r when tdb=0 rise=1 failed!

tres                =  -6.24205e-01 at=  7.07946e+05
ROW iload_a=0.025 ceff_f=3.3e-07 esr_ohm=0.5 vout_v=1.7995 dcgain_db=139.782 f0_hz=673617 phase_at_f0_deg=-145.571 f180_hz=1.50364E+06 gain_at_f180_db=-11.0012 f0_rising_hz= resurgence_db=-0.624205
Doing analysis at TEMP = -40.000000 and TNOM = 27.000000

Using SPARSE 1.3 as Direct Linear Solver
 Reference value :  0.00000e+00
No. of Data Rows : 1
Doing analysis at TEMP = -40.000000 and TNOM = 27.000000

Using SPARSE 1.3 as Direct Linear Solver
 Reference value :  4.70435e+02
No. of Data Rows : 4401
Doing analysis at TEMP = -40.000000 and TNOM = 27.000000

Using SPARSE 1.3 as Direct Linear Solver
 Reference value :  1.00000e-02
No. of Data Rows : 4401
dcg                 =  1.39782e+02
f0                  =  2.77749e+05
phx                 =  -1.37656e+02
f180                =  6.71196e+05
gmx                 =  -1.12738e+01
 meas ac f0r when tdb=0 rise=1 failed!

tres                =  -5.33133e-01 at=  2.91743e+05
ROW iload_a=0.025 ceff_f=1e-06 esr_ohm=0.001 vout_v=1.7995 dcgain_db=139.782 f0_hz=277749 phase_at_f0_deg=-137.656 f180_hz=671196 gain_at_f180_db=-11.2738 f0_rising_hz= resurgence_db=-0.533133
Doing analysis at TEMP = -40.000000 and TNOM = 27.000000

Using SPARSE 1.3 as Direct Linear Solver
 Reference value :  0.00000e+00
No. of Data Rows : 1
Doing analysis at TEMP = -40.000000 and TNOM = 27.000000

Using SPARSE 1.3 as Direct Linear Solver
 Reference value :  1.50487e+03
No. of Data Rows : 4401
Doing analysis at TEMP = -40.000000 and TNOM = 27.000000

Using SPARSE 1.3 as Direct Linear Solver
 Reference value :  1.00000e-02
No. of Data Rows : 4401
dcg                 =  1.39782e+02
f0                  =  2.78606e+05
phx                 =  -1.32824e+02
f180                =  8.43543e+05
gmx                 =  -1.46508e+01
 meas ac f0r when tdb=0 rise=1 failed!

tres                =  -5.59173e-01 at=  2.93427e+05
ROW iload_a=0.025 ceff_f=1e-06 esr_ohm=0.05 vout_v=1.7995 dcgain_db=139.782 f0_hz=278606 phase_at_f0_deg=-132.824 f180_hz=843544 gain_at_f180_db=-14.6508 f0_rising_hz= resurgence_db=-0.559173
Doing analysis at TEMP = -40.000000 and TNOM = 27.000000

Using SPARSE 1.3 as Direct Linear Solver
 Reference value :  0.00000e+00
No. of Data Rows : 1
Doing analysis at TEMP = -40.000000 and TNOM = 27.000000

Using SPARSE 1.3 as Direct Linear Solver
 Reference value :  7.24436e+01
No. of Data Rows : 4401
Doing analysis at TEMP = -40.000000 and TNOM = 27.000000

Using SPARSE 1.3 as Direct Linear Solver
 Reference value :  1.00000e-02
No. of Data Rows : 4401
dcg                 =  1.39782e+02
f0                  =  2.92034e+05
phx                 =  -1.19349e+02
f180                =  1.63912e+06
gmx                 =  -2.06241e+01
 meas ac f0r when tdb=0 rise=1 failed!

tres                =  -5.05253e-01 at=  3.07256e+05
ROW iload_a=0.025 ceff_f=1e-06 esr_ohm=0.2 vout_v=1.7995 dcgain_db=139.782 f0_hz=292034 phase_at_f0_deg=-119.349 f180_hz=1.63912E+06 gain_at_f180_db=-20.6241 f0_rising_hz= resurgence_db=-0.505253
Doing analysis at TEMP = -40.000000 and TNOM = 27.000000

Using SPARSE 1.3 as Direct Linear Solver
 Reference value :  0.00000e+00
No. of Data Rows : 1
Doing analysis at TEMP = -40.000000 and TNOM = 27.000000

Using SPARSE 1.3 as Direct Linear Solver
 Reference value :  1.40443e+02
No. of Data Rows : 4401
Doing analysis at TEMP = -40.000000 and TNOM = 27.000000

Using SPARSE 1.3 as Direct Linear Solver
 Reference value :  1.00000e-02
No. of Data Rows : 4401
dcg                 =  1.39782e+02
f0                  =  3.95642e+05
phx                 =  -1.00682e+02
f180                =  2.01455e+06
gmx                 =  -1.64208e+01
 meas ac f0r when tdb=0 rise=1 failed!

tres                =  -3.63302e-01 at=  4.16869e+05
ROW iload_a=0.025 ceff_f=1e-06 esr_ohm=0.5 vout_v=1.7995 dcgain_db=139.782 f0_hz=395642 phase_at_f0_deg=-100.682 f180_hz=2.01455E+06 gain_at_f180_db=-16.4208 f0_rising_hz= resurgence_db=-0.363302
Doing analysis at TEMP = -40.000000 and TNOM = 27.000000

Using SPARSE 1.3 as Direct Linear Solver
 Reference value :  0.00000e+00
No. of Data Rows : 1
Doing analysis at TEMP = -40.000000 and TNOM = 27.000000

Using SPARSE 1.3 as Direct Linear Solver
 Reference value :  9.01571e+01
No. of Data Rows : 4401
Doing analysis at TEMP = -40.000000 and TNOM = 27.000000

Using SPARSE 1.3 as Direct Linear Solver
 Reference value :  1.00000e-02
No. of Data Rows : 4401
dcg                 =  1.39782e+02
f0                  =  6.96167e+04
phx                 =  -1.21766e+02
f180                =  6.80959e+05
gmx                 =  -2.49305e+01
 meas ac f0r when tdb=0 rise=1 failed!

tres                =  -4.99024e-01 at=  7.32825e+04
ROW iload_a=0.025 ceff_f=4.7e-06 esr_ohm=0.001 vout_v=1.7995 dcgain_db=139.782 f0_hz=69616.7 phase_at_f0_deg=-121.766 f180_hz=680959 gain_at_f180_db=-24.9305 f0_rising_hz= resurgence_db=-0.499024
Doing analysis at TEMP = -40.000000 and TNOM = 27.000000

Using SPARSE 1.3 as Direct Linear Solver
 Reference value :  0.00000e+00
No. of Data Rows : 1
Doing analysis at TEMP = -40.000000 and TNOM = 27.000000

Using SPARSE 1.3 as Direct Linear Solver
 Reference value :  3.44747e+02
No. of Data Rows : 4401
Doing analysis at TEMP = -40.000000 and TNOM = 27.000000

Using SPARSE 1.3 as Direct Linear Solver
 Reference value :  1.00000e-02
No. of Data Rows : 4401
dcg                 =  1.39782e+02
f0                  =  6.99355e+04
phx                 =  -1.15936e+02
f180                =  1.74168e+06
gmx                 =  -3.37819e+01
 meas ac f0r when tdb=0 rise=1 failed!

tres                =  -5.05034e-01 at=  7.37055e+04
ROW iload_a=0.025 ceff_f=4.7e-06 esr_ohm=0.05 vout_v=1.7995 dcgain_db=139.782 f0_hz=69935.5 phase_at_f0_deg=-115.936 f180_hz=1.74168E+06 gain_at_f180_db=-33.7819 f0_rising_hz= resurgence_db=-0.505034
Doing analysis at TEMP = -40.000000 and TNOM = 27.000000

Using SPARSE 1.3 as Direct Linear Solver
 Reference value :  0.00000e+00
No. of Data Rows : 1
Doing analysis at TEMP = -40.000000 and TNOM = 27.000000

Using SPARSE 1.3 as Direct Linear Solver
 Reference value :  5.40132e+02
No. of Data Rows : 4401
Doing analysis at TEMP = -40.000000 and TNOM = 27.000000

Using SPARSE 1.3 as Direct Linear Solver
 Reference value :  1.00000e-02
No. of Data Rows : 4401
dcg                 =  1.39782e+02
f0                  =  7.54522e+04
phx                 =  -9.72054e+01
f180                =  2.12901e+06
gmx                 =  -2.52715e+01
 meas ac f0r when tdb=0 rise=1 failed!

tres                =  -4.16371e-01 at=  7.94328e+04
ROW iload_a=0.025 ceff_f=4.7e-06 esr_ohm=0.2 vout_v=1.7995 dcgain_db=139.782 f0_hz=75452.2 phase_at_f0_deg=-97.2054 f180_hz=2.12901E+06 gain_at_f180_db=-25.2715 f0_rising_hz= resurgence_db=-0.416371
Doing analysis at TEMP = -40.000000 and TNOM = 27.000000

Using SPARSE 1.3 as Direct Linear Solver
 Reference value :  0.00000e+00
No. of Data Rows : 1
Doing analysis at TEMP = -40.000000 and TNOM = 27.000000

Using SPARSE 1.3 as Direct Linear Solver
 Reference value :  4.75883e+01
No. of Data Rows : 4401
Doing analysis at TEMP = -40.000000 and TNOM = 27.000000

Using SPARSE 1.3 as Direct Linear Solver
 Reference value :  1.00000e-02
No. of Data Rows : 4401
dcg                 =  1.39782e+02
f0                  =  1.82647e+05
phx                 =  -5.70131e+01
f180                =  2.19727e+06
gmx                 =  -1.78543e+01
 meas ac f0r when tdb=0 rise=1 failed!

tres                =  -1.14030e-01 at=  1.92752e+05
ROW iload_a=0.025 ceff_f=4.7e-06 esr_ohm=0.5 vout_v=1.7995 dcgain_db=139.782 f0_hz=182647 phase_at_f0_deg=-57.0131 f180_hz=2.19727E+06 gain_at_f180_db=-17.8543 f0_rising_hz= resurgence_db=-0.11403
Doing analysis at TEMP = -40.000000 and TNOM = 27.000000

Using SPARSE 1.3 as Direct Linear Solver
 Reference value :  0.00000e+00
No. of Data Rows : 1
Doing analysis at TEMP = -40.000000 and TNOM = 27.000000

Using SPARSE 1.3 as Direct Linear Solver
 Reference value :  1.90546e+02
No. of Data Rows : 4401
Doing analysis at TEMP = -40.000000 and TNOM = 27.000000

Using SPARSE 1.3 as Direct Linear Solver
 Reference value :  1.00000e-02
No. of Data Rows : 4401
dcg                 =  1.37099e+02
f0                  =  6.85166e+05
phx                 =  -1.82134e+02
f180                =  6.61900e+05
gmx                 =  5.31187e-01
 meas ac f0r when tdb=0 rise=1 failed!

tres                =  -7.82497e-01 at=  7.20278e+05
ROW iload_a=0.05 ceff_f=3.3e-07 esr_ohm=0.001 vout_v=1.7995 dcgain_db=137.099 f0_hz=685166 phase_at_f0_deg=-182.134 f180_hz=661900 gain_at_f180_db=0.531187 f0_rising_hz= resurgence_db=-0.782497
Doing analysis at TEMP = -40.000000 and TNOM = 27.000000

Using SPARSE 1.3 as Direct Linear Solver
 Reference value :  0.00000e+00
No. of Data Rows : 1
Doing analysis at TEMP = -40.000000 and TNOM = 27.000000

Using SPARSE 1.3 as Direct Linear Solver
 Reference value :  9.71628e+01
No. of Data Rows : 4401
Doing analysis at TEMP = -40.000000 and TNOM = 27.000000

Using SPARSE 1.3 as Direct Linear Solver
 Reference value :  1.00000e-02
No. of Data Rows : 4401
dcg                 =  1.37099e+02
f0                  =  6.86053e+05
phx                 =  -1.78229e+02
f180                =  7.07095e+05
gmx                 =  -4.69953e-01
 meas ac f0r when tdb=0 rise=1 failed!

tres                =  -8.51229e-01 at=  7.24436e+05
ROW iload_a=0.05 ceff_f=3.3e-07 esr_ohm=0.05 vout_v=1.7995 dcgain_db=137.099 f0_hz=686053 phase_at_f0_deg=-178.229 f180_hz=707095 gain_at_f180_db=-0.469953 f0_rising_hz= resurgence_db=-0.851229
Doing analysis at TEMP = -40.000000 and TNOM = 27.000000

Using SPARSE 1.3 as Direct Linear Solver
 Reference value :  0.00000e+00
No. of Data Rows : 1
Doing analysis at TEMP = -40.000000 and TNOM = 27.000000

Using SPARSE 1.3 as Direct Linear Solver
 Reference value :  1.47911e+03
No. of Data Rows : 4401
Doing analysis at TEMP = -40.000000 and TNOM = 27.000000

Using SPARSE 1.3 as Direct Linear Solver
 Reference value :  1.00000e-02
No. of Data Rows : 4401
dcg                 =  1.37099e+02
f0                  =  7.00458e+05
phx                 =  -1.67446e+02
f180                =  9.04869e+05
gmx                 =  -4.01027e+00
 meas ac f0r when tdb=0 rise=1 failed!

tres                =  -7.69291e-01 at=  7.37055e+05
ROW iload_a=0.05 ceff_f=3.3e-07 esr_ohm=0.2 vout_v=1.7995 dcgain_db=137.099 f0_hz=700458 phase_at_f0_deg=-167.446 f180_hz=904869 gain_at_f180_db=-4.01027 f0_rising_hz= resurgence_db=-0.769291
Doing analysis at TEMP = -40.000000 and TNOM = 27.000000

Using SPARSE 1.3 as Direct Linear Solver
 Reference value :  0.00000e+00
No. of Data Rows : 1
Doing analysis at TEMP = -40.000000 and TNOM = 27.000000

Using SPARSE 1.3 as Direct Linear Solver
 Reference value :  8.75992e+02
No. of Data Rows : 4401
Doing analysis at TEMP = -40.000000 and TNOM = 27.000000

Using SPARSE 1.3 as Direct Linear Solver
 Reference value :  1.00000e-02
No. of Data Rows : 4401
dcg                 =  1.37099e+02
f0                  =  7.85922e+05
phx                 =  -1.52000e+02
f180                =  1.46668e+06
gmx                 =  -8.69631e+00
 meas ac f0r when tdb=0 rise=1 failed!

tres                =  -6.64321e-01 at=  8.26990e+05
ROW iload_a=0.05 ceff_f=3.3e-07 esr_ohm=0.5 vout_v=1.7995 dcgain_db=137.099 f0_hz=785922 phase_at_f0_deg=-152 f180_hz=1.46668E+06 gain_at_f180_db=-8.69631 f0_rising_hz= resurgence_db=-0.664321
Doing analysis at TEMP = -40.000000 and TNOM = 27.000000

Using SPARSE 1.3 as Direct Linear Solver
 Reference value :  0.00000e+00
No. of Data Rows : 1
Doing analysis at TEMP = -40.000000 and TNOM = 27.000000

Using SPARSE 1.3 as Direct Linear Solver
 Reference value :  4.89779e+02
No. of Data Rows : 4401
Doing analysis at TEMP = -40.000000 and TNOM = 27.000000

Using SPARSE 1.3 as Direct Linear Solver
 Reference value :  1.00000e-02
No. of Data Rows : 4401
dcg                 =  1.37099e+02
f0                  =  3.33075e+05
phx                 =  -1.44901e+02
f180                =  6.62192e+05
gmx                 =  -9.08511e+00
 meas ac f0r when tdb=0 rise=1 failed!

tres                =  -5.98808e-01 at=  3.50752e+05
ROW iload_a=0.05 ceff_f=1e-06 esr_ohm=0.001 vout_v=1.7995 dcgain_db=137.099 f0_hz=333075 phase_at_f0_deg=-144.901 f180_hz=662192 gain_at_f180_db=-9.08511 f0_rising_hz= resurgence_db=-0.598808
Doing analysis at TEMP = -40.000000 and TNOM = 27.000000

Using SPARSE 1.3 as Direct Linear Solver
 Reference value :  0.00000e+00
No. of Data Rows : 1
Doing analysis at TEMP = -40.000000 and TNOM = 27.000000

Using SPARSE 1.3 as Direct Linear Solver
 Reference value :  1.21619e+03
No. of Data Rows : 4401
Doing analysis at TEMP = -40.000000 and TNOM = 27.000000

Using SPARSE 1.3 as Direct Linear Solver
 Reference value :  1.00000e-02
No. of Data Rows : 4401
dcg                 =  1.37099e+02
f0                  =  3.34405e+05
phx                 =  -1.39180e+02
f180                =  8.27906e+05
gmx                 =  -1.23786e+01
 meas ac f0r when tdb=0 rise=1 failed!

tres                =  -6.15067e-01 at=  3.52777e+05
ROW iload_a=0.05 ceff_f=1e-06 esr_ohm=0.05 vout_v=1.7995 dcgain_db=137.099 f0_hz=334405 phase_at_f0_deg=-139.18 f180_hz=827906 gain_at_f180_db=-12.3786 f0_rising_hz= resurgence_db=-0.615067
Doing analysis at TEMP = -40.000000 and TNOM = 27.000000

Using SPARSE 1.3 as Direct Linear Solver
 Reference value :  0.00000e+00
No. of Data Rows : 1
Doing analysis at TEMP = -40.000000 and TNOM = 27.000000

Using SPARSE 1.3 as Direct Linear Solver
 Reference value :  7.76247e+03
No. of Data Rows : 4401
Doing analysis at TEMP = -40.000000 and TNOM = 27.000000

Using SPARSE 1.3 as Direct Linear Solver
 Reference value :  1.34122e-01
No. of Data Rows : 4401
dcg                 =  1.37099e+02
f0                  =  3.56388e+05
phx                 =  -1.23706e+02
f180                =  1.60061e+06
gmx                 =  -1.83314e+01
 meas ac f0r when tdb=0 rise=1 failed!

tres                =  -5.50605e-01 at=  3.75837e+05
ROW iload_a=0.05 ceff_f=1e-06 esr_ohm=0.2 vout_v=1.7995 dcgain_db=137.099 f0_hz=356388 phase_at_f0_deg=-123.706 f180_hz=1.60061E+06 gain_at_f180_db=-18.3314 f0_rising_hz= resurgence_db=-0.550605
Doing analysis at TEMP = -40.000000 and TNOM = 27.000000

Using SPARSE 1.3 as Direct Linear Solver
 Reference value :  0.00000e+00
No. of Data Rows : 1
Doing analysis at TEMP = -40.000000 and TNOM = 27.000000

Using SPARSE 1.3 as Direct Linear Solver
 Reference value :  1.31069e+03
No. of Data Rows : 4401
Doing analysis at TEMP = -40.000000 and TNOM = 27.000000

Using SPARSE 1.3 as Direct Linear Solver
 Reference value :  1.00000e-02
No. of Data Rows : 4401
dcg                 =  1.37099e+02
f0                  =  5.22898e+05
phx                 =  -1.07941e+02
f180                =  1.97067e+06
gmx                 =  -1.41653e+01
 meas ac f0r when tdb=0 rise=1 failed!

tres                =  -3.72670e-01 at=  5.49541e+05
ROW iload_a=0.05 ceff_f=1e-06 esr_ohm=0.5 vout_v=1.7995 dcgain_db=137.099 f0_hz=522898 phase_at_f0_deg=-107.941 f180_hz=1.97067E+06 gain_at_f180_db=-14.1653 f0_rising_hz= resurgence_db=-0.37267
Doing analysis at TEMP = -40.000000 and TNOM = 27.000000

Using SPARSE 1.3 as Direct Linear Solver
 Reference value :  0.00000e+00
No. of Data Rows : 1
Doing analysis at TEMP = -40.000000 and TNOM = 27.000000

Using SPARSE 1.3 as Direct Linear Solver
 Reference value :  3.19890e+04
No. of Data Rows : 4401
Doing analysis at TEMP = -40.000000 and TNOM = 27.000000

Using SPARSE 1.3 as Direct Linear Solver
 Reference value :  6.34600e+00
No. of Data Rows : 4401
dcg                 =  1.37099e+02
f0                  =  8.62947e+04
phx                 =  -1.20921e+02
f180                =  6.71388e+05
gmx                 =  -2.27291e+01
 meas ac f0r when tdb=0 rise=1 failed!

tres                =  -4.71279e-01 at=  9.06776e+04
ROW iload_a=0.05 ceff_f=4.7e-06 esr_ohm=0.001 vout_v=1.7995 dcgain_db=137.099 f0_hz=86294.7 phase_at_f0_deg=-120.921 f180_hz=671388 gain_at_f180_db=-22.7291 f0_rising_hz= resurgence_db=-0.471279
Doing analysis at TEMP = -40.000000 and TNOM = 27.000000

Using SPARSE 1.3 as Direct Linear Solver
 Reference value :  0.00000e+00
No. of Data Rows : 1
Doing analysis at TEMP = -40.000000 and TNOM = 27.000000

Using SPARSE 1.3 as Direct Linear Solver
 Reference value :  2.83465e+03
No. of Data Rows : 4401
Doing analysis at TEMP = -40.000000 and TNOM = 27.000000

Using SPARSE 1.3 as Direct Linear Solver
 Reference value :  1.00000e-02
No. of Data Rows : 4401
dcg                 =  1.37099e+02
f0                  =  8.69158e+04
phx                 =  -1.13729e+02
f180                =  1.69808e+06
gmx                 =  -3.14611e+01
 meas ac f0r when tdb=0 rise=1 failed!

tres                =  -5.04153e-01 at=  9.17276e+04
ROW iload_a=0.05 ceff_f=4.7e-06 esr_ohm=0.05 vout_v=1.7995 dcgain_db=137.099 f0_hz=86915.8 phase_at_f0_deg=-113.73 f180_hz=1.69808E+06 gain_at_f180_db=-31.4611 f0_rising_hz= resurgence_db=-0.504153
Doing analysis at TEMP = -40.000000 and TNOM = 27.000000

Using SPARSE 1.3 as Direct Linear Solver
 Reference value :  0.00000e+00
No. of Data Rows : 1
Doing analysis at TEMP = -40.000000 and TNOM = 27.000000

Using SPARSE 1.3 as Direct Linear Solver
 Reference value :  1.54882e+03
No. of Data Rows : 4401
Doing analysis at TEMP = -40.000000 and TNOM = 27.000000

Using SPARSE 1.3 as Direct Linear Solver
 Reference value :  1.00000e-02
No. of Data Rows : 4401
dcg                 =  1.37099e+02
f0                  =  9.85178e+04
phx                 =  -9.07110e+01
f180                =  2.08525e+06
gmx                 =  -2.30217e+01
 meas ac f0r when tdb=0 rise=1 failed!

tres                =  -3.53877e-01 at=  1.03514e+05
ROW iload_a=0.05 ceff_f=4.7e-06 esr_ohm=0.2 vout_v=1.7995 dcgain_db=137.099 f0_hz=98517.8 phase_at_f0_deg=-90.711 f180_hz=2.08525E+06 gain_at_f180_db=-23.0217 f0_rising_hz= resurgence_db=-0.353877
Doing analysis at TEMP = -40.000000 and TNOM = 27.000000

Using SPARSE 1.3 as Direct Linear Solver
 Reference value :  0.00000e+00
No. of Data Rows : 1
Doing analysis at TEMP = -40.000000 and TNOM = 27.000000

Using SPARSE 1.3 as Direct Linear Solver
 Reference value :  1.85140e+04
No. of Data Rows : 4401
Doing analysis at TEMP = -40.000000 and TNOM = 27.000000

Using SPARSE 1.3 as Direct Linear Solver
 Reference value :  1.00000e-02
No. of Data Rows : 4401
dcg                 =  1.37099e+02
f0                  =  3.91441e+05
phx                 =  -7.19156e+01
f180                =  2.15115e+06
gmx                 =  -1.56023e+01
 meas ac f0r when tdb=0 rise=1 failed!

tres                =  -1.98894e-01 at=  4.12098e+05
ROW iload_a=0.05 ceff_f=4.7e-06 esr_ohm=0.5 vout_v=1.7995 dcgain_db=137.099 f0_hz=391441 phase_at_f0_deg=-71.9156 f180_hz=2.15115E+06 gain_at_f180_db=-15.6023 f0_rising_hz= resurgence_db=-0.198894
* SWEEP COMPLETE res_ss_-40c_2.97v
Note: Simulation executed from .control section 
Warning: m=xx on .subckt line will override multiplier m hierarchy!

Note: Starting dynamic gmin stepping
Warning: Dynamic gmin stepping failed
Note: Starting true gmin stepping
Note: True gmin stepping completed
Note: Starting dynamic gmin stepping
Warning: Dynamic gmin stepping failed
Note: Starting true gmin stepping
Note: True gmin stepping completed
Note: Starting dynamic gmin stepping
Warning: Dynamic gmin stepping failed
Note: Starting true gmin stepping
Note: True gmin stepping completed

Error: measure  f0r  when(WHEN) : out of interval
Error: &f0r: no such variable.
Note: Starting dynamic gmin stepping
Warning: Dynamic gmin stepping failed
Note: Starting true gmin stepping
Note: True gmin stepping completed
Note: Starting dynamic gmin stepping
Warning: Dynamic gmin stepping failed
Note: Starting true gmin stepping
Note: True gmin stepping completed
Note: Starting dynamic gmin stepping
Warning: Dynamic gmin stepping failed
Note: Starting true gmin stepping
Note: True gmin stepping completed

Error: measure  f0r  when(WHEN) : out of interval
Error: &f0r: no such variable.
Note: Starting dynamic gmin stepping
Warning: Dynamic gmin stepping failed
Note: Starting true gmin stepping
Note: True gmin stepping completed
Note: Starting dynamic gmin stepping
Warning: Dynamic gmin stepping failed
Note: Starting true gmin stepping
Note: True gmin stepping completed
Note: Starting dynamic gmin stepping
Warning: Dynamic gmin stepping failed
Note: Starting true gmin stepping
Note: True gmin stepping completed

Error: measure  f0r  when(WHEN) : out of interval
Error: &f0r: no such variable.
Note: Starting dynamic gmin stepping
Warning: Dynamic gmin stepping failed
Note: Starting true gmin stepping
Note: True gmin stepping completed
Note: Starting dynamic gmin stepping
Warning: Dynamic gmin stepping failed
Note: Starting true gmin stepping
Note: True gmin stepping completed
Note: Starting dynamic gmin stepping
Warning: Dynamic gmin stepping failed
Note: Starting true gmin stepping
Note: True gmin stepping completed

Error: measure  f0r  when(WHEN) : out of interval
Error: &f0r: no such variable.
Note: Starting dynamic gmin stepping
Warning: Dynamic gmin stepping failed
Note: Starting true gmin stepping
Note: True gmin stepping completed
Note: Starting dynamic gmin stepping
Warning: Dynamic gmin stepping failed
Note: Starting true gmin stepping
Note: True gmin stepping completed
Note: Starting dynamic gmin stepping
Warning: Dynamic gmin stepping failed
Note: Starting true gmin stepping
Note: True gmin stepping completed

Error: measure  f0r  when(WHEN) : out of interval
Error: &f0r: no such variable.
Note: Starting dynamic gmin stepping
Warning: Dynamic gmin stepping failed
Note: Starting true gmin stepping
Note: True gmin stepping completed
Note: Starting dynamic gmin stepping
Warning: Dynamic gmin stepping failed
Note: Starting true gmin stepping
Note: True gmin stepping completed
Note: Starting dynamic gmin stepping
Warning: Dynamic gmin stepping failed
Note: Starting true gmin stepping
Note: True gmin stepping completed

Error: measure  f0r  when(WHEN) : out of interval
Error: &f0r: no such variable.
Note: Starting dynamic gmin stepping
Warning: Dynamic gmin stepping failed
Note: Starting true gmin stepping
Note: True gmin stepping completed
Note: Starting dynamic gmin stepping
Warning: Dynamic gmin stepping failed
Note: Starting true gmin stepping
Note: True gmin stepping completed
Note: Starting dynamic gmin stepping
Warning: Dynamic gmin stepping failed
Note: Starting true gmin stepping
Note: True gmin stepping completed

Error: measure  f0r  when(WHEN) : out of interval
Error: &f0r: no such variable.
Note: Starting dynamic gmin stepping
Warning: Dynamic gmin stepping failed
Note: Starting true gmin stepping
Note: True gmin stepping completed
Note: Starting dynamic gmin stepping
Warning: Dynamic gmin stepping failed
Note: Starting true gmin stepping
Note: True gmin stepping completed
Note: Starting dynamic gmin stepping
Warning: Dynamic gmin stepping failed
Note: Starting true gmin stepping
Note: True gmin stepping completed

Error: measure  f0r  when(WHEN) : out of interval
Error: &f0r: no such variable.
Note: Starting dynamic gmin stepping
Warning: Dynamic gmin stepping failed
Note: Starting true gmin stepping
Note: True gmin stepping completed
Note: Starting dynamic gmin stepping
Warning: Dynamic gmin stepping failed
Note: Starting true gmin stepping
Note: True gmin stepping completed
Note: Starting dynamic gmin stepping
Warning: Dynamic gmin stepping failed
Note: Starting true gmin stepping
Note: True gmin stepping completed

Error: measure  f0r  when(WHEN) : out of interval
Error: &f0r: no such variable.
Note: Starting dynamic gmin stepping
Warning: Dynamic gmin stepping failed
Note: Starting true gmin stepping
Note: True gmin stepping completed
Note: Starting dynamic gmin stepping
Warning: Dynamic gmin stepping failed
Note: Starting true gmin stepping
Note: True gmin stepping completed
Note: Starting dynamic gmin stepping
Warning: Dynamic gmin stepping failed
Note: Starting true gmin stepping
Note: True gmin stepping completed

Error: measure  f0r  when(WHEN) : out of interval
Error: &f0r: no such variable.
Note: Starting dynamic gmin stepping
Warning: Dynamic gmin stepping failed
Note: Starting true gmin stepping
Note: True gmin stepping completed
Note: Starting dynamic gmin stepping
Warning: Dynamic gmin stepping failed
Note: Starting true gmin stepping
Note: True gmin stepping completed
Note: Starting dynamic gmin stepping
Warning: Dynamic gmin stepping failed
Note: Starting true gmin stepping
Note: True gmin stepping completed

Error: measure  f0r  when(WHEN) : out of interval
Error: &f0r: no such variable.
Note: Starting dynamic gmin stepping
Warning: Dynamic gmin stepping failed
Note: Starting true gmin stepping
Note: True gmin stepping completed
Note: Starting dynamic gmin stepping
Warning: Dynamic gmin stepping failed
Note: Starting true gmin stepping
Note: True gmin stepping completed
Note: Starting dynamic gmin stepping
Warning: Dynamic gmin stepping failed
Note: Starting true gmin stepping
Note: True gmin stepping completed

Error: measure  f0r  when(WHEN) : out of interval
Error: &f0r: no such variable.
Note: Starting dynamic gmin stepping
Note: Dynamic gmin stepping completed
Note: Starting dynamic gmin stepping
Note: Dynamic gmin stepping completed
Note: Starting dynamic gmin stepping
Note: Dynamic gmin stepping completed

Error: measure  f0r  when(WHEN) : out of interval
Error: &f0r: no such variable.
Note: Starting dynamic gmin stepping
Note: Dynamic gmin stepping completed
Note: Starting dynamic gmin stepping
Note: Dynamic gmin stepping completed
Note: Starting dynamic gmin stepping
Note: Dynamic gmin stepping completed

Error: measure  f0r  when(WHEN) : out of interval
Error: &f0r: no such variable.
Note: Starting dynamic gmin stepping
Note: Dynamic gmin stepping completed
Note: Starting dynamic gmin stepping
Note: Dynamic gmin stepping completed
Note: Starting dynamic gmin stepping
Note: Dynamic gmin stepping completed

Error: measure  f0r  when(WHEN) : out of interval
Error: &f0r: no such variable.
Note: Starting dynamic gmin stepping
Note: Dynamic gmin stepping completed
Note: Starting dynamic gmin stepping
Note: Dynamic gmin stepping completed
Note: Starting dynamic gmin stepping
Note: Dynamic gmin stepping completed

Error: measure  f0r  when(WHEN) : out of interval
Error: &f0r: no such variable.
Note: Starting dynamic gmin stepping
Note: Dynamic gmin stepping completed
Note: Starting dynamic gmin stepping
Note: Dynamic gmin stepping completed
Note: Starting dynamic gmin stepping
Note: Dynamic gmin stepping completed

Error: measure  f0r  when(WHEN) : out of interval
Error: &f0r: no such variable.
Note: Starting dynamic gmin stepping
Note: Dynamic gmin stepping completed
Note: Starting dynamic gmin stepping
Note: Dynamic gmin stepping completed
Note: Starting dynamic gmin stepping
Note: Dynamic gmin stepping completed

Error: measure  f0r  when(WHEN) : out of interval
Error: &f0r: no such variable.
Note: Starting dynamic gmin stepping
Note: Dynamic gmin stepping completed
Note: Starting dynamic gmin stepping
Note: Dynamic gmin stepping completed
Note: Starting dynamic gmin stepping
Note: Dynamic gmin stepping completed

Error: measure  f0r  when(WHEN) : out of interval
Error: &f0r: no such variable.
Note: Starting dynamic gmin stepping
Note: Dynamic gmin stepping completed
Note: Starting dynamic gmin stepping
Note: Dynamic gmin stepping completed
Note: Starting dynamic gmin stepping
Note: Dynamic gmin stepping completed

Error: measure  f0r  when(WHEN) : out of interval
Error: &f0r: no such variable.
Note: Starting dynamic gmin stepping
Note: Dynamic gmin stepping completed
Note: Starting dynamic gmin stepping
Note: Dynamic gmin stepping completed
Note: Starting dynamic gmin stepping
Note: Dynamic gmin stepping completed

Error: measure  f0r  when(WHEN) : out of interval
Error: &f0r: no such variable.
Note: Starting dynamic gmin stepping
Note: Dynamic gmin stepping completed
Note: Starting dynamic gmin stepping
Note: Dynamic gmin stepping completed
Note: Starting dynamic gmin stepping
Note: Dynamic gmin stepping completed

Error: measure  f0r  when(WHEN) : out of interval
Error: &f0r: no such variable.
Note: Starting dynamic gmin stepping
Note: Dynamic gmin stepping completed
Note: Starting dynamic gmin stepping
Note: Dynamic gmin stepping completed
Note: Starting dynamic gmin stepping
Note: Dynamic gmin stepping completed

Error: measure  f0r  when(WHEN) : out of interval
Error: &f0r: no such variable.
Note: Starting dynamic gmin stepping
Note: Dynamic gmin stepping completed
Note: Starting dynamic gmin stepping
Note: Dynamic gmin stepping completed
Note: Starting dynamic gmin stepping
Note: Dynamic gmin stepping completed

Error: measure  f0r  when(WHEN) : out of interval
Error: &f0r: no such variable.
Note: Starting dynamic gmin stepping
Warning: Dynamic gmin stepping failed
Note: Starting true gmin stepping
Note: True gmin stepping completed
Note: Starting dynamic gmin stepping
Warning: Dynamic gmin stepping failed
Note: Starting true gmin stepping
Note: True gmin stepping completed
Note: Starting dynamic gmin stepping
Warning: Dynamic gmin stepping failed
Note: Starting true gmin stepping
Note: True gmin stepping completed

Error: measure  f0r  when(WHEN) : out of interval
Error: &f0r: no such variable.
Note: Starting dynamic gmin stepping
Warning: Dynamic gmin stepping failed
Note: Starting true gmin stepping
Note: True gmin stepping completed
Note: Starting dynamic gmin stepping
Warning: Dynamic gmin stepping failed
Note: Starting true gmin stepping
Note: True gmin stepping completed
Note: Starting dynamic gmin stepping
Warning: Dynamic gmin stepping failed
Note: Starting true gmin stepping
Note: True gmin stepping completed

Error: measure  f0r  when(WHEN) : out of interval
Error: &f0r: no such variable.
Note: Starting dynamic gmin stepping
Warning: Dynamic gmin stepping failed
Note: Starting true gmin stepping
Note: True gmin stepping completed
Note: Starting dynamic gmin stepping
Warning: Dynamic gmin stepping failed
Note: Starting true gmin stepping
Note: True gmin stepping completed
Note: Starting dynamic gmin stepping
Warning: Dynamic gmin stepping failed
Note: Starting true gmin stepping
Note: True gmin stepping completed

Error: measure  f0r  when(WHEN) : out of interval
Error: &f0r: no such variable.
Note: Starting dynamic gmin stepping
Warning: Dynamic gmin stepping failed
Note: Starting true gmin stepping
Note: True gmin stepping completed
Note: Starting dynamic gmin stepping
Warning: Dynamic gmin stepping failed
Note: Starting true gmin stepping
Note: True gmin stepping completed
Note: Starting dynamic gmin stepping
Warning: Dynamic gmin stepping failed
Note: Starting true gmin stepping
Note: True gmin stepping completed

Error: measure  f0r  when(WHEN) : out of interval
Error: &f0r: no such variable.
Note: Starting dynamic gmin stepping
Warning: Dynamic gmin stepping failed
Note: Starting true gmin stepping
Note: True gmin stepping completed
Note: Starting dynamic gmin stepping
Warning: Dynamic gmin stepping failed
Note: Starting true gmin stepping
Note: True gmin stepping completed
Note: Starting dynamic gmin stepping
Warning: Dynamic gmin stepping failed
Note: Starting true gmin stepping
Note: True gmin stepping completed

Error: measure  f0r  when(WHEN) : out of interval
Error: &f0r: no such variable.
Note: Starting dynamic gmin stepping
Warning: Dynamic gmin stepping failed
Note: Starting true gmin stepping
Note: True gmin stepping completed
Note: Starting dynamic gmin stepping
Warning: Dynamic gmin stepping failed
Note: Starting true gmin stepping
Note: True gmin stepping completed
Note: Starting dynamic gmin stepping
Warning: Dynamic gmin stepping failed
Note: Starting true gmin stepping
Note: True gmin stepping completed

Error: measure  f0r  when(WHEN) : out of interval
Error: &f0r: no such variable.
Note: Starting dynamic gmin stepping
Warning: Dynamic gmin stepping failed
Note: Starting true gmin stepping
Note: True gmin stepping completed
Note: Starting dynamic gmin stepping
Warning: Dynamic gmin stepping failed
Note: Starting true gmin stepping
Note: True gmin stepping completed
Note: Starting dynamic gmin stepping
Warning: Dynamic gmin stepping failed
Note: Starting true gmin stepping
Note: True gmin stepping completed

Error: measure  f0r  when(WHEN) : out of interval
Error: &f0r: no such variable.
Note: Starting dynamic gmin stepping
Warning: Dynamic gmin stepping failed
Note: Starting true gmin stepping
Note: True gmin stepping completed
Note: Starting dynamic gmin stepping
Warning: Dynamic gmin stepping failed
Note: Starting true gmin stepping
Note: True gmin stepping completed
Note: Starting dynamic gmin stepping
Warning: Dynamic gmin stepping failed
Note: Starting true gmin stepping
Note: True gmin stepping completed

Error: measure  f0r  when(WHEN) : out of interval
Error: &f0r: no such variable.
Note: Starting dynamic gmin stepping
Warning: Dynamic gmin stepping failed
Note: Starting true gmin stepping
Note: True gmin stepping completed
Note: Starting dynamic gmin stepping
Warning: Dynamic gmin stepping failed
Note: Starting true gmin stepping
Note: True gmin stepping completed
Note: Starting dynamic gmin stepping
Warning: Dynamic gmin stepping failed
Note: Starting true gmin stepping
Note: True gmin stepping completed

Error: measure  f0r  when(WHEN) : out of interval
Error: &f0r: no such variable.
Note: Starting dynamic gmin stepping
Warning: Dynamic gmin stepping failed
Note: Starting true gmin stepping
Note: True gmin stepping completed
Note: Starting dynamic gmin stepping
Warning: Dynamic gmin stepping failed
Note: Starting true gmin stepping
Note: True gmin stepping completed
Note: Starting dynamic gmin stepping
Warning: Dynamic gmin stepping failed
Note: Starting true gmin stepping
Note: True gmin stepping completed

Error: measure  f0r  when(WHEN) : out of interval
Error: &f0r: no such variable.
Note: Starting dynamic gmin stepping
Warning: Dynamic gmin stepping failed
Note: Starting true gmin stepping
Note: True gmin stepping completed
Note: Starting dynamic gmin stepping
Warning: Dynamic gmin stepping failed
Note: Starting true gmin stepping
Note: True gmin stepping completed
Note: Starting dynamic gmin stepping
Warning: Dynamic gmin stepping failed
Note: Starting true gmin stepping
Note: True gmin stepping completed

Error: measure  f0r  when(WHEN) : out of interval
Error: &f0r: no such variable.
Note: Starting dynamic gmin stepping
Warning: Dynamic gmin stepping failed
Note: Starting true gmin stepping
Note: True gmin stepping completed
Note: Starting dynamic gmin stepping
Warning: Dynamic gmin stepping failed
Note: Starting true gmin stepping
Note: True gmin stepping completed
Note: Starting dynamic gmin stepping
Warning: Dynamic gmin stepping failed
Note: Starting true gmin stepping
Note: True gmin stepping completed

Error: measure  f0r  when(WHEN) : out of interval
Error: &f0r: no such variable.
Note: Starting dynamic gmin stepping
Warning: Dynamic gmin stepping failed
Note: Starting true gmin stepping
Note: True gmin stepping completed
Note: Starting dynamic gmin stepping
Warning: Dynamic gmin stepping failed
Note: Starting true gmin stepping
Note: True gmin stepping completed
Note: Starting dynamic gmin stepping
Warning: Dynamic gmin stepping failed
Note: Starting true gmin stepping
Note: True gmin stepping completed

Error: measure  f0r  when(WHEN) : out of interval
Error: &f0r: no such variable.
Note: Starting dynamic gmin stepping
Warning: Dynamic gmin stepping failed
Note: Starting true gmin stepping
Note: True gmin stepping completed
Note: Starting dynamic gmin stepping
Warning: Dynamic gmin stepping failed
Note: Starting true gmin stepping
Note: True gmin stepping completed
Note: Starting dynamic gmin stepping
Warning: Dynamic gmin stepping failed
Note: Starting true gmin stepping
Note: True gmin stepping completed

Error: measure  f0r  when(WHEN) : out of interval
Error: &f0r: no such variable.
Note: Starting dynamic gmin stepping
Warning: Dynamic gmin stepping failed
Note: Starting true gmin stepping
Note: True gmin stepping completed
Note: Starting dynamic gmin stepping
Warning: Dynamic gmin stepping failed
Note: Starting true gmin stepping
Note: True gmin stepping completed
Note: Starting dynamic gmin stepping
Warning: Dynamic gmin stepping failed
Note: Starting true gmin stepping
Note: True gmin stepping completed

Error: measure  f0r  when(WHEN) : out of interval
Error: &f0r: no such variable.
Note: Starting dynamic gmin stepping
Warning: Dynamic gmin stepping failed
Note: Starting true gmin stepping
Note: True gmin stepping completed
Note: Starting dynamic gmin stepping
Warning: Dynamic gmin stepping failed
Note: Starting true gmin stepping
Note: True gmin stepping completed
Note: Starting dynamic gmin stepping
Warning: Dynamic gmin stepping failed
Note: Starting true gmin stepping
Note: True gmin stepping completed

Error: measure  f0r  when(WHEN) : out of interval
Error: &f0r: no such variable.
Note: Starting dynamic gmin stepping
Warning: Dynamic gmin stepping failed
Note: Starting true gmin stepping
Note: True gmin stepping completed
Note: Starting dynamic gmin stepping
Warning: Dynamic gmin stepping failed
Note: Starting true gmin stepping
Note: True gmin stepping completed
Note: Starting dynamic gmin stepping
Warning: Dynamic gmin stepping failed
Note: Starting true gmin stepping
Note: True gmin stepping completed

Error: measure  f0r  when(WHEN) : out of interval
Error: &f0r: no such variable.
Note: Starting dynamic gmin stepping
Warning: Dynamic gmin stepping failed
Note: Starting true gmin stepping
Note: True gmin stepping completed
Note: Starting dynamic gmin stepping
Warning: Dynamic gmin stepping failed
Note: Starting true gmin stepping
Note: True gmin stepping completed
Note: Starting dynamic gmin stepping
Warning: Dynamic gmin stepping failed
Note: Starting true gmin stepping
Note: True gmin stepping completed

Error: measure  f0r  when(WHEN) : out of interval
Error: &f0r: no such variable.
Note: Starting dynamic gmin stepping
Warning: Dynamic gmin stepping failed
Note: Starting true gmin stepping
Note: True gmin stepping completed
Note: Starting dynamic gmin stepping
Warning: Dynamic gmin stepping failed
Note: Starting true gmin stepping
Note: True gmin stepping completed
Note: Starting dynamic gmin stepping
Warning: Dynamic gmin stepping failed
Note: Starting true gmin stepping
Note: True gmin stepping completed

Error: measure  f0r  when(WHEN) : out of interval
Error: &f0r: no such variable.
Note: Starting dynamic gmin stepping
Warning: Dynamic gmin stepping failed
Note: Starting true gmin stepping
Note: True gmin stepping completed
Note: Starting dynamic gmin stepping
Warning: Dynamic gmin stepping failed
Note: Starting true gmin stepping
Note: True gmin stepping completed
Note: Starting dynamic gmin stepping
Warning: Dynamic gmin stepping failed
Note: Starting true gmin stepping
Note: True gmin stepping completed

Error: measure  f0r  when(WHEN) : out of interval
Error: &f0r: no such variable.
Note: Starting dynamic gmin stepping
Warning: Dynamic gmin stepping failed
Note: Starting true gmin stepping
Note: True gmin stepping completed
Note: Starting dynamic gmin stepping
Warning: Dynamic gmin stepping failed
Note: Starting true gmin stepping
Note: True gmin stepping completed
Note: Starting dynamic gmin stepping
Warning: Dynamic gmin stepping failed
Note: Starting true gmin stepping
Note: True gmin stepping completed

Error: measure  f0r  when(WHEN) : out of interval
Error: &f0r: no such variable.
Note: Starting dynamic gmin stepping
Warning: Dynamic gmin stepping failed
Note: Starting true gmin stepping
Note: True gmin stepping completed
Note: Starting dynamic gmin stepping
Warning: Dynamic gmin stepping failed
Note: Starting true gmin stepping
Note: True gmin stepping completed
Note: Starting dynamic gmin stepping
Warning: Dynamic gmin stepping failed
Note: Starting true gmin stepping
Note: True gmin stepping completed

Error: measure  f0r  when(WHEN) : out of interval
Error: &f0r: no such variable.
Note: Starting dynamic gmin stepping
Warning: Dynamic gmin stepping failed
Note: Starting true gmin stepping
Note: True gmin stepping completed
Note: Starting dynamic gmin stepping
Warning: Dynamic gmin stepping failed
Note: Starting true gmin stepping
Note: True gmin stepping completed
Note: Starting dynamic gmin stepping
Warning: Dynamic gmin stepping failed
Note: Starting true gmin stepping
Note: True gmin stepping completed

Error: measure  f0r  when(WHEN) : out of interval
Error: &f0r: no such variable.
Note: Starting dynamic gmin stepping
Warning: Dynamic gmin stepping failed
Note: Starting true gmin stepping
Note: True gmin stepping completed
Note: Starting dynamic gmin stepping
Warning: Dynamic gmin stepping failed
Note: Starting true gmin stepping
Note: True gmin stepping completed
Note: Starting dynamic gmin stepping
Warning: Dynamic gmin stepping failed
Note: Starting true gmin stepping
Note: True gmin stepping completed

Error: measure  f0r  when(WHEN) : out of interval
Error: &f0r: no such variable.
Note: Starting dynamic gmin stepping
Note: Dynamic gmin stepping completed
Note: Starting dynamic gmin stepping
Note: Dynamic gmin stepping completed
Note: Starting dynamic gmin stepping
Note: Dynamic gmin stepping completed

Error: measure  f0r  when(WHEN) : out of interval
Error: &f0r: no such variable.
Note: Starting dynamic gmin stepping
Note: Dynamic gmin stepping completed
Note: Starting dynamic gmin stepping
Note: Dynamic gmin stepping completed
Note: Starting dynamic gmin stepping
Note: Dynamic gmin stepping completed

Error: measure  f0r  when(WHEN) : out of interval
Error: &f0r: no such variable.
Note: Starting dynamic gmin stepping
Note: Dynamic gmin stepping completed
Note: Starting dynamic gmin stepping
Note: Dynamic gmin stepping completed
Note: Starting dynamic gmin stepping
Note: Dynamic gmin stepping completed

Error: measure  f0r  when(WHEN) : out of interval
Error: &f0r: no such variable.
Note: Starting dynamic gmin stepping
Note: Dynamic gmin stepping completed
Note: Starting dynamic gmin stepping
Note: Dynamic gmin stepping completed
Note: Starting dynamic gmin stepping
Note: Dynamic gmin stepping completed

Error: measure  f0r  when(WHEN) : out of interval
Error: &f0r: no such variable.
Note: Starting dynamic gmin stepping
Note: Dynamic gmin stepping completed
Note: Starting dynamic gmin stepping
Note: Dynamic gmin stepping completed
Note: Starting dynamic gmin stepping
Note: Dynamic gmin stepping completed

Error: measure  f0r  when(WHEN) : out of interval
Error: &f0r: no such variable.
Note: Starting dynamic gmin stepping
Note: Dynamic gmin stepping completed
Note: Starting dynamic gmin stepping
Note: Dynamic gmin stepping completed
Note: Starting dynamic gmin stepping
Note: Dynamic gmin stepping completed

Error: measure  f0r  when(WHEN) : out of interval
Error: &f0r: no such variable.
Note: Starting dynamic gmin stepping
Note: Dynamic gmin stepping completed
Note: Starting dynamic gmin stepping
Note: Dynamic gmin stepping completed
Note: Starting dynamic gmin stepping
Note: Dynamic gmin stepping completed

Error: measure  f0r  when(WHEN) : out of interval
Error: &f0r: no such variable.
Note: Starting dynamic gmin stepping
Note: Dynamic gmin stepping completed
Note: Starting dynamic gmin stepping
Note: Dynamic gmin stepping completed
Note: Starting dynamic gmin stepping
Note: Dynamic gmin stepping completed

Error: measure  f0r  when(WHEN) : out of interval
Error: &f0r: no such variable.
Note: Starting dynamic gmin stepping
Note: Dynamic gmin stepping completed
Note: Starting dynamic gmin stepping
Note: Dynamic gmin stepping completed
Note: Starting dynamic gmin stepping
Note: Dynamic gmin stepping completed

Error: measure  f0r  when(WHEN) : out of interval
Error: &f0r: no such variable.
Note: Starting dynamic gmin stepping
Note: Dynamic gmin stepping completed
Note: Starting dynamic gmin stepping
Note: Dynamic gmin stepping completed
Note: Starting dynamic gmin stepping
Note: Dynamic gmin stepping completed

Error: measure  f0r  when(WHEN) : out of interval
Error: &f0r: no such variable.
Note: Starting dynamic gmin stepping
Note: Dynamic gmin stepping completed
Note: Starting dynamic gmin stepping
Note: Dynamic gmin stepping completed
Note: Starting dynamic gmin stepping
Note: Dynamic gmin stepping completed

Error: measure  f0r  when(WHEN) : out of interval
Error: &f0r: no such variable.
Note: Starting dynamic gmin stepping
Note: Dynamic gmin stepping completed
Note: Starting dynamic gmin stepping
Note: Dynamic gmin stepping completed
Note: Starting dynamic gmin stepping
Note: Dynamic gmin stepping completed

Error: measure  f0r  when(WHEN) : out of interval
Error: &f0r: no such variable.
Note: Starting dynamic gmin stepping
Note: Dynamic gmin stepping completed
Note: Starting dynamic gmin stepping
Note: Dynamic gmin stepping completed
Note: Starting dynamic gmin stepping
Note: Dynamic gmin stepping completed

Error: measure  f0r  when(WHEN) : out of interval
Error: &f0r: no such variable.
Note: Starting dynamic gmin stepping
Note: Dynamic gmin stepping completed
Note: Starting dynamic gmin stepping
Note: Dynamic gmin stepping completed
Note: Starting dynamic gmin stepping
Note: Dynamic gmin stepping completed

Error: measure  f0r  when(WHEN) : out of interval
Error: &f0r: no such variable.
Note: Starting dynamic gmin stepping
Note: Dynamic gmin stepping completed
Note: Starting dynamic gmin stepping
Note: Dynamic gmin stepping completed
Note: Starting dynamic gmin stepping
Note: Dynamic gmin stepping completed

Error: measure  f0r  when(WHEN) : out of interval
Error: &f0r: no such variable.
Note: Starting dynamic gmin stepping
Note: Dynamic gmin stepping completed
Note: Starting dynamic gmin stepping
Note: Dynamic gmin stepping completed
Note: Starting dynamic gmin stepping
Note: Dynamic gmin stepping completed

Error: measure  f0r  when(WHEN) : out of interval
Error: &f0r: no such variable.
Note: Starting dynamic gmin stepping
Note: Dynamic gmin stepping completed
Note: Starting dynamic gmin stepping
Note: Dynamic gmin stepping completed
Note: Starting dynamic gmin stepping
Note: Dynamic gmin stepping completed

Error: measure  f0r  when(WHEN) : out of interval
Error: &f0r: no such variable.
Note: Starting dynamic gmin stepping
Note: Dynamic gmin stepping completed
Note: Starting dynamic gmin stepping
Note: Dynamic gmin stepping completed
Note: Starting dynamic gmin stepping
Note: Dynamic gmin stepping completed

Error: measure  f0r  when(WHEN) : out of interval
Error: &f0r: no such variable.
Note: Starting dynamic gmin stepping
Note: Dynamic gmin stepping completed
Note: Starting dynamic gmin stepping
Note: Dynamic gmin stepping completed
Note: Starting dynamic gmin stepping
Note: Dynamic gmin stepping completed

Error: measure  f0r  when(WHEN) : out of interval
Error: &f0r: no such variable.
Note: Starting dynamic gmin stepping
Note: Dynamic gmin stepping completed
Note: Starting dynamic gmin stepping
Note: Dynamic gmin stepping completed
Note: Starting dynamic gmin stepping
Note: Dynamic gmin stepping completed

Error: measure  f0r  when(WHEN) : out of interval
Error: &f0r: no such variable.
Note: Starting dynamic gmin stepping
Note: Dynamic gmin stepping completed
Note: Starting dynamic gmin stepping
Note: Dynamic gmin stepping completed
Note: Starting dynamic gmin stepping
Note: Dynamic gmin stepping completed

Error: measure  f0r  when(WHEN) : out of interval
Error: &f0r: no such variable.
Note: Starting dynamic gmin stepping
Note: Dynamic gmin stepping completed
Note: Starting dynamic gmin stepping
Note: Dynamic gmin stepping completed
Note: Starting dynamic gmin stepping
Note: Dynamic gmin stepping completed

Error: measure  f0r  when(WHEN) : out of interval
Error: &f0r: no such variable.
Note: Starting dynamic gmin stepping
Note: Dynamic gmin stepping completed
Note: Starting dynamic gmin stepping
Note: Dynamic gmin stepping completed
Note: Starting dynamic gmin stepping
Note: Dynamic gmin stepping completed

Error: measure  f0r  when(WHEN) : out of interval
Error: &f0r: no such variable.
Note: Starting dynamic gmin stepping
Note: Dynamic gmin stepping completed
Note: Starting dynamic gmin stepping
Note: Dynamic gmin stepping completed
Note: Starting dynamic gmin stepping
Note: Dynamic gmin stepping completed

Error: measure  f0r  when(WHEN) : out of interval
Error: &f0r: no such variable.
