
Note: Compatibility modes selected: hs a


Circuit: * loop-stability -- tian dual-injection loop-gain testbench for ldo_core (issue #10)

* corner_id=tt_125c_3.63v corner=tt temp_c=125 vin_v=3.63
* ac sweep: dec 400 0.01 1e9 ; Tian dual injection at ERRAMP_OUT->PASS_GATE
* columns: ROW iload_a= ceff_f= esr_ohm= vout_v= dcgain_db= f0_hz= phase_at_f0_deg=
*          f180_hz= gain_at_f180_db= f0_rising_hz= resurgence_db=
* (phase margin = 180 + phase_at_f0_deg ; gain margin = -gain_at_f180_db ;
*  resurgence_db = max |T| in dB above the first 0 dB crossing, DR-0008 ;
*  an empty f180/gain field means the phase never reaches -180 deg in band)
* Fields are written key=value BECAUSE a failed meas leaves its value
* empty: with bare positional fields an empty one vanishes into the
* whitespace and every field after it is read as the wrong quantity.
Doing analysis at TEMP = 125.000000 and TNOM = 27.000000

Using SPARSE 1.3 as Direct Linear Solver

No. of Data Rows : 1
Doing analysis at TEMP = 125.000000 and TNOM = 27.000000

Using SPARSE 1.3 as Direct Linear Solver
 Reference value :  1.00000e-02
No. of Data Rows : 4401
Doing analysis at TEMP = 125.000000 and TNOM = 27.000000

Using SPARSE 1.3 as Direct Linear Solver
 Reference value :  1.03514e-02
No. of Data Rows : 4401
dcg                 =  1.20004e+02
f0                  =  2.09555e+03
phx                 =  -1.61304e+02
f180                =  3.97754e+05
gmx                 =  -6.35639e+01
 meas ac f0r when tdb=0 rise=1 failed!

tres                =  -8.02359e-01 at=  2.20039e+03
ROW iload_a=0 ceff_f=3.3e-07 esr_ohm=0.001 vout_v=1.79895 dcgain_db=120.004 f0_hz=2095.55 phase_at_f0_deg=-161.304 f180_hz=397754 gain_at_f180_db=-63.5639 f0_rising_hz= resurgence_db=-0.802359
Doing analysis at TEMP = 125.000000 and TNOM = 27.000000

Using SPARSE 1.3 as Direct Linear Solver

No. of Data Rows : 1
Doing analysis at TEMP = 125.000000 and TNOM = 27.000000

Using SPARSE 1.3 as Direct Linear Solver
 Reference value :  1.00000e-02
No. of Data Rows : 4401
Doing analysis at TEMP = 125.000000 and TNOM = 27.000000

Using SPARSE 1.3 as Direct Linear Solver
 Reference value :  2.45471e-02
No. of Data Rows : 4401
dcg                 =  1.20004e+02
f0                  =  2.09545e+03
phx                 =  -1.61310e+02
f180                =  4.27036e+05
gmx                 =  -6.47832e+01
 meas ac f0r when tdb=0 rise=1 failed!

tres                =  -8.03258e-01 at=  2.20039e+03
ROW iload_a=0 ceff_f=3.3e-07 esr_ohm=0.05 vout_v=1.79895 dcgain_db=120.004 f0_hz=2095.45 phase_at_f0_deg=-161.31 f180_hz=427036 gain_at_f180_db=-64.7832 f0_rising_hz= resurgence_db=-0.803258
Doing analysis at TEMP = 125.000000 and TNOM = 27.000000

Using SPARSE 1.3 as Direct Linear Solver

No. of Data Rows : 1
Doing analysis at TEMP = 125.000000 and TNOM = 27.000000

Using SPARSE 1.3 as Direct Linear Solver
 Reference value :  1.00000e-02
No. of Data Rows : 4401
Doing analysis at TEMP = 125.000000 and TNOM = 27.000000

Using SPARSE 1.3 as Direct Linear Solver
 Reference value :  1.31826e-02
No. of Data Rows : 4401
dcg                 =  1.20004e+02
f0                  =  2.09545e+03
phx                 =  -1.61273e+02
f180                =  5.86781e+05
gmx                 =  -7.00706e+01
 meas ac f0r when tdb=0 rise=1 failed!

tres                =  -8.03256e-01 at=  2.20039e+03
ROW iload_a=0 ceff_f=3.3e-07 esr_ohm=0.2 vout_v=1.79895 dcgain_db=120.004 f0_hz=2095.45 phase_at_f0_deg=-161.273 f180_hz=586781 gain_at_f180_db=-70.0706 f0_rising_hz= resurgence_db=-0.803256
Doing analysis at TEMP = 125.000000 and TNOM = 27.000000

Using SPARSE 1.3 as Direct Linear Solver
 Reference value :  0.00000e+00
No. of Data Rows : 1
Doing analysis at TEMP = 125.000000 and TNOM = 27.000000

Using SPARSE 1.3 as Direct Linear Solver
 Reference value :  3.19890e+08
No. of Data Rows : 4401
Doing analysis at TEMP = 125.000000 and TNOM = 27.000000

Using SPARSE 1.3 as Direct Linear Solver
 Reference value :  3.29230e+08
No. of Data Rows : 4401
dcg                 =  1.20004e+02
f0                  =  2.09545e+03
phx                 =  -1.61198e+02
f180                =  7.98424e+06
gmx                 =  -7.82727e+01
 meas ac f0r when tdb=0 rise=1 failed!

tres                =  -8.03241e-01 at=  2.20039e+03
ROW iload_a=0 ceff_f=3.3e-07 esr_ohm=0.5 vout_v=1.79895 dcgain_db=120.004 f0_hz=2095.45 phase_at_f0_deg=-161.198 f180_hz=7.98424E+06 gain_at_f180_db=-78.2727 f0_rising_hz= resurgence_db=-0.803241
Doing analysis at TEMP = 125.000000 and TNOM = 27.000000

Using SPARSE 1.3 as Direct Linear Solver

No. of Data Rows : 1
Doing analysis at TEMP = 125.000000 and TNOM = 27.000000

Using SPARSE 1.3 as Direct Linear Solver
 Reference value :  3.50752e+02
No. of Data Rows : 4401
Doing analysis at TEMP = 125.000000 and TNOM = 27.000000

Using SPARSE 1.3 as Direct Linear Solver
 Reference value :  1.31826e+03
No. of Data Rows : 4401
dcg                 =  1.19996e+02
f0                  =  1.18204e+03
phx                 =  -1.68988e+02
f180                =  3.91985e+05
gmx                 =  -7.29832e+01
 meas ac f0r when tdb=0 rise=1 failed!

tres                =  -8.78123e-01 at=  1.24451e+03
ROW iload_a=0 ceff_f=1e-06 esr_ohm=0.001 vout_v=1.79895 dcgain_db=119.996 f0_hz=1182.04 phase_at_f0_deg=-168.988 f180_hz=391985 gain_at_f180_db=-72.9832 f0_rising_hz= resurgence_db=-0.878123
Doing analysis at TEMP = 125.000000 and TNOM = 27.000000

Using SPARSE 1.3 as Direct Linear Solver

No. of Data Rows : 1
Doing analysis at TEMP = 125.000000 and TNOM = 27.000000

Using SPARSE 1.3 as Direct Linear Solver
 Reference value :  1.00000e-02
No. of Data Rows : 4401
Doing analysis at TEMP = 125.000000 and TNOM = 27.000000

Using SPARSE 1.3 as Direct Linear Solver
 Reference value :  1.00000e-02
No. of Data Rows : 4401
dcg                 =  1.19996e+02
f0                  =  1.18202e+03
phx                 =  -1.68978e+02
f180                =  5.07450e+05
gmx                 =  -7.74254e+01
 meas ac f0r when tdb=0 rise=1 failed!

tres                =  -8.78432e-01 at=  1.24451e+03
ROW iload_a=0 ceff_f=1e-06 esr_ohm=0.05 vout_v=1.79895 dcgain_db=119.996 f0_hz=1182.02 phase_at_f0_deg=-168.978 f180_hz=507450 gain_at_f180_db=-77.4254 f0_rising_hz= resurgence_db=-0.878432
Doing analysis at TEMP = 125.000000 and TNOM = 27.000000

Using SPARSE 1.3 as Direct Linear Solver
 Reference value :  0.00000e+00
No. of Data Rows : 1
Doing analysis at TEMP = 125.000000 and TNOM = 27.000000

Using SPARSE 1.3 as Direct Linear Solver
 Reference value :  3.25462e+08
No. of Data Rows : 4401
Doing analysis at TEMP = 125.000000 and TNOM = 27.000000

Using SPARSE 1.3 as Direct Linear Solver
 Reference value :  1.36458e+08
No. of Data Rows : 4401
dcg                 =  1.19996e+02
f0                  =  1.18202e+03
phx                 =  -1.68914e+02
f180                =  8.07114e+06
gmx                 =  -7.81480e+01
 meas ac f0r when tdb=0 rise=1 failed!

tres                =  -8.78424e-01 at=  1.24451e+03
ROW iload_a=0 ceff_f=1e-06 esr_ohm=0.2 vout_v=1.79895 dcgain_db=119.996 f0_hz=1182.02 phase_at_f0_deg=-168.914 f180_hz=8.07114E+06 gain_at_f180_db=-78.148 f0_rising_hz= resurgence_db=-0.878424
Doing analysis at TEMP = 125.000000 and TNOM = 27.000000

Using SPARSE 1.3 as Direct Linear Solver

No. of Data Rows : 1
Doing analysis at TEMP = 125.000000 and TNOM = 27.000000

Using SPARSE 1.3 as Direct Linear Solver
 Reference value :  2.72270e+01
No. of Data Rows : 4401
Doing analysis at TEMP = 125.000000 and TNOM = 27.000000

Using SPARSE 1.3 as Direct Linear Solver
 Reference value :  2.22587e+03
No. of Data Rows : 4401
dcg                 =  1.19996e+02
f0                  =  1.18202e+03
phx                 =  -1.68786e+02
f180                =  7.97242e+06
gmx                 =  -7.82504e+01
 meas ac f0r when tdb=0 rise=1 failed!

tres                =  -8.78372e-01 at=  1.24451e+03
ROW iload_a=0 ceff_f=1e-06 esr_ohm=0.5 vout_v=1.79895 dcgain_db=119.996 f0_hz=1182.02 phase_at_f0_deg=-168.786 f180_hz=7.97242E+06 gain_at_f180_db=-78.2504 f0_rising_hz= resurgence_db=-0.878372
Doing analysis at TEMP = 125.000000 and TNOM = 27.000000

Using SPARSE 1.3 as Direct Linear Solver

No. of Data Rows : 1
Doing analysis at TEMP = 125.000000 and TNOM = 27.000000

Using SPARSE 1.3 as Direct Linear Solver
 Reference value :  2.37137e-02
No. of Data Rows : 4401
Doing analysis at TEMP = 125.000000 and TNOM = 27.000000

Using SPARSE 1.3 as Direct Linear Solver
 Reference value :  2.16272e-02
No. of Data Rows : 4401
dcg                 =  1.19809e+02
f0                  =  5.41383e+02
phx                 =  -1.74384e+02
f180                =  3.62714e+05
gmx                 =  -8.52271e+01
 meas ac f0r when tdb=0 rise=1 failed!

tres                =  -8.56398e-01 at=  5.68853e+02
ROW iload_a=0 ceff_f=4.7e-06 esr_ohm=0.001 vout_v=1.79895 dcgain_db=119.809 f0_hz=541.383 phase_at_f0_deg=-174.384 f180_hz=362714 gain_at_f180_db=-85.2271 f0_rising_hz= resurgence_db=-0.856398
Doing analysis at TEMP = 125.000000 and TNOM = 27.000000

Using SPARSE 1.3 as Direct Linear Solver
 Reference value :  0.00000e+00
No. of Data Rows : 1
Doing analysis at TEMP = 125.000000 and TNOM = 27.000000

Using SPARSE 1.3 as Direct Linear Solver

No. of Data Rows : 4401
Doing analysis at TEMP = 125.000000 and TNOM = 27.000000

Using SPARSE 1.3 as Direct Linear Solver
 Reference value :  1.00000e-02
No. of Data Rows : 4401
dcg                 =  1.19809e+02
f0                  =  5.41381e+02
phx                 =  -1.74344e+02
f180                =  8.11389e+06
gmx                 =  -7.80896e+01
 meas ac f0r when tdb=0 rise=1 failed!

tres                =  -8.56461e-01 at=  5.68853e+02
ROW iload_a=0 ceff_f=4.7e-06 esr_ohm=0.05 vout_v=1.79895 dcgain_db=119.809 f0_hz=541.381 phase_at_f0_deg=-174.344 f180_hz=8.11389E+06 gain_at_f180_db=-78.0896 f0_rising_hz= resurgence_db=-0.856461
Doing analysis at TEMP = 125.000000 and TNOM = 27.000000

Using SPARSE 1.3 as Direct Linear Solver
 Reference value :  0.00000e+00
No. of Data Rows : 1
Doing analysis at TEMP = 125.000000 and TNOM = 27.000000

Using SPARSE 1.3 as Direct Linear Solver

No. of Data Rows : 4401
Doing analysis at TEMP = 125.000000 and TNOM = 27.000000

Using SPARSE 1.3 as Direct Linear Solver
 Reference value :  1.00000e-02
No. of Data Rows : 4401
dcg                 =  1.19809e+02
f0                  =  5.41382e+02
phx                 =  -1.74207e+02
f180                =  8.06668e+06
gmx                 =  -7.81397e+01
 meas ac f0r when tdb=0 rise=1 failed!

tres                =  -8.56417e-01 at=  5.68853e+02
ROW iload_a=0 ceff_f=4.7e-06 esr_ohm=0.2 vout_v=1.79895 dcgain_db=119.809 f0_hz=541.382 phase_at_f0_deg=-174.207 f180_hz=8.06668E+06 gain_at_f180_db=-78.1397 f0_rising_hz= resurgence_db=-0.856417
Doing analysis at TEMP = 125.000000 and TNOM = 27.000000

Using SPARSE 1.3 as Direct Linear Solver

No. of Data Rows : 1
Doing analysis at TEMP = 125.000000 and TNOM = 27.000000

Using SPARSE 1.3 as Direct Linear Solver
 Reference value :  1.00000e-02
No. of Data Rows : 4401
Doing analysis at TEMP = 125.000000 and TNOM = 27.000000

Using SPARSE 1.3 as Direct Linear Solver
 Reference value :  1.47911e-02
No. of Data Rows : 4401
dcg                 =  1.19809e+02
f0                  =  5.41389e+02
phx                 =  -1.73932e+02
f180                =  7.96784e+06
gmx                 =  -7.82418e+01
 meas ac f0r when tdb=0 rise=1 failed!

tres                =  -8.56163e-01 at=  5.68853e+02
ROW iload_a=0 ceff_f=4.7e-06 esr_ohm=0.5 vout_v=1.79895 dcgain_db=119.809 f0_hz=541.389 phase_at_f0_deg=-173.932 f180_hz=7.96784E+06 gain_at_f180_db=-78.2417 f0_rising_hz= resurgence_db=-0.856163
Doing analysis at TEMP = 125.000000 and TNOM = 27.000000

Using SPARSE 1.3 as Direct Linear Solver

No. of Data Rows : 1
Doing analysis at TEMP = 125.000000 and TNOM = 27.000000

Using SPARSE 1.3 as Direct Linear Solver
 Reference value :  1.00000e-02
No. of Data Rows : 4401
Doing analysis at TEMP = 125.000000 and TNOM = 27.000000

Using SPARSE 1.3 as Direct Linear Solver
 Reference value :  2.30409e+08
No. of Data Rows : 4401
dcg                 =  1.37032e+02
f0                  =  7.01216e+04
phx                 =  -1.15010e+02
f180                =  4.81190e+05
gmx                 =  -2.57238e+01
 meas ac f0r when tdb=0 rise=1 failed!

tres                =  -4.60752e-01 at=  7.37055e+04
ROW iload_a=0.0001 ceff_f=3.3e-07 esr_ohm=0.001 vout_v=1.79895 dcgain_db=137.032 f0_hz=70121.6 phase_at_f0_deg=-115.01 f180_hz=481190 gain_at_f180_db=-25.7238 f0_rising_hz= resurgence_db=-0.460752
Doing analysis at TEMP = 125.000000 and TNOM = 27.000000

Using SPARSE 1.3 as Direct Linear Solver

No. of Data Rows : 1
Doing analysis at TEMP = 125.000000 and TNOM = 27.000000

Using SPARSE 1.3 as Direct Linear Solver

No. of Data Rows : 4401
Doing analysis at TEMP = 125.000000 and TNOM = 27.000000

Using SPARSE 1.3 as Direct Linear Solver
 Reference value :  1.00000e-02
No. of Data Rows : 4401
dcg                 =  1.37032e+02
f0                  =  7.01232e+04
phx                 =  -1.14602e+02
f180                =  5.24103e+05
gmx                 =  -2.71549e+01
 meas ac f0r when tdb=0 rise=1 failed!

tres                =  -4.60511e-01 at=  7.37055e+04
ROW iload_a=0.0001 ceff_f=3.3e-07 esr_ohm=0.05 vout_v=1.79895 dcgain_db=137.032 f0_hz=70123.2 phase_at_f0_deg=-114.603 f180_hz=524103 gain_at_f180_db=-27.1549 f0_rising_hz= resurgence_db=-0.460511
Doing analysis at TEMP = 125.000000 and TNOM = 27.000000

Using SPARSE 1.3 as Direct Linear Solver

No. of Data Rows : 1
Doing analysis at TEMP = 125.000000 and TNOM = 27.000000

Using SPARSE 1.3 as Direct Linear Solver
 Reference value :  2.25165e+01
No. of Data Rows : 4401
Doing analysis at TEMP = 125.000000 and TNOM = 27.000000

Using SPARSE 1.3 as Direct Linear Solver

No. of Data Rows : 4401
dcg                 =  1.37032e+02
f0                  =  7.01493e+04
phx                 =  -1.13361e+02
f180                =  7.73370e+05
gmx                 =  -3.34991e+01
 meas ac f0r when tdb=0 rise=1 failed!

tres                =  -4.56748e-01 at=  7.37055e+04
ROW iload_a=0.0001 ceff_f=3.3e-07 esr_ohm=0.2 vout_v=1.79895 dcgain_db=137.032 f0_hz=70149.3 phase_at_f0_deg=-113.361 f180_hz=773370 gain_at_f180_db=-33.4991 f0_rising_hz= resurgence_db=-0.456748
Doing analysis at TEMP = 125.000000 and TNOM = 27.000000

Using SPARSE 1.3 as Direct Linear Solver
 Reference value :  0.00000e+00
No. of Data Rows : 1
Doing analysis at TEMP = 125.000000 and TNOM = 27.000000

Using SPARSE 1.3 as Direct Linear Solver

No. of Data Rows : 4401
Doing analysis at TEMP = 125.000000 and TNOM = 27.000000

Using SPARSE 1.3 as Direct Linear Solver
 Reference value :  1.04713e+02
No. of Data Rows : 4401
dcg                 =  1.37032e+02
f0                  =  7.02969e+04
phx                 =  -1.10906e+02
f180                =  1.86939e+06
gmx                 =  -4.39390e+01
 meas ac f0r when tdb=0 rise=1 failed!

tres                =  -4.89090e-01 at=  7.41310e+04
ROW iload_a=0.0001 ceff_f=3.3e-07 esr_ohm=0.5 vout_v=1.79895 dcgain_db=137.032 f0_hz=70296.9 phase_at_f0_deg=-110.906 f180_hz=1.86939E+06 gain_at_f180_db=-43.939 f0_rising_hz= resurgence_db=-0.48909
Doing analysis at TEMP = 125.000000 and TNOM = 27.000000

Using SPARSE 1.3 as Direct Linear Solver

No. of Data Rows : 1
Doing analysis at TEMP = 125.000000 and TNOM = 27.000000

Using SPARSE 1.3 as Direct Linear Solver
 Reference value :  9.66051e+05
No. of Data Rows : 4401
Doing analysis at TEMP = 125.000000 and TNOM = 27.000000

Using SPARSE 1.3 as Direct Linear Solver

No. of Data Rows : 4401
dcg                 =  1.37032e+02
f0                  =  2.21565e+04
phx                 =  -1.10303e+02
f180                =  4.82691e+05
gmx                 =  -3.54065e+01
 meas ac f0r when tdb=0 rise=1 failed!

tres                =  -4.41599e-01 at=  2.33077e+04
ROW iload_a=0.0001 ceff_f=1e-06 esr_ohm=0.001 vout_v=1.79895 dcgain_db=137.032 f0_hz=22156.5 phase_at_f0_deg=-110.303 f180_hz=482691 gain_at_f180_db=-35.4066 f0_rising_hz= resurgence_db=-0.441599
Doing analysis at TEMP = 125.000000 and TNOM = 27.000000

Using SPARSE 1.3 as Direct Linear Solver

No. of Data Rows : 1
Doing analysis at TEMP = 125.000000 and TNOM = 27.000000

Using SPARSE 1.3 as Direct Linear Solver
 Reference value :  1.00000e-02
No. of Data Rows : 4401
Doing analysis at TEMP = 125.000000 and TNOM = 27.000000

Using SPARSE 1.3 as Direct Linear Solver
 Reference value :  1.00000e-02
No. of Data Rows : 4401
dcg                 =  1.37032e+02
f0                  =  2.21570e+04
phx                 =  -1.09911e+02
f180                =  6.62824e+05
gmx                 =  -4.06592e+01
 meas ac f0r when tdb=0 rise=1 failed!

tres                =  -4.41379e-01 at=  2.33077e+04
ROW iload_a=0.0001 ceff_f=1e-06 esr_ohm=0.05 vout_v=1.79895 dcgain_db=137.032 f0_hz=22157 phase_at_f0_deg=-109.912 f180_hz=662824 gain_at_f180_db=-40.6592 f0_rising_hz= resurgence_db=-0.441379
Doing analysis at TEMP = 125.000000 and TNOM = 27.000000

Using SPARSE 1.3 as Direct Linear Solver

No. of Data Rows : 1
Doing analysis at TEMP = 125.000000 and TNOM = 27.000000

Using SPARSE 1.3 as Direct Linear Solver
 Reference value :  1.00000e-02
No. of Data Rows : 4401
Doing analysis at TEMP = 125.000000 and TNOM = 27.000000

Using SPARSE 1.3 as Direct Linear Solver
 Reference value :  1.19536e-02
No. of Data Rows : 4401
dcg                 =  1.37032e+02
f0                  =  2.21648e+04
phx                 =  -1.08710e+02
f180                =  2.08065e+06
gmx                 =  -5.37013e+01
 meas ac f0r when tdb=0 rise=1 failed!

tres                =  -4.37927e-01 at=  2.33077e+04
ROW iload_a=0.0001 ceff_f=1e-06 esr_ohm=0.2 vout_v=1.79895 dcgain_db=137.032 f0_hz=22164.9 phase_at_f0_deg=-108.71 f180_hz=2.08065E+06 gain_at_f180_db=-53.7013 f0_rising_hz= resurgence_db=-0.437927
Doing analysis at TEMP = 125.000000 and TNOM = 27.000000

Using SPARSE 1.3 as Direct Linear Solver

No. of Data Rows : 1
Doing analysis at TEMP = 125.000000 and TNOM = 27.000000

Using SPARSE 1.3 as Direct Linear Solver
 Reference value :  1.00000e-02
No. of Data Rows : 4401
Doing analysis at TEMP = 125.000000 and TNOM = 27.000000

Using SPARSE 1.3 as Direct Linear Solver
 Reference value :  1.32587e-01
No. of Data Rows : 4401
dcg                 =  1.37032e+02
f0                  =  2.22095e+04
phx                 =  -1.06287e+02
f180                =  2.50096e+06
gmx                 =  -4.87016e+01
 meas ac f0r when tdb=0 rise=1 failed!

tres                =  -4.68024e-01 at=  2.34423e+04
ROW iload_a=0.0001 ceff_f=1e-06 esr_ohm=0.5 vout_v=1.79895 dcgain_db=137.032 f0_hz=22209.5 phase_at_f0_deg=-106.287 f180_hz=2.50096E+06 gain_at_f180_db=-48.7016 f0_rising_hz= resurgence_db=-0.468024
Doing analysis at TEMP = 125.000000 and TNOM = 27.000000

Using SPARSE 1.3 as Direct Linear Solver

No. of Data Rows : 1
Doing analysis at TEMP = 125.000000 and TNOM = 27.000000

Using SPARSE 1.3 as Direct Linear Solver
 Reference value :  1.00000e-02
No. of Data Rows : 4401
Doing analysis at TEMP = 125.000000 and TNOM = 27.000000

Using SPARSE 1.3 as Direct Linear Solver
 Reference value :  1.07771e-02
No. of Data Rows : 4401
dcg                 =  1.37032e+02
f0                  =  6.54868e+03
phx                 =  -1.39889e+02
f180                =  4.91311e+05
gmx                 =  -4.91513e+01
 meas ac f0r when tdb=0 rise=1 failed!

tres                =  -6.68405e-01 at=  6.87860e+03
ROW iload_a=0.0001 ceff_f=4.7e-06 esr_ohm=0.001 vout_v=1.79895 dcgain_db=137.032 f0_hz=6548.68 phase_at_f0_deg=-139.889 f180_hz=491311 gain_at_f180_db=-49.1513 f0_rising_hz= resurgence_db=-0.668405
Doing analysis at TEMP = 125.000000 and TNOM = 27.000000

Using SPARSE 1.3 as Direct Linear Solver

No. of Data Rows : 1
Doing analysis at TEMP = 125.000000 and TNOM = 27.000000

Using SPARSE 1.3 as Direct Linear Solver
 Reference value :  1.00000e-02
No. of Data Rows : 4401
Doing analysis at TEMP = 125.000000 and TNOM = 27.000000

Using SPARSE 1.3 as Direct Linear Solver
 Reference value :  1.43714e-02
No. of Data Rows : 4401
dcg                 =  1.37032e+02
f0                  =  6.54886e+03
phx                 =  -1.39346e+02
f180                =  2.50139e+06
gmx                 =  -6.86496e+01
 meas ac f0r when tdb=0 rise=1 failed!

tres                =  -6.67970e-01 at=  6.87860e+03
ROW iload_a=0.0001 ceff_f=4.7e-06 esr_ohm=0.05 vout_v=1.79895 dcgain_db=137.032 f0_hz=6548.86 phase_at_f0_deg=-139.346 f180_hz=2.50139E+06 gain_at_f180_db=-68.6496 f0_rising_hz= resurgence_db=-0.66797
Doing analysis at TEMP = 125.000000 and TNOM = 27.000000

Using SPARSE 1.3 as Direct Linear Solver
 Reference value :  0.00000e+00
No. of Data Rows : 1
Doing analysis at TEMP = 125.000000 and TNOM = 27.000000

Using SPARSE 1.3 as Direct Linear Solver

No. of Data Rows : 4401
Doing analysis at TEMP = 125.000000 and TNOM = 27.000000

Using SPARSE 1.3 as Direct Linear Solver
 Reference value :  1.00000e-02
No. of Data Rows : 4401
dcg                 =  1.37032e+02
f0                  =  6.55176e+03
phx                 =  -1.37671e+02
f180                =  2.68771e+06
gmx                 =  -5.77440e+01
 meas ac f0r when tdb=0 rise=1 failed!

tres                =  -7.38771e-01 at=  6.91831e+03
ROW iload_a=0.0001 ceff_f=4.7e-06 esr_ohm=0.2 vout_v=1.79895 dcgain_db=137.032 f0_hz=6551.76 phase_at_f0_deg=-137.671 f180_hz=2.68771E+06 gain_at_f180_db=-57.744 f0_rising_hz= resurgence_db=-0.738771
Doing analysis at TEMP = 125.000000 and TNOM = 27.000000

Using SPARSE 1.3 as Direct Linear Solver
 Reference value :  0.00000e+00
No. of Data Rows : 1
Doing analysis at TEMP = 125.000000 and TNOM = 27.000000

Using SPARSE 1.3 as Direct Linear Solver
 Reference value :  4.24131e+08
No. of Data Rows : 4401
Doing analysis at TEMP = 125.000000 and TNOM = 27.000000

Using SPARSE 1.3 as Direct Linear Solver
 Reference value :  3.21736e+08
No. of Data Rows : 4401
dcg                 =  1.37032e+02
f0                  =  6.56804e+03
phx                 =  -1.34277e+02
f180                =  2.70498e+06
gmx                 =  -4.98918e+01
 meas ac f0r when tdb=0 rise=1 failed!

tres                =  -7.01010e-01 at=  6.91831e+03
ROW iload_a=0.0001 ceff_f=4.7e-06 esr_ohm=0.5 vout_v=1.79895 dcgain_db=137.032 f0_hz=6568.04 phase_at_f0_deg=-134.277 f180_hz=2.70498E+06 gain_at_f180_db=-49.8918 f0_rising_hz= resurgence_db=-0.70101
Doing analysis at TEMP = 125.000000 and TNOM = 27.000000

Using SPARSE 1.3 as Direct Linear Solver

No. of Data Rows : 1
Doing analysis at TEMP = 125.000000 and TNOM = 27.000000

Using SPARSE 1.3 as Direct Linear Solver
 Reference value :  1.00000e-02
No. of Data Rows : 4401
Doing analysis at TEMP = 125.000000 and TNOM = 27.000000

Using SPARSE 1.3 as Direct Linear Solver
 Reference value :  1.00000e-02
No. of Data Rows : 4401
dcg                 =  1.38462e+02
f0                  =  2.18542e+05
phx                 =  -1.27907e+02
f180                =  7.11857e+05
gmx                 =  -1.52330e+01
 meas ac f0r when tdb=0 rise=1 failed!

tres                =  -5.53035e-01 at=  2.30409e+05
ROW iload_a=0.001 ceff_f=3.3e-07 esr_ohm=0.001 vout_v=1.79895 dcgain_db=138.462 f0_hz=218542 phase_at_f0_deg=-127.907 f180_hz=711857 gain_at_f180_db=-15.233 f0_rising_hz= resurgence_db=-0.553035
Doing analysis at TEMP = 125.000000 and TNOM = 27.000000

Using SPARSE 1.3 as Direct Linear Solver
 Reference value :  0.00000e+00
No. of Data Rows : 1
Doing analysis at TEMP = 125.000000 and TNOM = 27.000000

Using SPARSE 1.3 as Direct Linear Solver
 Reference value :  1.94984e+06
No. of Data Rows : 4401
Doing analysis at TEMP = 125.000000 and TNOM = 27.000000

Using SPARSE 1.3 as Direct Linear Solver
 Reference value :  3.36899e+03
No. of Data Rows : 4401
dcg                 =  1.38462e+02
f0                  =  2.18588e+05
phx                 =  -1.26641e+02
f180                =  7.71059e+05
gmx                 =  -1.64839e+01
 meas ac f0r when tdb=0 rise=1 failed!

tres                =  -5.50639e-01 at=  2.30409e+05
ROW iload_a=0.001 ceff_f=3.3e-07 esr_ohm=0.05 vout_v=1.79895 dcgain_db=138.462 f0_hz=218587 phase_at_f0_deg=-126.641 f180_hz=771059 gain_at_f180_db=-16.4839 f0_rising_hz= resurgence_db=-0.550639
Doing analysis at TEMP = 125.000000 and TNOM = 27.000000

Using SPARSE 1.3 as Direct Linear Solver

No. of Data Rows : 1
Doing analysis at TEMP = 125.000000 and TNOM = 27.000000

Using SPARSE 1.3 as Direct Linear Solver
 Reference value :  1.00000e-02
No. of Data Rows : 4401
Doing analysis at TEMP = 125.000000 and TNOM = 27.000000

Using SPARSE 1.3 as Direct Linear Solver
 Reference value :  1.00000e-02
No. of Data Rows : 4401
dcg                 =  1.38462e+02
f0                  =  2.19290e+05
phx                 =  -1.22842e+02
f180                =  1.06205e+06
gmx                 =  -2.11922e+01
 meas ac f0r when tdb=0 rise=1 failed!

tres                =  -5.13892e-01 at=  2.30409e+05
ROW iload_a=0.001 ceff_f=3.3e-07 esr_ohm=0.2 vout_v=1.79895 dcgain_db=138.462 f0_hz=219290 phase_at_f0_deg=-122.842 f180_hz=1.06205E+06 gain_at_f180_db=-21.1922 f0_rising_hz= resurgence_db=-0.513892
Doing analysis at TEMP = 125.000000 and TNOM = 27.000000

Using SPARSE 1.3 as Direct Linear Solver
 Reference value :  0.00000e+00
No. of Data Rows : 1
Doing analysis at TEMP = 125.000000 and TNOM = 27.000000

Using SPARSE 1.3 as Direct Linear Solver
 Reference value :  1.30317e+06
No. of Data Rows : 4401
Doing analysis at TEMP = 125.000000 and TNOM = 27.000000

Using SPARSE 1.3 as Direct Linear Solver
 Reference value :  5.27837e+02
No. of Data Rows : 4401
dcg                 =  1.38462e+02
f0                  =  2.30150e+05
phx                 =  -1.13529e+02
f180                =  1.83712e+06
gmx                 =  -2.52947e+01
 meas ac f0r when tdb=0 rise=1 failed!

tres                =  -5.18023e-01 at=  2.42661e+05
ROW iload_a=0.001 ceff_f=3.3e-07 esr_ohm=0.5 vout_v=1.79895 dcgain_db=138.462 f0_hz=230150 phase_at_f0_deg=-113.529 f180_hz=1.83712E+06 gain_at_f180_db=-25.2947 f0_rising_hz= resurgence_db=-0.518023
Doing analysis at TEMP = 125.000000 and TNOM = 27.000000

Using SPARSE 1.3 as Direct Linear Solver

No. of Data Rows : 1
Doing analysis at TEMP = 125.000000 and TNOM = 27.000000

Using SPARSE 1.3 as Direct Linear Solver
 Reference value :  1.00000e-02
No. of Data Rows : 4401
Doing analysis at TEMP = 125.000000 and TNOM = 27.000000

Using SPARSE 1.3 as Direct Linear Solver
 Reference value :  1.00000e-02
No. of Data Rows : 4401
dcg                 =  1.38462e+02
f0                  =  7.67521e+04
phx                 =  -1.10046e+02
f180                =  7.14035e+05
gmx                 =  -2.49102e+01
 meas ac f0r when tdb=0 rise=1 failed!

tres                =  -4.37264e-01 at=  8.08165e+04
ROW iload_a=0.001 ceff_f=1e-06 esr_ohm=0.001 vout_v=1.79895 dcgain_db=138.462 f0_hz=76752.1 phase_at_f0_deg=-110.046 f180_hz=714035 gain_at_f180_db=-24.9102 f0_rising_hz= resurgence_db=-0.437264
Doing analysis at TEMP = 125.000000 and TNOM = 27.000000

Using SPARSE 1.3 as Direct Linear Solver
 Reference value :  0.00000e+00
No. of Data Rows : 1
Doing analysis at TEMP = 125.000000 and TNOM = 27.000000

Using SPARSE 1.3 as Direct Linear Solver
 Reference value :  6.99842e+06
No. of Data Rows : 4401
Doing analysis at TEMP = 125.000000 and TNOM = 27.000000

Using SPARSE 1.3 as Direct Linear Solver
 Reference value :  5.21795e+03
No. of Data Rows : 4401
dcg                 =  1.38462e+02
f0                  =  7.67742e+04
phx                 =  -1.08693e+02
f180                =  9.45303e+05
gmx                 =  -2.91813e+01
 meas ac f0r when tdb=0 rise=1 failed!

tres                =  -4.34563e-01 at=  8.08165e+04
ROW iload_a=0.001 ceff_f=1e-06 esr_ohm=0.05 vout_v=1.79895 dcgain_db=138.462 f0_hz=76774.2 phase_at_f0_deg=-108.692 f180_hz=945303 gain_at_f180_db=-29.1813 f0_rising_hz= resurgence_db=-0.434563
Doing analysis at TEMP = 125.000000 and TNOM = 27.000000

Using SPARSE 1.3 as Direct Linear Solver

No. of Data Rows : 1
Doing analysis at TEMP = 125.000000 and TNOM = 27.000000

Using SPARSE 1.3 as Direct Linear Solver
 Reference value :  1.00000e-02
No. of Data Rows : 4401
Doing analysis at TEMP = 125.000000 and TNOM = 27.000000

Using SPARSE 1.3 as Direct Linear Solver
 Reference value :  1.00000e-02
No. of Data Rows : 4401
dcg                 =  1.38462e+02
f0                  =  7.71179e+04
phx                 =  -1.04553e+02
f180                =  1.97644e+06
gmx                 =  -3.53289e+01
 meas ac f0r when tdb=0 rise=1 failed!

tres                =  -4.41474e-01 at=  8.12831e+04
ROW iload_a=0.001 ceff_f=1e-06 esr_ohm=0.2 vout_v=1.79895 dcgain_db=138.462 f0_hz=77117.9 phase_at_f0_deg=-104.554 f180_hz=1.97644E+06 gain_at_f180_db=-35.3289 f0_rising_hz= resurgence_db=-0.441474
Doing analysis at TEMP = 125.000000 and TNOM = 27.000000

Using SPARSE 1.3 as Direct Linear Solver
 Reference value :  0.00000e+00
No. of Data Rows : 1
Doing analysis at TEMP = 125.000000 and TNOM = 27.000000

Using SPARSE 1.3 as Direct Linear Solver
 Reference value :  3.18053e+06
No. of Data Rows : 4401
Doing analysis at TEMP = 125.000000 and TNOM = 27.000000

Using SPARSE 1.3 as Direct Linear Solver
 Reference value :  2.91743e+04
No. of Data Rows : 4401
dcg                 =  1.38462e+02
f0                  =  8.02773e+04
phx                 =  -9.48417e+01
f180                =  2.35852e+06
gmx                 =  -2.98699e+01
 meas ac f0r when tdb=0 rise=1 failed!

tres                =  -4.15975e-01 at=  8.46253e+04
ROW iload_a=0.001 ceff_f=1e-06 esr_ohm=0.5 vout_v=1.79895 dcgain_db=138.462 f0_hz=80277.3 phase_at_f0_deg=-94.8417 f180_hz=2.35852E+06 gain_at_f180_db=-29.8699 f0_rising_hz= resurgence_db=-0.415975
Doing analysis at TEMP = 125.000000 and TNOM = 27.000000

Using SPARSE 1.3 as Direct Linear Solver

No. of Data Rows : 1
Doing analysis at TEMP = 125.000000 and TNOM = 27.000000

Using SPARSE 1.3 as Direct Linear Solver
 Reference value :  1.00000e-02
No. of Data Rows : 4401
Doing analysis at TEMP = 125.000000 and TNOM = 27.000000

Using SPARSE 1.3 as Direct Linear Solver
 Reference value :  1.00000e-02
No. of Data Rows : 4401
dcg                 =  1.38462e+02
f0                  =  1.91994e+04
phx                 =  -1.33333e+02
f180                =  7.26653e+05
gmx                 =  -3.86311e+01
 meas ac f0r when tdb=0 rise=1 failed!

tres                =  -6.22183e-01 at=  2.01837e+04
ROW iload_a=0.001 ceff_f=4.7e-06 esr_ohm=0.001 vout_v=1.79895 dcgain_db=138.462 f0_hz=19199.4 phase_at_f0_deg=-133.333 f180_hz=726652 gain_at_f180_db=-38.6311 f0_rising_hz= resurgence_db=-0.622183
Doing analysis at TEMP = 125.000000 and TNOM = 27.000000

Using SPARSE 1.3 as Direct Linear Solver
 Reference value :  0.00000e+00
No. of Data Rows : 1
Doing analysis at TEMP = 125.000000 and TNOM = 27.000000

Using SPARSE 1.3 as Direct Linear Solver
 Reference value :  9.71628e+06
No. of Data Rows : 4401
Doing analysis at TEMP = 125.000000 and TNOM = 27.000000

Using SPARSE 1.3 as Direct Linear Solver
 Reference value :  2.70707e+04
No. of Data Rows : 4401
dcg                 =  1.38462e+02
f0                  =  1.92046e+04
phx                 =  -1.31733e+02
f180                =  2.08901e+06
gmx                 =  -4.83549e+01
 meas ac f0r when tdb=0 rise=1 failed!

tres                =  -6.18428e-01 at=  2.01837e+04
ROW iload_a=0.001 ceff_f=4.7e-06 esr_ohm=0.05 vout_v=1.79895 dcgain_db=138.462 f0_hz=19204.6 phase_at_f0_deg=-131.733 f180_hz=2.08901E+06 gain_at_f180_db=-48.3549 f0_rising_hz= resurgence_db=-0.618428
Doing analysis at TEMP = 125.000000 and TNOM = 27.000000

Using SPARSE 1.3 as Direct Linear Solver

No. of Data Rows : 1
Doing analysis at TEMP = 125.000000 and TNOM = 27.000000

Using SPARSE 1.3 as Direct Linear Solver
 Reference value :  1.00000e-02
No. of Data Rows : 4401
Doing analysis at TEMP = 125.000000 and TNOM = 27.000000

Using SPARSE 1.3 as Direct Linear Solver
 Reference value :  1.00000e-02
No. of Data Rows : 4401
dcg                 =  1.38462e+02
f0                  =  1.92844e+04
phx                 =  -1.26734e+02
f180                =  2.46097e+06
gmx                 =  -3.91031e+01
 meas ac f0r when tdb=0 rise=1 failed!

tres                =  -6.31354e-01 at=  2.03002e+04
ROW iload_a=0.001 ceff_f=4.7e-06 esr_ohm=0.2 vout_v=1.79895 dcgain_db=138.462 f0_hz=19284.4 phase_at_f0_deg=-126.734 f180_hz=2.46097E+06 gain_at_f180_db=-39.1031 f0_rising_hz= resurgence_db=-0.631354
Doing analysis at TEMP = 125.000000 and TNOM = 27.000000

Using SPARSE 1.3 as Direct Linear Solver
 Reference value :  0.00000e+00
No. of Data Rows : 1
Doing analysis at TEMP = 125.000000 and TNOM = 27.000000

Using SPARSE 1.3 as Direct Linear Solver
 Reference value :  1.40443e+07
No. of Data Rows : 4401
Doing analysis at TEMP = 125.000000 and TNOM = 27.000000

Using SPARSE 1.3 as Direct Linear Solver
 Reference value :  2.55564e+05
No. of Data Rows : 4401
dcg                 =  1.38462e+02
f0                  =  1.98223e+04
phx                 =  -1.15518e+02
f180                =  2.54295e+06
gmx                 =  -3.11409e+01
 meas ac f0r when tdb=0 rise=1 failed!

tres                =  -6.04686e-01 at=  2.08930e+04
ROW iload_a=0.001 ceff_f=4.7e-06 esr_ohm=0.5 vout_v=1.79895 dcgain_db=138.462 f0_hz=19822.3 phase_at_f0_deg=-115.518 f180_hz=2.54295E+06 gain_at_f180_db=-31.1409 f0_rising_hz= resurgence_db=-0.604685
Doing analysis at TEMP = 125.000000 and TNOM = 27.000000

Using SPARSE 1.3 as Direct Linear Solver

No. of Data Rows : 1
Doing analysis at TEMP = 125.000000 and TNOM = 27.000000

Using SPARSE 1.3 as Direct Linear Solver
 Reference value :  1.00000e-02
No. of Data Rows : 4401
Doing analysis at TEMP = 125.000000 and TNOM = 27.000000

Using SPARSE 1.3 as Direct Linear Solver
 Reference value :  1.00000e-02
No. of Data Rows : 4401
dcg                 =  1.38192e+02
f0                  =  4.21233e+05
phx                 =  -1.37937e+02
f180                =  9.14689e+05
gmx                 =  -9.27819e+00
 meas ac f0r when tdb=0 rise=1 failed!

tres                =  -5.44697e-01 at=  4.44120e+05
ROW iload_a=0.01 ceff_f=3.3e-07 esr_ohm=0.001 vout_v=1.79895 dcgain_db=138.192 f0_hz=421233 phase_at_f0_deg=-137.937 f180_hz=914689 gain_at_f180_db=-9.27819 f0_rising_hz= resurgence_db=-0.544697
Doing analysis at TEMP = 125.000000 and TNOM = 27.000000

Using SPARSE 1.3 as Direct Linear Solver
 Reference value :  0.00000e+00
No. of Data Rows : 1
Doing analysis at TEMP = 125.000000 and TNOM = 27.000000

Using SPARSE 1.3 as Direct Linear Solver
 Reference value :  1.04112e+08
No. of Data Rows : 4401
Doing analysis at TEMP = 125.000000 and TNOM = 27.000000

Using SPARSE 1.3 as Direct Linear Solver
 Reference value :  1.69824e+06
No. of Data Rows : 4401
dcg                 =  1.38192e+02
f0                  =  4.21559e+05
phx                 =  -1.35514e+02
f180                =  9.88534e+05
gmx                 =  -1.03917e+01
 meas ac f0r when tdb=0 rise=1 failed!

tres                =  -5.35850e-01 at=  4.44120e+05
ROW iload_a=0.01 ceff_f=3.3e-07 esr_ohm=0.05 vout_v=1.79895 dcgain_db=138.192 f0_hz=421559 phase_at_f0_deg=-135.514 f180_hz=988534 gain_at_f180_db=-10.3918 f0_rising_hz= resurgence_db=-0.53585
Doing analysis at TEMP = 125.000000 and TNOM = 27.000000

Using SPARSE 1.3 as Direct Linear Solver

No. of Data Rows : 1
Doing analysis at TEMP = 125.000000 and TNOM = 27.000000

Using SPARSE 1.3 as Direct Linear Solver
 Reference value :  1.00000e-02
No. of Data Rows : 4401
Doing analysis at TEMP = 125.000000 and TNOM = 27.000000

Using SPARSE 1.3 as Direct Linear Solver
 Reference value :  1.00000e-02
No. of Data Rows : 4401
dcg                 =  1.38192e+02
f0                  =  4.26717e+05
phx                 =  -1.28433e+02
f180                =  1.31115e+06
gmx                 =  -1.40504e+01
 meas ac f0r when tdb=0 rise=1 failed!

tres                =  -5.17505e-01 at=  4.49262e+05
ROW iload_a=0.01 ceff_f=3.3e-07 esr_ohm=0.2 vout_v=1.79895 dcgain_db=138.192 f0_hz=426717 phase_at_f0_deg=-128.433 f180_hz=1.31115E+06 gain_at_f180_db=-14.0504 f0_rising_hz= resurgence_db=-0.517505
Doing analysis at TEMP = 125.000000 and TNOM = 27.000000

Using SPARSE 1.3 as Direct Linear Solver
 Reference value :  0.00000e+00
No. of Data Rows : 1
Doing analysis at TEMP = 125.000000 and TNOM = 27.000000

Using SPARSE 1.3 as Direct Linear Solver
 Reference value :  3.91291e+07
No. of Data Rows : 4401
Doing analysis at TEMP = 125.000000 and TNOM = 27.000000

Using SPARSE 1.3 as Direct Linear Solver
 Reference value :  3.23594e+05
No. of Data Rows : 4401
dcg                 =  1.38192e+02
f0                  =  4.58738e+05
phx                 =  -1.15842e+02
f180                =  1.97092e+06
gmx                 =  -1.64492e+01
 meas ac f0r when tdb=0 rise=1 failed!

tres                =  -4.79298e-01 at=  4.84172e+05
ROW iload_a=0.01 ceff_f=3.3e-07 esr_ohm=0.5 vout_v=1.79895 dcgain_db=138.192 f0_hz=458738 phase_at_f0_deg=-115.842 f180_hz=1.97092E+06 gain_at_f180_db=-16.4492 f0_rising_hz= resurgence_db=-0.479298
Doing analysis at TEMP = 125.000000 and TNOM = 27.000000

Using SPARSE 1.3 as Direct Linear Solver

No. of Data Rows : 1
Doing analysis at TEMP = 125.000000 and TNOM = 27.000000

Using SPARSE 1.3 as Direct Linear Solver
 Reference value :  1.00000e-02
No. of Data Rows : 4401
Doing analysis at TEMP = 125.000000 and TNOM = 27.000000

Using SPARSE 1.3 as Direct Linear Solver
 Reference value :  1.00000e-02
No. of Data Rows : 4401
dcg                 =  1.38192e+02
f0                  =  1.53679e+05
phx                 =  -1.19440e+02
f180                =  9.17348e+05
gmx                 =  -1.89440e+01
 meas ac f0r when tdb=0 rise=1 failed!

tres                =  -5.05026e-01 at=  1.62181e+05
ROW iload_a=0.01 ceff_f=1e-06 esr_ohm=0.001 vout_v=1.79895 dcgain_db=138.192 f0_hz=153679 phase_at_f0_deg=-119.44 f180_hz=917348 gain_at_f180_db=-18.944 f0_rising_hz= resurgence_db=-0.505026
Doing analysis at TEMP = 125.000000 and TNOM = 27.000000

Using SPARSE 1.3 as Direct Linear Solver
 Reference value :  0.00000e+00
No. of Data Rows : 1
Doing analysis at TEMP = 125.000000 and TNOM = 27.000000

Using SPARSE 1.3 as Direct Linear Solver
 Reference value :  5.82103e+07
No. of Data Rows : 4401
Doing analysis at TEMP = 125.000000 and TNOM = 27.000000

Using SPARSE 1.3 as Direct Linear Solver
 Reference value :  5.06991e+05
No. of Data Rows : 4401
dcg                 =  1.38192e+02
f0                  =  1.53836e+05
phx                 =  -1.16731e+02
f180                =  1.19050e+06
gmx                 =  -2.25122e+01
 meas ac f0r when tdb=0 rise=1 failed!

tres                =  -4.94291e-01 at=  1.62181e+05
ROW iload_a=0.01 ceff_f=1e-06 esr_ohm=0.05 vout_v=1.79895 dcgain_db=138.192 f0_hz=153836 phase_at_f0_deg=-116.731 f180_hz=1.1905E+06 gain_at_f180_db=-22.5122 f0_rising_hz= resurgence_db=-0.49429
Doing analysis at TEMP = 125.000000 and TNOM = 27.000000

Using SPARSE 1.3 as Direct Linear Solver

No. of Data Rows : 1
Doing analysis at TEMP = 125.000000 and TNOM = 27.000000

Using SPARSE 1.3 as Direct Linear Solver
 Reference value :  1.00000e-02
No. of Data Rows : 4401
Doing analysis at TEMP = 125.000000 and TNOM = 27.000000

Using SPARSE 1.3 as Direct Linear Solver
 Reference value :  1.00000e-02
No. of Data Rows : 4401
dcg                 =  1.38192e+02
f0                  =  1.56361e+05
phx                 =  -1.08432e+02
f180                =  2.09551e+06
gmx                 =  -2.56279e+01
 meas ac f0r when tdb=0 rise=1 failed!

tres                =  -4.85996e-01 at=  1.65006e+05
ROW iload_a=0.01 ceff_f=1e-06 esr_ohm=0.2 vout_v=1.79895 dcgain_db=138.192 f0_hz=156361 phase_at_f0_deg=-108.432 f180_hz=2.09551E+06 gain_at_f180_db=-25.6279 f0_rising_hz= resurgence_db=-0.485996
Doing analysis at TEMP = 125.000000 and TNOM = 27.000000

Using SPARSE 1.3 as Direct Linear Solver
 Reference value :  0.00000e+00
No. of Data Rows : 1
Doing analysis at TEMP = 125.000000 and TNOM = 27.000000

Using SPARSE 1.3 as Direct Linear Solver
 Reference value :  6.09537e+07
No. of Data Rows : 4401
Doing analysis at TEMP = 125.000000 and TNOM = 27.000000

Using SPARSE 1.3 as Direct Linear Solver
 Reference value :  4.14477e+05
No. of Data Rows : 4401
dcg                 =  1.38192e+02
f0                  =  1.73228e+05
phx                 =  -9.14756e+01
f180                =  2.44364e+06
gmx                 =  -2.05728e+01
 meas ac f0r when tdb=0 rise=1 failed!

tres                =  -3.58287e-01 at=  1.81970e+05
ROW iload_a=0.01 ceff_f=1e-06 esr_ohm=0.5 vout_v=1.79895 dcgain_db=138.192 f0_hz=173228 phase_at_f0_deg=-91.4756 f180_hz=2.44364E+06 gain_at_f180_db=-20.5728 f0_rising_hz= resurgence_db=-0.358287
Doing analysis at TEMP = 125.000000 and TNOM = 27.000000

Using SPARSE 1.3 as Direct Linear Solver

No. of Data Rows : 1
Doing analysis at TEMP = 125.000000 and TNOM = 27.000000

Using SPARSE 1.3 as Direct Linear Solver
 Reference value :  1.00000e-02
No. of Data Rows : 4401
Doing analysis at TEMP = 125.000000 and TNOM = 27.000000

Using SPARSE 1.3 as Direct Linear Solver
 Reference value :  1.00000e-02
No. of Data Rows : 4401
dcg                 =  1.38192e+02
f0                  =  4.26863e+04
phx                 =  -1.35010e+02
f180                =  9.33266e+05
gmx                 =  -3.26347e+01
 meas ac f0r when tdb=0 rise=1 failed!

tres                =  -6.28820e-01 at=  4.49262e+04
ROW iload_a=0.01 ceff_f=4.7e-06 esr_ohm=0.001 vout_v=1.79895 dcgain_db=138.192 f0_hz=42686.3 phase_at_f0_deg=-135.01 f180_hz=933266 gain_at_f180_db=-32.6347 f0_rising_hz= resurgence_db=-0.62882
Doing analysis at TEMP = 125.000000 and TNOM = 27.000000

Using SPARSE 1.3 as Direct Linear Solver
 Reference value :  0.00000e+00
No. of Data Rows : 1
Doing analysis at TEMP = 125.000000 and TNOM = 27.000000

Using SPARSE 1.3 as Direct Linear Solver
 Reference value :  4.59727e+07
No. of Data Rows : 4401
Doing analysis at TEMP = 125.000000 and TNOM = 27.000000

Using SPARSE 1.3 as Direct Linear Solver
 Reference value :  1.89452e+06
No. of Data Rows : 4401
dcg                 =  1.38192e+02
f0                  =  4.27439e+04
phx                 =  -1.31440e+02
f180                =  2.18795e+06
gmx                 =  -3.84974e+01
 meas ac f0r when tdb=0 rise=1 failed!

tres                =  -6.10312e-01 at=  4.49262e+04
ROW iload_a=0.01 ceff_f=4.7e-06 esr_ohm=0.05 vout_v=1.79895 dcgain_db=138.192 f0_hz=42743.9 phase_at_f0_deg=-131.44 f180_hz=2.18795E+06 gain_at_f180_db=-38.4974 f0_rising_hz= resurgence_db=-0.610312
Doing analysis at TEMP = 125.000000 and TNOM = 27.000000

Using SPARSE 1.3 as Direct Linear Solver

No. of Data Rows : 1
Doing analysis at TEMP = 125.000000 and TNOM = 27.000000

Using SPARSE 1.3 as Direct Linear Solver
 Reference value :  1.00000e-02
No. of Data Rows : 4401
Doing analysis at TEMP = 125.000000 and TNOM = 27.000000

Using SPARSE 1.3 as Direct Linear Solver
 Reference value :  1.00000e-02
No. of Data Rows : 4401
dcg                 =  1.38192e+02
f0                  =  4.36552e+04
phx                 =  -1.20103e+02
f180                =  2.55267e+06
gmx                 =  -2.92857e+01
 meas ac f0r when tdb=0 rise=1 failed!

tres                =  -6.01812e-01 at=  4.59727e+04
ROW iload_a=0.01 ceff_f=4.7e-06 esr_ohm=0.2 vout_v=1.79895 dcgain_db=138.192 f0_hz=43655.2 phase_at_f0_deg=-120.103 f180_hz=2.55267E+06 gain_at_f180_db=-29.2857 f0_rising_hz= resurgence_db=-0.601813
Doing analysis at TEMP = 125.000000 and TNOM = 27.000000

Using SPARSE 1.3 as Direct Linear Solver
 Reference value :  0.00000e+00
No. of Data Rows : 1
Doing analysis at TEMP = 125.000000 and TNOM = 27.000000

Using SPARSE 1.3 as Direct Linear Solver
 Reference value :  1.84077e+07
No. of Data Rows : 4401
Doing analysis at TEMP = 125.000000 and TNOM = 27.000000

Using SPARSE 1.3 as Direct Linear Solver
 Reference value :  1.31069e+05
No. of Data Rows : 4401
dcg                 =  1.38192e+02
f0                  =  4.98450e+04
phx                 =  -9.52320e+01
f180                =  2.61969e+06
gmx                 =  -2.17876e+01
 meas ac f0r when tdb=0 rise=1 failed!

tres                =  -4.39848e-01 at=  5.24807e+04
ROW iload_a=0.01 ceff_f=4.7e-06 esr_ohm=0.5 vout_v=1.79895 dcgain_db=138.192 f0_hz=49845 phase_at_f0_deg=-95.2321 f180_hz=2.61969E+06 gain_at_f180_db=-21.7876 f0_rising_hz= resurgence_db=-0.439848
Doing analysis at TEMP = 125.000000 and TNOM = 27.000000

Using SPARSE 1.3 as Direct Linear Solver

No. of Data Rows : 1
Doing analysis at TEMP = 125.000000 and TNOM = 27.000000

Using SPARSE 1.3 as Direct Linear Solver
 Reference value :  1.00000e-02
No. of Data Rows : 4401
Doing analysis at TEMP = 125.000000 and TNOM = 27.000000

Using SPARSE 1.3 as Direct Linear Solver
 Reference value :  1.00000e-02
No. of Data Rows : 4401
dcg                 =  1.36820e+02
f0                  =  5.22229e+05
phx                 =  -1.49427e+02
f180                =  8.80745e+05
gmx                 =  -6.61818e+00
 meas ac f0r when tdb=0 rise=1 failed!

tres                =  -5.76187e-01 at=  5.49541e+05
ROW iload_a=0.025 ceff_f=3.3e-07 esr_ohm=0.001 vout_v=1.79895 dcgain_db=136.82 f0_hz=522229 phase_at_f0_deg=-149.427 f180_hz=880745 gain_at_f180_db=-6.61818 f0_rising_hz= resurgence_db=-0.576187
Doing analysis at TEMP = 125.000000 and TNOM = 27.000000

Using SPARSE 1.3 as Direct Linear Solver
 Reference value :  0.00000e+00
No. of Data Rows : 1
Doing analysis at TEMP = 125.000000 and TNOM = 27.000000

Using SPARSE 1.3 as Direct Linear Solver
 Reference value :  4.95450e+05
No. of Data Rows : 4401
Doing analysis at TEMP = 125.000000 and TNOM = 27.000000

Using SPARSE 1.3 as Direct Linear Solver
 Reference value :  3.58922e+01
No. of Data Rows : 4401
dcg                 =  1.36820e+02
f0                  =  5.22793e+05
phx                 =  -1.46440e+02
f180                =  9.50944e+05
gmx                 =  -7.71621e+00
 meas ac f0r when tdb=0 rise=1 failed!

tres                =  -5.62768e-01 at=  5.49541e+05
ROW iload_a=0.025 ceff_f=3.3e-07 esr_ohm=0.05 vout_v=1.79895 dcgain_db=136.82 f0_hz=522793 phase_at_f0_deg=-146.44 f180_hz=950944 gain_at_f180_db=-7.71621 f0_rising_hz= resurgence_db=-0.562768
Doing analysis at TEMP = 125.000000 and TNOM = 27.000000

Using SPARSE 1.3 as Direct Linear Solver

No. of Data Rows : 1
Doing analysis at TEMP = 125.000000 and TNOM = 27.000000

Using SPARSE 1.3 as Direct Linear Solver
 Reference value :  1.00000e-02
No. of Data Rows : 4401
Doing analysis at TEMP = 125.000000 and TNOM = 27.000000

Using SPARSE 1.3 as Direct Linear Solver
 Reference value :  1.00000e-02
No. of Data Rows : 4401
dcg                 =  1.36820e+02
f0                  =  5.31781e+05
phx                 =  -1.37915e+02
f180                =  1.25705e+06
gmx                 =  -1.13434e+01
 meas ac f0r when tdb=0 rise=1 failed!

tres                =  -5.49249e-01 at=  5.59114e+05
ROW iload_a=0.025 ceff_f=3.3e-07 esr_ohm=0.2 vout_v=1.79895 dcgain_db=136.82 f0_hz=531781 phase_at_f0_deg=-137.915 f180_hz=1.25705E+06 gain_at_f180_db=-11.3434 f0_rising_hz= resurgence_db=-0.549249
Doing analysis at TEMP = 125.000000 and TNOM = 27.000000

Using SPARSE 1.3 as Direct Linear Solver
 Reference value :  0.00000e+00
No. of Data Rows : 1
Doing analysis at TEMP = 125.000000 and TNOM = 27.000000

Using SPARSE 1.3 as Direct Linear Solver
 Reference value :  1.31069e+06
No. of Data Rows : 4401
Doing analysis at TEMP = 125.000000 and TNOM = 27.000000

Using SPARSE 1.3 as Direct Linear Solver
 Reference value :  1.53993e+03
No. of Data Rows : 4401
dcg                 =  1.36820e+02
f0                  =  5.88408e+05
phx                 =  -1.24017e+02
f180                =  1.89860e+06
gmx                 =  -1.38807e+01
 meas ac f0r when tdb=0 rise=1 failed!

tres                =  -4.96023e-01 at=  6.20155e+05
ROW iload_a=0.025 ceff_f=3.3e-07 esr_ohm=0.5 vout_v=1.79895 dcgain_db=136.82 f0_hz=588408 phase_at_f0_deg=-124.017 f180_hz=1.8986E+06 gain_at_f180_db=-13.8807 f0_rising_hz= resurgence_db=-0.496023
Doing analysis at TEMP = 125.000000 and TNOM = 27.000000

Using SPARSE 1.3 as Direct Linear Solver

No. of Data Rows : 1
Doing analysis at TEMP = 125.000000 and TNOM = 27.000000

Using SPARSE 1.3 as Direct Linear Solver
 Reference value :  1.00000e-02
No. of Data Rows : 4401
Doing analysis at TEMP = 125.000000 and TNOM = 27.000000

Using SPARSE 1.3 as Direct Linear Solver
 Reference value :  1.00000e-02
No. of Data Rows : 4401
dcg                 =  1.36820e+02
f0                  =  1.99900e+05
phx                 =  -1.23850e+02
f180                =  8.83040e+05
gmx                 =  -1.62764e+01
 meas ac f0r when tdb=0 rise=1 failed!

tres                =  -4.75930e-01 at=  2.10136e+05
ROW iload_a=0.025 ceff_f=1e-06 esr_ohm=0.001 vout_v=1.79895 dcgain_db=136.82 f0_hz=199900 phase_at_f0_deg=-123.85 f180_hz=883040 gain_at_f180_db=-16.2764 f0_rising_hz= resurgence_db=-0.47593
Doing analysis at TEMP = 125.000000 and TNOM = 27.000000

Using SPARSE 1.3 as Direct Linear Solver
 Reference value :  0.00000e+00
No. of Data Rows : 1
Doing analysis at TEMP = 125.000000 and TNOM = 27.000000

Using SPARSE 1.3 as Direct Linear Solver
 Reference value :  9.17276e+05
No. of Data Rows : 4401
Doing analysis at TEMP = 125.000000 and TNOM = 27.000000

Using SPARSE 1.3 as Direct Linear Solver
 Reference value :  5.82103e+02
No. of Data Rows : 4401
dcg                 =  1.36820e+02
f0                  =  2.00239e+05
phx                 =  -1.20339e+02
f180                =  1.14222e+06
gmx                 =  -1.98002e+01
 meas ac f0r when tdb=0 rise=1 failed!

tres                =  -5.12650e-01 at=  2.11349e+05
ROW iload_a=0.025 ceff_f=1e-06 esr_ohm=0.05 vout_v=1.79895 dcgain_db=136.82 f0_hz=200239 phase_at_f0_deg=-120.339 f180_hz=1.14222E+06 gain_at_f180_db=-19.8002 f0_rising_hz= resurgence_db=-0.51265
Doing analysis at TEMP = 125.000000 and TNOM = 27.000000

Using SPARSE 1.3 as Direct Linear Solver

No. of Data Rows : 1
Doing analysis at TEMP = 125.000000 and TNOM = 27.000000

Using SPARSE 1.3 as Direct Linear Solver
 Reference value :  1.00000e-02
No. of Data Rows : 4401
Doing analysis at TEMP = 125.000000 and TNOM = 27.000000

Using SPARSE 1.3 as Direct Linear Solver
 Reference value :  1.00000e-02
No. of Data Rows : 4401
dcg                 =  1.36820e+02
f0                  =  2.05801e+05
phx                 =  -1.09714e+02
f180                =  2.02207e+06
gmx                 =  -2.30790e+01
 meas ac f0r when tdb=0 rise=1 failed!

tres                =  -4.44655e-01 at=  2.16272e+05
ROW iload_a=0.025 ceff_f=1e-06 esr_ohm=0.2 vout_v=1.79895 dcgain_db=136.82 f0_hz=205801 phase_at_f0_deg=-109.714 f180_hz=2.02207E+06 gain_at_f180_db=-23.0789 f0_rising_hz= resurgence_db=-0.444655
Doing analysis at TEMP = 125.000000 and TNOM = 27.000000

Using SPARSE 1.3 as Direct Linear Solver
 Reference value :  0.00000e+00
No. of Data Rows : 1
Doing analysis at TEMP = 125.000000 and TNOM = 27.000000

Using SPARSE 1.3 as Direct Linear Solver
 Reference value :  3.16228e+05
No. of Data Rows : 4401
Doing analysis at TEMP = 125.000000 and TNOM = 27.000000

Using SPARSE 1.3 as Direct Linear Solver
 Reference value :  7.49894e+01
No. of Data Rows : 4401
dcg                 =  1.36820e+02
f0                  =  2.47717e+05
phx                 =  -8.88110e+01
f180                =  2.36595e+06
gmx                 =  -1.80711e+01
 meas ac f0r when tdb=0 rise=1 failed!

tres                =  -3.36652e-01 at=  2.61517e+05
ROW iload_a=0.025 ceff_f=1e-06 esr_ohm=0.5 vout_v=1.79895 dcgain_db=136.82 f0_hz=247717 phase_at_f0_deg=-88.811 f180_hz=2.36595E+06 gain_at_f180_db=-18.0711 f0_rising_hz= resurgence_db=-0.336652
Doing analysis at TEMP = 125.000000 and TNOM = 27.000000

Using SPARSE 1.3 as Direct Linear Solver

No. of Data Rows : 1
Doing analysis at TEMP = 125.000000 and TNOM = 27.000000

Using SPARSE 1.3 as Direct Linear Solver
 Reference value :  1.00000e-02
No. of Data Rows : 4401
Doing analysis at TEMP = 125.000000 and TNOM = 27.000000

Using SPARSE 1.3 as Direct Linear Solver
 Reference value :  1.00000e-02
No. of Data Rows : 4401
dcg                 =  1.36820e+02
f0                  =  5.47452e+04
phx                 =  -1.33322e+02
f180                =  8.98061e+05
gmx                 =  -2.99595e+01
 meas ac f0r when tdb=0 rise=1 failed!

tres                =  -5.93600e-01 at=  5.75440e+04
ROW iload_a=0.025 ceff_f=4.7e-06 esr_ohm=0.001 vout_v=1.79895 dcgain_db=136.82 f0_hz=54745.2 phase_at_f0_deg=-133.322 f180_hz=898061 gain_at_f180_db=-29.9595 f0_rising_hz= resurgence_db=-0.5936
Doing analysis at TEMP = 125.000000 and TNOM = 27.000000

Using SPARSE 1.3 as Direct Linear Solver
 Reference value :  0.00000e+00
No. of Data Rows : 1
Doing analysis at TEMP = 125.000000 and TNOM = 27.000000

Using SPARSE 1.3 as Direct Linear Solver
 Reference value :  5.09918e+05
No. of Data Rows : 4401
Doing analysis at TEMP = 125.000000 and TNOM = 27.000000

Using SPARSE 1.3 as Direct Linear Solver
 Reference value :  2.11349e+02
No. of Data Rows : 4401
dcg                 =  1.36820e+02
f0                  =  5.48703e+04
phx                 =  -1.28738e+02
f180                =  2.11242e+06
gmx                 =  -3.59512e+01
 meas ac f0r when tdb=0 rise=1 failed!

tres                =  -6.31025e-01 at=  5.78762e+04
ROW iload_a=0.025 ceff_f=4.7e-06 esr_ohm=0.05 vout_v=1.79895 dcgain_db=136.82 f0_hz=54870.3 phase_at_f0_deg=-128.738 f180_hz=2.11242E+06 gain_at_f180_db=-35.9513 f0_rising_hz= resurgence_db=-0.631025
Doing analysis at TEMP = 125.000000 and TNOM = 27.000000

Using SPARSE 1.3 as Direct Linear Solver

No. of Data Rows : 1
Doing analysis at TEMP = 125.000000 and TNOM = 27.000000

Using SPARSE 1.3 as Direct Linear Solver
 Reference value :  1.00000e-02
No. of Data Rows : 4401
Doing analysis at TEMP = 125.000000 and TNOM = 27.000000

Using SPARSE 1.3 as Direct Linear Solver
 Reference value :  2.61517e-02
No. of Data Rows : 4401
dcg                 =  1.36820e+02
f0                  =  5.69006e+04
phx                 =  -1.14078e+02
f180                =  2.47391e+06
gmx                 =  -2.67856e+01
 meas ac f0r when tdb=0 rise=1 failed!

tres                =  -5.58976e-01 at=  5.99101e+04
ROW iload_a=0.025 ceff_f=4.7e-06 esr_ohm=0.2 vout_v=1.79895 dcgain_db=136.82 f0_hz=56900.6 phase_at_f0_deg=-114.078 f180_hz=2.47391E+06 gain_at_f180_db=-26.7856 f0_rising_hz= resurgence_db=-0.558976
Doing analysis at TEMP = 125.000000 and TNOM = 27.000000

Using SPARSE 1.3 as Direct Linear Solver
 Reference value :  0.00000e+00
No. of Data Rows : 1
Doing analysis at TEMP = 125.000000 and TNOM = 27.000000

Using SPARSE 1.3 as Direct Linear Solver
 Reference value :  2.01837e+06
No. of Data Rows : 4401
Doing analysis at TEMP = 125.000000 and TNOM = 27.000000

Using SPARSE 1.3 as Direct Linear Solver
 Reference value :  6.95825e+02
No. of Data Rows : 4401
dcg                 =  1.36820e+02
f0                  =  7.32854e+04
phx                 =  -8.09272e+01
f180                =  2.53949e+06
gmx                 =  -1.92930e+01
 meas ac f0r when tdb=0 rise=1 failed!

tres                =  -3.19871e-01 at=  7.71792e+04
ROW iload_a=0.025 ceff_f=4.7e-06 esr_ohm=0.5 vout_v=1.79895 dcgain_db=136.82 f0_hz=73285.4 phase_at_f0_deg=-80.9273 f180_hz=2.53949E+06 gain_at_f180_db=-19.293 f0_rising_hz= resurgence_db=-0.319871
Doing analysis at TEMP = 125.000000 and TNOM = 27.000000

Using SPARSE 1.3 as Direct Linear Solver

No. of Data Rows : 1
Doing analysis at TEMP = 125.000000 and TNOM = 27.000000

Using SPARSE 1.3 as Direct Linear Solver
 Reference value :  1.00000e-02
No. of Data Rows : 4401
Doing analysis at TEMP = 125.000000 and TNOM = 27.000000

Using SPARSE 1.3 as Direct Linear Solver
 Reference value :  1.00000e-02
No. of Data Rows : 4401
dcg                 =  1.34915e+02
f0                  =  6.08111e+05
phx                 =  -1.58124e+02
f180                =  8.65261e+05
gmx                 =  -4.63346e+00
 meas ac f0r when tdb=0 rise=1 failed!

tres                =  -6.58155e-01 at=  6.41948e+05
ROW iload_a=0.05 ceff_f=3.3e-07 esr_ohm=0.001 vout_v=1.79895 dcgain_db=134.915 f0_hz=608111 phase_at_f0_deg=-158.124 f180_hz=865260 gain_at_f180_db=-4.63346 f0_rising_hz= resurgence_db=-0.658155
Doing analysis at TEMP = 125.000000 and TNOM = 27.000000

Using SPARSE 1.3 as Direct Linear Solver
 Reference value :  0.00000e+00
No. of Data Rows : 1
Doing analysis at TEMP = 125.000000 and TNOM = 27.000000

Using SPARSE 1.3 as Direct Linear Solver
 Reference value :  3.18053e+07
No. of Data Rows : 4401
Doing analysis at TEMP = 125.000000 and TNOM = 27.000000

Using SPARSE 1.3 as Direct Linear Solver
 Reference value :  6.02560e+05
No. of Data Rows : 4401
dcg                 =  1.34915e+02
f0                  =  6.08925e+05
phx                 =  -1.54662e+02
f180                =  9.33179e+05
gmx                 =  -5.71094e+00
 meas ac f0r when tdb=0 rise=1 failed!

tres                =  -6.40149e-01 at=  6.41948e+05
ROW iload_a=0.05 ceff_f=3.3e-07 esr_ohm=0.05 vout_v=1.79895 dcgain_db=134.915 f0_hz=608925 phase_at_f0_deg=-154.662 f180_hz=933179 gain_at_f180_db=-5.71094 f0_rising_hz= resurgence_db=-0.640149
Doing analysis at TEMP = 125.000000 and TNOM = 27.000000

Using SPARSE 1.3 as Direct Linear Solver

No. of Data Rows : 1
Doing analysis at TEMP = 125.000000 and TNOM = 27.000000

Using SPARSE 1.3 as Direct Linear Solver
 Reference value :  1.00000e-02
No. of Data Rows : 4401
Doing analysis at TEMP = 125.000000 and TNOM = 27.000000

Using SPARSE 1.3 as Direct Linear Solver
 Reference value :  1.00000e-02
No. of Data Rows : 4401
dcg                 =  1.34915e+02
f0                  =  6.22132e+05
phx                 =  -1.44994e+02
f180                =  1.22730e+06
gmx                 =  -9.25858e+00
 meas ac f0r when tdb=0 rise=1 failed!

tres                =  -6.37061e-01 at=  6.56901e+05
ROW iload_a=0.05 ceff_f=3.3e-07 esr_ohm=0.2 vout_v=1.79895 dcgain_db=134.915 f0_hz=622132 phase_at_f0_deg=-144.994 f180_hz=1.22730E+06 gain_at_f180_db=-9.25858 f0_rising_hz= resurgence_db=-0.637061
Doing analysis at TEMP = 125.000000 and TNOM = 27.000000

Using SPARSE 1.3 as Direct Linear Solver
 Reference value :  0.00000e+00
No. of Data Rows : 1
Doing analysis at TEMP = 125.000000 and TNOM = 27.000000

Using SPARSE 1.3 as Direct Linear Solver
 Reference value :  6.45654e+06
No. of Data Rows : 4401
Doing analysis at TEMP = 125.000000 and TNOM = 27.000000

Using SPARSE 1.3 as Direct Linear Solver
 Reference value :  8.56052e+04
No. of Data Rows : 4401
dcg                 =  1.34915e+02
f0                  =  7.05611e+05
phx                 =  -1.30623e+02
f180                =  1.84826e+06
gmx                 =  -1.17888e+01
 meas ac f0r when tdb=0 rise=1 failed!

tres                =  -4.90997e-01 at=  7.41310e+05
ROW iload_a=0.05 ceff_f=3.3e-07 esr_ohm=0.5 vout_v=1.79895 dcgain_db=134.915 f0_hz=705611 phase_at_f0_deg=-130.623 f180_hz=1.84826E+06 gain_at_f180_db=-11.7888 f0_rising_hz= resurgence_db=-0.490997
Doing analysis at TEMP = 125.000000 and TNOM = 27.000000

Using SPARSE 1.3 as Direct Linear Solver

No. of Data Rows : 1
Doing analysis at TEMP = 125.000000 and TNOM = 27.000000

Using SPARSE 1.3 as Direct Linear Solver
 Reference value :  1.00000e-02
No. of Data Rows : 4401
Doing analysis at TEMP = 125.000000 and TNOM = 27.000000

Using SPARSE 1.3 as Direct Linear Solver
 Reference value :  1.00000e-02
No. of Data Rows : 4401
dcg                 =  1.34915e+02
f0                  =  2.41861e+05
phx                 =  -1.27244e+02
f180                =  8.67103e+05
gmx                 =  -1.42817e+01
 meas ac f0r when tdb=0 rise=1 failed!

tres                =  -4.76221e-01 at=  2.54097e+05
ROW iload_a=0.05 ceff_f=1e-06 esr_ohm=0.001 vout_v=1.79895 dcgain_db=134.915 f0_hz=241861 phase_at_f0_deg=-127.244 f180_hz=867104 gain_at_f180_db=-14.2817 f0_rising_hz= resurgence_db=-0.476221
Doing analysis at TEMP = 125.000000 and TNOM = 27.000000

Using SPARSE 1.3 as Direct Linear Solver
 Reference value :  0.00000e+00
No. of Data Rows : 1
Doing analysis at TEMP = 125.000000 and TNOM = 27.000000

Using SPARSE 1.3 as Direct Linear Solver
 Reference value :  3.23594e+07
No. of Data Rows : 4401
Doing analysis at TEMP = 125.000000 and TNOM = 27.000000

Using SPARSE 1.3 as Direct Linear Solver
 Reference value :  8.96396e+05
No. of Data Rows : 4401
dcg                 =  1.34915e+02
f0                  =  2.42451e+05
phx                 =  -1.23014e+02
f180                =  1.11687e+06
gmx                 =  -1.77314e+01
 meas ac f0r when tdb=0 rise=1 failed!

tres                =  -5.05547e-01 at=  2.55564e+05
ROW iload_a=0.05 ceff_f=1e-06 esr_ohm=0.05 vout_v=1.79895 dcgain_db=134.915 f0_hz=242451 phase_at_f0_deg=-123.014 f180_hz=1.11687E+06 gain_at_f180_db=-17.7314 f0_rising_hz= resurgence_db=-0.505547
Doing analysis at TEMP = 125.000000 and TNOM = 27.000000

Using SPARSE 1.3 as Direct Linear Solver

No. of Data Rows : 1
Doing analysis at TEMP = 125.000000 and TNOM = 27.000000

Using SPARSE 1.3 as Direct Linear Solver
 Reference value :  1.00000e-02
No. of Data Rows : 4401
Doing analysis at TEMP = 125.000000 and TNOM = 27.000000

Using SPARSE 1.3 as Direct Linear Solver
 Reference value :  1.00000e-02
No. of Data Rows : 4401
dcg                 =  1.34915e+02
f0                  =  2.52353e+05
phx                 =  -1.10430e+02
f180                =  1.96954e+06
gmx                 =  -2.09880e+01
 meas ac f0r when tdb=0 rise=1 failed!

tres                =  -4.68051e-01 at=  2.66073e+05
ROW iload_a=0.05 ceff_f=1e-06 esr_ohm=0.2 vout_v=1.79895 dcgain_db=134.915 f0_hz=252353 phase_at_f0_deg=-110.43 f180_hz=1.96954E+06 gain_at_f180_db=-20.988 f0_rising_hz= resurgence_db=-0.468051
Doing analysis at TEMP = 125.000000 and TNOM = 27.000000

Using SPARSE 1.3 as Direct Linear Solver
 Reference value :  0.00000e+00
No. of Data Rows : 1
Doing analysis at TEMP = 125.000000 and TNOM = 27.000000

Using SPARSE 1.3 as Direct Linear Solver
 Reference value :  6.02560e+07
No. of Data Rows : 4401
Doing analysis at TEMP = 125.000000 and TNOM = 27.000000

Using SPARSE 1.3 as Direct Linear Solver
 Reference value :  5.55904e+05
No. of Data Rows : 4401
dcg                 =  1.34915e+02
f0                  =  3.37463e+05
phx                 =  -8.78315e+01
f180                =  2.30704e+06
gmx                 =  -1.59970e+01
 meas ac f0r when tdb=0 rise=1 failed!

tres                =  -2.66917e-01 at=  3.54813e+05
ROW iload_a=0.05 ceff_f=1e-06 esr_ohm=0.5 vout_v=1.79895 dcgain_db=134.915 f0_hz=337463 phase_at_f0_deg=-87.8315 f180_hz=2.30704E+06 gain_at_f180_db=-15.997 f0_rising_hz= resurgence_db=-0.266917
Doing analysis at TEMP = 125.000000 and TNOM = 27.000000

Using SPARSE 1.3 as Direct Linear Solver

No. of Data Rows : 1
Doing analysis at TEMP = 125.000000 and TNOM = 27.000000

Using SPARSE 1.3 as Direct Linear Solver
 Reference value :  1.00000e-02
No. of Data Rows : 4401
Doing analysis at TEMP = 125.000000 and TNOM = 27.000000

Using SPARSE 1.3 as Direct Linear Solver
 Reference value :  1.00000e-02
No. of Data Rows : 4401
dcg                 =  1.34915e+02
f0                  =  6.49644e+04
phx                 =  -1.31544e+02
f180                =  8.81492e+05
gmx                 =  -2.79562e+01
 meas ac f0r when tdb=0 rise=1 failed!

tres                =  -5.93671e-01 at=  6.83912e+04
ROW iload_a=0.05 ceff_f=4.7e-06 esr_ohm=0.001 vout_v=1.79895 dcgain_db=134.915 f0_hz=64964.4 phase_at_f0_deg=-131.544 f180_hz=881492 gain_at_f180_db=-27.9562 f0_rising_hz= resurgence_db=-0.593671
Doing analysis at TEMP = 125.000000 and TNOM = 27.000000

Using SPARSE 1.3 as Direct Linear Solver
 Reference value :  0.00000e+00
No. of Data Rows : 1
Doing analysis at TEMP = 125.000000 and TNOM = 27.000000

Using SPARSE 1.3 as Direct Linear Solver
 Reference value :  2.98538e+08
No. of Data Rows : 4401
Doing analysis at TEMP = 125.000000 and TNOM = 27.000000

Using SPARSE 1.3 as Direct Linear Solver
 Reference value :  5.68853e+06
No. of Data Rows : 4401
dcg                 =  1.34915e+02
f0                  =  6.51789e+04
phx                 =  -1.26099e+02
f180                =  2.05782e+06
gmx                 =  -3.38573e+01
 meas ac f0r when tdb=0 rise=1 failed!

tres                =  -6.16830e-01 at=  6.87860e+04
ROW iload_a=0.05 ceff_f=4.7e-06 esr_ohm=0.05 vout_v=1.79895 dcgain_db=134.915 f0_hz=65178.9 phase_at_f0_deg=-126.099 f180_hz=2.05782E+06 gain_at_f180_db=-33.8573 f0_rising_hz= resurgence_db=-0.61683
Doing analysis at TEMP = 125.000000 and TNOM = 27.000000

Using SPARSE 1.3 as Direct Linear Solver

No. of Data Rows : 1
Doing analysis at TEMP = 125.000000 and TNOM = 27.000000

Using SPARSE 1.3 as Direct Linear Solver
 Reference value :  7.80728e-02
No. of Data Rows : 4401
Doing analysis at TEMP = 125.000000 and TNOM = 27.000000

Using SPARSE 1.3 as Direct Linear Solver
 Reference value :  1.00000e-02
No. of Data Rows : 4401
dcg                 =  1.34915e+02
f0                  =  6.87638e+04
phx                 =  -1.08578e+02
f180                =  2.41354e+06
gmx                 =  -2.47060e+01
 meas ac f0r when tdb=0 rise=1 failed!

tres                =  -5.25738e-01 at=  7.24436e+04
ROW iload_a=0.05 ceff_f=4.7e-06 esr_ohm=0.2 vout_v=1.79895 dcgain_db=134.915 f0_hz=68763.8 phase_at_f0_deg=-108.578 f180_hz=2.41354E+06 gain_at_f180_db=-24.706 f0_rising_hz= resurgence_db=-0.525738
Doing analysis at TEMP = 125.000000 and TNOM = 27.000000

Using SPARSE 1.3 as Direct Linear Solver
 Reference value :  0.00000e+00
No. of Data Rows : 1
Doing analysis at TEMP = 125.000000 and TNOM = 27.000000

Using SPARSE 1.3 as Direct Linear Solver
 Reference value :  1.98381e+07
No. of Data Rows : 4401
Doing analysis at TEMP = 125.000000 and TNOM = 27.000000

Using SPARSE 1.3 as Direct Linear Solver
 Reference value :  2.38506e+06
No. of Data Rows : 4401
dcg                 =  1.34915e+02
f0                  =  1.06245e+05
phx                 =  -6.76448e+01
f180                =  2.47734e+06
gmx                 =  -1.72157e+01
 meas ac f0r when tdb=0 rise=1 failed!

tres                =  -1.95468e-01 at=  1.11558e+05
ROW iload_a=0.05 ceff_f=4.7e-06 esr_ohm=0.5 vout_v=1.79895 dcgain_db=134.915 f0_hz=106245 phase_at_f0_deg=-67.6448 f180_hz=2.47734E+06 gain_at_f180_db=-17.2157 f0_rising_hz= resurgence_db=-0.195468
* SWEEP COMPLETE tt_125c_3.63v
Note: Simulation executed from .control section 
Warning: m=xx on .subckt line will override multiplier m hierarchy!

Note: Starting dynamic gmin stepping
Note: Dynamic gmin stepping completed
Note: Starting dynamic gmin stepping
Note: Dynamic gmin stepping completed
Note: Starting dynamic gmin stepping
Note: Dynamic gmin stepping completed

Error: measure  f0r  when(WHEN) : out of interval
Error: &f0r: no such variable.
Note: Starting dynamic gmin stepping
Note: Dynamic gmin stepping completed
Note: Starting dynamic gmin stepping
Note: Dynamic gmin stepping completed
Note: Starting dynamic gmin stepping
Note: Dynamic gmin stepping completed

Error: measure  f0r  when(WHEN) : out of interval
Error: &f0r: no such variable.
Note: Starting dynamic gmin stepping
Note: Dynamic gmin stepping completed
Note: Starting dynamic gmin stepping
Note: Dynamic gmin stepping completed
Note: Starting dynamic gmin stepping
Note: Dynamic gmin stepping completed

Error: measure  f0r  when(WHEN) : out of interval
Error: &f0r: no such variable.
Note: Starting dynamic gmin stepping
Note: Dynamic gmin stepping completed
Note: Starting dynamic gmin stepping
Note: Dynamic gmin stepping completed
Note: Starting dynamic gmin stepping
Note: Dynamic gmin stepping completed

Error: measure  f0r  when(WHEN) : out of interval
Error: &f0r: no such variable.
Note: Starting dynamic gmin stepping
Note: Dynamic gmin stepping completed
Note: Starting dynamic gmin stepping
Note: Dynamic gmin stepping completed
Note: Starting dynamic gmin stepping
Note: Dynamic gmin stepping completed

Error: measure  f0r  when(WHEN) : out of interval
Error: &f0r: no such variable.
Note: Starting dynamic gmin stepping
Note: Dynamic gmin stepping completed
Note: Starting dynamic gmin stepping
Note: Dynamic gmin stepping completed
Note: Starting dynamic gmin stepping
Note: Dynamic gmin stepping completed

Error: measure  f0r  when(WHEN) : out of interval
Error: &f0r: no such variable.
Note: Starting dynamic gmin stepping
Note: Dynamic gmin stepping completed
Note: Starting dynamic gmin stepping
Note: Dynamic gmin stepping completed
Note: Starting dynamic gmin stepping
Note: Dynamic gmin stepping completed

Error: measure  f0r  when(WHEN) : out of interval
Error: &f0r: no such variable.
Note: Starting dynamic gmin stepping
Note: Dynamic gmin stepping completed
Note: Starting dynamic gmin stepping
Note: Dynamic gmin stepping completed
Note: Starting dynamic gmin stepping
Note: Dynamic gmin stepping completed

Error: measure  f0r  when(WHEN) : out of interval
Error: &f0r: no such variable.
Note: Starting dynamic gmin stepping
Note: Dynamic gmin stepping completed
Note: Starting dynamic gmin stepping
Note: Dynamic gmin stepping completed
Note: Starting dynamic gmin stepping
Note: Dynamic gmin stepping completed

Error: measure  f0r  when(WHEN) : out of interval
Error: &f0r: no such variable.
Note: Starting dynamic gmin stepping
Note: Dynamic gmin stepping completed
Note: Starting dynamic gmin stepping
Note: Dynamic gmin stepping completed
Note: Starting dynamic gmin stepping
Note: Dynamic gmin stepping completed

Error: measure  f0r  when(WHEN) : out of interval
Error: &f0r: no such variable.
Note: Starting dynamic gmin stepping
Note: Dynamic gmin stepping completed
Note: Starting dynamic gmin stepping
Note: Dynamic gmin stepping completed
Note: Starting dynamic gmin stepping
Note: Dynamic gmin stepping completed

Error: measure  f0r  when(WHEN) : out of interval
Error: &f0r: no such variable.
Note: Starting dynamic gmin stepping
Note: Dynamic gmin stepping completed
Note: Starting dynamic gmin stepping
Note: Dynamic gmin stepping completed
Note: Starting dynamic gmin stepping
Note: Dynamic gmin stepping completed

Error: measure  f0r  when(WHEN) : out of interval
Error: &f0r: no such variable.
Note: Starting dynamic gmin stepping
Note: Dynamic gmin stepping completed
Note: Starting dynamic gmin stepping
Note: Dynamic gmin stepping completed
Note: Starting dynamic gmin stepping
Note: Dynamic gmin stepping completed

Error: measure  f0r  when(WHEN) : out of interval
Error: &f0r: no such variable.
Note: Starting dynamic gmin stepping
Note: Dynamic gmin stepping completed
Note: Starting dynamic gmin stepping
Note: Dynamic gmin stepping completed
Note: Starting dynamic gmin stepping
Note: Dynamic gmin stepping completed

Error: measure  f0r  when(WHEN) : out of interval
Error: &f0r: no such variable.
Note: Starting dynamic gmin stepping
Note: Dynamic gmin stepping completed
Note: Starting dynamic gmin stepping
Note: Dynamic gmin stepping completed
Note: Starting dynamic gmin stepping
Note: Dynamic gmin stepping completed

Error: measure  f0r  when(WHEN) : out of interval
Error: &f0r: no such variable.
Note: Starting dynamic gmin stepping
Note: Dynamic gmin stepping completed
Note: Starting dynamic gmin stepping
Note: Dynamic gmin stepping completed
Note: Starting dynamic gmin stepping
Note: Dynamic gmin stepping completed

Error: measure  f0r  when(WHEN) : out of interval
Error: &f0r: no such variable.
Note: Starting dynamic gmin stepping
Note: Dynamic gmin stepping completed
Note: Starting dynamic gmin stepping
Note: Dynamic gmin stepping completed
Note: Starting dynamic gmin stepping
Note: Dynamic gmin stepping completed

Error: measure  f0r  when(WHEN) : out of interval
Error: &f0r: no such variable.
Note: Starting dynamic gmin stepping
Note: Dynamic gmin stepping completed
Note: Starting dynamic gmin stepping
Note: Dynamic gmin stepping completed
Note: Starting dynamic gmin stepping
Note: Dynamic gmin stepping completed

Error: measure  f0r  when(WHEN) : out of interval
Error: &f0r: no such variable.
Note: Starting dynamic gmin stepping
Note: Dynamic gmin stepping completed
Note: Starting dynamic gmin stepping
Note: Dynamic gmin stepping completed
Note: Starting dynamic gmin stepping
Note: Dynamic gmin stepping completed

Error: measure  f0r  when(WHEN) : out of interval
Error: &f0r: no such variable.
Note: Starting dynamic gmin stepping
Note: Dynamic gmin stepping completed
Note: Starting dynamic gmin stepping
Note: Dynamic gmin stepping completed
Note: Starting dynamic gmin stepping
Note: Dynamic gmin stepping completed

Error: measure  f0r  when(WHEN) : out of interval
Error: &f0r: no such variable.
Note: Starting dynamic gmin stepping
Note: Dynamic gmin stepping completed
Note: Starting dynamic gmin stepping
Note: Dynamic gmin stepping completed
Note: Starting dynamic gmin stepping
Note: Dynamic gmin stepping completed

Error: measure  f0r  when(WHEN) : out of interval
Error: &f0r: no such variable.
Note: Starting dynamic gmin stepping
Note: Dynamic gmin stepping completed
Note: Starting dynamic gmin stepping
Note: Dynamic gmin stepping completed
Note: Starting dynamic gmin stepping
Note: Dynamic gmin stepping completed

Error: measure  f0r  when(WHEN) : out of interval
Error: &f0r: no such variable.
Note: Starting dynamic gmin stepping
Note: Dynamic gmin stepping completed
Note: Starting dynamic gmin stepping
Note: Dynamic gmin stepping completed
Note: Starting dynamic gmin stepping
Note: Dynamic gmin stepping completed

Error: measure  f0r  when(WHEN) : out of interval
Error: &f0r: no such variable.
Note: Starting dynamic gmin stepping
Note: Dynamic gmin stepping completed
Note: Starting dynamic gmin stepping
Note: Dynamic gmin stepping completed
Note: Starting dynamic gmin stepping
Note: Dynamic gmin stepping completed

Error: measure  f0r  when(WHEN) : out of interval
Error: &f0r: no such variable.
Note: Starting dynamic gmin stepping
Note: Dynamic gmin stepping completed
Note: Starting dynamic gmin stepping
Note: Dynamic gmin stepping completed
Note: Starting dynamic gmin stepping
Note: Dynamic gmin stepping completed

Error: measure  f0r  when(WHEN) : out of interval
Error: &f0r: no such variable.
Note: Starting dynamic gmin stepping
Note: Dynamic gmin stepping completed
Note: Starting dynamic gmin stepping
Note: Dynamic gmin stepping completed
Note: Starting dynamic gmin stepping
Note: Dynamic gmin stepping completed

Error: measure  f0r  when(WHEN) : out of interval
Error: &f0r: no such variable.
Note: Starting dynamic gmin stepping
Note: Dynamic gmin stepping completed
Note: Starting dynamic gmin stepping
Note: Dynamic gmin stepping completed
Note: Starting dynamic gmin stepping
Note: Dynamic gmin stepping completed

Error: measure  f0r  when(WHEN) : out of interval
Error: &f0r: no such variable.
Note: Starting dynamic gmin stepping
Note: Dynamic gmin stepping completed
Note: Starting dynamic gmin stepping
Note: Dynamic gmin stepping completed
Note: Starting dynamic gmin stepping
Note: Dynamic gmin stepping completed

Error: measure  f0r  when(WHEN) : out of interval
Error: &f0r: no such variable.
Note: Starting dynamic gmin stepping
Note: Dynamic gmin stepping completed
Note: Starting dynamic gmin stepping
Note: Dynamic gmin stepping completed
Note: Starting dynamic gmin stepping
Note: Dynamic gmin stepping completed

Error: measure  f0r  when(WHEN) : out of interval
Error: &f0r: no such variable.
Note: Starting dynamic gmin stepping
Note: Dynamic gmin stepping completed
Note: Starting dynamic gmin stepping
Note: Dynamic gmin stepping completed
Note: Starting dynamic gmin stepping
Note: Dynamic gmin stepping completed

Error: measure  f0r  when(WHEN) : out of interval
Error: &f0r: no such variable.
Note: Starting dynamic gmin stepping
Note: Dynamic gmin stepping completed
Note: Starting dynamic gmin stepping
Note: Dynamic gmin stepping completed
Note: Starting dynamic gmin stepping
Note: Dynamic gmin stepping completed

Error: measure  f0r  when(WHEN) : out of interval
Error: &f0r: no such variable.
Note: Starting dynamic gmin stepping
Note: Dynamic gmin stepping completed
Note: Starting dynamic gmin stepping
Note: Dynamic gmin stepping completed
Note: Starting dynamic gmin stepping
Note: Dynamic gmin stepping completed

Error: measure  f0r  when(WHEN) : out of interval
Error: &f0r: no such variable.
Note: Starting dynamic gmin stepping
Note: Dynamic gmin stepping completed
Note: Starting dynamic gmin stepping
Note: Dynamic gmin stepping completed
Note: Starting dynamic gmin stepping
Note: Dynamic gmin stepping completed

Error: measure  f0r  when(WHEN) : out of interval
Error: &f0r: no such variable.
Note: Starting dynamic gmin stepping
Note: Dynamic gmin stepping completed
Note: Starting dynamic gmin stepping
Note: Dynamic gmin stepping completed
Note: Starting dynamic gmin stepping
Note: Dynamic gmin stepping completed

Error: measure  f0r  when(WHEN) : out of interval
Error: &f0r: no such variable.
Note: Starting dynamic gmin stepping
Note: Dynamic gmin stepping completed
Note: Starting dynamic gmin stepping
Note: Dynamic gmin stepping completed
Note: Starting dynamic gmin stepping
Note: Dynamic gmin stepping completed

Error: measure  f0r  when(WHEN) : out of interval
Error: &f0r: no such variable.
Note: Starting dynamic gmin stepping
Note: Dynamic gmin stepping completed
Note: Starting dynamic gmin stepping
Note: Dynamic gmin stepping completed
Note: Starting dynamic gmin stepping
Note: Dynamic gmin stepping completed

Error: measure  f0r  when(WHEN) : out of interval
Error: &f0r: no such variable.
Note: Starting dynamic gmin stepping
Note: Dynamic gmin stepping completed
Note: Starting dynamic gmin stepping
Note: Dynamic gmin stepping completed
Note: Starting dynamic gmin stepping
Note: Dynamic gmin stepping completed

Error: measure  f0r  when(WHEN) : out of interval
Error: &f0r: no such variable.
Note: Starting dynamic gmin stepping
Note: Dynamic gmin stepping completed
Note: Starting dynamic gmin stepping
Note: Dynamic gmin stepping completed
Note: Starting dynamic gmin stepping
Note: Dynamic gmin stepping completed

Error: measure  f0r  when(WHEN) : out of interval
Error: &f0r: no such variable.
Note: Starting dynamic gmin stepping
Note: Dynamic gmin stepping completed
Note: Starting dynamic gmin stepping
Note: Dynamic gmin stepping completed
Note: Starting dynamic gmin stepping
Note: Dynamic gmin stepping completed

Error: measure  f0r  when(WHEN) : out of interval
Error: &f0r: no such variable.
Note: Starting dynamic gmin stepping
Note: Dynamic gmin stepping completed
Note: Starting dynamic gmin stepping
Note: Dynamic gmin stepping completed
Note: Starting dynamic gmin stepping
Note: Dynamic gmin stepping completed

Error: measure  f0r  when(WHEN) : out of interval
Error: &f0r: no such variable.
Note: Starting dynamic gmin stepping
Note: Dynamic gmin stepping completed
Note: Starting dynamic gmin stepping
Note: Dynamic gmin stepping completed
Note: Starting dynamic gmin stepping
Note: Dynamic gmin stepping completed

Error: measure  f0r  when(WHEN) : out of interval
Error: &f0r: no such variable.
Note: Starting dynamic gmin stepping
Note: Dynamic gmin stepping completed
Note: Starting dynamic gmin stepping
Note: Dynamic gmin stepping completed
Note: Starting dynamic gmin stepping
Note: Dynamic gmin stepping completed

Error: measure  f0r  when(WHEN) : out of interval
Error: &f0r: no such variable.
Note: Starting dynamic gmin stepping
Note: Dynamic gmin stepping completed
Note: Starting dynamic gmin stepping
Note: Dynamic gmin stepping completed
Note: Starting dynamic gmin stepping
Note: Dynamic gmin stepping completed

Error: measure  f0r  when(WHEN) : out of interval
Error: &f0r: no such variable.
Note: Starting dynamic gmin stepping
Note: Dynamic gmin stepping completed
Note: Starting dynamic gmin stepping
Note: Dynamic gmin stepping completed
Note: Starting dynamic gmin stepping
Note: Dynamic gmin stepping completed

Error: measure  f0r  when(WHEN) : out of interval
Error: &f0r: no such variable.
Note: Starting dynamic gmin stepping
Note: Dynamic gmin stepping completed
Note: Starting dynamic gmin stepping
Note: Dynamic gmin stepping completed
Note: Starting dynamic gmin stepping
Note: Dynamic gmin stepping completed

Error: measure  f0r  when(WHEN) : out of interval
Error: &f0r: no such variable.
Note: Starting dynamic gmin stepping
Note: Dynamic gmin stepping completed
Note: Starting dynamic gmin stepping
Note: Dynamic gmin stepping completed
Note: Starting dynamic gmin stepping
Note: Dynamic gmin stepping completed

Error: measure  f0r  when(WHEN) : out of interval
Error: &f0r: no such variable.
Note: Starting dynamic gmin stepping
Note: Dynamic gmin stepping completed
Note: Starting dynamic gmin stepping
Note: Dynamic gmin stepping completed
Note: Starting dynamic gmin stepping
Note: Dynamic gmin stepping completed

Error: measure  f0r  when(WHEN) : out of interval
Error: &f0r: no such variable.
Note: Starting dynamic gmin stepping
Note: Dynamic gmin stepping completed
Note: Starting dynamic gmin stepping
Note: Dynamic gmin stepping completed
Note: Starting dynamic gmin stepping
Note: Dynamic gmin stepping completed

Error: measure  f0r  when(WHEN) : out of interval
Error: &f0r: no such variable.
Note: Starting dynamic gmin stepping
Note: Dynamic gmin stepping completed
Note: Starting dynamic gmin stepping
Note: Dynamic gmin stepping completed
Note: Starting dynamic gmin stepping
Note: Dynamic gmin stepping completed

Error: measure  f0r  when(WHEN) : out of interval
Error: &f0r: no such variable.
Note: Starting dynamic gmin stepping
Note: Dynamic gmin stepping completed
Note: Starting dynamic gmin stepping
Note: Dynamic gmin stepping completed
Note: Starting dynamic gmin stepping
Note: Dynamic gmin stepping completed

Error: measure  f0r  when(WHEN) : out of interval
Error: &f0r: no such variable.
Note: Starting dynamic gmin stepping
Note: Dynamic gmin stepping completed
Note: Starting dynamic gmin stepping
Note: Dynamic gmin stepping completed
Note: Starting dynamic gmin stepping
Note: Dynamic gmin stepping completed

Error: measure  f0r  when(WHEN) : out of interval
Error: &f0r: no such variable.
Note: Starting dynamic gmin stepping
Note: Dynamic gmin stepping completed
Note: Starting dynamic gmin stepping
Note: Dynamic gmin stepping completed
Note: Starting dynamic gmin stepping
Note: Dynamic gmin stepping completed

Error: measure  f0r  when(WHEN) : out of interval
Error: &f0r: no such variable.
Note: Starting dynamic gmin stepping
Note: Dynamic gmin stepping completed
Note: Starting dynamic gmin stepping
Note: Dynamic gmin stepping completed
Note: Starting dynamic gmin stepping
Note: Dynamic gmin stepping completed

Error: measure  f0r  when(WHEN) : out of interval
Error: &f0r: no such variable.
Note: Starting dynamic gmin stepping
Note: Dynamic gmin stepping completed
Note: Starting dynamic gmin stepping
Note: Dynamic gmin stepping completed
Note: Starting dynamic gmin stepping
Note: Dynamic gmin stepping completed

Error: measure  f0r  when(WHEN) : out of interval
Error: &f0r: no such variable.
Note: Starting dynamic gmin stepping
Note: Dynamic gmin stepping completed
Note: Starting dynamic gmin stepping
Note: Dynamic gmin stepping completed
Note: Starting dynamic gmin stepping
Note: Dynamic gmin stepping completed

Error: measure  f0r  when(WHEN) : out of interval
Error: &f0r: no such variable.
Note: Starting dynamic gmin stepping
Note: Dynamic gmin stepping completed
Note: Starting dynamic gmin stepping
Note: Dynamic gmin stepping completed
Note: Starting dynamic gmin stepping
Note: Dynamic gmin stepping completed

Error: measure  f0r  when(WHEN) : out of interval
Error: &f0r: no such variable.
Note: Starting dynamic gmin stepping
Note: Dynamic gmin stepping completed
Note: Starting dynamic gmin stepping
Note: Dynamic gmin stepping completed
Note: Starting dynamic gmin stepping
Note: Dynamic gmin stepping completed

Error: measure  f0r  when(WHEN) : out of interval
Error: &f0r: no such variable.
Note: Starting dynamic gmin stepping
Note: Dynamic gmin stepping completed
Note: Starting dynamic gmin stepping
Note: Dynamic gmin stepping completed
Note: Starting dynamic gmin stepping
Note: Dynamic gmin stepping completed

Error: measure  f0r  when(WHEN) : out of interval
Error: &f0r: no such variable.
Note: Starting dynamic gmin stepping
Note: Dynamic gmin stepping completed
Note: Starting dynamic gmin stepping
Note: Dynamic gmin stepping completed
Note: Starting dynamic gmin stepping
Note: Dynamic gmin stepping completed

Error: measure  f0r  when(WHEN) : out of interval
Error: &f0r: no such variable.
Note: Starting dynamic gmin stepping
Note: Dynamic gmin stepping completed
Note: Starting dynamic gmin stepping
Note: Dynamic gmin stepping completed
Note: Starting dynamic gmin stepping
Note: Dynamic gmin stepping completed

Error: measure  f0r  when(WHEN) : out of interval
Error: &f0r: no such variable.
Note: Starting dynamic gmin stepping
Note: Dynamic gmin stepping completed
Note: Starting dynamic gmin stepping
Note: Dynamic gmin stepping completed
Note: Starting dynamic gmin stepping
Note: Dynamic gmin stepping completed

Error: measure  f0r  when(WHEN) : out of interval
Error: &f0r: no such variable.
Note: Starting dynamic gmin stepping
Note: Dynamic gmin stepping completed
Note: Starting dynamic gmin stepping
Note: Dynamic gmin stepping completed
Note: Starting dynamic gmin stepping
Note: Dynamic gmin stepping completed

Error: measure  f0r  when(WHEN) : out of interval
Error: &f0r: no such variable.
Note: Starting dynamic gmin stepping
Note: Dynamic gmin stepping completed
Note: Starting dynamic gmin stepping
Note: Dynamic gmin stepping completed
Note: Starting dynamic gmin stepping
Note: Dynamic gmin stepping completed

Error: measure  f0r  when(WHEN) : out of interval
Error: &f0r: no such variable.
Note: Starting dynamic gmin stepping
Note: Dynamic gmin stepping completed
Note: Starting dynamic gmin stepping
Note: Dynamic gmin stepping completed
Note: Starting dynamic gmin stepping
Note: Dynamic gmin stepping completed

Error: measure  f0r  when(WHEN) : out of interval
Error: &f0r: no such variable.
Note: Starting dynamic gmin stepping
Note: Dynamic gmin stepping completed
Note: Starting dynamic gmin stepping
Note: Dynamic gmin stepping completed
Note: Starting dynamic gmin stepping
Note: Dynamic gmin stepping completed

Error: measure  f0r  when(WHEN) : out of interval
Error: &f0r: no such variable.
Note: Starting dynamic gmin stepping
Note: Dynamic gmin stepping completed
Note: Starting dynamic gmin stepping
Note: Dynamic gmin stepping completed
Note: Starting dynamic gmin stepping
Note: Dynamic gmin stepping completed

Error: measure  f0r  when(WHEN) : out of interval
Error: &f0r: no such variable.
Note: Starting dynamic gmin stepping
Note: Dynamic gmin stepping completed
Note: Starting dynamic gmin stepping
Note: Dynamic gmin stepping completed
Note: Starting dynamic gmin stepping
Note: Dynamic gmin stepping completed

Error: measure  f0r  when(WHEN) : out of interval
Error: &f0r: no such variable.
Note: Starting dynamic gmin stepping
Note: Dynamic gmin stepping completed
Note: Starting dynamic gmin stepping
Note: Dynamic gmin stepping completed
Note: Starting dynamic gmin stepping
Note: Dynamic gmin stepping completed

Error: measure  f0r  when(WHEN) : out of interval
Error: &f0r: no such variable.
Note: Starting dynamic gmin stepping
Note: Dynamic gmin stepping completed
Note: Starting dynamic gmin stepping
Note: Dynamic gmin stepping completed
Note: Starting dynamic gmin stepping
Note: Dynamic gmin stepping completed

Error: measure  f0r  when(WHEN) : out of interval
Error: &f0r: no such variable.
Note: Starting dynamic gmin stepping
Note: Dynamic gmin stepping completed
Note: Starting dynamic gmin stepping
Note: Dynamic gmin stepping completed
Note: Starting dynamic gmin stepping
Note: Dynamic gmin stepping completed

Error: measure  f0r  when(WHEN) : out of interval
Error: &f0r: no such variable.
Note: Starting dynamic gmin stepping
Note: Dynamic gmin stepping completed
Note: Starting dynamic gmin stepping
Note: Dynamic gmin stepping completed
Note: Starting dynamic gmin stepping
Note: Dynamic gmin stepping completed

Error: measure  f0r  when(WHEN) : out of interval
Error: &f0r: no such variable.
Note: Starting dynamic gmin stepping
Note: Dynamic gmin stepping completed
Note: Starting dynamic gmin stepping
Note: Dynamic gmin stepping completed
Note: Starting dynamic gmin stepping
Note: Dynamic gmin stepping completed

Error: measure  f0r  when(WHEN) : out of interval
Error: &f0r: no such variable.
