Warning: m=xx on .subckt line will override multiplier m hierarchy!

Note: ven: dc value used for op instead of transient time=0 value.
Note: Starting dynamic gmin stepping
Note: Dynamic gmin stepping completed

Note: Compatibility modes selected: hs a


Circuit: * enable-shutdown -- enable/disable behaviour and shutdown quiescent current

Doing analysis at TEMP = -40.000000 and TNOM = 27.000000

Using SPARSE 1.3 as Direct Linear Solver
 Reference value :  0.00000e+00Note: Starting dynamic gmin stepping
Note: Dynamic gmin stepping completed

No. of Data Rows : 1
m_vout_en = 1.799474e+00
m_iload_en_ma = 4.998538e+01
m_isup_en_ua = 4.999644e+04
m_iref_en_ua = 1.282634e+00
m_iq_en_ua = 1.233912e+01
Doing analysis at TEMP = -40.000000 and TNOM = 27.000000

Using SPARSE 1.3 as Direct Linear Solver

No. of Data Rows : 1
m_vout_off = 3.839012e-05
m_pg_off = 2.970000e+00
m_clg_off = 2.970000e+00
m_nbias_off = 6.380310e-10
m_isup_off_ua = 1.077833e-04
m_iref_off_ua = 2.398234e-06
m_iloop_off_ua = 6.899332e-06
m_iq_off_ua = 1.101815e-04
Doing analysis at TEMP = -40.000000 and TNOM = 27.000000

Using SPARSE 1.3 as Direct Linear Solver

No. of Data Rows : 1
m_ileak_vin_vout_ua = 4.274184e-05
Doing analysis at TEMP = -40.000000 and TNOM = 27.000000

Using SPARSE 1.3 as Direct Linear Solver

Initial Transient Solution
--------------------------

Node                                   Voltage
----                                   -------
vin                                       2.97
en                                           0
vout                               1.53858e-09
pg                                        2.97
xdut.fb                            1.02572e-09
xdut.vref                                  1.2
xdut.xerramp.nbias                 6.38031e-10
xdut.xerramp.xrbias.11             1.13118e-09
xdut.xerramp.xrbias.21             3.65128e-06
xdut.xerramp.rbt                   3.65177e-06
xdut.xerramp.tail                     0.666412
xdut.xerramp.nd                           2.97
xdut.xerramp.n1                           2.97
xdut.xerramp.nz                           2.97
xdut.xerramp.xrz.11                       2.97
xdut.xerramp.xrz.21                       2.97
eout                                      2.97
xdut.bg                                   2.97
xdut.xerramp.nrza                         2.97
xdut.xerramp.xrza.11                      2.97
xdut.xerramp.xrza.21                      2.97
xdut.xerramp.nf                           2.97
xdut.xerramp.nbp                          2.97
xdut.xerramp.xrbufb.11                    2.97
xdut.xerramp.xrbufb.21                    2.97
xdut.xerramp.enb                          2.97
xdut.xilimit.isns                   1.7552e-09
xdut.xilimit.xrsns.11              1.54365e-09
xdut.xilimit.xrsns.21              1.75013e-09
xdut.xilimit.pb                        2.51489
xdut.xilimit.vth                   4.05309e-07
xdut.xilimit.xrref.11              1.70755e-09
xdut.xilimit.xrref.21               4.0514e-07
xdut.xilimit.bt                            1.2
xdut.xilimit.bb                            1.2
xdut.xilimit.xrbias.11                     1.2
xdut.xilimit.xrbias.21                     1.2
xdut.xilimit.cn                       0.323242
xdut.xilimit.tail                      1.11829
xdut.xilimit.co                    5.59816e-10
xdut.xilimit.xrtail.11                 1.11829
xdut.xilimit.xrtail.21                 1.11829
xdut.xilimit.tailp                     1.11829
xdut.xilimit.enb                          2.97
xdut.xilimit.clg                          2.97
xdut.xilimit.xrl2.11                      2.97
xdut.xilimit.xrl2.21                      2.97
xdut.xsoftstart.bt                         1.2
xdut.xsoftstart.bb                         1.2
xdut.xsoftstart.xrss_bias.11               1.2
xdut.xsoftstart.xrss_bias.21               1.2
xdut.xsoftstart.ssr                9.99801e-09
xdut.xsoftstart.enb                       2.97
xdut.xsoftstart.tailp                  1.11842
xdut.xsoftstart.tail                   1.11841
xdut.xsoftstart.xrtail_ss.11           1.11841
xdut.xsoftstart.xrtail_ss.21           1.11842
xdut.xsoftstart.cn                    0.323349
xdut.xsoftstart.co                    0.323347
xdut.xsoftstart.lp                 2.21708e-05
xdut.xsoftstart.clg                6.09615e-10
xdut.xsoftstart.xrl2_ss.11          7.4975e-10
xdut.xsoftstart.xrl2_ss.21         2.21706e-05
n_esr                              1.53858e-09
ln                                           0
vf                                           0
v.xdut.xsoftstart.vbsense_ss#branch     1.19911e-12
v.xdut.xilimit.vbsense#branch      1.19912e-12
vforce#branch                      1.53858e-18
vlmeas#branch                      4.27383e-11
vloop#branch                       6.87823e-12
v.xdut.vref1#branch               -2.39823e-12
ven#branch                                   0
vin#branch                        -1.07848e-10

 Reference value :  5.74174e-04 Reference value :  1.37717e-03 Reference value :  2.15617e-03 Reference value :  2.96617e-03 Reference value :  3.78817e-03 Reference value :  4.55717e-03 Reference value :  5.35517e-03 Reference value :  6.12617e-03 Reference value :  6.92717e-03 Reference value :  7.70617e-03 Reference value :  8.40534e-03
No. of Data Rows : 9065
m_t_startup         =  4.11783e-03 targ=  4.21830e-03 trig=  1.00471e-04
m_vout_settled      =  1.79947e+00
m_vout_max_en       =  1.81011e+00 at=  4.31817e-03
m_vout_min_reg      =  1.79947e+00 at=  7.21517e-03
m_isup_peak_ma      =  5.07187e+01 at=  4.31517e-03
m_clg_min_reg       =  2.97000e+00 at=  7.04417e-03
m_isup_peak_reg_ma  =  4.99965e+01 at=  7.01117e-03
m_vout_pp_late      =  6.14264e-10 from=  7.50000e-03 to=  7.90000e-03
m_vout_off_tran     =  2.10824e-09
m_vout_max_off      =  1.73235e-06 at=  8.50034e-03
m_pg_off_tran       =  2.97000e+00
Note: Simulation executed from .control section 
