
Note: Compatibility modes selected: hs a


Circuit: * psrr-vs-freq @ ff_27c_3.30v -- generated by sim/harness, do not edit

Doing analysis at TEMP = 27.000000 and TNOM = 27.000000

Using SPARSE 1.3 as Direct Linear Solver
 Reference value :  0.00000e+00
No. of Data Rows : 1
Doing analysis at TEMP = 27.000000 and TNOM = 27.000000

Using SPARSE 1.3 as Direct Linear Solver

No. of Data Rows : 121
vout_1k             =  -7.34219e+01
t8_i1k              =  7.36840e-12
m_iinj_settled_na = 2.1590943552e-03
m_t8_na_per_v = 7.3683980000e-03
m_psrr_1k_db = 7.3421870000e+01
m_ssr_settled_v = 2.1669078953e+00
m_vin_minus_ssr_v = 1.1330921047e+00
m_dc_vout_v = 1.7993020084e+00
Note: Simulation executed from .control section 

Warning: m=xx on .subckt line will override multiplier m hierarchy!

Note: Starting dynamic gmin stepping
Note: Dynamic gmin stepping completed
Note: Starting dynamic gmin stepping
Note: Dynamic gmin stepping completed
